00  47  4E  00  00  2E  79  02  00  00  00  00  00  00  00  28  01  6D  15  14  00  02  01  00  00  
03  04  03  00  00  00  00  00  00  00  00  00  00  00  00  00  6D  16  10  00  03  00  00  00  E3  
07  02  19  12  29  17  00  35  02  00  00  6D  21  1C  00  03  00  00  00  AB  FF  FF  FF  04  00  
00  00  CE  FF  FF  FF  FA  FF  FF  FF  F0  FF  FF  FF  36  00  00  00  6D  22  10  00  03  00  00  
00  40  FE  FF  FF  24  02  00  00  C4  06  00  00  6D  23  14  00  03  00  00  00  E3  8C  AE  76  
B3  FD  0E  F5  25  E5  C8  B0  60  DF  81  60  0A  6D  91  23  06  98  20  C0  80  00  00  00  00  
00  00  00  00  00  00  00  00  00  00  00  00  00  00  00  00  00  00  00  00  00  00  00  00  00  
00  00  00  00  6D  C5  02  04  D8  30  C0  80  00  92  E5  03  0C  58  B3  EE  FF  0F  04  05  02  
8C  19  7B  20  C0  AF  66  83  00  3A  37  C1  FA  ED  60  07  01  6B  92  44  19  B0  60  80  00  
00  D6  C1  0B  01  53  2F  58  D6  6F  80  00  00  00  87  EC  69  6A  AE  18  60  C0  00  FE  FD  
FF  FF  01  01  03  0C  98  13  08  58  74  5C  20  C0  80  00  28  01  B5  AA  88  0C  30  40  80  
00  00  03  04  0D  03  0C  18  60  C0  00  00  00  00  00  00  00  00  00  6D  59  82  08  D8  60  
C0  00  00  E3  1D  12  28  48  B1  45  92  00  6D  0D  03  0C  58  53  64  87  00  03  00  00  00  
33  00  00  00  87  00  00  00  6D  01  03  0C  98  7F  FF  FF  01  01  03  0C  D8  0D  30  60  80  
6D  89  83  08  D8  60  C0  00  00  3E  F9  FD  FF  25  09  02  0C  98  2B  30  C0  80  6D  8D  A2  
0C  D8  60  C0  00  00  9E  21  83  65  9A  F2  C7  58  FD  5F  07  0D  9B  6E  6E  9A  61  9B  24  
24  00  02  01  03  0C  18  60  C0  00  00  00  00  00  00  00  00  00  00  00  00  00  00  00  00  
00  00  00  00  00  00  00  00  00  00  00  00  00  00  6D  C5  02  04  D8  30  C0  80  00  A1  C9  
03  0C  D8  AD  BC  FF  DB  37  05  02  2C  CB  EB  10  60  38  33  0E  18  69  3D  9C  ED  60  07  
01  6B  92  44  19  B0  60  C0  C0  80  A7  78  0C  00  10  0A  CD  7B  01  00  00  00  00  F0  FB  
1A  8D  05  00  00  00  03  00  00  00  01  00  00  00  FB  FF  FF  FF  6D  33  10  00  03  00  00  
00  E3  07  02  19  12  29  24  00  01  00  12  00  6D  34  14  00  03  00  00  00  4A  3C  03  00  
02  1E  FF  FF  02  3B  04  00  65  D4  07  00  6D  35  0C  00  03  00  00  00  29  8D  01  00  28  
12  07  00  41  53  BB  92  47  4E  00  00  62  7E  02  00  01  16  01  60  00  00  28  01  6D  15  
14  00  02  01  00  00  03  04  03  00  00  00  00  00  00  00  00  00  00  00  00  00  6D  16  10  
00  03  00  00  00  E3  07  02  19  12  29  24  00  77  03  00  00  6D  21  1C  00  03  00  00  00  
90  00  00  00  63  FF  FF  FF  52  00  00  00  FA  FF  FF  FF  04  00  00  00  35  00  00  00  6D  
22  10  00  03  00  00  00  3E  FE  FF  FF  25  02  00  00  B6  06  00  00  6D  23  14  00  03  00  
00  00  73  49  B0  76  96  F5  0C  FD  6C  2A  07  03  8C  A9  4B  0A  6D  24  24  00  02  00  00  
00  00  00  00  00  00  00  00  00  00  00  00  00  00  00  00  00  00  00  00  00  00  00  00  00  
00  00  00  00  35  0C  00  03  00  00  00  2A  8D  01  00  DD  11  07  00  41  53  DA  EF  47  4E  
00  00  63  7E  02  00  2A  00  00  00  00  00  28  01  6D  15  14  00  02  01  00  00  03  04  03  
00  00  00  00  00  00  00  00  00  00  00  00  00  6D  16  10  00  03  00  00  00  E3  07  02  19  
12  29  24  00  81  03  00  00  6D  21  1C  00  03  00  00  00  D8  FE  FF  FF  75  01  00  00  70  
FF  FF  FF  0E  00  00  00  03  00  00  00  4C  00  00  00  6D  22  10  00  03  00  00  00  3E  FE  
FF  FF  25  02  00  00  B6  06  00  00  6D  23  14  00  03  00  00  00  89  48  B0  76  98  6C  0C  
FD  C9  B2  07  03  B1  64  4B  0A  6D  24  24  00  02  00  00  00  00  00  00  00  00  00  00  00  
00  00  00  00  00  00  00  00  00  00  00  00  00  00  00  00  00  00  00  00  00  00  00  00  00  
6D  31  20  00  03  00  00  00  29  EB  FF  FF  57  22  00  00  FE  D4  00  00  F8  28  08  00  B4  
85  06  00  B6  8A  70  FF  19  61  07  00  6D  32  24  00  03  00  00  00  4E  78  0C  00  10  0A  
CD  7B  01  00  00  00  F0  FB  1A  8D  05  00  00  00  03  00  00  00  01  00  00  00  FB  FF  FF  
FF  6D  33  10  00  03  00  00  00  E3  07  02  19  12  29  24  00  01  00  12  00  6D  34  14  00  
03  00  00  00  1D  48  03  00  52  29  FF  FF  55  2F  04  00  3C  49  07  00  6D  35  0C  00  03  
00  00  00  27  8D  01  00  28  12  07  00  41  53  E7  23  47  4E  00  00  64  7E  02  00  10  05  
00  00  00  00  28  01  6D  15  14  00  02  01  00  00  03  04  03  00  00  00  00  00  00  00  00  
00  00  00  00  00  6D  16  10  00  03  00  00  00  E3  07  02  19  12  29  24  00  8B  03  00  00  
6D  21  1C  00  03  00  00  00  3F  01  00  00  99  FF  FF  FF  0E  00  00  00  06  00  00  00  00  
00  00  00  41  00  00  00  6D  22  10  00  03  00  00  0A  CD  7B  01  00  00  00  F0  FB  1A  8D  
05  00  00  00  03  00  00  00  01  00  00  00  FB  FF  FF  FF  6D  33  10  00  03  00  00  00  E3  
07  02  19  12  29  24  00  01  00  12  00  6D  34  14  00  03  00  00  00  10  5F  03  00  3B  1E  
FF  FF  20  3B  04  00  7A  92  07  00  6D  35  0C  00  03  00  00  00  29  8D  01  00  28  12  07  
00  41  53  BA  AE  47  4E  00  00  65  7E  02  00  00  00  00  00  00  00  28  01  6D  15  14  00  
02  01  00  00  03  04  03  00  00  00  00  00  00  00  00  00  00  00  00  00  6D  16  10  00  03  
00  00  00  E3  07  02  19  12  29  24  00  95  03  00  00  6D  21  1C  00  03  00  00  00  A8  02  
00  00  72  FF  FF  FF  27  00  00  00  EF  FF  FF  FF  0B  00  00  00  2D  00  00  00  6D  22  10  
00  03  00  00  00  3F  FE  FF  FF  25  02  00  00  B6  06  00  00  6D  23  14  00  03  00  00  00  
62  54  B0  76  78  EA  0D  FD  18  7B  07  03  D6  59  4B  0A  6D  24  24  00  02  00  00  00  00  
00  00  00  00  00  00  00  00  00  00  00  00  00  00  00  00  00  00  00  00  00  00  00  00  00  
00  00  00  00  00  00  6D  31  20  00  03  00  00  00  99  68  01  00  F3  58  FF  FF  D8  1C  01  
00  27  B0  07  00  A2  A3  06  00  49  14  70  FF  21  61  07  00  6D  32  24  00  03  00  00  00  
4E  78  0C  00  10  0A  CD  7B  01  00  00  00  F0  FB  1A  8D  05  00  00  00  03  00  00  00  01  
00  00  00  FB  FF  FF  FF  6D  33  10  00  03  00  00  00  E3  07  02  19  12  29  24  00  01  00  
12  00  6D  00  34  14  00  03  00  00  00  30  5F  03  00  89  29  FF  FF  20  3B  04  00  A8  B4  
07  00  6D  35  0C  00  03  00  00  00  21  8D  01  00  DD  11  07  00  41  53  76  85  47  4E  00  
00  66  7E  02  00  00  00  00  00  00  00  28  01  6D  15  14  00  02  01  00  00  03  04  03  00  
00  00  00  00  00  00  00  00  00  00  00  00  6D  16  10  00  03  00  00  00  E3  07  02  19  12  
29  24  00  9F  03  00  00  6D  21  1C  00  03  00  00  00  E5  FE  FF  FF  F5  FF  FF  FF  05  FF  
FF  FF  EE  FF  FF  FF  02  00  00  00  68  00  00  00  6D  22  10  00  03  00  00  00  3F  FE  FF  
FF  25  02  00  00  B6  06  00  00  6D  23  14  00  03  00  00  00  0B  5B  B0  76  4F  72  0D  FD  
D3  6C  07  03  D8  EE  4A  0A  6D  24  24  00  02  00  00  00  00  00  00  00  00  00  00  00  00  
00  00  00  00  00  00  00  00  00  00  00  00  00  00  00  00  00  00  00  00  00  00  00  6D  31  
20  00  03  00  00  00  9D  F0  FF  FF  FB  8B  FF  FF  9B  AB  00  00  49  AC  07  00  0A  80  06  
00  F7  F7  70  FF  5B  62  07  00  6D  01  00  28  12  07  00  41  53  98  64  47  4E  00  00  67  
7E  02  00  00  00  00  00  00  00  28  01  6D  15  14  00  02  01  00  00  03  04  03  00  00  00  
00  00  00  00  00  00  00  00  00  00  6D  16  10  00  03  00  00  00  E3  07  02  19  12  29  24  
00  A9  03  00  00  6D  21  1C  00  03  00  00  00  8D  01  00  00  12  00  00  00  A0  00  00  00  
F3  FF  FF  FF  16  00  00  00  33  00  00  00  6D  22  10  00  03  00  00  00  3F  FE  FF  FF  25  
02  00  00  B6  06  00  00  6D  23  14  00  03  00  00  00  25  5A  B0  76  8D  05  0E  FD  09  84  
07  03  89  1C  4B  0A  6D  24  24  00  02  00  00  00  00  00  00  00  00  00  00  00  00  00  00  
00  00  00  00  00  00  00  00  00  00  00  00  00  00  00  00  00  00  00  00  00  6D  31  20  00  
03  00  00  00  4F  FA  00  00  10  97  FF  FF  24  4C  01  00  0F  C0  07  00  75  CD  06  00  74  
2B  70  FF  82  61  07  00  6D  32  24  00  03  00  00  00  4E  78  0C  00  10  0A  CD  7B  01  00  
00  00  F0  FB  1A  8D  05  00  00  00  03  00  00  00  01  00  00  00  FB  FF  FF  FF  6D  33  10  
00  03  00  00  00  E3  07  02  19  12  29  24  00  01  00  12  00  6D  34  14  00  03  00  00  00  
3E  38  03  00  7A  29  FF  FF  26  5E  04  00  00  40  EF  07  00  6D  35  0C  00  03  00  00  00  
23  8D  01  00  28  12  07  00  41  53  33  1A  47  4E  00  00  68  7E  02  00  00  04  00  00  00  
00  28  01  6D  15  14  00  02  01  00  00  03  04  03  00  00  00  00  00  00  00  00  00  00  00  
00  00  6D  16  10  00  03  00  00  00  E3  07  02  19  12  29  24  00  B3  03  00  00  6D  21  1C  
00  03  00  00  00  95  FE  FF  FF  94  00  00  00  7D  FF  FF  FF  F4  FF  FF  FF  F9  FF  FF  FF  
3B  00  00  00  6D  22  10  00  03  00  00  00  3F  FE  FF  FF  25  02  00  00  B6  06  00  00  6D  
23  14  00  03  00  00  00  67  5A  B0  76  C2  69  0D  FD  AA  B1  07  03  88  DF  4A  0A  6D  24  
24  00  02  00  00  00  00  00  00  00  00  00  00  00  00  00  00  00  00  00  00  00  00  00  00  
00  00  00  00  00  00  00  00  00  00  00  00  00  6D  31  20  00  03  00  00  00  34  D1  FF  FF  
13  CA  FF  FF  A1  DA  00  00  D9  C2  07  00  72  5B  06  00  73  47  70  FF  12  61  07  00  6D  
32  24  00  03  00  00  00  4E  78  0C  00  10  0A  CD  7B  01  00  00  00  00  6D  34  14  00  03  
00  00  00  CD  4F  03  00  89  4B  FF  FF  3A  5E  04  00  8C  0C  08  00  6D  35  0C  00  03  00  
00  00  22  8D  01  00  28  12  07  00  41  53  B3  B1  47  4E  00  00  69  7E  02  00  BD  BF  21  
00  00  00  28  01  6D  15  14  00  02  01  00  00  03  04  03  00  00  00  00  00  00  00  00  00  
00  00  00  00  6D  16  10  00  03  00  00  00  E3  07  02  19  12  29  24  00  BD  03  00  00  6D  
21  1C  00  03  00  00  00  C9  FE  FF  FF  F6  FF  FF  FF  53  00  00  00  EA  FF  FF  FF  1E  00  
00  00  39  00  00  00  6D  22  10  00  03  00  00  00  3E  FE  FF  FF  25  02  00  00  B6  06  00  
00  6D  23  14  00  03  00  00  00  86  55  B0  76  67  E9  0C  FD  BE  A4  07  03  D7  F6  4A  0A  
6D  24  24  00  02  00  00  00  00  00  00  00  00  00  00  00  00  00  00  00  00  00  00  00  00  
00  00  00  00  00  00  00  00  00  00  00  00  00  00  00  6D  31  20  00  03  00  00  00  79  E5  
FF  FF  15  8C  FF  FF  39  2E  01  00  B8  9C  07  00  27  F0  06  00  AC  42  70  FF  CD  61  07  
00  6D  32  24  00  03  00  00  00  4E  78  0C  00  10  0A  CD  7B  01  00  00  00  F0  FB  1A  8D  
05  00  00  00  03  00  00  00  01  00  00  00  FB  FF  FF  FF  6D  33  10  00  03  00  00  00  00  
E3  07  02  19  12  29  24  00  01  00  12  00  6D  34  14  00  03  00  00  00  86  5F  03  00  A3  
5A  FF  FF  8F  52  04  00  50  16  08  00  6D  35  0C  00  03  00  00  00  29  8D  01  00  8C  12  
07  00  41  53  6A  32  47  4E  00  00  6A  7E  02  00  CE  20  00  00  00  00  28  01  6D  15  14  
00  02  01  00  00  03  04  03  00  00  00  00  00  00  00  00  00  00  00  00  00  6D  16  10  00  
03  00  00  00  E3  07  02  19  12  29  24  00  C7  03  00  00  6D  21  1C  00  03  00  00  00  83  
FF  FF  FF  46  00  00  00  CA  00  00  00  14  00  00  00  F6  FF  FF  FF  6B  00  00  00  6D  22  
10  00  03  00  00  00  3E  FE  FF  FF  25  02  00  00  B6  06  00  00  6D  23  14  00  03  00  00  
00  C2  4D  B0  76  64  AF  0C  FD  C0  BE  07  03  17  38  4B  0A  6D  24  24  00  02  00  00  00  
00  00  00  00  00  00  00  00  00  00  00  00  00  00  00  00  00  00  00  00  00  00  00  00  00  
00  00  00  00  00  00  00  6D  31  20  00  03  00  00  00  61  2E  00  00  5F  AB  FF  FF  CC  5C  
01  00  CB  05  00  00  00  FF  FF  FF  FF  03  00  00  00  FA  FF  FF  FF  6D  33  10  00  03  00  
00  00  E3  07  02  19  12  29  24  00  01  00  12  00  6D  34  14  00  03  00  00  00  21  77  03  
00  E3  65  FF  FF  7D  2F  04  00  50  16  08  00  6D  35  0C  00  03  00  00  00  24  8D  01  00  
8C  12  07  00  41  53  34  02  47  4E  00  00  6B  7E  02  00  00  00  00  00  00  00  28  01  6D  
15  14  00  02  01  00  00  03  04  03  00  00  00  00  00  00  00  00  00  00  00  00  00  00  6D  
16  10  00  03  00  00  00  E3  07  02  19  12  29  24  00  D1  03  00  00  6D  21  1C  00  03  00  
00  00  FD  FF  FF  FF  4A  FF  FF  FF  0E  00  00  00  E3  FF  FF  FF  FD  FF  FF  FF  29  00  00  
00  6D  22  10  00  03  00  00  00  00  3E  FE  FF  FF  25  02  00  00  B6  06  00  00  6D  23  14  
00  03  00  00  00  E1  4F  B0  76  19  AC  0C  FD  38  78  07  03  71  33  4B  0A  6D  24  24  00  
02  00  00  00  00  00  00  00  00  00  00  00  00  00  00  00  00  00  00  00  00  00  00  00  00  
00  00  00  00  00  00  00  00  00  00  00  00  6D  31  20  00  03  00  00  00  31  5E  00  00  C9  
48  FF  FF  CC  13  01  00  C9  81  07  00  2B  70  06  00  16  04  70  FF  28  61  07  00  6D  32  
24  00  03  00  00  00  B6  79  00  0C  00  10  0A  CD  7B  01  00  00  00  12  FC  1A  8D  05  00  
00  00  FF  FF  FF  FF  03  00  00  00  FA  FF  FF  FF  6D  33  10  00  03  00  00  00  E3  07  02  
19  12  29  24  00  01  00  12  00  6D  34  14  00  03  00  00  00  1D  48  03  00  52  29  FF  FF  
55  2F  04  00  36  47  4E  00  00  6C  7E  02  00  00  00  00  00  00  00  28  01  6D  15  14  00  
02  01  00  00  03  04  03  00  00  00  00  00  00  00  00  00  00  00  00  00  6D  16  10  00  03  
00  00  00  E3  07  02  19  12  29  24  00  DB  03  00  00  6D  21  1C  00  03  00  00  00  9F  FF  
FF  FF  7B  00  00  00  A2  FF  FF  FF  05  00  00  00  00  00  00  00  42  00  00  00  6D  22  10  
00  03  00  00  00  3E  FE  FF  FF  25  02  00  00  B6  06  00  00  6D  23  14  00  03  00  00  00  
A1  51  B0  76  FC  78  0C  FD  B9  A3  07  03  CB  03  4B  0A  6D  24  24  00  02  00  00  00  00  
00  00  00  00  00  00  00  00  00  00  00  00  00  00  00  00  00  00  00  00  00  00  00  00  00  
00  00  00  00  00  00  6D  31  20  00  03  00  00  00  5E  39  00  00  17  C0  FF  FF  B8  E9  00  
00  D7  05  08  00  92  79  06  00  B1  65  70  FF  F3  61  07  00  6D  32  24  00  03  00  00  00  
B6  79  0C  00  10  0A  CD  7B  01  00  00  00  12  FC  1A  8D  05  00  00  00  FF  FF  FF  FF  03  
00  00  00  FA  FF  FF  FF  6D  33  10  00  03  00  00  00  E3  07  02  19  12  29  24  00  01  00  
12  00  6D  34  14  00  03  00  00  00  15  3C  03  00  22  1E  FF  FF  72  52  04  00  C8  02  08  
00  6D  35  0C  00  03  00  00  00  26  8D  01  00  F6  11  07  00  41  53  41  8B  47  4E  00  00  
6D  7E  02  00  00  00  00  00  00  00  28  01  6D  15  14  00  02  01  00  00  03  04  03  00  00  
00  00  00  00  00  00  00  00  00  00  00  6D  16  10  00  03  00  00  00  00  E3  07  02  19  12  
29  24  00  E5  03  00  00  6D  21  1C  00  03  00  00  00  6C  FE  FF  FF  2E  FF  FF  FF  1D  00  
00  00  F9  FF  FF  FF  0C  00  00  00  4D  00  00  00  6D  22  10  00  03  00  00  00  3E  FE  FF  
FF  25  02  00  00  B6  00  06  00  00  6D  23  14  00  03  00  00  00  AC  4F  B0  76  83  DA  0B  
FD  19  45  07  03  C5  08  4B  0A  6D  24  24  00  02  00  00  00  00  00  00  00  00  00  00  00  
00  00  00  00  00  00  00  00  00  00  00  00  00  00  00  00  00  00  00  00  00  00  00  00  00  
6D  31  20  00  03  00  00  00  91  C1  FF  FF  FF  3D  FF  FF  E0  19  01  00  75  D7  07  00  00  
AB  06  00  86  91  70  FF  84  60  07  00  6D  32  24  00  03  00  00  00  B6  79  0C  00  10  0A  
CD  7B  01  00  00  00  12  00  FC  1A  8D  05  00  00  00  FF  FF  FF  FF  03  00  00  00  FA  FF  
FF  FF  6D  33  10  00  03  00  00  00  E3  07  02  19  12  29  24  00  01  00  12  00  6D  34  14  
00  03  00  00  00  4D  38  03  00  A5  25  FF  FF  6F  52  04  00  CF  EC  07  00  6D  35  0C  00  
03  00  00  B0  47  4E  00  00  6E  7E  02  00  00  00  00  00  00  00  28  01  6D  15  14  00  02  
01  00  00  03  04  03  00  00  00  00  00  00  00  00  00  00  00  00  00  6D  16  10  00  03  00  
00  00  E3  07  02  19  12  29  25  00  07  00  00  00  6D  21  1C  00  03  00  00  00  C2  02  00  
00  C3  FF  FF  FF  31  00  00  00  F5  FF  FF  FF  FF  FF  FF  FF  43  00  00  00  6D  22  10  00  
03  00  00  00  3E  FE  FF  FF  25  02  00  00  B6  06  00  00  6D  23  14  00  03  00  00  00  53  
56  B0  76  7B  E6  0C  FD  5D  45  07  03  D5  08  4B  0A  6D  24  24  00  02  00  00  00  00  00  
00  00  00  00  00  00  00  00  00  00  00  00  00  00  00  00  00  00  00  00  00  00  00  00  00  
00  00  00  00  00  6D  31  20  00  03  00  00  00  15  73  01  00  00  78  FF  FF  EB  21  01  00  
12  C5  07  00  37  75  06  00  DC  67  70  FF  C7  60  07  00  6D  32  24  00  03  00  00  00  B6  
79  0C  00  10  0A  CD  7B  01  00  00  00  12  FC  1A  8D  05  00  00  00  FF  FF  FF  FF  03  00  
00  00  FA  FF  FF  FF  6D  33  10  00  03  00  01  00  E3  07  02  19  12  29  24  00  01  00  12  
00  6D  34  14  00  03  00  00  00  00  39  03  00  5D  47  FF  FF  47  2F  04  00  98  8D  07  00  
6D  35  0C  00  03  00  00  00  24  8D  01  00  5A  12  07  00  41  53  E5  54  47  4E  00  00  6F  
7E  02  00  00  00  00  00  00  00  28  01  6D  15  14  00  02  01  00  00  03  04  03  00  00  00  
00  00  00  00  00  00  00  00  00  00  6D  16  10  00  03  00  00  00  00  E3  07  02  19  12  29  
25  00  11  00  00  00  6D  21  1C  00  03  00  00  00  FA  00  00  00  16  FF  FF  FF  84  00  00  
00  15  00  00  00  05  00  00  00  38  00  00  00  6D  22  10  00  03  00  00  00  3F  FE  FF  FF  
25  02  00  00  B6  00  06  00  00  6D  23  14  00  03  00  00  00  80  57  B0  76  F6  47  0D  FD  
C1  F4  06  03  EB  2E  4B  0A  6D  24  24  00  02  00  00  00  00  00  00  00  00  00  00  00  00  
00  00  00  00  00  00  00  00  00  00  00  00  00  00  00  00  00  00  00  00  00  00  00  00  6D  
31  20  00  03  00  00  00  02  C1  00  00  61  34  FF  FF  4B  42  01  00  A3  42  08  00  7C  8C  
06  00  33  3E  70  FF  DC  61  07  00  6D  32  24  00  03  00  00  00  B6  79  0C  00  10  0A  CD  
7B  01  00  00  00  12  00  FC  1A  8D  05  00  00  00  FF  FF  FF  FF  03  00  00  00  FA  FF  FF  
FF  6D  33  10  00  03  00  00  00  E3  07  02  19  12  29  24  00  01  00  12  00  6D  34  14  00  
03  00  00  00  12  67  03  00  D4  47  FF  FF  AD  4E  04  00  8C  0C  08  00  6D  35  0C  00  03  
00  00  B9  47  4E  00  00  70  7E  02  00  00  00  00  00  00  00  28  01  6D  15  14  00  02  01  
00  00  03  04  03  00  00  00  00  00  00  00  00  00  00  00  00  00  6D  16  10  00  03  00  00  
00  E3  07  02  19  12  29  25  00  1B  00  00  00  6D  21  1C  00  03  00  00  00  B7  00  00  00  
F8  FF  FF  FF  0A  00  00  00  17  00  00  00  0D  00  00  00  35  00  00  00  6D  22  10  00  03  
00  00  00  3F  FE  FF  FF  25  02  00  00  B6  06  00  00  6D  23  14  00  03  00  00  00  F0  59  
B0  76  B3  86  0D  FD  85  F9  06  03  61  23  4B  0A  6D  24  24  00  02  00  00  00  00  00  00  
00  00  00  00  00  00  00  00  00  00  00  00  00  00  00  00  00  00  00  00  00  00  00  00  00  
00  00  00  00  6D  31  20  00  03  00  00  00  0F  A7  00  00  68  8C  FF  FF  2B  13  01  00  00  
4C  08  00  EE  AA  06  00  85  32  70  FF  A0  61  07  00  6D  32  24  00  03  00  00  00  B6  79  
0C  00  10  0A  CD  7B  01  00  00  00  12  FC  1A  8D  05  00  00  00  FF  FF  FF  FF  03  00  00  
00  FA  FF  FF  FF  6D  33  10  00  03  00  00  00  E3  07  02  19  12  29  24  00  01  00  12  00  
6D  34  14  00  03  00  00  00  5B  5C  03  00  80  8B  FF  FF  E9  42  04  00  93  F6  07  00  6D  
35  0C  00  03  00  00  00  26  8D  01  00  28  12  07  00  41  53  7B  1E  47  4E  00  00  71  7E  
02  00  00  00  00  00  00  00  28  01  6D  15  14  00  02  01  00  00  03  04  03  00  00  00  00  
00  00  00  00  00  00  00  00  00  6D  16  10  00  03  00  00  00  00  E3  07  02  19  12  29  25  
00  25  00  00  00  6D  21  1C  00  03  00  00  00  D4  FF  FF  FF  F8  FF  FF  FF  E3  FF  FF  FF  
03  00  00  00  FB  FF  FF  FF  5E  00  00  00  6D  22  10  00  03  00  00  00  3F  FE  FF  FF  25  
02  00  00  B6  00  06  00  00  6D  23  14  00  03  00  00  00  8B  5B  B0  76  99  6C  0D  FD  CB  
F6  06  03  2A  0A  4B  0A  6D  24  24  00  02  00  00  00  00  00  00  00  00  00  00  00  00  00  
00  00  00  00  00  00  00  00  00  00  00  00  00  00  00  00  00  00  00  00  00  00  00  6D  31  
20  00  03  00  00  00  40  4E  00  00  37  8C  FF  FF  EC  03  01  00  1F  FC  07  00  9A  64  06  
00  CF  D2  70  FF  CD  61  07  00  6D  32  24  00  03  00  00  00  B6  79  0C  00  10  0A  CD  7B  
01  00  00  00  12  00  FC  1A  8D  05  00  00  00  FF  FF  FF  FF  03  00  00  00  FA  FF  FF  FF  
6D  33  10  00  03  00  00  00  E3  07  02  19  12  29  24  00  01  00  12  00  6D  34  14  00  03  
00  00  00  77  58  03  00  49  8F  FF  FF  B7  4A  04  00  04  F9  07  00  6D  35  0C  00  03  00  
00  A8  47  4E  00  00  72  7E  02  00  00  00  00  00  00  00  28  01  6D  15  14  00  02  01  00  
00  03  04  03  00  00  00  00  00  00  00  00  00  00  00  00  00  6D  16  10  00  03  00  00  00  
E3  07  02  19  12  29  25  00  2F  00  00  00  6D  21  1C  00  03  00  00  00  BB  FF  FF  FF  D0  
FF  FF  FF  6B  FF  FF  FF  01  00  00  00  FF  FF  FF  FF  63  00  00  00  6D  22  10  00  03  00  
00  00  3F  FE  FF  FF  25  02  00  00  B6  06  00  00  6D  23  14  00  03  00  00  00  54  61  B0  
76  FC  48  0D  FD  4C  E2  06  03  4C  C3  4A  0A  6D  24  24  00  02  00  00  00  00  00  00  00  
00  00  00  00  00  00  00  00  00  00  00  00  00  00  00  00  00  00  00  00  00  00  00  00  00  
00  00  00  6D  31  20  00  03  00  00  00  6C  44  00  00  74  7C  FF  FF  15  D5  00  00  0E  F3  
07  00  47  75  06  00  3D  E5  70  FF  ED  60  07  00  6D  32  24  00  03  00  00  00  B6  79  0C  
00  10  0A  CD  7B  01  00  00  00  12  FC  1A  8D  05  00  00  00  FF  FF  FF  FF  03  00  00  00  
FA  FF  FF  FF  6D  33  10  00  03  00  00  00  E3  07  02  19  12  29  24  00  01  00  12  00  6D  
34  14  00  03  00  00  00  84  57  03  00  F9  56  FF  FF  E3  6D  04  00  50  16  08  00  6D  35  
0C  00  03  00  00  00  24  8D  01  00  41  12  07  00  41  53  7A  27  47  4E  00  00  73  7E  02  
00  00  00  00  00  00  00  28  01  6D  15  14  00  02  01  00  00  03  04  03  00  00  00  00  00  
00  00  00  00  00  00  00  00  6D  16  10  00  03  00  00  00  00  E3  07  02  19  12  29  25  00  
39  00  00  00  6D  21  1C  00  03  00  00  00  52  FD  FF  FF  62  00  00  00  95  FF  FF  FF  0E  
00  00  00  12  00  00  00  4C  00  00  00  6D  22  10  00  03  00  00  00  3E  FE  FF  FF  25  02  
00  00  B5  00  06  00  00  6D  23  14  00  03  00  00  00  53  5E  B0  76  D1  30  0C  FD  9F  F2  
06  03  D1  90  4A  0A  6D  24  24  00  02  00  00  00  00  00  00  00  00  00  00  00  00  00  00  
00  00  00  00  00  00  00  00  00  00  00  00  00  00  00  00  00  00  00  00  00  00  6D  31  20  
00  03  00  00  00  7B  53  FF  FF  2D  B5  FF  FF  B7  E5  00  00  68  28  08  00  F9  C1  06  00  
B6  8A  70  FF  E4  61  07  00  6D  32  24  00  03  00  00  00  B6  79  0C  00  10  0A  CD  7B  01  
00  00  00  12  00  FC  1A  8D  05  00  00  00  FF  FF  FF  FF  03  00  00  00  FA  FF  FF  FF  6D  
33  10  00  03  00  00  00  E3  07  02  19  12  29  24  00  01  00  12  00  6D  34  14  00  03  00  
00  00  F2  47  03  00  41  1A  FF  FF  56  2F  04  00  7C  E5  07  00  6D  35  0C  00  03  00  00  
10  47  4E  00  00  74  7E  02  00  00  00  00  00  00  00  28  01  6D  15  14  00  02  01  00  00  
03  04  03  00  00  00  00  00  00  00  00  00  00  00  00  00  6D  16  10  00  03  00  00  00  E3  
07  02  19  12  29  25  00  43  00  00  00  6D  21  1C  00  03  00  00  00  82  00  00  00  71  00  
00  00  EE  FF  FF  FF  F8  FF  FF  FF  0C  00  00  00  35  00  00  00  6D  22  10  00  03  00  00  
00  3E  FE  FF  FF  25  02  00  00  B5  06  00  00  6D  23  14  00  03  00  00  00  31  60  B0  76  
97  55  0C  FD  82  25  07  03  DE  76  4A  0A  6D  24  24  00  02  00  00  00  00  00  00  00  00  
00  00  00  00  00  00  00  00  00  00  00  00  00  00  00  00  00  00  00  00  00  00  00  00  00  
00  00  6D  31  20  00  03  00  00  00  57  92  00  00  F4  BA  FF  FF  B2  08  01  00  C6  D0  07  
00  82  A8  06  00  69  32  70  FF  DE  60  07  00  6D  32  24  00  03  00  00  00  0A  7B  0C  00  
10  0A  CD  7B  01  00  00  00  12  FC  1A  8D  05  00  00  00  01  00  00  00  FA  FF  FF  FF  FA  
FF  FF  FF  6D  33  10  00  03  00  00  00  E3  07  02  19  12  29  25  00  01  00  12  00  6D  34  
14  00  03  00  00  00  96  38  03  00  44  29  FF  FF  16  37  04  00  4E  C3  07  00  6D  35  0C  
00  03  00  00  00  25  8D  01  00  73  12  07  00  41  53  0C  CC  47  4E  00  00  75  7E  02  00  
00  00  00  00  00  00  28  01  6D  15  14  00  02  01  00  00  03  04  03  00  00  00  00  00  00  
00  00  00  00  00  00  00  6D  16  10  00  03  00  00  00  00  E3  07  02  19  12  29  25  00  4D  
00  00  00  6D  21  1C  00  03  00  00  00  34  FF  FF  FF  DB  00  00  00  BA  FF  FF  FF  FA  FF  
FF  FF  08  00  00  00  4F  00  00  00  6D  22  10  00  03  00  00  00  3E  FE  FF  FF  25  02  00  
00  B5  00  06  00  00  6D  23  14  00  03  00  00  00  99  5F  B0  76  95  F3  0B  FD  1B  75  07  
03  2E  4A  4A  0A  6D  24  24  00  02  00  00  00  00  00  00  00  00  00  00  00  00  00  00  00  
00  00  00  00  00  00  00  00  00  00  00  00  00  00  00  00  00  00  00  00  00  6D  31  20  00  
03  00  00  00  B1  0F  00  00  30  E4  FF  FF  53  F4  00  00  9C  D9  07  00  D2  9C  06  00  94  
98  70  FF  F4  60  07  00  6D  32  24  00  03  00  00  00  0A  7B  0C  00  10  0A  CD  7B  01  00  
00  00  12  00  FC  1A  8D  05  00  00  00  01  00  00  00  FA  FF  FF  FF  FA  FF  FF  FF  6D  33  
10  00  03  00  00  00  E3  07  02  19  12  29  25  00  01  00  12  00  6D  34  14  00  03  00  00  
00  4E  29  03  00  07  3C  FF  FF  F0  3A  04  00  55  AD  07  00  6D  35  0C  00  03  00  00  CB  
47  4E  00  00  76  7E  02  00  00  00  00  00  00  00  28  01  6D  15  14  00  02  01  00  00  03  
04  03  00  00  00  00  00  00  00  00  00  00  00  00  00  6D  16  10  00  03  00  00  00  E3  07  
02  19  12  29  25  00  57  00  00  00  6D  21  1C  00  03  00  00  00  C4  01  00  00  C5  FF  FF  
FF  32  FF  FF  FF  FC  FF  FF  FF  02  00  00  00  56  00  00  00  6D  22  10  00  03  00  00  00  
3E  FE  FF  FF  25  02  00  00  B5  06  00  00  6D  23  14  00  03  00  00  00  A7  6C  B0  76  3B  
99  0C  FD  EA  6D  07  03  3E  E5  49  0A  6D  24  24  00  02  00  00  00  00  00  00  00  00  00  
00  00  00  00  00  00  00  00  00  00  00  00  00  00  00  00  00  00  00  00  00  00  00  00  00  
00  6D  31  20  00  03  00  00  00  15  10  01  00  E0  77  FF  FF  19  BF  00  00  5D  E2  07  00  
AE  82  06  00  9C  B4  70  FF  20  62  07  00  6D  32  24  00  03  00  00  00  0A  7B  0C  00  10  
0A  CD  7B  01  00  00  00  12  FC  1A  8D  05  00  00  00  01  00  00  00  FA  FF  FF  FF  FA  FF  
FF  FF  6D  33  10  00  03  00  00  00  E3  07  02  19  12  29  25  00  01  00  12  00  6D  34  14  
00  03  00  00  00  89  29  03  00  44  47  FF  FF  3A  2F  04  00  F4  D1  07  00  6D  35  0C  00  
03  00  00  00  23  8D  01  00  5A  12  07  00  41  53  1E  A0  47  4E  00  00  77  7E  02  00  00  
00  00  00  00  00  28  01  6D  15  14  00  02  01  00  00  03  04  03  00  00  00  00  00  00  00  
00  00  00  00  00  00  6D  16  10  00  03  00  00  00  00  E3  07  02  19  12  29  25  00  61  00  
00  00  6D  21  1C  00  03  00  00  00  3D  01  00  00  E0  FF  FF  FF  4B  00  00  00  F4  FF  FF  
FF  02  00  00  00  17  00  00  00  6D  22  10  00  03  00  00  00  3E  FE  FF  FF  25  02  00  00  
B5  00  06  00  00  6D  23  14  00  03  00  00  00  A0  6E  B0  76  ED  0B  0D  FD  C5  6E  07  03  
1A  EF  49  0A  6D  24  24  00  02  00  00  00  00  00  00  00  00  00  00  00  00  00  00  00  00  
00  00  00  00  00  00  00  00  00  00  00  00  00  00  00  00  00  00  00  00  6D  31  20  00  03  
00  00  00  1F  DB  00  00  3C  82  FF  FF  05  2D  01  00  B5  C0  07  00  C5  82  06  00  88  BE  
6F  FF  CD  61  07  00  6D  32  24  00  03  00  00  00  0A  7B  0C  00  10  0A  CD  7B  01  00  00  
00  12  00  FC  1A  8D  05  00  00  00  01  00  00  00  FA  FF  FF  FF  FA  FF  FF  FF  6D  33  10  
00  03  00  00  00  E3  07  02  19  12  29  25  00  01  00  12  00  6D  34  14  00  03  00  00  00  
70  29  03  00  82  56  FF  FF  76  4E  04  00  50  16  08  00  6D  35  0C  00  03  00  00  A6  47  
4E  00  00  78  7E  02  00  00  00  00  00  00  00  28  01  6D  15  14  00  02  01  00  00  03  04  
03  00  00  00  00  00  00  00  00  00  00  00  00  00  6D  16  10  00  03  00  00  00  E3  07  02  
19  12  29  25  00  6B  00  00  00  6D  21  1C  00  03  00  00  00  E3  FE  FF  FF  D1  FF  FF  FF  
FE  FF  FF  FF  0B  00  00  00  0A  00  00  00  1F  00  00  00  6D  22  10  00  03  00  00  00  3E  
FE  FF  FF  25  02  00  00  B5  06  00  00  6D  23  14  00  03  00  00  00  87  6D  B0  76  66  94  
0C  FD  58  55  07  03  FF  E0  49  0A  6D  24  24  00  02  00  00  00  00  00  00  00  00  00  00  
00  00  00  00  00  00  00  00  00  00  00  00  00  00  00  00  00  00  00  00  00  00  00  00  00  
6D  31  20  00  03  00  00  00  25  F0  FF  FF  79  7C  FF  FF  E5  0E  01  00  6A  1B  08  00  66  
A1  06  00  54  DA  6F  FF  C6  61  07  00  6D  32  24  00  03  00  00  00  0A  7B  0C  00  10  0A  
CD  7B  01  00  00  00  12  FC  1A  8D  05  00  00  00  01  00  00  00  FA  FF  FF  FF  FA  FF  FF  
FF  6D  33  10  00  03  00  00  00  E3  07  02  19  12  29  25  00  01  00  12  00  6D  34  14  00  
03  00  00  00  9B  38  03  00  D8  30  FF  FF  E6  3E  04  00  04  F9  07  00  6D  35  0C  00  03  
00  00  00  23  8D  01  00  DD  11  07  00  41  53  F6  B8  47  4E  00  00  79  7E  02  00  00  00  
00  00  00  00  28  01  6D  15  14  00  02  01  00  00  03  04  03  00  00  00  00  00  00  00  00  
00  00  00  00  00  6D  16  10  00  03  00  00  00  00  E3  07  02  19  12  29  25  00  75  00  00  
00  6D  21  1C  00  03  00  00  00  1A  FF  FF  FF  63  00  00  00  0D  FF  FF  FF  01  00  00  00  
06  00  00  00  33  00  00  00  6D  22  10  00  03  00  00  00  3E  FE  FF  FF  25  02  00  00  B5  
00  06  00  00  6D  23  14  00  03  00  00  00  9F  73  B0  76  1C  2B  0C  FD  14  74  07  03  67  
73  49  0A  6D  24  24  00  02  00  00  00  00  00  00  00  00  00  00  00  00  00  00  00  00  00  
00  00  00  00  00  00  00  00  00  00  00  00  00  00  00  00  00  00  00  6D  31  20  00  03  00  
00  00  C0  05  00  00  5F  B5  FF  FF  A9  B0  00  00  14  F6  07  00  90  93  06  00  82  2B  70  
FF  19  61  07  00  6D  32  24  00  03  00  00  00  0A  7B  0C  00  10  0A  CD  7B  01  00  00  00  
12  00  FC  1A  8D  05  00  00  00  01  00  00  00  FA  FF  FF  FF  FA  FF  FF  FF  6D  33  10  00  
03  00  00  00  E3  07  02  19  12  29  25  00  01  00  12  00  6D  34  14  00  03  00  00  00  DE  
47  03  00  82  16  FF  FF  3D  33  04  00  B8  DB  07  00  6D  35  0C  00  03  00  00  CF  47  4E  
00  00  7A  7E  02  00  00  00  00  00  00  00  28  01  6D  15  14  00  02  01  00  00  03  04  03  
00  00  00  00  00  00  00  00  00  00  00  00  00  6D  16  10  00  03  00  00  00  E3  07  02  19  
12  29  25  00  7F  00  00  00  6D  21  1C  00  03  00  00  00  74  01  00  00  76  FF  FF  FF  76  
FF  FF  FF  FF  FF  FF  FF  06  00  00  00  59  00  00  00  6D  22  10  00  03  00  00  00  3E  FE  
FF  FF  25  02  00  00  B5  06  00  00  6D  23  14  00  03  00  00  00  5F  7E  B0  76  C1  B4  0C  
FD  F2  4B  07  03  B2  2A  49  0A  6D  24  24  00  02  00  00  00  00  00  00  00  00  00  00  00  
00  00  00  00  00  00  00  00  00  00  00  00  00  00  00  00  00  00  00  00  00  00  00  00  6D  
31  20  00  03  00  00  00  C3  F0  00  00  A2  58  FF  FF  80  D9  00  00  37  EE  07  00  54  93  
06  00  C8  BD  70  FF  7B  61  07  00  6D  32  24  00  03  00  00  00  0A  7B  0C  00  10  0A  CD  
7B  01  00  00  00  12  FC  1A  8D  05  00  00  00  01  00  00  00  FA  FF  FF  FF  FA  FF  FF  FF  
6D  33  10  00  03  00  00  00  E3  07  02  19  12  29  25  00  01  00  12  00  6D  34  14  00  03  
00  00  00  25  48  03  00  7A  38  FF  FF  F3  3E  04  00  B8  DB  07  00  6D  35  0C  00  03  00  
00  00  27  8D  01  00  C4  11  07  00  41  53  C8  98  47  4E  00  00  7B  7E  02  00  00  00  00  
00  00  00  28  01  6D  15  14  00  02  01  00  00  03  04  03  00  00  00  00  00  00  00  00  00  
00  00  00  00  6D  16  10  00  03  00  00  00  00  E3  07  02  19  12  29  25  00  89  00  00  00  
6D  21  1C  00  03  00  00  00  B6  00  00  00  3D  00  00  00  5A  00  00  00  FB  FF  FF  FF  F7  
FF  FF  FF  28  00  00  00  6D  22  10  00  03  00  00  00  3E  FE  FF  FF  25  02  00  00  B5  00  
06  00  00  6D  23  14  00  03  00  00  00  9D  7D  B0  76  1F  F0  0C  FD  DB  6C  07  03  C8  3A  
49  0A  6D  24  24  00  02  00  00  00  00  00  00  00  00  00  00  00  00  00  00  00  00  00  00  
00  00  00  00  00  00  00  00  00  00  00  00  00  00  00  00  00  00  6D  31  20  00  03  00  00  
00  C3  A6  00  00  75  A6  FF  FF  67  32  01  00  E6  DE  07  00  ED  58  06  00  40  FD  6F  FF  
BE  61  07  00  6D  32  24  00  03  00  00  00  0A  7B  0C  00  10  0A  CD  7B  01  00  00  00  12  
00  FC  1A  8D  05  00  00  00  01  00  00  00  FA  FF  FF  FF  FA  FF  FF  FF  6D  33  10  00  03  
00  00  00  E3  07  02  19  12  29  25  00  01  00  12  00  6D  34  14  00  03  00  00  00  67  57  
03  00  5A  1A  FF  FF  63  2F  04  00  5C  97  07  00  6D  35  0C  00  03  00  00  1E  47  4E  00  
00  7C  7E  02  00  00  00  00  00  00  00  28  01  6D  15  14  00  02  01  00  00  03  04  03  00  
00  00  00  00  00  00  00  00  00  00  00  00  6D  16  10  00  03  00  00  00  E3  07  02  19  12  
29  25  00  93  00  00  00  6D  21  1C  00  03  00  00  00  93  FE  FF  FF  21  00  00  00  87  FF  
FF  FF  F0  FF  FF  FF  14  00  00  00  5F  00  00  00  6D  22  10  00  03  00  00  00  3E  FE  FF  
FF  25  02  00  00  B4  06  00  00  6D  23  14  00  03  00  00  00  E2  7E  B0  76  E7  55  0C  FD  
71  6E  07  03  6E  FF  48  0A  6D  24  24  00  02  00  00  00  00  00  00  00  00  00  00  00  00  
00  00  00  00  00  00  00  00  00  00  00  00  00  00  00  00  00  00  00  00  00  00  00  6D  31  
20  00  03  00  00  00  20  D1  FF  FF  74  9B  FF  FF  FE  DF  00  00  49  B1  07  00  BC  C8  06  
00  40  D7  70  FF  73  61  07  00  6D  32  24  00  03  00  00  00  0A  7B  0C  00  10  0A  CD  7B  
01  00  00  00  12  FC  1A  8D  05  00  00  00  01  00  00  00  FA  FF  FF  FF  FA  FF  FF  FF  6D  
33  10  00  03  00  00  00  E3  07  02  19  12  29  25  00  01  00  12  00  6D  34  14  00  03  00  
00  00  A4  57  03  00  61  29  FF  FF  95  27  04  00  20  A1  07  00  6D  35  0C  00  03  00  00  
00  25  8D  01  00  28  12  07  00  41  53  6C  D8  47  4E  00  00  7D  7E  02  00  00  00  00  00  
00  00  28  01  6D  15  14  00  02  01  00  00  03  04  03  00  00  00  00  00  00  00  00  00  00  
00  00  00  6D  16  10  00  03  00  00  00  00  E3  07  02  19  12  29  25  00  9D  00  00  00  6D  
21  1C  00  03  00  00  00  72  01  00  00  ED  FF  FF  FF  C7  FF  FF  FF  15  00  00  00  0C  00  
00  00  42  00  00  00  6D  22  10  00  03  00  00  00  3E  FE  FF  FF  25  02  00  00  B4  00  06  
00  00  6D  23  14  00  03  00  00  00  BE  85  B0  76  37  DB  0C  FD  3C  75  07  03  86  D4  48  
0A  6D  24  24  00  02  00  00  00  00  00  00  00  00  00  00  00  00  00  00  00  00  00  00  00  
00  00  00  00  00  00  00  00  00  00  00  00  00  00  00  00  00  6D  31  20  00  03  00  00  00  
82  F0  00  00  52  87  FF  FF  B9  F8  00  00  F4  44  08  00  17  AB  06  00  89  65  70  FF  30  
61  07  00  6D  32  24  00  03  00  00  00  0A  7B  0C  00  10  0A  CD  7B  01  00  00  00  12  00  
FC  1A  8D  05  00  00  00  01  00  00  00  FA  FF  FF  FF  FA  FF  FF  FF  6D  33  10  00  03  00  
00  00  E3  07  02  19  12  29  25  00  01  00  12  00  6D  34  14  00  03  00  00  00  32  50  03  
00  1F  3C  FF  FF  C0  1F  04  00  E4  AA  07  00  6D  35  0C  00  03  00  00  AB  47  4E  00  00  
7E  7E  02  00  00  00  00  00  00  00  28  01  6D  15  14  00  02  01  00  00  03  04  03  00  00  
00  00  00  00  00  00  00  00  00  00  00  6D  16  10  00  03  00  00  00  E3  07  02  19  12  29  
25  00  A7  00  00  00  6D  21  1C  00  03  00  00  00  B7  00  00  00  DC  00  00  00  5C  FF  FF  
FF  FB  FF  FF  FF  F5  FF  FF  FF  45  00  00  00  6D  22  10  00  03  00  00  00  3E  FE  FF  FF  
25  02  00  00  B4  06  00  00  6D  23  14  00  03  00  00  00  0B  8C  B0  76  92  0E  0D  FD  39  
D2  07  03  1D  7F  48  0A  6D  24  24  00  02  00  00  00  00  00  00  00  00  00  00  00  00  00  
00  00  00  00  00  00  00  00  00  00  00  00  00  00  00  00  00  00  00  00  00  00  6D  31  20  
00  03  00  00  00  63  A7  00  00  85  E4  FF  FF  FD  CE  00  00  8C  DE  07  00  B5  4F  06  00  
F9  6E  70  FF  6C  61  07  00  6D  32  24  00  03  00  00  00  0E  7C  0C  00  22  0A  CD  7B  01  
00  00  00  35  FC  1A  8D  05  00  00  00  02  00  00  00  FC  FF  FF  FF  F9  FF  FF  FF  6D  33  
10  00  03  00  00  00  E3  07  02  19  12  29  25  00  01  00  12  00  6D  34  14  00  03  00  00  
00  23  39  03  00  47  47  FF  FF  AB  1F  04  00  E4  AA  07  00  6D  35  0C  00  03  00  00  00  
23  8D  01  00  0F  12  07  00  41  53  46  BD  47  4E  00  00  7F  7E  02  00  00  00  00  00  00  
00  28  01  6D  15  14  00  02  01  00  00  03  04  03  00  00  00  00  00  00  00  00  00  00  00  
00  00  6D  16  10  00  03  00  00  00  00  E3  07  02  19  12  29  25  00  B1  00  00  00  6D  21  
1C  00  03  00  00  00  79  FE  FF  FF  70  00  00  00  F5  FE  FF  FF  FD  FF  FF  FF  17  00  00  
00  53  00  00  00  6D  22  10  00  03  00  00  00  3E  FE  FF  FF  25  02  00  00  B4  00  06  00  
00  6D  23  14  00  03  00  00  00  5E  91  B0  76  62  65  0C  FD  E4  F0  07  03  17  08  48  0A  
6D  24  24  00  02  00  00  00  00  00  00  00  00  00  00  00  00  00  00  00  00  00  00  00  00  
00  00  00  00  00  00  00  00  00  00  00  00  00  00  00  00  6D  31  20  00  03  00  00  00  60  
C7  FF  FF  43  BA  FF  FF  9E  A6  00  00  BA  E7  07  00  31  D5  06  00  9E  A8  70  FF  1B  60  
07  00  6D  32  24  00  03  00  00  00  0E  7C  0C  00  22  0A  CD  7B  01  00  00  00  35  00  FC  
1A  8D  05  00  00  00  02  00  00  00  FC  FF  FF  FF  F9  FF  FF  FF  6D  33  10  00  03  00  00  
00  E3  07  02  19  12  29  25  00  01  00  12  00  6D  34  14  00  03  00  00  00  82  28  03  00  
8C  29  FF  FF  60  7D  04  00  9C  33  08  00  6D  35  0C  00  03  00  00  1E  47  4E  00  00  80  
7E  02  00  AA  AA  AA  AA  00  00  28  01  6D  15  14  00  02  01  00  00  03  04  03  00  00  00  
00  00  00  00  00  00  00  00  00  00  6D  16  10  00  03  00  00  00  E3  07  02  19  12  29  25  
00  BB  00  00  00  6D  21  1C  00  03  00  00  00  73  00  00  00  C8  FE  FF  FF  C9  FF  FF  FF  
07  00  00  00  06  00  00  00  36  00  00  00  6D  22  10  00  03  00  00  00  3E  FE  FF  FF  25  
02  00  00  B4  06  00  00  6D  23  14  00  03  00  00  00  C0  98  B0  76  A0  90  0C  FD  AE  7D  
07  03  39  E1  47  0A  6D  24  24  00  02  00  00  00  00  00  00  00  00  00  00  00  00  00  00  
00  00  00  00  00  00  00  00  00  00  00  00  00  00  00  00  00  00  00  00  00  6D  31  20  00  
03  00  00  00  5E  8D  00  00  06  15  FF  FF  93  F9  00  00  1B  0D  08  00  68  93  06  00  E0  
34  70  FF  A0  61  07  00  6D  32  24  00  03  00  00  00  0E  7C  0C  00  22  0A  CD  7B  01  00  
00  00  35  FC  1A  8D  05  00  00  00  02  00  00  00  FC  FF  FF  FF  F9  FF  FF  FF  6D  33  10  
00  03  00  00  00  E3  07  02  19  12  29  25  00  01  00  12  00  6D  34  14  00  03  00  00  00  
4C  38  03  00  DC  21  FF  FF  8D  4E  04  00  30  C8  07  00  6D  35  0C  00  03  00  00  00  27  
8D  01  00  28  12  07  00  41  53  AF  DD  47  4E  00  00  81  7E  02  00  02  03  90  01  00  00  
28  01  6D  15  14  00  02  01  00  00  03  04  03  00  00  00  00  00  00  00  00  00  00  00  00  
00  6D  16  10  00  03  00  00  00  00  E3  07  02  19  12  29  25  00  C5  00  00  00  6D  21  1C  
00  03  00  00  00  62  02  00  00  C9  FE  FF  FF  31  00  00  00  0A  00  00  00  F0  FF  FF  FF  
2A  00  00  00  6D  22  10  00  03  00  00  00  3F  FE  FF  FF  25  02  00  00  B4  00  06  00  00  
6D  23  14  00  03  00  00  00  5A  A1  B0  76  70  7D  0D  FD  BF  1C  07  03  61  DE  47  0A  6D  
24  24  00  02  00  00  00  00  00  00  00  00  00  00  00  00  00  00  00  00  00  00  00  00  00  
00  00  00  00  00  00  00  00  00  00  00  00  00  00  00  6D  31  20  00  03  00  00  00  9F  4E  
01  00  65  15  FF  FF  6B  22  01  00  3C  17  08  00  21  3B  06  00  CF  08  70  FF  03  61  07  
00  6D  32  24  00  03  00  00  00  0E  7C  0C  00  22  0A  CD  7B  01  00  00  00  35  00  FC  1A  
8D  05  00  00  00  02  00  00  00  FC  FF  FF  FF  F9  FF  FF  FF  6D  33  10  00  03  00  00  00  
E3  07  02  19  12  29  25  00  01  00  12  00  6D  34  14  00  03  00  00  00  FF  4B  03  00  C0  
21  FF  FF  A4  23  04  00  F9  68  07  00  6D  35  0C  00  03  00  00  20  47  4E  00  00  82  7E  
02  00  04  00  01  00  00  00  28  01  6D  15  14  00  02  01  00  00  03  04  03  00  00  00  00  
00  00  00  00  00  00  00  00  00  6D  16  10  00  03  00  00  00  E3  07  02  19  12  29  25  00  
CF  00  00  00  6D  21  1C  00  03  00  00  00  8F  FF  FF  FF  68  FF  FF  FF  94  FF  FF  FF  03  
00  00  00  01  00  00  00  44  00  00  00  6D  22  10  00  03  00  00  00  3F  FE  FF  FF  25  02  
00  00  B4  06  00  00  6D  23  14  00  03  00  00  00  9D  A6  B0  76  1F  4B  0D  FD  06  E0  06  
03  1A  A5  47  0A  6D  24  24  00  02  00  00  00  00  00  00  00  00  00  00  00  00  00  00  00  
00  00  00  00  00  00  00  00  00  00  00  00  00  00  00  00  00  00  00  00  6D  31  20  00  03  
00  00  00  5B  34  00  00  22  53  FF  FF  E3  E4  00  00  59  FC  07  00  19  7E  06  00  AF  6C  
70  FF  2F  62  07  00  6D  32  24  00  03  00  00  00  0E  7C  0C  00  22  0A  CD  7B  01  00  00  
00  35  FC  1A  8D  05  00  00  00  02  00  00  00  FC  FF  FF  FF  F9  FF  FF  FF  6D  33  10  00  
03  00  00  00  E3  07  02  19  12  29  25  00  01  00  12  00  6D  34  14  00  03  00  00  00  BD  
57  03  00  7D  38  FF  FF  63  2F  04  00  98  8D  07  00  6D  35  0C  00  03  00  00  00  26  8D  
01  00  C4  11  07  00  41  53  F8  B2  47  4E  00  00  83  7E  02  00  C0  C6  2D  00  00  00  28  
01  6D  15  14  00  02  01  00  00  03  04  03  00  00  00  00  00  00  00  00  00  00  00  00  00  
6D  16  10  00  03  00  00  00  00  E3  07  02  19  12  29  25  00  D9  00  00  00  6D  21  1C  00  
03  00  00  00  21  00  00  00  ED  FF  FF  FF  91  00  00  00  EB  FF  FF  FF  F2  FF  FF  FF  53  
00  00  00  6D  22  10  00  03  00  00  00  3F  FE  FF  FF  25  02  00  00  B4  00  06  00  00  6D  
23  14  00  03  00  00  00  5A  A3  B0  76  03  50  0D  FD  AA  DE  06  03  93  CC  47  0A  6D  24  
24  00  02  00  00  00  00  00  00  00  00  00  00  00  00  00  00  00  00  00  00  00  00  00  00  
00  00  00  00  00  00  00  00  00  00  00  00  00  00  6D  31  20  00  03  00  00  00  39  6D  00  
00  2F  87  FF  FF  B1  47  01  00  ED  9C  07  00  BC  43  06  00  B7  A6  70  FF  99  61  07  00  
6D  32  24  00  03  00  00  00  0E  7C  0C  00  22  0A  CD  7B  01  00  00  00  35  00  FC  1A  8D  
05  00  00  00  02  00  00  00  FC  FF  FF  FF  F9  FF  FF  FF  6D  33  10  00  03  00  00  00  E3  
07  02  19  12  29  25  00  01  00  12  00  6D  34  14  00  03  00  00  00  58  57  03  00  E7  47  
FF  FF  E4  6D  04  00  04  F9  07  00  6D  35  0C  00  03  00  00  5E  47  4E  00  00  84  7E  02  
00  00  10  0E  00  00  00  28  01  6D  15  14  00  02  01  00  00  03  04  03  00  00  00  00  00  
00  00  00  00  00  00  00  00  6D  16  10  00  03  00  00  00  E3  07  02  19  12  29  25  00  E3  
00  00  00  6D  21  1C  00  03  00  00  00  F7  00  00  00  16  00  00  00  32  00  00  00  FE  FF  
FF  FF  10  00  00  00  32  00  00  00  6D  22  10  00  03  00  00  00  3F  FE  FF  FF  25  02  00  
00  B4  06  00  00  6D  23  14  00  03  00  00  00  E0  A4  B0  76  26  A6  0D  FD  8A  F2  06  03  
CE  CD  47  0A  6D  24  24  00  02  00  00  00  00  00  00  00  00  00  00  00  00  00  00  00  00  
00  00  00  00  00  00  00  00  00  00  00  00  00  00  00  00  00  00  00  6D  31  20  00  03  00  
00  00  F9  C0  00  00  ED  96  FF  FF  A9  22  01  00  F3  E9  07  00  79  B8  06  00  99  24  70  
FF  E4  61  07  00  6D  32  24  00  03  00  00  00  0E  7C  0C  00  22  0A  CD  7B  01  00  00  00  
35  FC  1A  8D  05  00  00  00  02  00  00  00  FC  FF  FF  FF  F9  FF  FF  FF  6D  33  10  00  03  
00  00  00  E3  07  02  19  12  29  25  00  01  00  12  00  6D  34  14  00  03  00  00  00  F3  47  
03  00  2F  40  FF  FF  34  5E  04  00  04  F9  07  00  6D  35  0C  00  03  00  00  00  2A  8D  01  
00  0F  12  07  00  41  53  10  D8  47  4E  00  00  85  7E  02  00  01  00  00  01  00  00  28  01  
6D  15  14  00  02  01  00  00  03  04  03  00  00  00  00  00  00  00  00  00  00  00  00  00  6D  
16  10  00  03  00  00  00  00  E3  07  02  19  12  29  25  00  ED  00  00  00  6D  21  1C  00  03  
00  00  00  4A  00  00  00  B9  FF  FF  FF  C8  FF  FF  FF  F0  FF  FF  FF  F7  FF  FF  FF  29  00  
00  00  6D  22  10  00  03  00  00  00  3F  FE  FF  FF  25  02  00  00  B4  00  06  00  00  6D  23  
14  00  03  00  00  00  2C  A9  B0  76  5C  BB  0D  FD  3B  DB  06  03  21  A9  47  0A  6D  24  24  
00  02  00  00  00  00  00  00  00  00  00  00  00  00  00  00  00  00  00  00  00  00  00  00  00  
00  00  00  00  00  00  00  00  00  00  00  00  00  6D  31  20  00  03  00  00  00  6B  7D  00  00  
60  72  FF  FF  54  F9  00  00  89  B2  07  00  10  54  06  00  3C  04  70  FF  D5  61  07  00  6D  
32  24  00  03  00  00  00  0E  7C  0C  00  22  0A  CD  7B  01  00  00  00  35  00  FC  1A  8D  05  
00  00  00  02  00  00  00  FC  FF  FF  FF  F9  FF  FF  FF  6D  33  10  00  03  00  00  00  E3  07  
02  19  12  29  25  00  01  00  12  00  6D  34  14  00  03  00  00  00  4B  3C  03  00  F9  30  FF  
FF  70  52  04  00  6E  11  08  00  6D  35  0C  00  03  00  00  18  47  4E  00  00  86  7E  02  00  
30  0F  1F  00  00  00  28  01  6D  15  14  00  02  01  00  00  03  04  03  00  00  00  00  00  00  
00  00  00  00  00  00  00  6D  16  10  00  03  00  00  00  E3  07  02  19  12  00  29  25  00  F7  
00  00  00  6D  21  1C  00  03  00  00  00  B7  FF  FF  FF  F2  FE  FF  FF  6A  00  00  00  11  00  
00  00  0F  00  00  00  50  00  00  00  6D  22  10  00  03  00  00  00  3F  FE  FF  FF  24  02  00  
00  B4  06  00  00  6D  23  14  00  00  03  00  00  00  90  A8  B0  76  54  9F  0D  FD  A5  72  06  
03  EB  C6  47  0A  6D  24  24  00  02  00  00  00  00  00  00  00  00  00  00  00  00  00  00  00  
00  00  00  00  00  00  00  00  00  00  00  00  00  00  00  00  00  00  00  00  6D  00  31  20  00  
03  00  00  00  D8  43  00  00  78  24  FF  FF  94  38  01  00  FF  31  08  00  4A  B4  06  00  E7  
9A  70  FF  46  61  07  00  6D  32  24  00  03  00  00  00  0E  7C  0C  00  22  0A  CD  7B  01  00  
00  00  35  FC  1A  8D  05  00  00  00  00  02  00  00  00  FC  FF  FF  FF  F9  FF  FF  FF  6D  33  
10  00  03  00  00  00  E3  07  02  19  12  29  25  00  01  00  12  00  6D  34  14  00  03  00  00  
00  87  47  03  00  81  1A  FF  FF  34  5E  04  00  AC  5A  08  00  6D  35  0C  00  03  00  00  00  
23  8D  01  00  28  20  47  4E  00  00  9B  7E  02  00  02  01  00  00  00  00  28  01  6D  15  14  
00  02  01  00  00  03  04  03  00  00  00  00  00  00  00  00  00  00  00  00  00  6D  16  10  00  
03  00  00  00  E3  07  02  19  12  00  29  25  00  C9  01  00  00  6D  21  1C  00  03  00  00  00  
00  02  00  00  1B  00  00  00  86  00  00  00  F4  FF  FF  FF  EB  FF  FF  FF  4B  00  00  00  6D  
22  10  00  03  00  00  00  3F  FE  FF  FF  25  02  00  00  B3  06  00  00  6D  23  14  00  00  03  
00  00  00  B2  C4  B0  76  2C  B4  0D  FD  91  28  07  03  71  52  46  0A  6D  24  24  00  02  00  
00  00  00  00  00  00  00  00  00  00  00  00  00  00  00  00  00  00  00  00  00  00  00  00  00  
00  00  00  00  00  00  00  00  00  6D  00  31  20  00  03  00  00  00  44  29  01  00  32  97  FF  
FF  6B  41  01  00  ED  BF  07  00  AB  27  06  00  A6  88  70  FF  18  62  07  00  6D  32  24  00  
03  00  00  00  C0  7E  0C  00  22  0A  CD  7B  01  00  00  00  6A  FC  1A  8D  05  00  00  00  00  
00  00  00  00  FD  FF  FF  FF  F8  FF  FF  FF  6D  33  10  00  03  00  00  00  E3  07  02  19  12  
29  25  00  01  00  12  00  6D  34  14  00  03  00  00  00  FA  34  03  00  06  4F  FF  FF  98  4A  
04  00  37  B2  07  00  6D  35  0C  00  03  00  00  00  25  8D  01  00  28  08  47  4E  00  00  9C  
7E  02  00  03  04  03  00  00  00  28  01  6D  15  14  00  02  01  00  00  03  04  03  00  00  00  
00  00  00  00  00  00  00  00  00  00  6D  16  10  00  03  00  00  00  E3  07  02  19  12  29  25  
00  D3  01  00  00  6D  21  1C  00  03  00  00  00  F7  FF  FF  FF  C6  00  00  00  CD  FF  FF  FF  
01  00  00  00  F0  FF  FF  FF  3C  00  00  00  6D  22  10  00  03  00  00  00  3F  FE  FF  FF  25  
02  00  00  B3  06  00  00  6D  23  14  00  03  00  00  00  2B  C5  B0  76  D0  A1  0D  FD  59  78  
07  03  37  30  46  0A  6D  24  24  00  02  00  00  00  00  00  00  00  00  00  00  00  00  00  00  
00  00  00  00  00  00  00  00  00  00  00  00  00  00  00  00  00  00  00  00  00  6D  31  20  00  
03  00  00  00  2C  5E  00  00  F3  D9  FF  FF  39  F9  00  00  19  F4  07  00  D3  38  06  00  69  
4E  70  FF  A9  60  07  00  6D  32  24  00  03  00  00  00  A6  7F  0C  00  22  0A  CD  7B  01  00  
00  00  8D  FC  1A  8D  05  00  00  00  FE  FF  FF  FF  03  00  00  00  00  E3  07  02  19  12  29  
25  00  01  00  12  00  6D  34  14  00  03  00  00  00  30  39  03  00  03  5E  FF  FF  17  37  04  
00  F2  7E  07  00  6D  35  0C  00  03  00  00  00  22  8D  01  00  28  12  07  00  41  53  59  07  
47  4E  00  00  9D  7E  02  00  00  00  00  00  00  00  28  01  6D  15  14  00  02  01  00  00  03  
04  03  00  00  00  00  00  00  00  00  00  00  00  00  00  6D  16  10  00  03  00  00  00  E3  07  
02  19  12  29  25  00  DD  01  00  00  00  6D  21  1C  00  03  00  00  00  2A  01  00  00  11  FF  
FF  FF  95  00  00  00  F4  FF  FF  FF  F6  FF  FF  FF  36  00  00  00  6D  22  10  00  03  00  00  
00  3F  FE  FF  FF  25  02  00  00  B3  06  00  00  6D  23  14  00  03  00  00  00  00  15  C6  B0  
76  FB  17  0E  FD  1A  2A  07  03  93  5E  46  0A  6D  24  24  00  02  00  00  00  00  00  00  00  
00  00  00  00  00  00  00  00  00  00  00  00  00  00  00  00  00  00  00  00  00  00  00  00  00  
00  00  00  6D  31  20  00  03  00  00  00  00  DE  D5  00  00  45  2F  FF  FF  6F  47  01  00  97  
C2  07  00  63  4F  06  00  03  35  70  FF  F3  61  07  00  6D  32  24  00  03  00  00  00  A6  7F  
0C  00  22  0A  CD  7B  01  00  00  00  8D  FC  1A  8D  05  00  00  00  FE  FF  FF  FF  00  03  00  
00  00  F8  FF  FF  FF  6D  33  10  00  03  00  00  00  E3  07  02  19  12  29  25  00  01  00  12  
00  6D  34  14  00  03  00  00  00  28  45  03  00  06  6D  FF  FF  B5  1F  04  00  DB  6D  07  00  
6D  35  0C  00  03  00  00  00  26  8D  01  00  F6  11  07  00  41  53  08  47  4E  00  00  9E  7E  
02  00  00  00  00  00  00  00  28  01  6D  15  14  00  02  01  00  00  03  04  03  00  00  00  00  
00  00  00  00  00  00  00  00  00  6D  16  10  00  03  00  00  00  E3  07  02  19  12  29  25  00  
E7  01  00  00  6D  21  1C  00  03  00  00  00  53  01  00  00  D8  FF  FF  FF  6C  00  00  00  0B  
00  00  00  EB  FF  FF  FF  5A  00  00  00  6D  22  10  00  03  00  00  00  3F  FE  FF  FF  25  02  
00  00  B3  06  00  00  6D  23  14  00  03  00  00  00  C0  C6  B0  76  6F  97  0E  FD  95  2A  07  
03  3A  7B  46  0A  6D  24  24  00  02  00  00  00  00  00  00  00  00  00  00  00  00  00  00  00  
00  00  00  00  00  00  00  00  00  00  00  00  00  00  00  00  00  00  00  00  6D  31  20  00  03  
00  00  00  CB  E5  00  00  F0  7C  FF  FF  7F  37  01  00  32  1B  08  00  3A  26  06  00  86  C2  
70  FF  CF  60  07  00  6D  32  24  00  03  00  00  00  A6  7F  0C  00  22  0A  CD  7B  01  00  00  
00  8D  FC  1A  8D  05  00  00  00  FE  FF  FF  FF  03  00  00  00  E3  07  02  19  12  29  25  00  
01  00  12  00  6D  34  14  00  03  00  00  00  D3  39  03  00  8E  83  FF  FF  AA  1F  04  00  6C  
BE  07  00  6D  35  0C  00  03  00  00  00  28  8D  01  00  0F  12  07  00  41  53  BA  3C  47  4E  
00  00  9F  7E  02  00  00  00  00  00  00  00  28  01  6D  15  14  00  02  01  00  00  03  04  03  
00  00  00  00  00  00  00  00  00  00  00  00  00  6D  16  10  00  03  00  00  00  E3  07  02  19  
12  29  25  00  F1  01  00  00  6D  21  1C  00  03  00  00  00  E6  00  00  00  53  FF  FF  FF  95  
00  00  00  F9  FF  FF  FF  0B  00  00  00  59  00  00  00  6D  22  10  00  03  00  00  00  40  FE  
FF  FF  24  02  00  00  B3  06  00  00  6D  23  14  00  03  00  00  00  3D  C6  B0  76  1C  F2  0E  
FD  E8  F3  06  03  3D  AB  46  0A  6D  24  24  00  02  00  00  00  00  00  00  00  00  00  00  00  
00  00  00  00  00  00  00  00  00  00  00  00  00  00  00  00  00  00  00  00  00  00  00  00  6D  
31  20  00  03  00  00  00  95  BB  00  00  36  49  FF  FF  75  47  01  00  7D  D6  07  00  E0  A0  
06  00  E3  BD  70  FF  3E  62  07  00  6D  32  24  00  03  00  00  00  A6  7F  0C  00  22  0A  CD  
7B  01  00  00  00  8D  FC  1A  8D  05  00  00  00  FE  FF  FF  FF  03  00  00  00  F8  FF  FF  FF  
6D  33  10  00  03  00  00  00  E3  07  02  19  12  29  25  00  01  00  12  00  6D  34  14  00  03  
00  00  00  07  50  03  00  04  40  FF  FF  2B  37  04  00  6C  BE  07  00  6D  35  0C  00  03  00  
00  00  29  8D  01  00  28  12  07  00  41  53  60  45  47  4E  00  00  A0  7E  02  00  14  00  00  
00  00  00  28  01  6D  15  14  00  02  01  00  00  03  04  03  00  00  00  00  00  00  00  00  00  
00  00  00  00  6D  16  10  00  03  00  00  00  E3  07  02  19  12  29  25  00  FB  01  00  00  6D  
21  1C  00  03  00  00  00  8C  FF  FF  FF  34  00  00  00  C0  FF  FF  FF  F1  FF  FF  FF  16  00  
00  00  49  00  00  00  6D  22  10  00  03  00  00  00  3F  FE  FF  FF  25  02  00  00  B3  06  00  
00  6D  23  14  00  03  00  00  00  6F  C7  B0  76  86  BB  0E  FD  C1  06  07  03  40  88  46  0A  
6D  24  24  00  02  00  00  00  00  00  00  00  00  00  00  00  00  00  00  00  00  00  00  00  00  
00  00  00  00  00  00  00  00  00  00  00  00  00  00  00  6D  31  20  00  03  00  00  00  5B  34  
00  00  DB  A0  FF  FF  5F  F4  00  00  66  B6  07  00  7E  CD  06  00  01  7F  70  FF  55  61  07  
00  6D  32  24  00  03  00  00  00  A6  7F  0C  00  22  0A  CD  7B  01  00  00  00  8D  FC  1A  8D  
05  00  00  00  FE  FF  FF  FF  03  00  00  00  00  E3  07  02  19  12  29  25  00  01  00  12  00  
6D  34  14  00  03  00  00  00  F1  4F  03  00  7C  38  FF  FF  2B  37  04  00  9A  E0  07  00  6D  
35  0C  00  03  00  00  00  27  8D  01  00  28  12  07  00  41  53  E2  1A  47  4E  00  00  A1  7E  
02  00  3D  87  01  00  00  00  28  01  6D  15  14  00  02  01  00  00  03  04  03  00  00  00  00  
00  00  00  00  00  00  00  00  00  6D  16  10  00  03  00  00  00  E3  07  02  19  12  29  25  00  
05  02  00  00  00  6D  21  1C  00  03  00  00  00  EA  FE  FF  FF  F2  FF  FF  FF  46  00  00  00  
F6  FF  FF  FF  00  00  00  00  45  00  00  00  6D  22  10  00  03  00  00  00  3F  FE  FF  FF  25  
02  00  00  B3  06  00  00  6D  23  14  00  03  00  00  00  00  46  C3  B0  76  D5  48  0E  FD  81  
FB  06  03  C7  9A  46  0A  6D  24  24  00  02  00  00  00  00  00  00  00  00  00  00  00  00  00  
00  00  00  00  00  00  00  00  00  00  00  00  00  00  00  00  00  00  00  00  00  00  6D  31  20  
00  03  00  00  00  00  24  F5  FF  FF  ED  86  FF  FF  EA  28  01  00  26  C9  07  00  09  77  06  
00  4A  71  70  FF  F3  61  07  00  6D  32  24  00  03  00  00  00  A6  7F  0C  00  22  0A  CD  7B  
01  00  00  00  8D  FC  1A  8D  05  00  00  00  FE  FF  FF  FF  00  03  00  00  00  F8  FF  FF  FF  
6D  33  10  00  03  00  00  00  E3  07  02  19  12  29  25  00  01  00  12  00  6D  34  14  00  03  
00  00  00  F4  57  03  00  E7  52  FF  FF  31  37  04  00  C8  02  08  00  6D  35  0C  00  03  00  
00  00  28  8D  01  00  73  12  07  00  41  53  5F  47  4E  00  00  A2  7E  02  00  01  16  01  60  
00  00  28  01  6D  15  14  00  02  01  00  00  03  04  03  00  00  00  00  00  00  00  00  00  00  
00  00  00  6D  16  10  00  03  00  00  00  E3  07  02  19  12  29  25  00  0F  02  00  00  6D  21  
1C  00  03  00  00  00  E1  FD  FF  FF  BC  FF  FF  FF  A7  FF  FF  FF  F4  FF  FF  FF  0D  00  00  
00  33  00  00  00  6D  22  10  00  03  00  00  00  3F  FE  FF  FF  24  02  00  00  B3  06  00  00  
6D  23  14  00  03  00  00  00  61  C2  B0  76  83  6F  0D  FD  BE  D0  06  03  60  73  46  0A  6D  
24  24  00  02  00  00  00  00  00  00  00  00  00  00  00  00  00  00  00  00  00  00  00  00  00  
00  00  00  00  00  00  00  00  00  00  00  00  00  00  6D  31  20  00  03  00  00  00  6C  8D  FF  
FF  B4  71  FF  FF  EF  EA  00  00  D2  C2  07  00  CF  AA  06  00  6E  2B  70  FF  D6  60  07  00  
6D  32  24  00  03  00  00  00  A6  7F  0C  00  22  0A  CD  7B  01  00  00  00  8D  FC  1A  8D  05  
00  00  00  FE  FF  FF  FF  03  00  00  00  00  00  E3  07  02  19  12  29  25  00  01  00  12  00  
6D  34  14  00  03  00  00  00  70  86  03  00  3A  75  FF  FF  C7  4E  04  00  C8  02  08  00  6D  
35  0C  00  03  00  00  00  29  8D  01  00  0F  12  07  00  41  53  BC  35  47  4E  00  00  A3  7E  
02  00  2A  00  00  00  00  00  28  01  6D  15  14  00  02  01  00  00  03  04  03  00  00  00  00  
00  00  00  00  00  00  00  00  00  6D  16  10  00  03  00  00  00  E3  07  02  19  12  29  25  00  
19  00  02  00  00  6D  21  1C  00  03  00  00  00  54  00  00  00  CB  FF  FF  FF  37  00  00  00  
09  00  00  00  0C  00  00  00  3F  00  00  00  6D  22  10  00  03  00  00  00  3F  FE  FF  FF  24  
02  00  00  B3  06  00  00  6D  23  14  00  03  00  00  00  00  92  C2  B0  76  A6  8A  0D  FD  35  
C2  06  03  42  7D  46  0A  6D  24  24  00  02  00  00  00  00  00  00  00  00  00  00  00  00  00  
00  00  00  00  00  00  00  00  00  00  00  00  00  00  00  00  00  00  00  00  00  00  6D  31  20  
00  03  00  00  00  00  69  82  00  00  AB  77  FF  FF  11  23  01  00  DA  13  08  00  0C  A6  06  
00  FD  59  70  FF  AF  61  07  00  6D  32  24  00  03  00  00  00  A6  7F  0C  00  22  0A  CD  7B  
01  00  00  00  8D  FC  1A  8D  05  00  00  00  FE  FF  FF  00  FF  03  00  00  00  F8  FF  FF  FF  
6D  33  10  00  03  00  00  00  E3  07  02  19  12  29  25  00  01  00  12  00  6D  34  14  00  03  
00  00  00  66  40  03  00  36  3C  FF  FF  D4  42  04  00  3E  9C  07  00  6D  35  0C  00  03  00  
00  00  27  8D  01  00  F6  11  07  00  41  1F  47  4E  00  00  A4  7E  02  00  10  05  00  00  00  
00  28  01  6D  15  14  00  02  01  00  00  03  04  03  00  00  00  00  00  00  00  00  00  00  00  
00  00  6D  16  10  00  03  00  00  00  E3  07  02  19  12  29  25  00  23  02  00  00  6D  21  1C  
00  03  00  00  00  BE  00  00  00  B2  FF  FF  FF  F1  00  00  00  FB  FF  FF  FF  01  00  00  00  
2E  00  00  00  6D  22  10  00  03  00  00  00  3F  FE  FF  FF  24  02  00  00  B3  06  00  00  6D  
23  14  00  03  00  00  00  D2  BD  B0  76  20  D1  0D  FD  15  AF  06  03  ED  CD  46  0A  6D  24  
24  00  02  00  00  00  00  00  00  00  00  00  00  00  00  00  00  00  00  00  00  00  00  00  00  
00  00  00  00  00  00  00  00  00  00  00  00  00  6D  31  20  00  03  00  00  00  DC  AB  00  00  
61  6D  FF  FF  05  6C  01  00  85  DC  07  00  11  7C  06  00  AB  16  70  FF  4E  61  07  00  6D  
32  24  00  03  00  00  00  A6  7F  0C  00  22  0A  CD  7B  01  00  00  00  8D  FC  1A  8D  05  00  
00  00  FE  FF  FF  FF  03  00  00  00  03  00  00  00  E3  07  02  19  12  29  25  00  01  00  12  
00  6D  34  14  00  03  00  00  00  21  31  03  00  66  47  FF  FF  DE  3E  04  00  4C  70  07  00  
6D  35  0C  00  03  00  00  00  2A  8D  01  00  73  12  07  00  41  53  A0  D9  47  4E  00  00  A5  
7E  02  00  00  00  00  00  00  00  28  01  6D  15  14  00  02  01  00  00  03  04  03  00  00  00  
00  00  00  00  00  00  00  00  00  00  6D  16  10  00  03  00  00  00  E3  07  02  19  12  29  25  
00  00  2D  02  00  00  6D  21  1C  00  03  00  00  00  5E  01  00  00  52  00  00  00  42  00  00  
00  03  00  00  00  F7  FF  FF  FF  3D  00  00  00  6D  22  10  00  03  00  00  00  3F  FE  FF  FF  
24  02  00  00  B3  06  00  00  6D  23  14  00  03  00  00  00  00  DC  BE  B0  76  AF  4F  0E  FD  
E9  DD  06  03  6D  D8  46  0A  6D  24  24  00  02  00  00  00  00  00  00  00  00  00  00  00  00  
00  00  00  00  00  00  00  00  00  00  00  00  00  00  00  00  00  00  00  00  00  00  00  6D  31  
20  00  00  03  00  00  00  BE  EA  00  00  C3  AB  FF  FF  91  27  01  00  7C  FA  07  00  52  54  
06  00  D7  50  70  FF  C6  61  07  00  6D  32  24  00  03  00  00  00  A6  7F  0C  00  22  0A  CD  
7B  01  00  00  00  8D  FC  1A  8D  05  00  00  00  FE  00  FF  FF  FF  03  00  00  00  F8  FF  FF  
FF  6D  33  10  00  03  00  00  00  E3  07  02  19  12  29  25  00  01  00  12  00  6D  34  14  00  
03  00  00  00  95  44  03  00  D3  52  FF  FF  EF  3E  04  00  9F  77  07  00  6D  35  0C  00  03  
00  00  00  25  8D  01  00  28  12  07  F6  47  4E  00  00  A6  7E  02  00  00  00  00  00  00  00  
28  01  6D  15  14  00  02  01  00  00  03  04  03  00  00  00  00  00  00  00  00  00  00  00  00  
00  6D  16  10  00  03  00  00  00  E3  07  02  19  12  29  25  00  37  02  00  00  6D  21  1C  00  
03  00  00  00  30  FE  FF  FF  BE  FF  FF  FF  CE  FF  FF  FF  01  00  00  00  00  00  00  00  4A  
00  00  00  6D  22  10  00  03  00  00  00  3F  FE  FF  FF  24  02  00  00  B3  06  00  00  6D  23  
14  00  03  00  00  00  6E  BD  B0  76  55  95  0D  FD  F2  B6  06  03  FA  BE  46  0A  6D  24  24  
00  02  00  00  00  00  00  00  00  00  00  00  00  00  00  00  00  00  00  00  00  00  00  00  00  
00  00  00  00  00  00  00  00  00  00  00  00  6D  31  20  00  03  00  00  00  C2  AC  FF  FF  C6  
71  FF  FF  84  FA  00  00  B8  F3  07  00  DC  77  06  00  FE  85  70  FF  6D  60  07  00  6D  32  
24  00  03  00  00  00  F6  7F  0C  00  33  0A  CD  7B  01  00  00  00  9E  FC  1A  8D  05  00  00  
00  04  00  00  00  FF  FF  FF  00  03  00  00  00  E3  07  02  19  12  29  25  00  01  00  12  00  
6D  34  14  00  03  00  00  00  B6  66  03  00  89  1A  FF  FF  0F  3F  04  00  E4  AA  07  00  6D  
35  0C  00  03  00  00  00  29  8D  01  00  F6  11  07  00  41  53  E4  AA  47  4E  00  00  A7  7E  
02  00  00  00  00  00  00  00  28  01  6D  15  14  00  02  01  00  00  03  04  03  00  00  00  00  
00  00  00  00  00  00  00  00  00  6D  16  10  00  03  00  00  00  E3  07  02  19  12  29  25  00  
00  41  02  00  00  6D  21  1C  00  03  00  00  00  A3  00  00  00  94  00  00  00  6A  00  00  00  
01  00  00  00  06  00  00  00  5F  00  00  00  6D  22  10  00  03  00  00  00  3F  FE  FF  FF  25  
02  00  00  B3  06  00  00  6D  23  14  00  03  00  00  00  00  A6  BA  B0  76  36  C9  0D  FD  04  
FA  06  03  3C  DA  46  0A  6D  24  24  00  02  00  00  00  00  00  00  00  00  00  00  00  00  00  
00  00  00  00  00  00  00  00  00  00  00  00  00  00  00  00  00  00  00  00  00  00  6D  31  20  
00  00  03  00  00  00  B3  A1  00  00  77  C5  FF  FF  98  37  01  00  0C  F3  07  00  48  91  06  
00  ED  D4  70  FF  DE  60  07  00  6D  32  24  00  03  00  00  00  F6  7F  0C  00  33  0A  CD  7B  
01  00  00  00  9E  FC  1A  8D  05  00  00  00  04  00  00  00  00  FF  FF  FF  FF  F9  FF  FF  FF  
6D  33  10  00  03  00  00  00  E3  07  02  19  12  29  25  00  01  00  12  00  6D  34  14  00  03  
00  00  00  E4  4F  03  00  ED  30  FF  FF  43  33  04  00  45  86  07  00  6D  35  0C  00  03  00  
00  00  27  8D  01  00  C4  11  07  C7  47  4E  00  00  A8  7E  02  00  00  04  00  00  00  00  28  
01  6D  15  14  00  02  01  00  00  03  04  03  00  00  00  00  00  00  00  00  00  00  00  00  00  
6D  16  10  00  03  00  00  00  E3  07  02  19  12  29  25  00  4B  02  00  00  6D  21  1C  00  03  
00  00  00  A7  FE  FF  FF  E6  FF  FF  FF  5F  00  00  00  F0  FF  FF  FF  08  00  00  00  31  00  
00  00  6D  22  10  00  03  00  00  00  3E  FE  FF  FF  25  02  00  00  B3  06  00  00  6D  23  14  
00  03  00  00  00  12  B5  B0  76  88  3C  0D  FD  D8  E7  06  03  A7  F7  46  0A  6D  24  24  00  
02  00  00  00  00  00  00  00  00  00  00  00  00  00  00  00  00  00  00  00  00  00  00  00  00  
00  00  00  00  00  00  00  00  00  00  00  6D  31  20  00  03  00  00  00  50  DB  FF  FF  8D  81  
FF  FF  98  33  01  00  A9  B2  07  00  27  98  06  00  2A  22  70  FF  B8  60  07  00  6D  32  24  
00  03  00  00  00  F6  7F  0C  00  33  0A  CD  7B  01  00  00  00  9E  FC  1A  8D  05  00  00  00  
04  00  00  00  FF  FF  FF  03  00  00  00  E3  07  02  19  12  29  25  00  01  00  12  00  6D  34  
14  00  03  00  00  00  FA  47  03  00  68  29  FF  FF  F4  3E  04  00  02  A6  07  00  6D  35  0C  
00  03  00  00  00  27  8D  01  00  DD  11  07  00  41  53  40  D9  47  4E  00  00  A9  7E  02  00  
BD  BF  21  00  00  00  28  01  6D  15  14  00  02  01  00  00  03  04  03  00  00  00  00  00  00  
00  00  00  00  00  00  00  6D  16  10  00  03  00  00  00  E3  07  02  19  12  29  25  00  00  55  
02  00  00  6D  21  1C  00  03  00  00  00  48  FF  FF  FF  29  00  00  00  B1  FF  FF  FF  FC  FF  
FF  FF  05  00  00  00  33  00  00  00  6D  22  10  00  03  00  00  00  3E  FE  FF  FF  25  02  00  
00  B3  06  00  00  6D  23  14  00  03  00  00  00  00  41  B6  B0  76  BF  EA  0C  FD  04  F3  06  
03  3B  CF  46  0A  6D  24  24  00  02  00  00  00  00  00  00  00  00  00  00  00  00  00  00  00  
00  00  00  00  00  00  00  00  00  00  00  00  00  00  00  00  00  00  00  00  6D  31  20  00  00  
03  00  00  00  86  1A  00  00  73  9B  FF  FF  5C  EF  00  00  7E  E1  07  00  2D  8F  06  00  64  
2B  70  FF  48  60  07  00  6D  32  24  00  03  00  00  00  F6  7F  0C  00  33  0A  CD  7B  01  00  
00  00  9E  FC  1A  8D  05  00  00  00  04  00  00  00  00  FF  FF  FF  FF  F9  FF  FF  FF  6D  33  
10  00  03  00  00  00  E3  07  02  19  12  29  25  00  01  00  12  00  6D  34  14  00  03  00  00  
00  AA  47  03  00  6C  1A  FF  FF  93  4E  04  00  F4  D1  07  00  6D  35  0C  00  03  00  00  00  
27  8D  01  00  28  12  07  00  3B  47  4E  00  00  AA  7E  02  00  CE  20  00  00  00  00  28  01  
6D  15  14  00  02  01  00  00  03  04  03  00  00  00  00  00  00  00  00  00  00  00  00  00  6D  
16  10  00  03  00  00  00  E3  07  02  19  12  29  25  00  5F  02  00  00  6D  21  1C  00  03  00  
00  00  88  00  00  00  19  01  00  00  FE  FF  FF  FF  F2  FF  FF  FF  F3  FF  FF  FF  5A  00  00  
00  6D  22  10  00  03  00  00  00  3E  FE  FF  FF  25  02  00  00  B3  06  00  00  6D  23  14  00  
03  00  00  00  7C  B5  B0  76  18  0E  0D  FD  CC  66  07  03  28  C0  46  0A  6D  24  24  00  02  
00  00  00  00  00  00  00  00  00  00  00  00  00  00  00  00  00  00  00  00  00  00  00  00  00  
00  00  00  00  00  00  00  00  00  00  6D  31  20  00  03  00  00  00  4D  97  00  00  49  F9  FF  
FF  AB  0D  01  00  E8  B8  07  00  A2  48  06  00  85  C2  70  FF  46  61  07  00  6D  32  24  00  
03  00  00  00  F6  7F  0C  00  33  0A  CD  7B  01  00  00  00  9E  FC  1A  8D  05  00  00  00  04  
00  00  00  FF  FF  FF  00  03  00  00  00  E3  07  02  19  12  29  25  00  01  00  12  00  6D  34  
14  00  03  00  00  00  F7  38  03  00  35  38  FF  FF  AC  1F  04  00  20  A1  07  00  6D  35  0C  
00  03  00  00  00  28  8D  01  00  DD  11  07  00  41  53  2F  96  47  4E  00  00  AB  7E  02  00  
00  00  00  00  00  00  28  01  6D  15  14  00  02  01  00  00  03  04  03  00  00  00  00  00  00  
00  00  00  00  00  00  00  6D  16  10  00  03  00  00  00  E3  07  02  19  12  29  25  00  00  69  
02  00  00  6D  21  1C  00  03  00  00  00  E7  FF  FF  FF  02  00  00  00  4F  00  00  00  0B  00  
00  00  0A  00  00  00  42  00  00  00  6D  22  10  00  03  00  00  00  3E  FE  FF  FF  25  02  00  
00  B3  06  00  00  6D  23  14  00  03  00  00  00  00  2E  B3  B0  76  1D  FD  0C  FD  3C  69  07  
03  2D  D5  46  0A  6D  24  24  00  02  00  00  00  00  00  00  00  00  00  00  00  00  00  00  00  
00  00  00  00  00  00  00  00  00  00  00  00  00  00  00  00  00  00  00  00  6D  31  20  00  00  
03  00  00  00  8C  58  00  00  4E  8C  FF  FF  AD  2D  01  00  EF  1A  08  00  8C  A1  06  00  92  
65  70  FF  5D  61  07  00  6D  32  24  00  03  00  00  00  F6  7F  0C  00  33  0A  CD  7B  01  00  
00  00  9E  FC  1A  8D  05  00  00  00  04  00  00  00  00  FF  FF  FF  FF  F9  FF  FF  FF  6D  33  
10  00  03  00  00  00  E3  07  02  19  12  29  25  00  01  00  12  00  6D  34  14  00  03  00  00  
00  32  21  03  00  A5  21  FF  FF  BA  42  04  00  9C  33  08  00  6D  35  0C  00  03  00  00  00  
24  8D  01  00  0F  12  07  54  47  4E  00  00  AC  7E  02  00  00  00  00  00  00  00  28  01  6D  
15  14  00  02  01  00  00  03  04  03  00  00  00  00  00  00  00  00  00  00  00  00  00  6D  16  
10  00  03  00  00  00  E3  07  02  19  12  29  25  00  73  02  00  00  6D  21  1C  00  03  00  00  
00  B6  FD  FF  FF  36  00  00  00  29  00  00  00  F9  FF  FF  FF  FF  FF  FF  FF  53  00  00  00  
6D  22  10  00  03  00  00  00  3E  FE  FF  FF  25  02  00  00  B3  06  00  00  6D  23  14  00  03  
00  00  00  3A  AC  B0  76  A9  0F  0C  FD  CC  6C  07  03  43  E0  46  0A  6D  24  24  00  02  00  
00  00  00  00  00  00  00  00  00  00  00  00  00  00  00  00  00  00  00  00  00  00  00  00  00  
00  00  00  00  00  00  00  00  00  6D  31  20  00  03  00  00  00  32  7D  FF  FF  78  A0  FF  FF  
14  1F  01  00  3D  D7  07  00  BE  79  06  00  E3  A8  70  FF  21  61  07  00  6D  32  24  00  03  
00  00  00  F6  7F  0C  00  33  0A  CD  7B  01  00  00  00  9E  FC  1A  8D  05  00  00  00  04  00  
00  00  FF  FF  FF  00  03  00  00  00  E3  07  02  19  12  29  25  00  01  00  12  00  6D  34  14  
00  03  00  00  00  D8  28  03  00  56  29  FF  FF  48  56  04  00  32  1B  08  00  6D  35  0C  00  
03  00  00  00  28  8D  01  00  C4  11  07  00  41  53  01  83  47  4E  00  00  AD  7E  02  00  00  
00  00  00  00  00  28  01  6D  15  14  00  02  01  00  00  03  04  03  00  00  00  00  00  00  00  
00  00  00  00  00  00  6D  16  10  00  03  00  00  00  E3  07  02  19  12  29  25  00  00  7D  02  
00  00  6D  21  1C  00  03  00  00  00  7B  00  00  00  2A  00  00  00  FD  FF  FF  FF  17  00  00  
00  10  00  00  00  41  00  00  00  6D  22  10  00  03  00  00  00  3E  FE  FF  FF  25  02  00  00  
B3  06  00  00  6D  23  14  00  03  00  00  00  00  D1  AD  B0  76  AD  35  0C  FD  0C  84  07  03  
F2  D1  46  0A  6D  24  24  00  02  00  00  00  00  00  00  00  00  00  00  00  00  00  00  00  00  
00  00  00  00  00  00  00  00  00  00  00  00  00  00  00  00  00  00  00  6D  31  20  00  00  03  
00  00  00  26  92  00  00  F0  9B  FF  FF  03  0E  01  00  5D  49  08  00  3B  BB  06  00  3D  63  
70  FF  A8  61  07  00  6D  32  24  00  03  00  00  00  F6  7F  0C  00  33  0A  CD  7B  01  00  00  
00  9E  FC  1A  8D  05  00  00  00  04  00  00  00  00  FF  FF  FF  FF  F9  FF  FF  FF  6D  33  10  
00  03  00  00  00  E3  07  02  19  12  29  25  00  01  00  12  00  6D  34  14  00  03  00  00  00  
6A  38  03  00  8C  38  FF  FF  25  5E  04  00  F4  D1  07  00  6D  35  0C  00  03  00  00  00  25  
8D  01  00  C4  11  07  98  47  4E  00  00  AE  7E  02  00  00  00  00  00  00  00  28  01  6D  15  
14  00  02  01  00  00  03  04  03  00  00  00  00  00  00  00  00  00  00  00  00  00  6D  16  10  
00  03  00  00  00  E3  07  02  19  12  29  25  00  87  02  00  00  6D  21  1C  00  03  00  00  00  
64  FE  FF  FF  1B  00  00  00  CA  FF  FF  FF  F2  FF  FF  FF  07  00  00  00  66  00  00  00  6D  
22  10  00  03  00  00  00  3D  FE  FF  FF  25  02  00  00  B3  06  00  00  6D  23  14  00  03  00  
00  00  2D  AC  B0  76  38  8B  0B  FD  28  83  07  03  2B  B4  46  0A  6D  24  24  00  02  00  00  
00  00  00  00  00  00  00  00  00  00  00  00  00  00  00  00  00  00  00  00  00  00  00  00  00  
00  00  00  00  00  00  00  00  6D  31  20  00  03  00  00  00  5D  C1  FF  FF  41  96  FF  FF  33  
FA  00  00  C1  BA  07  00  EC  97  06  00  22  F3  70  FF  37  61  07  00  6D  32  24  00  03  00  
00  00  F6  7F  0C  00  33  0A  CD  7B  01  00  00  00  9E  FC  1A  8D  05  00  00  00  04  00  00  
00  FF  FF  FF  33  10  00  03  00  00  00  E3  07  02  19  12  29  25  00  01  00  12  00  6D  34  
14  00  03  00  00  00  1D  48  03  00  52  29  FF  FF  55  2F  04  00  E4  AA  07  00  6D  35  0C  
00  03  00  00  00  27  8D  01  00  28  12  07  00  41  53  95  AC  47  4E  00  00  AF  7E  02  00  
00  00  00  00  00  00  28  01  6D  15  14  00  02  01  00  00  03  04  03  00  00  00  00  00  00  
00  00  00  00  00  00  00  6D  16  10  00  03  00  00  00  E3  07  02  19  12  00  29  25  00  91  
02  00  00  6D  21  1C  00  03  00  00  00  D7  00  00  00  98  FF  FF  FF  9D  00  00  00  0E  00  
00  00  01  00  00  00  1F  00  00  00  6D  22  10  00  03  00  00  00  3E  FE  FF  FF  25  02  00  
00  B3  06  00  00  6D  23  14  00  00  03  00  00  00  D3  AA  B0  76  2B  DB  0B  FD  75  66  07  
03  3B  E3  46  0A  6D  24  24  00  02  00  00  00  00  00  00  00  00  00  00  00  00  00  00  00  
00  00  00  00  00  00  00  00  00  00  00  00  00  00  00  00  00  00  00  00  6D  00  31  20  00  
03  00  00  00  5C  B6  00  00  15  63  FF  FF  AA  4C  01  00  7C  29  08  00  C8  80  06  00  B7  
DC  6F  FF  DC  61  07  00  6D  32  24  00  03  00  00  00  F6  7F  0C  00  33  0A  CD  7B  01  00  
00  00  9E  FC  1A  8D  05  00  00  00  00  04  00  00  00  FF  FF  FF  FF  F9  FF  FF  FF  6D  33  
10  00  03  00  00  00  E3  07  02  19  12  29  25  00  01  00  12  00  6D  34  14  00  03  00  00  
00  D1  30  03  00  3C  29  FF  FF  F7  3A  04  00  30  C8  07  00  6D  35  0C  00  03  00  00  00  
29  8D  01  00  28  39  47  4E  00  00  B0  7E  02  00  00  00  00  00  00  00  28  01  6D  15  14  
00  02  01  00  00  03  04  03  00  00  00  00  00  00  00  00  00  00  00  00  00  6D  16  10  00  
03  00  00  00  E3  07  02  19  12  29  25  00  9B  02  00  00  6D  21  1C  00  03  00  00  00  A2  
00  00  00  02  00  00  00  67  00  00  00  05  00  00  00  15  00  00  00  49  00  00  00  6D  22  
10  00  03  00  00  00  3E  FE  FF  FF  25  02  00  00  B3  06  00  00  6D  23  14  00  03  00  00  
00  B8  A9  B0  76  7F  12  0C  FD  DA  70  07  03  D7  FC  46  0A  6D  24  24  00  02  00  00  00  
00  00  00  00  00  00  00  00  00  00  00  00  00  00  00  00  00  00  00  00  00  00  00  00  00  
00  00  00  00  00  00  00  6D  31  20  00  03  00  00  00  97  A1  00  00  79  8C  FF  FF  BC  37  
01  00  8D  05  08  00  FC  CF  06  00  5D  81  70  FF  91  61  07  00  6D  32  24  00  03  00  00  
00  6E  80  0C  00  22  0A  CD  7B  01  00  00  00  B0  FC  1A  8D  05  00  00  00  00  00  00  00  
01  00  00  33  10  00  03  00  00  00  E3  07  02  19  12  29  25  00  01  00  12  00  6D  34  14  
00  03  00  00  00  1A  40  03  00  71  29  FF  FF  8D  4E  04  00  8A  B9  07  00  6D  35  0C  00  
03  00  00  00  27  8D  01  00  28  12  07  00  41  53  F8  8B  47  4E  00  00  B1  7E  02  00  00  
00  00  00  00  00  28  01  6D  15  14  00  02  01  00  00  03  04  03  00  00  00  00  00  00  00  
00  00  00  00  00  00  6D  16  10  00  03  00  00  00  E3  07  02  19  12  00  29  25  00  A5  02  
00  00  6D  21  1C  00  03  00  00  00  FE  01  00  00  10  00  00  00  9B  00  00  00  10  00  00  
00  F9  FF  FF  FF  36  00  00  00  6D  22  10  00  03  00  00  00  3E  FE  FF  FF  25  02  00  00  
B3  06  00  00  6D  23  14  00  00  03  00  00  00  38  AA  B0  76  5C  D0  0C  FD  35  8D  07  03  
34  25  47  0A  6D  24  24  00  02  00  00  00  00  00  00  00  00  00  00  00  00  00  00  00  00  
00  00  00  00  00  00  00  00  00  00  00  00  00  00  00  00  00  00  00  6D  00  31  20  00  03  
00  00  00  76  29  01  00  F3  91  FF  FF  F2  4B  01  00  76  30  08  00  72  60  06  00  31  37  
70  FF  30  61  07  00  6D  32  24  00  03  00  00  00  6E  80  0C  00  22  0A  CD  7B  01  00  00  
00  B0  FC  1A  8D  05  00  00  00  00  00  00  00  00  01  00  00  00  FA  FF  FF  FF  6D  33  10  
00  03  00  00  00  E3  07  02  19  12  29  25  00  01  00  12  00  6D  34  14  00  03  00  00  00  
26  57  03  00  AD  29  FF  FF  42  5E  04  00  20  A1  07  00  6D  35  0C  00  03  00  00  00  25  
8D  01  00  73  B2  47  4E  00  00  B2  7E  02  00  00  00  00  00  00  00  28  01  6D  15  14  00  
02  01  00  00  03  04  03  00  00  00  00  00  00  00  00  00  00  00  00  00  6D  16  10  00  03  
00  00  00  E3  07  02  19  12  29  25  00  AF  02  00  00  6D  21  1C  00  03  00  00  00  42  02  
00  00  DA  FF  FF  FF  3D  00  00  00  05  00  00  00  0C  00  00  00  5F  00  00  00  6D  22  10  
00  03  00  00  00  3F  FE  FF  FF  25  02  00  00  B3  06  00  00  6D  23  14  00  03  00  00  00  
16  AF  B0  76  63  A9  0D  FD  7D  96  07  03  8B  28  47  0A  6D  24  24  00  02  00  00  00  00  
00  00  00  00  00  00  00  00  00  00  00  00  00  00  00  00  00  00  00  00  00  00  00  00  00  
00  00  00  00  00  00  6D  31  20  00  03  00  00  00  F5  43  01  00  20  7D  FF  FF  57  27  01  
00  9F  05  08  00  55  A6  06  00  38  D7  70  FF  DE  60  07  00  6D  32  24  00  03  00  00  00  
6E  80  0C  00  22  0A  CD  7B  01  00  00  00  B0  FC  1A  8D  05  00  00  00  00  00  00  00  01  
00  00  6D  33  10  00  03  00  00  00  E3  07  02  19  12  29  25  00  01  00  12  00  6D  34  14  
00  03  00  00  00  C7  85  03  00  F5  38  FF  FF  C9  4E  04  00  40  EF  07  00  6D  35  0C  00  
03  00  00  00  26  8D  01  00  F6  11  07  00  41  53  09  25  47  4E  00  00  B3  7E  02  00  00  
00  00  00  00  00  28  01  6D  15  14  00  02  01  00  00  03  04  03  00  00  00  00  00  00  00  
00  00  00  00  00  00  6D  16  10  00  03  00  00  00  E3  07  02  19  00  12  29  25  00  B9  02  
00  00  6D  21  1C  00  03  00  00  00  1D  00  00  00  A4  FF  FF  FF  EF  FF  FF  FF  F8  FF  FF  
FF  F7  FF  FF  FF  47  00  00  00  6D  22  10  00  03  00  00  00  3F  FE  FF  FF  25  02  00  00  
B3  06  00  00  6D  23  00  14  00  03  00  00  00  C6  B1  B0  76  8D  AE  0D  FD  BE  77  07  03  
0F  14  47  0A  6D  24  24  00  02  00  00  00  00  00  00  00  00  00  00  00  00  00  00  00  00  
00  00  00  00  00  00  00  00  00  00  00  00  00  00  00  00  00  00  00  00  6D  31  20  00  03  
00  00  00  C0  6D  00  00  F1  67  FF  FF  1E  09  01  00  CD  D2  07  00  51  54  06  00  40  78  
70  FF  73  61  07  00  6D  32  24  00  03  00  00  00  6E  80  0C  00  22  0A  CD  7B  01  00  00  
00  B0  FC  1A  8D  05  00  00  00  00  00  00  00  00  01  00  00  00  FA  FF  FF  FF  6D  33  10  
00  03  00  00  00  E3  07  02  19  12  29  25  00  01  00  12  00  6D  34  14  00  03  00  00  00  
1A  63  03  00  F1  21  FF  FF  87  2B  04  00  4E  C3  07  00  6D  35  0C  00  03  00  00  00  25  
8D  01  00  0F  47  4E  00  00  B4  7E  02  00  00  00  00  00  00  00  28  01  6D  15  14  00  02  
01  00  00  03  04  03  00  00  00  00  00  00  00  00  00  00  00  00  00  6D  16  10  00  03  00  
00  00  E3  07  02  19  12  29  25  00  C3  02  00  00  6D  21  1C  00  03  00  00  00  2D  FF  FF  
FF  6E  FF  FF  FF  D6  FF  FF  FF  F7  FF  FF  FF  0C  00  00  00  2D  00  00  00  6D  22  10  00  
03  00  00  00  3F  FE  FF  FF  25  02  00  00  B3  06  00  00  6D  23  14  00  03  00  00  00  7A  
B3  B0  76  A8  57  0D  FD  38  3B  07  03  47  F9  46  0A  6D  24  24  00  02  00  00  00  00  00  
00  00  00  00  00  00  00  00  00  00  00  00  00  00  00  00  00  00  00  00  00  00  00  00  00  
00  00  00  00  00  6D  31  20  00  03  00  00  00  C8  0F  00  00  FC  52  FF  FF  3E  FF  00  00  
46  CE  07  00  DC  A5  06  00  52  14  70  FF  91  61  07  00  6D  32  24  00  03  00  00  00  6E  
80  0C  00  22  0A  CD  7B  01  00  00  00  B0  FC  1A  8D  05  00  00  00  00  00  00  00  01  00  
00  6D  33  10  00  03  00  00  00  E3  07  02  19  12  29  25  00  01  00  12  00  6D  34  14  00  
03  00  00  00  71  48  03  00  E3  3F  FF  FF  87  27  04  00  B6  88  07  00  6D  35  0C  00  03  
00  00  00  2B  8D  01  00  0F  12  07  00  41  53  6B  61  47  4E  00  00  B5  7E  02  00  00  00  
00  00  00  00  28  01  6D  15  14  00  02  01  00  00  03  04  03  00  00  00  00  00  00  00  00  
00  00  00  00  00  6D  16  10  00  03  00  00  00  E3  07  02  19  00  12  29  25  00  CD  02  00  
00  6D  21  1C  00  03  00  00  00  00  01  00  00  51  00  00  00  23  00  00  00  EF  FF  FF  FF  
07  00  00  00  5E  00  00  00  6D  22  10  00  03  00  00  00  3F  FE  FF  FF  25  02  00  00  B3  
06  00  00  6D  23  00  14  00  03  00  00  00  DE  B4  B0  76  61  AF  0D  FD  3B  67  07  03  68  
F5  46  0A  6D  24  24  00  02  00  00  00  00  00  00  00  00  00  00  00  00  00  00  00  00  00  
00  00  00  00  00  00  00  00  00  00  00  00  00  00  00  00  00  00  00  6D  31  20  00  03  00  
00  00  74  C6  00  00  95  AB  FF  FF  62  1D  01  00  4D  AF  07  00  98  95  06  00  9F  D2  70  
FF  21  61  07  00  6D  32  24  00  03  00  00  00  6E  80  0C  00  22  0A  CD  7B  01  00  00  00  
B0  FC  1A  8D  05  00  00  00  00  00  00  00  00  01  00  00  00  FA  FF  FF  FF  6D  33  10  00  
03  00  00  00  E3  07  02  19  12  29  25  00  01  00  12  00  6D  34  14  00  03  00  00  00  58  
39  03  00  81  65  FF  FF  47  2F  04  00  C4  5C  07  00  6D  35  0C  00  03  00  00  00  29  8D  
01  00  50  47  4E  00  00  B6  7E  02  00  00  00  00  00  00  00  28  01  6D  15  14  00  02  01  
00  00  03  04  03  00  00  00  00  00  00  00  00  00  00  00  00  00  6D  16  10  00  03  00  00  
00  E3  07  02  19  12  29  25  00  D7  02  00  00  6D  21  1C  00  03  00  00  00  7D  FF  FF  FF  
35  00  00  00  77  FF  FF  FF  06  00  00  00  03  00  00  00  2C  00  00  00  6D  22  10  00  03  
00  00  00  3F  FE  FF  FF  25  02  00  00  B3  06  00  00  6D  23  14  00  03  00  00  00  8F  B8  
B0  76  BC  6F  0D  FD  3E  79  07  03  3B  B3  46  0A  6D  24  24  00  02  00  00  00  00  00  00  
00  00  00  00  00  00  00  00  00  00  00  00  00  00  00  00  00  00  00  00  00  00  00  00  00  
00  00  00  00  6D  31  20  00  03  00  00  00  6D  2F  00  00  BA  A0  FF  FF  51  DA  00  00  C5  
06  08  00  77  83  06  00  A2  0F  70  FF  C0  60  07  00  6D  32  24  00  03  00  00  00  6E  80  
0C  00  22  0A  CD  7B  01  00  00  00  B0  FC  1A  8D  05  00  00  00  00  00  00  00  01  00  00  
6D  33  10  00  03  00  00  00  E3  07  02  19  12  29  25  00  01  00  12  00  6D  34  14  00  03  
00  00  00  73  38  03  00  B5  47  FF  FF  C8  6D  04  00  6C  BE  07  00  6D  35  0C  00  03  00  
00  00  25  8D  01  00  28  12  07  00  41  53  D4  8A  47  4E  00  00  B7  7E  02  00  00  00  00  
00  00  00  28  01  6D  15  14  00  02  01  00  00  03  04  03  00  00  00  00  00  00  00  00  00  
00  00  00  00  6D  16  10  00  03  00  00  00  E3  07  02  19  00  12  29  25  00  E1  02  00  00  
6D  21  1C  00  03  00  00  00  27  02  00  00  CD  FF  FF  FF  2E  00  00  00  06  00  00  00  10  
00  00  00  57  00  00  00  6D  22  10  00  03  00  00  00  3F  FE  FF  FF  25  02  00  00  B3  06  
00  00  6D  23  00  14  00  03  00  00  00  A7  BD  B0  76  BC  3E  0E  FD  AA  7B  07  03  07  B3  
46  0A  6D  24  24  00  02  00  00  00  00  00  00  00  00  00  00  00  00  00  00  00  00  00  00  
00  00  00  00  00  00  00  00  00  00  00  00  00  00  00  00  00  00  6D  31  20  00  03  00  00  
00  7E  39  01  00  F3  77  FF  FF  30  22  01  00  F8  07  08  00  3E  B4  06  00  B9  B6  70  FF  
12  61  07  00  6D  32  24  00  03  00  00  00  6E  80  0C  00  22  0A  CD  7B  01  00  00  00  B0  
FC  1A  8D  05  00  00  00  00  00  00  00  00  01  00  00  00  FA  FF  FF  FF  6D  33  10  00  03  
00  00  00  E3  07  02  19  12  29  25  00  01  00  12  00  6D  34  14  00  03  00  00  00  BB  38  
03  00  25  3C  FF  FF  E8  3E  04  00  6C  BE  07  00  6D  35  0C  00  03  00  00  00  28  8D  01  
00  4B  47  4E  00  00  B8  7E  02  00  00  00  00  00  00  00  28  01  6D  15  14  00  02  01  00  
00  03  04  03  00  00  00  00  00  00  00  00  00  00  00  00  00  6D  16  10  00  03  00  00  00  
E3  07  02  19  12  29  25  00  EB  02  00  00  6D  21  1C  00  03  00  00  00  A2  00  00  00  98  
FF  FF  FF  FA  FF  FF  FF  F6  FF  FF  FF  00  00  00  00  3A  00  00  00  6D  22  10  00  03  00  
00  00  3F  FE  FF  FF  25  02  00  00  B3  06  00  00  6D  23  14  00  03  00  00  00  5D  C1  B0  
76  35  77  0E  FD  11  5C  07  03  A5  A1  46  0A  6D  24  24  00  02  00  00  00  00  00  00  00  
00  00  00  00  00  00  00  00  00  00  00  00  00  00  00  00  00  00  00  00  00  00  00  00  00  
00  00  00  6D  31  20  00  03  00  00  00  A8  A1  00  00  0F  63  FF  FF  04  0E  01  00  FD  C8  
07  00  03  79  06  00  47  45  70  FF  BD  62  07  00  6D  32  24  00  03  00  00  00  6E  80  0C  
00  22  0A  CD  7B  01  00  00  00  B0  FC  1A  8D  05  00  00  00  00  00  00  00  01  00  00  FF  
6D  33  10  00  03  00  00  00  E3  07  02  19  12  29  25  00  01  00  12  00  6D  34  14  00  03  
00  00  00  C2  38  03  00  56  38  FF  FF  16  37  04  00  B8  DB  07  00  6D  35  0C  00  03  00  
00  00  2A  8D  01  00  92  11  07  00  41  53  C3  0C  47  4E  00  00  B9  7E  02  00  00  00  00  
00  00  00  28  01  6D  15  14  00  02  01  00  00  03  04  03  00  00  00  00  00  00  00  00  00  
00  00  00  00  6D  16  10  00  03  00  00  00  E3  07  02  00  19  12  29  25  00  F5  02  00  00  
6D  21  1C  00  03  00  00  00  86  01  00  00  98  FF  FF  FF  F9  FF  FF  FF  EC  FF  FF  FF  F8  
FF  FF  FF  4A  00  00  00  6D  22  10  00  03  00  00  00  40  FE  FF  FF  25  02  00  00  B3  06  
00  00  6D  00  23  14  00  03  00  00  00  36  C7  B0  76  ED  08  0F  FD  AA  43  07  03  09  8F  
46  0A  6D  24  24  00  02  00  00  00  00  00  00  00  00  00  00  00  00  00  00  00  00  00  00  
00  00  00  00  00  00  00  00  00  00  00  00  00  00  00  00  00  00  6D  31  20  00  03  00  00  
00  C7  FA  00  00  21  63  FF  FF  A2  0D  01  00  9A  A1  07  00  4E  56  06  00  E1  83  70  FF  
D5  61  07  00  6D  32  24  00  03  00  00  00  6E  80  0C  00  22  0A  CD  7B  01  00  00  00  B0  
FC  1A  8D  05  00  00  00  00  00  00  00  00  01  00  00  00  FA  FF  FF  FF  6D  33  10  00  03  
00  00  00  E3  07  02  19  12  29  25  00  01  00  12  00  6D  34  14  00  03  00  00  00  B0  38  
03  00  61  38  FF  FF  E5  3E  04  00  04  F9  07  00  6D  35  0C  00  03  00  00  00  2A  8D  01  
0C  47  4E  00  00  BA  7E  02  00  00  00  00  00  00  00  28  01  6D  15  14  00  02  01  00  00  
03  04  03  00  00  00  00  00  00  00  00  00  00  00  00  00  6D  16  10  00  03  00  00  00  E3  
07  02  19  12  29  25  00  FF  02  00  00  6D  21  1C  00  03  00  00  00  DB  FF  FF  FF  20  FF  
FF  FF  B9  FF  FF  FF  F3  FF  FF  FF  FC  FF  FF  FF  50  00  00  00  6D  22  10  00  03  00  00  
00  40  FE  FF  FF  24  02  00  00  B3  06  00  00  6D  23  14  00  03  00  00  00  34  CC  B0  76  
49  F8  0E  FD  92  EC  06  03  48  6A  46  0A  6D  24  24  00  02  00  00  00  00  00  00  00  00  
00  00  00  00  00  00  00  00  00  00  00  00  00  00  00  00  00  00  00  00  00  00  00  00  00  
00  00  6D  31  20  00  03  00  00  00  EE  53  00  00  EE  33  FF  FF  97  F4  00  00  5D  BB  07  
00  FF  66  06  00  50  9D  70  FF  28  61  07  00  6D  32  24  00  03  00  00  00  18  81  0C  00  
22  0A  CD  7B  01  00  00  00  D2  FC  1A  8D  05  00  00  00  FA  FF  FF  FF  00  00  00  FF  6D  
33  10  00  03  00  00  00  E3  07  02  19  12  29  25  00  01  00  12  00  6D  34  14  00  03  00  
00  00  59  48  03  00  B4  56  FF  FF  91  4E  04  00  10  7A  07  00  6D  35  0C  00  03  00  00  
00  25  8D  01  00  DD  11  07  00  41  53  A4  D9  47  4E  00  00  BB  7E  02  00  00  00  00  00  
00  00  28  01  6D  15  14  00  02  01  00  00  03  04  03  00  00  00  00  00  00  00  00  00  00  
00  00  00  6D  16  10  00  03  00  00  00  E3  07  02  00  19  12  29  25  00  09  03  00  00  6D  
21  1C  00  03  00  00  00  0D  01  00  00  99  FF  FF  FF  2E  00  00  00  03  00  00  00  08  00  
00  00  4F  00  00  00  6D  22  10  00  03  00  00  00  40  FE  FF  FF  24  02  00  00  B3  06  00  
00  6D  00  23  14  00  03  00  00  00  FF  CE  B0  76  67  5B  0F  FD  CE  CF  06  03  DA  6E  46  
0A  6D  24  24  00  02  00  00  00  00  00  00  00  00  00  00  00  00  00  00  00  00  00  00  00  
00  00  00  00  00  00  00  00  00  00  00  00  00  00  00  00  00  6D  31  20  00  03  00  00  00  
8B  CB  00  00  10  63  FF  FF  C1  22  01  00  36  FC  07  00  34  93  06  00  BA  98  70  FF  DC  
61  07  00  6D  32  24  00  03  00  00  00  18  81  0C  00  22  0A  CD  7B  01  00  00  00  D2  FC  
1A  8D  05  00  00  00  00  FA  FF  FF  FF  00  00  00  00  FA  FF  FF  FF  6D  33  10  00  03  00  
00  00  E3  07  02  19  12  29  25  00  01  00  12  00  6D  34  14  00  03  00  00  00  53  48  03  
00  56  4B  FF  FF  DA  42  04  00  09  90  07  00  6D  35  0C  00  03  00  00  00  2A  8D  01  11  
47  4E  00  00  BC  7E  02  00  00  00  00  00  00  00  28  01  6D  15  14  00  02  01  00  00  03  
04  03  00  00  00  00  00  00  00  00  00  00  00  00  00  6D  16  10  00  03  00  00  00  E3  07  
02  19  12  29  25  00  13  03  00  00  6D  21  1C  00  03  00  00  00  95  00  00  00  E8  FF  FF  
FF  4A  00  00  00  08  00  00  00  0C  00  00  00  5C  00  00  00  6D  22  10  00  03  00  00  00  
40  FE  FF  FF  24  02  00  00  B3  06  00  00  6D  23  14  00  03  00  00  00  F6  CE  B0  76  74  
8D  0F  FD  2B  CE  06  03  08  7E  46  0A  6D  24  24  00  02  00  00  00  00  00  00  00  00  00  
00  00  00  00  00  00  00  00  00  00  00  00  00  00  00  00  00  00  00  00  00  00  00  00  00  
00  6D  31  20  00  03  00  00  00  D3  9C  00  00  E7  81  FF  FF  71  2D  01  00  F4  0C  08  00  
43  A4  06  00  39  C9  70  FF  4F  60  07  00  6D  32  24  00  03  00  00  00  18  81  0C  00  22  
0A  CD  7B  01  00  00  00  D2  FC  1A  8D  05  00  00  00  FA  FF  FF  FF  00  00  00  FF  FF  6D  
33  10  00  03  00  00  00  E3  07  02  19  12  29  25  00  01  00  12  00  6D  34  14  00  03  00  
00  00  3B  48  03  00  03  40  FF  FF  F2  3E  04  00  73  A8  07  00  6D  35  0C  00  03  00  00  
00  29  8D  01  00  28  12  07  00  41  53  BE  B5  47  4E  00  00  BD  7E  02  00  00  00  00  00  
00  00  28  01  6D  15  14  00  02  01  00  00  03  04  03  00  00  00  00  00  00  00  00  00  00  
00  00  00  6D  16  10  00  03  00  00  00  E3  07  00  02  19  12  29  25  00  1D  03  00  00  6D  
21  1C  00  03  00  00  00  60  00  00  00  49  FF  FF  FF  14  00  00  00  F9  FF  FF  FF  0C  00  
00  00  4A  00  00  00  6D  22  10  00  03  00  00  00  40  FE  FF  FF  24  02  00  00  B3  06  00  
00  00  6D  23  14  00  03  00  00  00  C9  D1  B0  76  35  AF  0F  FD  23  8C  06  03  86  7A  46  
0A  6D  24  24  00  02  00  00  00  00  00  00  00  00  00  00  00  00  00  00  00  00  00  00  00  
00  00  00  00  00  00  00  00  00  00  00  00  00  00  00  00  00  6D  31  20  00  03  00  00  00  
F7  87  00  00  B4  43  FF  FF  D0  18  01  00  9E  D2  07  00  B9  A3  06  00  03  86  70  FF  19  
61  07  00  6D  32  24  00  03  00  00  00  18  81  0C  00  22  0A  CD  7B  01  00  00  00  D2  FC  
1A  8D  00  05  00  00  00  FA  FF  FF  FF  00  00  00  00  FA  FF  FF  FF  6D  33  10  00  03  00  
00  00  E3  07  02  19  12  29  25  00  01  00  12  00  6D  34  14  00  03  00  00  00  FA  47  03  
00  68  29  FF  FF  F3  3E  04  00  B8  DB  07  00  6D  35  0C  00  03  00  00  00  23  8D  C2  47  
4E  00  00  BE  7E  02  00  00  00  00  00  00  00  28  01  6D  15  14  00  02  01  00  00  03  04  
03  00  00  00  00  00  00  00  00  00  00  00  00  00  6D  16  10  00  03  00  00  00  E3  07  02  
19  12  29  25  00  27  03  00  00  6D  21  1C  00  03  00  00  00  1F  FF  FF  FF  A5  FF  FF  FF  
AA  FF  FF  FF  F1  FF  FF  FF  08  00  00  00  2D  00  00  00  6D  22  10  00  03  00  00  00  40  
FE  FF  FF  24  02  00  00  B3  06  00  00  6D  23  14  00  03  00  00  00  28  D4  B0  76  8A  4F  
0F  FD  BB  61  06  03  3D  50  46  0A  6D  24  24  00  02  00  00  00  00  00  00  00  00  00  00  
00  00  00  00  00  00  00  00  00  00  00  00  00  00  00  00  00  00  00  00  00  00  00  00  00  
6D  31  20  00  03  00  00  00  74  0A  00  00  C6  67  FF  FF  7B  EF  00  00  1E  B2  07  00  38  
95  06  00  19  12  70  FF  18  62  07  00  6D  32  24  00  03  00  00  00  18  81  0C  00  22  0A  
CD  7B  01  00  00  00  D2  FC  1A  8D  05  00  00  00  FA  FF  FF  FF  00  00  00  FF  FF  6D  33  
10  00  03  00  00  00  E3  07  02  19  12  29  25  00  01  00  12  00  6D  34  14  00  03  00  00  
00  A2  76  03  00  B0  38  FF  FF  7E  2F  04  00  40  EF  07  00  6D  35  0C  00  03  00  00  00  
26  8D  01  00  C4  11  07  00  41  53  78  8E  47  4E  00  00  BF  7E  02  00  00  00  00  00  00  
00  28  01  6D  15  14  00  02  01  00  00  03  04  03  00  00  00  00  00  00  00  00  00  00  00  
00  00  6D  16  10  00  03  00  00  00  E3  07  00  02  19  12  29  25  00  31  03  00  00  6D  21  
1C  00  03  00  00  00  A4  00  00  00  49  FF  FF  FF  80  FF  FF  FF  F3  FF  FF  FF  05  00  00  
00  26  00  00  00  6D  22  10  00  03  00  00  00  40  FE  FF  FF  24  02  00  00  B3  06  00  00  
00  6D  23  14  00  03  00  00  00  A2  DC  B0  76  8F  89  0F  FD  09  20  06  03  49  12  46  0A  
6D  24  24  00  02  00  00  00  00  00  00  00  00  00  00  00  00  00  00  00  00  00  00  00  00  
00  00  00  00  00  00  00  00  00  00  00  00  00  00  00  00  6D  31  20  00  03  00  00  00  7B  
A2  00  00  A6  43  FF  FF  39  DF  00  00  B9  B9  07  00  02  8A  06  00  24  F6  6F  FF  28  61  
07  00  6D  32  24  00  03  00  00  00  18  81  0C  00  22  0A  CD  7B  01  00  00  00  D2  FC  1A  
8D  00  05  00  00  00  FA  FF  FF  FF  00  00  00  00  FA  FF  FF  FF  6D  33  10  00  03  00  00  
00  E3  07  02  19  12  29  25  00  01  00  12  00  6D  34  14  00  03  00  00  00  F7  31  03  00  
FF  7B  FF  FF  8B  23  04  00  63  81  07  00  6D  35  0C  00  03  00  00  00  29  8D  A9  47  4E  
00  00  C0  7E  02  00  AA  AA  AA  AA  00  00  28  01  6D  15  14  00  02  01  00  00  03  04  03  
00  00  00  00  00  00  00  00  00  00  00  00  00  6D  16  10  00  03  00  00  00  E3  07  02  19  
12  29  25  00  3B  03  00  00  6D  21  1C  00  03  00  00  00  AE  01  00  00  03  00  00  00  DC  
FF  FF  FF  03  00  00  00  F7  FF  FF  FF  58  00  00  00  6D  22  10  00  03  00  00  00  40  FE  
FF  FF  24  02  00  00  B3  06  00  00  6D  23  14  00  03  00  00  00  AC  E2  B0  76  57  26  10  
FD  91  30  06  03  7E  F4  45  0A  6D  24  24  00  02  00  00  00  00  00  00  00  00  00  00  00  
00  00  00  00  00  00  00  00  00  00  00  00  00  00  00  00  00  00  00  00  00  00  00  00  6D  
31  20  00  03  00  00  00  A3  0A  01  00  8D  8C  FF  FF  06  03  01  00  FC  F7  07  00  EF  4F  
06  00  33  B9  70  FF  12  61  07  00  6D  32  24  00  03  00  00  00  18  81  0C  00  22  0A  CD  
7B  01  00  00  00  D2  FC  1A  8D  05  00  00  00  FA  FF  FF  FF  00  00  00  FF  FF  FF  6D  33  
10  00  03  00  00  00  E3  07  02  19  12  29  25  00  01  00  12  00  6D  34  14  00  03  00  00  
00  30  2E  03  00  81  83  FF  FF  87  23  04  00  BD  72  07  00  6D  35  0C  00  03  00  00  00  
25  8D  01  00  28  12  07  00  41  53  82  A4  47  4E  00  00  C1  7E  02  00  02  03  90  01  00  
00  28  01  6D  15  14  00  02  01  00  00  03  04  03  00  00  00  00  00  00  00  00  00  00  00  
00  00  6D  16  10  00  03  00  00  00  E3  00  07  02  19  12  29  25  00  45  03  00  00  6D  21  
1C  00  03  00  00  00  35  01  00  00  F6  FF  FF  FF  9A  FF  FF  FF  09  00  00  00  08  00  00  
00  3D  00  00  00  6D  22  10  00  03  00  00  00  41  FE  FF  FF  24  02  00  00  B2  06  00  00  
00  6D  23  14  00  03  00  00  00  EF  E9  B0  76  1D  94  10  FD  DA  37  06  03  CC  BD  45  0A  
6D  24  24  00  02  00  00  00  00  00  00  00  00  00  00  00  00  00  00  00  00  00  00  00  00  
00  00  00  00  00  00  00  00  00  00  00  00  00  00  00  00  6D  31  20  00  03  00  00  00  71  
DB  00  00  5D  87  FF  FF  1A  E9  00  00  07  0F  08  00  1D  93  06  00  CB  50  70  FF  3E  62  
07  00  6D  32  24  00  03  00  00  00  18  81  0C  00  22  0A  CD  7B  01  00  00  00  D2  FC  1A  
00  8D  05  00  00  00  FA  FF  FF  FF  00  00  00  00  FA  FF  FF  FF  6D  33  10  00  03  00  00  
00  E3  07  02  19  12  29  25  00  01  00  12  00  6D  34  14  00  03  00  00  00  86  67  03  00  
B9  56  FF  FF  6F  2F  04  00  A8  B4  07  00  6D  35  0C  00  03  00  00  00  29  EE  47  4E  00  
00  C2  7E  02  00  04  00  01  00  00  00  28  01  6D  15  14  00  02  01  00  00  03  04  03  00  
00  00  00  00  00  00  00  00  00  00  00  00  6D  16  10  00  03  00  00  00  E3  07  02  19  12  
00  29  25  00  4F  03  00  00  6D  21  1C  00  03  00  00  00  54  FF  FF  FF  45  00  00  00  C4  
FF  FF  FF  0C  00  00  00  0D  00  00  00  5C  00  00  00  6D  22  10  00  03  00  00  00  40  FE  
FF  FF  24  02  00  00  B2  06  00  00  6D  23  14  00  00  03  00  00  00  79  EA  B0  76  17  44  
10  FD  EC  4E  06  03  EE  99  45  0A  6D  24  24  00  02  00  00  00  00  00  00  00  00  00  00  
00  00  00  00  00  00  00  00  00  00  00  00  00  00  00  00  00  00  00  00  00  00  00  00  00  
6D  00  31  20  00  03  00  00  00  5E  1F  00  00  06  A6  FF  FF  A2  F9  00  00  C7  1C  08  00  
2E  A6  06  00  AF  CB  70  FF  5D  61  07  00  6D  32  24  00  03  00  00  00  18  81  0C  00  22  
0A  CD  7B  01  00  00  00  D2  FC  1A  8D  05  00  00  00  00  FA  FF  FF  FF  00  00  00  FF  FF  
FF  6D  33  10  00  03  00  00  00  E3  07  02  19  12  29  25  00  01  00  12  00  6D  34  14  00  
03  00  00  00  8D  1A  03  00  39  65  FF  FF  90  1F  04  00  78  3F  07  00  6D  35  0C  00  03  
00  00  00  27  8D  01  00  0F  12  07  31  47  4E  00  00  D7  7E  02  00  00  00  00  00  00  00  
28  01  6D  15  14  00  02  01  00  00  03  04  03  00  00  00  00  00  00  00  00  00  00  00  00  
00  6D  16  10  00  03  00  00  00  E3  07  02  19  12  29  26  00  39  00  00  00  6D  21  1C  00  
03  00  00  00  FC  01  00  00  AB  FF  FF  FF  46  00  00  00  F2  FF  FF  FF  03  00  00  00  43  
00  00  00  6D  22  10  00  03  00  00  00  40  FE  FF  FF  24  02  00  00  B2  06  00  00  6D  23  
14  00  03  00  00  00  23  F6  B0  76  A7  8F  0F  FD  C7  68  06  03  E5  D7  44  0A  6D  24  24  
00  02  00  00  00  00  00  00  00  00  00  00  00  00  00  00  00  00  00  00  00  00  00  00  00  
00  00  00  00  00  00  00  00  00  00  00  00  6D  31  20  00  03  00  00  00  CB  29  01  00  5A  
68  FF  FF  C3  2C  01  00  3D  B9  07  00  B6  80  06  00  E1  67  70  FF  12  61  07  00  6D  32  
24  00  03  00  00  00  70  83  0C  00  22  0A  CD  7B  01  00  00  00  07  FD  1A  8D  05  00  00  
00  FF  FF  FF  FF  FE  FF  FF  FF  F9  FF  FF  FF  6D  33  10  00  03  00  00  00  E3  07  02  19  
12  29  25  00  01  00  12  00  6D  34  14  00  03  00  00  00  35  29  03  00  B3  30  FF  FF  0E  
37  04  00  12  CD  07  00  6D  35  0C  00  03  00  00  00  25  8D  01  00  C4  11  07  00  41  53  
60  E4  47  4E  00  00  D8  7E  02  00  00  00  00  00  00  00  28  01  6D  15  14  00  02  01  00  
00  03  04  03  00  00  00  00  00  00  00  00  00  00  00  00  00  6D  16  10  00  03  00  00  00  
00  E3  07  02  19  12  29  26  00  43  00  00  00  6D  21  1C  00  03  00  00  00  CC  FE  FF  FF  
FA  FF  FF  FF  A9  FF  FF  FF  EE  FF  FF  FF  0E  00  00  00  2F  00  00  00  6D  22  10  00  03  
00  00  00  40  FE  FF  FF  24  02  00  00  B2  00  06  00  00  6D  23  14  00  03  00  00  00  CE  
F6  B0  76  68  0B  0F  FD  14  5B  06  03  58  AE  44  0A  6D  24  24  00  02  00  00  00  00  00  
00  00  00  00  00  00  00  00  00  00  00  00  00  00  00  00  00  00  00  00  00  00  00  00  00  
00  00  00  00  00  00  6D  31  20  00  03  00  00  00  1F  EB  FF  FF  CB  86  FF  FF  8F  EF  00  
00  CF  A8  07  00  4D  AA  06  00  4E  1B  70  FF  C6  61  07  00  6D  32  24  00  03  00  00  00  
06  84  0C  00  22  0A  CD  7B  01  00  00  00  18  00  FD  1A  8D  05  00  00  00  00  00  00  00  
00  00  00  00  FA  FF  FF  FF  6D  33  10  00  03  00  00  00  E3  07  02  19  12  29  26  00  01  
00  12  00  6D  34  14  00  03  00  00  00  29  39  03  00  41  47  FF  FF  C6  1B  04  00  E4  AA  
07  00  6D  35  0C  00  03  00  00  46  47  4E  00  00  D9  7E  02  00  64  00  00  00  00  00  28  
01  6D  15  14  00  02  01  00  00  03  04  03  00  00  00  00  00  00  00  00  00  00  00  00  00  
6D  16  10  00  03  00  00  00  E3  07  02  19  12  29  26  00  4D  00  00  00  6D  21  1C  00  03  
00  00  00  68  01  00  00  16  00  00  00  03  00  00  00  02  00  00  00  F6  FF  FF  FF  3C  00  
00  00  6D  22  10  00  03  00  00  00  40  FE  FF  FF  24  02  00  00  B2  06  00  00  6D  23  14  
00  03  00  00  00  95  FA  B0  76  0C  8B  0F  FD  83  6F  06  03  33  A1  44  0A  6D  24  24  00  
02  00  00  00  00  00  00  00  00  00  00  00  00  00  00  00  00  00  00  00  00  00  00  00  00  
00  00  00  00  00  00  00  00  00  00  00  6D  31  20  00  03  00  00  00  44  F0  00  00  BE  91  
FF  FF  CB  12  01  00  06  F6  07  00  74  4D  06  00  29  4C  70  FF  73  61  07  00  6D  32  24  
00  03  00  00  00  06  84  0C  00  22  0A  CD  7B  01  00  00  00  18  FD  1A  8D  05  00  00  00  
00  00  00  00  00  00  00  00  FA  FF  FF  FF  6D  33  10  00  03  00  00  00  E3  07  02  19  12  
29  26  00  01  00  12  00  6D  34  14  00  03  00  00  00  37  67  03  00  BE  47  FF  FF  0E  3F  
04  00  E4  AA  07  00  6D  35  0C  00  03  00  00  00  29  8D  01  00  28  12  07  00  41  53  31  
5C  47  4E  00  00  DA  7E  02  00  00  00  00  00  00  00  28  01  6D  15  14  00  02  01  00  00  
03  04  03  00  00  00  00  00  00  00  00  00  00  00  00  00  6D  16  10  00  03  00  00  00  00  
E3  07  02  19  12  29  26  00  57  00  00  00  6D  21  1C  00  03  00  00  00  AE  00  00  00  9E  
FF  FF  FF  C2  FF  FF  FF  E1  FF  FF  FF  06  00  00  00  47  00  00  00  6D  22  10  00  03  00  
00  00  40  FE  FF  FF  24  02  00  00  B2  00  06  00  00  6D  23  14  00  03  00  00  00  DF  FF  
B0  76  F3  C5  0F  FD  E3  4D  06  03  D4  7E  44  0A  6D  24  24  00  02  00  00  00  00  00  00  
00  00  00  00  00  00  00  00  00  00  00  00  00  00  00  00  00  00  00  00  00  00  00  00  00  
00  00  00  00  00  6D  31  20  00  03  00  00  00  75  A7  00  00  D7  62  FF  FF  36  F9  00  00  
12  73  07  00  09  8C  06  00  70  7A  70  FF  3F  61  07  00  6D  32  24  00  03  00  00  00  06  
84  0C  00  22  0A  CD  7B  01  00  00  00  18  00  FD  1A  8D  05  00  00  00  00  00  00  00  00  
00  00  00  FA  FF  FF  FF  6D  33  10  00  03  00  00  00  E3  07  02  19  12  29  26  00  01  00  
12  00  6D  34  14  00  03  00  00  00  F7  57  03  00  DF  65  FF  FF  9E  4E  04  00  D8  29  08  
00  6D  35  0C  00  03  00  00  97  47  4E  00  00  DB  7E  02  00  02  01  00  00  00  00  28  01  
6D  15  14  00  02  01  00  00  03  04  03  00  00  00  00  00  00  00  00  00  00  00  00  00  6D  
16  10  00  03  00  00  00  E3  07  02  19  12  29  26  00  61  00  00  00  6D  21  1C  00  03  00  
00  00  C5  01  00  00  81  00  00  00  6D  00  00  00  E7  FF  FF  FF  FD  FF  FF  FF  62  00  00  
00  6D  22  10  00  03  00  00  00  40  FE  FF  FF  24  02  00  00  B2  06  00  00  6D  23  14  00  
03  00  00  00  BE  FF  B0  76  68  67  10  FD  95  8E  06  03  6E  9B  44  0A  6D  24  24  00  02  
00  00  00  00  00  00  00  00  00  00  00  00  00  00  00  00  00  00  00  00  00  00  00  00  00  
00  00  00  00  00  00  00  00  00  00  6D  31  20  00  03  00  00  00  A4  14  01  00  5B  BB  FF  
FF  47  3C  01  00  82  8C  07  00  EC  66  06  00  98  E0  70  FF  F4  60  07  00  6D  32  24  00  
03  00  00  00  06  84  0C  00  22  0A  CD  7B  01  00  00  00  18  FD  1A  8D  05  00  00  00  00  
00  00  00  00  00  00  00  FA  FF  FF  FF  6D  33  10  00  03  00  00  00  E3  07  02  19  12  29  
26  00  01  00  12  00  6D  34  14  00  03  00  00  00  80  48  03  00  32  5E  FF  FF  C1  46  04  
00  AA  07  08  00  6D  35  0C  00  03  00  00  00  23  8D  01  00  0F  12  07  00  41  53  83  A7  
47  4E  00  00  DC  7E  02  00  03  04  03  00  00  00  28  01  6D  15  14  00  02  01  00  00  03  
04  03  00  00  00  00  00  00  00  00  00  00  00  00  00  6D  16  10  00  03  00  00  00  00  E3  
07  02  19  12  29  26  00  6B  00  00  00  6D  21  1C  00  03  00  00  00  50  00  00  00  AB  FF  
FF  FF  9A  FF  FF  FF  F2  FF  FF  FF  FD  FF  FF  FF  21  00  00  00  6D  22  10  00  03  00  00  
00  41  FE  FF  FF  24  02  00  00  B2  00  06  00  00  6D  23  14  00  03  00  00  00  2E  05  B1  
76  6D  7D  10  FD  66  6D  06  03  A3  6C  44  0A  6D  24  24  00  02  00  00  00  00  00  00  00  
00  00  00  00  00  00  00  00  00  00  00  00  00  00  00  00  00  00  00  00  00  00  00  00  00  
00  00  00  00  6D  31  20  00  03  00  00  00  FE  82  00  00  EC  67  FF  FF  B5  E9  00  00  9F  
B7  07  00  B9  64  06  00  9A  E3  6F  FF  19  61  07  00  6D  32  24  00  03  00  00  00  06  84  
0C  00  22  0A  CD  7B  01  00  00  00  18  00  FD  1A  8D  05  00  00  00  00  00  00  00  00  00  
00  00  FA  FF  FF  FF  6D  33  10  00  03  00  00  00  E3  07  02  19  12  29  26  00  01  00  12  
00  6D  34  14  00  03  00  00  00  E5  38  03  00  6D  47  FF  FF  FD  3A  04  00  65  D4  07  00  
6D  35  0C  00  03  00  00  94  47  4E  00  00  DD  7E  02  00  00  00  00  00  00  00  28  01  6D  
15  14  00  02  01  00  00  03  04  03  00  00  00  00  00  00  00  00  00  00  00  00  00  6D  16  
10  00  03  00  00  00  E3  07  02  19  12  29  26  00  75  00  00  00  6D  21  1C  00  03  00  00  
00  2F  02  00  00  BA  FF  FF  FF  A3  00  00  00  E5  FF  FF  FF  1B  00  00  00  59  00  00  00  
6D  22  10  00  03  00  00  00  41  FE  FF  FF  24  02  00  00  B2  06  00  00  6D  23  14  00  03  
00  00  00  15  06  B1  76  C5  4F  11  FD  C8  63  06  03  2E  A1  44  0A  6D  24  24  00  02  00  
00  00  00  00  00  00  00  00  00  00  00  00  00  00  00  00  00  00  00  00  00  00  00  00  00  
00  00  00  00  00  00  00  00  00  6D  31  20  00  03  00  00  00  2B  3E  01  00  C8  6D  FF  FF  
23  51  01  00  C0  84  07  00  A4  D8  06  00  13  C0  70  FF  09  62  07  00  6D  32  24  00  03  
00  00  00  06  84  0C  00  22  0A  CD  7B  01  00  00  00  18  FD  1A  8D  05  00  00  00  00  00  
00  00  00  00  00  00  FA  FF  FF  FF  6D  33  10  00  03  00  00  00  E3  07  02  19  12  29  26  
00  01  00  12  00  6D  34  14  00  03  00  00  00  7B  38  03  00  27  1A  FF  FF  48  2F  04  00  
20  A1  07  00  6D  35  0C  00  03  00  00  00  2B  8D  01  00  28  12  07  00  41  53  E8  7E  47  
4E  00  00  DE  7E  02  00  00  00  00  00  00  00  28  01  6D  15  14  00  02  01  00  00  03  04  
03  00  00  00  00  00  00  00  00  00  00  00  00  00  6D  16  10  00  03  00  00  00  00  E3  07  
02  19  12  29  26  00  7F  00  00  00  6D  21  1C  00  03  00  00  00  7B  FE  FF  FF  ED  FF  FF  
FF  C4  FF  FF  FF  F2  FF  FF  FF  0D  00  00  00  33  00  00  00  6D  22  10  00  03  00  00  00  
41  FE  FF  FF  24  02  00  00  B2  00  06  00  00  6D  23  14  00  03  00  00  00  DA  04  B1  76  
79  AC  10  FD  72  4B  06  03  E2  87  44  0A  6D  24  24  00  02  00  00  00  00  00  00  00  00  
00  00  00  00  00  00  00  00  00  00  00  00  00  00  00  00  00  00  00  00  00  00  00  00  00  
00  00  00  6D  31  20  00  03  00  00  00  8E  CB  FF  FF  A3  81  FF  FF  1B  FA  00  00  DE  B8  
07  00  22  A3  06  00  50  29  70  FF  4C  62  07  00  6D  32  24  00  03  00  00  00  06  84  0C  
00  22  0A  CD  7B  01  00  00  00  18  00  FD  1A  8D  05  00  00  00  00  00  00  00  00  00  00  
00  FA  FF  FF  FF  6D  33  10  00  03  00  00  00  E3  07  02  19  12  29  26  00  01  00  12  00  
6D  34  14  00  03  00  00  00  57  49  03  00  F6  A1  FF  FF  F0  3E  04  00  B8  DB  07  00  6D  
35  0C  00  03  00  00  21  47  4E  00  00  DF  7E  02  00  00  00  00  00  00  00  28  01  6D  15  
14  00  02  01  00  00  03  04  03  00  00  00  00  00  00  00  00  00  00  00  00  00  6D  16  10  
00  03  00  00  00  E3  07  02  19  12  29  26  00  89  00  00  00  6D  21  1C  00  03  00  00  00  
E3  00  00  00  4C  00  00  00  DB  FF  FF  FF  10  00  00  00  02  00  00  00  49  00  00  00  6D  
22  10  00  03  00  00  00  41  FE  FF  FF  24  02  00  00  B2  06  00  00  6D  23  14  00  03  00  
00  00  DC  07  B1  76  C0  F5  10  FD  F5  6C  06  03  38  70  44  0A  6D  24  24  00  02  00  00  
00  00  00  00  00  00  00  00  00  00  00  00  00  00  00  00  00  00  00  00  00  00  00  00  00  
00  00  00  00  00  00  00  00  6D  31  20  00  03  00  00  00  3D  BC  00  00  47  A6  FF  FF  52  
03  01  00  D7  2D  08  00  33  7A  06  00  17  7F  70  FF  D6  60  07  00  6D  32  24  00  03  00  
00  00  06  84  0C  00  22  0A  CD  7B  01  00  00  00  18  FD  1A  8D  05  00  00  00  00  00  00  
00  00  00  00  00  FA  FF  FF  FF  6D  33  10  00  03  00  00  00  E3  07  02  19  12  29  26  00  
01  00  12  00  6D  34  14  00  03  00  00  00  5A  39  03  00  14  6D  FF  FF  15  37  04  00  B8  
DB  07  00  6D  35  0C  00  03  00  00  00  26  8D  01  00  5A  12  07  00  41  53  0E  3C  47  4E  
00  00  E0  7E  02  00  14  00  00  00  00  00  28  01  6D  15  14  00  02  01  00  00  03  04  03  
00  00  00  00  00  00  00  00  00  00  00  00  00  6D  16  10  00  03  00  00  00  00  E3  07  02  
19  12  29  26  00  93  00  00  00  6D  21  1C  00  03  00  00  00  E3  00  00  00  AD  FF  FF  FF  
E9  FF  FF  FF  FA  FF  FF  FF  F8  FF  FF  FF  59  00  00  00  6D  22  10  00  03  00  00  00  41  
FE  FF  FF  24  02  00  00  B1  00  06  00  00  6D  23  14  00  03  00  00  00  EC  0B  B1  76  EE  
44  11  FD  A1  50  06  03  35  60  44  0A  6D  24  24  00  02  00  00  00  00  00  00  00  00  00  
00  00  00  00  00  00  00  00  00  00  00  00  00  00  00  00  00  00  00  00  00  00  00  00  00  
00  00  6D  31  20  00  03  00  00  00  44  BC  00  00  17  68  FF  FF  C0  08  01  00  FE  D4  07  
00  D0  4F  06  00  DB  BD  70  FF  12  61  07  00  6D  32  24  00  03  00  00  00  06  84  0C  00  
22  0A  CD  7B  01  00  00  00  18  00  FD  1A  8D  05  00  00  00  00  00  00  00  00  00  00  00  
FA  FF  FF  FF  6D  33  10  00  03  00  00  00  E3  07  02  19  12  29  26  00  01  00  12  00  6D  
34  14  00  03  00  00  00  0F  31  03  00  44  38  FF  FF  28  33  04  00  5E  EA  07  00  6D  35  
0C  00  03  00  00  DC  47  4E  00  00  E1  7E  02  00  3D  87  01  00  00  00  28  01  6D  15  14  
00  02  01  00  00  03  04  03  00  00  00  00  00  00  00  00  00  00  00  00  00  6D  16  10  00  
03  00  00  00  E3  07  02  19  12  29  26  00  9D  00  00  00  6D  21  1C  00  03  00  00  00  AE  
FF  FF  FF  9B  00  00  00  3A  00  00  00  FC  FF  FF  FF  F4  FF  FF  FF  37  00  00  00  6D  22  
10  00  03  00  00  00  41  FE  FF  FF  24  02  00  00  B2  06  00  00  6D  23  14  00  03  00  00  
00  F3  07  B1  76  1F  15  11  FD  2F  88  06  03  1B  70  44  0A  6D  24  24  00  02  00  00  00  
00  00  00  00  00  00  00  00  00  00  00  00  00  00  00  00  00  00  00  00  00  00  00  00  00  
00  00  00  00  00  00  00  6D  31  20  00  03  00  00  00  92  43  00  00  4C  C5  FF  FF  5B  28  
01  00  E3  DE  07  00  78  3F  06  00  96  39  70  FF  4E  61  07  00  6D  32  24  00  03  00  00  
00  06  84  0C  00  22  0A  CD  7B  01  00  00  00  18  FD  1A  8D  05  00  00  00  00  00  00  00  
00  00  00  00  FA  FF  FF  FF  6D  33  10  00  03  00  00  00  E3  07  02  19  12  29  26  00  01  
00  12  00  6D  34  14  00  03  00  00  00  25  48  03  00  7A  38  FF  FF  F3  3E  04  00  50  16  
08  00  6D  35  0C  00  03  00  00  00  28  8D  01  00  C4  11  07  00  41  53  1D  4C  47  4E  00  
00  E2  7E  02  00  01  16  01  60  00  00  28  01  6D  15  14  00  02  01  00  00  03  04  03  00  
00  00  00  00  00  00  00  00  00  00  00  00  6D  16  10  00  03  00  00  00  00  E3  07  02  19  
12  29  26  00  A7  00  00  00  6D  21  1C  00  03  00  00  00  E3  FF  FF  FF  5A  00  00  00  F7  
FF  FF  FF  0F  00  00  00  17  00  00  00  58  00  00  00  6D  22  10  00  03  00  00  00  41  FE  
FF  FF  24  02  00  00  B2  00  06  00  00  6D  23  14  00  03  00  00  00  7F  07  B1  76  4C  FB  
10  FD  11  A8  06  03  95  64  44  0A  6D  24  24  00  02  00  00  00  00  00  00  00  00  00  00  
00  00  00  00  00  00  00  00  00  00  00  00  00  00  00  00  00  00  00  00  00  00  00  00  00  
00  6D  31  20  00  03  00  00  00  5C  58  00  00  86  AB  FF  FF  26  0E  01  00  21  2A  08  00  
A0  C8  06  00  3A  B9  70  FF  A6  62  07  00  6D  32  24  00  03  00  00  00  92  84  0C  00  22  
0A  CD  7B  01  00  00  00  2A  00  FD  1A  8D  05  00  00  00  FE  FF  FF  FF  FF  FF  FF  FF  FA  
FF  FF  FF  6D  33  10  00  03  00  00  00  E3  07  02  19  12  29  26  00  01  00  12  00  6D  34  
14  00  03  00  00  00  F7  38  03  00  35  38  FF  FF  AC  1F  04  00  00  53  07  00  6D  35  0C  
00  03  00  00  24  47  4E  00  00  E3  7E  02  00  2A  00  00  00  00  00  28  01  6D  15  14  00  
02  01  00  00  03  04  03  00  00  00  00  00  00  00  00  00  00  00  00  00  6D  16  10  00  03  
00  00  00  E3  07  02  19  12  29  26  00  B1  00  00  00  6D  21  1C  00  03  00  00  00  F0  00  
00  00  E2  FF  FF  FF  CE  FF  FF  FF  FD  FF  FF  FF  15  00  00  00  37  00  00  00  6D  22  10  
00  03  00  00  00  41  FE  FF  FF  24  02  00  00  B1  06  00  00  6D  23  14  00  03  00  00  00  
43  0C  B1  76  2E  4D  11  FD  A7  A2  06  03  7A  46  44  0A  6D  24  24  00  02  00  00  00  00  
00  00  00  00  00  00  00  00  00  00  00  00  00  00  00  00  00  00  00  00  00  00  00  00  00  
00  00  00  00  00  00  6D  31  20  00  03  00  00  00  5F  C1  00  00  EA  7C  FF  FF  33  FE  00  
00  EF  E2  07  00  DB  C1  06  00  6F  39  70  FF  A8  61  07  00  6D  32  24  00  03  00  00  00  
92  84  0C  00  22  0A  CD  7B  01  00  00  00  2A  FD  1A  8D  05  00  00  00  FE  FF  FF  FF  FF  
FF  FF  FF  FA  FF  FF  FF  6D  33  10  00  03  00  00  00  E3  07  02  19  12  29  26  00  01  00  
12  00  6D  34  14  00  03  00  00  00  27  39  03  00  DB  4E  FF  FF  79  27  04  00  F2  7E  07  
00  6D  35  0C  00  03  00  00  00  25  8D  01  00  DD  11  07  00  41  53  6D  F9  47  4E  00  00  
E4  7E  02  00  10  05  00  00  00  00  28  01  6D  15  14  00  02  01  00  00  03  04  03  00  00  
00  00  00  00  00  00  00  00  00  00  00  6D  16  10  00  03  00  00  00  00  E3  07  02  19  12  
29  26  00  BB  00  00  00  6D  21  1C  00  03  00  00  00  C9  FF  FF  FF  13  01  00  00  11  00  
00  00  ED  FF  FF  FF  05  00  00  00  59  00  00  00  6D  22  10  00  03  00  00  00  41  FE  FF  
FF  24  02  00  00  B1  00  06  00  00  6D  23  14  00  03  00  00  00  D8  08  B1  76  5F  22  11  
FD  A7  09  07  03  65  43  44  0A  6D  24  24  00  02  00  00  00  00  00  00  00  00  00  00  00  
00  00  00  00  00  00  00  00  00  00  00  00  00  00  00  00  00  00  00  00  00  00  00  00  00  
6D  31  20  00  03  00  00  00  15  4E  00  00  F4  F3  FF  FF  83  18  01  00  CB  A3  07  00  3A  
85  06  00  16  C0  70  FF  21  61  07  00  6D  32  24  00  03  00  00  00  92  84  0C  00  22  0A  
CD  7B  01  00  00  00  2A  00  FD  1A  8D  05  00  00  00  FE  FF  FF  FF  FF  FF  FF  FF  FA  FF  
FF  FF  6D  33  10  00  03  00  00  00  E3  07  02  19  12  29  26  00  01  00  12  00  6D  34  14  
00  03  00  00  00  14  3D  03  00  39  5A  FF  FF  4A  2F  04  00  F4  D1  07  00  6D  35  0C  00  
03  00  00  63  47  4E  00  00  E5  7E  02  00  00  00  00  00  00  00  28  01  6D  15  14  00  02  
01  00  00  03  04  03  00  00  00  00  00  00  00  00  00  00  00  00  00  6D  16  10  00  03  00  
00  00  E3  07  02  19  12  29  26  00  C5  00  00  00  6D  21  1C  00  03  00  00  00  0F  FF  FF  
FF  D3  FF  FF  FF  DE  FF  FF  FF  09  00  00  00  10  00  00  00  51  00  00  00  6D  22  10  00  
03  00  00  00  41  FE  FF  FF  24  02  00  00  B1  06  00  00  6D  23  14  00  03  00  00  00  9A  
08  B1  76  BF  B8  10  FD  C2  ED  06  03  38  30  44  0A  6D  24  24  00  02  00  00  00  00  00  
00  00  00  00  00  00  00  00  00  00  00  00  00  00  00  00  00  00  00  00  00  00  00  00  00  
00  00  00  00  00  6D  31  20  00  03  00  00  00  78  05  00  00  34  77  FF  FF  73  04  01  00  
FF  13  08  00  D9  AF  06  00  76  9F  70  FF  93  60  07  00  6D  32  24  00  03  00  00  00  92  
84  0C  00  22  0A  CD  7B  01  00  00  00  2A  FD  1A  8D  05  00  00  00  FE  FF  FF  FF  FF  FF  
FF  FF  FA  FF  FF  FF  6D  33  10  00  03  00  00  00  E3  07  02  19  12  29  26  00  01  00  12  
00  6D  34  14  00  03  00  00  00  49  48  03  00  64  38  FF  FF  55  2F  04  00  24  47  08  00  
6D  35  0C  00  03  00  00  00  28  8D  01  00  C4  11  07  00  41  53  25  3E  47  4E  00  00  E6  
7E  02  00  00  00  00  00  00  00  28  01  6D  15  14  00  02  01  00  00  03  04  03  00  00  00  
00  00  00  00  00  00  00  00  00  00  6D  16  10  00  03  00  00  00  00  E3  07  02  19  12  29  
26  00  CF  00  00  00  6D  21  1C  00  03  00  00  00  77  00  00  00  24  00  00  00  11  00  00  
00  0A  00  00  00  0C  00  00  00  57  00  00  00  6D  22  10  00  03  00  00  00  41  FE  FF  FF  
24  02  00  00  B1  00  06  00  00  6D  23  14  00  03  00  00  00  4F  09  B1  76  05  D9  10  FD  
D9  FD  06  03  84  2C  44  0A  6D  24  24  00  02  00  00  00  00  00  00  00  00  00  00  00  00  
00  00  00  00  00  00  00  00  00  00  00  00  00  00  00  00  00  00  00  00  00  00  00  00  6D  
31  20  00  03  00  00  00  33  92  00  00  B7  96  FF  FF  7A  18  01  00  FB  15  08  00  48  9F  
06  00  18  B9  70  FF  28  61  07  00  6D  32  24  00  03  00  00  00  92  84  0C  00  22  0A  CD  
7B  01  00  00  00  2A  00  FD  1A  8D  05  00  00  00  FE  FF  FF  FF  FF  FF  FF  FF  FA  FF  FF  
FF  6D  33  10  00  03  00  00  00  E3  07  02  19  12  29  26  00  01  00  12  00  6D  34  14  00  
03  00  00  00  00  49  03  00  D3  83  FF  FF  F1  3E  04  00  C8  02  08  00  6D  35  0C  00  03  
00  00  CB  47  4E  00  00  E7  7E  02  00  00  00  00  00  00  00  28  01  6D  15  14  00  02  01  
00  00  03  04  03  00  00  00  00  00  00  00  00  00  00  00  00  00  6D  16  10  00  03  00  00  
00  E3  07  02  19  12  29  26  00  D9  00  00  00  6D  21  1C  00  03  00  00  00  6F  FD  FF  FF  
2F  00  00  00  ED  FF  FF  FF  12  00  00  00  02  00  00  00  4F  00  00  00  6D  22  10  00  03  
00  00  00  40  FE  FF  FF  24  02  00  00  B1  06  00  00  6D  23  14  00  03  00  00  00  D0  03  
B1  76  B3  CA  0F  FD  99  F9  06  03  00  20  44  0A  6D  24  24  00  02  00  00  00  00  00  00  
00  00  00  00  00  00  00  00  00  00  00  00  00  00  00  00  00  00  00  00  00  00  00  00  00  
00  00  00  00  6D  31  20  00  03  00  00  00  FC  62  FF  FF  4F  9B  FF  FF  4A  0A  01  00  92  
36  08  00  C1  79  06  00  C3  98  70  FF  E4  61  07  00  6D  32  24  00  03  00  00  00  92  84  
0C  00  22  0A  CD  7B  01  00  00  00  2A  FD  1A  8D  05  00  00  00  FE  FF  FF  FF  FF  FF  FF  
FF  FA  FF  FF  FF  6D  33  10  00  03  00  00  00  E3  07  02  19  12  29  26  00  01  00  12  00  
6D  34  14  00  03  00  00  00  C2  40  03  00  91  56  FF  FF  EB  3E  04  00  8C  0C  08  00  6D  
35  0C  00  03  00  00  00  25  8D  01  00  28  12  07  00  41  53  91  4A  47  4E  00  00  E8  7E  
02  00  00  04  00  00  00  00  28  01  6D  15  14  00  02  01  00  00  03  04  03  00  00  00  00  
00  00  00  00  00  00  00  00  00  6D  16  10  00  03  00  00  00  00  E3  07  02  19  12  29  26  
00  E3  00  00  00  6D  21  1C  00  03  00  00  00  85  00  00  00  E1  FF  FF  FF  7E  FF  FF  FF  
FE  FF  FF  FF  13  00  00  00  34  00  00  00  6D  22  10  00  03  00  00  00  40  FE  FF  FF  24  
02  00  00  B1  00  06  00  00  6D  23  14  00  03  00  00  00  73  0A  B1  76  15  F1  0F  FD  76  
F0  06  03  F8  E0  43  0A  6D  24  24  00  02  00  00  00  00  00  00  00  00  00  00  00  00  00  
00  00  00  00  00  00  00  00  00  00  00  00  00  00  00  00  00  00  00  00  00  00  00  6D  31  
20  00  03  00  00  00  C7  97  00  00  C6  7C  FF  FF  0D  DF  00  00  AE  E7  07  00  8E  BF  06  
00  D9  2D  70  FF  A0  61  07  00  6D  32  24  00  03  00  00  00  92  84  0C  00  22  0A  CD  7B  
01  00  00  00  2A  00  FD  1A  8D  05  00  00  00  FE  FF  FF  FF  FF  FF  FF  FF  FA  FF  FF  FF  
6D  33  10  00  03  00  00  00  E3  07  02  19  12  29  26  00  01  00  12  00  6D  34  14  00  03  
00  00  00  BA  30  03  00  17  2D  FF  FF  97  4A  04  00  AA  07  08  00  6D  35  0C  00  03  00  
00  48  47  4E  00  00  E9  7E  02  00  BE  BF  21  00  00  00  28  01  6D  15  14  00  02  01  00  
00  03  04  03  00  00  00  00  00  00  00  00  00  00  00  00  00  6D  16  10  00  03  00  00  00  
E3  07  02  19  12  29  26  00  ED  00  00  00  6D  21  1C  00  03  00  00  00  F0  FF  FF  FF  EE  
FF  FF  FF  7D  00  00  00  03  00  00  00  03  00  00  00  48  00  00  00  6D  22  10  00  03  00  
00  00  40  FE  FF  FF  24  02  00  00  B1  06  00  00  6D  23  14  00  03  00  00  00  F9  06  B1  
76  BA  DF  0F  FD  20  EA  06  03  0F  06  44  0A  6D  24  24  00  02  00  00  00  00  00  00  00  
00  00  00  00  00  00  00  00  00  00  00  00  00  00  00  00  00  00  00  00  00  00  00  00  00  
00  00  00  6D  31  20  00  03  00  00  00  BE  5D  00  00  E8  81  FF  FF  96  42  01  00  C0  FC  
07  00  94  7E  06  00  CA  7C  70  FF  19  61  07  00  6D  32  24  00  03  00  00  00  92  84  0C  
00  22  0A  CD  7B  01  00  00  00  2A  FD  1A  8D  05  00  00  00  FE  FF  FF  FF  FF  FF  FF  FF  
FA  FF  FF  FF  6D  33  10  00  03  00  00  00  E3  07  02  19  12  29  26  00  01  00  12  00  6D  
34  14  00  03  00  00  00  5B  19  03  00  70  38  FF  FF  AD  6D  04  00  B8  DB  07  00  6D  35  
0C  00  03  00  00  00  24  8D  01  00  F6  11  07  00  41  53  D7  AA  47  4E  00  00  EA  7E  02  
00  CE  20  00  00  00  00  28  01  6D  15  14  00  02  01  00  00  03  04  03  00  00  00  00  00  
00  00  00  00  00  00  00  00  6D  16  10  00  03  00  00  00  00  E3  07  02  19  12  29  26  00  
F7  00  00  00  6D  21  1C  00  03  00  00  00  18  00  00  00  A7  00  00  00  E9  FF  FF  FF  FD  
FF  FF  FF  02  00  00  00  52  00  00  00  6D  22  10  00  03  00  00  00  40  FE  FF  FF  25  02  
00  00  B1  00  06  00  00  6D  23  14  00  03  00  00  00  07  07  B1  76  EC  D5  0F  FD  0A  2C  
07  03  2C  EF  43  0A  6D  24  24  00  02  00  00  00  00  00  00  00  00  00  00  00  00  00  00  
00  00  00  00  00  00  00  00  00  00  00  00  00  00  00  00  00  00  00  00  00  00  6D  31  20  
00  03  00  00  00  66  6D  00  00  9D  CA  FF  FF  BE  08  01  00  D9  E4  07  00  67  79  06  00  
12  A2  70  FF  11  62  07  00  6D  32  24  00  03  00  00  00  92  84  0C  00  22  0A  CD  7B  01  
00  00  00  2A  00  FD  1A  8D  05  00  00  00  FE  FF  FF  FF  FF  FF  FF  FF  FA  FF  FF  FF  6D  
33  10  00  03  00  00  00  E3  07  02  19  12  29  26  00  01  00  12  00  6D  34  14  00  03  00  
00  00  10  57  03  00  37  FC  FE  FF  64  2F  04  00  E4  AA  07  00  6D  35  0C  00  03  00  00  
02  47  4E  00  00  EB  7E  02  00  00  00  00  00  00  00  28  01  6D  15  14  00  02  01  00  00  
03  04  03  00  00  00  00  00  00  00  00  00  00  00  00  00  6D  16  10  00  03  00  00  00  E3  
07  02  19  12  29  26  00  01  01  00  00  6D  21  1C  00  03  00  00  00  AD  FF  FF  FF  C1  00  
00  00  CF  FF  FF  FF  03  00  00  00  FA  FF  FF  FF  41  00  00  00  6D  22  10  00  03  00  00  
00  40  FE  FF  FF  25  02  00  00  B1  06  00  00  6D  23  14  00  03  00  00  00  AA  06  B1  76  
CF  A1  0F  FD  76  74  07  03  1A  CF  43  0A  6D  24  24  00  02  00  00  00  00  00  00  00  00  
00  00  00  00  00  00  00  00  00  00  00  00  00  00  00  00  00  00  00  00  00  00  00  00  00  
00  00  6D  31  20  00  03  00  00  00  A9  43  00  00  DF  D4  FF  FF  7B  FE  00  00  4A  FA  07  
00  3A  5B  06  00  6A  63  70  FF  FA  61  07  00  6D  32  24  00  03  00  00  00  92  84  0C  00  
22  0A  CD  7B  01  00  00  00  2A  FD  1A  8D  05  00  00  00  FE  FF  FF  FF  FF  FF  FF  FF  FA  
FF  FF  FF  6D  33  10  00  03  00  00  00  E3  07  02  19  12  29  26  00  01  00  12  00  6D  34  
14  00  03  00  00  00  67  57  03  00  5A  1A  FF  FF  63  2F  04  00  20  A1  07  00  6D  35  0C  
00  03  00  00  00  29  8D  01  00  C4  11  07  00  41  53  4A  A8  47  4E  00  00  EC  7E  02  00  
00  00  00  00  00  00  28  01  6D  15  14  00  02  01  00  00  03  04  03  00  00  00  00  00  00  
00  00  00  00  00  00  00  6D  16  10  00  03  00  00  00  00  E3  07  02  19  12  29  26  00  0B  
01  00  00  6D  21  1C  00  03  00  00  00  D5  FF  FF  FF  DF  FF  FF  FF  48  00  00  00  0B  00  
00  00  F4  FF  FF  FF  34  00  00  00  6D  22  10  00  03  00  00  00  40  FE  FF  FF  25  02  00  
00  B1  00  06  00  00  6D  23  14  00  03  00  00  00  DC  04  B1  76  65  86  0F  FD  D0  67  07  
03  D5  DF  43  0A  6D  24  24  00  02  00  00  00  00  00  00  00  00  00  00  00  00  00  00  00  
00  00  00  00  00  00  00  00  00  00  00  00  00  00  00  00  00  00  00  00  00  6D  31  20  00  
03  00  00  00  64  53  00  00  AB  7C  FF  FF  C2  2D  01  00  8F  1B  08  00  59  44  06  00  4D  
30  70  FF  46  61  07  00  6D  32  24  00  03  00  00  00  A0  85  0C  00  22  0A  CD  7B  01  00  
00  00  5E  00  FD  1A  8D  05  00  00  00  02  00  00  00  07  00  00  00  FA  FF  FF  FF  6D  33  
10  00  03  00  00  00  E3  07  02  19  12  29  26  00  01  00  12  00  6D  34  14  00  03  00  00  
00  1C  4C  03  00  70  38  FF  FF  40  33  04  00  20  A1  07  00  6D  35  0C  00  03  00  00  6F  
47  4E  00  00  ED  7E  02  00  00  00  00  00  00  00  28  01  6D  15  14  00  02  01  00  00  03  
04  03  00  00  00  00  00  00  00  00  00  00  00  00  00  6D  16  10  00  03  00  00  00  E3  07  
02  19  12  29  26  00  15  01  00  00  6D  21  1C  00  03  00  00  00  32  00  00  00  E0  FF  FF  
FF  2D  00  00  00  FF  FF  FF  FF  01  00  00  00  51  00  00  00  6D  22  10  00  03  00  00  00  
40  FE  FF  FF  25  02  00  00  B1  06  00  00  6D  23  14  00  03  00  00  00  E0  04  B1  76  42  
8F  0F  FD  44  5E  07  03  04  E5  43  0A  6D  24  24  00  02  00  00  00  00  00  00  00  00  00  
00  00  00  00  00  00  00  00  00  00  00  00  00  00  00  00  00  00  00  00  00  00  00  00  00  
00  6D  31  20  00  03  00  00  00  FB  77  00  00  CD  7C  FF  FF  1C  23  01  00  66  EE  07  00  
A8  79  06  00  FE  A1  70  FF  91  61  07  00  6D  32  24  00  03  00  00  00  A0  85  0C  00  22  
0A  CD  7B  01  00  00  00  5E  FD  1A  8D  05  00  00  00  02  00  00  00  07  00  00  00  FA  FF  
FF  FF  6D  33  10  00  03  00  00  00  E3  07  02  19  12  29  26  00  01  00  12  00  6D  34  14  
00  03  00  00  00  3A  29  03  00  47  38  FF  FF  D7  3E  04  00  6C  BE  07  00  6D  35  0C  00  
03  00  00  00  25  8D  01  00  41  12  07  00  41  53  F7  4A  47  4E  00  00  EE  7E  02  00  00  
00  00  00  00  00  28  01  6D  15  14  00  02  01  00  00  03  04  03  00  00  00  00  00  00  00  
00  00  00  00  00  00  6D  16  10  00  03  00  00  00  00  E3  07  02  19  12  29  26  00  1F  01  
00  00  6D  21  1C  00  03  00  00  00  33  00  00  00  8F  FF  FF  FF  EA  FF  FF  FF  F9  FF  FF  
FF  09  00  00  00  39  00  00  00  6D  22  10  00  03  00  00  00  40  FE  FF  FF  25  02  00  00  
B1  00  06  00  00  6D  23  14  00  03  00  00  00  E3  07  B1  76  BD  9A  0F  FD  9F  34  07  03  
BE  D1  43  0A  6D  24  24  00  02  00  00  00  00  00  00  00  00  00  00  00  00  00  00  00  00  
00  00  00  00  00  00  00  00  00  00  00  00  00  00  00  00  00  00  00  00  6D  31  20  00  03  
00  00  00  58  78  00  00  93  5D  FF  FF  27  09  01  00  F8  D2  07  00  13  98  06  00  B5  42  
70  FF  21  61  07  00  6D  32  24  00  03  00  00  00  A0  85  0C  00  22  0A  CD  7B  01  00  00  
00  5E  00  FD  1A  8D  05  00  00  00  02  00  00  00  07  00  00  00  FA  FF  FF  FF  6D  33  10  
00  03  00  00  00  E3  07  02  19  12  29  26  00  01  00  12  00  6D  34  14  00  03  00  00  00  
AB  34  03  00  AF  21  FF  FF  2C  33  04  00  5E  EA  07  00  6D  35  0C  00  03  00  00  1A  47  
4E  00  00  EF  7E  02  00  00  00  00  00  00  00  28  01  6D  15  14  00  02  01  00  00  03  04  
03  00  00  00  00  00  00  00  00  00  00  00  00  00  6D  16  10  00  03  00  00  00  E3  07  02  
19  12  29  26  00  29  01  00  00  6D  21  1C  00  03  00  00  00  33  FF  FF  FF  98  00  00  00  
48  00  00  00  EC  FF  FF  FF  0E  00  00  00  26  00  00  00  6D  22  10  00  03  00  00  00  40  
FE  FF  FF  25  02  00  00  B1  06  00  00  6D  23  14  00  03  00  00  00  A3  02  B1  76  59  3A  
0F  FD  F0  69  07  03  21  E3  43  0A  6D  24  24  00  02  00  00  00  00  00  00  00  00  00  00  
00  00  00  00  00  00  00  00  00  00  00  00  00  00  00  00  00  00  00  00  00  00  00  00  00  
6D  31  20  00  03  00  00  00  80  14  00  00  2F  C5  FF  FF  D3  2D  01  00  29  A2  07  00  7C  
AA  06  00  70  F8  6F  FF  5D  61  07  00  6D  32  24  00  03  00  00  00  A0  85  0C  00  22  0A  
CD  7B  01  00  00  00  5E  FD  1A  8D  05  00  00  00  02  00  00  00  07  00  00  00  FA  FF  FF  
FF  6D  33  10  00  03  00  00  00  E3  07  02  19  12  29  26  00  01  00  12  00  6D  34  14  00  
03  00  00  00  3B  40  03  00  C7  21  FF  FF  1E  37  04  00  40  EF  07  00  6D  35  0C  00  03  
00  00  00  27  8D  01  00  73  12  07  00  41  53  64  D9  47  4E  00  00  F0  7E  02  00  00  00  
00  00  00  00  28  01  6D  15  14  00  02  01  00  00  03  04  03  00  00  00  00  00  00  00  00  
00  00  00  00  00  6D  16  10  00  03  00  00  00  00  E3  07  02  19  12  29  26  00  33  01  00  
00  6D  21  1C  00  03  00  00  00  18  00  00  00  B6  FF  FF  FF  9A  FF  FF  FF  F4  FF  FF  FF  
0D  00  00  00  4B  00  00  00  6D  22  10  00  03  00  00  00  40  FE  FF  FF  25  02  00  00  B1  
00  06  00  00  6D  23  14  00  03  00  00  00  A3  07  B1  76  07  39  0F  FD  D5  4C  07  03  8C  
B1  43  0A  6D  24  24  00  02  00  00  00  00  00  00  00  00  00  00  00  00  00  00  00  00  00  
00  00  00  00  00  00  00  00  00  00  00  00  00  00  00  00  00  00  00  6D  31  20  00  03  00  
00  00  14  6E  00  00  08  6D  FF  FF  CE  E9  00  00  57  C2  07  00  11  A6  06  00  53  88  70  
FF  FC  60  07  00  6D  32  24  00  03  00  00  00  A0  85  0C  00  22  0A  CD  7B  01  00  00  00  
5E  00  FD  1A  8D  05  00  00  00  02  00  00  00  07  00  00  00  FA  FF  FF  FF  6D  33  10  00  
03  00  00  00  E3  07  02  19  12  29  26  00  01  00  12  00  6D  34  14  00  03  00  00  00  61  
3C  03  00  55  29  FF  FF  E9  3E  04  00  CF  EC  07  00  6D  35  0C  00  03  00  00  AD  47  4E  
00  00  F1  7E  02  00  00  00  00  00  00  00  28  01  6D  15  14  00  02  01  00  00  03  04  03  
00  00  00  00  00  00  00  00  00  00  00  00  00  6D  16  10  00  03  00  00  00  E3  07  02  19  
12  29  26  00  3D  01  00  00  6D  21  1C  00  03  00  00  00  D2  00  00  00  2E  00  00  00  03  
00  00  00  04  00  00  00  21  00  00  00  53  00  00  00  6D  22  10  00  03  00  00  00  40  FE  
FF  FF  25  02  00  00  B1  06  00  00  6D  23  14  00  03  00  00  00  C7  09  B1  76  F4  7B  0F  
FD  DA  65  07  03  8E  A4  43  0A  6D  24  24  00  02  00  00  00  00  00  00  00  00  00  00  00  
00  00  00  00  00  00  00  00  00  00  00  00  00  00  00  00  00  00  00  00  00  00  00  00  6D  
31  20  00  03  00  00  00  B7  B6  00  00  0A  9C  FF  FF  03  13  01  00  9A  00  08  00  4A  F5  
06  00  C3  A8  70  FF  8A  61  07  00  6D  32  24  00  03  00  00  00  A0  85  0C  00  22  0A  CD  
7B  01  00  00  00  5E  FD  1A  8D  05  00  00  00  02  00  00  00  07  00  00  00  FA  FF  FF  FF  
6D  33  10  00  03  00  00  00  E3  07  02  19  12  29  26  00  01  00  12  00  6D  34  14  00  03  
00  00  00  96  19  03  00  1C  29  FF  FF  CA  3E  04  00  C8  02  08  00  6D  35  0C  00  03  00  
00  00  26  8D  01  00  F6  11  07  00  41  53  8F  B0  47  4E  00  00  F2  7E  02  00  00  00  00  
00  00  00  28  01  6D  15  14  00  02  01  00  00  03  04  03  00  00  00  00  00  00  00  00  00  
00  00  00  00  6D  16  10  00  03  00  00  00  00  E3  07  02  19  12  29  26  00  47  01  00  00  
6D  21  1C  00  03  00  00  00  C8  FE  FF  FF  73  FF  FF  FF  06  00  00  00  EB  FF  FF  FF  08  
00  00  00  57  00  00  00  6D  22  10  00  03  00  00  00  40  FE  FF  FF  25  02  00  00  B1  00  
06  00  00  6D  23  14  00  03  00  00  00  9E  08  B1  76  E6  F9  0E  FD  F9  23  07  03  23  A0  
43  0A  6D  24  24  00  02  00  00  00  00  00  00  00  00  00  00  00  00  00  00  00  00  00  00  
00  00  00  00  00  00  00  00  00  00  00  00  00  00  00  00  00  00  6D  31  20  00  03  00  00  
00  05  EB  FF  FF  FB  52  FF  FF  46  14  01  00  DD  9E  07  00  F9  92  06  00  2A  B9  70  FF  
A8  61  07  00  6D  32  24  00  03  00  00  00  A0  85  0C  00  22  0A  CD  7B  01  00  00  00  5E  
00  FD  1A  8D  05  00  00  00  02  00  00  00  07  00  00  00  FA  FF  FF  FF  6D  33  10  00  03  
00  00  00  E3  07  02  19  12  29  26  00  01  00  12  00  6D  34  14  00  03  00  00  00  CE  53  
03  00  15  40  FF  FF  FD  3E  04  00  29  DE  07  00  6D  35  0C  00  03  00  00  21  47  4E  00  
00  F3  7E  02  00  00  00  00  00  00  00  28  01  6D  15  14  00  02  01  00  00  03  04  03  00  
00  00  00  00  00  00  00  00  00  00  00  00  6D  16  10  00  03  00  00  00  E3  07  02  19  12  
29  26  00  51  01  00  00  6D  21  1C  00  03  00  00  00  D2  00  00  00  74  FF  FF  FF  47  00  
00  00  02  00  00  00  0C  00  00  00  55  00  00  00  6D  22  10  00  03  00  00  00  40  FE  FF  
FF  24  02  00  00  B1  06  00  00  6D  23  14  00  03  00  00  00  60  0A  B1  76  44  43  0F  FD  
20  F5  06  03  AB  AE  43  0A  6D  24  24  00  02  00  00  00  00  00  00  00  00  00  00  00  00  
00  00  00  00  00  00  00  00  00  00  00  00  00  00  00  00  00  00  00  00  00  00  00  6D  31  
20  00  03  00  00  00  D5  B6  00  00  60  53  FF  FF  6A  2D  01  00  6A  F5  07  00  E0  A3  06  
00  CD  AF  70  FF  0B  61  07  00  6D  32  24  00  03  00  00  00  A0  85  0C  00  22  0A  CD  7B  
01  00  00  00  5E  FD  1A  8D  05  00  00  00  02  00  00  00  07  00  00  00  FA  FF  FF  FF  6D  
33  10  00  03  00  00  00  E3  07  02  19  12  29  26  00  01  00  12  00  6D  34  14  00  03  00  
00  00  52  5F  03  00  A0  38  FF  FF  07  3F  04  00  8A  B9  07  00  6D  35  0C  00  03  00  00  
00  25  8D  01  00  0F  12  07  00  41  53  AD  0B  47  4E  00  00  F4  7E  02  00  00  00  00  00  
00  00  28  01  6D  15  14  00  02  01  00  00  03  04  03  00  00  00  00  00  00  00  00  00  00  
00  00  00  6D  16  10  00  03  00  00  00  00  E3  07  02  19  12  29  26  00  5B  01  00  00  6D  
21  1C  00  03  00  00  00  05  02  00  00  FD  FE  FF  FF  45  00  00  00  01  00  00  00  0B  00  
00  00  32  00  00  00  6D  22  10  00  03  00  00  00  40  FE  FF  FF  24  02  00  00  B1  00  06  
00  00  6D  23  14  00  03  00  00  00  46  10  B1  76  AA  08  10  FD  90  A2  06  03  57  BB  43  
0A  6D  24  24  00  02  00  00  00  00  00  00  00  00  00  00  00  00  00  00  00  00  00  00  00  
00  00  00  00  00  00  00  00  00  00  00  00  00  00  00  00  00  6D  31  20  00  03  00  00  00  
E7  2E  01  00  0F  25  FF  FF  EC  2C  01  00  50  F3  07  00  CD  9E  06  00  FB  26  70  FF  09  
62  07  00  6D  32  24  00  03  00  00  00  A0  85  0C  00  22  0A  CD  7B  01  00  00  00  5E  00  
FD  1A  8D  05  00  00  00  02  00  00  00  07  00  00  00  FA  FF  FF  FF  6D  33  10  00  03  00  
00  00  E3  07  02  19  12  29  26  00  01  00  12  00  6D  34  14  00  03  00  00  00  B2  53  03  
00  C8  34  FF  FF  FD  3E  04  00  19  B7  07  00  6D  35  0C  00  03  00  00  9F  47  4E  00  00  
F5  7E  02  00  00  00  00  00  00  00  28  01  6D  15  14  00  02  01  00  00  03  04  03  00  00  
00  00  00  00  00  00  00  00  00  00  00  6D  16  10  00  03  00  00  00  E3  07  02  19  12  29  
26  00  65  01  00  00  6D  21  1C  00  03  00  00  00  71  02  00  00  82  FF  FF  FF  E7  FF  FF  
FF  14  00  00  00  0C  00  00  00  3C  00  00  00  6D  22  10  00  03  00  00  00  41  FE  FF  FF  
24  02  00  00  B1  06  00  00  6D  23  14  00  03  00  00  00  25  19  B1  76  C9  F1  10  FD  AF  
86  06  03  A6  9F  43  0A  6D  24  24  00  02  00  00  00  00  00  00  00  00  00  00  00  00  00  
00  00  00  00  00  00  00  00  00  00  00  00  00  00  00  00  00  00  00  00  00  00  6D  31  20  
00  03  00  00  00  FA  58  01  00  E6  58  FF  FF  FB  07  01  00  FE  3D  08  00  9F  A1  06  00  
5E  4E  70  FF  7B  61  07  00  6D  32  24  00  03  00  00  00  A0  85  0C  00  22  0A  CD  7B  01  
00  00  00  5E  FD  1A  8D  05  00  00  00  02  00  00  00  07  00  00  00  FA  FF  FF  FF  6D  33  
10  00  03  00  00  00  E3  07  02  19  12  29  26  00  01  00  12  00  6D  34  14  00  03  00  00  
00  7D  48  03  00  9E  56  FF  FF  F2  3E  04  00  04  F9  07  00  6D  35  0C  00  03  00  00  00  
29  8D  01  00  79  11  07  00  41  53  4D  D8  47  4E  00  00  F6  7E  02  00  00  00  00  00  00  
00  28  01  6D  15  14  00  02  01  00  00  03  04  03  00  00  00  00  00  00  00  00  00  00  00  
00  00  6D  16  10  00  03  00  00  00  00  E3  07  02  19  12  29  26  00  6F  01  00  00  6D  21  
1C  00  03  00  00  00  FA  00  00  00  EC  FF  FF  FF  10  00  00  00  ED  FF  FF  FF  F5  FF  FF  
FF  4E  00  00  00  6D  22  10  00  03  00  00  00  41  FE  FF  FF  24  02  00  00  B1  00  06  00  
00  6D  23  14  00  03  00  00  00  FD  1B  B1  76  03  46  11  FD  29  88  06  03  64  96  43  0A  
6D  24  24  00  02  00  00  00  00  00  00  00  00  00  00  00  00  00  00  00  00  00  00  00  00  
00  00  00  00  00  00  00  00  00  00  00  00  00  00  00  00  6D  31  20  00  03  00  00  00  8D  
C6  00  00  18  82  FF  FF  51  18  01  00  42  A4  07  00  FC  43  06  00  10  94  70  FF  19  61  
07  00  6D  32  24  00  03  00  00  00  08  87  0C  00  22  0A  CD  7B  01  00  00  00  81  00  FD  
1A  8D  05  00  00  00  FE  FF  FF  FF  02  00  00  00  FA  FF  FF  FF  6D  33  10  00  03  00  00  
00  E3  07  02  19  12  29  26  00  01  00  12  00  6D  34  14  00  03  00  00  00  27  48  03  00  
71  4B  FF  FF  63  56  04  00  04  F9  07  00  6D  35  0C  00  03  00  00  B9  47  4E  00  00  F7  
7E  02  00  00  00  00  00  00  00  28  01  6D  15  14  00  02  01  00  00  03  04  03  00  00  00  
00  00  00  00  00  00  00  00  00  00  6D  16  10  00  03  00  00  00  E3  07  02  19  12  29  26  
00  79  01  00  00  6D  21  1C  00  03  00  00  00  69  FF  FF  FF  4C  FF  FF  FF  C2  FF  FF  FF  
10  00  00  00  E9  FF  FF  FF  3A  00  00  00  6D  22  10  00  03  00  00  00  41  FE  FF  FF  24  
02  00  00  B1  06  00  00  6D  23  14  00  03  00  00  00  16  1F  B1  76  DC  03  11  FD  13  3D  
06  03  CE  75  43  0A  6D  24  24  00  02  00  00  00  00  00  00  00  00  00  00  00  00  00  00  
00  00  00  00  00  00  00  00  00  00  00  00  00  00  00  00  00  00  00  00  00  6D  31  20  00  
03  00  00  00  E5  29  00  00  85  43  FF  FF  E8  F9  00  00  AF  2B  08  00  86  15  06  00  AB  
47  70  FF  D5  61  07  00  6D  32  24  00  03  00  00  00  08  87  0C  00  22  0A  CD  7B  01  00  
00  00  81  FD  1A  8D  05  00  00  00  FE  FF  FF  FF  02  00  00  00  FA  FF  FF  FF  6D  33  10  
00  03  00  00  00  E3  07  02  19  12  29  26  00  01  00  12  00  6D  34  14  00  03  00  00  00  
9B  40  03  00  13  4F  FF  FF  BD  46  04  00  5E  EA  07  00  6D  35  0C  00  03  00  00  00  2A  
8D  01  00  F6  11  07  00  41  53  2E  6B  47  4E  00  00  F8  7E  02  00  00  00  00  00  00  00  
28  01  6D  15  14  00  02  01  00  00  03  04  03  00  00  00  00  00  00  00  00  00  00  00  00  
00  6D  16  10  00  03  00  00  00  00  E3  07  02  19  12  29  26  00  83  01  00  00  6D  21  1C  
00  03  00  00  00  67  00  00  00  71  00  00  00  A5  FF  FF  FF  0E  00  00  00  FB  FF  FF  FF  
43  00  00  00  6D  22  10  00  03  00  00  00  41  FE  FF  FF  24  02  00  00  B1  00  06  00  00  
6D  23  14  00  03  00  00  00  C5  22  B1  76  DF  1A  11  FD  01  6D  06  03  A4  43  43  0A  6D  
24  24  00  02  00  00  00  00  00  00  00  00  00  00  00  00  00  00  00  00  00  00  00  00  00  
00  00  00  00  00  00  00  00  00  00  00  00  00  00  00  6D  31  20  00  03  00  00  00  40  8D  
00  00  BE  B5  FF  FF  A4  EE  00  00  56  22  08  00  CF  5B  06  00  42  6A  70  FF  FC  60  07  
00  6D  32  24  00  03  00  00  00  08  87  0C  00  22  0A  CD  7B  01  00  00  00  81  00  FD  1A  
8D  05  00  00  00  FE  FF  FF  FF  02  00  00  00  FA  FF  FF  FF  6D  33  10  00  03  00  00  00  
E3  07  02  19  12  29  26  00  01  00  12  00  6D  34  14  00  03  00  00  00  E1  3C  03  00  F7  
4E  FF  FF  1A  37  04  00  7C  E5  07  00  6D  35  0C  00  03  00  00  7A  47  4E  00  00  F9  7E  
02  00  00  00  00  00  00  00  28  01  6D  15  14  00  02  01  00  00  03  04  03  00  00  00  00  
00  00  00  00  00  00  00  00  00  6D  16  10  00  03  00  00  00  E3  07  02  19  12  29  26  00  
8D  01  00  00  6D  21  1C  00  03  00  00  00  6C  FE  FF  FF  A9  FF  FF  FF  3E  FF  FF  FF  04  
00  00  00  F8  FF  FF  FF  3F  00  00  00  6D  22  10  00  03  00  00  00  40  FE  FF  FF  24  02  
00  00  B1  06  00  00  6D  23  14  00  03  00  00  00  0D  27  B1  76  BB  72  10  FD  9E  3D  06  
03  FD  EF  42  0A  6D  24  24  00  02  00  00  00  00  00  00  00  00  00  00  00  00  00  00  00  
00  00  00  00  00  00  00  00  00  00  00  00  00  00  00  00  00  00  00  00  6D  31  20  00  03  
00  00  00  F3  C6  FF  FF  83  67  FF  FF  20  C6  00  00  E7  FC  07  00  24  52  06  00  19  5A  
70  FF  7B  61  07  00  6D  32  24  00  03  00  00  00  08  87  0C  00  22  0A  CD  7B  01  00  00  
00  81  FD  1A  8D  05  00  00  00  FE  FF  FF  FF  02  00  00  00  FA  FF  FF  FF  6D  33  10  00  
03  00  00  00  E3  07  02  19  12  29  26  00  01  00  12  00  6D  34  14  00  03  00  00  00  02  
48  03  00  90  38  FF  FF  92  4E  04  00  C8  02  08  00  6D  35  0C  00  03  00  00  00  2A  8D  
01  00  28  12  07  00  41  53  C9  08  47  4E  00  00  FA  7E  02  00  00  00  00  00  00  00  28  
01  6D  15  14  00  02  01  00  00  03  04  03  00  00  00  00  00  00  00  00  00  00  00  00  00  
6D  16  10  00  03  00  00  00  00  E3  07  02  19  12  29  26  00  97  01  00  00  6D  21  1C  00  
03  00  00  00  2E  01  00  00  FB  FF  FF  FF  CB  00  00  00  F1  FF  FF  FF  08  00  00  00  41  
00  00  00  6D  22  10  00  03  00  00  00  41  FE  FF  FF  24  02  00  00  B1  00  06  00  00  6D  
23  14  00  03  00  00  00  F5  23  B1  76  92  DE  10  FD  E8  49  06  03  07  2F  43  0A  6D  24  
24  00  02  00  00  00  00  00  00  00  00  00  00  00  00  00  00  00  00  00  00  00  00  00  00  
00  00  00  00  00  00  00  00  00  00  00  00  00  00  6D  31  20  00  03  00  00  00  E2  DA  00  
00  76  87  FF  FF  3F  61  01  00  6C  B4  07  00  E2  90  06  00  F0  60  70  FF  5D  61  07  00  
6D  32  24  00  03  00  00  00  08  87  0C  00  22  0A  CD  7B  01  00  00  00  81  00  FD  1A  8D  
05  00  00  00  FE  FF  FF  FF  02  00  00  00  FA  FF  FF  FF  6D  33  10  00  03  00  00  00  E3  
07  02  19  12  29  26  00  01  00  12  00  6D  34  14  00  03  00  00  00  02  48  03  00  90  38  
FF  FF  92  4E  04  00  CF  EC  07  00  6D  35  0C  00  03  00  00  65  47  4E  00  00  FB  7E  02  
00  00  00  00  00  00  00  28  01  6D  15  14  00  02  01  00  00  03  04  03  00  00  00  00  00  
00  00  00  00  00  00  00  00  6D  16  10  00  03  00  00  00  E3  07  02  19  12  29  26  00  A1  
01  00  00  6D  21  1C  00  03  00  00  00  D1  00  00  00  3D  00  00  00  46  00  00  00  FD  FF  
FF  FF  FA  FF  FF  FF  59  00  00  00  6D  22  10  00  03  00  00  00  41  FE  FF  FF  24  02  00  
00  B1  06  00  00  6D  23  14  00  03  00  00  00  B2  23  B1  76  1D  23  11  FD  C9  6A  06  03  
F1  3B  43  0A  6D  24  24  00  02  00  00  00  00  00  00  00  00  00  00  00  00  00  00  00  00  
00  00  00  00  00  00  00  00  00  00  00  00  00  00  00  00  00  00  00  6D  31  20  00  03  00  
00  00  B9  B6  00  00  2C  A1  FF  FF  29  2D  01  00  AC  E0  07  00  3D  59  06  00  D0  BD  70  
FF  F4  60  07  00  6D  32  24  00  03  00  00  00  08  87  0C  00  22  0A  CD  7B  01  00  00  00  
81  FD  1A  8D  05  00  00  00  FE  FF  FF  FF  02  00  00  00  FA  FF  FF  FF  6D  33  10  00  03  
00  00  00  E3  07  02  19  12  29  26  00  01  00  12  00  6D  34  14  00  03  00  00  00  14  48  
03  00  85  38  FF  FF  C2  46  04  00  7C  E5  07  00  6D  35  0C  00  03  00  00  00  25  8D  01  
00  DD  11  07  00  41  53  8B  6E  47  4E  00  00  FC  7E  02  00  00  00  00  00  00  00  28  01  
6D  15  14  00  02  01  00  00  03  04  03  00  00  00  00  00  00  00  00  00  00  00  00  00  6D  
16  10  00  03  00  00  00  00  E3  07  02  19  12  29  26  00  AB  01  00  00  6D  21  1C  00  03  
00  00  00  D5  FE  FF  FF  72  00  00  00  3B  00  00  00  FD  FF  FF  FF  02  00  00  00  39  00  
00  00  6D  22  10  00  03  00  00  00  41  FE  FF  FF  24  02  00  00  B1  00  06  00  00  6D  23  
14  00  03  00  00  00  63  1E  B1  76  39  A0  10  FD  01  8F  06  03  39  49  43  0A  6D  24  24  
00  02  00  00  00  00  00  00  00  00  00  00  00  00  00  00  00  00  00  00  00  00  00  00  00  
00  00  00  00  00  00  00  00  00  00  00  00  00  6D  31  20  00  03  00  00  00  02  F0  FF  FF  
87  B5  FF  FF  D6  28  01  00  5F  E3  07  00  C9  79  06  00  75  40  70  FF  37  61  07  00  6D  
32  24  00  03  00  00  00  08  87  0C  00  22  0A  CD  7B  01  00  00  00  81  00  FD  1A  8D  05  
00  00  00  FE  FF  FF  FF  02  00  00  00  FA  FF  FF  FF  6D  33  10  00  03  00  00  00  E3  07  
02  19  12  29  26  00  01  00  12  00  6D  34  14  00  03  00  00  00  04  44  03  00  3C  2D  FF  
FF  92  4E  04  00  B1  F1  07  00  6D  35  0C  00  03  00  00  BE  47  4E  00  00  FD  7E  02  00  
00  00  00  00  00  00  28  01  6D  15  14  00  02  01  00  00  03  04  03  00  00  00  00  00  00  
00  00  00  00  00  00  00  6D  16  10  00  03  00  00  00  E3  07  02  19  12  29  26  00  B5  01  
00  00  6D  21  1C  00  03  00  00  00  0B  FF  FF  FF  8D  00  00  00  57  FF  FF  FF  06  00  00  
00  04  00  00  00  4D  00  00  00  6D  22  10  00  03  00  00  00  40  FE  FF  FF  24  02  00  00  
B1  06  00  00  6D  23  14  00  03  00  00  00  0B  21  B1  76  6B  2F  10  FD  D2  BD  06  03  76  
FC  42  0A  6D  24  24  00  02  00  00  00  00  00  00  00  00  00  00  00  00  00  00  00  00  00  
00  00  00  00  00  00  00  00  00  00  00  00  00  00  00  00  00  00  6D  31  20  00  03  00  00  
00  3C  05  00  00  F1  BF  FF  FF  DF  CF  00  00  7C  05  08  00  71  80  06  00  D5  91  70  FF  
36  62  07  00  6D  32  24  00  03  00  00  00  08  87  0C  00  22  0A  CD  7B  01  00  00  00  81  
FD  1A  8D  05  00  00  00  FE  FF  FF  FF  02  00  00  00  FA  FF  FF  FF  6D  33  10  00  03  00  
00  00  E3  07  02  19  12  29  26  00  01  00  12  00  6D  34  14  00  03  00  00  00  9F  37  03  
00  80  0B  FF  FF  6F  7D  04  00  50  16  08  00  6D  35  0C  00  03  00  00  00  2A  8D  01  00  
F6  11  07  00  41  53  1A  A7  47  4E  00  00  FE  7E  02  00  00  00  00  00  00  00  28  01  6D  
15  14  00  02  01  00  00  03  04  03  00  00  00  00  00  00  00  00  00  00  00  00  00  6D  16  
10  00  03  00  00  00  00  E3  07  02  19  12  29  26  00  BF  01  00  00  6D  21  1C  00  03  00  
00  00  07  01  00  00  AC  FF  FF  FF  03  00  00  00  F8  FF  FF  FF  06  00  00  00  50  00  00  
00  6D  22  10  00  03  00  00  00  41  FE  FF  FF  24  02  00  00  B1  00  06  00  00  6D  23  14  
00  03  00  00  00  00  25  B1  76  ED  8C  10  FD  92  A7  06  03  FE  EF  42  0A  6D  24  24  00  
02  00  00  00  00  00  00  00  00  00  00  00  00  00  00  00  00  00  00  00  00  00  00  00  00  
00  00  00  00  00  00  00  00  00  00  00  00  6D  31  20  00  03  00  00  00  B4  CB  00  00  32  
68  FF  FF  18  13  01  00  A5  CD  07  00  C6  89  06  00  05  9B  70  FF  BE  61  07  00  6D  32  
24  00  03  00  00  00  08  87  0C  00  22  0A  CD  7B  01  00  00  00  81  00  FD  1A  8D  05  00  
00  00  FE  FF  FF  FF  02  00  00  00  FA  FF  FF  FF  6D  33  10  00  03  00  00  00  E3  07  02  
19  12  29  26  00  01  00  12  00  6D  34  14  00  03  00  00  00  52  38  03  00  39  2D  FF  FF  
3F  5A  04  00  50  16  08  00  6D  35  0C  00  03  00  00  30  47  4E  00  00  13  7F  02  00  00  
00  00  00  00  00  28  01  6D  15  14  00  02  01  00  00  03  04  03  00  00  00  00  00  00  00  
00  00  00  00  00  00  6D  16  10  00  03  00  00  00  E3  07  02  19  12  29  26  00  91  02  00  
00  6D  21  1C  00  03  00  00  00  9C  00  00  00  D5  00  00  00  EB  FF  FF  FF  FF  FF  FF  FF  
FF  FF  FF  FF  56  00  00  00  6D  22  10  00  03  00  00  00  40  FE  FF  FF  24  02  00  00  B0  
06  00  00  6D  23  14  00  03  00  00  00  97  36  B1  76  74  FF  0F  FD  71  25  07  03  DE  D6  
41  0A  6D  24  24  00  02  00  00  00  00  00  00  00  00  00  00  00  00  00  00  00  00  00  00  
00  00  00  00  00  00  00  00  00  00  00  00  00  00  00  00  00  6D  31  20  00  03  00  00  00  
EC  A1  00  00  27  DA  FF  FF  8A  08  01  00  F8  E9  07  00  98  70  06  00  7F  B4  70  FF  ED  
60  07  00  6D  32  24  00  03  00  00  00  66  88  0C  00  33  0A  CD  7B  01  00  00  00  B5  FD  
1A  8D  05  00  00  00  FF  FF  FF  FF  07  00  00  00  FB  FF  FF  FF  6D  33  10  00  03  00  00  
00  E3  07  02  19  12  29  26  00  01  00  12  00  6D  34  14  00  03  00  00  00  59  5F  03  00  
C7  47  FF  FF  A6  4E  04  00  C8  02  08  00  6D  35  0C  00  03  00  00  00  00  27  8D  01  00  
5A  12  07  00  41  53  00  17  47  4E  00  00  14  7F  02  00  00  00  00  00  00  00  28  01  6D  
15  14  00  02  01  00  00  03  04  03  00  00  00  00  00  00  00  00  00  00  00  00  00  6D  16  
10  00  03  00  00  00  00  E3  07  02  19  12  29  26  00  9B  02  00  00  6D  21  1C  00  03  00  
00  00  07  01  00  00  7C  FF  FF  FF  71  00  00  00  F8  FF  FF  FF  06  00  00  00  6D  00  00  
00  6D  22  10  00  03  00  00  00  40  FE  FF  FF  24  02  00  00  B0  00  06  00  00  6D  23  14  
00  03  00  00  00  1E  37  B1  76  7D  62  10  FD  4F  FD  06  03  FA  F8  41  0A  6D  24  24  00  
02  00  00  00  00  00  00  00  00  00  00  00  00  00  00  00  00  00  00  00  00  00  00  00  00  
00  00  00  00  00  00  00  00  00  00  00  00  6D  31  20  00  03  00  00  00  A6  CB  00  00  6C  
53  FF  FF  F4  3C  01  00  B6  CF  07  00  0E  8A  06  00  AF  0C  71  FF  19  61  07  00  6D  32  
24  00  03  00  00  00  DA  87  0C  00  22  0A  CD  7B  01  00  00  00  C7  FD  1A  8D  05  00  00  
00  FD  D1  47  4E  00  00  15  7F  02  00  00  00  00  00  00  00  28  01  6D  15  14  00  02  01  
00  00  03  04  03  00  00  00  00  00  00  00  00  00  00  00  00  00  6D  16  10  00  03  00  00  
00  E3  07  02  19  12  29  26  00  A5  02  00  00  6D  21  1C  00  03  00  00  00  00  FE  FF  FF  
0B  00  00  00  B9  FF  FF  FF  22  00  00  00  FF  FF  FF  FF  41  00  00  00  6D  22  10  00  03  
00  00  00  40  FE  FF  FF  24  02  00  00  B0  06  00  00  6D  23  14  00  03  00  00  00  F6  34  
B1  76  C8  91  0F  FD  8A  F1  06  03  9B  D9  41  0A  6D  24  24  00  02  00  00  00  00  00  00  
00  00  00  00  00  00  00  00  00  00  00  00  00  00  00  00  00  00  00  00  00  00  00  00  00  
00  00  00  00  6D  31  20  00  03  00  00  00  15  9D  FF  FF  A7  8B  FF  FF  3E  F5  00  00  32  
74  08  00  FC  6E  06  00  34  63  70  FF  66  60  07  00  6D  32  24  00  03  00  00  00  DA  87  
0C  00  22  0A  CD  7B  01  00  00  00  C7  FD  1A  8D  05  00  00  00  FD  FF  FF  FF  FF  FF  FF  
FF  FC  FF  FF  FF  6D  33  10  00  03  00  00  00  E3  07  02  19  12  29  26  00  01  00  12  00  
6D  34  14  00  03  00  00  00  05  67  03  00  85  29  FF  FF  70  2F  04  00  C8  02  08  00  6D  
35  0C  00  03  00  00  00  00  28  8D  01  00  8C  12  07  00  41  53  85  AC  47  4E  00  00  16  
7F  02  00  02  01  01  01  00  00  28  01  6D  15  14  00  02  01  00  00  03  04  03  00  00  00  
00  00  00  00  00  00  00  00  00  00  6D  16  10  00  03  00  00  00  E3  07  02  19  12  29  26  
00  AF  02  00  00  6D  21  1C  00  03  00  00  00  A0  FE  FF  FF  F1  FF  FF  FF  68  FF  FF  FF  
00  00  00  00  FC  FF  FF  FF  1B  00  00  00  6D  22  10  00  03  00  00  00  40  FE  FF  FF  24  
02  00  00  B0  06  00  00  6D  23  14  00  03  00  00  00  7E  37  B1  76  0D  FF  0E  FD  28  E1  
06  03  18  97  41  0A  6D  24  24  00  02  00  00  00  00  00  00  00  00  00  00  00  00  00  00  
00  00  00  00  00  00  00  00  00  00  00  00  00  00  00  00  00  00  00  00  00  6D  31  20  00  
03  00  00  00  C5  DB  FF  FF  7C  81  FF  FF  90  D5  00  00  40  ED  07  00  25  67  06  00  71  
CC  6F  FF  55  61  07  00  6D  32  24  00  03  00  00  00  DA  87  0C  00  22  0A  CD  7B  01  00  
00  00  C7  FD  1A  8D  05  00  00  00  FD  6D  35  0C  00  03  00  00  00  28  8D  01  00  41  12  
07  00  41  53  C9  17  47  4E  00  00  17  7F  02  00  00  00  00  00  00  00  28  01  6D  15  14  
00  02  01  00  00  03  04  03  00  00  00  00  00  00  00  00  00  00  00  00  00  6D  16  10  00  
03  00  00  00  E3  07  02  19  12  29  26  00  B9  02  00  00  6D  21  1C  00  03  00  00  00  93  
FE  FF  FF  0B  00  00  00  C6  FF  FF  FF  06  00  00  00  0A  00  00  00  44  00  00  00  6D  22  
10  00  03  00  00  00  3F  FE  FF  FF  24  02  00  00  B0  06  00  00  6D  23  14  00  03  00  00  
00  74  36  B1  76  40  67  0E  FD  67  DB  06  03  44  79  41  0A  6D  24  24  00  02  00  00  00  
00  00  00  00  00  00  00  00  00  00  00  00  00  00  00  00  00  00  00  00  00  00  00  00  00  
00  00  00  00  00  00  00  6D  31  20  00  03  00  00  00  75  D6  FF  FF  C9  8B  FF  FF  2C  FA  
00  00  43  06  08  00  22  9D  06  00  BE  6E  70  FF  A2  60  07  00  6D  32  24  00  03  00  00  
00  DA  87  0C  00  22  0A  CD  7B  01  00  00  00  C7  FD  1A  8D  05  00  00  00  FD  FF  FF  FF  
FF  FF  FF  FF  FC  FF  FF  FF  6D  33  10  00  03  00  00  00  E3  07  02  19  12  29  26  00  01  
00  12  00  6D  34  14  00  03  00  00  00  69  5F  00  03  00  29  40  FF  FF  07  3F  04  00  22  
F4  07  00  6D  35  0C  00  03  00  00  00  27  8D  01  00  C4  11  07  00  41  53  36  77  47  4E  
00  00  18  7F  02  00  00  00  00  00  00  00  28  01  6D  15  14  00  02  01  00  00  03  04  03  
00  00  00  00  00  00  00  00  00  00  00  00  00  6D  16  10  00  03  00  00  00  E3  07  02  19  
12  29  26  00  C3  02  00  00  6D  21  1C  00  03  00  00  00  15  00  00  00  AC  00  00  00  3C  
00  00  00  0A  00  00  00  FE  FF  FF  FF  50  00  00  00  6D  22  10  00  03  00  00  00  3F  FE  
FF  FF  25  02  00  00  B0  06  00  00  6D  23  14  00  03  00  00  00  AF  33  B1  76  79  61  0E  
FD  E8  22  07  03  91  82  41  0A  6D  24  24  00  02  00  00  00  00  00  00  00  00  00  00  00  
00  00  00  00  00  00  00  00  00  00  00  00  00  00  00  00  00  00  00  00  00  00  00  00  6D  
31  20  00  03  00  00  00  5F  6D  00  00  8F  CA  FF  FF  28  28  01  00  3C  16  08  00  40  6E  
06  00  02  9B  70  FF  4E  61  07  00  6D  32  24  00  03  00  00  00  DA  87  02  19  12  29  26  
00  01  00  12  00  6D  34  14  00  03  00  00  00  22  58  03  00  F0  74  FF  FF  9E  4E  04  00  
30  C8  07  00  6D  35  0C  00  03  00  00  00  26  8D  01  00  F6  11  07  00  41  53  92  42  47  
4E  00  00  19  7F  02  00  64  00  00  00  00  00  28  01  6D  15  14  00  02  01  00  00  03  04  
03  00  00  00  00  00  00  00  00  00  00  00  00  00  6D  16  10  00  03  00  00  00  E3  07  02  
19  12  29  26  00  CD  02  00  00  6D  21  1C  00  03  00  00  00  24  00  00  00  45  FF  FF  FF  
58  00  00  00  FC  FF  FF  FF  F6  FF  FF  FF  42  00  00  00  6D  22  10  00  03  00  00  00  3F  
FE  FF  FF  24  02  00  00  B0  06  00  00  6D  23  14  00  03  00  00  00  AD  33  B1  76  73  6E  
0E  FD  C4  DF  06  03  2F  9A  41  0A  6D  24  24  00  02  00  00  00  00  00  00  00  00  00  00  
00  00  00  00  00  00  00  00  00  00  00  00  00  00  00  00  00  00  00  00  00  00  00  00  00  
6D  31  20  00  03  00  00  00  2D  73  00  00  61  3E  FF  FF  1F  33  01  00  1E  DF  07  00  40  
50  06  00  D8  67  70  FF  39  60  07  00  6D  32  24  00  03  00  00  00  DA  87  0C  00  22  0A  
CD  7B  01  00  00  00  C7  FD  1A  8D  05  00  00  00  FD  FF  FF  FF  FF  FF  FF  FF  FC  FF  FF  
FF  6D  33  10  00  03  00  00  00  E3  07  02  19  12  29  26  00  01  00  12  00  6D  34  14  00  
03  00  00  00  CE  47  03  00  56  1A  FF  FF  F3  3E  04  00  20  A1  07  00  6D  35  0C  00  03  
00  00  00  2E  8D  01  00  73  12  07  00  41  53  1A  1F  47  4E  00  00  1A  7F  02  00  00  00  
00  00  00  00  28  01  6D  15  14  00  02  01  00  00  03  04  03  00  00  00  00  00  00  00  00  
00  00  00  00  00  6D  16  10  00  03  00  00  00  E3  07  02  19  12  29  26  00  D7  02  00  00  
6D  21  1C  00  03  00  00  00  1F  02  00  00  43  00  00  00  8A  00  00  00  01  00  00  00  1D  
00  00  00  47  00  00  00  6D  22  10  00  03  00  00  00  40  FE  FF  FF  24  02  00  00  B0  06  
00  00  6D  23  14  00  03  00  00  00  5D  34  B1  76  12  38  0F  FD  B4  10  07  03  9F  BD  41  
0A  6D  24  24  00  02  00  00  00  00  00  00  00  00  00  00  00  00  00  00  00  00  00  00  00  
00  00  00  00  00  00  00  00  00  00  00  00  00  00  00  00  6D  31  20  00  03  00  00  00  FD  
38  01  00  97  A1  FF  FF  92  46  01  00  D1  F2  07  00  30  E7  06  00  10  78  70  FF  AF  61  
07  00  6D  32  24  00  03  00  00  00  DA  87  0C  00  22  0A  CD  7B  01  00  00  00  C7  FD  1A  
8D  05  00  00  00  FD  FF  FF  FF  FF  FF  FF  FF  FC  FF  02  19  12  29  26  00  01  00  12  00  
6D  34  14  00  03  00  00  00  72  48  03  00  D9  52  FF  FF  F2  3E  04  00  B8  DB  07  00  6D  
35  0C  00  03  00  00  00  2A  8D  01  00  0F  12  07  00  41  53  05  A5  47  4E  00  00  1B  7F  
02  00  02  01  00  00  00  00  28  01  6D  15  14  00  02  01  00  00  03  04  03  00  00  00  00  
00  00  00  00  00  00  00  00  00  6D  16  10  00  03  00  00  00  E3  07  02  19  12  29  26  00  
E1  02  00  00  6D  21  1C  00  03  00  00  00  75  00  00  00  A1  FF  FF  FF  EC  FF  FF  FF  05  
00  00  00  00  00  00  00  4F  00  00  00  6D  22  10  00  03  00  00  00  40  FE  FF  FF  24  02  
00  00  B0  06  00  00  6D  23  14  00  03  00  00  00  F2  37  B1  76  3C  5F  0F  FD  98  F3  06  
03  FE  A7  41  0A  6D  24  24  00  02  00  00  00  00  00  00  00  00  00  00  00  00  00  00  00  
00  00  00  00  00  00  00  00  00  00  00  00  00  00  00  00  00  00  00  00  6D  31  20  00  03  
00  00  00  B7  92  00  00  AE  62  FF  FF  12  09  01  00  BD  01  08  00  A9  75  06  00  D9  9A  
70  FF  31  60  07  00  6D  32  24  00  03  00  00  00  DA  87  0C  00  22  0A  CD  7B  01  00  00  
00  C7  FD  1A  8D  05  00  00  00  FD  FF  FF  FF  FF  FF  FF  FF  FC  FF  FF  FF  6D  33  10  00  
03  00  00  00  E3  07  02  19  12  29  26  00  01  00  12  00  6D  34  14  00  03  00  00  00  B9  
40  03  00  69  47  FF  FF  4F  2F  04  00  F4  D1  07  00  6D  35  0C  00  03  00  00  00  28  8D  
01  00  F6  11  07  00  41  53  A9  70  47  4E  00  00  1C  7F  02  00  03  04  03  00  00  00  28  
01  6D  15  14  00  02  01  00  00  03  04  03  00  00  00  00  00  00  00  00  00  00  00  00  00  
6D  16  10  00  03  00  00  00  E3  07  02  19  12  29  26  00  EB  02  00  00  6D  21  1C  00  03  
00  00  00  42  FE  FF  FF  EC  00  00  00  B8  FF  FF  FF  11  00  00  00  02  00  00  00  45  00  
00  00  6D  22  10  00  03  00  00  00  3F  FE  FF  FF  25  02  00  00  B0  06  00  00  6D  23  14  
00  03  00  00  00  A0  34  B1  76  1C  A0  0E  FD  60  44  07  03  BE  7F  41  0A  6D  24  24  00  
02  00  00  00  00  00  00  00  00  00  00  00  00  00  00  00  00  00  00  00  00  00  00  00  00  
00  00  00  00  00  00  00  00  00  00  00  6D  31  20  00  03  00  00  00  EB  B6  FF  FF  F1  E3  
FF  FF  D2  F4  00  00  A2  32  08  00  98  7C  06  00  27  71  70  FF  C0  60  07  00  6D  32  24  
00  03  00  00  00  DA  87  0C  00  22  0A  CD  7B  01  00  00  00  C7  FD  1A  8D  05  00  00  00  
FD  FF  FF  FF  FF  FF  FF  FF  FC  FF  02  19  12  29  26  00  01  00  12  00  6D  34  14  00  03  
00  00  00  CB  38  03  00  23  29  FF  FF  AC  1F  04  00  A8  B4  07  00  6D  35  0C  00  03  00  
00  00  1F  8D  01  00  92  11  07  00  41  53  5B  57  47  4E  00  00  1D  7F  02  00  00  00  00  
00  00  00  28  01  6D  15  14  00  02  01  00  00  03  04  03  00  00  00  00  00  00  00  00  00  
00  00  00  00  6D  16  10  00  03  00  00  00  E3  07  02  19  12  29  26  00  F5  02  00  00  6D  
21  1C  00  03  00  00  00  40  FF  FF  FF  18  00  00  00  DF  FF  FF  FF  FB  FF  FF  FF  FC  FF  
FF  FF  58  00  00  00  6D  22  10  00  03  00  00  00  3F  FE  FF  FF  25  02  00  00  AF  06  00  
00  6D  23  14  00  03  00  00  00  83  34  B1  76  F9  4A  0E  FD  69  4B  07  03  88  66  41  0A  
6D  24  24  00  02  00  00  00  00  00  00  00  00  00  00  00  00  00  00  00  00  00  00  00  00  
00  00  00  00  00  00  00  00  00  00  00  00  00  00  00  6D  31  20  00  03  00  00  00  1D  1A  
00  00  45  91  FF  FF  34  04  01  00  CB  DB  07  00  09  67  06  00  D7  BD  70  FF  4E  61  07  
00  6D  32  24  00  03  00  00  00  DA  87  0C  00  22  0A  CD  7B  01  00  00  00  C7  FD  1A  8D  
05  00  00  00  FD  FF  FF  FF  FF  FF  FF  FF  FC  FF  FF  FF  6D  33  10  00  03  00  00  00  E3  
07  02  19  12  29  26  00  01  00  12  00  6D  34  14  00  03  00  00  00  1B  58  03  00  C8  65  
FF  FF  FF  3E  04  00  04  F9  07  00  6D  35  0C  00  03  00  00  00  2B  8D  01  00  28  12  07  
00  41  53  EB  87  47  4E  00  00  1E  7F  02  00  00  00  00  00  00  00  28  01  6D  15  14  00  
02  01  00  00  03  04  03  00  00  00  00  00  00  00  00  00  00  00  00  00  6D  16  10  00  03  
00  00  00  E3  07  02  19  12  29  26  00  FF  02  00  00  6D  21  1C  00  03  00  00  00  C3  00  
00  00  E4  FF  FF  FF  2E  00  00  00  0D  00  00  00  02  00  00  00  4E  00  00  00  6D  22  10  
00  03  00  00  00  3F  FE  FF  FF  25  02  00  00  AF  06  00  00  6D  23  14  00  03  00  00  00  
10  36  B1  76  68  8F  0E  FD  45  4C  07  03  FA  67  41  0A  6D  24  24  00  02  00  00  00  00  
00  00  00  00  00  00  00  00  00  00  00  00  00  00  00  00  00  00  00  00  00  00  00  00  00  
00  00  00  00  00  00  6D  31  20  00  03  00  00  00  75  B1  00  00  ED  7C  FF  FF  D2  22  01  
00  B9  21  08  00  D7  80  06  00  0C  94  70  FF  91  61  07  00  6D  32  24  00  03  00  00  00  
70  88  0C  00  22  0A  CD  7B  01  00  00  00  EA  FD  1A  8D  05  00  00  00  00  00  00  00  00  
00  00  00  FC  FF  02  19  12  29  26  00  01  00  12  00  6D  34  14  00  03  00  00  00  39  7A  
03  00  7F  2D  FF  FF  1F  3F  04  00  20  A1  07  00  6D  35  0C  00  03  00  00  00  29  8D  01  
00  28  12  07  00  41  53  15  B8  47  4E  00  00  1F  7F  02  00  00  00  00  00  00  00  28  01  
6D  15  14  00  02  01  00  00  03  04  03  00  00  00  00  00  00  00  00  00  00  00  00  00  6D  
16  10  00  03  00  00  00  E3  07  02  19  12  29  26  00  09  03  00  00  6D  21  1C  00  03  00  
00  00  AC  FF  FF  FF  F0  FF  FF  FF  9C  FF  FF  FF  F9  FF  FF  FF  F9  FF  FF  FF  34  00  00  
00  6D  22  10  00  03  00  00  00  3F  FE  FF  FF  25  02  00  00  AF  06  00  00  6D  23  14  00  
03  00  00  00  AA  39  B1  76  53  65  0E  FD  E5  46  07  03  D3  33  41  0A  6D  24  24  00  02  
00  00  00  00  00  00  00  00  00  00  00  00  00  00  00  00  00  00  00  00  00  00  00  00  00  
00  00  00  00  00  00  00  00  00  00  6D  31  20  00  03  00  00  00  1C  44  00  00  C0  81  FF  
FF  EB  E9  00  00  78  D5  07  00  5C  5B  06  00  46  30  70  FF  64  61  07  00  6D  32  24  00  
03  00  00  00  70  88  0C  00  22  0A  CD  7B  01  00  00  00  EA  FD  1A  8D  05  00  00  00  00  
00  00  00  00  00  00  00  FC  FF  FF  FF  6D  33  10  00  03  00  00  00  E3  07  02  19  12  29  
26  00  01  00  12  00  6D  34  14  00  03  00  00  00  39  72  03  00  71  1E  FF  FF  D2  4A  04  
00  20  A1  07  00  6D  35  0C  00  03  00  00  00  2B  8D  01  00  DD  11  07  00  41  53  F1  B4  
47  4E  00  00  20  7F  02  00  14  00  00  00  00  00  28  01  6D  15  14  00  02  01  00  00  03  
04  03  00  00  00  00  00  00  00  00  00  00  00  00  00  6D  16  10  00  03  00  00  00  E3  07  
02  19  12  29  26  00  13  03  00  00  6D  21  1C  00  03  00  00  00  A8  01  00  00  D6  FF  FF  
FF  2D  00  00  00  FD  FF  FF  FF  0A  00  00  00  41  00  00  00  6D  22  10  00  03  00  00  00  
40  FE  FF  FF  25  02  00  00  AF  06  00  00  6D  23  14  00  03  00  00  00  80  3D  B1  76  26  
03  0F  FD  9F  49  07  03  E5  33  41  0A  6D  24  24  00  02  00  00  00  00  00  00  00  00  00  
00  00  00  00  00  00  00  00  00  00  00  00  00  00  00  00  00  00  00  00  00  00  00  00  00  
00  6D  31  20  00  03  00  00  00  79  0A  01  00  CD  77  FF  FF  67  22  01  00  2E  E3  07  00  
30  9F  06  00  2D  63  70  FF  F4  60  07  00  6D  32  24  00  03  00  00  00  70  88  0C  00  22  
0A  CD  7B  01  00  00  00  EA  FD  1A  8D  05  00  00  00  00  00  00  00  00  00  00  00  FC  FF  
E3  07  02  19  12  29  26  00  01  00  12  00  6D  34  14  00  03  00  00  00  1B  38  03  00  90  
29  FF  FF  C9  6D  04  00  04  F9  07  00  6D  35  0C  00  03  00  00  00  25  8D  01  00  73  12  
07  00  41  53  8F  45  47  4E  00  00  21  7F  02  00  3D  87  01  00  00  00  28  01  6D  15  14  
00  02  01  00  00  03  04  03  00  00  00  00  00  00  00  00  00  00  00  00  00  6D  16  10  00  
03  00  00  00  E3  07  02  19  12  29  26  00  1D  03  00  00  6D  21  1C  00  03  00  00  00  73  
01  00  00  D6  FF  FF  FF  EA  FF  FF  FF  EF  FF  FF  FF  07  00  00  00  41  00  00  00  6D  22  
10  00  03  00  00  00  40  FE  FF  FF  25  02  00  00  AF  06  00  00  6D  23  14  00  03  00  00  
00  06  43  B1  76  7B  8B  0F  FD  76  49  07  03  1B  1B  41  0A  6D  24  24  00  02  00  00  00  
00  00  00  00  00  00  00  00  00  00  00  00  00  00  00  00  00  00  00  00  00  00  00  00  00  
00  00  00  00  00  00  00  6D  31  20  00  03  00  00  00  CC  F5  00  00  BC  77  FF  FF  74  08  
01  00  AA  AD  07  00  12  91  06  00  DB  60  70  FF  DE  60  07  00  6D  32  24  00  03  00  00  
00  70  88  0C  00  22  0A  CD  7B  01  00  00  00  EA  FD  1A  8D  05  00  00  00  00  00  00  00  
00  00  00  00  FC  FF  FF  FF  6D  33  10  00  03  00  00  00  E3  07  02  19  12  29  26  00  01  
00  12  00  6D  34  14  00  03  00  00  00  F7  38  03  00  35  38  FF  FF  AC  1F  04  00  20  A1  
07  00  6D  35  0C  00  03  00  00  00  26  8D  01  00  28  12  07  00  41  53  4B  7F  47  4E  00  
00  22  7F  02  00  01  16  01  60  00  00  28  01  6D  15  14  00  02  01  00  00  03  04  03  00  
00  00  00  00  00  00  00  00  00  00  00  00  6D  16  10  00  03  00  00  00  E3  07  02  19  12  
29  26  00  27  03  00  00  6D  21  1C  00  03  00  00  00  4B  00  00  00  D6  FF  FF  FF  21  00  
00  00  01  00  00  00  02  00  00  00  3A  00  00  00  6D  22  10  00  03  00  00  00  40  FE  FF  
FF  25  02  00  00  AF  06  00  00  6D  23  14  00  03  00  00  00  DB  43  B1  76  01  A1  0F  FD  
73  3F  07  03  96  1A  41  0A  6D  24  24  00  02  00  00  00  00  00  00  00  00  00  00  00  00  
00  00  00  00  00  00  00  00  00  00  00  00  00  00  00  00  00  00  00  00  00  00  00  6D  31  
20  00  03  00  00  00  88  82  00  00  93  77  FF  FF  E4  1D  01  00  A4  F3  07  00  23  7C  06  
00  1C  45  70  FF  46  61  07  00  6D  32  24  00  03  00  00  00  70  88  0C  00  22  0A  CD  7B  
01  00  00  00  EA  FD  1A  8D  05  00  00  00  00  00  00  00  00  00  00  00  E3  07  02  19  12  
29  26  00  01  00  12  00  6D  34  14  00  03  00  00  00  DD  43  03  00  90  16  FF  FF  D9  42  
04  00  0B  E3  07  00  6D  35  0C  00  03  00  00  00  25  8D  01  00  28  12  07  00  41  53  39  
38  47  4E  00  00  23  7F  02  00  2A  00  00  00  00  00  28  01  6D  15  14  00  02  01  00  00  
03  04  03  00  00  00  00  00  00  00  00  00  00  00  00  00  6D  16  10  00  03  00  00  00  E3  
07  02  19  12  29  26  00  31  03  00  00  6D  21  1C  00  03  00  00  00  57  01  00  00  AE  FF  
FF  FF  13  00  00  00  FF  FF  FF  FF  EA  FF  FF  FF  3A  00  00  00  6D  22  10  00  03  00  00  
00  40  FE  FF  FF  24  02  00  00  AF  06  00  00  6D  23  14  00  03  00  00  00  1B  48  B1  76  
9A  20  10  FD  EE  2E  07  03  D8  12  41  0A  6D  24  24  00  02  00  00  00  00  00  00  00  00  
00  00  00  00  00  00  00  00  00  00  00  00  00  00  00  00  00  00  00  00  00  00  00  00  00  
00  00  6D  31  20  00  03  00  00  00  3A  EB  00  00  2A  68  FF  FF  34  18  01  00  1F  ED  07  
00  B3  1C  06  00  35  45  70  FF  ED  60  07  00  6D  32  24  00  03  00  00  00  70  88  0C  00  
22  0A  CD  7B  01  00  00  00  EA  FD  1A  8D  05  00  00  00  00  00  00  00  00  00  00  00  FC  
FF  FF  FF  6D  33  10  00  03  00  00  00  E3  07  02  19  12  29  26  00  01  00  12  00  6D  34  
14  00  03  00  00  00  C2  43  03  00  A1  16  FF  FF  90  4E  04  00  5E  EA  07  00  6D  35  0C  
00  03  00  00  00  25  8D  01  00  28  12  07  00  41  53  8D  69  47  4E  00  00  24  7F  02  00  
10  05  00  00  00  00  28  01  6D  15  14  00  02  01  00  00  03  04  03  00  00  00  00  00  00  
00  00  00  00  00  00  00  6D  16  10  00  03  00  00  00  E3  07  02  19  12  29  26  00  3B  03  
00  00  6D  21  1C  00  03  00  00  00  9B  00  00  00  5B  00  00  00  71  00  00  00  F7  FF  FF  
FF  FF  FF  FF  FF  4F  00  00  00  6D  22  10  00  03  00  00  00  40  FE  FF  FF  25  02  00  00  
AF  06  00  00  6D  23  14  00  03  00  00  00  9B  45  B1  76  32  53  10  FD  3B  5C  07  03  E5  
30  41  0A  6D  24  24  00  02  00  00  00  00  00  00  00  00  00  00  00  00  00  00  00  00  00  
00  00  00  00  00  00  00  00  00  00  00  00  00  00  00  00  00  00  6D  31  20  00  03  00  00  
00  7F  A1  00  00  9B  AB  FF  FF  DE  3C  01  00  D7  CD  07  00  3A  70  06  00  B4  98  70  FF  
8A  61  07  00  6D  32  24  00  03  00  00  00  70  88  0C  00  22  0A  CD  7B  01  00  00  00  EA  
FD  1A  8D  05  00  00  00  00  00  00  00  00  00  00  00  E3  07  02  19  12  29  26  00  01  00  
12  00  6D  34  14  00  03  00  00  00  8D  38  03  00  77  38  FF  FF  84  4E  04  00  6C  BE  07  
00  6D  35  0C  00  03  00  00  00  27  8D  01  00  28  12  07  00  41  53  89  C2  47  4E  00  00  
25  7F  02  00  00  00  00  00  00  00  28  01  6D  15  14  00  02  01  00  00  03  04  03  00  00  
00  00  00  00  00  00  00  00  00  00  00  6D  16  10  00  03  00  00  00  E3  07  02  19  12  29  
26  00  45  03  00  00  6D  21  1C  00  03  00  00  00  BB  FE  FF  FF  59  00  00  00  C5  FF  FF  
FF  FB  FF  FF  FF  02  00  00  00  48  00  00  00  6D  22  10  00  03  00  00  00  40  FE  FF  FF  
25  02  00  00  AF  06  00  00  6D  23  14  00  03  00  00  00  43  44  B1  76  04  C9  0F  FD  FE  
76  07  03  EF  10  41  0A  6D  24  24  00  02  00  00  00  00  00  00  00  00  00  00  00  00  00  
00  00  00  00  00  00  00  00  00  00  00  00  00  00  00  00  00  00  00  00  00  00  6D  31  20  
00  03  00  00  00  FF  E5  FF  FF  FD  AA  FF  FF  F7  F9  00  00  84  DE  07  00  35  7C  06  00  
11  7F  70  FF  F4  60  07  00  6D  32  24  00  03  00  00  00  70  88  0C  00  22  0A  CD  7B  01  
00  00  00  EA  FD  1A  8D  05  00  00  00  00  00  00  00  00  00  00  00  FC  FF  FF  FF  6D  33  
10  00  03  00  00  00  E3  07  02  19  12  29  26  00  01  00  12  00  6D  34  14  00  03  00  00  
00  14  58  03  00  A1  56  FF  FF  62  2F  04  00  E4  AA  07  00  6D  35  0C  00  03  00  00  00  
27  8D  01  00  28  12  07  00  41  53  2C  59  47  4E  00  00  26  7F  02  00  00  00  00  00  00  
00  28  01  6D  15  14  00  02  01  00  00  03  04  03  00  00  00  00  00  00  00  00  00  00  00  
00  00  6D  16  10  00  03  00  00  00  E3  07  02  19  12  29  26  00  4F  03  00  00  6D  21  1C  
00  03  00  00  00  83  FF  FF  FF  25  00  00  00  A9  FF  FF  FF  EF  FF  FF  FF  10  00  00  00  
51  00  00  00  6D  22  10  00  03  00  00  00  40  FE  FF  FF  25  02  00  00  AF  06  00  00  6D  
23  14  00  03  00  00  00  40  46  B1  76  DC  8D  0F  FD  43  83  07  03  58  E5  40  0A  6D  24  
24  00  02  00  00  00  00  00  00  00  00  00  00  00  00  00  00  00  00  00  00  00  00  00  00  
00  00  00  00  00  00  00  00  00  00  00  00  00  6D  31  20  00  03  00  00  00  3E  34  00  00  
89  96  FF  FF  22  EF  00  00  22  AF  07  00  99  B3  06  00  9C  9F  70  FF  D5  61  07  00  6D  
32  24  00  03  00  00  00  70  88  0C  00  22  0A  CD  7B  01  00  00  00  EA  FD  1A  8D  05  00  
00  00  00  00  00  00  00  00  00  00  00  00  E3  07  02  19  12  29  26  00  01  00  12  00  6D  
34  14  00  03  00  00  00  19  58  03  00  FE  61  FF  FF  18  3B  04  00  C1  18  08  00  6D  35  
0C  00  03  00  00  00  28  8D  01  00  DD  11  07  00  41  53  A1  01  47  4E  00  00  27  7F  02  
00  00  00  00  00  00  00  28  01  6D  15  14  00  02  01  00  00  03  04  03  00  00  00  00  00  
00  00  00  00  00  00  00  00  6D  16  10  00  03  00  00  00  E3  07  02  19  12  29  26  00  59  
03  00  00  00  6D  21  1C  00  03  00  00  00  B8  FF  FF  FF  32  00  00  00  EC  FF  FF  FF  05  
00  00  00  FE  FF  FF  FF  74  00  00  00  6D  22  10  00  03  00  00  00  40  FE  FF  FF  25  02  
00  00  AF  06  00  00  6D  23  14  00  03  00  00  00  00  56  46  B1  76  5A  67  0F  FD  90  96  
07  03  A3  D3  40  0A  6D  24  24  00  02  00  00  00  00  00  00  00  00  00  00  00  00  00  00  
00  00  00  00  00  00  00  00  00  00  00  00  00  00  00  00  00  00  00  00  00  6D  31  20  00  
03  00  00  00  00  2F  49  00  00  B1  9B  FF  FF  28  09  01  00  07  03  08  00  F2  6B  06  00  
E8  2A  71  FF  0B  61  07  00  6D  32  24  00  03  00  00  00  70  88  0C  00  22  0A  CD  7B  01  
00  00  00  EA  FD  1A  8D  05  00  00  00  00  00  00  00  00  00  00  00  00  FC  FF  FF  FF  6D  
33  10  00  03  00  00  00  E3  07  02  19  12  29  26  00  01  00  12  00  6D  34  14  00  03  00  
00  00  54  50  03  00  2D  5E  FF  FF  11  3B  04  00  2B  31  08  00  6D  35  0C  00  03  00  00  
00  29  8D  01  00  28  12  07  00  41  53  D4  47  4E  00  00  28  7F  02  00  00  04  00  00  00  
00  28  01  6D  15  14  00  02  01  00  00  03  04  03  00  00  00  00  00  00  00  00  00  00  00  
00  00  6D  16  10  00  03  00  00  00  E3  07  02  19  12  29  26  00  63  03  00  00  6D  21  1C  
00  03  00  00  00  05  01  00  00  82  00  00  00  55  00  00  00  0E  00  00  00  F4  FF  FF  FF  
48  00  00  00  6D  22  10  00  03  00  00  00  40  FE  FF  FF  25  02  00  00  AF  06  00  00  6D  
23  14  00  03  00  00  00  67  45  B1  76  F8  C0  0F  FD  48  D6  07  03  4C  E5  40  0A  6D  24  
24  00  02  00  00  00  00  00  00  00  00  00  00  00  00  00  00  00  00  00  00  00  00  00  00  
00  00  00  00  00  00  00  00  00  00  00  00  00  6D  31  20  00  03  00  00  00  65  CB  00  00  
3D  BB  FF  FF  25  32  01  00  D6  26  08  00  54  44  06  00  EB  7C  70  FF  5D  61  07  00  6D  
32  24  00  03  00  00  00  1A  89  0C  00  22  0A  CD  7B  01  00  00  00  FB  FD  1A  8D  05  00  
00  00  FE  FF  FF  FF  03  00  00  00  00  E3  07  02  19  12  29  26  00  01  00  12  00  6D  34  
14  00  03  00  00  00  00  39  03  00  5D  47  FF  FF  47  2F  04  00  8C  0C  08  00  6D  35  0C  
00  03  00  00  00  2A  8D  01  00  DD  11  07  00  41  53  43  E6  47  4E  00  00  29  7F  02  00  
BF  BF  21  00  00  00  28  01  6D  15  14  00  02  01  00  00  03  04  03  00  00  00  00  00  00  
00  00  00  00  00  00  00  6D  16  10  00  03  00  00  00  E3  07  02  19  12  29  26  00  6D  03  
00  00  00  6D  21  1C  00  03  00  00  00  4B  00  00  00  EF  FF  FF  FF  8C  00  00  00  02  00  
00  00  FE  FF  FF  FF  4A  00  00  00  6D  22  10  00  03  00  00  00  40  FE  FF  FF  25  02  00  
00  AF  06  00  00  6D  23  14  00  03  00  00  00  00  4D  42  B1  76  CB  D7  0F  FD  4B  D7  07  
03  68  0F  41  0A  6D  24  24  00  02  00  00  00  00  00  00  00  00  00  00  00  00  00  00  00  
00  00  00  00  00  00  00  00  00  00  00  00  00  00  00  00  00  00  00  00  6D  31  20  00  03  
00  00  00  00  95  82  00  00  DD  81  FF  FF  B6  47  01  00  93  F8  07  00  58  6C  06  00  F8  
85  70  FF  22  60  07  00  6D  32  24  00  03  00  00  00  1A  89  0C  00  22  0A  CD  7B  01  00  
00  00  FB  FD  1A  8D  05  00  00  00  FE  FF  FF  FF  00  03  00  00  00  FC  FF  FF  FF  6D  33  
10  00  03  00  00  00  E3  07  02  19  12  29  26  00  01  00  12  00  6D  34  14  00  03  00  00  
00  44  29  03  00  70  47  FF  FF  76  4E  04  00  F4  D1  07  00  6D  35  0C  00  03  00  00  00  
25  8D  01  00  0F  12  07  00  41  53  3A  47  4E  00  00  2A  7F  02  00  CE  20  00  00  00  00  
28  01  6D  15  14  00  02  01  00  00  03  04  03  00  00  00  00  00  00  00  00  00  00  00  00  
00  6D  16  10  00  03  00  00  00  E3  07  02  19  12  29  26  00  77  03  00  00  6D  21  1C  00  
03  00  00  00  91  FE  FF  FF  A8  00  00  00  D2  FF  FF  FF  0C  00  00  00  F9  FF  FF  FF  4B  
00  00  00  6D  22  10  00  03  00  00  00  40  FE  FF  FF  25  02  00  00  AF  06  00  00  6D  23  
14  00  03  00  00  00  5E  3F  B1  76  C5  3A  0F  FD  9E  0F  08  03  B8  F3  40  0A  6D  24  24  
00  02  00  00  00  00  00  00  00  00  00  00  00  00  00  00  00  00  00  00  00  00  00  00  00  
00  00  00  00  00  00  00  00  00  00  00  00  6D  31  20  00  03  00  00  00  09  D6  FF  FF  34  
CA  FF  FF  1A  FF  00  00  EF  21  08  00  37  59  06  00  D6  8A  70  FF  8A  61  07  00  6D  32  
24  00  03  00  00  00  1A  89  0C  00  22  0A  CD  7B  01  00  00  00  FB  FD  1A  8D  05  00  00  
00  FE  FF  FF  FF  03  00  00  00  E3  07  02  19  12  29  26  00  01  00  12  00  6D  34  14  00  
03  00  00  00  65  4C  03  00  32  5E  FF  FF  DD  42  04  00  FB  BB  07  00  6D  35  0C  00  03  
00  00  00  2B  8D  01  00  C4  11  07  00  41  53  D5  FC  47  4E  00  00  2B  7F  02  00  00  00  
00  00  00  00  28  01  6D  15  14  00  02  01  00  00  03  04  03  00  00  00  00  00  00  00  00  
00  00  00  00  00  6D  16  10  00  03  00  00  00  E3  07  02  19  12  29  26  00  81  03  00  00  
6D  21  1C  00  03  00  00  00  30  00  00  00  16  00  00  00  73  FF  FF  FF  03  00  00  00  F9  
FF  FF  FF  47  00  00  00  6D  22  10  00  03  00  00  00  40  FE  FF  FF  25  02  00  00  AF  06  
00  00  6D  23  14  00  03  00  00  00  1F  45  B1  76  C8  43  0F  FD  BE  1C  08  03  CD  AF  40  
0A  6D  24  24  00  02  00  00  00  00  00  00  00  00  00  00  00  00  00  00  00  00  00  00  00  
00  00  00  00  00  00  00  00  00  00  00  00  00  00  00  00  6D  31  20  00  03  00  00  00  74  
78  00  00  62  91  FF  FF  F4  D9  00  00  CA  FC  07  00  2B  59  06  00  8F  7A  70  FF  5D  61  
07  00  6D  32  24  00  03  00  00  00  1A  89  0C  00  22  0A  CD  7B  01  00  00  00  FB  FD  1A  
8D  05  00  00  00  FE  FF  FF  FF  03  00  00  00  FC  FF  FF  FF  6D  33  10  00  03  00  00  00  
E3  07  02  19  12  29  26  00  01  00  12  00  6D  34  14  00  03  00  00  00  D7  5B  03  00  81  
5A  FF  FF  03  3F  04  00  30  C8  07  00  6D  35  0C  00  03  00  00  00  2D  8D  01  00  C4  11  
07  00  41  53  0F  5A  47  4E  00  00  2C  7F  02  00  00  00  00  00  00  00  28  01  6D  15  14  
00  02  01  00  00  03  04  03  00  00  00  00  00  00  00  00  00  00  00  00  00  6D  16  10  00  
03  00  00  00  E3  07  02  19  12  29  26  00  8B  03  00  00  6D  21  1C  00  03  00  00  00  CD  
01  00  00  50  FF  FF  FF  B2  00  00  00  F9  FF  FF  FF  00  00  00  00  2D  00  00  00  6D  22  
10  00  03  00  00  00  40  FE  FF  FF  25  02  00  00  AF  06  00  00  6D  23  14  00  03  00  00  
00  14  46  B1  76  A4  F7  0F  FD  E9  ED  07  03  1F  E6  40  0A  6D  24  24  00  02  00  00  00  
00  00  00  00  00  00  00  00  00  00  00  00  00  00  00  00  00  00  00  00  00  00  00  00  00  
00  00  00  00  00  00  00  6D  31  20  00  03  00  00  00  B4  19  01  00  2B  44  FF  FF  B0  56  
01  00  5C  D5  07  00  87  72  06  00  6F  14  70  FF  BE  61  07  00  6D  32  24  00  03  00  00  
00  1A  89  0C  00  22  0A  CD  7B  01  00  00  00  FB  FD  1A  8D  05  00  00  00  FE  FF  FF  FF  
03  00  00  00  E3  07  02  19  12  29  26  00  01  00  12  00  6D  34  14  00  03  00  00  00  0C  
67  03  00  AC  38  FF  FF  0E  3F  04  00  C8  02  08  00  6D  35  0C  00  03  00  00  00  25  8D  
01  00  28  12  07  00  41  53  A9  47  47  4E  00  00  2D  7F  02  00  00  00  00  00  00  00  28  
01  6D  15  14  00  02  01  00  00  03  04  03  00  00  00  00  00  00  00  00  00  00  00  00  00  
6D  16  10  00  03  00  00  00  E3  07  02  19  12  29  26  00  95  03  00  00  6D  21  1C  00  03  
00  00  00  1F  01  00  00  FC  FF  FF  FF  98  00  00  00  FF  FF  FF  FF  05  00  00  00  40  00  
00  00  6D  22  10  00  03  00  00  00  40  FE  FF  FF  25  02  00  00  AF  06  00  00  6D  23  14  
00  03  00  00  00  7A  44  B1  76  0F  62  10  FD  46  FB  07  03  36  13  41  0A  6D  24  24  00  
02  00  00  00  00  00  00  00  00  00  00  00  00  00  00  00  00  00  00  00  00  00  00  00  00  
00  00  00  00  00  00  00  00  00  00  00  6D  31  20  00  03  00  00  00  0C  D6  00  00  4B  87  
FF  FF  75  4C  01  00  34  EF  07  00  D7  85  06  00  83  5E  70  FF  6D  60  07  00  6D  32  24  
00  03  00  00  00  1A  89  0C  00  22  0A  CD  7B  01  00  00  00  FB  FD  1A  8D  05  00  00  00  
FE  FF  FF  FF  03  00  00  00  FC  FF  FF  FF  6D  33  10  00  03  00  00  00  E3  07  02  19  12  
29  26  00  01  00  12  00  6D  34  14  00  03  00  00  00  C4  48  03  00  72  56  FF  FF  B9  1F  
04  00  C8  02  08  00  6D  35  0C  00  03  00  00  00  2B  8D  01  00  F6  11  07  00  41  53  31  
09  47  4E  00  00  2E  7F  02  00  00  00  00  00  00  00  28  01  6D  15  14  00  02  01  00  00  
03  04  03  00  00  00  00  00  00  00  00  00  00  00  00  00  6D  16  10  00  03  00  00  00  E3  
07  02  19  12  29  26  00  9F  03  00  00  6D  21  1C  00  03  00  00  00  9B  FF  FF  FF  D3  FF  
FF  FF  21  00  00  00  FA  FF  FF  FF  03  00  00  00  44  00  00  00  6D  22  10  00  03  00  00  
00  40  FE  FF  FF  25  02  00  00  AF  06  00  00  6D  23  14  00  03  00  00  00  92  43  B1  76  
5D  35  10  FD  CA  EA  07  03  C3  15  41  0A  6D  24  24  00  02  00  00  00  00  00  00  00  00  
00  00  00  00  00  00  00  00  00  00  00  00  00  00  00  00  00  00  00  00  00  00  00  00  00  
00  00  6D  31  20  00  03  00  00  00  70  3E  00  00  81  77  FF  FF  29  1E  01  00  D9  DB  07  
00  21  7E  06  00  A3  6C  70  FF  DC  61  07  00  6D  32  24  00  03  00  00  00  1A  89  0C  00  
22  0A  CD  7B  01  00  00  00  FB  FD  1A  8D  05  00  00  00  FE  FF  FF  FF  03  00  00  03  00  
00  00  E3  07  02  19  12  29  26  00  01  00  12  00  6D  34  14  00  03  00  00  00  88  31  03  
00  19  6D  FF  FF  C6  42  04  00  DD  C0  07  00  6D  35  0C  00  03  00  00  00  27  8D  01  00  
0F  12  07  00  41  53  49  25  47  4E  00  00  2F  7F  02  00  00  00  00  00  00  00  28  01  6D  
15  14  00  02  01  00  00  03  04  03  00  00  00  00  00  00  00  00  00  00  00  00  00  6D  16  
10  00  03  00  00  00  E3  07  02  19  12  29  26  00  00  A9  03  00  00  6D  21  1C  00  03  00  
00  00  31  FE  FF  FF  65  00  00  00  2F  00  00  00  FA  FF  FF  FF  10  00  00  00  54  00  00  
00  6D  22  10  00  03  00  00  00  40  FE  FF  FF  25  02  00  00  AF  06  00  00  6D  23  14  00  
03  00  00  00  00  46  3D  B1  76  29  76  0F  FD  AC  06  08  03  A4  1F  41  0A  6D  24  24  00  
02  00  00  00  00  00  00  00  00  00  00  00  00  00  00  00  00  00  00  00  00  00  00  00  00  
00  00  00  00  00  00  00  00  00  00  00  6D  31  20  00  00  03  00  00  00  E5  B0  FF  FF  67  
B0  FF  FF  D8  23  01  00  E5  DA  07  00  F1  B0  06  00  60  AB  70  FF  E2  62  07  00  6D  32  
24  00  03  00  00  00  1A  89  0C  00  22  0A  CD  7B  01  00  00  00  FB  FD  1A  8D  05  00  00  
00  FE  FF  00  FF  FF  03  00  00  00  FC  FF  FF  FF  6D  33  10  00  03  00  00  00  E3  07  02  
19  12  29  26  00  01  00  12  00  6D  34  14  00  03  00  00  00  2F  39  03  00  31  6D  FF  FF  
9B  4A  04  00  4E  C3  07  00  6D  35  0C  00  03  00  00  00  2B  8D  01  00  DD  11  07  00  60  
47  4E  00  00  30  7F  02  00  00  00  00  00  00  00  28  01  6D  15  14  00  02  01  00  00  03  
04  03  00  00  00  00  00  00  00  00  00  00  00  00  00  6D  16  10  00  03  00  00  00  E3  07  
02  19  12  29  26  00  B3  03  00  00  6D  21  1C  00  03  00  00  00  5D  FD  FF  FF  21  00  00  
00  67  FF  FF  FF  03  00  00  00  0A  00  00  00  43  00  00  00  6D  22  10  00  03  00  00  00  
3F  FE  FF  FF  25  02  00  00  AF  06  00  00  6D  23  14  00  03  00  00  00  4F  3C  B1  76  71  
64  0E  FD  48  FF  07  03  78  DE  40  0A  6D  24  24  00  02  00  00  00  00  00  00  00  00  00  
00  00  00  00  00  00  00  00  00  00  00  00  00  00  00  00  00  00  00  00  00  00  00  00  00  
00  6D  31  20  00  03  00  00  00  F4  5D  FF  FF  1D  96  FF  FF  14  D6  00  00  23  FC  07  00  
9E  9E  06  00  54  6A  70  FF  6A  62  07  00  6D  32  24  00  03  00  00  00  1A  89  0C  00  22  
0A  CD  7B  01  00  00  00  FB  FD  1A  8D  05  00  00  00  FE  FF  FF  FF  03  00  00  00  00  00  
E3  07  02  19  12  29  26  00  01  00  12  00  6D  34  14  00  03  00  00  00  62  67  03  00  D0  
56  FF  FF  0D  3F  04  00  8C  0C  08  00  6D  35  0C  00  03  00  00  00  27  8D  01  00  28  12  
07  00  41  53  C0  01  47  4E  00  00  31  7F  02  00  00  00  00  00  00  00  28  01  6D  15  14  
00  02  01  00  00  03  04  03  00  00  00  00  00  00  00  00  00  00  00  00  00  6D  16  10  00  
03  00  00  00  E3  07  02  19  12  29  26  00  BD  00  03  00  00  6D  21  1C  00  03  00  00  00  
81  FF  FF  FF  9D  FF  FF  FF  3B  00  00  00  F8  FF  FF  FF  12  00  00  00  4B  00  00  00  6D  
22  10  00  03  00  00  00  3F  FE  FF  FF  25  02  00  00  AF  06  00  00  6D  23  14  00  03  00  
00  00  00  C0  3A  B1  76  79  2E  0E  FD  70  D8  07  03  77  EC  40  0A  6D  24  24  00  02  00  
00  00  00  00  00  00  00  00  00  00  00  00  00  00  00  00  00  00  00  00  00  00  00  00  00  
00  00  00  00  00  00  00  00  00  6D  31  20  00  03  00  00  00  00  17  34  00  00  AF  62  FF  
FF  CA  28  01  00  B4  D4  07  00  40  BD  06  00  A8  8A  70  FF  64  61  07  00  6D  32  24  00  
03  00  00  00  1A  89  0C  00  22  0A  CD  7B  01  00  00  00  FB  FD  1A  8D  05  00  00  00  FE  
FF  FF  00  FF  03  00  00  00  FC  FF  FF  FF  6D  33  10  00  03  00  00  00  E3  07  02  19  12  
29  26  00  01  00  12  00  6D  34  14  00  03  00  00  00  6D  48  03  00  4E  38  FF  FF  B9  1F  
04  00  7C  E5  07  00  6D  35  0C  00  03  00  00  00  28  8D  01  00  DD  11  07  00  41  93  47  
4E  00  00  32  7F  02  00  00  00  00  00  00  00  28  01  6D  15  14  00  02  01  00  00  03  04  
03  00  00  00  00  00  00  00  00  00  00  00  00  00  6D  16  10  00  03  00  00  00  E3  07  02  
19  12  29  26  00  C7  03  00  00  6D  21  1C  00  03  00  00  00  B2  01  00  00  4F  FF  FF  FF  
88  00  00  00  0B  00  00  00  2F  00  00  00  45  00  00  00  6D  22  10  00  03  00  00  00  3F  
FE  FF  FF  25  02  00  00  AF  06  00  00  6D  23  14  00  03  00  00  00  D5  3C  B1  76  00  D5  
0E  FD  97  A6  07  03  ED  12  41  0A  6D  24  24  00  02  00  00  00  00  00  00  00  00  00  00  
00  00  00  00  00  00  00  00  00  00  00  00  00  00  00  00  00  00  00  00  00  00  00  00  00  
6D  31  20  00  03  00  00  00  48  0F  01  00  28  44  FF  FF  12  47  01  00  71  1C  08  00  23  
2D  07  00  09  71  70  FF  02  62  07  00  6D  32  24  00  03  00  00  00  3C  8A  0C  00  33  0A  
CD  7B  01  00  00  00  0D  FE  1A  8D  05  00  00  00  01  00  00  00  FD  FF  FF  03  00  00  00  
E3  07  02  19  12  29  26  00  01  00  12  00  6D  34  14  00  03  00  00  00  73  48  03  00  AC  
43  FF  FF  6E  2B  04  00  37  B2  07  00  6D  35  0C  00  03  00  00  00  29  8D  01  00  28  12  
07  00  41  53  83  9E  47  4E  00  00  33  7F  02  00  00  00  00  00  00  00  28  01  6D  15  14  
00  02  01  00  00  03  04  03  00  00  00  00  00  00  00  00  00  00  00  00  00  6D  16  10  00  
03  00  00  00  E3  07  02  19  12  29  26  00  00  D1  03  00  00  6D  21  1C  00  03  00  00  00  
5A  FF  FF  FF  B7  FF  FF  FF  F8  FF  FF  FF  06  00  00  00  07  00  00  00  68  00  00  00  6D  
22  10  00  03  00  00  00  3F  FE  FF  FF  25  02  00  00  AF  06  00  00  6D  23  14  00  03  00  
00  00  00  19  3D  B1  76  9A  8B  0E  FD  65  88  07  03  B6  03  41  0A  6D  24  24  00  02  00  
00  00  00  00  00  00  00  00  00  00  00  00  00  00  00  00  00  00  00  00  00  00  00  00  00  
00  00  00  00  00  00  00  00  00  6D  31  20  00  00  03  00  00  00  A2  24  00  00  EB  6C  FF  
FF  BB  0E  01  00  0E  0A  08  00  94  93  06  00  6D  FC  70  FF  19  61  07  00  6D  32  24  00  
03  00  00  00  3C  8A  0C  00  33  0A  CD  7B  01  00  00  00  0D  FE  1A  8D  05  00  00  00  01  
00  00  00  00  FD  FF  FF  FF  FC  FF  FF  FF  6D  33  10  00  03  00  00  00  E3  07  02  19  12  
29  26  00  01  00  12  00  6D  34  14  00  03  00  00  00  B2  3C  03  00  1B  3C  FF  FF  32  33  
04  00  73  A8  07  00  6D  35  0C  00  03  00  00  00  26  8D  01  00  28  12  07  00  38  47  4E  
00  00  34  7F  02  00  00  00  00  00  00  00  28  01  6D  15  14  00  02  01  00  00  03  04  03  
00  00  00  00  00  00  00  00  00  00  00  00  00  6D  16  10  00  03  00  00  00  E3  07  02  19  
12  29  26  00  DB  03  00  00  6D  21  1C  00  03  00  00  00  8B  01  00  00  91  FF  FF  FF  45  
00  00  00  F4  FF  FF  FF  00  00  00  00  64  00  00  00  6D  22  10  00  03  00  00  00  40  FE  
FF  FF  25  02  00  00  AF  06  00  00  6D  23  14  00  03  00  00  00  8A  40  B1  76  62  1E  0F  
FD  E5  6E  07  03  80  0D  41  0A  6D  24  24  00  02  00  00  00  00  00  00  00  00  00  00  00  
00  00  00  00  00  00  00  00  00  00  00  00  00  00  00  00  00  00  00  00  00  00  00  00  6D  
31  20  00  03  00  00  00  B7  FF  00  00  0D  5E  FF  FF  EF  2C  01  00  82  C1  07  00  94  74  
06  00  06  EA  70  FF  18  62  07  00  6D  32  24  00  03  00  00  00  3C  8A  0C  00  33  0A  CD  
7B  01  00  00  00  0D  FE  1A  8D  05  00  00  00  01  00  00  00  FD  FF  FF  00  00  00  00  E3  
07  02  19  12  29  26  00  01  00  12  00  6D  34  14  00  03  00  00  00  69  19  03  00  09  1A  
FF  FF  CA  3E  04  00  6C  BE  07  00  6D  35  0C  00  03  00  00  00  28  8D  01  00  73  12  07  
00  41  53  95  BE  47  4E  00  00  35  7F  02  00  00  00  00  00  00  00  28  01  6D  15  14  00  
02  01  00  00  03  04  03  00  00  00  00  00  00  00  00  00  00  00  00  00  6D  16  10  00  03  
00  00  00  E3  07  02  19  12  29  26  00  00  E5  03  00  00  6D  21  1C  00  03  00  00  00  FA  
FF  FF  FF  08  00  00  00  10  00  00  00  ED  FF  FF  FF  03  00  00  00  43  00  00  00  6D  22  
10  00  03  00  00  00  40  FE  FF  FF  25  02  00  00  AF  06  00  00  6D  23  14  00  03  00  00  
00  00  A7  40  B1  76  ED  10  0F  FD  69  75  07  03  6B  06  41  0A  6D  24  24  00  02  00  00  
00  00  00  00  00  00  00  00  00  00  00  00  00  00  00  00  00  00  00  00  00  00  00  00  00  
00  00  00  00  00  00  00  00  6D  31  20  00  00  03  00  00  00  19  63  00  00  48  8C  FF  FF  
B9  18  01  00  5F  A6  07  00  C4  82  06  00  41  6A  70  FF  82  61  07  00  6D  32  24  00  03  
00  00  00  3C  8A  0C  00  33  0A  CD  7B  01  00  00  00  0D  FE  1A  8D  05  00  00  00  01  00  
00  00  00  FD  FF  FF  FF  FC  FF  FF  FF  6D  33  10  00  03  00  00  00  E3  07  02  19  12  29  
26  00  01  00  12  00  6D  34  14  00  03  00  00  00  92  28  03  00  26  0B  FF  FF  78  4E  04  
00  4C  70  07  00  6D  35  0C  00  03  00  00  00  28  8D  01  00  DD  11  07  00  2E  47  4E  00  
00  36  7F  02  00  00  00  00  00  00  00  28  01  6D  15  14  00  02  01  00  00  03  04  03  00  
00  00  00  00  00  00  00  00  00  00  00  00  6D  16  10  00  03  00  00  00  E3  07  02  19  12  
29  27  00  07  00  00  00  6D  21  1C  00  03  00  00  00  58  FF  FF  FF  73  00  00  00  F5  FF  
FF  FF  00  00  00  00  FF  FF  FF  FF  6E  00  00  00  6D  22  10  00  03  00  00  00  3F  FE  FF  
FF  25  02  00  00  AF  06  00  00  6D  23  14  00  03  00  00  00  EC  3E  B1  76  A3  C0  0E  FD  
CC  9E  07  03  33  F7  40  0A  6D  24  24  00  02  00  00  00  00  00  00  00  00  00  00  00  00  
00  00  00  00  00  00  00  00  00  00  00  00  00  00  00  00  00  00  00  00  00  00  00  6D  31  
20  00  03  00  00  00  FB  23  00  00  D5  B5  FF  FF  5A  0E  01  00  91  EF  07  00  01  72  06  
00  F1  13  71  FF  F9  62  07  00  6D  32  24  00  03  00  00  00  3C  8A  0C  00  33  0A  CD  7B  
01  00  00  00  0D  FE  1A  8D  05  00  00  00  01  00  00  00  FD  FF  FF  10  00  03  00  01  00  
E3  07  02  19  12  29  26  00  01  00  12  00  6D  34  14  00  03  00  00  00  2A  29  03  00  EF  
2C  FF  FF  09  37  04  00  CF  EC  07  00  6D  35  0C  00  03  00  00  00  2C  8D  01  00  8C  12  
07  00  41  53  14  22  47  4E  00  00  37  7F  02  00  00  00  00  00  00  00  28  01  6D  15  14  
00  02  01  00  00  03  04  03  00  00  00  00  00  00  00  00  00  00  00  00  00  6D  16  10  00  
03  00  00  00  E3  07  02  19  12  29  00  27  00  11  00  00  00  6D  21  1C  00  03  00  00  00  
4E  FE  FF  FF  72  00  00  00  A6  FF  FF  FF  F8  FF  FF  FF  02  00  00  00  3E  00  00  00  6D  
22  10  00  03  00  00  00  3F  FE  FF  FF  25  02  00  00  AF  06  00  00  6D  23  14  00  00  03  
00  00  00  4D  3D  B1  76  70  08  0E  FD  60  BE  07  03  C0  CB  40  0A  6D  24  24  00  02  00  
00  00  00  00  00  00  00  00  00  00  00  00  00  00  00  00  00  00  00  00  00  00  00  00  00  
00  00  00  00  00  00  00  00  00  6D  31  00  20  00  03  00  00  00  FD  BB  FF  FF  64  B5  FF  
FF  A4  EF  00  00  B1  D2  07  00  84  80  06  00  65  55  70  FF  B7  61  07  00  6D  32  24  00  
03  00  00  00  3C  8A  0C  00  33  0A  CD  7B  01  00  00  00  0D  FE  1A  8D  05  00  00  00  00  
01  00  00  00  FD  FF  FF  FF  FC  FF  FF  FF  6D  33  10  00  03  00  00  00  E3  07  02  19  12  
29  26  00  01  00  12  00  6D  34  14  00  03  00  00  00  4C  2D  03  00  5B  47  FF  FF  F4  3A  
04  00  AA  07  08  00  6D  35  0C  00  03  00  00  00  2A  8D  01  00  5A  12  7B  47  4E  00  00  
38  7F  02  00  00  00  00  00  00  00  28  01  6D  15  14  00  02  01  00  00  03  04  03  00  00  
00  00  00  00  00  00  00  00  00  00  00  6D  16  10  00  03  00  00  00  E3  07  02  19  12  29  
27  00  1B  00  00  00  6D  21  1C  00  03  00  00  00  C6  FF  FF  FF  08  00  00  00  7D  FF  FF  
FF  F5  FF  FF  FF  06  00  00  00  49  00  00  00  6D  22  10  00  03  00  00  00  3F  FE  FF  FF  
25  02  00  00  AF  06  00  00  6D  23  14  00  03  00  00  00  C1  41  B1  76  C4  E5  0D  FD  0F  
C1  07  03  74  8D  40  0A  6D  24  24  00  02  00  00  00  00  00  00  00  00  00  00  00  00  00  
00  00  00  00  00  00  00  00  00  00  00  00  00  00  00  00  00  00  00  00  00  00  6D  31  20  
00  03  00  00  00  D0  4E  00  00  0D  8C  FF  FF  76  DF  00  00  2C  C7  07  00  30  91  06  00  
AF  83  70  FF  C7  60  07  00  6D  32  24  00  03  00  00  00  3C  8A  0C  00  33  0A  CD  7B  01  
00  00  00  0D  FE  1A  8D  05  00  00  00  01  00  00  00  FD  FF  FF  03  00  00  00  E3  07  02  
19  12  29  26  00  01  00  12  00  6D  34  14  00  03  00  00  00  1A  39  03  00  D6  74  FF  FF  
23  5E  04  00  B8  DB  07  00  6D  35  0C  00  03  00  00  00  2A  8D  01  00  41  12  07  00  41  
53  5F  93  47  4E  00  00  39  7F  02  00  00  00  00  00  00  00  28  01  6D  15  14  00  02  01  
00  00  03  04  03  00  00  00  00  00  00  00  00  00  00  00  00  00  6D  16  10  00  03  00  00  
00  E3  07  02  19  12  29  27  00  00  25  00  00  00  6D  21  1C  00  03  00  00  00  B6  00  00  
00  80  00  00  00  0E  00  00  00  07  00  00  00  F5  FF  FF  FF  4E  00  00  00  6D  22  10  00  
03  00  00  00  3F  FE  FF  FF  25  02  00  00  AF  06  00  00  6D  23  14  00  03  00  00  00  00  
69  42  B1  76  9D  1D  0E  FD  84  FB  07  03  9C  84  40  0A  6D  24  24  00  02  00  00  00  00  
00  00  00  00  00  00  00  00  00  00  00  00  00  00  00  00  00  00  00  00  00  00  00  00  00  
00  00  00  00  00  00  6D  31  20  00  00  03  00  00  00  8F  AC  00  00  F0  BA  FF  FF  4C  18  
01  00  95  0D  08  00  1B  4E  06  00  45  96  70  FF  22  60  07  00  6D  32  24  00  03  00  00  
00  3C  8A  0C  00  33  0A  CD  7B  01  00  00  00  0D  FE  1A  8D  05  00  00  00  01  00  00  00  
00  FD  FF  FF  FF  FC  FF  FF  FF  6D  33  10  00  03  00  00  00  E3  07  02  19  12  29  26  00  
01  00  12  00  6D  34  14  00  03  00  00  00  75  57  03  00  A9  38  FF  FF  A0  4E  04  00  6C  
BE  07  00  6D  35  0C  00  03  00  00  00  28  8D  01  00  5A  12  07  00  8C  47  4E  00  00  3A  
7F  02  00  00  00  00  00  00  00  28  01  6D  15  14  00  02  01  00  00  03  04  03  00  00  00  
00  00  00  00  00  00  00  00  00  00  6D  16  10  00  03  00  00  00  E3  07  02  19  12  29  27  
00  2F  00  00  00  6D  21  1C  00  03  00  00  00  26  FE  FF  FF  38  01  00  00  A6  FF  FF  FF  
FD  FF  FF  FF  00  00  00  00  69  00  00  00  6D  22  10  00  03  00  00  00  3E  FE  FF  FF  25  
02  00  00  AF  06  00  00  6D  23  14  00  03  00  00  00  76  3E  B1  76  E0  4F  0D  FD  5A  67  
08  03  51  57  40  0A  6D  24  24  00  02  00  00  00  00  00  00  00  00  00  00  00  00  00  00  
00  00  00  00  00  00  00  00  00  00  00  00  00  00  00  00  00  00  00  00  00  6D  31  20  00  
03  00  00  00  58  AC  FF  FF  15  03  00  00  82  EF  00  00  2F  E7  07  00  D1  79  06  00  17  
01  71  FF  12  61  07  00  6D  32  24  00  03  00  00  00  3C  8A  0C  00  33  0A  CD  7B  01  00  
00  00  0D  FE  1A  8D  05  00  00  00  01  00  00  00  FD  FF  FF  6D  33  10  00  03  00  00  00  
E3  07  02  19  12  29  26  00  01  00  12  00  6D  34  14  00  03  00  00  00  F9  4B  03  00  86  
38  FF  FF  DE  42  04  00  0B  E3  07  00  6D  35  0C  00  03  00  00  00  27  8D  01  00  28  12  
07  00  41  53  80  52  47  4E  00  00  3B  7F  02  00  00  00  00  00  00  00  28  01  6D  15  14  
00  02  01  00  00  03  04  03  00  00  00  00  00  00  00  00  00  00  00  00  00  6D  16  10  00  
03  00  00  00  E3  07  02  19  00  12  29  27  00  39  00  00  00  6D  21  1C  00  03  00  00  00  
A7  01  00  00  AC  FF  FF  FF  0D  00  00  00  06  00  00  00  03  00  00  00  2E  00  00  00  6D  
22  10  00  03  00  00  00  3F  FE  FF  FF  25  02  00  00  AF  06  00  00  6D  23  00  14  00  03  
00  00  00  92  43  B1  76  01  ED  0D  FD  B1  57  08  03  F0  4D  40  0A  6D  24  24  00  02  00  
00  00  00  00  00  00  00  00  00  00  00  00  00  00  00  00  00  00  00  00  00  00  00  00  00  
00  00  00  00  00  00  00  00  00  00  6D  31  20  00  03  00  00  00  78  0A  01  00  49  68  FF  
FF  04  18  01  00  C1  08  08  00  87  85  06  00  FD  18  70  FF  55  61  07  00  6D  32  24  00  
03  00  00  00  3C  8A  0C  00  33  0A  CD  7B  01  00  00  00  0D  FE  1A  8D  05  00  00  00  00  
01  00  00  00  FD  FF  FF  FF  FC  FF  FF  FF  6D  33  10  00  03  00  00  00  E3  07  02  19  12  
29  26  00  01  00  12  00  6D  34  14  00  03  00  00  00  2C  4C  03  00  C8  43  FF  FF  0E  3B  
04  00  29  DE  07  00  6D  35  0C  00  03  00  00  00  28  8D  01  00  C1  47  4E  00  00  3C  7F  
02  00  00  00  00  00  00  00  28  01  6D  15  14  00  02  01  00  00  03  04  03  00  00  00  00  
00  00  00  00  00  00  00  00  00  6D  16  10  00  03  00  00  00  E3  07  02  19  12  00  29  27  
00  43  00  00  00  6D  21  1C  00  03  00  00  00  B7  FF  FF  FF  7F  00  00  00  60  00  00  00  
F4  FF  FF  FF  07  00  00  00  3B  00  00  00  6D  22  10  00  03  00  00  00  3F  FE  FF  FF  25  
02  00  00  AF  06  00  00  6D  23  14  00  00  03  00  00  00  0A  3F  B1  76  51  C3  0D  FD  4F  
8A  08  03  76  67  40  0A  6D  24  24  00  02  00  00  00  00  00  00  00  00  00  00  00  00  00  
00  00  00  00  00  00  00  00  00  00  00  00  00  00  00  00  00  00  00  00  00  00  6D  00  31  
20  00  03  00  00  00  D2  48  00  00  E2  BA  FF  FF  19  38  01  00  04  C5  07  00  6C  93  06  
00  00  4C  70  FF  FC  60  07  00  6D  32  24  00  03  00  00  00  96  8A  0C  00  22  0A  CD  7B  
01  00  00  00  30  FE  1A  8D  05  00  00  00  00  FF  FF  FF  FF  00  00  00  33  10  00  03  00  
00  00  E3  07  02  19  12  29  27  00  01  00  12  00  6D  34  14  00  03  00  00  00  3F  58  03  
00  B2  65  FF  FF  62  2F  04  00  E4  AA  07  00  6D  35  0C  00  03  00  00  00  24  8D  01  00  
00  28  12  07  00  41  53  3B  32  47  4E  00  00  51  7F  02  00  00  00  00  00  00  00  28  01  
6D  15  14  00  02  01  00  00  03  04  03  00  00  00  00  00  00  00  00  00  00  00  00  00  6D  
16  10  00  03  00  00  00  E3  07  02  19  12  00  29  27  00  15  01  00  00  6D  21  1C  00  03  
00  00  00  F3  FC  FF  FF  88  00  00  00  91  FF  FF  FF  E4  FF  FF  FF  EB  FF  FF  FF  4F  00  
00  00  6D  22  10  00  03  00  00  00  3E  FE  FF  FF  26  02  00  00  AD  06  00  00  6D  23  14  
00  00  03  00  00  00  FF  67  B1  76  69  04  0C  FD  0D  C0  08  03  76  FC  3D  0A  6D  24  24  
00  02  00  00  00  00  00  00  00  00  00  00  00  00  00  00  00  00  00  00  00  00  00  00  00  
00  00  00  00  00  00  00  00  00  00  00  00  6D  00  31  20  00  03  00  00  00  5F  34  FF  FF  
5B  BF  FF  FF  E8  E5  00  00  16  86  07  00  F9  27  06  00  B9  98  70  FF  ED  60  07  00  6D  
32  24  00  03  00  00  00  EA  8B  0C  00  33  0A  CD  7B  01  00  00  00  75  FE  1A  8D  05  00  
00  00  01  00  00  00  05  00  00  59  47  4E  00  00  52  7F  02  00  00  00  00  00  00  00  28  
01  6D  15  14  00  02  01  00  00  03  04  03  00  00  00  00  00  00  00  00  00  00  00  00  00  
6D  16  10  00  03  00  00  00  E3  07  02  19  12  29  27  00  1F  01  00  00  6D  21  1C  00  03  
00  00  00  ED  FF  FF  FF  9B  FF  FF  FF  2E  00  00  00  F6  FF  FF  FF  13  00  00  00  34  00  
00  00  6D  22  10  00  03  00  00  00  3E  FE  FF  FF  26  02  00  00  AD  06  00  00  6D  23  14  
00  03  00  00  00  7C  67  B1  76  76  F8  0B  FD  3C  99  08  03  78  0A  3E  0A  6D  24  24  00  
02  00  00  00  00  00  00  00  00  00  00  00  00  00  00  00  00  00  00  00  00  00  00  00  00  
00  00  00  00  00  00  00  00  00  00  00  6D  31  20  00  03  00  00  00  08  5E  00  00  B5  62  
FF  FF  60  23  01  00  4C  CE  07  00  1A  C9  06  00  0D  30  70  FF  F4  60  07  00  6D  32  24  
00  03  00  00  00  EA  8B  0C  00  33  0A  CD  7B  01  00  00  00  75  FE  1A  8D  05  00  00  00  
01  00  00  00  05  00  00  00  FC  FF  FF  FF  6D  33  10  00  03  00  00  00  E3  07  02  19  12  
29  27  00  01  00  12  00  6D  34  14  00  03  00  00  00  63  40  03  00  46  29  FF  FF  4F  2F  
04  00  40  EF  07  00  6D  35  0C  00  03  00  00  00  00  27  8D  01  00  41  12  07  00  41  53  
50  81  47  4E  00  00  53  7F  02  00  00  00  00  00  00  00  28  01  6D  15  14  00  02  01  00  
00  03  04  03  00  00  00  00  00  00  00  00  00  00  00  00  00  6D  16  10  00  03  00  00  00  
00  E3  07  02  19  12  29  27  00  29  01  00  00  6D  21  1C  00  03  00  00  00  B9  FF  FF  FF  
F7  FF  FF  FF  3E  FF  FF  FF  F5  FF  FF  FF  F3  FF  FF  FF  55  00  00  00  6D  22  10  00  03  
00  00  00  3D  FE  FF  FF  26  02  00  00  AD  00  06  00  00  6D  23  14  00  03  00  00  00  A0  
6D  B1  76  95  D3  0B  FD  7E  92  08  03  AB  BA  3D  0A  6D  24  24  00  02  00  00  00  00  00  
00  00  00  00  00  00  00  00  00  00  00  00  00  00  00  00  00  00  00  00  00  00  00  00  00  
00  00  00  00  00  00  6D  31  20  00  03  00  00  00  A7  49  00  00  E1  86  FF  FF  5B  C5  00  
00  5B  C9  07  00  11  4B  06  00  3D  B2  70  FF  28  61  07  00  6D  32  24  00  03  00  00  00  
EA  8B  0C  00  33  0A  CD  7B  01  00  00  00  75  FE  1A  8D  05  00  00  00  01  52  47  4E  00  
00  54  7F  02  00  00  00  00  00  00  00  28  01  6D  15  14  00  02  01  00  00  03  04  03  00  
00  00  00  00  00  00  00  00  00  00  00  00  6D  16  10  00  03  00  00  00  E3  07  02  19  12  
29  27  00  33  01  00  00  6D  21  1C  00  03  00  00  00  0C  FE  FF  FF  64  FF  FF  FF  C6  FF  
FF  FF  F6  FF  FF  FF  00  00  00  00  1A  00  00  00  6D  22  10  00  03  00  00  00  3D  FE  FF  
FF  25  02  00  00  AD  06  00  00  6D  23  14  00  03  00  00  00  75  6C  B1  76  83  0D  0B  FD  
34  45  08  03  E8  A5  3D  0A  6D  24  24  00  02  00  00  00  00  00  00  00  00  00  00  00  00  
00  00  00  00  00  00  00  00  00  00  00  00  00  00  00  00  00  00  00  00  00  00  00  6D  31  
20  00  03  00  00  00  07  A2  FF  FF  95  4D  FF  FF  91  FA  00  00  5F  CC  07  00  2E  7E  06  
00  6F  CC  6F  FF  AF  61  07  00  6D  32  24  00  03  00  00  00  EA  8B  0C  00  33  0A  CD  7B  
01  00  00  00  75  FE  1A  8D  05  00  00  00  01  00  00  00  05  00  00  00  FC  FF  FF  FF  6D  
33  10  00  03  00  00  00  E3  07  02  19  12  29  27  00  01  00  12  00  6D  34  14  00  03  00  
00  00  4E  58  03  00  02  84  FF  FF  9E  4E  04  00  7C  E5  07  00  6D  35  0C  00  03  00  00  
00  00  26  8D  01  00  C4  11  07  00  41  53  4A  75  47  4E  00  00  55  7F  02  00  00  00  00  
00  00  00  28  01  6D  15  14  00  02  01  00  00  03  04  03  00  00  00  00  00  00  00  00  00  
00  00  00  00  6D  16  10  00  03  00  00  00  00  E3  07  02  19  12  29  27  00  3D  01  00  00  
6D  21  1C  00  03  00  00  00  E2  FE  FF  FF  11  00  00  00  B7  FF  FF  FF  FF  FF  FF  FF  01  
00  00  00  3D  00  00  00  6D  22  10  00  03  00  00  00  3D  FE  FF  FF  25  02  00  00  AD  00  
06  00  00  6D  23  14  00  03  00  00  00  1C  6C  B1  76  B9  94  0A  FD  19  42  08  03  FA  87  
3D  0A  6D  24  24  00  02  00  00  00  00  00  00  00  00  00  00  00  00  00  00  00  00  00  00  
00  00  00  00  00  00  00  00  00  00  00  00  00  00  00  00  00  00  6D  31  20  00  03  00  00  
00  78  F5  FF  FF  39  91  FF  FF  AA  F4  00  00  DF  F0  07  00  2B  85  06  00  6F  55  70  FF  
F3  61  07  00  6D  32  24  00  03  00  00  00  EA  8B  0C  00  33  0A  CD  7B  01  00  00  00  75  
FE  1A  8D  05  00  00  00  01  32  47  4E  00  00  56  7F  02  00  02  01  01  01  00  00  28  01  
6D  15  14  00  02  01  00  00  03  04  03  00  00  00  00  00  00  00  00  00  00  00  00  00  6D  
16  10  00  03  00  00  00  E3  07  02  19  12  29  27  00  47  01  00  00  6D  21  1C  00  03  00  
00  00  15  01  00  00  A8  FF  FF  FF  C2  FF  FF  FF  E9  FF  FF  FF  08  00  00  00  47  00  00  
00  6D  22  10  00  03  00  00  00  3D  FE  FF  FF  25  02  00  00  AD  06  00  00  6D  23  14  00  
03  00  00  00  CF  71  B1  76  A2  FA  0A  FD  73  28  08  03  F9  6A  3D  0A  6D  24  24  00  02  
00  00  00  00  00  00  00  00  00  00  00  00  00  00  00  00  00  00  00  00  00  00  00  00  00  
00  00  00  00  00  00  00  00  00  00  6D  31  20  00  03  00  00  00  5A  D1  00  00  0B  68  FF  
FF  FC  F8  00  00  DA  9A  07  00  58  A1  06  00  5A  7A  70  FF  CF  60  07  00  6D  32  24  00  
03  00  00  00  EA  8B  0C  00  33  0A  CD  7B  01  00  00  00  75  FE  1A  8D  05  00  00  00  01  
00  00  00  05  00  00  00  FC  FF  FF  FF  6D  33  10  00  03  00  00  00  E3  07  02  19  12  29  
27  00  01  00  12  00  6D  34  14  00  03  00  00  00  9F  38  03  00  6C  38  FF  FF  B5  46  04  
00  9A  E0  07  00  6D  35  0C  00  03  00  00  00  00  29  8D  01  00  DD  11  07  00  41  53  41  
F1  47  4E  00  00  57  7F  02  00  00  00  00  00  00  00  28  01  6D  15  14  00  02  01  00  00  
03  04  03  00  00  00  00  00  00  00  00  00  00  00  00  00  6D  16  10  00  03  00  00  00  E3  
07  02  19  12  29  27  00  51  01  00  00  6D  21  1C  00  03  00  00  00  75  FF  FF  FF  B1  00  
00  00  58  FF  FF  FF  FA  FF  FF  FF  F5  FF  FF  FF  41  00  00  00  6D  22  10  00  03  00  00  
00  3D  FE  FF  FF  26  02  00  00  AD  06  00  00  6D  23  14  00  03  00  00  00  61  74  B1  76  
13  B5  0A  FD  F6  66  08  03  8A  26  3D  0A  6D  24  24  00  02  00  00  00  00  00  00  00  00  
00  00  00  00  00  00  00  00  00  00  00  00  00  00  00  00  00  00  00  00  00  00  00  00  00  
00  00  6D  31  20  00  03  00  00  00  ED  2E  00  00  A4  CF  FF  FF  98  CF  00  00  C9  DB  07  
00  E8  53  06  00  7B  63  70  FF  6A  62  07  00  6D  32  24  00  03  00  00  00  EA  8B  0C  00  
33  0A  CD  7B  01  00  00  00  75  FE  1A  8D  05  00  00  00  01  34  03  00  D0  52  FF  FF  80  
4E  04  00  65  D4  07  00  6D  35  0C  00  03  00  00  00  27  8D  01  00  28  12  07  00  41  53  
B2  C3  47  4E  00  00  58  7F  02  00  00  00  00  00  00  00  28  01  6D  15  14  00  02  01  00  
00  03  04  03  00  00  00  00  00  00  00  00  00  00  00  00  00  6D  16  10  00  03  00  00  00  
E3  07  02  19  12  29  27  00  5B  01  00  00  6D  21  1C  00  03  00  00  00  FD  FE  FF  FF  1E  
00  00  00  4C  FF  FF  FF  F9  FF  FF  FF  FC  FF  FF  FF  33  00  00  00  6D  22  10  00  03  00  
00  00  3C  FE  FF  FF  26  02  00  00  AC  06  00  00  6D  23  14  00  03  00  00  00  A1  77  B1  
76  81  46  0A  FD  24  68  08  03  96  E0  3C  0A  6D  24  24  00  02  00  00  00  00  00  00  00  
00  00  00  00  00  00  00  00  00  00  00  00  00  00  00  00  00  00  00  00  00  00  00  00  00  
00  00  00  6D  31  20  00  03  00  00  00  5B  00  00  00  4E  96  FF  FF  DD  CA  00  00  18  DA  
07  00  B9  72  06  00  97  2B  70  FF  5D  61  07  00  6D  32  24  00  03  00  00  00  EA  8B  0C  
00  33  0A  CD  7B  01  00  00  00  75  FE  1A  8D  05  00  00  00  01  00  00  00  05  00  00  00  
FC  FF  FF  FF  6D  33  10  00  03  00  00  00  E3  07  02  19  12  29  27  00  00  01  00  12  00  
6D  34  14  00  03  00  00  00  A0  57  03  00  BB  47  FF  FF  9F  4E  04  00  50  16  08  00  6D  
35  0C  00  03  00  00  00  28  8D  01  00  DD  11  07  00  41  53  9A  21  47  4E  00  00  59  7F  
02  00  64  00  00  00  00  00  28  01  6D  15  14  00  02  01  00  00  03  04  03  00  00  00  00  
00  00  00  00  00  00  00  00  00  6D  16  10  00  03  00  00  00  E3  07  02  19  12  29  27  00  
65  01  00  00  6D  21  1C  00  03  00  00  00  81  00  00  00  80  FF  FF  FF  3B  00  00  00  F5  
FF  FF  FF  F1  FF  FF  FF  41  00  00  00  6D  22  10  00  03  00  00  00  3D  FE  FF  FF  25  02  
00  00  AC  06  00  00  6D  23  14  00  03  00  00  00  29  78  B1  76  04  76  0A  FD  DF  3A  08  
03  8C  F5  3C  0A  6D  24  24  00  02  00  00  00  00  00  00  00  00  00  00  00  00  00  00  00  
00  00  00  00  00  00  00  00  00  00  00  00  00  00  00  00  00  00  00  00  6D  31  20  00  03  
00  00  00  8D  97  00  00  76  58  FF  FF  53  28  01  00  7D  C7  07  00  D7  48  06  00  A0  65  
70  00  FC  FF  FF  FF  6D  33  10  00  03  00  00  00  E3  07  02  19  12  29  27  00  01  00  12  
00  6D  34  14  00  03  00  00  00  1F  4C  03  00  3A  3C  FF  FF  28  37  04  00  B1  F1  07  00  
6D  35  0C  00  03  00  00  00  28  8D  01  00  F6  11  07  00  41  53  F7  74  47  4E  00  00  5A  
7F  02  00  00  00  00  00  00  00  28  01  6D  15  14  00  02  01  00  00  03  04  03  00  00  00  
00  00  00  00  00  00  00  00  00  00  6D  16  10  00  03  00  00  00  00  E3  07  02  19  12  29  
27  00  6F  01  00  00  6D  21  1C  00  03  00  00  00  AA  FF  FF  FF  72  FF  FF  FF  EC  FF  FF  
FF  FC  FF  FF  FF  00  00  00  00  3C  00  00  00  6D  22  10  00  03  00  00  00  3C  FE  FF  FF  
25  02  00  00  AC  00  06  00  00  6D  23  14  00  03  00  00  00  51  79  B1  76  9F  52  0A  FD  
E0  FF  07  03  67  EF  3C  0A  6D  24  24  00  02  00  00  00  00  00  00  00  00  00  00  00  00  
00  00  00  00  00  00  00  00  00  00  00  00  00  00  00  00  00  00  00  00  00  00  00  00  6D  
31  20  00  03  00  00  00  DD  43  00  00  27  53  FF  FF  5E  09  01  00  F9  E2  07  00  7E  80  
06  00  C4  50  70  FF  DC  61  07  00  6D  32  24  00  03  00  00  00  26  8C  0C  00  33  0A  CD  
7B  01  00  00  00  87  00  FE  1A  8D  05  00  00  00  FE  FF  FF  FF  00  00  00  00  FD  FF  FF  
FF  6D  33  10  00  03  00  00  00  E3  07  02  19  12  29  27  00  01  00  12  00  6D  34  14  00  
03  00  00  00  2F  48  03  00  48  29  FF  FF  87  27  04  00  6C  BE  07  00  6D  35  0C  00  03  
00  00  17  47  4E  00  00  5B  7F  02  00  02  01  00  00  00  00  28  01  6D  15  14  00  02  01  
00  00  03  04  03  00  00  00  00  00  00  00  00  00  00  00  00  00  6D  16  10  00  03  00  00  
00  E3  07  02  19  12  29  27  00  79  01  00  00  6D  21  1C  00  03  00  00  00  DE  FF  FF  FF  
3A  00  00  00  B3  00  00  00  04  00  00  00  04  00  00  00  3F  00  00  00  6D  22  10  00  03  
00  00  00  3C  FE  FF  FF  25  02  00  00  AD  06  00  00  6D  23  14  00  03  00  00  00  53  72  
B1  76  C9  3E  0A  FD  76  16  08  03  0C  34  3D  0A  6D  24  24  00  02  00  00  00  00  00  00  
00  00  00  00  00  00  00  00  00  00  00  00  00  00  00  00  00  00  00  00  00  00  00  00  00  
00  00  00  00  6D  31  20  00  03  00  00  00  34  58  00  00  1D  A1  FF  FF  5D  57  01  00  4F  
01  08  00  0F  91  06  00  4F  5C  70  FF  8A  61  07  00  6D  32  24  00  03  00  00  00  26  8C  
0C  00  33  0A  CD  7B  01  00  00  00  87  FE  1A  8D  05  00  00  00  FE  FF  FF  FF  00  00  00  
00  FD  FF  FF  FF  6D  33  10  00  03  00  00  00  E3  07  02  19  12  29  27  00  01  00  12  00  
6D  34  14  00  03  00  00  00  BA  53  03  00  96  25  FF  FF  92  27  04  00  30  C8  07  00  6D  
35  0C  00  03  00  00  00  25  8D  01  00  C4  11  07  00  41  53  A2  88  47  4E  00  00  5C  7F  
02  00  03  04  03  00  00  00  28  01  6D  15  14  00  02  01  00  00  03  04  03  00  00  00  00  
00  00  00  00  00  00  00  00  00  6D  16  10  00  03  00  00  00  00  E3  07  02  19  12  29  27  
00  83  01  00  00  6D  21  1C  00  03  00  00  00  73  00  00  00  66  FF  FF  FF  13  00  00  00  
05  00  00  00  03  00  00  00  3F  00  00  00  6D  22  10  00  03  00  00  00  3C  FE  FF  FF  25  
02  00  00  AD  00  06  00  00  6D  23  14  00  03  00  00  00  49  74  B1  76  E9  69  0A  FD  04  
DE  07  03  74  3A  3D  0A  6D  24  24  00  02  00  00  00  00  00  00  00  00  00  00  00  00  00  
00  00  00  00  00  00  00  00  00  00  00  00  00  00  00  00  00  00  00  00  00  00  00  6D  31  
20  00  03  00  00  00  42  92  00  00  23  4E  FF  FF  A9  18  01  00  4F  08  08  00  B6  8E  06  
00  55  5C  70  FF  99  61  07  00  6D  32  24  00  03  00  00  00  26  8C  0C  00  33  0A  CD  7B  
01  00  00  00  87  00  FE  1A  8D  05  00  00  00  FE  FF  FF  FF  00  00  00  00  FD  FF  FF  FF  
6D  33  10  00  03  00  00  00  E3  07  02  19  12  29  27  00  01  00  12  00  6D  34  14  00  03  
00  00  00  A7  76  03  00  D7  47  FF  FF  1B  3F  04  00  AC  5A  08  00  6D  35  0C  00  03  00  
00  5A  47  4E  00  00  5D  7F  02  00  00  00  00  00  00  00  28  01  6D  15  14  00  02  01  00  
00  03  04  03  00  00  00  00  00  00  00  00  00  00  00  00  00  6D  16  10  00  03  00  00  00  
E3  07  02  19  12  29  27  00  8D  01  00  00  6D  21  1C  00  03  00  00  00  65  00  00  00  FC  
FE  FF  FF  21  00  00  00  00  00  00  00  06  00  00  00  47  00  00  00  6D  22  10  00  03  00  
00  00  3D  FE  FF  FF  25  02  00  00  AD  06  00  00  6D  23  14  00  03  00  00  00  D0  76  B1  
76  3D  93  0A  FD  BD  7C  07  03  E9  45  3D  0A  6D  24  24  00  02  00  00  00  00  00  00  00  
00  00  00  00  00  00  00  00  00  00  00  00  00  00  00  00  00  00  00  00  00  00  00  00  00  
00  00  00  6D  31  20  00  03  00  00  00  08  8D  00  00  A8  24  FF  FF  13  1E  01  00  B2  F0  
07  00  D9  97  06  00  86  7A  70  FF  D5  61  07  00  6D  32  24  00  03  00  00  00  26  8C  0C  
00  33  0A  CD  7B  01  00  00  00  87  FE  1A  8D  05  00  00  00  FE  FF  FF  FF  00  00  00  00  
FD  FF  FF  FF  6D  33  10  00  03  00  00  00  E3  07  02  19  12  29  27  00  01  00  12  00  6D  
34  14  00  03  00  00  00  98  5F  03  00  A1  47  FF  FF  50  33  04  00  1B  0A  08  00  6D  35  
0C  00  03  00  00  00  2C  8D  01  00  28  12  07  00  41  53  1A  86  47  4E  00  00  5E  7F  02  
00  00  00  00  00  00  00  28  01  6D  15  14  00  02  01  00  00  03  04  03  00  00  00  00  00  
00  00  00  00  00  00  00  00  6D  16  10  00  03  00  00  00  00  E3  07  02  19  12  29  27  00  
97  01  00  00  6D  21  1C  00  03  00  00  00  3F  FF  FF  FF  62  00  00  00  9C  FF  FF  FF  00  
00  00  00  FA  FF  FF  FF  27  00  00  00  6D  22  10  00  03  00  00  00  3C  FE  FF  FF  25  02  
00  00  AD  00  06  00  00  6D  23  14  00  03  00  00  00  51  77  B1  76  03  3D  0A  FD  1E  9B  
07  03  23  1E  3D  0A  6D  24  24  00  02  00  00  00  00  00  00  00  00  00  00  00  00  00  00  
00  00  00  00  00  00  00  00  00  00  00  00  00  00  00  00  00  00  00  00  00  00  6D  31  20  
00  03  00  00  00  11  1A  00  00  67  B0  FF  FF  F8  E9  00  00  6A  F1  07  00  94  6B  06  00  
94  FF  6F  FF  DC  61  07  00  6D  32  24  00  03  00  00  00  26  8C  0C  00  33  0A  CD  7B  01  
00  00  00  87  00  FE  1A  8D  05  00  00  00  FE  FF  FF  FF  00  00  00  00  FD  FF  FF  FF  6D  
33  10  00  03  00  00  00  E3  07  02  19  12  29  27  00  01  00  12  00  6D  34  14  00  03  00  
00  00  03  50  03  00  71  38  FF  FF  5C  2F  04  00  9A  E0  07  00  6D  35  0C  00  03  00  00  
A6  47  4E  00  00  5F  7F  02  00  00  00  00  00  00  00  28  01  6D  15  14  00  02  01  00  00  
03  04  03  00  00  00  00  00  00  00  00  00  00  00  00  00  6D  16  10  00  03  00  00  00  E3  
07  02  19  12  29  27  00  A1  01  00  00  6D  21  1C  00  03  00  00  00  AC  FE  FF  FF  65  FF  
FF  FF  D3  FF  FF  FF  06  00  00  00  F8  FF  FF  FF  5D  00  00  00  6D  22  10  00  03  00  00  
00  3C  FE  FF  FF  25  02  00  00  AD  06  00  00  6D  23  14  00  03  00  00  00  28  77  B1  76  
0E  B7  09  FD  CC  53  07  03  63  0E  3D  0A  6D  24  24  00  02  00  00  00  00  00  00  00  00  
00  00  00  00  00  00  00  00  00  00  00  00  00  00  00  00  00  00  00  00  00  00  00  00  00  
00  00  6D  31  20  00  03  00  00  00  C0  E0  FF  FF  B5  4D  FF  FF  78  FF  00  00  40  0A  08  
00  70  62  06  00  74  D0  70  FF  8A  61  07  00  6D  32  24  00  03  00  00  00  26  8C  0C  00  
33  0A  CD  7B  01  00  00  00  87  FE  1A  8D  05  00  00  00  FE  FF  FF  FF  00  00  00  00  FD  
FF  FF  FF  6D  33  10  00  03  00  00  00  E3  07  02  19  12  29  27  00  01  00  12  00  6D  34  
14  00  03  00  00  00  26  4C  03  00  6A  38  FF  FF  58  2F  04  00  A1  CA  07  00  6D  35  0C  
00  03  00  00  00  2A  8D  01  00  0F  12  07  00  41  53  10  49  47  4E  00  00  60  7F  02  00  
14  00  00  00  00  00  28  01  6D  15  14  00  02  01  00  00  03  04  03  00  00  00  00  00  00  
00  00  00  00  00  00  00  6D  16  10  00  03  00  00  00  00  E3  07  02  19  12  29  27  00  AB  
01  00  00  6D  21  1C  00  03  00  00  00  7A  02  00  00  72  00  00  00  51  01  00  00  FC  FF  
FF  FF  F3  FF  FF  FF  36  00  00  00  6D  22  10  00  03  00  00  00  3D  FE  FF  FF  25  02  00  
00  AD  00  06  00  00  6D  23  14  00  03  00  00  00  E9  70  B1  76  AD  A6  0A  FD  27  99  07  
03  85  87  3D  0A  6D  24  24  00  02  00  00  00  00  00  00  00  00  00  00  00  00  00  00  00  
00  00  00  00  00  00  00  00  00  00  00  00  00  00  00  00  00  00  00  00  00  6D  31  20  00  
03  00  00  00  06  5D  01  00  87  B6  FF  FF  A2  94  01  00  11  E1  07  00  58  4D  06  00  99  
39  70  FF  91  61  07  00  6D  32  24  00  03  00  00  00  26  8C  0C  00  33  0A  CD  7B  01  00  
00  00  87  00  FE  1A  8D  05  00  00  00  FE  FF  FF  FF  00  00  00  00  FD  FF  FF  FF  6D  33  
10  00  03  00  00  00  E3  07  02  19  12  29  27  00  01  00  12  00  6D  34  14  00  03  00  00  
00  3F  58  03  00  B2  65  FF  FF  62  2F  04  00  A8  B4  07  00  6D  35  0C  00  03  00  00  3C  
47  4E  00  00  61  7F  02  00  3D  87  01  00  00  00  28  01  6D  15  14  00  02  01  00  00  03  
04  03  00  00  00  00  00  00  00  00  00  00  00  00  00  6D  16  10  00  03  00  00  00  E3  07  
02  19  12  29  27  00  B5  01  00  00  6D  21  1C  00  03  00  00  00  91  FF  FF  FF  D4  FE  FF  
FF  83  FF  FF  FF  0B  00  00  00  01  00  00  00  33  00  00  00  6D  22  10  00  03  00  00  00  
3D  FE  FF  FF  25  02  00  00  AD  06  00  00  6D  23  14  00  03  00  00  00  20  77  B1  76  8E  
7E  0A  FD  9C  20  07  03  91  57  3D  0A  6D  24  24  00  02  00  00  00  00  00  00  00  00  00  
00  00  00  00  00  00  00  00  00  00  00  00  00  00  00  00  00  00  00  00  00  00  00  00  00  
00  6D  31  20  00  03  00  00  00  0B  3A  00  00  B7  14  FF  FF  F0  DF  00  00  BE  1D  08  00  
A9  85  06  00  8B  2B  70  FF  30  61  07  00  6D  32  24  00  03  00  00  00  26  8C  0C  00  33  
0A  CD  7B  01  00  00  00  87  FE  1A  8D  05  00  00  00  FE  FF  FF  FF  00  00  00  00  FD  FF  
FF  FF  6D  33  10  00  03  00  00  00  E3  07  02  19  12  29  27  00  01  00  12  00  6D  34  14  
00  03  00  00  00  F6  4B  03  00  E9  43  FF  FF  7F  52  04  00  47  D9  07  00  6D  35  0C  00  
03  00  00  00  25  8D  01  00  28  12  07  00  41  53  FE  C8  47  4E  00  00  62  7F  02  00  01  
16  01  60  00  00  28  01  6D  15  14  00  02  01  00  00  03  04  03  00  00  00  00  00  00  00  
00  00  00  00  00  00  6D  16  10  00  03  00  00  00  00  E3  07  02  19  12  29  27  00  BF  01  
00  00  6D  21  1C  00  03  00  00  00  A3  02  00  00  B9  FF  FF  FF  A4  00  00  00  06  00  00  
00  04  00  00  00  34  00  00  00  6D  22  10  00  03  00  00  00  3D  FE  FF  FF  25  02  00  00  
AD  00  06  00  00  6D  23  14  00  03  00  00  00  0D  79  B1  76  E7  82  0B  FD  8C  1E  07  03  
0A  8D  3D  0A  6D  24  24  00  02  00  00  00  00  00  00  00  00  00  00  00  00  00  00  00  00  
00  00  00  00  00  00  00  00  00  00  00  00  00  00  00  00  00  00  00  00  6D  31  20  00  03  
00  00  00  0D  6D  01  00  F3  6D  FF  FF  DD  50  01  00  11  08  08  00  54  8E  06  00  AD  32  
70  FF  88  62  07  00  6D  32  24  00  03  00  00  00  26  8C  0C  00  33  0A  CD  7B  01  00  00  
00  87  00  FE  1A  8D  05  00  00  00  FE  FF  FF  FF  00  00  00  00  FD  FF  FF  FF  6D  33  10  
00  03  00  00  00  E3  07  02  19  12  29  27  00  01  00  12  00  6D  34  14  00  03  00  00  00  
D0  30  03  00  6A  38  FF  FF  7F  4E  04  00  22  F4  07  00  6D  35  0C  00  03  00  00  1E  47  
4E  00  00  63  7F  02  00  2A  00  00  00  00  00  28  01  6D  15  14  00  02  01  00  00  03  04  
03  00  00  00  00  00  00  00  00  00  00  00  00  00  6D  16  10  00  03  00  00  00  E3  07  02  
19  12  29  27  00  C9  01  00  00  6D  21  1C  00  03  00  00  00  B8  FF  FF  FF  B3  00  00  00  
3F  FF  FF  FF  08  00  00  00  00  00  00  00  25  00  00  00  6D  22  10  00  03  00  00  00  3D  
FE  FF  FF  25  02  00  00  AD  06  00  00  6D  23  14  00  03  00  00  00  5E  7D  B1  76  30  59  
0B  FD  DC  61  07  03  0A  3B  3D  0A  6D  24  24  00  02  00  00  00  00  00  00  00  00  00  00  
00  00  00  00  00  00  00  00  00  00  00  00  00  00  00  00  00  00  00  00  00  00  00  00  00  
6D  31  20  00  03  00  00  00  79  49  00  00  86  CF  FF  FF  1B  C5  00  00  FE  0F  08  00  9D  
7E  06  00  7D  F8  6F  FF  3F  61  07  00  6D  32  24  00  03  00  00  00  26  8C  0C  00  33  0A  
CD  7B  01  00  00  00  87  FE  1A  8D  05  00  00  00  FE  FF  FF  FF  00  00  00  00  FD  FF  FF  
FF  6D  33  10  00  03  00  00  00  E3  07  02  19  12  29  27  00  01  00  12  00  6D  34  14  00  
03  00  00  00  97  1D  03  00  3A  38  FF  FF  B5  42  04  00  50  16  08  00  6D  35  0C  00  03  
00  00  00  22  8D  01  00  28  12  07  00  41  53  D3  62  47  4E  00  00  64  7F  02  00  10  05  
00  00  00  00  28  01  6D  15  14  00  02  01  00  00  03  04  03  00  00  00  00  00  00  00  00  
00  00  00  00  00  6D  16  10  00  03  00  00  00  00  E3  07  02  19  12  29  27  00  D3  01  00  
00  6D  21  1C  00  03  00  00  00  89  02  00  00  65  00  00  00  11  00  00  00  02  00  00  00  
F4  FF  FF  FF  5B  00  00  00  6D  22  10  00  03  00  00  00  3E  FE  FF  FF  25  02  00  00  AD  
00  06  00  00  6D  23  14  00  03  00  00  00  58  82  B1  76  D2  4C  0C  FD  18  A1  07  03  F0  
34  3D  0A  6D  24  24  00  02  00  00  00  00  00  00  00  00  00  00  00  00  00  00  00  00  00  
00  00  00  00  00  00  00  00  00  00  00  00  00  00  00  00  00  00  00  6D  31  20  00  03  00  
00  00  33  63  01  00  1B  B1  FF  FF  54  17  01  00  D0  F7  07  00  D7  4F  06  00  79  C9  70  
FF  46  61  07  00  6D  32  24  00  03  00  00  00  70  8D  0C  00  33  0A  CD  7B  01  00  00  00  
98  00  FE  1A  8D  05  00  00  00  00  00  00  00  FF  FF  FF  FF  FC  FF  FF  FF  6D  33  10  00  
03  00  00  00  E3  07  02  19  12  29  27  00  01  00  12  00  6D  34  14  00  03  00  00  00  17  
29  03  00  5D  38  FF  FF  77  4E  04  00  E8  50  08  00  6D  35  0C  00  03  00  00  54  47  4E  
00  00  65  7F  02  00  00  00  00  00  00  00  28  01  6D  15  14  00  02  01  00  00  03  04  03  
00  00  00  00  00  00  00  00  00  00  00  00  00  6D  16  10  00  03  00  00  00  E3  07  02  19  
12  29  27  00  DD  01  00  00  6D  21  1C  00  03  00  00  00  A8  00  00  00  9D  FF  FF  FF  9C  
FF  FF  FF  09  00  00  00  05  00  00  00  20  00  00  00  6D  22  10  00  03  00  00  00  3E  FE  
FF  FF  25  02  00  00  AD  06  00  00  6D  23  14  00  03  00  00  00  95  88  B1  76  F4  8A  0C  
FD  6D  81  07  03  E1  07  3D  0A  6D  24  24  00  02  00  00  00  00  00  00  00  00  00  00  00  
00  00  00  00  00  00  00  00  00  00  00  00  00  00  00  00  00  00  00  00  00  00  00  00  6D  
31  20  00  03  00  00  00  60  A7  00  00  E3  62  FF  FF  85  E9  00  00  6D  14  08  00  06  91  
06  00  A6  E3  6F  FF  CD  61  07  00  6D  32  24  00  03  00  00  00  70  8D  0C  00  33  0A  CD  
7B  01  00  00  00  98  FE  1A  8D  05  00  00  00  00  00  00  00  FF  FF  FF  FF  FC  FF  FF  FF  
6D  33  10  00  03  00  00  00  E3  07  02  19  12  29  27  00  01  00  12  00  6D  34  14  00  03  
00  00  00  A9  34  03  00  12  2D  FF  FF  CA  42  04  00  65  D4  07  00  6D  35  0C  00  03  00  
00  00  21  8D  01  00  F6  11  07  00  41  53  3E  DC  47  4E  00  00  66  7F  02  00  00  00  00  
00  00  00  28  01  6D  15  14  00  02  01  00  00  03  04  03  00  00  00  00  00  00  00  00  00  
00  00  00  00  6D  16  10  00  03  00  00  00  00  E3  07  02  19  12  29  27  00  E7  01  00  00  
6D  21  1C  00  03  00  00  00  41  FE  FF  FF  10  01  00  00  91  FF  FF  FF  03  00  00  00  EF  
FF  FF  FF  45  00  00  00  6D  22  10  00  03  00  00  00  3D  FE  FF  FF  25  02  00  00  AC  00  
06  00  00  6D  23  14  00  03  00  00  00  A7  85  B1  76  DF  CD  0B  FD  C7  DD  07  03  03  D8  
3C  0A  6D  24  24  00  02  00  00  00  00  00  00  00  00  00  00  00  00  00  00  00  00  00  00  
00  00  00  00  00  00  00  00  00  00  00  00  00  00  00  00  00  00  6D  31  20  00  03  00  00  
00  21  B7  FF  FF  6E  F3  FF  FF  1F  E5  00  00  70  FD  07  00  5E  3B  06  00  79  73  70  FF  
40  60  07  00  6D  32  24  00  03  00  00  00  70  8D  0C  00  33  0A  CD  7B  01  00  00  00  98  
00  FE  1A  8D  05  00  00  00  00  00  00  00  FF  FF  FF  FF  FC  FF  FF  FF  6D  33  10  00  03  
00  00  00  E3  07  02  19  12  29  27  00  01  00  12  00  6D  34  14  00  03  00  00  00  3A  48  
03  00  03  40  FF  FF  F2  3E  04  00  20  A1  07  00  6D  35  0C  00  03  00  00  7E  47  4E  00  
00  67  7F  02  00  00  00  00  00  00  00  28  01  6D  15  14  00  02  01  00  00  03  04  03  00  
00  00  00  00  00  00  00  00  00  00  00  00  6D  16  10  00  03  00  00  00  E3  07  02  19  12  
29  27  00  F1  01  00  00  6D  21  1C  00  03  00  00  00  32  FF  FF  FF  22  00  00  00  5C  FF  
FF  FF  F6  FF  FF  FF  F2  FF  FF  FF  40  00  00  00  6D  22  10  00  03  00  00  00  3D  FE  FF  
FF  25  02  00  00  AC  06  00  00  6D  23  14  00  03  00  00  00  31  89  B1  76  EC  75  0B  FD  
FB  E4  07  03  71  93  3C  0A  6D  24  24  00  02  00  00  00  00  00  00  00  00  00  00  00  00  
00  00  00  00  00  00  00  00  00  00  00  00  00  00  00  00  00  00  00  00  00  00  00  6D  31  
20  00  03  00  00  00  49  15  00  00  55  96  FF  FF  02  D0  00  00  C4  C9  07  00  C5  48  06  
00  01  61  70  FF  28  61  07  00  6D  32  24  00  03  00  00  00  70  8D  0C  00  33  0A  CD  7B  
01  00  00  00  98  FE  1A  8D  05  00  00  00  00  00  00  00  FF  FF  FF  FF  FC  FF  FF  FF  6D  
33  10  00  03  00  00  00  E3  07  02  19  12  29  27  00  01  00  12  00  6D  34  14  00  03  00  
00  00  F0  57  03  00  B7  56  FF  FF  00  3F  04  00  5C  97  07  00  6D  35  0C  00  03  00  00  
00  23  8D  01  00  79  11  07  00  41  53  71  35  47  4E  00  00  68  7F  02  00  00  04  00  00  
00  00  28  01  6D  15  14  00  02  01  00  00  03  04  03  00  00  00  00  00  00  00  00  00  00  
00  00  00  6D  16  10  00  03  00  00  00  00  E3  07  02  19  12  29  27  00  FB  01  00  00  6D  
21  1C  00  03  00  00  00  14  00  00  00  76  FF  FF  FF  09  00  00  00  00  00  00  00  09  00  
00  00  47  00  00  00  6D  22  10  00  03  00  00  00  3D  FE  FF  FF  25  02  00  00  AC  00  06  
00  00  6D  23  14  00  03  00  00  00  CC  8A  B1  76  48  7D  0B  FD  82  B2  07  03  E1  91  3C  
0A  6D  24  24  00  02  00  00  00  00  00  00  00  00  00  00  00  00  00  00  00  00  00  00  00  
00  00  00  00  00  00  00  00  00  00  00  00  00  00  00  00  00  6D  31  20  00  03  00  00  00  
CE  6D  00  00  32  53  FF  FF  AF  13  01  00  4A  F3  07  00  7E  A1  06  00  68  7A  70  FF  28  
61  07  00  6D  32  24  00  03  00  00  00  70  8D  0C  00  33  0A  CD  7B  01  00  00  00  98  00  
FE  1A  8D  05  00  00  00  00  00  00  00  FF  FF  FF  FF  FC  FF  FF  FF  6D  33  10  00  03  00  
00  00  E3  07  02  19  12  29  27  00  01  00  12  00  6D  34  14  00  03  00  00  00  41  48  03  
00  3D  29  FF  FF  B9  1F  04  00  10  7A  07  00  6D  35  0C  00  03  00  00  19  47  4E  00  00  
69  7F  02  00  BF  BF  21  00  00  00  28  01  6D  15  14  00  02  01  00  00  03  04  03  00  00  
00  00  00  00  00  00  00  00  00  00  00  6D  16  10  00  03  00  00  00  E3  07  02  19  12  29  
27  00  05  02  00  00  6D  21  1C  00  03  00  00  00  B6  FF  FF  FF  90  FF  FF  FF  17  00  00  
00  0C  00  00  00  FA  FF  FF  FF  38  00  00  00  6D  22  10  00  03  00  00  00  3D  FE  FF  FF  
25  02  00  00  AC  06  00  00  6D  23  14  00  03  00  00  00  CC  8A  B1  76  D8  5F  0B  FD  A9  
87  07  03  15  96  3C  0A  6D  24  24  00  02  00  00  00  00  00  00  00  00  00  00  00  00  00  
00  00  00  00  00  00  00  00  00  00  00  00  00  00  00  00  00  00  00  00  00  00  6D  31  20  
00  03  00  00  00  3C  49  00  00  75  5D  FF  FF  0B  19  01  00  20  20  08  00  C2  69  06  00  
78  40  70  FF  12  61  07  00  6D  32  24  00  03  00  00  00  70  8D  0C  00  33  0A  CD  7B  01  
00  00  00  98  FE  1A  8D  05  00  00  00  00  00  00  00  FF  FF  FF  FF  FC  FF  FF  FF  6D  33  
10  00  03  00  00  00  E3  07  02  19  12  29  27  00  01  00  12  00  6D  34  14  00  03  00  00  
00  B2  30  03  00  8C  12  FF  FF  5A  2B  04  00  6A  6B  07  00  6D  35  0C  00  03  00  00  00  
29  8D  01  00  C4  11  07  00  41  53  0D  87  47  4E  00  00  6A  7F  02  00  CE  20  00  00  00  
00  28  01  6D  15  14  00  02  01  00  00  03  04  03  00  00  00  00  00  00  00  00  00  00  00  
00  00  6D  16  10  00  03  00  00  00  00  E3  07  02  19  12  29  27  00  0F  02  00  00  6D  21  
1C  00  03  00  00  00  71  00  00  00  3E  00  00  00  E0  FF  FF  FF  FD  FF  FF  FF  0C  00  00  
00  4A  00  00  00  6D  22  10  00  03  00  00  00  3D  FE  FF  FF  25  02  00  00  AC  00  06  00  
00  6D  23  14  00  03  00  00  00  C2  8C  B1  76  7E  84  0B  FD  39  A6  07  03  E3  80  3C  0A  
6D  24  24  00  02  00  00  00  00  00  00  00  00  00  00  00  00  00  00  00  00  00  00  00  00  
00  00  00  00  00  00  00  00  00  00  00  00  00  00  00  00  6D  31  20  00  03  00  00  00  40  
92  00  00  17  A1  FF  FF  8A  03  01  00  1A  E5  07  00  53  AF  06  00  05  86  70  FF  64  61  
07  00  6D  32  24  00  03  00  00  00  70  8D  0C  00  33  0A  CD  7B  01  00  00  00  98  00  FE  
1A  8D  05  00  00  00  00  00  00  00  FF  FF  FF  FF  FC  FF  FF  FF  6D  33  10  00  03  00  00  
00  E3  07  02  19  12  29  27  00  01  00  12  00  6D  34  14  00  03  00  00  00  C0  38  03  00  
55  38  FF  FF  16  37  04  00  20  A1  07  00  6D  35  0C  00  03  00  00  6E  47  4E  00  00  6B  
7F  02  00  00  00  00  00  00  00  28  01  6D  15  14  00  02  01  00  00  03  04  03  00  00  00  
00  00  00  00  00  00  00  00  00  00  6D  16  10  00  03  00  00  00  E3  07  02  19  12  29  27  
00  19  02  00  00  6D  21  1C  00  03  00  00  00  A5  01  00  00  BA  FF  FF  FF  3D  00  00  00  
F8  FF  FF  FF  F5  FF  FF  FF  41  00  00  00  6D  22  10  00  03  00  00  00  3E  FE  FF  FF  25  
02  00  00  AC  06  00  00  6D  23  14  00  03  00  00  00  E6  8F  B1  76  16  26  0C  FD  BA  9C  
07  03  E5  8D  3C  0A  6D  24  24  00  02  00  00  00  00  00  00  00  00  00  00  00  00  00  00  
00  00  00  00  00  00  00  00  00  00  00  00  00  00  00  00  00  00  00  00  00  6D  31  20  00  
03  00  00  00  80  0A  01  00  75  6D  FF  FF  AD  27  01  00  21  D3  07  00  3A  52  06  00  9C  
65  70  FF  ED  60  07  00  6D  32  24  00  03  00  00  00  70  8D  0C  00  33  0A  CD  7B  01  00  
00  00  98  FE  1A  8D  05  00  00  00  00  00  00  00  FF  FF  FF  FF  FC  FF  FF  FF  6D  33  10  
00  03  00  00  00  E3  07  02  19  12  29  27  00  01  00  12  00  6D  34  14  00  03  00  00  00  
A8  48  03  00  B0  65  FF  FF  F2  3E  04  00  B8  DB  07  00  6D  35  0C  00  03  00  00  00  27  
8D  01  00  0F  12  07  00  41  53  E6  77  47  4E  00  00  6C  7F  02  00  00  00  00  00  00  00  
28  01  6D  15  14  00  02  01  00  00  03  04  03  00  00  00  00  00  00  00  00  00  00  00  00  
00  6D  16  10  00  03  00  00  00  00  E3  07  02  19  12  29  27  00  23  02  00  00  6D  21  1C  
00  03  00  00  00  B6  00  00  00  9A  00  00  00  33  FF  FF  FF  06  00  00  00  FE  FF  FF  FF  
44  00  00  00  6D  22  10  00  03  00  00  00  3E  FE  FF  FF  25  02  00  00  AC  00  06  00  00  
6D  23  14  00  03  00  00  00  67  97  B1  76  9C  60  0C  FD  FE  DF  07  03  D5  33  3C  0A  6D  
24  24  00  02  00  00  00  00  00  00  00  00  00  00  00  00  00  00  00  00  00  00  00  00  00  
00  00  00  00  00  00  00  00  00  00  00  00  00  00  00  6D  31  20  00  03  00  00  00  19  AD  
00  00  35  C5  FF  FF  77  BF  00  00  30  0B  08  00  4B  73  06  00  18  71  70  FF  5E  60  07  
00  6D  32  24  00  03  00  00  00  70  8D  0C  00  33  0A  CD  7B  01  00  00  00  98  00  FE  1A  
8D  05  00  00  00  00  00  00  00  FF  FF  FF  FF  FC  FF  FF  FF  6D  33  10  00  03  00  00  00  
E3  07  02  19  12  29  27  00  01  00  12  00  6D  34  14  00  03  00  00  00  8B  57  03  00  44  
1A  FF  FF  C7  1F  04  00  C8  02  08  00  6D  35  0C  00  03  00  00  12  47  4E  00  00  6D  7F  
02  00  00  00  00  00  00  00  28  01  6D  15  14  00  02  01  00  00  03  04  03  00  00  00  00  
00  00  00  00  00  00  00  00  00  6D  16  10  00  03  00  00  00  E3  07  02  19  12  29  27  00  
2D  02  00  00  6D  21  1C  00  03  00  00  00  2D  00  00  00  E1  FF  FF  FF  75  00  00  00  09  
00  00  00  00  00  00  00  2A  00  00  00  6D  22  10  00  03  00  00  00  3E  FE  FF  FF  25  02  
00  00  AC  06  00  00  6D  23  14  00  03  00  00  00  A4  94  B1  76  CB  6F  0C  FD  F7  D9  07  
03  09  5A  3C  0A  6D  24  24  00  02  00  00  00  00  00  00  00  00  00  00  00  00  00  00  00  
00  00  00  00  00  00  00  00  00  00  00  00  00  00  00  00  00  00  00  00  6D  31  20  00  03  
00  00  00  E1  77  00  00  C7  7C  FF  FF  41  3D  01  00  E3  16  08  00  46  7C  06  00  C0  08  
70  FF  4E  61  07  00  6D  32  24  00  03  00  00  00  70  8D  0C  00  33  0A  CD  7B  01  00  00  
00  98  FE  1A  8D  05  00  00  00  00  00  00  00  FF  FF  FF  FF  FC  FF  FF  FF  6D  33  10  00  
03  00  00  00  E3  07  02  19  12  29  27  00  01  00  12  00  6D  34  14  00  03  00  00  00  13  
29  03  00  66  25  FF  FF  09  37  04  00  D6  D6  07  00  6D  35  0C  00  03  00  00  00  23  8D  
01  00  0F  12  07  00  41  53  50  B1  47  4E  00  00  6E  7F  02  00  00  00  00  00  00  00  28  
01  6D  15  14  00  02  01  00  00  03  04  03  00  00  00  00  00  00  00  00  00  00  00  00  00  
6D  16  10  00  03  00  00  00  00  E3  07  02  19  12  29  27  00  37  02  00  00  6D  21  1C  00  
03  00  00  00  09  FE  FF  FF  CF  00  00  00  BC  FF  FF  FF  05  00  00  00  EF  FF  FF  FF  3B  
00  00  00  6D  22  10  00  03  00  00  00  3D  FE  FF  FF  25  02  00  00  AC  00  06  00  00  6D  
23  14  00  03  00  00  00  68  90  B1  76  9C  9F  0B  FD  38  1C  08  03  76  3B  3C  0A  6D  24  
24  00  02  00  00  00  00  00  00  00  00  00  00  00  00  00  00  00  00  00  00  00  00  00  00  
00  00  00  00  00  00  00  00  00  00  00  00  00  00  6D  31  20  00  03  00  00  00  BC  A1  FF  
FF  A8  D9  FF  FF  DA  F4  00  00  3E  06  08  00  B6  3A  06  00  8B  4E  70  FF  CD  61  07  00  
6D  32  24  00  03  00  00  00  0C  8D  0C  00  33  0A  CD  7B  01  00  00  00  BB  00  FE  1A  8D  
05  00  00  00  FD  FF  FF  FF  00  00  00  00  FD  FF  FF  FF  6D  33  10  00  03  00  00  00  E3  
07  02  19  12  29  27  00  01  00  12  00  6D  34  14  00  03  00  00  00  F7  30  03  00  E8  3F  
FF  FF  AE  46  04  00  6C  BE  07  00  6D  35  0C  00  03  00  00  E4  47  4E  00  00  6F  7F  02  
00  00  00  00  00  00  00  28  01  6D  15  14  00  02  01  00  00  03  04  03  00  00  00  00  00  
00  00  00  00  00  00  00  00  6D  16  10  00  03  00  00  00  E3  07  02  19  12  29  27  00  41  
02  00  00  6D  21  1C  00  03  00  00  00  B2  00  00  00  EF  FF  FF  FF  16  01  00  00  FE  FF  
FF  FF  00  00  00  00  3C  00  00  00  6D  22  10  00  03  00  00  00  3D  FE  FF  FF  25  02  00  
00  AC  06  00  00  6D  23  14  00  03  00  00  00  7F  89  B1  76  B6  E3  0B  FD  2E  22  08  03  
7E  9D  3C  0A  6D  24  24  00  02  00  00  00  00  00  00  00  00  00  00  00  00  00  00  00  00  
00  00  00  00  00  00  00  00  00  00  00  00  00  00  00  00  00  00  00  6D  31  20  00  03  00  
00  00  DF  AB  00  00  1D  82  FF  FF  A4  7B  01  00  D0  EC  07  00  B5  7E  06  00  A4  50  70  
FF  C0  60  07  00  6D  32  24  00  03  00  00  00  0C  8D  0C  00  33  0A  CD  7B  01  00  00  00  
BB  FE  1A  8D  05  00  00  00  FD  FF  FF  FF  00  00  00  00  FD  FF  FF  FF  6D  33  10  00  03  
00  00  00  E3  07  02  19  12  29  27  00  01  00  12  00  6D  34  14  00  03  00  00  00  59  48  
03  00  B4  56  FF  FF  91  4E  04  00  A8  B4  07  00  6D  35  0C  00  03  00  00  00  22  8D  01  
00  C4  11  07  00  41  53  8F  F1  47  4E  00  00  70  7F  02  00  00  00  00  00  00  00  28  01  
6D  15  14  00  02  01  00  00  03  04  03  00  00  00  00  00  00  00  00  00  00  00  00  00  6D  
16  10  00  03  00  00  00  00  E3  07  02  19  12  29  27  00  4B  02  00  00  6D  21  1C  00  03  
00  00  00  8D  FF  FF  FF  80  00  00  00  BC  FF  FF  FF  01  00  00  00  FD  FF  FF  FF  58  00  
00  00  6D  22  10  00  03  00  00  00  3D  FE  FF  FF  25  02  00  00  AC  00  06  00  00  6D  23  
14  00  03  00  00  00  E8  89  B1  76  EB  AD  0B  FD  43  53  08  03  A8  7A  3C  0A  6D  24  24  
00  02  00  00  00  00  00  00  00  00  00  00  00  00  00  00  00  00  00  00  00  00  00  00  00  
00  00  00  00  00  00  00  00  00  00  00  00  00  6D  31  20  00  03  00  00  00  99  39  00  00  
C5  BA  FF  FF  49  F4  00  00  91  F5  07  00  A1  70  06  00  C6  BD  70  FF  ED  60  07  00  6D  
32  24  00  03  00  00  00  0C  8D  0C  00  33  0A  CD  7B  01  00  00  00  BB  00  FE  1A  8D  05  
00  00  00  FD  FF  FF  FF  00  00  00  00  FD  FF  FF  FF  6D  33  10  00  03  00  00  00  E3  07  
02  19  12  29  27  00  01  00  12  00  6D  34  14  00  03  00  00  00  6D  48  03  00  4E  38  FF  
FF  B9  1F  04  00  A8  B4  07  00  6D  35  0C  00  03  00  00  DA  47  4E  00  00  71  7F  02  00  
00  00  00  00  00  00  28  01  6D  15  14  00  02  01  00  00  03  04  03  00  00  00  00  00  00  
00  00  00  00  00  00  00  6D  16  10  00  03  00  00  00  E3  07  02  19  12  29  27  00  55  02  
00  00  6D  21  1C  00  03  00  00  00  12  00  00  00  73  00  00  00  FE  FF  FF  FF  FF  FF  FF  
FF  F0  FF  FF  FF  62  00  00  00  6D  22  10  00  03  00  00  00  3D  FE  FF  FF  26  02  00  00  
AC  06  00  00  6D  23  14  00  03  00  00  00  8A  89  B1  76  F2  AC  0B  FD  7B  84  08  03  0E  
70  3C  0A  6D  24  24  00  02  00  00  00  00  00  00  00  00  00  00  00  00  00  00  00  00  00  
00  00  00  00  00  00  00  00  00  00  00  00  00  00  00  00  00  00  6D  31  20  00  03  00  00  
00  B7  6D  00  00  B2  B5  FF  FF  19  0E  01  00  DC  F0  07  00  F4  41  06  00  53  E5  70  FF  
FC  60  07  00  6D  32  24  00  03  00  00  00  0C  8D  0C  00  33  0A  CD  7B  01  00  00  00  BB  
FE  1A  8D  05  00  00  00  FD  FF  FF  FF  00  00  00  00  FD  FF  FF  FF  6D  33  10  00  03  00  
00  00  E3  07  02  19  12  29  27  00  01  00  12  00  6D  34  14  00  03  00  00  00  51  53  03  
00  AA  16  FF  FF  E7  42  04  00  F4  D1  07  00  6D  35  0C  00  03  00  00  00  2A  8D  01  00  
DD  11  07  00  41  53  A8  92  47  4E  00  00  72  7F  02  00  00  00  00  00  00  00  28  01  6D  
15  14  00  02  01  00  00  03  04  03  00  00  00  00  00  00  00  00  00  00  00  00  00  6D  16  
10  00  03  00  00  00  00  E3  07  02  19  12  29  27  00  5F  02  00  00  6D  21  1C  00  03  00  
00  00  E7  00  00  00  AC  FF  FF  FF  76  00  00  00  F9  FF  FF  FF  F9  FF  FF  FF  66  00  00  
00  6D  22  10  00  03  00  00  00  3E  FE  FF  FF  25  02  00  00  AC  00  06  00  00  6D  23  14  
00  03  00  00  00  2D  89  B1  76  3D  07  0C  FD  DE  70  08  03  24  94  3C  0A  6D  24  24  00  
02  00  00  00  00  00  00  00  00  00  00  00  00  00  00  00  00  00  00  00  00  00  00  00  00  
00  00  00  00  00  00  00  00  00  00  00  00  6D  31  20  00  03  00  00  00  EC  C0  00  00  47  
68  FF  FF  EB  3C  01  00  FE  D8  07  00  27  62  06  00  4F  F3  70  FF  CD  61  07  00  6D  32  
24  00  03  00  00  00  0C  8D  0C  00  33  0A  CD  7B  01  00  00  00  BB  00  FE  1A  8D  05  00  
00  00  FD  FF  FF  FF  00  00  00  00  FD  FF  FF  FF  6D  33  10  00  03  00  00  00  E3  07  02  
19  12  29  27  00  01  00  12  00  6D  34  14  00  03  00  00  00  FE  47  03  00  FC  30  FF  FF  
C3  46  04  00  C6  AF  07  00  6D  35  0C  00  03  00  00  62  47  4E  00  00  73  7F  02  00  00  
00  00  00  00  00  28  01  6D  15  14  00  02  01  00  00  03  04  03  00  00  00  00  00  00  00  
00  00  00  00  00  00  6D  16  10  00  03  00  00  00  E3  07  02  19  12  29  27  00  69  02  00  
00  6D  21  1C  00  03  00  00  00  DB  00  00  00  41  FF  FF  FF  41  00  00  00  08  00  00  00  
0F  00  00  00  54  00  00  00  6D  22  10  00  03  00  00  00  3E  FE  FF  FF  25  02  00  00  AC  
06  00  00  6D  23  14  00  03  00  00  00  7C  8B  B1  76  4E  5F  0C  FD  62  32  08  03  4B  A5  
3C  0A  6D  24  24  00  02  00  00  00  00  00  00  00  00  00  00  00  00  00  00  00  00  00  00  
00  00  00  00  00  00  00  00  00  00  00  00  00  00  00  00  00  6D  31  20  00  03  00  00  00  
28  BC  00  00  A3  3E  FF  FF  37  28  01  00  9E  13  08  00  E9  B8  06  00  C5  AF  70  FF  21  
61  07  00  6D  32  24  00  03  00  00  00  0C  8D  0C  00  33  0A  CD  7B  01  00  00  00  BB  FE  
1A  8D  05  00  00  00  FD  FF  FF  FF  00  00  00  00  FD  FF  FF  FF  6D  33  10  00  03  00  00  
00  E3  07  02  19  12  29  27  00  01  00  12  00  6D  34  14  00  03  00  00  00  08  39  03  00  
85  56  FF  FF  E4  3E  04  00  D4  83  07  00  6D  35  0C  00  03  00  00  00  2D  8D  01  00  0F  
12  07  00  41  53  42  26  47  4E  00  00  74  7F  02  00  00  00  00  00  00  00  28  01  6D  15  
14  00  02  01  00  00  03  04  03  00  00  00  00  00  00  00  00  00  00  00  00  00  6D  16  10  
00  03  00  00  00  00  E3  07  02  19  12  29  27  00  73  02  00  00  6D  21  1C  00  03  00  00  
00  7B  01  00  00  EE  FF  FF  FF  25  00  00  00  07  00  00  00  F2  FF  FF  FF  24  00  00  00  
6D  22  10  00  03  00  00  00  3E  FE  FF  FF  25  02  00  00  AC  00  06  00  00  6D  23  14  00  
03  00  00  00  9F  8E  B1  76  48  EF  0C  FD  A6  3C  08  03  5C  A7  3C  0A  6D  24  24  00  02  
00  00  00  00  00  00  00  00  00  00  00  00  00  00  00  00  00  00  00  00  00  00  00  00  00  
00  00  00  00  00  00  00  00  00  00  00  6D  31  20  00  03  00  00  00  B9  FA  00  00  3E  82  
FF  FF  37  1D  01  00  DC  0D  08  00  51  44  06  00  F3  F3  6F  FF  4E  61  07  00  6D  32  24  
00  03  00  00  00  0C  8D  0C  00  33  0A  CD  7B  01  00  00  00  BB  00  FE  1A  8D  05  00  00  
00  FD  FF  FF  FF  00  00  00  00  FD  FF  FF  FF  6D  33  10  00  03  00  00  00  E3  07  02  19  
12  29  27  00  01  00  12  00  6D  34  14  00  03  00  00  00  CE  47  03  00  56  1A  FF  FF  F3  
3E  04  00  D4  83  07  00  6D  35  0C  00  03  00  00  CB  47  4E  00  00  75  7F  02  00  00  00  
00  00  00  00  28  01  6D  15  14  00  02  01  00  00  03  04  03  00  00  00  00  00  00  00  00  
00  00  00  00  00  6D  16  10  00  03  00  00  00  E3  07  02  19  12  29  27  00  7D  02  00  00  
6D  21  1C  00  03  00  00  00  10  01  00  00  C6  FF  FF  FF  40  00  00  00  E9  FF  FF  FF  FC  
FF  FF  FF  37  00  00  00  6D  22  10  00  03  00  00  00  3E  FE  FF  FF  25  02  00  00  AC  06  
00  00  6D  23  14  00  03  00  00  00  27  90  B1  76  B7  57  0D  FD  CD  33  08  03  4A  B6  3C  
0A  6D  24  24  00  02  00  00  00  00  00  00  00  00  00  00  00  00  00  00  00  00  00  00  00  
00  00  00  00  00  00  00  00  00  00  00  00  00  00  00  00  6D  31  20  00  03  00  00  00  BA  
D0  00  00  A1  72  FF  FF  E2  27  01  00  DC  9A  07  00  46  6B  06  00  EB  3B  70  FF  D5  61  
07  00  6D  32  24  00  03  00  00  00  0C  8D  0C  00  33  0A  CD  7B  01  00  00  00  BB  FE  1A  
8D  05  00  00  00  FD  FF  FF  FF  00  00  00  00  FD  FF  FF  FF  6D  33  10  00  03  00  00  00  
E3  07  02  19  12  29  27  00  01  00  12  00  6D  34  14  00  03  00  00  00  C7  53  03  00  51  
3C  FF  FF  FD  3E  04  00  65  D4  07  00  6D  35  0C  00  03  00  00  00  29  8D  01  00  28  12  
07  00  41  53  85  56  47  4E  00  00  76  7F  02  00  00  00  00  00  00  00  28  01  6D  15  14  
00  02  01  00  00  03  04  03  00  00  00  00  00  00  00  00  00  00  00  00  00  6D  16  10  00  
03  00  00  00  00  E3  07  02  19  12  29  27  00  87  02  00  00  6D  21  1C  00  03  00  00  00  
A7  FF  FF  FF  64  00  00  00  27  00  00  00  FF  FF  FF  FF  18  00  00  00  24  00  00  00  6D  
22  10  00  03  00  00  00  3E  FE  FF  FF  25  02  00  00  AC  00  06  00  00  6D  23  14  00  03  
00  00  00  77  8D  B1  76  E5  2D  0D  FD  F6  5B  08  03  8D  BD  3C  0A  6D  24  24  00  02  00  
00  00  00  00  00  00  00  00  00  00  00  00  00  00  00  00  00  00  00  00  00  00  00  00  00  
00  00  00  00  00  00  00  00  00  00  6D  31  20  00  03  00  00  00  DA  43  00  00  6C  B0  FF  
FF  06  1E  01  00  F3  EC  07  00  A6  D9  06  00  56  F1  6F  FF  B8  60  07  00  6D  32  24  00  
03  00  00  00  0C  8D  0C  00  33  0A  CD  7B  01  00  00  00  BB  00  FE  1A  8D  05  00  00  00  
FD  FF  FF  FF  00  00  00  00  FD  FF  FF  FF  6D  33  10  00  03  00  00  00  E3  07  02  19  12  
29  27  00  01  00  12  00  6D  34  14  00  03  00  00  00  E2  40  03  00  43  6D  FF  FF  8A  4E  
04  00  40  EF  07  00  6D  35  0C  00  03  00  00  98  47  4E  00  00  77  7F  02  00  00  00  00  
00  00  00  28  01  6D  15  14  00  02  01  00  00  03  04  03  00  00  00  00  00  00  00  00  00  
00  00  00  00  6D  16  10  00  03  00  00  00  E3  07  02  19  12  29  27  00  91  02  00  00  6D  
21  1C  00  03  00  00  00  98  FF  FF  FF  F7  00  00  00  33  00  00  00  FF  FF  FF  FF  F4  FF  
FF  FF  52  00  00  00  6D  22  10  00  03  00  00  00  3E  FE  FF  FF  26  02  00  00  AC  06  00  
00  6D  23  14  00  03  00  00  00  C6  88  B1  76  E5  F8  0C  FD  E3  BC  08  03  F4  C7  3C  0A  
6D  24  24  00  02  00  00  00  00  00  00  00  00  00  00  00  00  00  00  00  00  00  00  00  00  
00  00  00  00  00  00  00  00  00  00  00  00  00  00  00  6D  31  20  00  03  00  00  00  1A  3E  
00  00  BA  E9  FF  FF  FE  22  01  00  43  EE  07  00  13  4D  06  00  77  A4  70  FF  2F  62  07  
00  6D  32  24  00  03  00  00  00  0C  8D  0C  00  33  0A  CD  7B  01  00  00  00  BB  FE  1A  8D  
05  00  00  00  FD  FF  FF  FF  00  00  00  00  FD  FF  FF  FF  6D  33  10  00  03  00  00  00  E3  
07  02  19  12  29  27  00  01  00  12  00  6D  34  14  00  03  00  00  00  FF  29  03  00  E2  92  
FF  FF  15  5E  04  00  40  EF  07  00  6D  35  0C  00  03  00  00  00  28  8D  01  00  F6  11  07  
00  41  53  AC  F7  47  4E  00  00  78  7F  02  00  00  00  00  00  00  00  28  01  6D  15  14  00  
02  01  00  00  03  04  03  00  00  00  00  00  00  00  00  00  00  00  00  00  6D  16  10  00  03  
00  00  00  00  E3  07  02  19  12  29  27  00  9B  02  00  00  6D  21  1C  00  03  00  00  00  63  
FF  FF  FF  FA  FF  FF  FF  92  00  00  00  08  00  00  00  07  00  00  00  60  00  00  00  6D  22  
10  00  03  00  00  00  3E  FE  FF  FF  26  02  00  00  AD  00  06  00  00  6D  23  14  00  03  00  
00  00  DE  82  B1  76  BB  B8  0C  FD  55  BA  08  03  AA  FA  3C  0A  6D  24  24  00  02  00  00  
00  00  00  00  00  00  00  00  00  00  00  00  00  00  00  00  00  00  00  00  00  00  00  00  00  
00  00  00  00  00  00  00  00  00  6D  31  20  00  03  00  00  00  5E  29  00  00  09  87  FF  FF  
0E  48  01  00  6C  13  08  00  D6  95  06  00  47  DE  70  FF  55  61  07  00  6D  32  24  00  03  
00  00  00  CA  8D  0C  00  33  0A  CD  7B  01  00  00  00  CD  00  FE  1A  8D  05  00  00  00  FF  
FF  FF  FF  FF  FF  FF  FF  FD  FF  FF  FF  6D  33  10  00  03  00  00  00  E3  07  02  19  12  29  
27  00  01  00  12  00  6D  34  14  00  03  00  00  00  92  57  03  00  6C  29  FF  FF  63  2F  04  
00  E4  AA  07  00  6D  35  0C  00  03  00  00  E0  47  4E  00  00  79  7F  02  00  00  00  00  00  
00  00  28  01  6D  15  14  00  02  01  00  00  03  04  03  00  00  00  00  00  00  00  00  00  00  
00  00  00  6D  16  10  00  03  00  00  00  E3  07  02  19  12  29  27  00  A5  02  00  00  6D  21  
1C  00  03  00  00  00  04  00  00  00  A7  00  00  00  32  00  00  00  09  00  00  00  ED  FF  FF  
FF  28  00  00  00  6D  22  10  00  03  00  00  00  3E  FE  FF  FF  26  02  00  00  AD  06  00  00  
6D  23  14  00  03  00  00  00  05  80  B1  76  FE  B0  0C  FD  79  FF  08  03  FD  04  3D  0A  6D  
24  24  00  02  00  00  00  00  00  00  00  00  00  00  00  00  00  00  00  00  00  00  00  00  00  
00  00  00  00  00  00  00  00  00  00  00  00  00  00  6D  31  20  00  03  00  00  00  54  68  00  
00  7B  CA  FF  FF  FB  22  01  00  65  17  08  00  E7  31  06  00  D8  01  70  FF  D6  60  07  00  
6D  32  24  00  03  00  00  00  CA  8D  0C  00  33  0A  CD  7B  01  00  00  00  CD  FE  1A  8D  05  
00  00  00  FF  FF  FF  FF  FF  FF  FF  FF  FD  FF  FF  FF  6D  33  10  00  03  00  00  00  E3  07  
02  19  12  29  27  00  01  00  12  00  6D  34  14  00  03  00  00  00  FA  4B  03  00  59  29  FF  
FF  59  2F  04  00  83  CF  07  00  6D  35  0C  00  03  00  00  00  26  8D  01  00  28  12  07  00  
41  53  40  58  47  4E  00  00  7A  7F  02  00  00  00  00  00  00  00  28  01  6D  15  14  00  02  
01  00  00  03  04  03  00  00  00  00  00  00  00  00  00  00  00  00  00  6D  16  10  00  03  00  
00  00  00  E3  07  02  19  12  29  27  00  AF  02  00  00  6D  21  1C  00  03  00  00  00  8B  FF  
FF  FF  5A  FF  FF  FF  AC  00  00  00  EF  FF  FF  FF  F8  FF  FF  FF  41  00  00  00  6D  22  10  
00  03  00  00  00  3E  FE  FF  FF  26  02  00  00  AD  00  06  00  00  6D  23  14  00  03  00  00  
00  34  7B  B1  76  E6  86  0C  FD  61  C0  08  03  5F  43  3D  0A  6D  24  24  00  02  00  00  00  
00  00  00  00  00  00  00  00  00  00  00  00  00  00  00  00  00  00  00  00  00  00  00  00  00  
00  00  00  00  00  00  00  00  6D  31  20  00  03  00  00  00  2A  39  00  00  CE  48  FF  FF  9B  
52  01  00  54  B2  07  00  A9  5D  06  00  9C  65  70  FF  30  61  07  00  6D  32  24  00  03  00  
00  00  CA  8D  0C  00  33  0A  CD  7B  01  00  00  00  CD  00  FE  1A  8D  05  00  00  00  FF  FF  
FF  FF  FF  FF  FF  FF  FD  FF  FF  FF  6D  33  10  00  03  00  00  00  E3  07  02  19  12  29  27  
00  01  00  12  00  6D  34  14  00  03  00  00  00  07  50  03  00  04  40  FF  FF  2A  37  04  00  
04  F9  07  00  00  6D  35  0C  00  03  00  00  AF  47  4E  00  00  7B  7F  02  00  00  00  00  00  
00  00  28  01  6D  15  14  00  02  01  00  00  03  04  03  00  00  00  00  00  00  00  00  00  00  
00  00  00  6D  16  10  00  03  00  00  00  E3  07  02  19  12  00  29  27  00  B9  02  00  00  6D  
21  1C  00  03  00  00  00  F1  01  00  00  D3  FF  FF  FF  F8  00  00  00  F5  FF  FF  FF  F6  FF  
FF  FF  64  00  00  00  6D  22  10  00  03  00  00  00  3E  FE  FF  FF  26  02  00  00  AD  06  00  
00  6D  23  14  00  03  00  00  00  7E  78  B1  CC  47  4E  00  00  8F  7F  02  00  01  01  00  00  
00  00  28  01  6D  15  14  00  02  01  00  00  03  04  03  00  00  00  00  00  00  00  00  00  00  
00  00  00  6D  16  10  00  03  00  00  00  E3  07  02  19  12  29  27  00  81  03  00  00  6D  21  
1C  00  03  00  00  00  38  00  00  00  55  FF  FF  FF  3C  00  00  00  03  00  00  00  F8  FF  FF  
FF  3E  00  00  00  6D  22  10  00  03  00  00  00  3E  FE  FF  FF  26  02  00  00  AD  06  00  00  
6D  23  14  00  03  00  00  00  20  61  B1  76  42  FB  0B  FD  F1  60  09  03  C4  19  3E  0A  6D  
24  24  00  02  00  00  00  00  00  00  00  00  00  00  00  00  00  00  00  00  00  00  00  00  00  
00  00  00  00  00  00  00  00  00  00  00  00  00  00  6D  31  20  00  03  00  00  00  59  7D  00  
00  E2  48  FF  FF  86  28  01  00  FF  03  08  00  48  60  06  00  B3  57  70  FF  28  61  07  00  
6D  32  24  00  03  00  00  00  24  8E  0C  00  33  0A  CD  7B  01  00  00  00  01  FF  1A  8D  05  
00  00  00  FF  FF  FF  FF  01  00  00  00  FE  FF  FF  FF  6D  33  10  00  03  00  00  00  E3  07  
02  19  12  29  27  00  01  00  12  00  6D  34  14  00  03  00  00  00  F4  28  03  00  73  38  FF  
FF  18  5E  04  00  B8  DB  07  00  6D  35  0C  00  03  00  00  00  00  28  8D  01  00  F6  11  07  
00  41  53  DA  A6  47  4E  00  00  90  7F  02  00  00  00  00  00  00  00  28  01  6D  15  14  00  
02  01  00  00  03  04  03  00  00  00  00  00  00  00  00  00  00  00  00  00  6D  16  10  00  03  
00  00  00  E3  07  02  19  12  29  27  00  8B  03  00  00  6D  21  1C  00  03  00  00  00  DD  FE  
FF  FF  E6  FF  FF  FF  15  00  00  00  04  00  00  00  FB  FF  FF  FF  2C  00  00  00  6D  22  10  
00  03  00  00  00  3D  FE  FF  FF  26  02  00  00  AD  06  00  00  6D  23  14  00  03  00  00  00  
E9  5D  B1  76  0F  86  0B  FD  DA  4D  09  03  E1  22  3E  0A  6D  24  24  00  02  00  00  00  00  
00  00  00  00  00  00  00  00  00  00  00  00  00  00  00  00  00  00  00  00  00  00  00  00  00  
00  00  00  00  00  00  6D  31  20  00  03  00  00  00  B1  F5  FF  FF  8A  81  FF  FF  63  19  01  
00  EC  06  08  00  44  6C  06  00  46  14  70  FF  84  60  07  00  6D  32  24  00  03  00  00  00  
24  8E  0C  00  33  0A  CD  7B  01  00  00  00  01  FF  1A  8D  05  00  00  00  FF  00  00  29  8D  
01  00  8C  12  07  00  41  53  20  45  47  4E  00  00  91  7F  02  00  00  00  00  00  00  00  28  
01  6D  15  14  00  02  01  00  00  03  04  03  00  00  00  00  00  00  00  00  00  00  00  00  00  
6D  16  10  00  03  00  00  00  E3  07  02  19  12  29  27  00  95  03  00  00  6D  21  1C  00  03  
00  00  00  3B  FF  FF  FF  E6  FF  FF  FF  06  00  00  00  F6  FF  FF  FF  F6  FF  FF  FF  36  00  
00  00  6D  22  10  00  03  00  00  00  3D  FE  FF  FF  26  02  00  00  AD  06  00  00  6D  23  14  
00  03  00  00  00  13  5C  B1  76  4D  35  0B  FD  CD  3D  09  03  9B  25  3E  0A  6D  24  24  00  
02  00  00  00  00  00  00  00  00  00  00  00  00  00  00  00  00  00  00  00  00  00  00  00  00  
00  00  00  00  00  00  00  00  00  00  00  6D  31  20  00  03  00  00  00  42  1A  00  00  9D  81  
FF  FF  F6  13  01  00  86  CC  07  00  0D  57  06  00  6F  39  70  FF  8B  60  07  00  6D  32  24  
00  03  00  00  00  24  8E  0C  00  33  0A  CD  7B  01  00  00  00  01  FF  1A  8D  05  00  00  00  
FF  FF  FF  FF  01  00  00  00  FE  FF  FF  FF  6D  33  10  00  03  00  00  00  E3  07  02  19  12  
29  27  00  01  00  12  00  6D  34  14  00  03  00  00  00  C4  57  03  00  A5  47  FF  FF  00  00  
3F  04  00  8A  B9  07  00  6D  35  0C  00  03  00  00  00  27  8D  01  00  41  12  07  00  41  53  
55  AD  47  4E  00  00  92  7F  02  00  00  00  00  00  00  00  28  01  6D  15  14  00  02  01  00  
00  03  04  03  00  00  00  00  00  00  00  00  00  00  00  00  00  6D  16  10  00  03  00  00  00  
E3  07  02  19  12  29  27  00  9F  03  00  00  6D  21  1C  00  03  00  00  00  00  01  00  00  1C  
00  00  00  BE  00  00  00  EC  FF  FF  FF  FB  FF  FF  FF  37  00  00  00  6D  22  10  00  03  00  
00  00  3D  FE  FF  FF  26  02  00  00  AD  06  00  00  6D  23  14  00  03  00  00  00  CA  57  B1  
76  9F  94  0B  FD  2F  53  09  03  70  6C  3E  0A  6D  24  24  00  02  00  00  00  00  00  00  00  
00  00  00  00  00  00  00  00  00  00  00  00  00  00  00  00  00  00  00  00  00  00  00  00  00  
00  00  00  6D  31  20  00  03  00  00  00  26  CB  00  00  FD  96  FF  FF  0F  5C  01  00  03  A9  
07  00  7B  6B  06  00  DD  3B  70  FF  82  61  07  00  6D  32  24  00  03  00  00  00  24  8E  0C  
00  33  0A  CD  7B  00  01  00  12  00  6D  34  14  00  03  00  00  00  A4  57  03  00  58  3C  FF  
FF  00  3F  04  00  73  A8  07  00  6D  35  0C  00  03  00  00  00  25  8D  01  00  0F  12  07  00  
41  53  F9  16  47  4E  00  00  93  7F  02  00  00  00  00  00  00  00  28  01  6D  15  14  00  02  
01  00  00  03  04  03  00  00  00  00  00  00  00  00  00  00  00  00  00  6D  16  10  00  03  00  
00  00  E3  07  02  19  12  29  27  00  A9  03  00  00  6D  21  1C  00  03  00  00  00  7E  FF  FF  
FF  7C  FF  FF  FF  C2  FF  FF  FF  02  00  00  00  F9  FF  FF  FF  36  00  00  00  6D  22  10  00  
03  00  00  00  3D  FE  FF  FF  26  02  00  00  AD  06  00  00  6D  23  14  00  03  00  00  00  E0  
59  B1  76  73  61  0B  FD  61  1B  09  03  10  56  3E  0A  6D  24  24  00  02  00  00  00  00  00  
00  00  00  00  00  00  00  00  00  00  00  00  00  00  00  00  00  00  00  00  00  00  00  00  00  
00  00  00  00  00  6D  31  20  00  03  00  00  00  1C  34  00  00  6E  58  FF  FF  B2  F9  00  00  
D3  FE  07  00  F7  61  06  00  B6  39  70  FF  9F  62  07  00  6D  32  24  00  03  00  00  00  24  
8E  0C  00  33  0A  CD  7B  01  00  00  00  01  FF  1A  8D  05  00  00  00  FF  FF  FF  FF  01  00  
00  00  FE  FF  FF  FF  6D  33  10  00  03  00  00  00  E3  07  02  19  12  29  27  00  01  00  12  
00  6D  34  14  00  03  00  00  00  C4  57  03  00  A5  47  FF  FF  00  3F  04  00  D4  83  07  00  
6D  35  0C  00  03  00  00  00  26  8D  01  00  C4  11  07  00  41  53  88  F8  47  4E  00  00  94  
7F  02  00  00  00  00  00  00  00  28  01  6D  15  14  00  02  01  00  00  03  04  03  00  00  00  
00  00  00  00  00  00  00  00  00  00  6D  16  10  00  03  00  00  00  E3  07  02  19  12  29  27  
00  B3  03  00  00  6D  21  1C  00  03  00  00  00  54  00  00  00  B2  FF  FF  FF  F6  FF  FF  FF  
0C  00  00  00  1D  00  00  00  45  00  00  00  6D  22  10  00  03  00  00  00  3D  FE  FF  FF  26  
02  00  00  AD  06  00  00  6D  23  14  00  03  00  00  00  C5  5B  B1  76  0E  80  0B  FD  12  00  
09  03  07  51  3E  0A  6D  24  24  00  02  00  00  00  00  00  00  00  00  00  00  00  00  00  00  
00  00  00  00  00  00  00  00  00  00  00  00  00  00  00  00  00  00  00  00  00  6D  31  20  00  
03  00  00  00  C2  87  00  00  48  6D  FF  FF  27  0E  01  00  13  26  08  00  A9  F0  06  00  67  
73  70  FF  C6  61  07  00  6D  32  24  00  03  00  00  00  24  8E  0C  00  33  0A  CD  7B  01  00  
00  00  01  FF  1A  8D  05  00  00  00  FF  FF  FF  FF  01  00  00  00  FE  FF  FF  FF  6D  33  10  
29  27  00  01  00  12  00  6D  34  14  00  03  00  00  00  61  38  03  00  64  29  FF  FF  85  4E  
04  00  E8  50  08  00  6D  35  0C  00  03  00  00  00  27  8D  01  00  C4  11  07  00  41  53  E8  
53  47  4E  00  00  95  7F  02  00  00  00  00  00  00  00  28  01  6D  15  14  00  02  01  00  00  
03  04  03  00  00  00  00  00  00  00  00  00  00  00  00  00  6D  16  10  00  03  00  00  00  E3  
07  02  19  12  29  27  00  BD  03  00  00  6D  21  1C  00  03  00  00  00  8A  00  00  00  1C  00  
00  00  55  FF  FF  FF  07  00  00  00  0D  00  00  00  35  00  00  00  6D  22  10  00  03  00  00  
00  3D  FE  FF  FF  26  02  00  00  AD  06  00  00  6D  23  14  00  03  00  00  00  9A  62  B1  76  
50  AD  0B  FD  B4  0E  09  03  8C  0A  3E  0A  6D  24  24  00  02  00  00  00  00  00  00  00  00  
00  00  00  00  00  00  00  00  00  00  00  00  00  00  00  00  00  00  00  00  00  00  00  00  00  
00  00  6D  31  20  00  03  00  00  00  CF  9C  00  00  CB  96  FF  FF  3B  CF  00  00  F9  0E  08  
00  08  AF  06  00  40  37  70  FF  72  62  07  00  6D  32  24  00  03  00  00  00  24  8E  0C  00  
33  0A  CD  7B  01  00  00  00  01  FF  1A  8D  05  00  00  00  FF  FF  FF  FF  01  00  00  00  FE  
FF  FF  FF  6D  33  10  00  03  00  00  00  E3  07  02  19  12  29  27  00  01  00  12  00  6D  34  
14  00  03  00  00  00  A5  4F  03  00  1D  1E  FF  FF  2C  37  04  00  FD  0E  08  00  6D  35  0C  
00  03  00  00  00  29  8D  01  00  0F  12  07  00  41  53  EB  70  47  4E  00  00  96  7F  02  00  
02  01  01  01  00  00  28  01  6D  15  14  00  02  01  00  00  03  04  03  00  00  00  00  00  00  
00  00  00  00  00  00  00  6D  16  10  00  03  00  00  00  E3  07  02  19  12  29  27  00  C7  03  
00  00  6D  21  1C  00  03  00  00  00  A0  02  00  00  B3  FF  FF  FF  1B  00  00  00  00  00  00  
00  E0  FF  FF  FF  34  00  00  00  6D  22  10  00  03  00  00  00  3E  FE  FF  FF  26  02  00  00  
AD  06  00  00  6D  23  14  00  03  00  00  00  FF  68  B1  76  98  B0  0C  FD  6F  08  09  03  0A  
0D  3E  0A  6D  24  24  00  02  00  00  00  00  00  00  00  00  00  00  00  00  00  00  00  00  00  
00  00  00  00  00  00  00  00  00  00  00  00  00  00  00  00  00  00  6D  31  20  00  03  00  00  
00  92  6D  01  00  C7  6D  FF  FF  B2  1C  01  00  EA  F3  07  00  07  FE  05  00  CC  32  70  FF  
D5  61  07  00  6D  32  24  00  03  00  00  00  8C  8F  0C  00  45  0A  CD  7B  01  00  00  00  24  
FF  1A  8D  05  00  00  00  01  00  00  00  07  00  00  00  FD  FF  FF  FF  6D  27  00  01  00  12  
00  6D  34  14  00  03  00  00  00  73  57  03  00  E8  21  FF  FF  4A  33  04  00  04  F9  07  00  
6D  35  0C  00  03  00  00  00  2A  8D  01  00  F6  11  07  00  41  53  FC  33  47  4E  00  00  97  
7F  02  00  00  00  00  00  00  00  28  01  6D  15  14  00  02  01  00  00  03  04  03  00  00  00  
00  00  00  00  00  00  00  00  00  00  6D  16  10  00  03  00  00  00  E3  07  02  19  12  29  27  
00  D1  03  00  00  6D  21  1C  00  03  00  00  00  52  01  00  00  6C  00  00  00  1C  00  00  00  
0F  00  00  00  08  00  00  00  2E  00  00  00  6D  22  10  00  03  00  00  00  3E  FE  FF  FF  26  
02  00  00  AD  06  00  00  6D  23  14  00  03  00  00  00  52  6A  B1  76  15  2C  0D  FD  4C  3F  
09  03  05  11  3E  0A  6D  24  24  00  02  00  00  00  00  00  00  00  00  00  00  00  00  00  00  
00  00  00  00  00  00  00  00  00  00  00  00  00  00  00  00  00  00  00  00  00  6D  31  20  00  
03  00  00  00  0F  EB  00  00  FF  B5  FF  FF  30  1D  01  00  3E  2E  08  00  E1  9A  06  00  37  
1B  70  FF  CF  60  07  00  6D  32  24  00  03  00  00  00  8C  8F  0C  00  45  0A  CD  7B  01  00  
00  00  24  FF  1A  8D  05  00  00  00  01  00  00  00  07  00  00  00  FD  FF  FF  FF  6D  33  10  
00  03  00  00  00  E3  07  02  19  12  29  27  00  01  00  12  00  6D  34  14  00  03  00  00  00  
99  57  03  00  93  38  FF  FF  00  3F  04  00  04  F9  07  00  6D  35  0C  00  03  00  00  00  25  
8D  01  00  DD  11  07  00  41  53  1D  77  47  4E  00  00  98  7F  02  00  00  00  00  00  00  00  
28  01  6D  15  14  00  02  01  00  00  03  04  03  00  00  00  00  00  00  00  00  00  00  00  00  
00  6D  16  10  00  03  00  00  00  E3  07  02  19  12  29  27  00  DB  03  00  00  6D  21  1C  00  
03  00  00  00  60  00  00  00  44  00  00  00  88  00  00  00  F5  FF  FF  FF  04  00  00  00  39  
00  00  00  6D  22  10  00  03  00  00  00  3E  FE  FF  FF  26  02  00  00  AD  06  00  00  6D  23  
14  00  03  00  00  00  1D  66  B1  76  59  4B  0D  FD  D0  5F  09  03  23  41  3E  0A  6D  24  24  
00  02  00  00  00  00  00  00  00  00  00  00  00  00  00  00  00  00  00  00  00  00  00  00  00  
00  00  00  00  00  00  00  00  00  00  00  00  6D  31  20  00  03  00  00  00  A1  8C  00  00  58  
A6  FF  FF  73  47  01  00  9A  C9  07  00  FA  89  06  00  13  45  70  FF  4E  61  07  00  6D  32  
24  00  03  00  00  00  8C  8F  0C  00  45  0A  CD  7B  01  00  00  00  24  FF  1A  8D  05  00  00  
00  01  00  00  00  07  00  00  00  FD  FF  FF  FF  6D  33  29  27  00  01  00  12  00  6D  34  14  
00  03  00  00  00  CC  48  03  00  99  65  FF  FF  54  2F  04  00  B8  DB  07  00  6D  35  0C  00  
03  00  00  00  27  8D  01  00  28  12  07  00  41  53  37  51  47  4E  00  00  99  7F  02  00  64  
00  00  00  00  00  28  01  6D  15  14  00  02  01  00  00  03  04  03  00  00  00  00  00  00  00  
00  00  00  00  00  00  6D  16  10  00  03  00  00  00  E3  07  02  19  12  29  27  00  E5  03  00  
00  6D  21  1C  00  03  00  00  00  37  01  00  00  60  00  00  00  E6  FF  FF  FF  DF  FF  FF  FF  
FF  FF  FF  FF  49  00  00  00  6D  22  10  00  03  00  00  00  3F  FE  FF  FF  26  02  00  00  AD  
06  00  00  6D  23  14  00  03  00  00  00  16  69  B1  76  70  BB  0D  FD  FB  8F  09  03  AB  30  
3E  0A  6D  24  24  00  02  00  00  00  00  00  00  00  00  00  00  00  00  00  00  00  00  00  00  
00  00  00  00  00  00  00  00  00  00  00  00  00  00  00  00  00  6D  31  20  00  03  00  00  00  
8B  E0  00  00  E2  B0  FF  FF  47  08  01  00  3F  75  07  00  DB  76  06  00  80  81  70  FF  AF  
61  07  00  6D  32  24  00  03  00  00  00  8C  8F  0C  00  45  0A  CD  7B  01  00  00  00  24  FF  
1A  8D  05  00  00  00  01  00  00  00  07  00  00  00  FD  FF  FF  FF  6D  33  10  00  03  00  00  
00  E3  07  02  19  12  29  27  00  01  00  12  00  6D  34  14  00  03  00  00  00  07  50  03  00  
04  40  FF  FF  2B  37  04  00  B8  DB  07  00  6D  35  0C  00  03  00  00  00  27  8D  01  00  28  
12  07  00  41  53  66  3A  47  4E  00  00  9A  7F  02  00  00  00  00  00  00  00  28  01  6D  15  
14  00  02  01  00  00  03  04  03  00  00  00  00  00  00  00  00  00  00  00  00  00  6D  16  10  
00  03  00  00  00  E3  07  02  19  12  29  28  00  07  00  00  00  6D  21  1C  00  03  00  00  00  
F6  FF  FF  FF  AE  00  00  00  01  00  00  00  01  00  00  00  03  00  00  00  2C  00  00  00  6D  
22  10  00  03  00  00  00  3F  FE  FF  FF  26  02  00  00  AD  06  00  00  6D  23  14  00  03  00  
00  00  24  67  B1  76  BF  AB  0D  FD  72  D3  09  03  AC  2E  3E  0A  6D  24  24  00  02  00  00  
00  00  00  00  00  00  00  00  00  00  00  00  00  00  00  00  00  00  00  00  00  00  00  00  00  
00  00  00  00  00  00  00  00  6D  31  20  00  03  00  00  00  1E  63  00  00  A6  CF  FF  FF  4B  
13  01  00  99  F8  07  00  9E  85  06  00  FF  11  70  FF  12  61  07  00  6D  32  24  00  03  00  
00  00  8C  8F  0C  00  45  0A  CD  7B  01  00  00  00  24  FF  1A  8D  05  00  00  00  01  00  00  
00  07  00  00  00  FD  FF  FF  FF  6D  19  12  29  27  00  01  00  12  00  6D  34  14  00  03  00  
00  00  B3  4B  03  00  57  1A  FF  FF  0F  3B  04  00  B8  DB  07  00  6D  35  0C  00  03  00  00  
00  26  8D  01  00  28  12  07  00  41  53  FC  B9  47  4E  00  00  9B  7F  02  00  02  01  00  00  
00  00  28  01  6D  15  14  00  02  01  00  00  03  04  03  00  00  00  00  00  00  00  00  00  00  
00  00  00  6D  16  10  00  03  00  00  00  E3  07  02  19  12  29  28  00  11  00  00  00  6D  21  
1C  00  03  00  00  00  4B  FE  FF  FF  85  00  00  00  3B  FF  FF  FF  01  00  00  00  F9  FF  FF  
FF  4B  00  00  00  6D  22  10  00  03  00  00  00  3E  FE  FF  FF  26  02  00  00  AD  06  00  00  
6D  23  14  00  03  00  00  00  29  68  B1  76  C5  F5  0C  FD  C0  F6  09  03  FF  E3  3D  0A  6D  
24  24  00  02  00  00  00  00  00  00  00  00  00  00  00  00  00  00  00  00  00  00  00  00  00  
00  00  00  00  00  00  00  00  00  00  00  00  00  00  6D  31  20  00  03  00  00  00  69  BC  FF  
FF  A0  BF  FF  FF  E1  C5  00  00  C8  FC  07  00  45  60  06  00  13  8D  70  FF  21  61  07  00  
6D  32  24  00  03  00  00  00  8C  8F  0C  00  45  0A  CD  7B  01  00  00  00  24  FF  1A  8D  05  
00  00  00  01  00  00  00  07  00  00  00  FD  FF  FF  FF  6D  33  10  00  03  00  00  00  E3  07  
02  19  12  29  27  00  01  00  12  00  6D  34  14  00  03  00  00  00  04  29  03  00  0D  1A  FF  
FF  3B  2F  04  00  B8  DB  07  00  6D  35  0C  00  03  00  00  00  2A  8D  01  00  0F  12  07  00  
00  41  53  51  17  47  4E  00  00  9C  7F  02  00  03  04  03  00  00  00  28  01  6D  15  14  00  
02  01  00  00  03  04  03  00  00  00  00  00  00  00  00  00  00  00  00  00  6D  16  10  00  03  
00  00  00  E3  07  02  19  12  29  28  00  1B  00  00  00  6D  21  1C  00  03  00  00  00  F9  FE  
FF  FF  78  00  00  00  47  FF  FF  FF  F0  FF  FF  FF  FD  FF  FF  FF  1B  00  00  00  6D  22  10  
00  03  00  00  00  3E  FE  FF  FF  27  02  00  00  AD  06  00  00  6D  23  14  00  03  00  00  00  
98  6A  B1  76  11  84  0C  FD  09  1B  0A  03  40  9C  3D  0A  6D  24  24  00  02  00  00  00  00  
00  00  00  00  00  00  00  00  00  00  00  00  00  00  00  00  00  00  00  00  00  00  00  00  00  
00  00  00  00  00  00  6D  31  20  00  03  00  00  00  5B  00  00  00  9B  BA  FF  FF  C3  CA  00  
00  0B  BA  07  00  12  6E  06  00  07  D1  6F  FF  19  61  07  00  6D  32  24  00  03  00  00  00  
8C  8F  0C  00  45  0A  CD  7B  01  00  00  00  24  FF  1A  8D  05  00  00  00  01  00  00  00  07  
00  00  00  FD  FF  FF  12  29  27  00  01  00  12  00  6D  34  14  00  03  00  00  00  CC  48  03  
00  99  65  FF  FF  54  2F  04  00  E4  AA  07  00  6D  35  0C  00  03  00  00  00  30  8D  01  00  
F6  11  07  00  41  53  38  4F  47  4E  00  00  9D  7F  02  00  00  00  00  00  00  00  28  01  6D  
15  14  00  02  01  00  00  03  04  03  00  00  00  00  00  00  00  00  00  00  00  00  00  6D  16  
10  00  03  00  00  00  E3  07  02  19  12  29  28  00  25  00  00  00  6D  21  1C  00  03  00  00  
00  1E  00  00  00  0E  00  00  00  E7  FF  FF  FF  E1  FF  FF  FF  F9  FF  FF  FF  45  00  00  00  
6D  22  10  00  03  00  00  00  3E  FE  FF  FF  27  02  00  00  AD  06  00  00  6D  23  14  00  03  
00  00  00  6C  6B  B1  76  53  8A  0C  FD  78  20  0A  03  DD  92  3D  0A  6D  24  24  00  02  00  
00  00  00  00  00  00  00  00  00  00  00  00  00  00  00  00  00  00  00  00  00  00  00  00  00  
00  00  00  00  00  00  00  00  00  6D  31  20  00  03  00  00  00  DD  72  00  00  76  91  FF  FF  
FB  08  01  00  CF  7E  07  00  AE  5F  06  00  95  73  70  FF  7B  61  07  00  6D  32  24  00  03  
00  00  00  8C  8F  0C  00  45  0A  CD  7B  01  00  00  00  24  FF  1A  8D  05  00  00  00  01  00  
00  00  07  00  00  00  FD  FF  FF  FF  6D  33  10  00  03  00  00  00  E3  07  02  19  12  29  27  
00  01  00  12  00  6D  34  14  00  03  00  00  00  FC  40  03  00  04  5E  FF  FF  4D  2F  04  00  
F4  D1  07  00  6D  35  0C  00  03  00  00  00  2F  8D  01  00  28  12  07  00  41  53  CE  E7  47  
4E  00  00  9E  7F  02  00  00  00  00  00  00  00  28  01  6D  15  14  00  02  01  00  00  03  04  
03  00  00  00  00  00  00  00  00  00  00  00  00  00  6D  16  10  00  03  00  00  00  E3  07  02  
19  12  29  28  00  2F  00  00  00  6D  21  1C  00  03  00  00  00  7B  00  00  00  61  FF  FF  FF  
44  00  00  00  F7  FF  FF  FF  03  00  00  00  4B  00  00  00  6D  22  10  00  03  00  00  00  3E  
FE  FF  FF  26  02  00  00  AD  06  00  00  6D  23  14  00  03  00  00  00  AF  6B  B1  76  F8  BB  
0C  FD  85  E6  09  03  55  AF  3D  0A  6D  24  24  00  02  00  00  00  00  00  00  00  00  00  00  
00  00  00  00  00  00  00  00  00  00  00  00  00  00  00  00  00  00  00  00  00  00  00  00  00  
6D  31  20  00  03  00  00  00  63  97  00  00  27  4E  FF  FF  89  2D  01  00  E1  D4  07  00  A4  
87  06  00  BD  8A  70  FF  64  61  07  00  6D  32  24  00  03  00  00  00  8C  8F  0C  00  45  0A  
CD  7B  01  00  00  00  24  FF  1A  8D  05  00  00  00  01  00  00  00  07  00  00  00  FD  FF  FF  
FF  12  29  27  00  01  00  12  00  6D  34  14  00  03  00  00  00  C7  40  03  00  F8  4E  FF  FF  
35  33  04  00  04  F9  07  00  6D  35  0C  00  03  00  00  00  27  8D  01  00  28  12  07  00  41  
53  B7  34  47  4E  00  00  9F  7F  02  00  00  00  00  00  00  00  28  01  6D  15  14  00  02  01  
00  00  03  04  03  00  00  00  00  00  00  00  00  00  00  00  00  00  6D  16  10  00  03  00  00  
00  E3  07  02  19  12  29  28  00  39  00  00  00  6D  21  1C  00  03  00  00  00  00  02  00  00  
A4  FF  FF  FF  00  00  00  00  1A  00  00  00  FA  FF  FF  FF  3E  00  00  00  6D  22  10  00  03  
00  00  00  3F  FE  FF  FF  26  02  00  00  AD  06  00  00  6D  23  14  00  03  00  00  00  5E  71  
B1  76  0A  81  0D  FD  FB  D2  09  03  FC  AB  3D  0A  6D  24  24  00  02  00  00  00  00  00  00  
00  00  00  00  00  00  00  00  00  00  00  00  00  00  00  00  00  00  00  00  00  00  00  00  00  
00  00  00  00  6D  31  20  00  03  00  00  00  56  2F  01  00  47  68  FF  FF  AF  12  01  00  E7  
5C  08  00  37  63  06  00  EE  59  70  FF  84  60  07  00  6D  32  24  00  03  00  00  00  8C  8F  
0C  00  45  0A  CD  7B  01  00  00  00  24  FF  1A  8D  05  00  00  00  01  00  00  00  07  00  00  
00  FD  FF  FF  FF  6D  33  10  00  03  00  00  00  E3  07  02  19  12  29  27  00  01  00  12  00  
6D  34  14  00  03  00  00  00  99  57  03  00  93  38  FF  FF  00  3F  04  00  04  F9  07  00  6D  
35  0C  00  03  00  00  00  2B  8D  01  00  5A  12  07  00  41  53  F5  15  47  4E  00  00  A0  7F  
02  00  14  00  00  00  00  00  28  01  6D  15  14  00  02  01  00  00  03  04  03  00  00  00  00  
00  00  00  00  00  00  00  00  00  6D  16  10  00  03  00  00  00  E3  07  02  19  12  29  28  00  
43  00  00  00  6D  21  1C  00  03  00  00  00  26  02  00  00  78  00  00  00  4F  00  00  00  F5  
FF  FF  FF  01  00  00  00  40  00  00  00  6D  22  10  00  03  00  00  00  3F  FE  FF  FF  26  02  
00  00  AD  06  00  00  6D  23  14  00  03  00  00  00  B6  72  B1  76  51  4F  0E  FD  CD  14  0A  
03  3C  C4  3D  0A  6D  24  24  00  02  00  00  00  00  00  00  00  00  00  00  00  00  00  00  00  
00  00  00  00  00  00  00  00  00  00  00  00  00  00  00  00  00  00  00  00  6D  31  20  00  03  
00  00  00  64  3E  01  00  7E  BB  FF  FF  97  31  01  00  1F  CE  07  00  48  7E  06  00  A7  5E  
70  FF  6C  61  07  00  6D  32  24  00  03  00  00  00  74  8E  0C  00  33  0A  CD  7B  01  00  00  
00  24  FF  1A  8D  05  00  00  00  FC  FF  FF  FF  FD  FF  FF  FF  FE  FF  FF  FF  12  29  28  00  
01  00  12  00  6D  34  14  00  03  00  00  00  12  48  03  00  E0  56  FF  FF  D5  6D  04  00  04  
F9  07  00  6D  35  0C  00  03  00  00  00  2A  8D  01  00  41  12  07  00  41  53  1B  37  47  4E  
00  00  A1  7F  02  00  3D  87  01  00  00  00  28  01  6D  15  14  00  02  01  00  00  03  04  03  
00  00  00  00  00  00  00  00  00  00  00  00  00  6D  16  10  00  03  00  00  00  E3  07  02  19  
12  29  28  00  4D  00  00  00  6D  21  1C  00  03  00  00  00  D9  00  00  00  A6  FE  FF  FF  2A  
00  00  00  FE  FF  FF  FF  FD  FF  FF  FF  41  00  00  00  6D  22  10  00  03  00  00  00  3F  FE  
FF  FF  26  02  00  00  AD  06  00  00  6D  23  14  00  03  00  00  00  B3  76  B1  76  07  AB  0E  
FD  B8  95  09  03  0C  D6  3D  0A  6D  24  24  00  02  00  00  00  00  00  00  00  00  00  00  00  
00  00  00  00  00  00  00  00  00  00  00  00  00  00  00  00  00  00  00  00  00  00  00  00  6D  
31  20  00  03  00  00  00  39  BC  00  00  92  05  FF  FF  27  23  01  00  7F  EC  07  00  C9  6B  
06  00  A4  65  70  FF  55  61  07  00  6D  32  24  00  03  00  00  00  74  8E  0C  00  33  0A  CD  
7B  01  00  00  00  24  FF  1A  8D  05  00  00  00  FC  FF  FF  FF  FD  FF  FF  FF  FE  FF  FF  FF  
6D  33  10  00  03  00  00  00  E3  07  02  19  12  29  28  00  01  00  12  00  6D  34  14  00  03  
00  00  00  BC  4F  03  00  9D  38  FF  FF  9C  4E  04  00  B8  DB  07  00  6D  35  0C  00  03  00  
00  00  2B  8D  01  00  28  12  07  00  41  53  A0  22  47  4E  00  00  A2  7F  02  00  01  16  01  
60  00  00  28  01  6D  15  14  00  02  01  00  00  03  04  03  00  00  00  00  00  00  00  00  00  
00  00  00  00  6D  16  10  00  03  00  00  00  E3  07  02  19  12  29  28  00  57  00  00  00  6D  
21  1C  00  03  00  00  00  CC  FF  FF  FF  84  00  00  00  F4  FF  FF  FF  F1  FF  FF  FF  FB  FF  
FF  FF  4D  00  00  00  6D  22  10  00  03  00  00  00  3F  FE  FF  FF  26  02  00  00  AD  06  00  
00  6D  23  14  00  03  00  00  00  15  75  B1  76  33  8D  0E  FD  65  C6  09  03  CE  D1  3D  0A  
6D  24  24  00  02  00  00  00  00  00  00  00  00  00  00  00  00  00  00  00  00  00  00  00  00  
00  00  00  00  00  00  00  00  00  00  00  00  00  00  00  6D  31  20  00  03  00  00  00  3F  53  
00  00  37  C0  FF  FF  26  0E  01  00  5E  BD  07  00  F2  61  06  00  DA  91  70  FF  09  62  07  
00  6D  32  24  00  03  00  00  00  74  8E  0C  00  33  0A  CD  7B  01  00  00  00  24  FF  1A  8D  
05  00  00  00  FC  FF  FF  FF  FD  FF  FF  FF  FE  FF  FF  FF  19  12  29  28  00  01  00  12  00  
6D  34  14  00  03  00  00  00  ED  4B  03  00  CA  21  FF  FF  72  2B  04  00  37  B2  07  00  6D  
35  0C  00  03  00  00  00  26  8D  01  00  28  12  07  00  41  53  9D  CA  47  4E  00  00  A3  7F  
02  00  2A  00  00  00  00  00  28  01  6D  15  14  00  02  01  00  00  03  04  03  00  00  00  00  
00  00  00  00  00  00  00  00  00  6D  16  10  00  03  00  00  00  E3  07  02  19  12  29  28  00  
61  00  00  00  6D  21  1C  00  03  00  00  00  DC  FE  FF  FF  5B  00  00  00  F6  FF  FF  FF  F6  
FF  FF  FF  0E  00  00  00  35  00  00  00  6D  22  10  00  03  00  00  00  3F  FE  FF  FF  26  02  
00  00  AD  06  00  00  6D  23  14  00  03  00  00  00  83  71  B1  76  64  13  0E  FD  3A  DF  09  
03  CA  D0  3D  0A  6D  24  24  00  02  00  00  00  00  00  00  00  00  00  00  00  00  00  00  00  
00  00  00  00  00  00  00  00  00  00  00  00  00  00  00  00  00  00  00  00  6D  31  20  00  03  
00  00  00  9A  F5  FF  FF  3B  B0  FF  FF  D1  0E  01  00  E4  D0  07  00  AE  AF  06  00  F9  36  
70  FF  84  60  07  00  6D  32  24  00  03  00  00  00  74  8E  0C  00  33  0A  CD  7B  01  00  00  
00  24  FF  1A  8D  05  00  00  00  FC  FF  FF  FF  FD  FF  FF  FF  FE  FF  FF  FF  6D  33  10  00  
03  00  00  00  E3  07  02  19  12  29  28  00  01  00  12  00  6D  34  14  00  03  00  00  00  7F  
29  03  00  1C  38  FF  FF  9E  1F  04  00  98  8D  07  00  6D  35  0C  00  03  00  00  00  29  8D  
01  00  28  12  07  00  41  53  15  A0  47  4E  00  00  A4  7F  02  00  10  05  00  00  00  00  28  
01  6D  15  14  00  02  01  00  00  03  04  03  00  00  00  00  00  00  00  00  00  00  00  00  00  
6D  16  10  00  03  00  00  00  E3  07  02  19  12  29  28  00  6B  00  00  00  6D  21  1C  00  03  
00  00  00  44  01  00  00  F3  FF  FF  FF  F3  FF  FF  FF  F5  FF  FF  FF  FD  FF  FF  FF  3E  00  
00  00  6D  22  10  00  03  00  00  00  3F  FE  FF  FF  26  02  00  00  AD  06  00  00  6D  23  14  
00  03  00  00  00  F5  74  B1  76  81  8C  0E  FD  64  E3  09  03  76  CA  3D  0A  6D  24  24  00  
02  00  00  00  00  00  00  00  00  00  00  00  00  00  00  00  00  00  00  00  00  00  00  00  00  
00  00  00  00  00  00  00  00  00  00  00  6D  31  20  00  03  00  00  00  E7  E5  00  00  52  87  
FF  FF  A7  0D  01  00  EB  CB  07  00  A9  6B  06  00  05  5A  70  FF  55  61  07  00  6D  32  24  
00  03  00  00  00  74  8E  0C  00  33  0A  CD  7B  01  00  00  00  24  FF  1A  8D  05  00  00  00  
FC  FF  FF  FF  FD  FF  FF  FF  FE  FF  FF  02  19  12  29  28  00  01  00  12  00  6D  34  14  00  
03  00  00  00  22  58  03  00  F0  74  FF  FF  9E  4E  04  00  50  16  08  00  6D  35  0C  00  03  
00  00  00  23  8D  01  00  C4  11  07  00  41  53  C9  26  47  4E  00  00  A5  7F  02  00  00  00  
00  00  00  00  28  01  6D  15  14  00  02  01  00  00  03  04  03  00  00  00  00  00  00  00  00  
00  00  00  00  00  6D  16  10  00  03  00  00  00  E3  07  02  19  12  29  28  00  75  00  00  00  
6D  21  1C  00  03  00  00  00  1E  00  00  00  52  FF  FF  FF  CD  FF  FF  FF  FA  FF  FF  FF  FE  
FF  FF  FF  5C  00  00  00  6D  22  10  00  03  00  00  00  3F  FE  FF  FF  26  02  00  00  AD  06  
00  00  6D  23  14  00  03  00  00  00  69  78  B1  76  6E  98  0E  FD  BC  9E  09  03  3B  BA  3D  
0A  6D  24  24  00  02  00  00  00  00  00  00  00  00  00  00  00  00  00  00  00  00  00  00  00  
00  00  00  00  00  00  00  00  00  00  00  00  00  00  00  00  6D  31  20  00  03  00  00  00  3E  
73  00  00  C0  48  FF  FF  C8  FE  00  00  78  E0  07  00  80  70  06  00  0A  CE  70  FF  0B  61  
07  00  6D  32  24  00  03  00  00  00  74  8E  0C  00  33  0A  CD  7B  01  00  00  00  24  FF  1A  
8D  05  00  00  00  FC  FF  FF  FF  FD  FF  FF  FF  FE  FF  FF  FF  6D  33  10  00  03  00  00  00  
E3  07  02  19  12  29  28  00  01  00  12  00  6D  34  14  00  03  00  00  00  20  50  03  00  21  
4F  FF  FF  FA  3E  04  00  04  F9  07  00  6D  35  0C  00  03  00  00  00  23  8D  01  00  C4  11  
07  00  41  53  19  46  47  4E  00  00  A6  7F  02  00  00  00  00  00  00  00  28  01  6D  15  14  
00  02  01  00  00  03  04  03  00  00  00  00  00  00  00  00  00  00  00  00  00  6D  16  10  00  
03  00  00  00  E3  07  02  19  12  29  28  00  7F  00  00  00  6D  21  1C  00  03  00  00  00  1E  
00  00  00  D7  FF  FF  FF  CC  FF  FF  FF  EE  FF  FF  FF  03  00  00  00  41  00  00  00  6D  22  
10  00  03  00  00  00  3F  FE  FF  FF  26  02  00  00  AD  06  00  00  6D  23  14  00  03  00  00  
00  8E  7A  B1  76  D9  9F  0E  FD  BB  8D  09  03  87  A8  3D  0A  6D  24  24  00  02  00  00  00  
00  00  00  00  00  00  00  00  00  00  00  00  00  00  00  00  00  00  00  00  00  00  00  00  00  
00  00  00  00  00  00  00  6D  31  20  00  03  00  00  00  4E  73  00  00  95  7C  FF  FF  A7  FE  
00  00  E3  AD  07  00  F2  80  06  00  74  65  70  FF  6D  60  07  00  6D  32  24  00  03  00  00  
00  74  8E  0C  00  33  0A  CD  7B  01  00  00  00  24  FF  1A  8D  05  00  00  00  FC  FF  FF  FF  
FD  FF  FF  FF  FE  FF  07  02  19  12  29  28  00  01  00  12  00  6D  34  14  00  03  00  00  00  
05  4C  03  00  1D  2D  FF  FF  59  2F  04  00  B8  DB  07  00  6D  35  0C  00  03  00  00  00  25  
8D  01  00  0F  12  07  00  41  53  CF  0F  47  4E  00  00  A7  7F  02  00  00  00  00  00  00  00  
28  01  6D  15  14  00  02  01  00  00  03  04  03  00  00  00  00  00  00  00  00  00  00  00  00  
00  6D  16  10  00  03  00  00  00  E3  07  02  19  12  29  28  00  89  00  00  00  6D  21  1C  00  
03  00  00  00  9C  FD  FF  FF  6C  FF  FF  FF  58  FF  FF  FF  D8  FF  FF  FF  FD  FF  FF  FF  42  
00  00  00  6D  22  10  00  03  00  00  00  3F  FE  FF  FF  26  02  00  00  AD  06  00  00  6D  23  
14  00  03  00  00  00  62  7B  B1  76  BA  AF  0D  FD  47  3B  09  03  5D  72  3D  0A  6D  24  24  
00  02  00  00  00  00  00  00  00  00  00  00  00  00  00  00  00  00  00  00  00  00  00  00  00  
00  00  00  00  00  00  00  00  00  00  00  00  6D  31  20  00  03  00  00  00  A6  78  FF  FF  86  
52  FF  FF  08  D1  00  00  B3  59  07  00  B6  6D  06  00  E7  67  70  FF  19  61  07  00  6D  32  
24  00  03  00  00  00  74  8E  0C  00  33  0A  CD  7B  01  00  00  00  24  FF  1A  8D  05  00  00  
00  FC  FF  FF  FF  FD  FF  FF  FF  FE  FF  FF  FF  6D  33  10  00  03  00  00  00  E3  07  02  19  
12  29  28  00  01  00  12  00  6D  34  14  00  03  00  00  00  BD  57  03  00  7D  38  FF  FF  63  
2F  04  00  B8  DB  07  00  6D  35  0C  00  03  00  00  00  25  8D  01  00  28  00  12  07  00  41  
53  15  6B  47  4E  00  00  A8  7F  02  00  00  04  00  00  00  00  28  01  6D  15  14  00  02  01  
00  00  03  04  03  00  00  00  00  00  00  00  00  00  00  00  00  00  6D  16  10  00  03  00  00  
00  E3  07  02  19  12  29  28  00  93  00  00  00  6D  21  1C  00  03  00  00  00  BD  00  00  00  
D8  FF  FF  FF  5F  00  00  00  1A  00  00  00  FD  FF  FF  FF  3E  00  00  00  6D  22  10  00  03  
00  00  00  3F  FE  FF  FF  26  02  00  00  AD  06  00  00  6D  23  14  00  03  00  00  00  FB  79  
B1  76  37  F6  0D  FD  49  30  09  03  23  9A  3D  0A  6D  24  24  00  02  00  00  00  00  00  00  
00  00  00  00  00  00  00  00  00  00  00  00  00  00  00  00  00  00  00  00  00  00  00  00  00  
00  00  00  00  6D  31  20  00  03  00  00  00  56  B1  00  00  F6  7C  FF  FF  BC  37  01  00  62  
5C  08  00  0C  6C  06  00  BC  57  70  FF  99  61  07  00  6D  32  24  00  03  00  00  00  74  8E  
0C  00  33  0A  CD  7B  01  00  00  00  24  FF  1A  8D  05  00  00  00  FC  FF  FF  FF  FD  FF  FF  
FF  FE  02  19  12  29  28  00  01  00  12  00  6D  34  14  00  03  00  00  00  82  0A  03  00  50  
56  FF  FF  5A  4E  04  00  B8  DB  07  00  6D  35  0C  00  03  00  00  00  24  8D  01  00  F6  11  
07  00  41  53  CC  22  47  4E  00  00  A9  7F  02  00  C0  BF  21  00  00  00  28  01  6D  15  14  
00  02  01  00  00  03  04  03  00  00  00  00  00  00  00  00  00  00  00  00  00  6D  16  10  00  
03  00  00  00  E3  07  02  19  12  29  28  00  9D  00  00  00  6D  21  1C  00  03  00  00  00  13  
FF  FF  FF  BD  FF  FF  FF  56  FF  FF  FF  F6  FF  FF  FF  03  00  00  00  2E  00  00  00  6D  22  
10  00  03  00  00  00  3F  FE  FF  FF  26  02  00  00  AD  06  00  00  6D  23  14  00  03  00  00  
00  AE  7D  B1  76  9B  95  0D  FD  01  0A  09  03  CE  5E  3D  0A  6D  24  24  00  02  00  00  00  
00  00  00  00  00  00  00  00  00  00  00  00  00  00  00  00  00  00  00  00  00  00  00  00  00  
00  00  00  00  00  00  00  6D  31  20  00  03  00  00  00  0A  0B  00  00  F2  71  FF  FF  38  D0  
00  00  C3  CE  07  00  4B  83  06  00  3D  1B  70  FF  B1  60  07  00  6D  32  24  00  03  00  00  
00  74  8E  0C  00  33  0A  CD  7B  01  00  00  00  24  FF  1A  8D  05  00  00  00  FC  FF  FF  FF  
FD  FF  FF  FF  FE  FF  FF  FF  6D  33  10  00  03  00  00  00  E3  07  02  19  12  29  28  00  01  
00  12  00  6D  34  14  00  03  00  00  00  58  29  03  00  F9  4E  FF  FF  76  4E  04  00  5E  EA  
07  00  6D  35  0C  00  03  00  00  00  22  8D  01  00  0F  12  07  00  41  53  C7  4F  47  4E  00  
00  AA  7F  02  00  CE  20  00  00  00  00  28  01  6D  15  14  00  02  01  00  00  03  04  03  00  
00  00  00  00  00  00  00  00  00  00  00  00  6D  16  10  00  03  00  00  00  E3  07  02  19  12  
29  28  00  A7  00  00  00  6D  21  1C  00  03  00  00  00  0F  00  00  00  A3  FF  FF  FF  C0  FF  
FF  FF  FD  FF  FF  FF  FF  FF  FF  FF  46  00  00  00  6D  22  10  00  03  00  00  00  3F  FE  FF  
FF  26  02  00  00  AD  06  00  00  6D  23  14  00  03  00  00  00  8E  80  B1  76  B6  98  0D  FD  
AE  E3  08  03  C1  49  3D  0A  6D  24  24  00  02  00  00  00  00  00  00  00  00  00  00  00  00  
00  00  00  00  00  00  00  00  00  00  00  00  00  00  00  00  00  00  00  00  00  00  00  6D  31  
20  00  03  00  00  00  CB  6D  00  00  F5  67  FF  FF  72  F9  00  00  89  E7  07  00  38  77  06  
00  EB  75  70  FF  C6  61  07  00  6D  32  24  00  03  00  00  00  22  90  0C  00  45  0A  CD  7B  
01  00  00  00  35  FF  1A  8D  05  00  00  00  02  00  00  00  F8  FF  FF  FF  FD  FF  07  02  19  
12  29  28  00  01  00  12  00  6D  34  14  00  03  00  00  00  0A  4C  03  00  A8  47  FF  FF  95  
4E  04  00  B1  F1  07  00  6D  35  0C  00  03  00  00  00  29  8D  01  00  0F  12  07  00  41  53  
16  E3  47  4E  00  00  AB  7F  02  00  00  00  00  00  00  00  28  01  6D  15  14  00  02  01  00  
00  03  04  03  00  00  00  00  00  00  00  00  00  00  00  00  00  6D  16  10  00  03  00  00  00  
E3  07  02  19  12  29  28  00  B1  00  00  00  6D  21  1C  00  03  00  00  00  86  00  00  00  29  
00  00  00  B0  00  00  00  FA  FF  FF  FF  07  00  00  00  58  00  00  00  6D  22  10  00  03  00  
00  00  3F  FE  FF  FF  26  02  00  00  AD  06  00  00  6D  23  14  00  03  00  00  00  3B  7B  B1  
76  6B  C7  0D  FD  0E  F8  08  03  DC  8E  3D  0A  6D  24  24  00  02  00  00  00  00  00  00  00  
00  00  00  00  00  00  00  00  00  00  00  00  00  00  00  00  00  00  00  00  00  00  00  00  00  
00  00  00  6D  31  20  00  03  00  00  00  22  9C  00  00  17  9C  FF  FF  09  57  01  00  D4  DD  
07  00  8D  95  06  00  CD  BD  70  FF  91  61  07  00  6D  32  24  00  03  00  00  00  22  90  0C  
00  45  0A  CD  7B  01  00  00  00  35  FF  1A  8D  05  00  00  00  02  00  00  00  F8  FF  FF  FF  
FD  FF  FF  FF  6D  33  10  00  03  00  00  00  E3  07  02  19  12  29  28  00  01  00  12  00  6D  
34  14  00  03  00  00  00  A0  57  03  00  BB  47  FF  FF  9F  4E  04  00  B8  DB  07  00  6D  35  
0C  00  03  00  00  00  22  8D  01  00  F6  11  07  00  41  53  01  93  47  4E  00  00  AC  7F  02  
00  00  00  00  00  00  00  28  01  6D  15  14  00  02  01  00  00  03  04  03  00  00  00  00  00  
00  00  00  00  00  00  00  00  6D  16  10  00  03  00  00  00  E3  07  02  19  12  29  28  00  BB  
00  00  00  6D  21  1C  00  03  00  00  00  93  00  00  00  2A  00  00  00  52  00  00  00  FD  FF  
FF  FF  0C  00  00  00  3D  00  00  00  6D  22  10  00  03  00  00  00  3F  FE  FF  FF  26  02  00  
00  AD  06  00  00  6D  23  14  00  03  00  00  00  2C  79  B1  76  88  FA  0D  FD  18  0C  09  03  
7C  AF  3D  0A  6D  24  24  00  02  00  00  00  00  00  00  00  00  00  00  00  00  00  00  00  00  
00  00  00  00  00  00  00  00  00  00  00  00  00  00  00  00  00  00  00  6D  31  20  00  03  00  
00  00  95  A1  00  00  0C  9C  FF  FF  71  32  01  00  9A  E7  07  00  44  A8  06  00  52  55  70  
FF  99  61  07  00  6D  32  24  00  03  00  00  00  22  90  0C  00  45  0A  CD  7B  01  00  00  00  
35  FF  1A  8D  05  00  00  00  02  00  00  00  F8  FF  FF  FF  FD  E3  07  02  19  12  29  28  00  
01  00  12  00  6D  34  14  00  03  00  00  00  CE  47  03  00  56  1A  FF  FF  F3  3E  04  00  40  
EF  07  00  6D  35  0C  00  03  00  00  00  24  8D  01  00  73  12  07  00  41  53  DD  46  47  4E  
00  00  AD  7F  02  00  00  00  00  00  00  00  28  01  6D  15  14  00  02  01  00  00  03  04  03  
00  00  00  00  00  00  00  00  00  00  00  00  00  6D  16  10  00  03  00  00  00  E3  07  02  19  
12  29  28  00  C5  00  00  00  6D  21  1C  00  03  00  00  00  0F  00  00  00  F0  00  00  00  1F  
FF  FF  FF  05  00  00  00  07  00  00  00  41  00  00  00  6D  22  10  00  03  00  00  00  3F  FE  
FF  FF  26  02  00  00  AD  06  00  00  6D  23  14  00  03  00  00  00  30  7E  B1  76  43  F0  0D  
FD  0F  66  09  03  BA  57  3D  0A  6D  24  24  00  02  00  00  00  00  00  00  00  00  00  00  00  
00  00  00  00  00  00  00  00  00  00  00  00  00  00  00  00  00  00  00  00  00  00  00  00  6D  
31  20  00  03  00  00  00  24  6E  00  00  7E  E9  FF  FF  67  BA  00  00  79  08  08  00  9D  93  
06  00  89  65  70  FF  12  61  07  00  6D  32  24  00  03  00  00  00  22  90  0C  00  45  0A  CD  
7B  01  00  00  00  35  FF  1A  8D  05  00  00  00  02  00  00  00  F8  FF  FF  FF  FD  FF  FF  FF  
6D  33  10  00  03  00  00  00  E3  07  02  19  12  29  28  00  01  00  12  00  6D  34  14  00  03  
00  00  00  B7  4F  03  00  08  31  FF  FF  C9  46  04  00  B8  DB  07  00  6D  35  0C  00  03  00  
00  00  27  8D  01  00  DD  11  07  00  41  53  37  6A  47  4E  00  00  AE  7F  02  00  00  00  00  
00  00  00  28  01  6D  15  14  00  02  01  00  00  03  04  03  00  00  00  00  00  00  00  00  00  
00  00  00  00  6D  16  10  00  03  00  00  00  E3  07  02  19  12  29  28  00  CF  00  00  00  6D  
21  1C  00  03  00  00  00  E8  FE  FF  FF  97  FF  FF  FF  3B  00  00  00  09  00  00  00  07  00  
00  00  3B  00  00  00  6D  22  10  00  03  00  00  00  3F  FE  FF  FF  26  02  00  00  AD  06  00  
00  6D  23  14  00  03  00  00  00  51  7A  B1  76  CC  80  0D  FD  E3  32  09  03  AE  73  3D  0A  
6D  24  24  00  02  00  00  00  00  00  00  00  00  00  00  00  00  00  00  00  00  00  00  00  00  
00  00  00  00  00  00  00  00  00  00  00  00  00  00  00  6D  31  20  00  03  00  00  00  B1  FA  
FF  FF  8A  62  FF  FF  1B  29  01  00  9D  16  08  00  B2  93  06  00  00  4C  70  FF  03  61  07  
00  6D  32  24  00  03  00  00  00  22  90  0C  00  45  0A  CD  7B  01  00  00  00  35  FF  1A  8D  
05  00  00  00  02  00  00  00  F8  FF  FF  FF  E3  07  02  19  12  29  28  00  01  00  12  00  6D  
34  14  00  03  00  00  00  B7  53  03  00  26  40  FF  FF  B4  4A  04  00  12  CD  07  00  6D  35  
0C  00  03  00  00  00  27  8D  01  00  5A  12  07  00  41  53  2C  88  47  4E  00  00  AF  7F  02  
00  00  00  00  00  00  00  28  01  6D  15  14  00  02  01  00  00  03  04  03  00  00  00  00  00  
00  00  00  00  00  00  00  00  6D  16  10  00  03  00  00  00  E3  07  02  19  12  29  28  00  D9  
00  00  00  6D  21  1C  00  03  00  00  00  AC  01  00  00  1D  00  00  00  6C  00  00  00  F7  FF  
FF  FF  00  00  00  00  3C  00  00  00  6D  22  10  00  03  00  00  00  3F  FE  FF  FF  26  02  00  
00  AD  06  00  00  6D  23  14  00  03  00  00  00  51  7A  B1  76  A2  20  0E  FD  8E  4C  09  03  
13  9A  3D  0A  6D  24  24  00  02  00  00  00  00  00  00  00  00  00  00  00  00  00  00  00  00  
00  00  00  00  00  00  00  00  00  00  00  00  00  00  00  00  00  00  00  6D  31  20  00  03  00  
00  00  65  0F  01  00  09  97  FF  FF  6A  3C  01  00  AF  D0  07  00  70  77  06  00  B2  50  70  
FF  21  61  07  00  6D  32  24  00  03  00  00  00  22  90  0C  00  45  0A  CD  7B  01  00  00  00  
35  FF  1A  8D  05  00  00  00  02  00  00  00  F8  FF  FF  FF  FD  FF  FF  FF  6D  33  10  00  03  
00  00  00  E3  07  02  19  12  29  28  00  01  00  12  00  6D  34  14  00  03  00  00  00  FA  47  
03  00  68  29  FF  FF  F3  3E  04  00  B8  DB  07  00  6D  35  0C  00  03  00  00  00  2A  8D  01  
00  8C  12  07  00  41  53  BD  35  47  4E  00  00  B0  7F  02  00  00  00  00  00  00  00  28  01  
6D  15  14  00  02  01  00  00  03  04  03  00  00  00  00  00  00  00  00  00  00  00  00  00  6D  
16  10  00  03  00  00  00  E3  07  02  19  12  29  28  00  E3  00  00  00  6D  21  1C  00  03  00  
00  00  27  00  00  00  44  00  00  00  61  00  00  00  E9  FF  FF  FF  0F  00  00  00  0B  00  00  
00  6D  22  10  00  03  00  00  00  3F  FE  FF  FF  26  02  00  00  AD  06  00  00  6D  23  14  00  
03  00  00  00  7C  76  B1  76  B8  27  0E  FD  9F  67  09  03  7D  C0  3D  0A  6D  24  24  00  02  
00  00  00  00  00  00  00  00  00  00  00  00  00  00  00  00  00  00  00  00  00  00  00  00  00  
00  00  00  00  00  00  00  00  00  00  6D  31  20  00  03  00  00  00  C7  77  00  00  4C  A6  FF  
FF  DD  37  01  00  96  9B  07  00  6C  B1  06  00  4F  92  6F  FF  7B  61  07  00  6D  32  24  00  
03  00  00  00  22  90  0C  00  45  0A  CD  7B  01  00  00  00  35  FF  1A  8D  05  00  00  00  02  
00  00  00  F8  FF  FF  FF  00  E3  07  02  19  12  29  28  00  01  00  12  00  6D  34  14  00  03  
00  00  00  33  54  03  00  FD  61  FF  FF  FC  3E  04  00  FD  0E  08  00  6D  35  0C  00  03  00  
00  00  25  8D  01  00  0F  12  07  00  41  53  CA  0C  47  4E  00  00  B1  7F  02  00  00  00  00  
00  00  00  28  01  6D  15  14  00  02  01  00  00  03  04  03  00  00  00  00  00  00  00  00  00  
00  00  00  00  6D  16  10  00  03  00  00  00  E3  07  02  19  12  29  28  00  ED  00  00  00  6D  
21  1C  00  03  00  00  00  D6  00  00  00  2E  FF  FF  FF  39  00  00  00  F4  FF  FF  FF  04  00  
00  00  46  00  00  00  6D  22  10  00  03  00  00  00  3F  FE  FF  FF  26  02  00  00  AD  06  00  
00  6D  23  14  00  03  00  00  00  59  78  B1  76  A7  7B  0E  FD  0B  1B  09  03  B3  D9  3D  0A  
6D  24  24  00  02  00  00  00  00  00  00  00  00  00  00  00  00  00  00  00  00  00  00  00  00  
00  00  00  00  00  00  00  00  00  00  00  00  00  00  00  6D  31  20  00  03  00  00  00  EC  BB  
00  00  91  39  FF  FF  35  28  01  00  71  C4  07  00  5D  87  06  00  E8  75  70  FF  E4  61  07  
00  6D  32  24  00  03  00  00  00  22  90  0C  00  45  0A  CD  7B  01  00  00  00  35  FF  1A  8D  
05  00  00  00  02  00  00  00  F8  FF  FF  FF  FD  FF  FF  FF  6D  33  10  00  03  00  00  00  E3  
07  02  19  12  29  28  00  01  00  12  00  6D  34  14  00  03  00  00  00  A3  48  03  00  1B  5E  
FF  FF  23  37  04  00  F4  D1  07  00  6D  35  0C  00  03  00  00  00  28  8D  01  00  F6  11  07  
00  41  53  92  48  47  4E  00  00  B2  7F  02  00  00  00  00  00  00  00  28  01  6D  15  14  00  
02  01  00  00  03  04  03  00  00  00  00  00  00  00  00  00  00  00  00  00  6D  16  10  00  03  
00  00  00  E3  07  02  19  12  29  28  00  F7  00  00  00  6D  21  1C  00  03  00  00  00  DF  02  
00  00  A7  FF  FF  FF  28  00  00  00  01  00  00  00  F8  FF  FF  FF  46  00  00  00  6D  22  10  
00  03  00  00  00  40  FE  FF  FF  26  02  00  00  AD  06  00  00  6D  23  14  00  03  00  00  00  
BB  7E  B1  76  BF  95  0F  FD  EE  0F  09  03  11  E4  3D  0A  6D  24  24  00  02  00  00  00  00  
00  00  00  00  00  00  00  00  00  00  00  00  00  00  00  00  00  00  00  00  00  00  00  00  00  
00  00  00  00  00  00  6D  31  20  00  03  00  00  00  7F  87  01  00  BB  68  FF  FF  BD  21  01  
00  9A  F7  07  00  4B  56  06  00  64  78  70  FF  88  62  07  00  6D  32  24  00  03  00  00  00  
22  90  0C  00  45  0A  CD  7B  01  00  00  00  35  FF  1A  8D  05  00  00  00  02  00  00  00  F8  
FF  FF  00  00  E3  07  02  19  12  29  28  00  01  00  12  00  6D  34  14  00  03  00  00  00  FE  
3C  03  00  B0  52  FF  FF  4A  2F  04  00  98  8D  07  00  6D  35  0C  00  03  00  00  00  2A  8D  
01  00  28  12  07  00  41  53  11  35  47  4E  00  00  B3  7F  02  00  00  00  00  00  00  00  28  
01  6D  15  14  00  02  01  00  00  03  04  03  00  00  00  00  00  00  00  00  00  00  00  00  00  
6D  16  10  00  03  00  00  00  E3  07  02  19  12  29  28  00  01  01  00  00  00  6D  21  1C  00  
03  00  00  00  76  01  00  00  60  00  00  00  51  00  00  00  0D  00  00  00  F9  FF  FF  FF  38  
00  00  00  6D  22  10  00  03  00  00  00  40  FE  FF  FF  26  02  00  00  AD  06  00  00  6D  23  
14  00  03  00  00  00  00  61  7E  B1  76  2E  1E  10  FD  F7  40  09  03  B8  00  3E  0A  6D  24  
24  00  02  00  00  00  00  00  00  00  00  00  00  00  00  00  00  00  00  00  00  00  00  00  00  
00  00  00  00  00  00  00  00  00  00  00  00  00  6D  31  20  00  03  00  00  00  00  7E  FA  00  
00  EB  B0  FF  FF  F2  31  01  00  16  27  08  00  06  57  06  00  82  40  70  FF  46  61  07  00  
6D  32  24  00  03  00  00  00  22  90  0C  00  45  0A  CD  7B  01  00  00  00  35  FF  1A  8D  05  
00  00  00  02  00  00  00  00  F8  FF  FF  FF  FD  FF  FF  FF  6D  33  10  00  03  00  00  00  E3  
07  02  19  12  29  28  00  01  00  12  00  6D  34  14  00  03  00  00  00  F8  48  03  00  AB  74  
FF  FF  54  2F  04  00  E4  AA  07  00  6D  35  0C  00  03  00  00  00  29  8D  01  00  C4  11  07  
00  41  53  26  47  4E  00  00  B4  7F  02  00  00  00  00  00  00  00  28  01  6D  15  14  00  02  
01  00  00  03  04  03  00  00  00  00  00  00  00  00  00  00  00  00  00  6D  16  10  00  03  00  
00  00  E3  07  02  19  12  29  28  00  0B  01  00  00  6D  21  1C  00  03  00  00  00  F2  FF  FF  
FF  52  00  00  00  38  00  00  00  FC  FF  FF  FF  05  00  00  00  26  00  00  00  6D  22  10  00  
03  00  00  00  40  FE  FF  FF  26  02  00  00  AD  06  00  00  6D  23  14  00  03  00  00  00  45  
7B  B1  76  2E  10  10  FD  51  5F  09  03  C2  17  3E  0A  6D  24  24  00  02  00  00  00  00  00  
00  00  00  00  00  00  00  00  00  00  00  00  00  00  00  00  00  00  00  00  00  00  00  00  00  
00  00  00  00  00  6D  31  20  00  03  00  00  00  13  63  00  00  69  AB  FF  FF  4D  28  01  00  
B9  E3  07  00  DC  87  06  00  77  F8  6F  FF  19  61  07  00  6D  32  24  00  03  00  00  00  EE  
91  0C  00  45  0A  CD  7B  01  00  00  00  6A  FF  1A  8D  05  00  00  00  04  00  00  00  FF  FF  
FF  00  00  E3  07  02  19  12  29  28  00  01  00  12  00  6D  34  14  00  03  00  00  00  73  3C  
03  00  1D  1A  FF  FF  96  23  04  00  30  C8  07  00  6D  35  0C  00  03  00  00  00  29  8D  01  
00  F6  11  07  00  41  53  55  72  47  4E  00  00  B5  7F  02  00  00  00  00  00  00  00  28  01  
6D  15  14  00  02  01  00  00  03  04  03  00  00  00  00  00  00  00  00  00  00  00  00  00  6D  
16  10  00  03  00  00  00  E3  07  02  19  12  29  28  00  15  01  00  00  00  6D  21  1C  00  03  
00  00  00  78  00  00  00  71  FF  FF  FF  B1  00  00  00  FE  FF  FF  FF  F9  FF  FF  FF  6B  00  
00  00  6D  22  10  00  03  00  00  00  40  FE  FF  FF  26  02  00  00  AD  06  00  00  6D  23  14  
00  03  00  00  00  00  B4  77  B1  76  4F  3F  10  FD  13  2C  09  03  CA  5D  3E  0A  6D  24  24  
00  02  00  00  00  00  00  00  00  00  00  00  00  00  00  00  00  00  00  00  00  00  00  00  00  
00  00  00  00  00  00  00  00  00  00  00  00  6D  31  20  00  03  00  00  00  00  4B  97  00  00  
4C  53  FF  FF  5F  57  01  00  1A  EC  07  00  0F  57  06  00  10  08  71  FF  B1  60  07  00  6D  
32  24  00  03  00  00  00  EE  91  0C  00  45  0A  CD  7B  01  00  00  00  6A  FF  1A  8D  05  00  
00  00  04  00  00  00  00  FF  FF  FF  FF  FB  FF  FF  FF  6D  33  10  00  03  00  00  00  E3  07  
02  19  12  29  28  00  01  00  12  00  6D  34  14  00  03  00  00  00  A3  38  03  00  A5  21  FF  
FF  7A  27  04  00  B8  DB  07  00  6D  35  0C  00  03  00  00  00  27  8D  01  00  DD  11  07  00  
41  53  33  47  4E  00  00  B6  7F  02  00  00  00  00  00  00  00  28  01  6D  15  14  00  02  01  
00  00  03  04  03  00  00  00  00  00  00  00  00  00  00  00  00  00  6D  16  10  00  03  00  00  
00  E3  07  02  19  12  29  28  00  1F  01  00  00  6D  21  1C  00  03  00  00  00  7A  FF  FF  FF  
37  00  00  00  38  00  00  00  04  00  00  00  02  00  00  00  53  00  00  00  6D  22  10  00  03  
00  00  00  40  FE  FF  FF  26  02  00  00  AE  06  00  00  6D  23  14  00  03  00  00  00  C1  73  
B1  76  D8  02  10  FD  69  3C  09  03  61  75  3E  0A  6D  24  24  00  02  00  00  00  00  00  00  
00  00  00  00  00  00  00  00  00  00  00  00  00  00  00  00  00  00  00  00  00  00  00  00  00  
00  00  00  00  6D  31  20  00  03  00  00  00  0D  34  00  00  DF  A0  FF  FF  9B  28  01  00  E6  
05  08  00  48  7C  06  00  E1  A8  70  FF  12  61  07  00  6D  32  24  00  03  00  00  00  EE  91  
0C  00  45  0A  CD  7B  01  00  00  00  6A  FF  1A  8D  05  00  00  00  04  00  00  00  FF  FF  FF  
00  00  E3  07  02  19  12  29  28  00  01  00  12  00  6D  34  14  00  03  00  00  00  D3  40  03  
00  86  56  FF  FF  1D  37  04  00  7C  E5  07  00  6D  35  0C  00  03  00  00  00  28  8D  01  00  
5A  12  07  00  41  53  F8  05  47  4E  00  00  B7  7F  02  00  00  00  00  00  00  00  28  01  6D  
15  14  00  02  01  00  00  03  04  03  00  00  00  00  00  00  00  00  00  00  00  00  00  6D  16  
10  00  03  00  00  00  E3  07  02  19  12  29  28  00  29  01  00  00  00  6D  21  1C  00  03  00  
00  00  5B  01  00  00  3D  FF  FF  FF  36  00  00  00  F2  FF  FF  FF  13  00  00  00  49  00  00  
00  6D  22  10  00  03  00  00  00  41  FE  FF  FF  26  02  00  00  AE  06  00  00  6D  23  14  00  
03  00  00  00  00  FA  76  B1  76  23  8A  10  FD  23  FB  08  03  29  8A  3E  0A  6D  24  24  00  
02  00  00  00  00  00  00  00  00  00  00  00  00  00  00  00  00  00  00  00  00  00  00  00  00  
00  00  00  00  00  00  00  00  00  00  00  6D  31  20  00  03  00  00  00  00  14  F0  00  00  E6  
3E  FF  FF  DF  27  01  00  5B  BF  07  00  C8  BC  06  00  CC  83  70  FF  3E  62  07  00  6D  32  
24  00  03  00  00  00  EE  91  0C  00  45  0A  CD  7B  01  00  00  00  6A  FF  1A  8D  05  00  00  
00  04  00  00  00  00  FF  FF  FF  FF  FB  FF  FF  FF  6D  33  10  00  03  00  00  00  E3  07  02  
19  12  29  28  00  01  00  12  00  6D  34  14  00  03  00  00  00  4E  58  03  00  02  84  FF  FF  
9E  4E  04  00  7C  E5  07  00  6D  35  0C  00  03  00  00  00  2E  8D  00  01  00  F6  11  07  00  
41  53  2F  47  4E  00  00  B8  7F  02  00  00  00  00  00  00  00  28  01  6D  15  14  00  02  01  
00  00  03  04  03  00  00  00  00  00  00  00  00  00  00  00  00  00  6D  16  10  00  03  00  00  
00  E3  07  02  19  12  00  29  28  00  33  01  00  00  6D  21  1C  00  03  00  00  00  E8  FE  FF  
FF  1D  00  00  00  7D  FF  FF  FF  0E  00  00  00  01  00  00  00  39  00  00  00  6D  22  10  00  
03  00  00  00  40  FE  FF  FF  26  02  00  00  AD  06  00  00  6D  23  14  00  00  03  00  00  00  
2C  78  B1  76  9B  13  10  FD  48  FA  08  03  94  5A  3E  0A  6D  24  24  00  02  00  00  00  00  
00  00  00  00  00  00  00  00  00  00  00  00  00  00  00  00  00  00  00  00  00  00  00  00  00  
00  00  00  00  00  00  6D  00  31  20  00  03  00  00  00  23  FB  FF  FF  3C  96  FF  FF  D7  DF  
00  00  74  29  08  00  D7  77  06  00  BC  42  70  FF  E5  60  07  00  6D  32  24  00  03  00  00  
00  EE  91  0C  00  45  0A  CD  7B  01  00  00  00  6A  FF  1A  8D  05  00  00  00  04  00  00  00  
FF  FF  FF  82  47  4E  00  00  CD  7F  02  00  00  00  00  00  00  00  28  01  6D  15  14  00  02  
01  00  00  03  04  03  00  00  00  00  00  00  00  00  00  00  00  00  00  6D  16  10  00  03  00  
00  00  E3  07  02  19  12  29  28  00  05  02  00  00  6D  21  1C  00  03  00  00  00  B9  00  00  
00  DF  FF  FF  FF  64  00  00  00  F2  FF  FF  FF  0C  00  00  00  46  00  00  00  6D  22  10  00  
03  00  00  00  41  FE  FF  FF  26  02  00  00  AE  06  00  00  6D  23  14  00  03  00  00  00  94  
6C  B1  76  D3  18  11  FD  88  96  09  03  71  FD  3E  0A  6D  24  24  00  02  00  00  00  00  00  
00  00  00  00  00  00  00  00  00  00  00  00  00  00  00  00  00  00  00  00  00  00  00  00  00  
00  00  00  00  00  6D  31  20  00  03  00  00  00  8B  B1  00  00  D7  7C  FF  FF  03  3D  01  00  
45  C0  07  00  38  9F  06  00  07  78  70  FF  A2  60  07  00  6D  32  24  00  03  00  00  00  C0  
92  0C  00  45  0A  CD  7B  01  00  00  00  8D  FF  1A  8D  05  00  00  00  02  00  00  00  FA  FF  
FF  FF  6D  33  10  00  03  00  00  00  E3  07  02  19  12  29  28  00  01  00  12  00  6D  34  14  
00  03  00  00  00  F1  4F  03  00  7C  38  FF  FF  2B  37  04  00  7C  E5  07  00  6D  35  0C  00  
03  00  00  00  28  8D  01  00  DD  11  07  00  41  53  F5  61  47  4E  00  00  CE  7F  02  00  00  
00  00  00  00  00  28  01  6D  15  14  00  02  01  00  00  03  04  03  00  00  00  00  00  00  00  
00  00  00  00  00  00  6D  16  10  00  03  00  00  00  E3  07  02  00  19  12  29  28  00  0F  02  
00  00  6D  21  1C  00  03  00  00  00  B2  FE  FF  FF  C2  FF  FF  FF  0B  FF  FF  FF  F7  FF  FF  
FF  02  00  00  00  3A  00  00  00  6D  22  10  00  03  00  00  00  41  FE  FF  FF  26  02  00  00  
AE  06  00  00  6D  00  23  14  00  03  00  00  00  3D  72  B1  76  70  8C  10  FD  51  71  09  03  
B1  9E  3E  0A  6D  24  24  00  02  00  00  00  00  00  00  00  00  00  00  00  00  00  00  00  00  
00  00  00  00  00  00  00  00  00  00  00  00  00  00  00  00  00  00  00  00  6D  31  20  00  03  
00  00  00  9A  E6  FF  FF  D1  71  FF  FF  4C  B6  00  00  D9  D0  07  00  92  77  06  00  B0  49  
70  FF  D6  60  07  00  6D  32  24  00  03  00  00  00  C0  92  0C  00  45  0A  CD  7B  01  00  00  
00  8D  FF  1A  8D  05  00  00  00  00  02  00  00  00  FA  FF  FF  FF  FB  FF  FF  FF  6D  33  10  
00  03  00  00  00  E3  07  02  19  12  29  28  00  01  00  12  00  6D  34  14  00  03  00  00  00  
C6  47  03  00  2F  0B  FF  FF  56  2F  04  00  E4  AA  07  00  6D  35  0C  00  03  00  00  00  2B  
8D  01  87  47  4E  00  00  CF  7F  02  00  01  01  00  00  00  00  28  01  6D  15  14  00  02  01  
00  00  03  04  03  00  00  00  00  00  00  00  00  00  00  00  00  00  6D  16  10  00  03  00  00  
00  E3  07  02  19  12  29  28  00  19  02  00  00  6D  21  1C  00  03  00  00  00  1A  FF  FF  FF  
05  00  00  00  D2  FF  FF  FF  FE  FF  FF  FF  FF  FF  FF  FF  40  00  00  00  6D  22  10  00  03  
00  00  00  40  FE  FF  FF  26  02  00  00  AE  06  00  00  6D  23  14  00  03  00  00  00  80  71  
B1  76  51  28  10  FD  35  6B  09  03  5C  8C  3E  0A  6D  24  24  00  02  00  00  00  00  00  00  
00  00  00  00  00  00  00  00  00  00  00  00  00  00  00  00  00  00  00  00  00  00  00  00  00  
00  00  00  00  6D  31  20  00  03  00  00  00  83  0F  00  00  22  8C  FF  FF  32  04  01  00  38  
EC  07  00  26  70  06  00  BC  5E  70  FF  FA  61  07  00  6D  32  24  00  03  00  00  00  C0  92  
0C  00  45  0A  CD  7B  01  00  00  00  8D  FF  1A  8D  05  00  00  00  02  00  00  00  FA  FF  FF  
6D  33  10  00  03  00  00  00  E3  07  02  19  12  29  28  00  01  00  12  00  6D  34  14  00  03  
00  00  00  FA  47  03  00  68  29  FF  FF  F3  3E  04  00  40  EF  07  00  6D  35  0C  00  03  00  
00  00  2B  8D  01  00  F6  11  07  00  41  53  BE  CE  47  4E  00  00  D0  7F  02  00  00  00  00  
00  00  00  28  01  6D  15  14  00  02  01  00  00  03  04  03  00  00  00  00  00  00  00  00  00  
00  00  00  00  6D  16  10  00  03  00  00  00  E3  07  02  19  00  12  29  28  00  23  02  00  00  
6D  21  1C  00  03  00  00  00  E2  FF  FF  FF  48  00  00  00  14  00  00  00  04  00  00  00  EE  
FF  FF  FF  35  00  00  00  6D  22  10  00  03  00  00  00  40  FE  FF  FF  26  02  00  00  AE  06  
00  00  6D  23  00  14  00  03  00  00  00  E1  6F  B1  76  18  11  10  FD  19  87  09  03  32  90  
3E  0A  6D  24  24  00  02  00  00  00  00  00  00  00  00  00  00  00  00  00  00  00  00  00  00  
00  00  00  00  00  00  00  00  00  00  00  00  00  00  00  00  00  00  6D  31  20  00  03  00  00  
00  99  5D  00  00  4C  A6  FF  FF  DA  1D  01  00  36  06  08  00  88  2C  06  00  17  35  70  FF  
36  62  07  00  6D  32  24  00  03  00  00  00  C0  92  0C  00  45  0A  CD  7B  01  00  00  00  8D  
FF  1A  8D  05  00  00  00  00  02  00  00  00  FA  FF  FF  FF  FB  FF  FF  FF  6D  33  10  00  03  
00  00  00  E3  07  02  19  12  29  28  00  01  00  12  00  6D  34  14  00  03  00  00  00  8B  48  
03  00  D1  3F  FF  FF  D4  1B  04  00  55  AD  07  00  6D  35  0C  00  03  00  00  00  27  8D  01  
00  32  47  4E  00  00  D1  7F  02  00  00  00  00  00  00  00  28  01  6D  15  14  00  02  01  00  
00  03  04  03  00  00  00  00  00  00  00  00  00  00  00  00  00  6D  16  10  00  03  00  00  00  
E3  07  02  19  12  29  28  00  2D  02  00  00  6D  21  1C  00  03  00  00  00  5F  FE  FF  FF  E6  
00  00  00  75  FF  FF  FF  FF  FF  FF  FF  F4  FF  FF  FF  49  00  00  00  6D  22  10  00  03  00  
00  00  40  FE  FF  FF  26  02  00  00  AD  06  00  00  6D  23  14  00  03  00  00  00  43  6E  B1  
76  FC  5C  0F  FD  B1  D1  09  03  2E  59  3E  0A  6D  24  24  00  02  00  00  00  00  00  00  00  
00  00  00  00  00  00  00  00  00  00  00  00  00  00  00  00  00  00  00  00  00  00  00  00  00  
00  00  00  6D  31  20  00  03  00  00  00  67  C6  FF  FF  22  E4  FF  FF  BC  DF  00  00  34  F3  
07  00  35  46  06  00  A0  81  70  FF  FA  61  07  00  6D  32  24  00  03  00  00  00  C0  92  0C  
00  45  0A  CD  7B  01  00  00  00  8D  FF  1A  8D  05  00  00  00  02  00  00  00  FA  FF  FF  FF  
6D  33  10  00  03  00  00  00  E3  07  02  19  12  29  28  00  01  00  12  00  6D  34  14  00  03  
00  00  00  A9  40  03  00  74  47  FF  FF  22  37  04  00  30  C8  07  00  6D  35  0C  00  03  00  
00  00  25  8D  01  00  C4  11  07  00  41  53  10  66  47  4E  00  00  D2  7F  02  00  00  00  00  
00  00  00  28  01  6D  15  14  00  02  01  00  00  03  04  03  00  00  00  00  00  00  00  00  00  
00  00  00  00  6D  16  10  00  03  00  00  00  E3  07  02  00  19  12  29  28  00  37  02  00  00  
6D  21  1C  00  03  00  00  00  AB  00  00  00  05  00  00  00  13  00  00  00  F7  FF  FF  FF  11  
00  00  00  3C  00  00  00  6D  22  10  00  03  00  00  00  40  FE  FF  FF  26  02  00  00  AD  06  
00  00  6D  00  23  14  00  03  00  00  00  3D  6F  B1  76  5F  97  0F  FD  29  DA  09  03  17  5C  
3E  0A  6D  24  24  00  02  00  00  00  00  00  00  00  00  00  00  00  00  00  00  00  00  00  00  
00  00  00  00  00  00  00  00  00  00  00  00  00  00  00  00  00  00  6D  31  20  00  03  00  00  
00  6B  AC  00  00  60  8C  FF  FF  9A  1D  01  00  DA  D2  07  00  CD  B8  06  00  90  50  70  FF  
F4  60  07  00  6D  32  24  00  03  00  00  00  FC  92  0C  00  45  0A  CD  7B  01  00  00  00  AF  
FF  1A  8D  05  00  00  00  00  00  00  00  00  00  00  00  00  FB  FF  FF  FF  6D  33  10  00  03  
00  00  00  E3  07  02  19  12  29  28  00  01  00  12  00  6D  34  14  00  03  00  00  00  96  38  
03  00  9F  47  FF  FF  25  5E  04  00  04  F9  07  00  6D  35  0C  00  03  00  00  00  29  8D  01  
01  47  4E  00  00  D3  7F  02  00  00  00  00  00  00  00  28  01  6D  15  14  00  02  01  00  00  
03  04  03  00  00  00  00  00  00  00  00  00  00  00  00  00  6D  16  10  00  03  00  00  00  E3  
07  02  19  12  29  28  00  41  02  00  00  6D  21  1C  00  03  00  00  00  3D  01  00  00  70  00  
00  00  47  00  00  00  F9  FF  FF  FF  04  00  00  00  4A  00  00  00  6D  22  10  00  03  00  00  
00  40  FE  FF  FF  26  02  00  00  AE  06  00  00  6D  23  14  00  03  00  00  00  CC  6E  B1  76  
C1  06  10  FD  46  11  0A  03  CF  70  3E  0A  6D  24  24  00  02  00  00  00  00  00  00  00  00  
00  00  00  00  00  00  00  00  00  00  00  00  00  00  00  00  00  00  00  00  00  00  00  00  00  
00  00  6D  31  20  00  03  00  00  00  68  E5  00  00  29  B6  FF  FF  FE  31  01  00  60  D9  07  
00  C1  82  06  00  2A  86  70  FF  E4  61  07  00  6D  32  24  00  03  00  00  00  FC  92  0C  00  
45  0A  CD  7B  01  00  00  00  AF  FF  1A  8D  05  00  00  00  00  00  00  00  00  00  00  FF  FF  
FF  6D  33  10  00  03  00  00  00  E3  07  02  19  12  29  28  00  01  00  12  00  6D  34  14  00  
03  00  00  00  EB  28  03  00  4B  29  FF  FF  77  4E  04  00  04  F9  07  00  6D  35  0C  00  03  
00  00  00  29  8D  01  00  28  12  07  00  41  53  CE  D0  47  4E  00  00  D4  7F  02  00  00  00  
00  00  00  00  28  01  6D  15  14  00  02  01  00  00  03  04  03  00  00  00  00  00  00  00  00  
00  00  00  00  00  6D  16  10  00  03  00  00  00  E3  00  07  02  19  12  29  28  00  4B  02  00  
00  6D  21  1C  00  03  00  00  00  51  FE  FF  FF  DB  FF  FF  FF  31  00  00  00  10  00  00  00  
F0  FF  FF  FF  4A  00  00  00  6D  22  10  00  03  00  00  00  40  FE  FF  FF  26  02  00  00  AE  
06  00  00  00  6D  23  14  00  03  00  00  00  6E  69  B1  76  D4  57  0F  FD  D0  F5  09  03  F0  
84  3E  0A  6D  24  24  00  02  00  00  00  00  00  00  00  00  00  00  00  00  00  00  00  00  00  
00  00  00  00  00  00  00  00  00  00  00  00  00  00  00  00  00  00  00  6D  31  20  00  03  00  
00  00  1F  C1  FF  FF  5D  7C  FF  FF  45  29  01  00  EF  34  08  00  26  34  06  00  36  86  70  
FF  28  61  07  00  6D  32  24  00  03  00  00  00  FC  92  0C  00  45  0A  CD  7B  01  00  00  00  
AF  FF  1A  00  8D  05  00  00  00  00  00  00  00  00  00  00  00  FB  FF  FF  FF  6D  33  10  00  
03  00  00  00  E3  07  02  19  12  29  28  00  01  00  12  00  6D  34  14  00  03  00  00  00  F8  
4B  03  00  7D  4B  FF  FF  4E  5A  04  00  65  D4  07  00  6D  35  0C  00  03  00  00  00  27  9E  
47  4E  00  00  D5  7F  02  00  00  00  00  00  00  00  28  01  6D  15  14  00  02  01  00  00  03  
04  03  00  00  00  00  00  00  00  00  00  00  00  00  00  6D  16  10  00  03  00  00  00  E3  07  
02  19  12  29  28  00  55  02  00  00  6D  21  1C  00  03  00  00  00  AB  00  00  00  39  00  00  
00  EA  FF  FF  FF  02  00  00  00  07  00  00  00  3A  00  00  00  6D  22  10  00  03  00  00  00  
40  FE  FF  FF  26  02  00  00  AE  06  00  00  6D  23  14  00  03  00  00  00  45  6B  B1  76  84  
8F  0F  FD  20  12  0A  03  37  77  3E  0A  6D  24  24  00  02  00  00  00  00  00  00  00  00  00  
00  00  00  00  00  00  00  00  00  00  00  00  00  00  00  00  00  00  00  00  00  00  00  00  00  
00  6D  31  20  00  03  00  00  00  6A  AC  00  00  1A  A1  FF  FF  DE  0D  01  00  EC  FC  07  00  
E0  8E  06  00  61  47  70  FF  30  61  07  00  6D  32  24  00  03  00  00  00  FC  92  0C  00  45  
0A  CD  7B  01  00  00  00  AF  FF  1A  8D  05  00  00  00  00  00  00  00  00  00  00  FF  6D  33  
10  00  03  00  00  00  E3  07  02  19  12  29  28  00  01  00  12  00  6D  34  14  00  03  00  00  
00  24  50  03  00  B5  56  FF  FF  CA  46  04  00  30  C8  07  00  6D  35  0C  00  03  00  00  00  
2B  8D  01  00  28  12  07  00  41  53  2C  63  47  4E  00  00  D6  7F  02  00  02  01  01  01  00  
00  28  01  6D  15  14  00  02  01  00  00  03  04  03  00  00  00  00  00  00  00  00  00  00  00  
00  00  6D  16  10  00  03  00  00  00  E3  07  02  00  19  12  29  28  00  5F  02  00  00  6D  21  
1C  00  03  00  00  00  93  FE  FF  FF  45  00  00  00  ED  FF  FF  FF  EF  FF  FF  FF  F7  FF  FF  
FF  49  00  00  00  6D  22  10  00  03  00  00  00  40  FE  FF  FF  26  02  00  00  AE  06  00  00  
6D  00  23  14  00  03  00  00  00  C5  67  B1  76  A4  F6  0E  FD  68  21  0A  03  56  6F  3E  0A  
6D  24  24  00  02  00  00  00  00  00  00  00  00  00  00  00  00  00  00  00  00  00  00  00  00  
00  00  00  00  00  00  00  00  00  00  00  00  00  00  00  00  6D  31  20  00  03  00  00  00  21  
DB  FF  FF  FA  A5  FF  FF  DB  0E  01  00  96  B6  07  00  B3  51  06  00  E8  83  70  FF  DC  61  
07  00  6D  32  24  00  03  00  00  00  FC  92  0C  00  45  0A  CD  7B  01  00  00  00  AF  FF  1A  
8D  05  00  00  00  00  00  00  00  00  00  00  00  00  FB  FF  FF  FF  6D  33  10  00  03  00  00  
00  E3  07  02  19  12  29  28  00  01  00  12  00  6D  34  14  00  03  00  00  00  A0  48  03  00  
88  56  FF  FF  54  2F  04  00  30  C8  07  00  6D  35  0C  00  03  00  00  00  2B  8D  01  64  47  
4E  00  00  D7  7F  02  00  00  00  00  00  00  00  28  01  6D  15  14  00  02  01  00  00  03  04  
03  00  00  00  00  00  00  00  00  00  00  00  00  00  6D  16  10  00  03  00  00  00  E3  07  02  
19  12  29  28  00  69  02  00  00  6D  21  1C  00  03  00  00  00  B9  FF  FF  FF  71  FF  FF  FF  
9A  00  00  00  FC  FF  FF  FF  13  00  00  00  31  00  00  00  6D  22  10  00  03  00  00  00  40  
FE  FF  FF  26  02  00  00  AE  06  00  00  6D  23  14  00  03  00  00  00  6F  63  B1  76  B2  D8  
0E  FD  E8  E9  09  03  79  A9  3E  0A  6D  24  24  00  02  00  00  00  00  00  00  00  00  00  00  
00  00  00  00  00  00  00  00  00  00  00  00  00  00  00  00  00  00  00  00  00  00  00  00  00  
6D  31  20  00  03  00  00  00  E5  4D  00  00  49  53  FF  FF  6F  52  01  00  B7  E7  07  00  E7  
C1  06  00  89  24  70  FF  A0  61  07  00  6D  32  24  00  03  00  00  00  FC  92  0C  00  45  0A  
CD  7B  01  00  00  00  AF  FF  1A  8D  05  00  00  00  00  00  00  00  00  00  00  FF  FF  6D  33  
10  00  03  00  00  00  E3  07  02  19  12  29  28  00  01  00  12  00  6D  34  14  00  03  00  00  
00  3E  0A  03  00  7D  56  FF  FF  9E  6D  04  00  C8  02  08  00  6D  35  0C  00  03  00  00  00  
28  8D  01  00  79  11  07  00  41  53  DD  7F  47  4E  00  00  D8  7F  02  00  00  00  00  00  00  
00  28  01  6D  15  14  00  02  01  00  00  03  04  03  00  00  00  00  00  00  00  00  00  00  00  
00  00  6D  16  10  00  03  00  00  00  E3  07  00  02  19  12  29  28  00  73  02  00  00  6D  21  
1C  00  03  00  00  00  D6  FF  FF  FF  F5  FF  FF  FF  A8  FF  FF  FF  01  00  00  00  F7  FF  FF  
FF  3C  00  00  00  6D  22  10  00  03  00  00  00  3F  FE  FF  FF  26  02  00  00  AE  06  00  00  
00  6D  23  14  00  03  00  00  00  28  66  B1  76  D9  BE  0E  FD  61  E4  09  03  26  84  3E  0A  
6D  24  24  00  02  00  00  00  00  00  00  00  00  00  00  00  00  00  00  00  00  00  00  00  00  
00  00  00  00  00  00  00  00  00  00  00  00  00  00  00  00  6D  31  20  00  03  00  00  00  FD  
58  00  00  F9  86  FF  FF  46  F4  00  00  B9  FA  07  00  85  54  06  00  74  4E  70  FF  4E  61  
07  00  6D  32  24  00  03  00  00  00  FC  92  0C  00  45  0A  CD  7B  01  00  00  00  AF  FF  1A  
8D  00  05  00  00  00  00  00  00  00  00  00  00  00  FB  FF  FF  FF  6D  33  10  00  03  00  00  
00  E3  07  02  19  12  29  28  00  01  00  12  00  6D  34  14  00  03  00  00  00  69  2D  03  00  
14  4B  FF  FF  28  33  04  00  C8  02  08  00  6D  35  0C  00  03  00  00  00  24  8D  FB  47  4E  
00  00  D9  7F  02  00  64  00  00  00  00  00  28  01  6D  15  14  00  02  01  00  00  03  04  03  
00  00  00  00  00  00  00  00  00  00  00  00  00  6D  16  10  00  03  00  00  00  E3  07  02  19  
12  29  28  00  7D  02  00  00  6D  21  1C  00  03  00  00  00  93  FF  FF  FF  63  FF  FF  FF  8E  
FF  FF  FF  F9  FF  FF  FF  0D  00  00  00  2E  00  00  00  6D  22  10  00  03  00  00  00  3F  FE  
FF  FF  26  02  00  00  AD  06  00  00  6D  23  14  00  03  00  00  00  86  6A  B1  76  22  90  0E  
FD  0B  A3  09  03  79  57  3E  0A  6D  24  24  00  02  00  00  00  00  00  00  00  00  00  00  00  
00  00  00  00  00  00  00  00  00  00  00  00  00  00  00  00  00  00  00  00  00  00  00  00  6D  
31  20  00  03  00  00  00  E6  3E  00  00  E8  4D  FF  FF  1F  EA  00  00  24  DC  07  00  26  A8  
06  00  4C  1B  70  FF  C6  61  07  00  6D  32  24  00  03  00  00  00  FC  92  0C  00  45  0A  CD  
7B  01  00  00  00  AF  FF  1A  8D  05  00  00  00  00  00  00  00  00  00  00  FB  FF  FF  FF  6D  
33  10  00  03  00  00  00  E3  07  02  19  12  29  28  00  01  00  12  00  6D  34  14  00  03  00  
00  00  C2  38  03  00  56  38  FF  FF  18  37  04  00  C8  02  08  00  6D  35  0C  00  03  00  00  
00  22  8D  01  00  8C  12  07  00  41  53  78  6E  47  4E  00  00  DA  7F  02  00  00  00  00  00  
00  00  28  01  6D  15  14  00  02  01  00  00  03  04  03  00  00  00  00  00  00  00  00  00  00  
00  00  00  6D  16  10  00  03  00  00  00  00  E3  07  02  19  12  29  28  00  87  02  00  00  6D  
21  1C  00  03  00  00  00  F0  FF  FF  FF  44  00  00  00  2E  00  00  00  FF  FF  FF  FF  FD  FF  
FF  FF  69  00  00  00  6D  22  10  00  03  00  00  00  3F  FE  FF  FF  26  02  00  00  AD  06  00  
00  00  6D  23  14  00  03  00  00  00  3C  68  B1  76  2E  7F  0E  FD  68  BE  09  03  0A  65  3E  
0A  6D  24  24  00  02  00  00  00  00  00  00  00  00  00  00  00  00  00  00  00  00  00  00  00  
00  00  00  00  00  00  00  00  00  00  00  00  00  00  00  00  00  6D  31  20  00  03  00  00  00  
2D  63  00  00  27  A6  FF  FF  61  28  01  00  BE  F0  07  00  10  6C  06  00  13  01  71  FF  A9  
60  07  00  6D  32  24  00  03  00  00  00  FC  92  0C  00  45  0A  CD  7B  01  00  00  00  AF  FF  
00  1A  8D  05  00  00  00  00  00  00  00  00  00  00  00  FB  FF  FF  FF  6D  33  10  00  03  00  
00  00  E3  07  02  19  12  29  28  00  01  00  12  00  6D  34  14  00  03  00  00  00  61  38  03  
00  64  29  FF  FF  85  4E  04  00  C8  02  08  00  6D  35  0C  00  03  00  00  00  8F  47  4E  00  
00  DB  7F  02  00  02  01  00  00  00  00  28  01  6D  15  14  00  02  01  00  00  03  04  03  00  
00  00  00  00  00  00  00  00  00  00  00  00  6D  16  10  00  03  00  00  00  E3  07  02  19  12  
29  28  00  91  02  00  00  6D  21  1C  00  03  00  00  00  58  02  00  00  B4  FF  FF  FF  2B  00  
00  00  01  00  00  00  F4  FF  FF  FF  32  00  00  00  6D  22  10  00  03  00  00  00  40  FE  FF  
FF  26  02  00  00  AE  06  00  00  6D  23  14  00  03  00  00  00  66  6D  B1  76  40  63  0F  FD  
11  B6  09  03  23  6D  3E  0A  6D  24  24  00  02  00  00  00  00  00  00  00  00  00  00  00  00  
00  00  00  00  00  00  00  00  00  00  00  00  00  00  00  00  00  00  00  00  00  00  00  6D  31  
20  00  03  00  00  00  9E  53  01  00  A4  6D  FF  FF  4B  27  01  00  08  FB  07  00  AA  46  06  
00  50  29  70  FF  19  61  07  00  6D  32  24  00  03  00  00  00  FC  92  0C  00  45  0A  CD  7B  
01  00  00  00  AF  FF  1A  8D  05  00  00  00  00  00  00  00  00  00  00  FF  FF  FF  6D  33  10  
00  03  00  00  00  E3  07  02  19  12  29  28  00  01  00  12  00  6D  34  14  00  03  00  00  00  
25  48  03  00  7A  38  FF  FF  F3  3E  04  00  C8  02  08  00  6D  35  0C  00  03  00  00  00  23  
8D  01  00  5A  12  07  00  41  53  33  F2  47  4E  00  00  DC  7F  02  00  03  04  03  00  00  00  
28  01  6D  15  14  00  02  01  00  00  03  04  03  00  00  00  00  00  00  00  00  00  00  00  00  
00  6D  16  10  00  03  00  00  00  E3  00  07  02  19  12  29  28  00  9B  02  00  00  6D  21  1C  
00  03  00  00  00  C6  00  00  00  C0  FF  FF  FF  04  00  00  00  F9  FF  FF  FF  08  00  00  00  
30  00  00  00  6D  22  10  00  03  00  00  00  40  FE  FF  FF  26  02  00  00  AE  06  00  00  00  
6D  23  14  00  03  00  00  00  D8  6F  B1  76  C3  AA  0F  FD  C3  A4  09  03  79  6A  3E  0A  6D  
24  24  00  02  00  00  00  00  00  00  00  00  00  00  00  00  00  00  00  00  00  00  00  00  00  
00  00  00  00  00  00  00  00  00  00  00  00  00  00  00  6D  31  20  00  03  00  00  00  A6  B6  
00  00  9C  72  FF  FF  59  18  01  00  0B  DC  07  00  07  93  06  00  07  20  70  FF  11  62  07  
00  6D  32  24  00  03  00  00  00  6A  93  0C  00  45  0A  CD  7B  01  00  00  00  D2  FF  1A  00  
8D  05  00  00  00  03  00  00  00  FF  FF  FF  FF  FB  FF  FF  FF  6D  33  10  00  03  00  00  00  
E3  07  02  19  12  29  28  00  01  00  12  00  6D  34  14  00  03  00  00  00  66  53  03  00  60  
2D  FF  FF  6E  56  04  00  83  CF  07  00  6D  35  0C  00  03  00  00  00  28  A4  47  4E  00  00  
DD  7F  02  00  00  00  00  00  00  00  28  01  6D  15  14  00  02  01  00  00  03  04  03  00  00  
00  00  00  00  00  00  00  00  00  00  00  6D  16  10  00  03  00  00  00  E3  07  02  19  12  29  
28  00  A5  02  00  00  6D  21  1C  00  03  00  00  00  D6  FF  FF  FF  98  FF  FF  FF  58  FF  FF  
FF  F0  FF  FF  FF  F9  FF  FF  FF  4C  00  00  00  6D  22  10  00  03  00  00  00  40  FE  FF  FF  
26  02  00  00  AD  06  00  00  6D  23  14  00  03  00  00  00  22  76  B1  76  3E  94  0F  FD  81  
79  09  03  F7  27  3E  0A  6D  24  24  00  02  00  00  00  00  00  00  00  00  00  00  00  00  00  
00  00  00  00  00  00  00  00  00  00  00  00  00  00  00  00  00  00  00  00  00  00  6D  31  20  
00  03  00  00  00  10  59  00  00  B5  62  FF  FF  FD  D4  00  00  CC  B8  07  00  A7  58  06  00  
34  8D  70  FF  F3  61  07  00  6D  32  24  00  03  00  00  00  6A  93  0C  00  45  0A  CD  7B  01  
00  00  00  D2  FF  1A  8D  05  00  00  00  03  00  00  00  FF  FF  FF  FF  FB  FF  FF  FF  6D  33  
10  00  03  00  00  00  E3  07  02  19  12  29  28  00  01  00  12  00  6D  34  14  00  03  00  00  
00  E7  4F  03  00  AE  47  FF  FF  9A  4E  04  00  20  A1  07  00  6D  35  0C  00  03  00  00  00  
27  8D  01  00  28  12  07  00  41  53  C4  BA  47  4E  00  00  DE  7F  02  00  00  00  00  00  00  
00  28  01  6D  15  14  00  02  01  00  00  03  04  03  00  00  00  00  00  00  00  00  00  00  00  
00  00  6D  16  10  00  03  00  00  00  00  E3  07  02  19  12  29  28  00  AF  02  00  00  6D  21  
1C  00  03  00  00  00  E0  01  00  00  DB  FF  FF  FF  CE  FF  FF  FF  07  00  00  00  EF  FF  FF  
FF  47  00  00  00  6D  22  10  00  03  00  00  00  40  FE  FF  FF  26  02  00  00  AD  00  06  00  
00  6D  23  14  00  03  00  00  00  CA  7C  B1  76  F2  47  10  FD  F3  7A  09  03  F4  0D  3E  0A  
6D  24  24  00  02  00  00  00  00  00  00  00  00  00  00  00  00  00  00  00  00  00  00  00  00  
00  00  00  00  00  00  00  00  00  00  00  00  00  00  00  00  6D  31  20  00  03  00  00  00  C5  
24  01  00  09  7D  FF  FF  F9  02  01  00  09  12  08  00  64  2F  06  00  98  7A  70  FF  21  61  
07  00  6D  32  24  00  03  00  00  00  6A  93  0C  00  45  0A  CD  7B  01  00  00  00  D2  00  FF  
1A  8D  05  00  00  00  03  00  00  00  FF  FF  FF  FF  FB  FF  FF  FF  6D  33  10  00  03  00  00  
00  E3  07  02  19  12  29  28  00  01  00  12  00  6D  34  14  00  03  00  00  00  A8  48  03  00  
B0  65  FF  FF  F2  3E  04  00  D4  83  07  00  6D  35  0C  00  03  00  00  FC  47  4E  00  00  DF  
7F  02  00  00  00  00  00  00  00  28  01  6D  15  14  00  02  01  00  00  03  04  03  00  00  00  
00  00  00  00  00  00  00  00  00  00  6D  16  10  00  03  00  00  00  E3  07  02  19  12  29  28  
00  B9  02  00  00  6D  21  1C  00  03  00  00  00  F1  FF  FF  FF  E4  00  00  00  21  FF  FF  FF  
EA  FF  FF  FF  F0  FF  FF  FF  2A  00  00  00  6D  22  10  00  03  00  00  00  40  FE  FF  FF  26  
02  00  00  AD  06  00  00  6D  23  14  00  03  00  00  00  D8  81  B1  76  3A  31  10  FD  63  D1  
09  03  34  B3  3D  0A  6D  24  24  00  02  00  00  00  00  00  00  00  00  00  00  00  00  00  00  
00  00  00  00  00  00  00  00  00  00  00  00  00  00  00  00  00  00  00  00  00  6D  31  20  00  
03  00  00  00  77  63  00  00  65  E4  FF  FF  A8  BF  00  00  FD  9F  07  00  B8  35  06  00  EB  
08  70  FF  C6  61  07  00  6D  32  24  00  03  00  00  00  6A  93  0C  00  45  0A  CD  7B  01  00  
00  00  D2  FF  1A  8D  05  00  00  00  03  00  00  00  FF  FF  FF  FF  FB  FF  FF  FF  6D  33  10  
00  03  00  00  00  E3  07  02  19  12  29  28  00  01  00  12  00  6D  34  14  00  03  00  00  00  
FA  47  03  00  68  29  FF  FF  F3  3E  04  00  A8  B4  07  00  6D  35  0C  00  03  00  00  00  2D  
8D  01  00  73  12  07  00  41  53  CA  7B  47  4E  00  00  E0  7F  02  00  14  00  00  00  00  00  
28  01  6D  15  14  00  02  01  00  00  03  04  03  00  00  00  00  00  00  00  00  00  00  00  00  
00  6D  16  10  00  03  00  00  00  00  E3  07  02  19  12  29  28  00  C3  02  00  00  6D  21  1C  
00  03  00  00  00  09  01  00  00  CE  FF  FF  FF  CF  FF  FF  FF  07  00  00  00  11  00  00  00  
5D  00  00  00  6D  22  10  00  03  00  00  00  41  FE  FF  FF  26  02  00  00  AD  00  06  00  00  
6D  23  14  00  03  00  00  00  79  86  B1  76  02  93  10  FD  2F  C6  09  03  F0  9C  3D  0A  6D  
24  24  00  02  00  00  00  00  00  00  00  00  00  00  00  00  00  00  00  00  00  00  00  00  00  
00  00  00  00  00  00  00  00  00  00  00  00  00  00  00  6D  31  20  00  03  00  00  00  E9  D0  
00  00  CC  77  FF  FF  51  03  01  00  14  13  08  00  D7  B3  06  00  B7  D2  70  FF  02  62  07  
00  6D  32  24  00  03  00  00  00  6A  93  0C  00  45  0A  CD  7B  01  00  00  00  D2  00  FF  1A  
8D  05  00  00  00  03  00  00  00  FF  FF  FF  FF  FB  FF  FF  FF  6D  33  10  00  03  00  00  00  
E3  07  02  19  12  29  28  00  01  00  12  00  6D  34  14  00  03  00  00  00  14  48  03  00  58  
29  FF  FF  3D  33  04  00  5C  97  07  00  6D  35  0C  00  03  00  00  C5  47  4E  00  00  E1  7F  
02  00  3D  87  01  00  00  00  28  01  6D  15  14  00  02  01  00  00  03  04  03  00  00  00  00  
00  00  00  00  00  00  00  00  00  6D  16  10  00  03  00  00  00  E3  07  02  19  12  29  28  00  
CD  02  00  00  6D  21  1C  00  03  00  00  00  67  01  00  00  03  00  00  00  DC  FF  FF  FF  F5  
FF  FF  FF  FB  FF  FF  FF  31  00  00  00  6D  22  10  00  03  00  00  00  41  FE  FF  FF  26  02  
00  00  AD  06  00  00  6D  23  14  00  03  00  00  00  11  8B  B1  76  FE  16  11  FD  20  D3  09  
03  A9  89  3D  0A  6D  24  24  00  02  00  00  00  00  00  00  00  00  00  00  00  00  00  00  00  
00  00  00  00  00  00  00  00  00  00  00  00  00  00  00  00  00  00  00  00  6D  31  20  00  03  
00  00  00  A8  F5  00  00  7D  8C  FF  FF  5E  08  01  00  02  CA  07  00  C9  5D  06  00  A1  24  
70  FF  19  61  07  00  6D  32  24  00  03  00  00  00  6A  93  0C  00  45  0A  CD  7B  01  00  00  
00  D2  FF  1A  8D  05  00  00  00  03  00  00  00  FF  FF  FF  FF  FB  FF  FF  FF  6D  33  10  00  
03  00  00  00  E3  07  02  19  12  29  28  00  01  00  12  00  6D  34  14  00  03  00  00  00  B4  
4F  03  00  75  29  FF  FF  FB  3E  04  00  C6  AF  07  00  6D  35  0C  00  03  00  00  00  2B  8D  
01  00  28  12  07  00  41  53  DA  B3  47  4E  00  00  E2  7F  02  00  01  16  01  60  00  00  28  
01  6D  15  14  00  02  01  00  00  03  04  03  00  00  00  00  00  00  00  00  00  00  00  00  00  
6D  16  10  00  03  00  00  00  00  E3  07  02  19  12  29  28  00  D7  02  00  00  6D  21  1C  00  
03  00  00  00  69  FF  FF  FF  D6  00  00  00  9A  00  00  00  FE  FF  FF  FF  03  00  00  00  5C  
00  00  00  6D  22  10  00  03  00  00  00  41  FE  FF  FF  26  02  00  00  AD  00  06  00  00  6D  
23  14  00  03  00  00  00  56  82  B1  76  A9  CF  10  FD  7A  23  0A  03  92  C2  3D  0A  6D  24  
24  00  02  00  00  00  00  00  00  00  00  00  00  00  00  00  00  00  00  00  00  00  00  00  00  
00  00  00  00  00  00  00  00  00  00  00  00  00  00  6D  31  20  00  03  00  00  00  92  2E  00  
00  25  DF  FF  FF  3B  52  01  00  A5  EE  07  00  6D  7C  06  00  A3  CB  70  FF  93  60  07  00  
6D  32  24  00  03  00  00  00  6A  93  0C  00  45  0A  CD  7B  01  00  00  00  D2  00  FF  1A  8D  
05  00  00  00  03  00  00  00  FF  FF  FF  FF  FB  FF  FF  FF  6D  33  10  00  03  00  00  00  E3  
07  02  19  12  29  28  00  01  00  12  00  6D  34  14  00  03  00  00  00  4A  57  03  00  97  29  
FF  FF  A0  4E  04  00  F4  D1  07  00  6D  35  0C  00  03  00  00  1E  47  4E  00  00  E3  7F  02  
00  2A  00  00  00  00  00  28  01  6D  15  14  00  02  01  00  00  03  04  03  00  00  00  00  00  
00  00  00  00  00  00  00  00  6D  16  10  00  03  00  00  00  E3  07  02  19  12  29  28  00  E1  
02  00  00  6D  21  1C  00  03  00  00  00  19  FF  FF  FF  6C  00  00  00  FA  FF  FF  FF  F5  FF  
FF  FF  01  00  00  00  47  00  00  00  6D  22  10  00  03  00  00  00  41  FE  FF  FF  26  02  00  
00  AD  06  00  00  6D  23  14  00  03  00  00  00  32  7F  B1  76  1F  6B  10  FD  95  45  0A  03  
03  C0  3D  0A  6D  24  24  00  02  00  00  00  00  00  00  00  00  00  00  00  00  00  00  00  00  
00  00  00  00  00  00  00  00  00  00  00  00  00  00  00  00  00  00  00  6D  31  20  00  03  00  
00  00  81  0F  00  00  90  B5  FF  FF  D3  13  01  00  C4  CB  07  00  06  75  06  00  7A  7A  70  
FF  37  61  07  00  6D  32  24  00  03  00  00  00  6A  93  0C  00  45  0A  CD  7B  01  00  00  00  
D2  FF  1A  8D  05  00  00  00  03  00  00  00  FF  FF  FF  FF  FB  FF  FF  FF  6D  33  10  00  03  
00  00  00  E3  07  02  19  12  29  28  00  01  00  12  00  6D  34  14  00  03  00  00  00  A0  48  
03  00  88  56  FF  FF  54  2F  04  00  4C  70  07  00  6D  35  0C  00  03  00  00  00  2D  8D  01  
00  41  12  07  00  41  53  55  BA  47  4E  00  00  E4  7F  02  00  10  05  00  00  00  00  28  01  
6D  15  14  00  02  01  00  00  03  04  03  00  00  00  00  00  00  00  00  00  00  00  00  00  6D  
16  10  00  03  00  00  00  00  E3  07  02  19  12  29  28  00  EB  02  00  00  6D  21  1C  00  03  
00  00  00  35  FF  FF  FF  A0  00  00  00  8F  FF  FF  FF  F8  FF  FF  FF  09  00  00  00  2D  00  
00  00  6D  22  10  00  03  00  00  00  40  FE  FF  FF  27  02  00  00  AD  00  06  00  00  6D  23  
14  00  03  00  00  00  64  7F  B1  76  0A  0F  10  FD  13  7C  0A  03  2A  93  3D  0A  6D  24  24  
00  02  00  00  00  00  00  00  00  00  00  00  00  00  00  00  00  00  00  00  00  00  00  00  00  
00  00  00  00  00  00  00  00  00  00  00  00  00  6D  31  20  00  03  00  00  00  51  1A  00  00  
33  CA  FF  FF  F3  E9  00  00  4B  DA  07  00  E2  95  06  00  44  14  70  FF  E5  60  07  00  6D  
32  24  00  03  00  00  00  6A  93  0C  00  45  0A  CD  7B  01  00  00  00  D2  00  FF  1A  8D  05  
00  00  00  03  00  00  00  FF  FF  FF  FF  FB  FF  FF  FF  6D  33  10  00  03  00  00  00  E3  07  
02  19  12  29  28  00  01  00  12  00  6D  34  14  00  03  00  00  00  E2  47  03  00  15  1E  FF  
FF  0C  3B  04  00  7C  E5  07  00  6D  35  0C  00  03  00  00  D3  47  4E  00  00  E5  7F  02  00  
00  00  00  00  00  00  28  01  6D  15  14  00  02  01  00  00  03  04  03  00  00  00  00  00  00  
00  00  00  00  00  00  00  6D  16  10  00  03  00  00  00  E3  07  02  19  12  29  28  00  F5  02  
00  00  6D  21  1C  00  03  00  00  00  AE  FE  FF  FF  FD  00  00  00  90  FF  FF  FF  FC  FF  FF  
FF  12  00  00  00  40  00  00  00  6D  22  10  00  03  00  00  00  40  FE  FF  FF  27  02  00  00  
AD  06  00  00  6D  23  14  00  03  00  00  00  4E  7D  B1  76  23  7A  0F  FD  9C  D1  0A  03  33  
67  3D  0A  6D  24  24  00  02  00  00  00  00  00  00  00  00  00  00  00  00  00  00  00  00  00  
00  00  00  00  00  00  00  00  00  00  00  00  00  00  00  00  00  00  6D  31  20  00  03  00  00  
00  A3  E5  FF  FF  94  EE  FF  FF  01  EA  00  00  3D  E7  07  00  B1  BA  06  00  F6  60  70  FF  
18  62  07  00  6D  32  24  00  03  00  00  00  6A  93  0C  00  45  0A  CD  7B  01  00  00  00  D2  
FF  1A  8D  05  00  00  00  03  00  00  00  FF  FF  FF  FF  FB  FF  FF  FF  6D  33  10  00  03  00  
00  00  E3  07  02  19  12  29  28  00  01  00  12  00  6D  34  14  00  03  00  00  00  B6  47  03  
00  03  0F  FF  FF  0C  3B  04  00  39  05  08  00  6D  35  0C  00  03  00  00  00  23  8D  01  00  
0F  12  07  00  41  53  27  55  47  4E  00  00  E6  7F  02  00  00  00  00  00  00  00  28  01  6D  
15  14  00  02  01  00  00  03  04  03  00  00  00  00  00  00  00  00  00  00  00  00  00  6D  16  
10  00  03  00  00  00  00  E3  07  02  19  12  29  28  00  FF  02  00  00  6D  21  1C  00  03  00  
00  00  25  00  00  00  BF  FF  FF  FF  08  00  00  00  FA  FF  FF  FF  05  00  00  00  26  00  00  
00  6D  22  10  00  03  00  00  00  40  FE  FF  FF  27  02  00  00  AD  00  06  00  00  6D  23  14  
00  03  00  00  00  F2  7D  B1  76  A2  82  0F  FD  E7  B8  0A  03  95  69  3D  0A  6D  24  24  00  
02  00  00  00  00  00  00  00  00  00  00  00  00  00  00  00  00  00  00  00  00  00  00  00  00  
00  00  00  00  00  00  00  00  00  00  00  00  6D  31  20  00  03  00  00  00  20  78  00  00  5F  
72  FF  FF  B9  18  01  00  48  E1  07  00  C5  87  06  00  CC  FA  6F  FF  46  61  07  00  6D  32  
24  00  03  00  00  00  6E  94  0C  00  45  0A  CD  7B  01  00  00  00  E4  00  FF  1A  8D  05  00  
00  00  00  00  00  00  02  00  00  00  FA  FF  FF  FF  6D  33  10  00  03  00  00  00  E3  07  02  
19  12  29  28  00  01  00  12  00  6D  34  14  00  03  00  00  00  F2  47  03  00  41  1A  FF  FF  
56  2F  04  00  40  EF  07  00  6D  35  0C  00  03  00  00  EF  47  4E  00  00  E7  7F  02  00  00  
00  00  00  00  00  28  01  6D  15  14  00  02  01  00  00  03  04  03  00  00  00  00  00  00  00  
00  00  00  00  00  00  6D  16  10  00  03  00  00  00  E3  07  02  19  12  29  28  00  09  03  00  
00  6D  21  1C  00  03  00  00  00  90  00  00  00  E7  FF  FF  FF  B7  FF  FF  FF  06  00  00  00  
0A  00  00  00  60  00  00  00  6D  22  10  00  03  00  00  00  40  FE  FF  FF  27  02  00  00  AD  
06  00  00  6D  23  14  00  03  00  00  00  F8  81  B1  76  CF  B2  0F  FD  E9  B2  0A  03  8F  4A  
3D  0A  6D  24  24  00  02  00  00  00  00  00  00  00  00  00  00  00  00  00  00  00  00  00  00  
00  00  00  00  00  00  00  00  00  00  00  00  00  00  00  00  00  6D  31  20  00  03  00  00  00  
3C  A2  00  00  E7  81  FF  FF  31  F9  00  00  FA  0E  08  00  B9  9A  06  00  DD  DB  70  FF  D6  
60  07  00  6D  32  24  00  03  00  00  00  6E  94  0C  00  45  0A  CD  7B  01  00  00  00  E4  FF  
1A  8D  05  00  00  00  00  00  00  00  02  00  00  00  FA  FF  FF  FF  6D  33  10  00  03  00  00  
00  E3  07  02  19  12  29  28  00  01  00  12  00  6D  34  14  00  03  00  00  00  05  67  03  00  
85  29  FF  FF  70  2F  04  00  40  EF  07  00  6D  35  0C  00  03  00  00  00  29  8D  01  00  F6  
11  07  00  41  53  DA  29  47  4E  00  00  E8  7F  02  00  00  04  00  00  00  00  28  01  6D  15  
14  00  02  01  00  00  03  04  03  00  00  00  00  00  00  00  00  00  00  00  00  00  6D  16  10  
00  03  00  00  00  00  E3  07  02  19  12  29  28  00  13  03  00  00  6D  21  1C  00  03  00  00  
00  68  FF  FF  FF  6B  00  00  00  16  00  00  00  00  00  00  00  F6  FF  FF  FF  4D  00  00  00  
6D  22  10  00  03  00  00  00  40  FE  FF  FF  27  02  00  00  AD  00  06  00  00  6D  23  14  00  
03  00  00  00  9C  7E  B1  76  77  6B  0F  FD  24  D7  0A  03  40  52  3D  0A  6D  24  24  00  02  
00  00  00  00  00  00  00  00  00  00  00  00  00  00  00  00  00  00  00  00  00  00  00  00  00  
00  00  00  00  00  00  00  00  00  00  00  6D  31  20  00  03  00  00  00  74  2E  00  00  D2  B5  
FF  FF  FB  1D  01  00  80  F7  07  00  F4  4C  06  00  43  94  70  FF  88  62  07  00  6D  32  24  
00  03  00  00  00  6E  94  0C  00  45  0A  CD  7B  01  00  00  00  E4  00  FF  1A  8D  05  00  00  
00  00  00  00  00  02  00  00  00  FA  FF  FF  FF  6D  33  10  00  03  00  00  00  E3  07  02  19  
12  29  28  00  01  00  12  00  6D  34  14  00  03  00  00  00  AD  38  03  00  97  34  FF  FF  FE  
3A  04  00  8C  0C  08  00  6D  35  0C  00  03  00  00  D2  47  4E  00  00  E9  7F  02  00  C1  BF  
21  00  00  00  28  01  6D  15  14  00  02  01  00  00  03  04  03  00  00  00  00  00  00  00  00  
00  00  00  00  00  6D  16  10  00  03  00  00  00  E3  07  02  19  12  29  28  00  1D  03  00  00  
6D  21  1C  00  03  00  00  00  5D  FF  FF  FF  96  FF  FF  FF  92  FF  FF  FF  FF  FF  FF  FF  0A  
00  00  00  4C  00  00  00  6D  22  10  00  03  00  00  00  40  FE  FF  FF  27  02  00  00  AD  06  
00  00  6D  23  14  00  03  00  00  00  C8  81  B1  76  14  26  0F  FD  63  A7  0A  03  C2  27  3D  
0A  6D  24  24  00  02  00  00  00  00  00  00  00  00  00  00  00  00  00  00  00  00  00  00  00  
00  00  00  00  00  00  00  00  00  00  00  00  00  00  00  00  6D  31  20  00  03  00  00  00  61  
2A  00  00  6A  62  FF  FF  44  EA  00  00  9F  F3  07  00  3B  9D  06  00  35  8F  70  FF  40  60  
07  00  6D  32  24  00  03  00  00  00  6E  94  0C  00  45  0A  CD  7B  01  00  00  00  E4  FF  1A  
8D  05  00  00  00  00  00  00  00  02  00  00  00  FA  FF  FF  FF  6D  33  10  00  03  00  00  00  
E3  07  02  19  12  29  28  00  01  00  12  00  6D  34  14  00  03  00  00  00  D4  34  03  00  24  
3C  FF  FF  C9  42  04  00  6E  11  08  00  6D  35  0C  00  03  00  00  00  28  8D  01  00  28  12  
07  00  41  53  37  99  47  4E  00  00  EA  7F  02  00  CE  20  00  00  00  00  28  01  6D  15  14  
00  02  01  00  00  03  04  03  00  00  00  00  00  00  00  00  00  00  00  00  00  6D  16  10  00  
03  00  00  00  00  E3  07  02  19  12  29  28  00  27  03  00  00  6D  21  1C  00  03  00  00  00  
27  FE  FF  FF  EF  00  00  00  D5  FF  FF  FF  E8  FF  FF  FF  0B  00  00  00  4D  00  00  00  6D  
22  10  00  03  00  00  00  3F  FE  FF  FF  27  02  00  00  AD  00  06  00  00  6D  23  14  00  03  
00  00  00  28  7C  B1  76  E2  5C  0E  FD  13  F3  0A  03  A5  18  3D  0A  6D  24  24  00  02  00  
00  00  00  00  00  00  00  00  00  00  00  00  00  00  00  00  00  00  00  00  00  00  00  00  00  
00  00  00  00  00  00  00  00  00  00  6D  31  20  00  03  00  00  00  16  B1  FF  FF  61  E9  FF  
FF  5B  04  01  00  FB  99  07  00  F2  A2  06  00  C5  91  70  FF  6A  62  07  00  6D  32  24  00  
03  00  00  00  6E  94  0C  00  45  0A  CD  7B  01  00  00  00  E4  00  FF  1A  8D  05  00  00  00  
00  00  00  00  02  00  00  00  FA  FF  FF  FF  6D  33  10  00  03  00  00  00  E3  07  02  19  12  
29  28  00  01  00  12  00  6D  34  14  00  03  00  00  00  A0  57  03  00  BB  47  FF  FF  9F  4E  
04  00  C8  02  08  00  6D  35  0C  00  03  00  00  93  47  4E  00  00  EB  7F  02  00  00  00  00  
00  00  00  28  01  6D  15  14  00  02  01  00  00  03  04  03  00  00  00  00  00  00  00  00  00  
00  00  00  00  6D  16  10  00  03  00  00  00  E3  07  02  19  12  29  28  00  31  03  00  00  6D  
21  1C  00  03  00  00  00  E6  FD  FF  FF  E5  FF  FF  FF  94  FF  FF  FF  EA  FF  FF  FF  0A  00  
00  00  38  00  00  00  6D  22  10  00  03  00  00  00  3F  FE  FF  FF  27  02  00  00  AC  06  00  
00  6D  23  14  00  03  00  00  00  C1  7A  B1  76  AD  82  0D  FD  6E  D4  0A  03  34  F3  3C  0A  
6D  24  24  00  02  00  00  00  00  00  00  00  00  00  00  00  00  00  00  00  00  00  00  00  00  
00  00  00  00  00  00  00  00  00  00  00  00  00  00  00  6D  31  20  00  03  00  00  00  AF  97  
FF  FF  5D  81  FF  FF  D3  EA  00  00  ED  A1  07  00  DA  9E  06  00  67  40  70  FF  46  61  07  
00  6D  32  24  00  03  00  00  00  6E  94  0C  00  45  0A  CD  7B  01  00  00  00  E4  FF  1A  8D  
05  00  00  00  00  00  00  00  02  00  00  00  FA  FF  FF  FF  6D  33  10  00  03  00  00  00  E3  
07  02  19  12  29  28  00  01  00  12  00  6D  34  14  00  03  00  00  00  00  38  03  00  18  FC  
FE  FF  E6  3E  04  00  B8  DB  07  00  6D  35  0C  00  03  00  00  00  25  8D  01  00  41  12  07  
00  41  53  EB  EA  47  4E  00  00  EC  7F  02  00  00  00  00  00  00  00  28  01  6D  15  14  00  
02  01  00  00  03  04  03  00  00  00  00  00  00  00  00  00  00  00  00  00  6D  16  10  00  03  
00  00  00  00  E3  07  02  19  12  29  28  00  3B  03  00  00  6D  21  1C  00  03  00  00  00  18  
FF  FF  FF  D9  FF  FF  FF  4D  00  00  00  EC  FF  FF  FF  FE  FF  FF  FF  3C  00  00  00  6D  22  
10  00  03  00  00  00  3E  FE  FF  FF  27  02  00  00  AD  00  06  00  00  6D  23  14  00  03  00  
00  00  1B  76  B1  76  8F  21  0D  FD  32  BC  0A  03  5C  14  3D  0A  6D  24  24  00  02  00  00  
00  00  00  00  00  00  00  00  00  00  00  00  00  00  00  00  00  00  00  00  00  00  00  00  00  
00  00  00  00  00  00  00  00  00  6D  31  20  00  03  00  00  00  3B  0F  00  00  A8  7C  FF  FF  
4A  33  01  00  FE  AA  07  00  42  72  06  00  CC  50  70  FF  FA  61  07  00  6D  32  24  00  03  
00  00  00  6E  94  0C  00  45  0A  CD  7B  01  00  00  00  E4  00  FF  1A  8D  05  00  00  00  00  
00  00  00  02  00  00  00  FA  FF  FF  FF  6D  33  10  00  03  00  00  00  E3  07  02  19  12  29  
28  00  01  00  12  00  6D  34  14  00  03  00  00  00  B3  4F  03  00  74  29  FF  FF  FA  3E  04  
00  B8  DB  07  00  6D  35  0C  00  03  00  00  D2  47  4E  00  00  ED  7F  02  00  00  00  00  00  
00  00  28  01  6D  15  14  00  02  01  00  00  03  04  03  00  00  00  00  00  00  00  00  00  00  
00  00  00  6D  16  10  00  03  00  00  00  E3  07  02  19  12  29  28  00  45  03  00  00  6D  21  
1C  00  03  00  00  00  C8  FE  FF  FF  5D  00  00  00  F0  FF  FF  FF  FE  FF  FF  FF  0E  00  00  
00  2D  00  00  00  6D  22  10  00  03  00  00  00  3E  FE  FF  FF  27  02  00  00  AD  06  00  00  
6D  23  14  00  03  00  00  00  79  72  B1  76  6B  9C  0C  FD  9B  D3  0A  03  26  11  3D  0A  6D  
24  24  00  02  00  00  00  00  00  00  00  00  00  00  00  00  00  00  00  00  00  00  00  00  00  
00  00  00  00  00  00  00  00  00  00  00  00  00  00  6D  31  20  00  03  00  00  00  33  F0  FF  
FF  53  B0  FF  FF  B9  0E  01  00  51  F1  07  00  16  B4  06  00  9A  16  70  FF  4E  61  07  00  
6D  32  24  00  03  00  00  00  6E  94  0C  00  45  0A  CD  7B  01  00  00  00  E4  FF  1A  8D  05  
00  00  00  00  00  00  00  02  00  00  00  FA  FF  FF  FF  6D  33  10  00  03  00  00  00  E3  07  
02  19  12  29  28  00  01  00  12  00  6D  34  14  00  03  00  00  00  D7  4B  03  00  38  2D  FF  
FF  DE  42  04  00  D6  D6  07  00  6D  35  0C  00  03  00  00  00  28  8D  01  00  28  12  07  00  
41  53  E3  68  47  4E  00  00  EE  7F  02  00  00  00  00  00  00  00  28  01  6D  15  14  00  02  
01  00  00  03  04  03  00  00  00  00  00  00  00  00  00  00  00  00  00  6D  16  10  00  03  00  
00  00  00  E3  07  02  19  12  29  28  00  4F  03  00  00  6D  21  1C  00  03  00  00  00  3D  01  
00  00  01  00  00  00  ED  FF  FF  FF  08  00  00  00  01  00  00  00  24  00  00  00  6D  22  10  
00  03  00  00  00  3E  FE  FF  FF  27  02  00  00  AD  00  06  00  00  6D  23  14  00  03  00  00  
00  F1  75  B1  76  78  0E  0D  FD  AD  DC  0A  03  1D  07  3D  0A  6D  24  24  00  02  00  00  00  
00  00  00  00  00  00  00  00  00  00  00  00  00  00  00  00  00  00  00  00  00  00  00  00  00  
00  00  00  00  00  00  00  00  6D  31  20  00  03  00  00  00  DA  E5  00  00  8B  8C  FF  FF  A8  
0D  01  00  3C  19  08  00  E0  80  06  00  93  F1  6F  FF  7B  61  07  00  6D  32  24  00  03  00  
00  00  6E  94  0C  00  45  0A  CD  7B  01  00  00  00  E4  00  FF  1A  8D  05  00  00  00  00  00  
00  00  02  00  00  00  FA  FF  FF  FF  6D  33  10  00  03  00  00  00  E3  07  02  19  12  29  28  
00  01  00  12  00  6D  34  14  00  03  00  00  00  92  28  03  00  26  0B  FF  FF  78  4E  04  00  
30  C8  07  00  6D  35  0C  00  03  00  00  3B  47  4E  00  00  EF  7F  02  00  00  00  00  00  00  
00  28  01  6D  15  14  00  02  01  00  00  03  04  03  00  00  00  00  00  00  00  00  00  00  00  
00  00  6D  16  10  00  03  00  00  00  E3  07  02  19  12  29  28  00  59  03  00  00  6D  21  1C  
00  03  00  00  00  34  FF  FF  FF  53  FF  FF  FF  E4  FF  FF  FF  0C  00  00  00  01  00  00  00  
25  00  00  00  6D  22  10  00  03  00  00  00  3E  FE  FF  FF  27  02  00  00  AD  06  00  00  6D  
23  14  00  03  00  00  00  7F  76  B1  76  F5  BB  0C  FD  19  91  0A  03  57  FF  3C  0A  6D  24  
24  00  02  00  00  00  00  00  00  00  00  00  00  00  00  00  00  00  00  00  00  00  00  00  00  
00  00  00  00  00  00  00  00  00  00  00  00  00  6D  31  20  00  03  00  00  00  5F  1A  00  00  
93  48  FF  FF  B1  09  01  00  85  27  08  00  E8  7E  06  00  1C  F6  6F  FF  CF  60  07  00  6D  
32  24  00  03  00  00  00  6E  94  0C  00  45  0A  CD  7B  01  00  00  00  E4  FF  1A  8D  05  00  
00  00  00  00  00  00  02  00  00  00  FA  FF  FF  FF  6D  33  10  00  03  00  00  00  E3  07  02  
19  12  29  28  00  01  00  12  00  6D  34  14  00  03  00  00  00  88  28  03  00  FF  FB  FE  FF  
D9  3E  04  00  98  8D  07  00  6D  35  0C  00  03  00  00  00  27  8D  01  00  79  11  07  00  41  
53  78  E7  47  4E  00  00  F0  7F  02  00  00  00  00  00  00  00  28  01  6D  15  14  00  02  01  
00  00  03  04  03  00  00  00  00  00  00  00  00  00  00  00  00  00  6D  16  10  00  03  00  00  
00  00  E3  07  02  19  12  29  28  00  63  03  00  00  6D  21  1C  00  03  00  00  00  E4  FE  FF  
FF  91  00  00  00  AE  FF  FF  FF  09  00  00  00  FF  FF  FF  FF  3F  00  00  00  6D  22  10  00  
03  00  00  00  3E  FE  FF  FF  27  02  00  00  AC  00  06  00  00  6D  23  14  00  03  00  00  00  
04  75  B1  76  D2  3E  0C  FD  05  BF  0A  03  CE  DE  3C  0A  6D  24  24  00  02  00  00  00  00  
00  00  00  00  00  00  00  00  00  00  00  00  00  00  00  00  00  00  00  00  00  00  00  00  00  
00  00  00  00  00  00  00  6D  31  20  00  03  00  00  00  F4  FA  FF  FF  F8  C4  FF  FF  97  F4  
00  00  7D  1B  08  00  EB  77  06  00  39  5C  70  FF  9A  60  07  00  6D  32  24  00  03  00  00  
00  1E  94  0C  00  45  0A  CD  7B  01  00  00  00  F5  00  FF  1A  8D  05  00  00  00  FE  FF  FF  
FF  FE  FF  FF  FF  FB  FF  FF  FF  6D  33  10  00  03  00  00  00  E3  07  02  19  12  29  28  00  
01  00  12  00  6D  34  14  00  03  00  00  00  AC  3F  03  00  F1  12  FF  FF  18  62  04  00  98  
8D  07  00  6D  35  0C  00  03  00  00  01  47  4E  00  00  F1  7F  02  00  00  00  00  00  00  00  
28  01  6D  15  14  00  02  01  00  00  03  04  03  00  00  00  00  00  00  00  00  00  00  00  00  
00  6D  16  10  00  03  00  00  00  E3  07  02  19  12  29  28  00  6D  03  00  00  6D  21  1C  00  
03  00  00  00  32  00  00  00  4F  00  00  00  D5  FF  FF  FF  F4  FF  FF  FF  00  00  00  00  54  
00  00  00  6D  22  10  00  03  00  00  00  3E  FE  FF  FF  27  02  00  00  AC  06  00  00  6D  23  
14  00  03  00  00  00  05  76  B1  76  10  46  0C  FD  1F  DE  0A  03  FE  CB  3C  0A  6D  24  24  
00  02  00  00  00  00  00  00  00  00  00  00  00  00  00  00  00  00  00  00  00  00  00  00  00  
00  00  00  00  00  00  00  00  00  00  00  00  6D  31  20  00  03  00  00  00  5A  7D  00  00  77  
AB  FF  FF  A2  03  01  00  0A  C9  07  00  34  7E  06  00  E6  AF  70  FF  82  61  07  00  6D  32  
24  00  03  00  00  00  1E  94  0C  00  45  0A  CD  7B  01  00  00  00  F5  FF  1A  8D  05  00  00  
00  FE  FF  FF  FF  FE  FF  FF  FF  FB  FF  FF  FF  6D  33  10  00  03  00  00  00  E3  07  02  19  
12  29  28  00  01  00  12  00  6D  34  14  00  03  00  00  00  8B  47  03  00  15  22  FF  FF  06  
66  04  00  AF  9E  07  00  6D  35  0C  00  03  00  00  00  2A  8D  01  00  5A  12  07  00  41  53  
83  08  47  4E  00  00  F2  7F  02  00  00  00  00  00  00  00  28  01  6D  15  14  00  02  01  00  
00  03  04  03  00  00  00  00  00  00  00  00  00  00  00  00  00  6D  16  10  00  03  00  00  00  
00  E3  07  02  19  12  29  28  00  77  03  00  00  6D  21  1C  00  03  00  00  00  15  01  00  00  
46  FF  FF  FF  40  00  00  00  F6  FF  FF  FF  FC  FF  FF  FF  41  00  00  00  6D  22  10  00  03  
00  00  00  3E  FE  FF  FF  27  02  00  00  AC  00  06  00  00  6D  23  14  00  03  00  00  00  47  
78  B1  76  D6  AF  0C  FD  86  9E  0A  03  3F  E3  3C  0A  6D  24  24  00  02  00  00  00  00  00  
00  00  00  00  00  00  00  00  00  00  00  00  00  00  00  00  00  00  00  00  00  00  00  00  00  
00  00  00  00  00  00  6D  31  20  00  03  00  00  00  38  D6  00  00  E1  43  FF  FF  4D  2D  01  
00  98  D0  07  00  C0  6B  06  00  96  65  70  FF  28  61  07  00  6D  32  24  00  03  00  00  00  
1E  94  0C  00  45  0A  CD  7B  01  00  00  00  F5  00  FF  1A  8D  05  00  00  00  FE  FF  FF  FF  
FE  FF  FF  FF  FB  FF  FF  FF  6D  33  10  00  03  00  00  00  E3  07  02  19  12  29  28  00  01  
00  12  00  6D  34  14  00  03  00  00  00  02  48  03  00  90  38  FF  FF  92  4E  04  00  F4  D1  
07  00  6D  35  0C  00  03  00  00  EF  47  4E  00  00  F3  7F  02  00  00  00  00  00  00  00  28  
01  6D  15  14  00  02  01  00  00  03  04  03  00  00  00  00  00  00  00  00  00  00  00  00  00  
6D  16  10  00  03  00  00  00  E3  07  02  19  12  29  28  00  81  03  00  00  6D  21  1C  00  03  
00  00  00  FE  FE  FF  FF  C5  00  00  00  94  FF  FF  FF  EC  FF  FF  FF  03  00  00  00  46  00  
00  00  6D  22  10  00  03  00  00  00  3E  FE  FF  FF  27  02  00  00  AC  06  00  00  6D  23  14  
00  03  00  00  00  51  77  B1  76  7D  3B  0C  FD  99  E0  0A  03  36  B9  3C  0A  6D  24  24  00  
02  00  00  00  00  00  00  00  00  00  00  00  00  00  00  00  00  00  00  00  00  00  00  00  00  
00  00  00  00  00  00  00  00  00  00  00  6D  31  20  00  03  00  00  00  5B  05  00  00  C7  D9  
FF  FF  FF  E9  00  00  30  AB  07  00  00  8A  06  00  1A  78  70  FF  FC  60  07  00  6D  32  24  
00  03  00  00  00  1E  94  0C  00  45  0A  CD  7B  01  00  00  00  F5  FF  1A  8D  05  00  00  00  
FE  FF  FF  FF  FE  FF  FF  FF  FB  FF  FF  FF  6D  33  10  00  03  00  00  00  E3  07  02  19  12  
29  28  00  01  00  12  00  6D  34  14  00  03  00  00  00  8D  38  03  00  77  38  FF  FF  84  4E  
04  00  20  A1  07  00  6D  35  0C  00  03  00  00  00  24  8D  01  00  28  12  07  00  41  53  38  
08  47  4E  00  00  F4  7F  02  00  00  00  00  00  00  00  28  01  6D  15  14  00  02  01  00  00  
03  04  03  00  00  00  00  00  00  00  00  00  00  00  00  00  6D  16  10  00  03  00  00  00  00  
E3  07  02  19  12  29  28  00  8B  03  00  00  6D  21  1C  00  03  00  00  00  93  FE  FF  FF  FE  
FF  FF  FF  A3  FF  FF  FF  00  00  00  00  0B  00  00  00  51  00  00  00  6D  22  10  00  03  00  
00  00  3D  FE  FF  FF  27  02  00  00  AC  00  06  00  00  6D  23  14  00  03  00  00  00  C0  76  
B1  76  9B  A3  0B  FD  11  D1  0A  03  92  98  3C  0A  6D  24  24  00  02  00  00  00  00  00  00  
00  00  00  00  00  00  00  00  00  00  00  00  00  00  00  00  00  00  00  00  00  00  00  00  00  
00  00  00  00  00  6D  31  20  00  03  00  00  00  4B  DB  FF  FF  05  8C  FF  FF  96  EF  00  00  
94  F9  07  00  5A  AA  06  00  57  A4  70  FF  36  62  07  00  6D  32  24  00  03  00  00  00  1E  
94  0C  00  45  0A  CD  7B  01  00  00  00  F5  00  FF  1A  8D  05  00  00  00  FE  FF  FF  FF  FE  
FF  FF  FF  FB  FF  FF  FF  6D  33  10  00  03  00  00  00  E3  07  02  19  12  29  28  00  01  00  
12  00  6D  34  14  00  03  00  00  00  81  44  03  00  14  4F  FF  FF  D7  42  04  00  65  D4  07  
00  6D  35  0C  00  03  00  00  21  47  4E  00  00  09  80  02  00  00  00  12  00  00  00  28  01  
6D  15  14  00  02  01  00  00  03  04  03  00  00  00  00  00  00  00  00  00  00  00  00  00  6D  
16  10  00  03  00  00  00  E3  07  02  19  12  29  29  00  75  00  00  00  6D  21  1C  00  03  00  
00  00  32  FF  FF  FF  E0  00  00  00  11  00  00  00  EF  FF  FF  FF  F1  FF  FF  FF  3E  00  00  
00  6D  22  10  00  03  00  00  00  3B  FE  FF  FF  27  02  00  00  AC  06  00  00  6D  23  14  00  
03  00  00  00  53  70  B1  76  01  1E  08  FD  0D  4A  0A  03  56  06  3C  0A  6D  24  24  00  02  
00  00  00  00  00  00  00  00  00  00  00  00  00  00  00  00  00  00  00  00  00  00  00  00  00  
00  00  00  00  00  00  00  00  00  00  6D  31  20  00  03  00  00  00  A4  19  00  00  67  E4  FF  
FF  BC  18  01  00  6F  B4  07  00  A6  4A  06  00  D4  57  70  FF  FA  61  07  00  6D  32  24  00  
03  00  00  00  00  94  0C  00  45  0A  CD  7B  01  00  00  00  3B  00  1B  8D  05  00  00  00  02  
00  00  00  06  00  00  00  FB  FF  FF  FF  6D  33  10  00  03  00  00  00  E3  07  02  19  12  29  
29  00  01  00  12  00  6D  34  14  00  03  00  00  00  62  31  03  00  38  5A  FF  FF  F6  3A  04  
00  04  F9  07  00  6D  35  0C  00  03  00  00  00  00  2B  8D  01  00  28  12  07  00  41  53  28  
96  47  4E  00  00  0A  80  02  00  00  00  00  00  00  00  28  01  6D  15  14  00  02  01  00  00  
03  04  03  00  00  00  00  00  00  00  00  00  00  00  00  00  6D  16  10  00  03  00  00  00  E3  
07  02  19  12  29  29  00  7F  00  00  00  6D  21  1C  00  03  00  00  00  4E  FF  FF  FF  25  00  
00  00  CF  FF  FF  FF  09  00  00  00  09  00  00  00  42  00  00  00  6D  22  10  00  03  00  00  
00  3B  FE  FF  FF  27  02  00  00  AC  06  00  00  6D  23  14  00  03  00  00  00  72  6F  B1  76  
BC  CE  07  FD  3A  4E  0A  03  4E  F8  3B  0A  6D  24  24  00  02  00  00  00  00  00  00  00  00  
00  00  00  00  00  00  00  00  00  00  00  00  00  00  00  00  00  00  00  00  00  00  00  00  00  
00  00  6D  31  20  00  03  00  00  00  C9  24  00  00  88  9B  FF  FF  F7  FE  00  00  44  1B  08  
00  38  AB  06  00  C3  67  70  FF  93  60  07  00  6D  32  24  00  03  00  00  00  00  94  0C  00  
45  0A  CD  7B  01  00  00  00  3B  00  1B  8D  05  00  00  00  02  00  6D  34  14  00  03  00  00  
00  49  48  03  00  64  38  FF  FF  55  2F  04  00  20  A1  07  00  6D  35  0C  00  03  00  00  00  
25  8D  01  00  73  12  07  00  41  53  1D  8D  47  4E  00  00  0B  80  02  00  00  00  00  00  00  
00  28  01  6D  15  14  00  02  01  00  00  03  04  03  00  00  00  00  00  00  00  00  00  00  00  
00  00  6D  16  10  00  03  00  00  00  E3  07  02  19  12  29  29  00  89  00  00  00  6D  21  1C  
00  03  00  00  00  3F  00  00  00  51  FF  FF  FF  F7  FF  FF  FF  04  00  00  00  07  00  00  00  
43  00  00  00  6D  22  10  00  03  00  00  00  3B  FE  FF  FF  27  02  00  00  AC  06  00  00  6D  
23  14  00  03  00  00  00  BD  71  B1  76  AB  E4  07  FD  D4  08  0A  03  AA  F8  3B  0A  6D  24  
24  00  02  00  00  00  00  00  00  00  00  00  00  00  00  00  00  00  00  00  00  00  00  00  00  
00  00  00  00  00  00  00  00  00  00  00  00  00  6D  31  20  00  03  00  00  00  E3  82  00  00  
C8  48  FF  FF  6E  0E  01  00  81  08  08  00  0C  A4  06  00  73  6C  70  FF  D6  60  07  00  6D  
32  24  00  03  00  00  00  00  94  0C  00  45  0A  CD  7B  01  00  00  00  3B  00  1B  8D  05  00  
00  00  02  00  00  00  06  00  00  00  FB  FF  FF  FF  6D  33  10  00  03  00  00  00  00  E3  07  
02  19  12  29  29  00  01  00  12  00  6D  34  14  00  03  00  00  00  A7  76  03  00  D7  47  FF  
FF  1B  3F  04  00  8C  0C  08  00  6D  35  0C  00  03  00  00  00  26  8D  01  00  F6  11  07  00  
41  53  C6  99  47  4E  00  00  0C  80  02  00  00  00  00  00  00  00  28  01  6D  15  14  00  02  
01  00  00  03  04  03  00  00  00  00  00  00  00  00  00  00  00  00  00  6D  16  10  00  03  00  
00  00  E3  07  02  19  12  29  29  00  93  00  00  00  6D  21  1C  00  03  00  00  00  49  00  00  
00  86  FF  FF  FF  E8  00  00  00  0E  00  00  00  FD  FF  FF  FF  51  00  00  00  6D  22  10  00  
03  00  00  00  3B  FE  FF  FF  27  02  00  00  AC  06  00  00  6D  23  14  00  03  00  00  00  A6  
6B  B1  76  E6  FE  07  FD  FA  DB  09  03  33  54  3C  0A  6D  24  24  00  02  00  00  00  00  00  
00  00  00  00  00  00  00  00  00  00  00  00  00  00  00  00  00  00  00  00  00  00  00  00  00  
00  00  00  00  00  6D  31  20  00  03  00  00  00  05  87  00  00  E1  5D  FF  FF  30  6C  01  00  
02  00  00  00  02  00  00  00  06  00  00  00  FB  FF  FF  FF  6D  33  10  00  03  00  00  00  E3  
07  02  19  12  29  29  00  01  00  12  00  6D  34  14  00  03  00  00  00  07  67  03  00  18  31  
FF  FF  3F  37  04  00  E6  FD  07  00  6D  35  0C  00  03  00  00  00  2B  8D  01  00  0F  12  07  
00  41  53  6E  53  47  4E  00  00  0D  80  02  00  00  00  00  00  00  00  28  01  6D  15  14  00  
02  01  00  00  03  04  03  00  00  00  00  00  00  00  00  00  00  00  00  00  00  6D  16  10  00  
03  00  00  00  E3  07  02  19  12  29  29  00  9D  00  00  00  6D  21  1C  00  03  00  00  00  FC  
FF  FF  FF  43  FF  FF  FF  20  00  00  00  F0  FF  FF  FF  FE  FF  FF  FF  3A  00  00  00  6D  22  
10  00  03  00  00  00  00  3B  FE  FF  FF  26  02  00  00  AC  06  00  00  6D  23  14  00  03  00  
00  00  28  6C  B1  76  EA  FB  07  FD  6B  90  09  03  E1  63  3C  0A  6D  24  24  00  02  00  00  
00  00  00  00  00  00  00  00  00  00  00  00  00  00  00  00  00  00  00  00  00  00  00  00  00  
00  00  00  00  00  00  00  00  00  6D  31  20  00  03  00  00  00  B4  68  00  00  95  43  FF  FF  
3E  1E  01  00  40  B7  07  00  E5  80  06  00  A5  49  70  FF  A2  60  07  00  6D  32  24  00  03  
00  00  00  00  94  0C  00  00  45  0A  CD  7B  01  00  00  00  3B  00  1B  8D  05  00  00  00  02  
00  00  00  06  00  00  00  FB  FF  FF  FF  6D  33  10  00  03  00  00  00  E3  07  02  19  12  29  
29  00  01  00  12  00  6D  34  14  00  03  00  00  00  E3  4F  03  00  24  2D  FF  FF  5C  2F  04  
00  E6  10  47  4E  00  00  0E  80  02  00  00  00  00  00  00  00  28  01  6D  15  14  00  02  01  
00  00  03  04  03  00  00  00  00  00  00  00  00  00  00  00  00  00  6D  16  10  00  03  00  00  
00  E3  07  02  19  12  29  29  00  A7  00  00  00  6D  21  1C  00  03  00  00  00  3E  00  00  00  
D2  00  00  00  F6  FF  FF  FF  01  00  00  00  FF  FF  FF  FF  44  00  00  00  6D  22  10  00  03  
00  00  00  3B  FE  FF  FF  27  02  00  00  AC  06  00  00  6D  23  14  00  03  00  00  00  C4  6A  
B1  76  69  04  08  FD  EC  E1  09  03  4B  5E  3C  0A  6D  24  24  00  02  00  00  00  00  00  00  
00  00  00  00  00  00  00  00  00  00  00  00  00  00  00  00  00  00  00  00  00  00  00  00  00  
00  00  00  00  6D  31  20  00  03  00  00  00  6D  82  00  00  4F  DF  FF  FF  E5  0D  01  00  C0  
FC  07  00  2B  83  06  00  DD  6E  70  FF  3F  61  07  00  6D  32  24  00  03  00  00  00  F2  92  
0C  00  33  0A  CD  7B  01  00  00  00  3B  00  1B  8D  05  00  00  00  FB  FF  FF  FF  00  00  00  
00  FD  FF  FF  FF  6D  33  10  00  03  00  00  00  E3  07  02  19  12  29  29  00  01  00  12  00  
6D  34  14  00  03  00  00  00  58  39  03  00  81  65  FF  FF  47  2F  04  00  D8  29  08  00  6D  
35  0C  00  03  00  00  00  29  8D  01  00  28  12  07  00  41  53  9F  80  47  4E  00  00  0F  80  
02  00  01  01  00  00  00  00  28  01  6D  15  14  00  02  01  00  00  03  04  03  00  00  00  00  
00  00  00  00  00  00  00  00  00  6D  16  10  00  03  00  00  00  00  E3  07  02  19  12  29  29  
00  B1  00  00  00  6D  21  1C  00  03  00  00  00  7F  01  00  00  86  FF  FF  FF  7C  00  00  00  
FE  FF  FF  FF  08  00  00  00  3A  00  00  00  6D  22  10  00  03  00  00  00  3B  FE  FF  FF  27  
02  00  00  AC  00  06  00  00  6D  23  14  00  03  00  00  00  4E  6B  B1  76  6E  96  08  FD  66  
BE  09  03  EF  8C  3C  0A  6D  24  24  00  02  00  00  00  00  00  00  00  00  00  00  00  00  00  
00  00  00  00  00  00  00  00  00  00  00  00  00  00  00  00  00  00  00  00  00  00  00  6D  31  
20  00  03  00  00  00  E4  FF  00  00  E3  5D  FF  FF  E9  41  01  00  53  F1  07  00  4C  A6  06  
00  A0  49  70  FF  DE  60  07  00  6D  32  24  00  03  00  00  00  F2  92  0C  00  33  0A  CD  7B  
01  00  00  00  3B  00  00  1B  8D  05  00  00  00  FB  FF  FF  FF  00  00  00  00  FD  FF  FF  FF  
6D  33  10  00  03  00  00  00  E3  07  02  19  12  29  29  00  01  00  12  00  6D  34  14  00  03  
00  00  00  7F  29  03  00  1C  38  FF  FF  9E  1F  04  00  4C  70  07  00  6D  35  0C  00  03  00  
00  5F  47  4E  00  00  10  80  02  00  00  00  00  00  00  00  28  01  6D  15  14  00  02  01  00  
00  03  04  03  00  00  00  00  00  00  00  00  00  00  00  00  00  6D  16  10  00  03  00  00  00  
E3  07  02  19  12  29  29  00  BB  00  00  00  6D  21  1C  00  03  00  00  00  ED  FF  FF  FF  FD  
FF  FF  FF  12  00  00  00  05  00  00  00  FC  FF  FF  FF  34  00  00  00  6D  22  10  00  03  00  
00  00  3B  FE  FF  FF  27  02  00  00  AC  06  00  00  6D  23  14  00  03  00  00  00  5E  6A  B1  
76  21  87  08  FD  2E  BB  09  03  52  94  3C  0A  6D  24  24  00  02  00  00  00  00  00  00  00  
00  00  00  00  00  00  00  00  00  00  00  00  00  00  00  00  00  00  00  00  00  00  00  00  00  
00  00  00  6D  31  20  00  03  00  00  00  1F  63  00  00  51  8C  FF  FF  B1  18  01  00  F3  0A  
08  00  7B  77  06  00  3E  30  70  FF  8A  61  07  00  6D  32  24  00  03  00  00  00  F2  92  0C  
00  33  0A  CD  7B  01  00  00  00  3B  00  1B  8D  05  00  00  00  FB  FF  FF  FF  00  00  00  00  
FD  FF  FF  FF  6D  33  10  00  03  00  00  00  E3  07  02  19  12  29  29  00  01  00  12  00  6D  
34  14  00  03  00  00  00  DF  30  03  00  CB  30  FF  FF  E2  3E  04  00  B6  88  07  00  6D  35  
0C  00  03  00  00  00  29  8D  01  00  28  12  07  00  41  53  51  38  47  4E  00  00  11  80  02  
00  00  00  00  00  00  00  28  01  6D  15  14  00  02  01  00  00  03  04  03  00  00  00  00  00  
00  00  00  00  00  00  00  00  6D  16  10  00  03  00  00  00  00  E3  07  02  19  12  29  29  00  
C5  00  00  00  6D  21  1C  00  03  00  00  00  22  00  00  00  1C  FF  FF  FF  C0  00  00  00  F6  
FF  FF  FF  03  00  00  00  22  00  00  00  6D  22  10  00  03  00  00  00  3B  FE  FF  FF  26  02  
00  00  AC  00  06  00  00  6D  23  14  00  03  00  00  00  44  66  B1  76  B8  95  08  FD  29  63  
09  03  30  E2  3C  0A  6D  24  24  00  02  00  00  00  00  00  00  00  00  00  00  00  00  00  00  
00  00  00  00  00  00  00  00  00  00  00  00  00  00  00  00  00  00  00  00  00  00  6D  31  20  
00  03  00  00  00  A4  77  00  00  46  34  FF  FF  BF  5C  01  00  B5  D0  07  00  BC  90  06  00  
A2  EA  6F  FF  F3  61  07  00  6D  32  24  00  03  00  00  00  F2  92  0C  00  33  0A  CD  7B  01  
00  00  00  3B  00  00  1B  8D  05  00  00  00  FB  FF  FF  FF  00  00  00  00  FD  FF  FF  FF  6D  
33  10  00  03  00  00  00  E3  07  02  19  12  29  29  00  01  00  12  00  6D  34  14  00  03  00  
00  00  23  38  03  00  5D  1A  FF  FF  56  56  04  00  4E  C3  07  00  6D  35  0C  00  03  00  00  
FC  47  4E  00  00  12  80  02  00  00  00  00  00  00  00  28  01  6D  15  14  00  02  01  00  00  
03  04  03  00  00  00  00  00  00  00  00  00  00  00  00  00  6D  16  10  00  03  00  00  00  E3  
07  02  19  12  29  29  00  CF  00  00  00  6D  21  1C  00  03  00  00  00  33  FF  FF  FF  3F  00  
00  00  57  FF  FF  FF  04  00  00  00  01  00  00  00  51  00  00  00  6D  22  10  00  03  00  00  
00  3B  FE  FF  FF  26  02  00  00  AC  06  00  00  6D  23  14  00  03  00  00  00  1D  69  B1  76  
94  39  08  FD  72  71  09  03  44  A2  3C  0A  6D  24  24  00  02  00  00  00  00  00  00  00  00  
00  00  00  00  00  00  00  00  00  00  00  00  00  00  00  00  00  00  00  00  00  00  00  00  00  
00  00  6D  31  20  00  03  00  00  00  3D  1A  00  00  03  A6  FF  FF  E5  CF  00  00  C0  07  08  
00  D8  89  06  00  5C  A4  70  FF  11  62  07  00  6D  32  24  00  03  00  00  00  F2  92  0C  00  
33  0A  CD  7B  01  00  00  00  3B  00  1B  8D  05  00  00  00  FB  FF  FF  FF  00  00  00  00  FD  
FF  FF  FF  6D  33  10  00  03  00  00  00  E3  07  02  19  12  29  29  00  01  00  12  00  6D  34  
14  00  03  00  00  00  D4  37  03  00  07  ED  FE  FF  E7  3E  04  00  D8  29  08  00  6D  35  0C  
00  03  00  00  00  27  8D  01  00  28  12  07  00  41  53  5F  0E  47  4E  00  00  13  80  02  00  
00  00  00  00  00  00  28  01  6D  15  14  00  02  01  00  00  03  04  03  00  00  00  00  00  00  
00  00  00  00  00  00  00  6D  16  10  00  03  00  00  00  00  E3  07  02  19  12  29  29  00  D9  
00  00  00  6D  21  1C  00  03  00  00  00  F9  00  00  00  D7  FF  FF  FF  38  00  00  00  FA  FF  
FF  FF  EB  FF  FF  FF  43  00  00  00  6D  22  10  00  03  00  00  00  3B  FE  FF  FF  26  02  00  
00  AC  00  06  00  00  6D  23  14  00  03  00  00  00  D8  69  B1  76  6E  94  08  FD  83  68  09  
03  BF  B6  3C  0A  6D  24  24  00  02  00  00  00  00  00  00  00  00  00  00  00  00  00  00  00  
00  00  00  00  00  00  00  00  00  00  00  00  00  00  00  00  00  00  00  00  00  6D  31  20  00  
03  00  00  00  6B  CB  00  00  0F  7D  FF  FF  E3  27  01  00  57  DE  07  00  C4  35  06  00  C7  
6C  70  FF  18  62  07  00  6D  32  24  00  03  00  00  00  F2  92  0C  00  33  0A  CD  7B  01  00  
00  00  3B  00  00  1B  8D  05  00  00  00  FB  FF  FF  FF  00  00  00  00  FD  FF  FF  FF  6D  33  
10  00  03  00  00  00  E3  07  02  19  12  29  29  00  01  00  12  00  6D  34  14  00  03  00  00  
00  58  38  03  00  3D  1A  FF  FF  E6  3E  04  00  7C  E5  07  00  6D  35  0C  00  03  00  00  09  
47  4E  00  00  14  80  02  00  00  00  00  00  00  00  28  01  6D  15  14  00  02  01  00  00  03  
04  03  00  00  00  00  00  00  00  00  00  00  00  00  00  6D  16  10  00  03  00  00  00  E3  07  
02  19  12  29  29  00  E3  00  00  00  6D  21  1C  00  03  00  00  00  C4  00  00  00  5B  00  00  
00  E8  FF  FF  FF  F9  FF  FF  FF  FD  FF  FF  FF  3C  00  00  00  6D  22  10  00  03  00  00  00  
3C  FE  FF  FF  26  02  00  00  AC  06  00  00  6D  23  14  00  03  00  00  00  7C  6B  B1  76  3B  
D6  08  FD  FC  90  09  03  CA  AA  3C  0A  6D  24  24  00  02  00  00  00  00  00  00  00  00  00  
00  00  00  00  00  00  00  00  00  00  00  00  00  00  00  00  00  00  00  00  00  00  00  00  00  
00  6D  31  20  00  03  00  00  00  E2  B6  00  00  B5  B0  FF  FF  91  08  01  00  62  DC  07  00  
D6  79  06  00  AF  50  70  FF  0B  61  07  00  6D  32  24  00  03  00  00  00  F2  92  0C  00  33  
0A  CD  7B  01  00  00  00  3B  00  1B  8D  05  00  00  00  FB  FF  FF  FF  00  00  00  00  FD  FF  
FF  FF  6D  33  10  00  03  00  00  00  E3  07  02  19  12  29  29  00  01  00  12  00  6D  34  14  
00  03  00  00  00  42  38  03  00  B4  12  FF  FF  E6  3E  04  00  7C  E5  07  00  6D  35  0C  00  
03  00  00  00  2D  8D  01  00  5A  12  07  00  41  53  B9  D4  47  4E  00  00  15  80  02  00  00  
00  00  00  00  00  28  01  6D  15  14  00  02  01  00  00  03  04  03  00  00  00  00  00  00  00  
00  00  00  00  00  00  6D  16  10  00  03  00  00  00  00  E3  07  02  19  12  29  29  00  ED  00  
00  00  6D  21  1C  00  03  00  00  00  93  FD  FF  FF  8F  00  00  00  64  00  00  00  FB  FF  FF  
FF  EE  FF  FF  FF  27  00  00  00  6D  22  10  00  03  00  00  00  3B  FE  FF  FF  27  02  00  00  
AC  00  06  00  00  6D  23  14  00  03  00  00  00  78  60  B1  76  27  DA  07  FD  33  B3  09  03  
4A  D7  3C  0A  6D  24  24  00  02  00  00  00  00  00  00  00  00  00  00  00  00  00  00  00  00  
00  00  00  00  00  00  00  00  00  00  00  00  00  00  00  00  00  00  00  00  6D  31  20  00  03  
00  00  00  8E  77  FF  FF  E6  C4  FF  FF  0A  39  01  00  B1  E3  07  00  AA  41  06  00  4A  FD  
6F  FF  A8  61  07  00  6D  32  24  00  03  00  00  00  F2  92  0C  00  33  0A  CD  7B  01  00  00  
00  3B  00  00  1B  8D  05  00  00  00  FB  FF  FF  FF  00  00  00  00  FD  FF  FF  FF  6D  33  10  
00  03  00  00  00  E3  07  02  19  12  29  29  00  01  00  12  00  6D  34  14  00  03  00  00  00  
59  34  03  00  E9  0E  FF  FF  E3  3E  04  00  DD  C0  07  00  6D  35  0C  00  03  00  00  0E  47  
4E  00  00  16  80  02  00  02  01  01  01  00  00  28  01  6D  15  14  00  02  01  00  00  03  04  
03  00  00  00  00  00  00  00  00  00  00  00  00  00  6D  16  10  00  03  00  00  00  E3  07  02  
19  12  29  29  00  F7  00  00  00  6D  21  1C  00  03  00  00  00  F1  FE  FF  FF  D6  FF  FF  FF  
C2  FF  FF  FF  F8  FF  FF  FF  11  00  00  00  45  00  00  00  6D  22  10  00  03  00  00  00  3B  
FE  FF  FF  26  02  00  00  AC  06  00  00  6D  23  14  00  03  00  00  00  22  60  B1  76  0B  6B  
07  FD  86  97  09  03  24  C3  3C  0A  6D  24  24  00  02  00  00  00  00  00  00  00  00  00  00  
00  00  00  00  00  00  00  00  00  00  00  00  00  00  00  00  00  00  00  00  00  00  00  00  00  
6D  31  20  00  03  00  00  00  34  00  00  00  5F  7C  FF  FF  FD  F9  00  00  99  D9  07  00  71  
CB  06  00  B0  75  70  FF  FC  60  07  00  6D  32  24  00  03  00  00  00  F2  92  0C  00  33  0A  
CD  7B  01  00  00  00  3B  00  1B  8D  05  00  00  00  FB  FF  FF  FF  00  00  00  00  FD  FF  FF  
FF  6D  33  10  00  03  00  00  00  E3  07  02  19  12  29  29  00  01  00  12  00  6D  34  14  00  
03  00  00  00  E1  28  03  00  23  1A  FF  FF  D8  3E  04  00  00  53  07  00  6D  35  0C  00  03  
00  00  00  25  8D  01  00  C4  11  07  00  41  53  13  6F  47  4E  00  00  17  80  02  00  00  00  
00  00  00  00  28  01  6D  15  14  00  02  01  00  00  03  04  03  00  00  00  00  00  00  00  00  
00  00  00  00  00  6D  16  10  00  03  00  00  00  00  E3  07  02  19  12  29  29  00  01  01  00  
00  6D  21  1C  00  03  00  00  00  86  FE  FF  FF  32  00  00  00  3C  FF  FF  FF  F5  FF  FF  FF  
14  00  00  00  60  00  00  00  6D  22  10  00  03  00  00  00  3A  FE  FF  FF  27  02  00  00  AC  
00  06  00  00  6D  23  14  00  03  00  00  00  57  62  B1  76  55  CD  06  FD  1B  9B  09  03  B6  
7A  3C  0A  6D  24  24  00  02  00  00  00  00  00  00  00  00  00  00  00  00  00  00  00  00  00  
00  00  00  00  00  00  00  00  00  00  00  00  00  00  00  00  00  00  00  6D  31  20  00  03  00  
00  00  73  D6  FF  FF  A2  A0  FF  FF  CE  C5  00  00  B9  CA  07  00  06  D9  06  00  35  DE  70  
FF  BE  61  07  00  6D  32  24  00  03  00  00  00  F2  92  0C  00  33  0A  CD  7B  01  00  00  00  
3B  00  00  1B  8D  05  00  00  00  FB  FF  FF  FF  00  00  00  00  FD  FF  FF  FF  6D  33  10  00  
03  00  00  00  E3  07  02  19  12  29  29  00  01  00  12  00  6D  34  14  00  03  00  00  00  8D  
67  03  00  E1  65  FF  FF  0D  3F  04  00  04  F9  07  00  6D  35  0C  00  03  00  00  97  47  4E  
00  00  18  80  02  00  00  00  00  00  00  00  28  01  6D  15  14  00  02  01  00  00  03  04  03  
00  00  00  00  00  00  00  00  00  00  00  00  00  6D  16  10  00  03  00  00  00  E3  07  02  19  
12  29  29  00  0B  01  00  00  6D  21  1C  00  03  00  00  00  FD  FF  FF  FF  86  FF  FF  FF  56  
FF  FF  FF  F7  FF  FF  FF  FF  FF  FF  FF  44  00  00  00  6D  22  10  00  03  00  00  00  3A  FE  
FF  FF  26  02  00  00  AC  06  00  00  6D  23  14  00  03  00  00  00  FB  68  B1  76  E5  C6  06  
FD  D0  67  09  03  0A  3B  3C  0A  6D  24  24  00  02  00  00  00  00  00  00  00  00  00  00  00  
00  00  00  00  00  00  00  00  00  00  00  00  00  00  00  00  00  00  00  00  00  00  00  00  6D  
31  20  00  03  00  00  00  08  69  00  00  70  5D  FF  FF  C5  CF  00  00  C1  D2  07  00  5F  85  
06  00  DA  6E  70  FF  3F  61  07  00  6D  32  24  00  03  00  00  00  92  93  0C  00  45  0A  CD  
7B  01  00  00  00  3B  00  1B  8D  05  00  00  00  03  00  00  00  FD  FF  FF  FF  FC  FF  FF  FF  
6D  33  10  00  03  00  00  00  E3  07  02  19  12  29  29  00  01  00  12  00  6D  34  14  00  03  
00  00  00  96  5F  03  00  CE  56  FF  FF  D6  46  04  00  12  CD  07  00  6D  35  0C  00  03  00  
00  00  2B  8D  01  00  0F  12  07  00  41  53  49  9C  47  4E  00  00  19  80  02  00  64  00  00  
00  00  00  28  01  6D  15  14  00  02  01  00  00  03  04  03  00  00  00  00  00  00  00  00  00  
00  00  00  00  6D  16  10  00  03  00  00  00  00  E3  07  02  19  12  29  29  00  15  01  00  00  
6D  21  1C  00  03  00  00  00  BC  FE  FF  FF  25  00  00  00  72  FF  FF  FF  F1  FF  FF  FF  13  
00  00  00  47  00  00  00  6D  22  10  00  03  00  00  00  3A  FE  FF  FF  26  02  00  00  AC  00  
06  00  00  6D  23  14  00  03  00  00  00  E7  69  B1  76  80  3E  06  FD  28  67  09  03  F1  08  
3C  0A  6D  24  24  00  02  00  00  00  00  00  00  00  00  00  00  00  00  00  00  00  00  00  00  
00  00  00  00  00  00  00  00  00  00  00  00  00  00  00  00  00  00  6D  31  20  00  03  00  00  
00  6D  EB  FF  FF  66  9B  FF  FF  AA  DA  00  00  3A  BB  07  00  AE  D4  06  00  9E  7C  70  FF  
ED  60  07  00  6D  32  24  00  03  00  00  00  92  93  0C  00  45  0A  CD  7B  01  00  00  00  3B  
00  00  1B  8D  05  00  00  00  03  00  00  00  FD  FF  FF  FF  FC  FF  FF  FF  6D  33  10  00  03  
00  00  00  E3  07  02  19  12  29  29  00  01  00  12  00  6D  34  14  00  03  00  00  00  82  57  
03  00  37  40  FF  FF  88  52  04  00  BF  C5  07  00  6D  35  0C  00  03  00  00  2F  47  4E  00  
00  1A  80  02  00  00  00  00  00  00  00  28  01  6D  15  14  00  02  01  00  00  03  04  03  00  
00  00  00  00  00  00  00  00  00  00  00  00  6D  16  10  00  03  00  00  00  E3  07  02  19  12  
29  29  00  1F  01  00  00  6D  21  1C  00  03  00  00  00  D4  FF  FF  FF  BC  FF  FF  FF  04  00  
00  00  F3  FF  FF  FF  01  00  00  00  3E  00  00  00  6D  22  10  00  03  00  00  00  3A  FE  FF  
FF  26  02  00  00  AC  06  00  00  6D  23  14  00  03  00  00  00  B6  69  B1  76  31  27  06  FD  
89  48  09  03  6F  0D  3C  0A  6D  24  24  00  02  00  00  00  00  00  00  00  00  00  00  00  00  
00  00  00  00  00  00  00  00  00  00  00  00  00  00  00  00  00  00  00  00  00  00  00  6D  31  
20  00  03  00  00  00  B3  58  00  00  54  72  FF  FF  A4  13  01  00  4A  C2  07  00  C0  90  06  
00  05  5A  70  FF  BE  61  07  00  6D  32  24  00  03  00  00  00  92  93  0C  00  45  0A  CD  7B  
01  00  00  00  3B  00  1B  8D  05  00  00  00  03  00  00  00  FD  FF  FF  FF  FC  FF  FF  FF  6D  
33  10  00  03  00  00  00  E3  07  02  19  12  29  29  00  01  00  12  00  6D  34  14  00  03  00  
00  00  26  57  03  00  AD  29  FF  FF  42  5E  04  00  9C  33  08  00  6D  35  0C  00  03  00  00  
00  23  8D  01  00  C4  11  07  00  41  53  34  BE  47  4E  00  00  1B  80  02  00  02  01  00  00  
00  00  28  01  6D  15  14  00  02  01  00  00  03  04  03  00  00  00  00  00  00  00  00  00  00  
00  00  00  6D  16  10  00  03  00  00  00  00  E3  07  02  19  12  29  29  00  29  01  00  00  6D  
21  1C  00  03  00  00  00  31  00  00  00  27  00  00  00  F6  FF  FF  FF  F9  FF  FF  FF  F8  FF  
FF  FF  34  00  00  00  6D  22  10  00  03  00  00  00  3A  FE  FF  FF  26  02  00  00  AC  00  06  
00  00  6D  23  14  00  03  00  00  00  C8  69  B1  76  7A  30  06  FD  C1  55  09  03  6F  0B  3C  
0A  6D  24  24  00  02  00  00  00  00  00  00  00  00  00  00  00  00  00  00  00  00  00  00  00  
00  00  00  00  00  00  00  00  00  00  00  00  00  00  00  00  00  6D  31  20  00  03  00  00  00  
46  7D  00  00  E0  9B  FF  FF  18  0E  01  00  54  DC  07  00  FC  6D  06  00  93  32  70  FF  8A  
61  07  00  6D  32  24  00  03  00  00  00  92  93  0C  00  45  0A  CD  7B  01  00  00  00  3B  00  
00  1B  8D  05  00  00  00  03  00  00  00  FD  FF  FF  FF  FC  FF  FF  FF  6D  33  10  00  03  00  
00  00  E3  07  02  19  12  29  29  00  01  00  12  00  6D  34  14  00  03  00  00  00  AA  4C  03  
00  97  78  FF  FF  C5  46  04  00  50  16  08  00  6D  35  0C  00  03  00  00  06  47  4E  00  00  
1C  80  02  00  03  04  03  00  00  00  28  01  6D  15  14  00  02  01  00  00  03  04  03  00  00  
00  00  00  00  00  00  00  00  00  00  00  6D  16  10  00  03  00  00  00  E3  07  02  19  12  29  
29  00  33  01  00  00  6D  21  1C  00  03  00  00  00  AB  FF  FF  FF  BC  FF  FF  FF  05  00  00  
00  F7  FF  FF  FF  F5  FF  FF  FF  48  00  00  00  6D  22  10  00  03  00  00  00  3A  FE  FF  FF  
26  02  00  00  AC  06  00  00  6D  23  14  00  03  00  00  00  1A  69  B1  76  3C  0A  06  FD  51  
35  09  03  CE  11  3C  0A  6D  24  24  00  02  00  00  00  00  00  00  00  00  00  00  00  00  00  
00  00  00  00  00  00  00  00  00  00  00  00  00  00  00  00  00  00  00  00  00  00  6D  31  20  
00  03  00  00  00  10  49  00  00  44  72  FF  FF  B4  13  01  00  AB  D2  07  00  3F  62  06  00  
88  81  70  FF  8A  61  07  00  6D  32  24  00  03  00  00  00  92  93  0C  00  45  0A  CD  7B  01  
00  00  00  3B  00  1B  8D  05  00  00  00  03  00  00  00  FD  FF  FF  FF  FC  FF  FF  FF  6D  33  
10  00  03  00  00  00  E3  07  02  19  12  29  29  00  01  00  12  00  6D  34  14  00  03  00  00  
00  7F  50  03  00  6D  7C  FF  FF  98  4E  04  00  C8  02  08  00  6D  35  0C  00  03  00  00  00  
28  8D  01  00  28  12  07  00  41  53  AF  79  47  4E  00  00  1D  80  02  00  00  00  00  00  00  
00  28  01  6D  15  14  00  02  01  00  00  03  04  03  00  00  00  00  00  00  00  00  00  00  00  
00  00  6D  16  10  00  03  00  00  00  00  E3  07  02  19  12  29  29  00  3D  01  00  00  6D  21  
1C  00  03  00  00  00  09  00  00  00  CA  FF  FF  FF  12  00  00  00  FC  FF  FF  FF  05  00  00  
00  1E  00  00  00  6D  22  10  00  03  00  00  00  3A  FE  FF  FF  26  02  00  00  AC  00  06  00  
00  6D  23  14  00  03  00  00  00  C2  68  B1  76  41  08  06  FD  72  1D  09  03  46  1C  3C  0A  
6D  24  24  00  02  00  00  00  00  00  00  00  00  00  00  00  00  00  00  00  00  00  00  00  00  
00  00  00  00  00  00  00  00  00  00  00  00  00  00  00  00  6D  31  20  00  03  00  00  00  A9  
6D  00  00  85  77  FF  FF  C2  18  01  00  5D  E8  07  00  71  A1  06  00  46  DA  6F  FF  46  61  
07  00  6D  32  24  00  03  00  00  00  92  93  0C  00  45  0A  CD  7B  01  00  00  00  3B  00  00  
1B  8D  05  00  00  00  03  00  00  00  FD  FF  FF  FF  FC  FF  FF  FF  6D  33  10  00  03  00  00  
00  E3  07  02  19  12  29  29  00  01  00  12  00  6D  34  14  00  03  00  00  00  F5  53  03  00  
25  62  FF  FF  54  5A  04  00  B1  F1  07  00  6D  35  0C  00  03  00  00  0F  47  4E  00  00  1E  
80  02  00  00  00  00  00  00  00  28  01  6D  15  14  00  02  01  00  00  03  04  03  00  00  00  
00  00  00  00  00  00  00  00  00  00  6D  16  10  00  03  00  00  00  E3  07  02  19  12  29  29  
00  47  01  00  00  6D  21  1C  00  03  00  00  00  83  FF  FF  FF  C6  00  00  00  EA  FF  FF  FF  
F0  FF  FF  FF  00  00  00  00  43  00  00  00  6D  22  10  00  03  00  00  00  3A  FE  FF  FF  26  
02  00  00  AC  06  00  00  6D  23  14  00  03  00  00  00  F8  65  B1  76  79  C9  05  FD  0A  63  
09  03  B6  15  3C  0A  6D  24  24  00  02  00  00  00  00  00  00  00  00  00  00  00  00  00  00  
00  00  00  00  00  00  00  00  00  00  00  00  00  00  00  00  00  00  00  00  00  6D  31  20  00  
03  00  00  00  58  39  00  00  EC  D9  FF  FF  0E  09  01  00  D5  B6  07  00  A9  8E  06  00  82  
6C  70  FF  19  61  07  00  6D  32  24  00  03  00  00  00  92  93  0C  00  45  0A  CD  7B  01  00  
00  00  3B  00  1B  8D  05  00  00  00  03  00  00  00  FD  FF  FF  FF  FC  FF  FF  FF  6D  33  10  
00  03  00  00  00  E3  07  02  19  12  29  29  00  01  00  12  00  6D  34  14  00  03  00  00  00  
59  48  03  00  B4  56  FF  FF  91  4E  04  00  B8  DB  07  00  6D  35  0C  00  03  00  00  00  28  
8D  01  00  C4  11  07  00  41  53  3F  83  47  4E  00  00  1F  80  02  00  00  00  00  00  00  00  
28  01  6D  15  14  00  02  01  00  00  03  04  03  00  00  00  00  00  00  00  00  00  00  00  00  
00  6D  16  10  00  03  00  00  00  00  E3  07  02  19  12  29  29  00  51  01  00  00  6D  21  1C  
00  03  00  00  00  C2  01  00  00  E9  FE  FF  FF  6F  00  00  00  06  00  00  00  F8  FF  FF  FF  
3E  00  00  00  6D  22  10  00  03  00  00  00  3A  FE  FF  FF  26  02  00  00  AC  00  06  00  00  
6D  23  14  00  03  00  00  00  0A  69  B1  76  41  7C  06  FD  85  03  09  03  6E  42  3C  0A  6D  
24  24  00  02  00  00  00  00  00  00  00  00  00  00  00  00  00  00  00  00  00  00  00  00  00  
00  00  00  00  00  00  00  00  00  00  00  00  00  00  00  6D  31  20  00  03  00  00  00  14  1A  
01  00  BC  1F  FF  FF  B7  3C  01  00  90  0F  08  00  EC  6B  06  00  B7  57  70  FF  4E  61  07  
00  6D  32  24  00  03  00  00  00  92  93  0C  00  45  0A  CD  7B  01  00  00  00  3B  00  00  1B  
8D  05  00  00  00  03  00  00  00  FD  FF  FF  FF  FC  FF  FF  FF  6D  33  10  00  03  00  00  00  
E3  07  02  19  12  29  29  00  01  00  12  00  6D  34  14  00  03  00  00  00  C9  3C  03  00  77  
34  FF  FF  B2  1F  04  00  19  B7  07  00  6D  35  0C  00  03  00  00  A8  47  4E  00  00  20  80  
02  00  14  00  00  00  00  00  28  01  6D  15  14  00  02  01  00  00  03  04  03  00  00  00  00  
00  00  00  00  00  00  00  00  00  6D  16  10  00  03  00  00  00  E3  07  02  19  12  29  29  00  
5B  01  00  00  6D  21  1C  00  03  00  00  00  3C  01  00  00  00  00  00  00  39  00  00  00  F9  
FF  FF  FF  F9  FF  FF  FF  4E  00  00  00  6D  22  10  00  03  00  00  00  3A  FE  FF  FF  26  02  
00  00  AC  06  00  00  6D  23  14  00  03  00  00  00  D2  69  B1  76  A5  F0  06  FD  6F  0B  09  
03  D8  58  3C  0A  6D  24  24  00  02  00  00  00  00  00  00  00  00  00  00  00  00  00  00  00  
00  00  00  00  00  00  00  00  00  00  00  00  00  00  00  00  00  00  00  00  6D  31  20  00  03  
00  00  00  77  E5  00  00  A3  8C  FF  FF  B3  27  01  00  3C  D9  07  00  A8  6D  06  00  CA  98  
70  FF  20  62  07  00  6D  32  24  00  03  00  00  00  92  93  0C  00  45  0A  CD  7B  01  00  00  
00  3B  00  1B  8D  05  00  00  00  03  00  00  00  FD  FF  FF  FF  FC  FF  FF  FF  6D  33  10  00  
03  00  00  00  E3  07  02  19  12  29  29  00  01  00  12  00  6D  34  14  00  03  00  00  00  DB  
30  03  00  37  29  FF  FF  15  37  04  00  B8  DB  07  00  6D  35  0C  00  03  00  00  00  23  8D  
01  00  28  12  07  00  41  53  67  A0  47  4E  00  00  21  80  02  00  3D  87  01  00  00  00  28  
01  6D  15  14  00  02  01  00  00  03  04  03  00  00  00  00  00  00  00  00  00  00  00  00  00  
6D  16  10  00  03  00  00  00  00  E3  07  02  19  12  29  29  00  65  01  00  00  6D  21  1C  00  
03  00  00  00  6A  FE  FF  FF  F2  FF  FF  FF  30  00  00  00  F2  FF  FF  FF  FC  FF  FF  FF  4C  
00  00  00  6D  22  10  00  03  00  00  00  3A  FE  FF  FF  26  02  00  00  AC  00  06  00  00  6D  
23  14  00  03  00  00  00  FD  63  B1  76  0D  4D  06  FD  20  F5  08  03  8B  73  3C  0A  6D  24  
24  00  02  00  00  00  00  00  00  00  00  00  00  00  00  00  00  00  00  00  00  00  00  00  00  
00  00  00  00  00  00  00  00  00  00  00  00  00  00  6D  31  20  00  03  00  00  00  52  CB  FF  
FF  E1  86  FF  FF  E8  23  01  00  99  BF  07  00  99  7B  06  00  7B  8F  70  FF  18  62  07  00  
6D  32  24  00  03  00  00  00  92  93  0C  00  45  0A  CD  7B  01  00  00  00  3B  00  00  1B  8D  
05  00  00  00  03  00  00  00  FD  FF  FF  FF  FC  FF  FF  FF  6D  33  10  00  03  00  00  00  E3  
07  02  19  12  29  29  00  01  00  12  00  6D  34  14  00  03  00  00  00  8F  30  03  00  FC  30  
FF  FF  08  62  04  00  B1  F1  07  00  6D  35  0C  00  03  00  00  60  47  4E  00  00  22  80  02  
00  01  16  01  60  00  00  28  01  6D  15  14  00  02  01  00  00  03  04  03  00  00  00  00  00  
00  00  00  00  00  00  00  00  6D  16  10  00  03  00  00  00  E3  07  02  19  12  29  29  00  6F  
01  00  00  6D  21  1C  00  03  00  00  00  D6  FE  FF  FF  C6  00  00  00  C4  FF  FF  FF  FA  FF  
FF  FF  EB  FF  FF  FF  37  00  00  00  6D  22  10  00  03  00  00  00  3A  FE  FF  FF  26  02  00  
00  AC  06  00  00  6D  23  14  00  03  00  00  00  BB  60  B1  76  CD  CB  05  FD  44  34  09  03  
0D  61  3C  0A  6D  24  24  00  02  00  00  00  00  00  00  00  00  00  00  00  00  00  00  00  00  
00  00  00  00  00  00  00  00  00  00  00  00  00  00  00  00  00  00  00  6D  31  20  00  03  00  
00  00  7D  F5  FF  FF  CC  D9  FF  FF  B6  F9  00  00  EA  DE  07  00  29  3D  06  00  39  3E  70  
FF  37  61  07  00  6D  32  24  00  03  00  00  00  D2  94  0C  00  45  0A  CD  7B  01  00  00  00  
81  00  1B  8D  05  00  00  00  FE  FF  FF  FF  05  00  00  00  FB  FF  FF  FF  6D  33  10  00  03  
00  00  00  E3  07  02  19  12  29  29  00  01  00  12  00  6D  34  14  00  03  00  00  00  E6  47  
03  00  CE  47  FF  FF  D6  6D  04  00  20  A1  07  00  6D  35  0C  00  03  00  00  00  2A  8D  01  
00  28  12  07  00  41  53  CC  F0  47  4E  00  00  23  80  02  00  2A  00  00  00  00  00  28  01  
6D  15  14  00  02  01  00  00  03  04  03  00  00  00  00  00  00  00  00  00  00  00  00  00  6D  
16  10  00  03  00  00  00  00  E3  07  02  19  12  29  29  00  79  01  00  00  6D  21  1C  00  03  
00  00  00  71  02  00  00  62  FF  FF  FF  54  00  00  00  08  00  00  00  F2  FF  FF  FF  45  00  
00  00  6D  22  10  00  03  00  00  00  3A  FE  FF  FF  26  02  00  00  AC  00  06  00  00  6D  23  
14  00  03  00  00  00  32  65  B1  76  3E  BF  06  FD  21  09  09  03  D6  80  3C  0A  6D  24  24  
00  02  00  00  00  00  00  00  00  00  00  00  00  00  00  00  00  00  00  00  00  00  00  00  00  
00  00  00  00  00  00  00  00  00  00  00  00  00  6D  31  20  00  03  00  00  00  36  5E  01  00  
77  4E  FF  FF  DD  31  01  00  91  14  08  00  F7  54  06  00  7B  73  70  FF  7C  60  07  00  6D  
32  24  00  03  00  00  00  D2  94  0C  00  45  0A  CD  7B  01  00  00  00  81  00  00  1B  8D  05  
00  00  00  FE  FF  FF  FF  05  00  00  00  FB  FF  FF  FF  6D  33  10  00  03  00  00  00  E3  07  
02  19  12  29  29  00  01  00  12  00  6D  34  14  00  03  00  00  00  30  48  03  00  3F  3C  FF  
FF  F5  3E  04  00  0B  E3  07  00  6D  35  0C  00  03  00  00  62  47  4E  00  00  24  80  02  00  
10  05  00  00  00  00  28  01  6D  15  14  00  02  01  00  00  03  04  03  00  00  00  00  00  00  
00  00  00  00  00  00  00  6D  16  10  00  03  00  00  00  E3  07  02  19  12  29  29  00  83  01  
00  00  6D  21  1C  00  03  00  00  00  E0  00  00  00  6A  00  00  00  DC  FF  FF  FF  10  00  00  
00  0C  00  00  00  33  00  00  00  6D  22  10  00  03  00  00  00  3A  FE  FF  FF  26  02  00  00  
AC  06  00  00  6D  23  14  00  03  00  00  00  3F  67  B1  76  75  0C  07  FD  99  37  09  03  B4  
71  3C  0A  6D  24  24  00  02  00  00  00  00  00  00  00  00  00  00  00  00  00  00  00  00  00  
00  00  00  00  00  00  00  00  00  00  00  00  00  00  00  00  00  00  6D  31  20  00  03  00  00  
00  5B  C1  00  00  E9  B5  FF  FF  48  03  01  00  8E  32  08  00  0A  B9  06  00  C6  2D  70  FF  
28  61  07  00  6D  32  24  00  03  00  00  00  D2  94  0C  00  45  0A  CD  7B  01  00  00  00  81  
00  1B  8D  05  00  00  00  FE  FF  FF  FF  05  00  00  00  FB  FF  FF  FF  6D  33  10  00  03  00  
00  00  E3  07  02  19  12  29  29  00  01  00  12  00  6D  34  14  00  03  00  00  00  8B  5F  03  
00  13  40  FF  FF  69  2F  04  00  F4  D1  07  00  6D  35  0C  00  03  00  00  00  24  8D  01  00  
28  12  07  00  41  53  38  89  47  4E  00  00  25  80  02  00  00  00  00  00  00  00  28  01  6D  
15  14  00  02  01  00  00  03  04  03  00  00  00  00  00  00  00  00  00  00  00  00  00  6D  16  
10  00  03  00  00  00  00  E3  07  02  19  12  29  29  00  8D  01  00  00  6D  21  1C  00  03  00  
00  00  4F  FF  FF  FF  42  00  00  00  81  FF  FF  FF  F9  FF  FF  FF  F5  FF  FF  FF  37  00  00  
00  6D  22  10  00  03  00  00  00  3A  FE  FF  FF  26  02  00  00  AC  00  06  00  00  6D  23  14  
00  03  00  00  00  DC  68  B1  76  B2  BE  06  FD  D1  47  09  03  94  43  3C  0A  6D  24  24  00  
02  00  00  00  00  00  00  00  00  00  00  00  00  00  00  00  00  00  00  00  00  00  00  00  00  
00  00  00  00  00  00  00  00  00  00  00  00  6D  31  20  00  03  00  00  00  F7  24  00  00  DD  
A5  FF  FF  91  DF  00  00  6E  DA  07  00  64  60  06  00  17  3E  70  FF  9A  60  07  00  6D  32  
24  00  03  00  00  00  D2  94  0C  00  45  0A  CD  7B  01  00  00  00  81  00  00  1B  8D  05  00  
00  00  FE  FF  FF  FF  05  00  00  00  FB  FF  FF  FF  6D  33  10  00  03  00  00  00  E3  07  02  
19  12  29  29  00  01  00  12  00  6D  34  14  00  03  00  00  00  66  6B  03  00  54  5E  FF  FF  
42  37  04  00  4E  C3  07  00  6D  35  0C  00  03  00  00  95  47  4E  00  00  26  80  02  00  00  
00  00  00  00  00  28  01  6D  15  14  00  02  01  00  00  03  04  03  00  00  00  00  00  00  00  
00  00  00  00  00  00  6D  16  10  00  03  00  00  00  E3  07  02  19  12  29  29  00  97  01  00  
00  6D  21  1C  00  03  00  00  00  A2  FD  FF  FF  87  FF  FF  FF  84  FF  FF  FF  FC  FF  FF  FF  
FC  FF  FF  FF  3C  00  00  00  6D  22  10  00  03  00  00  00  3A  FE  FF  FF  26  02  00  00  AC  
06  00  00  6D  23  14  00  03  00  00  00  21  68  B1  76  88  D0  05  FD  D1  01  09  03  92  1B  
3C  0A  6D  24  24  00  02  00  00  00  00  00  00  00  00  00  00  00  00  00  00  00  00  00  00  
00  00  00  00  00  00  00  00  00  00  00  00  00  00  00  00  00  6D  31  20  00  03  00  00  00  
89  7D  FF  FF  08  5D  FF  FF  99  E0  00  00  56  E5  07  00  DC  7B  06  00  C5  50  70  FF  CD  
61  07  00  6D  32  24  00  03  00  00  00  D2  94  0C  00  45  0A  CD  7B  01  00  00  00  81  00  
1B  8D  05  00  00  00  FE  FF  FF  FF  05  00  00  00  FB  FF  FF  FF  6D  33  10  00  03  00  00  
00  E3  07  02  19  12  29  29  00  01  00  12  00  6D  34  14  00  03  00  00  00  34  49  03  00  
0D  A2  FF  FF  8F  4E  04  00  8C  0C  08  00  6D  35  0C  00  03  00  00  00  2B  8D  01  00  92  
11  07  00  41  53  E1  4D  47  4E  00  00  27  80  02  00  00  00  00  00  00  00  28  01  6D  15  
14  00  02  01  00  00  03  04  03  00  00  00  00  00  00  00  00  00  00  00  00  00  6D  16  10  
00  03  00  00  00  00  E3  07  02  19  12  29  29  00  A1  01  00  00  6D  21  1C  00  03  00  00  
00  07  01  00  00  36  00  00  00  1F  00  00  00  F7  FF  FF  FF  F9  FF  FF  FF  38  00  00  00  
6D  22  10  00  03  00  00  00  3A  FE  FF  FF  26  02  00  00  AC  00  06  00  00  6D  23  14  00  
03  00  00  00  E1  68  B1  76  06  30  06  FD  3D  1E  09  03  39  26  3C  0A  6D  24  24  00  02  
00  00  00  00  00  00  00  00  00  00  00  00  00  00  00  00  00  00  00  00  00  00  00  00  00  
00  00  00  00  00  00  00  00  00  00  00  6D  31  20  00  03  00  00  00  D5  D0  00  00  4A  A1  
FF  FF  51  1D  01  00  FE  D2  07  00  AD  72  06  00  CB  42  70  FF  5D  61  07  00  6D  32  24  
00  03  00  00  00  D2  94  0C  00  45  0A  CD  7B  01  00  00  00  81  00  00  1B  8D  05  00  00  
00  FE  FF  FF  FF  05  00  00  00  FB  FF  FF  FF  6D  33  10  00  03  00  00  00  E3  07  02  19  
12  29  29  00  01  00  12  00  6D  34  14  00  03  00  00  00  DF  53  03  00  A4  47  FF  FF  E4  
42  04  00  8C  0C  08  00  6D  35  0C  00  03  00  00  69  47  4E  00  00  28  80  02  00  00  04  
00  00  00  00  28  01  6D  15  14  00  02  01  00  00  03  04  03  00  00  00  00  00  00  00  00  
00  00  00  00  00  6D  16  10  00  03  00  00  00  E3  07  02  19  12  29  29  00  AB  01  00  00  
6D  21  1C  00  03  00  00  00  F0  FE  FF  FF  AC  00  00  00  D2  FF  FF  FF  EE  FF  FF  FF  01  
00  00  00  32  00  00  00  6D  22  10  00  03  00  00  00  39  FE  FF  FF  26  02  00  00  AC  06  
00  00  6D  23  14  00  03  00  00  00  C1  65  B1  76  FE  BA  05  FD  46  55  09  03  19  18  3C  
0A  6D  24  24  00  02  00  00  00  00  00  00  00  00  00  00  00  00  00  00  00  00  00  00  00  
00  00  00  00  00  00  00  00  00  00  00  00  00  00  00  00  6D  31  20  00  03  00  00  00  E3  
FF  FF  FF  79  CF  FF  FF  E3  FE  00  00  03  B0  07  00  DA  90  06  00  8A  2B  70  FF  5D  61  
07  00  6D  32  24  00  03  00  00  00  D2  94  0C  00  45  0A  CD  7B  01  00  00  00  81  00  1B  
8D  05  00  00  00  FE  FF  FF  FF  05  00  00  00  FB  FF  FF  FF  6D  33  10  00  03  00  00  00  
E3  07  02  19  12  29  29  00  01  00  12  00  6D  34  14  00  03  00  00  00  3E  40  03  00  5B  
29  FF  FF  EC  3E  04  00  8C  0C  08  00  6D  35  0C  00  03  00  00  00  2B  8D  01  00  F6  11  
07  00  41  53  82  D9  47  4E  00  00  29  80  02  00  C1  BF  21  00  00  00  28  01  6D  15  14  
00  02  01  00  00  03  04  03  00  00  00  00  00  00  00  00  00  00  00  00  00  6D  16  10  00  
03  00  00  00  00  E3  07  02  19  12  29  29  00  B5  01  00  00  6D  21  1C  00  03  00  00  00  
13  02  00  00  86  00  00  00  39  00  00  00  01  00  00  00  F2  FF  FF  FF  3A  00  00  00  6D  
22  10  00  03  00  00  00  3A  FE  FF  FF  27  02  00  00  AC  00  06  00  00  6D  23  14  00  03  
00  00  00  5E  67  B1  76  AD  80  06  FD  62  99  09  03  AC  2A  3C  0A  6D  24  24  00  02  00  
00  00  00  00  00  00  00  00  00  00  00  00  00  00  00  00  00  00  00  00  00  00  00  00  00  
00  00  00  00  00  00  00  00  00  00  6D  31  20  00  03  00  00  00  59  39  01  00  92  C0  FF  
FF  29  27  01  00  EC  FA  07  00  06  57  06  00  6E  47  70  FF  ED  60  07  00  6D  32  24  00  
03  00  00  00  D2  94  0C  00  45  0A  CD  7B  01  00  00  00  81  00  00  1B  8D  05  00  00  00  
FE  FF  FF  FF  05  00  00  00  FB  FF  FF  FF  6D  33  10  00  03  00  00  00  E3  07  02  19  12  
29  29  00  01  00  12  00  6D  34  14  00  03  00  00  00  E9  30  03  00  8F  34  FF  FF  DE  3E  
04  00  40  EF  07  00  6D  35  0C  00  03  00  00  6F  47  4E  00  00  2A  80  02  00  CE  20  00  
00  00  00  28  01  6D  15  14  00  02  01  00  00  03  04  03  00  00  00  00  00  00  00  00  00  
00  00  00  00  6D  16  10  00  03  00  00  00  E3  07  02  19  12  29  29  00  BF  01  00  00  6D  
21  1C  00  03  00  00  00  5C  FF  FF  FF  BD  FF  FF  FF  ED  FF  FF  FF  08  00  00  00  00  00  
00  00  4F  00  00  00  6D  22  10  00  03  00  00  00  3A  FE  FF  FF  26  02  00  00  AC  06  00  
00  6D  23  14  00  03  00  00  00  C7  66  B1  76  8A  3E  06  FD  84  77  09  03  55  28  3C  0A  
6D  24  24  00  02  00  00  00  00  00  00  00  00  00  00  00  00  00  00  00  00  00  00  00  00  
00  00  00  00  00  00  00  00  00  00  00  00  00  00  00  6D  31  20  00  03  00  00  00  FB  29  
00  00  16  72  FF  FF  79  09  01  00  5C  16  08  00  76  8A  06  00  E6  9A  70  FF  CF  60  07  
00  6D  32  24  00  03  00  00  00  D2  94  0C  00  45  0A  CD  7B  01  00  00  00  81  00  1B  8D  
05  00  00  00  FE  FF  FF  FF  05  00  00  00  FB  FF  FF  FF  6D  33  10  00  03  00  00  00  E3  
07  02  19  12  29  29  00  01  00  12  00  6D  34  14  00  03  00  00  00  7D  48  03  00  9E  56  
FF  FF  F2  3E  04  00  5C  97  07  00  6D  35  0C  00  03  00  00  00  00  25  8D  01  00  F6  11  
07  00  41  53  96  18  47  4E  00  00  2B  80  02  00  00  00  00  00  00  00  28  01  6D  15  14  
00  02  01  00  00  03  04  03  00  00  00  00  00  00  00  00  00  00  00  00  00  6D  16  10  00  
03  00  00  00  00  E3  07  02  19  12  29  29  00  C9  01  00  00  6D  21  1C  00  03  00  00  00  
D5  FE  FF  FF  0C  00  00  00  09  00  00  00  0E  00  00  00  FF  FF  FF  FF  31  00  00  00  6D  
22  10  00  03  00  00  00  3A  FE  FF  FF  26  02  00  00  AC  00  06  00  00  6D  23  14  00  03  
00  00  00  39  63  B1  76  83  C5  05  FD  CF  70  09  03  59  30  3C  0A  6D  24  24  00  02  00  
00  00  00  00  00  00  00  00  00  00  00  00  00  00  00  00  00  00  00  00  00  00  00  00  00  
00  00  00  00  00  00  00  00  00  00  6D  31  20  00  03  00  00  00  40  F5  FF  FF  4A  91  FF  
FF  07  14  01  00  C8  2D  08  00  C0  87  06  00  AD  24  70  FF  DC  61  07  00  6D  32  24  00  
03  00  00  00  D2  94  0C  00  45  0A  CD  7B  01  00  00  00  81  00  1B  8D  05  00  00  00  FE  
94  47  4E  00  00  2C  80  02  00  00  00  00  00  00  00  28  01  6D  15  14  00  02  01  00  00  
03  04  03  00  00  00  00  00  00  00  00  00  00  00  00  00  6D  16  10  00  03  00  00  00  E3  
07  02  19  12  29  29  00  D3  01  00  00  6D  21  1C  00  03  00  00  00  16  00  00  00  E5  FF  
FF  FF  4A  00  00  00  F8  FF  FF  FF  FB  FF  FF  FF  32  00  00  00  6D  22  10  00  03  00  00  
00  3A  FE  FF  FF  26  02  00  00  AC  06  00  00  6D  23  14  00  03  00  00  00  10  61  B1  76  
7A  CB  05  FD  D1  66  09  03  14  4E  3C  0A  6D  24  24  00  02  00  00  00  00  00  00  00  00  
00  00  00  00  00  00  00  00  00  00  00  00  00  00  00  00  00  00  00  00  00  00  00  00  00  
00  00  6D  31  20  00  03  00  00  00  94  72  00  00  01  82  FF  FF  85  2D  01  00  E6  D9  07  
00  DF  7B  06  00  4D  29  70  FF  BE  61  07  00  6D  32  24  00  03  00  00  00  0A  94  0C  00  
45  0A  CD  7B  01  00  00  00  92  00  1B  8D  05  00  00  00  00  00  00  00  01  00  00  00  FC  
FF  FF  FF  6D  33  10  00  03  00  00  00  E3  07  02  19  12  29  29  00  01  00  12  00  6D  34  
14  00  03  00  00  00  55  40  03  00  E4  30  FF  FF  EC  3E  04  00  40  EF  07  00  6D  35  0C  
00  03  00  00  00  00  28  8D  01  00  F6  11  07  00  41  53  36  51  47  4E  00  00  2D  80  02  
00  00  00  00  00  00  00  28  01  6D  15  14  00  02  01  00  00  03  04  03  00  00  00  00  00  
00  00  00  00  00  00  00  00  6D  16  10  00  03  00  00  00  00  E3  07  02  19  12  29  29  00  
DD  01  00  00  6D  21  1C  00  03  00  00  00  82  00  00  00  27  00  00  00  3C  00  00  00  12  
00  00  00  0C  00  00  00  57  00  00  00  6D  22  10  00  03  00  00  00  3A  FE  FF  FF  26  02  
00  00  AC  00  06  00  00  6D  23  14  00  03  00  00  00  CF  5F  B1  76  78  F8  05  FD  6A  7A  
09  03  E6  63  3C  0A  6D  24  24  00  02  00  00  00  00  00  00  00  00  00  00  00  00  00  00  
00  00  00  00  00  00  00  00  00  00  00  00  00  00  00  00  00  00  00  00  00  00  6D  31  20  
00  03  00  00  00  82  9C  00  00  FE  9B  FF  FF  0B  28  01  00  69  3D  08  00  A1  BD  06  00  
6A  BB  70  FF  5D  61  07  00  6D  32  24  00  03  00  00  00  0A  94  0C  00  45  0A  CD  7B  01  
00  00  00  92  00  1B  8D  05  00  00  00  00  72  47  4E  00  00  2E  80  02  00  00  00  00  00  
00  00  28  01  6D  15  14  00  02  01  00  00  03  04  03  00  00  00  00  00  00  00  00  00  00  
00  00  00  6D  16  10  00  03  00  00  00  E3  07  02  19  12  29  29  00  E7  01  00  00  6D  21  
1C  00  03  00  00  00  3E  01  00  00  35  00  00  00  7E  00  00  00  EE  FF  FF  FF  F1  FF  FF  
FF  34  00  00  00  6D  22  10  00  03  00  00  00  3A  FE  FF  FF  27  02  00  00  AC  06  00  00  
6D  23  14  00  03  00  00  00  0F  5E  B1  76  B6  6E  06  FD  4B  9A  09  03  1F  91  3C  0A  6D  
24  24  00  02  00  00  00  00  00  00  00  00  00  00  00  00  00  00  00  00  00  00  00  00  00  
00  00  00  00  00  00  00  00  00  00  00  00  00  00  6D  31  20  00  03  00  00  00  C1  E5  00  
00  41  A1  FF  FF  D6  41  01  00  95  B0  07  00  F8  4F  06  00  2D  30  70  FF  8B  60  07  00  
6D  32  24  00  03  00  00  00  0A  94  0C  00  45  0A  CD  7B  01  00  00  00  92  00  1B  8D  05  
00  00  00  00  00  00  00  01  00  00  00  FC  FF  FF  FF  6D  33  10  00  03  00  00  00  E3  07  
02  19  12  29  29  00  01  00  12  00  6D  34  14  00  03  00  00  00  B0  48  03  00  D8  74  FF  
FF  90  4E  04  00  8C  0C  08  00  6D  35  0C  00  03  00  00  00  00  28  8D  01  00  DD  11  07  
00  41  53  D1  A7  47  4E  00  00  2F  80  02  00  00  00  00  00  00  00  28  01  6D  15  14  00  
02  01  00  00  03  04  03  00  00  00  00  00  00  00  00  00  00  00  00  00  6D  16  10  00  03  
00  00  00  00  E3  07  02  19  12  29  29  00  F1  01  00  00  6D  21  1C  00  03  00  00  00  0D  
FF  FF  FF  5E  FF  FF  FF  C7  FF  FF  FF  FE  FF  FF  FF  06  00  00  00  2C  00  00  00  6D  22  
10  00  03  00  00  00  3A  FE  FF  FF  26  02  00  00  AC  00  06  00  00  6D  23  14  00  03  00  
00  00  1A  5F  B1  76  6E  10  06  FD  F5  51  09  03  17  7F  3C  0A  6D  24  24  00  02  00  00  
00  00  00  00  00  00  00  00  00  00  00  00  00  00  00  00  00  00  00  00  00  00  00  00  00  
00  00  00  00  00  00  00  00  00  6D  31  20  00  03  00  00  00  D2  0A  00  00  AF  4D  FF  FF  
14  FA  00  00  51  EF  07  00  02  A4  06  00  E8  11  70  FF  C0  60  07  00  6D  32  24  00  03  
00  00  00  0A  94  0C  00  45  0A  CD  7B  01  00  00  00  92  00  1B  8D  05  00  00  00  00  D6  
47  4E  00  00  30  80  02  00  00  00  00  00  00  00  28  01  6D  15  14  00  02  01  00  00  03  
04  03  00  00  00  00  00  00  00  00  00  00  00  00  00  6D  16  10  00  03  00  00  00  E3  07  
02  19  12  29  29  00  FB  01  00  00  6D  21  1C  00  03  00  00  00  A1  FF  FF  FF  90  00  00  
00  17  FF  FF  FF  02  00  00  00  FD  FF  FF  FF  4A  00  00  00  6D  22  10  00  03  00  00  00  
3A  FE  FF  FF  27  02  00  00  AC  06  00  00  6D  23  14  00  03  00  00  00  76  64  B1  76  8B  
DF  05  FD  F7  83  09  03  E3  23  3C  0A  6D  24  24  00  02  00  00  00  00  00  00  00  00  00  
00  00  00  00  00  00  00  00  00  00  00  00  00  00  00  00  00  00  00  00  00  00  00  00  00  
00  6D  31  20  00  03  00  00  00  56  44  00  00  20  C5  FF  FF  7B  B5  00  00  EC  FE  07  00  
29  83  06  00  6B  88  70  FF  55  61  07  00  6D  32  24  00  03  00  00  00  0A  94  0C  00  45  
0A  CD  7B  01  00  00  00  92  00  1B  8D  05  00  00  00  00  00  00  00  01  00  00  00  FC  FF  
FF  FF  6D  33  10  00  03  00  00  00  E3  07  02  19  12  29  29  00  01  00  12  00  6D  34  14  
00  03  00  00  00  3E  40  03  00  B6  47  FF  FF  FF  65  04  00  6E  11  08  00  6D  35  0C  00  
03  00  00  00  00  2E  8D  01  00  28  12  07  00  41  53  97  B6  47  4E  00  00  31  80  02  00  
00  00  00  00  00  00  28  01  6D  15  14  00  02  01  00  00  03  04  03  00  00  00  00  00  00  
00  00  00  00  00  00  00  6D  16  10  00  03  00  00  00  E3  07  02  19  12  29  29  00  05  02  
00  00  6D  21  1C  00  03  00  00  00  38  FE  FF  FF  4D  00  00  00  D4  FF  FF  FF  F8  FF  FF  
FF  00  00  00  00  39  00  00  00  6D  22  10  00  03  00  00  00  39  FE  FF  FF  27  02  00  00  
AC  06  00  00  6D  23  14  00  03  00  00  00  9D  60  B1  76  8E  26  05  FD  A5  91  09  03  93  
16  3C  0A  6D  24  24  00  02  00  00  00  00  00  00  00  00  00  00  00  00  00  00  00  00  00  
00  00  00  00  00  00  00  00  00  00  00  00  00  00  00  00  00  00  6D  31  20  00  03  00  00  
00  0F  B7  FF  FF  DC  AA  FF  FF  72  FF  00  00  FB  D7  07  00  16  8F  06  00  F4  44  70  FF  
6D  60  07  00  6D  32  24  00  03  00  00  00  0A  94  0C  00  45  0A  CD  7B  01  00  00  00  92  
00  1B  8D  05  00  00  00  00  35  0C  00  03  00  00  00  2B  8D  01  00  0F  12  07  00  41  53  
86  EE  47  4E  00  00  32  80  02  00  00  00  00  00  00  00  28  01  6D  15  14  00  02  01  00  
00  03  04  03  00  00  00  00  00  00  00  00  00  00  00  00  00  6D  16  10  00  03  00  00  00  
E3  07  02  19  12  29  29  00  0F  02  00  00  6D  21  1C  00  03  00  00  00  B9  00  00  00  9E  
00  00  00  9B  FF  FF  FF  EE  FF  FF  FF  F6  FF  FF  FF  3B  00  00  00  6D  22  10  00  03  00  
00  00  39  FE  FF  FF  27  02  00  00  AC  06  00  00  6D  23  14  00  03  00  00  00  15  64  B1  
76  BA  63  05  FD  53  D3  09  03  B0  EC  3B  0A  6D  24  24  00  02  00  00  00  00  00  00  00  
00  00  00  00  00  00  00  00  00  00  00  00  00  00  00  00  00  00  00  00  00  00  00  00  00  
00  00  00  6D  31  20  00  03  00  00  00  A9  B1  00  00  A7  CA  FF  FF  1A  E9  00  00  3C  B2  
07  00  CA  66  06  00  23  4C  70  FF  A0  61  07  00  6D  32  24  00  03  00  00  00  0A  00  94  
0C  00  45  0A  CD  7B  01  00  00  00  92  00  1B  8D  05  00  00  00  00  00  00  00  01  00  00  
00  FC  FF  FF  FF  6D  33  10  00  03  00  00  00  E3  07  02  19  12  29  29  00  01  00  12  00  
6D  34  14  00  03  00  00  00  2A  67  03  00  00  6F  29  FF  FF  D4  1F  04  00  98  8D  07  00  
6D  35  0C  00  03  00  00  00  2A  8D  01  00  28  12  07  00  41  53  5C  14  47  4E  00  00  33  
80  02  00  00  00  00  00  00  00  28  01  6D  15  14  00  02  01  00  00  03  04  03  00  00  00  
00  00  00  00  00  00  00  00  00  00  00  6D  16  10  00  03  00  00  00  E3  07  02  19  12  29  
29  00  19  02  00  00  6D  21  1C  00  03  00  00  00  B9  00  00  00  FE  FF  FF  FF  65  00  00  
00  F6  FF  FF  FF  00  00  00  00  54  00  00  00  00  6D  22  10  00  03  00  00  00  39  FE  FF  
FF  27  02  00  00  AC  06  00  00  6D  23  14  00  03  00  00  00  5C  62  B1  76  6E  A8  05  FD  
C9  D8  09  03  0D  13  3C  0A  6D  24  24  00  02  00  00  00  00  00  00  00  00  00  00  00  00  
00  00  00  00  00  00  00  00  16  47  4E  00  00  47  80  02  00  00  00  00  00  00  00  28  01  
6D  15  14  00  02  01  00  00  03  04  03  00  00  00  00  00  00  00  00  00  00  00  00  00  6D  
16  10  00  03  00  00  00  E3  07  02  19  12  29  29  00  E1  02  00  00  6D  21  1C  00  03  00  
00  00  D8  FD  FF  FF  46  00  00  00  5D  FF  FF  FF  02  00  00  00  F1  FF  FF  FF  5F  00  00  
00  6D  22  10  00  03  00  00  00  39  FE  FF  FF  27  02  00  00  AC  06  00  00  6D  23  14  00  
03  00  00  00  C4  50  B1  76  A8  AD  04  FD  A8  D3  0A  03  83  4B  3C  0A  6D  24  24  00  02  
00  00  00  00  00  00  00  00  00  00  00  00  00  00  00  00  00  00  00  00  00  00  00  00  00  
00  00  00  00  00  00  00  00  00  00  6D  31  20  00  03  00  00  00  A6  92  FF  FF  C4  AA  FF  
FF  9F  D0  00  00  3E  01  08  00  B8  54  06  00  AE  D9  70  FF  DE  60  07  00  6D  32  24  00  
03  00  00  00  EC  93  0C  00  45  0A  CD  7B  01  00  00  00  B5  00  1B  8D  05  00  00  00  02  
00  00  00  FC  FF  FF  FF  FC  FF  FF  FF  6D  33  10  00  03  00  00  00  E3  07  02  19  12  29  
29  00  01  00  12  00  6D  34  14  00  03  00  00  00  C5  1D  03  00  E9  3B  FF  FF  17  33  04  
00  39  05  08  00  6D  35  0C  00  03  00  00  00  00  2B  8D  01  00  F6  11  07  00  41  53  15  
BF  47  4E  00  00  48  80  02  00  03  00  00  00  00  00  28  01  6D  15  14  00  02  01  00  00  
03  04  03  00  00  00  00  00  00  00  00  00  00  00  00  00  6D  16  10  00  03  00  00  00  E3  
07  02  19  12  29  29  00  EB  02  00  00  6D  21  1C  00  03  00  00  00  FA  FF  FF  FF  8B  00  
00  00  08  00  00  00  FD  FF  FF  FF  05  00  00  00  3C  00  00  00  6D  22  10  00  03  00  00  
00  39  FE  FF  FF  28  02  00  00  AC  06  00  00  6D  23  14  00  03  00  00  00  92  4E  B1  76  
B2  A2  04  FD  48  05  0B  03  0A  53  3C  0A  6D  24  24  00  02  00  00  00  00  00  00  00  00  
00  00  00  00  00  00  00  00  00  00  00  00  00  00  00  00  00  00  00  00  00  00  00  00  00  
00  00  6D  31  20  00  03  00  00  00  06  68  00  00  73  C5  FF  FF  3E  13  01  00  9C  F0  07  
00  9F  A5  06  00  1D  53  70  FF  54  62  07  00  6D  32  24  00  03  00  00  00  EC  93  0C  00  
45  0A  CD  7B  01  00  00  00  B5  00  1B  8D  05  00  00  00  02  2B  00  22  F4  07  00  6D  35  
0C  00  03  00  00  00  2B  8D  01  00  0F  12  07  00  41  53  B9  3C  47  4E  00  00  49  80  02  
00  00  00  12  00  00  00  28  01  6D  15  14  00  02  01  00  00  03  04  03  00  00  00  00  00  
00  00  00  00  00  00  00  00  6D  16  10  00  03  00  00  00  E3  07  02  19  12  29  29  00  F5  
02  00  00  6D  21  1C  00  03  00  00  00  9E  FF  FF  FF  DD  FF  FF  FF  B9  FF  FF  FF  FD  FF  
FF  FF  F5  FF  FF  FF  4C  00  00  00  6D  22  10  00  03  00  00  00  39  FE  FF  FF  28  02  00  
00  AC  06  00  00  6D  23  14  00  03  00  00  00  DE  4F  B1  76  07  79  04  FD  F9  EF  0A  03  
2E  3E  3C  0A  6D  24  24  00  02  00  00  00  00  00  00  00  00  00  00  00  00  00  00  00  00  
00  00  00  00  00  00  00  00  00  00  00  00  00  00  00  00  00  00  00  6D  31  20  00  03  00  
00  00  FB  43  00  00  CB  81  FF  FF  60  F4  00  00  8D  EE  07  00  AA  64  06  00  74  8F  70  
FF  99  61  07  00  6D  32  24  00  03  00  00  00  EC  93  0C  00  45  0A  CD  7B  01  00  00  00  
B5  00  1B  8D  05  00  00  00  02  00  00  00  FC  FF  FF  FF  FC  FF  FF  FF  6D  33  10  00  03  
00  00  00  E3  07  02  19  12  29  29  00  01  00  12  00  6D  34  14  00  00  03  00  00  00  DA  
19  03  00  F0  28  FF  FF  91  1F  04  00  7C  E5  07  00  6D  35  0C  00  03  00  00  00  29  8D  
01  00  0F  12  07  00  41  53  3A  1C  47  4E  00  00  4A  80  02  00  00  00  00  00  00  00  28  
01  6D  15  14  00  02  01  00  00  03  04  03  00  00  00  00  00  00  00  00  00  00  00  00  00  
6D  16  10  00  03  00  00  00  E3  07  02  19  12  29  29  00  FF  02  00  00  6D  21  1C  00  03  
00  00  00  EC  FF  FF  FF  E8  00  00  00  30  00  00  00  E8  FF  FF  FF  0B  00  00  00  38  00  
00  00  6D  22  10  00  03  00  00  00  39  FE  FF  FF  28  02  00  00  AC  06  00  00  6D  23  14  
00  03  00  00  00  54  4B  B1  76  FF  65  04  FD  4D  46  0B  03  9C  53  3C  0A  6D  24  24  00  
02  00  00  00  00  00  00  00  00  00  00  00  00  00  00  00  00  00  00  00  00  00  00  00  00  
00  00  00  00  00  00  00  00  00  00  00  6D  31  20  00  03  00  00  00  BD  62  00  00  C6  E9  
FF  FF  D3  22  01  00  2F  9F  07  00  80  BA  06  00  73  40  70  FF  F3  61  07  00  6D  32  24  
00  03  00  00  E3  07  02  19  12  29  29  00  01  00  12  00  6D  34  14  00  03  00  00  00  35  
48  03  00  CA  56  FF  FF  32  5E  04  00  50  16  08  00  6D  35  0C  00  03  00  00  00  26  8D  
01  00  C4  11  07  00  41  53  04  03  47  4E  00  00  4B  80  02  00  00  00  00  00  00  00  28  
01  6D  15  14  00  02  01  00  00  03  04  03  00  00  00  00  00  00  00  00  00  00  00  00  00  
6D  16  10  00  03  00  00  00  E3  07  02  19  12  29  29  00  09  00  03  00  00  6D  21  1C  00  
03  00  00  00  8E  00  00  00  3B  00  00  00  16  00  00  00  F3  FF  FF  FF  03  00  00  00  46  
00  00  00  6D  22  10  00  03  00  00  00  39  FE  FF  FF  28  02  00  00  AC  06  00  00  6D  23  
14  00  03  00  00  00  00  E5  4A  B1  76  87  96  04  FD  83  5D  0B  03  E6  5F  3C  0A  6D  24  
24  00  02  00  00  00  00  00  00  00  00  00  00  00  00  00  00  00  00  00  00  00  00  00  00  
00  00  00  00  00  00  00  00  00  00  00  00  00  6D  31  20  00  03  00  00  00  00  CF  A1  00  
00  5A  A6  FF  FF  55  18  01  00  47  C9  07  00  9A  9C  06  00  20  78  70  FF  55  61  07  00  
6D  32  24  00  03  00  00  00  48  92  0C  00  33  0A  CD  7B  01  00  00  00  B5  00  1B  8D  05  
00  00  00  FC  FF  FF  00  FF  FE  FF  FF  FF  FE  FF  FF  FF  6D  33  10  00  03  00  00  00  E3  
07  02  19  12  29  29  00  01  00  12  00  6D  34  14  00  03  00  00  00  01  54  03  00  BB  56  
FF  FF  CC  46  04  00  50  16  08  00  6D  35  0C  00  03  00  00  00  28  8D  01  00  C4  11  07  
00  41  F8  47  4E  00  00  4C  80  02  00  00  00  00  00  00  00  28  01  6D  15  14  00  02  01  
00  00  03  04  03  00  00  00  00  00  00  00  00  00  00  00  00  00  6D  16  10  00  03  00  00  
00  E3  07  02  19  12  29  29  00  13  03  00  00  6D  21  1C  00  03  00  00  00  F1  FD  FF  FF  
1F  00  00  00  F1  FF  FF  FF  05  00  00  00  19  00  00  00  42  00  00  00  6D  22  10  00  03  
00  00  00  38  FE  FF  FF  28  02  00  00  AC  06  00  00  6D  23  14  00  03  00  00  00  79  45  
B1  76  C7  C3  03  FD  89  53  0B  03  49  64  3C  0A  6D  24  24  00  02  00  00  00  00  00  00  
00  00  00  00  00  00  00  00  00  00  00  00  00  00  00  00  00  00  00  00  00  00  00  00  00  
00  00  00  00  6D  31  20  00  03  00  00  00  A7  9C  FF  FF  62  9B  FF  FF  0A  0A  01  00  03  
0F  08  00  1D  F3  06  00  12  6A  70  FF  4E  61  07  00  6D  32  24  00  03  00  00  00  48  92  
0C  00  33  0A  CD  7B  01  00  00  00  B5  00  1B  8D  05  00  00  00  FC  FF  FF  FF  FE  FF  FF  
10  00  03  00  00  00  E3  07  02  19  12  29  29  00  01  00  12  00  6D  34  14  00  03  00  00  
00  D5  57  03  00  D0  43  FF  FF  4B  33  04  00  57  00  08  00  6D  35  0C  00  03  00  00  00  
2A  8D  01  00  41  12  07  00  41  53  2D  1F  47  4E  00  00  4D  80  02  00  00  00  00  00  00  
00  28  01  6D  15  14  00  02  01  00  00  03  04  03  00  00  00  00  00  00  00  00  00  00  00  
00  00  6D  16  10  00  03  00  00  00  E3  07  02  19  12  29  00  29  00  1D  03  00  00  6D  21  
1C  00  03  00  00  00  6E  02  00  00  4D  FF  FF  FF  EA  00  00  00  F8  FF  FF  FF  F7  FF  FF  
FF  44  00  00  00  6D  22  10  00  03  00  00  00  39  FE  FF  FF  28  02  00  00  AC  06  00  00  
6D  23  14  00  00  03  00  00  00  0D  45  B1  76  88  B8  04  FD  E4  20  0B  03  8F  BF  3C  0A  
6D  24  24  00  02  00  00  00  00  00  00  00  00  00  00  00  00  00  00  00  00  00  00  00  00  
00  00  00  00  00  00  00  00  00  00  00  00  00  00  00  6D  31  00  20  00  03  00  00  00  8B  
5D  01  00  88  49  FF  FF  39  6B  01  00  03  DC  07  00  ED  6D  06  00  F1  6E  70  FF  A0  61  
07  00  6D  32  24  00  03  00  00  00  48  92  0C  00  33  0A  CD  7B  01  00  00  00  B5  00  1B  
8D  05  00  00  00  00  FC  FF  FF  FF  FE  FF  FF  FF  FE  FF  FF  FF  6D  33  10  00  03  00  00  
00  E3  07  02  19  12  29  29  00  01  00  12  00  6D  34  14  00  03  00  00  00  83  57  03  00  
1E  0B  FF  FF  2D  10  04  00  6C  BE  07  00  6D  35  0C  00  03  00  00  00  28  8D  01  00  8C  
12  C3  47  4E  00  00  4E  80  02  00  00  00  00  00  00  00  28  01  6D  15  14  00  02  01  00  
00  03  04  03  00  00  00  00  00  00  00  00  00  00  00  00  00  6D  16  10  00  03  00  00  00  
E3  07  02  19  12  29  29  00  27  03  00  00  6D  21  1C  00  03  00  00  00  18  FF  FF  FF  65  
FF  FF  FF  33  00  00  00  F2  FF  FF  FF  FB  FF  FF  FF  49  00  00  00  6D  22  10  00  03  00  
00  00  39  FE  FF  FF  27  02  00  00  AC  06  00  00  6D  23  14  00  03  00  00  00  1E  42  B1  
76  C4  5E  04  FD  CA  D8  0A  03  E3  DC  3C  0A  6D  24  24  00  02  00  00  00  00  00  00  00  
00  00  00  00  00  00  00  00  00  00  00  00  00  00  00  00  00  00  00  00  00  00  00  00  00  
00  00  00  6D  31  20  00  03  00  00  00  A8  0F  00  00  F9  52  FF  FF  D1  23  01  00  CC  C4  
07  00  65  7E  06  00  BC  83  70  FF  0B  61  07  00  6D  32  24  00  03  00  00  00  48  92  0C  
00  33  0A  CD  7B  01  00  00  00  B5  00  1B  8D  05  00  00  00  FC  FF  FF  FF  FE  FF  FF  10  
00  03  00  00  00  E3  07  02  19  12  29  29  00  01  00  12  00  6D  34  14  00  03  00  00  00  
2A  58  03  00  19  84  FF  FF  3F  5E  04  00  40  EF  07  00  6D  35  0C  00  03  00  00  00  2B  
8D  01  00  41  12  07  00  41  53  AD  B5  47  4E  00  00  4F  80  02  00  01  01  00  00  00  00  
28  01  6D  15  14  00  02  01  00  00  03  04  03  00  00  00  00  00  00  00  00  00  00  00  00  
00  6D  16  10  00  03  00  00  00  E3  07  02  19  12  29  00  29  00  31  03  00  00  6D  21  1C  
00  03  00  00  00  E3  FD  FF  FF  8C  FF  FF  FF  0C  00  00  00  F4  FF  FF  FF  01  00  00  00  
3C  00  00  00  6D  22  10  00  03  00  00  00  38  FE  FF  FF  27  02  00  00  AC  06  00  00  6D  
23  14  00  00  03  00  00  00  11  3D  B1  76  12  8B  03  FD  F8  94  0A  03  D6  ED  3C  0A  6D  
24  24  00  02  00  00  00  00  00  00  00  00  00  00  00  00  00  00  00  00  00  00  00  00  00  
00  00  00  00  00  00  00  00  00  00  00  00  00  00  6D  31  00  20  00  03  00  00  00  28  97  
FF  FF  72  62  FF  FF  9F  14  01  00  4E  CB  07  00  25  95  06  00  20  53  70  FF  63  62  07  
00  6D  32  24  00  03  00  00  00  48  92  0C  00  33  0A  CD  7B  01  00  00  00  B5  00  1B  8D  
05  00  00  00  00  FC  FF  FF  FF  FE  FF  FF  FF  FE  FF  FF  FF  6D  33  10  00  03  00  00  00  
E3  07  02  19  12  29  29  00  01  00  12  00  6D  34  14  00  03  00  00  00  06  4C  03  00  14  
40  FF  FF  C6  46  04  00  40  EF  07  00  6D  35  0C  00  03  00  00  00  29  8D  01  00  F6  11  
CE  47  4E  00  00  50  80  02  00  00  00  00  00  00  00  28  01  6D  15  14  00  02  01  00  00  
03  04  03  00  00  00  00  00  00  00  00  00  00  00  00  00  6D  16  10  00  03  00  00  00  E3  
07  02  19  12  29  29  00  3B  03  00  00  6D  21  1C  00  03  00  00  00  14  01  00  00  55  00  
00  00  30  00  00  00  04  00  00  00  F3  FF  FF  FF  44  00  00  00  6D  22  10  00  03  00  00  
00  38  FE  FF  FF  27  02  00  00  AC  06  00  00  6D  23  14  00  03  00  00  00  D6  3C  B1  76  
4D  EE  03  FD  F4  BA  0A  03  30  02  3D  0A  6D  24  24  00  02  00  00  00  00  00  00  00  00  
00  00  00  00  00  00  00  00  00  00  00  00  00  00  00  00  00  00  00  00  00  00  00  00  00  
00  00  6D  31  20  00  03  00  00  00  F0  D5  00  00  E4  B0  FF  FF  76  22  01  00  B4  0A  08  
00  1E  60  06  00  FA  6E  70  FF  99  61  07  00  6D  32  24  00  03  00  00  00  48  92  0C  00  
33  0A  CD  7B  01  00  00  00  B5  00  1B  8D  05  00  00  00  FC  FF  FF  FF  FE  FF  FF  10  00  
03  00  00  00  E3  07  02  19  12  29  29  00  01  00  12  00  6D  34  14  00  03  00  00  00  23  
44  03  00  92  25  FF  FF  21  37  04  00  5E  EA  07  00  6D  35  0C  00  03  00  00  00  27  8D  
01  00  C4  11  07  00  41  53  91  C0  47  4E  00  00  51  80  02  00  00  00  00  00  00  00  28  
01  6D  15  14  00  02  01  00  00  03  04  03  00  00  00  00  00  00  00  00  00  00  00  00  00  
6D  16  10  00  03  00  00  00  E3  07  02  19  12  29  00  29  00  45  03  00  00  6D  21  1C  00  
03  00  00  00  AC  FF  FF  FF  04  00  00  00  84  FF  FF  FF  FD  FF  FF  FF  04  00  00  00  64  
00  00  00  6D  22  10  00  03  00  00  00  38  FE  FF  FF  27  02  00  00  AC  06  00  00  6D  23  
14  00  00  03  00  00  00  B6  3F  B1  76  80  C7  03  FD  68  B4  0A  03  78  D7  3C  0A  6D  24  
24  00  02  00  00  00  00  00  00  00  00  00  00  00  00  00  00  00  00  00  00  00  00  00  00  
00  00  00  00  00  00  00  00  00  00  00  00  00  6D  31  00  20  00  03  00  00  00  89  49  00  
00  42  91  FF  FF  77  DF  00  00  37  EE  07  00  94  A1  06  00  72  EE  70  FF  DE  60  07  00  
6D  32  24  00  03  00  00  00  48  92  0C  00  33  0A  CD  7B  01  00  00  00  B5  00  1B  8D  05  
00  00  00  00  FC  FF  FF  FF  FE  FF  FF  FF  FE  FF  FF  FF  6D  33  10  00  03  00  00  00  E3  
07  02  19  12  29  29  00  01  00  12  00  6D  34  14  00  03  00  00  00  9F  38  03  00  11  1A  
FF  FF  AC  1F  04  00  B8  DB  07  00  6D  35  0C  00  03  00  00  00  28  8D  01  00  28  12  DD  
47  4E  00  00  52  80  02  00  00  00  00  00  00  00  28  01  6D  15  14  00  02  01  00  00  03  
04  03  00  00  00  00  00  00  00  00  00  00  00  00  00  6D  16  10  00  03  00  00  00  E3  07  
02  19  12  29  29  00  4F  03  00  00  6D  21  1C  00  03  00  00  00  B8  FF  FF  FF  89  00  00  
00  C6  FF  FF  FF  05  00  00  00  F7  FF  FF  FF  42  00  00  00  6D  22  10  00  03  00  00  00  
38  FE  FF  FF  28  02  00  00  AC  06  00  00  6D  23  14  00  03  00  00  00  3A  3F  B1  76  21  
A1  03  FD  E8  E2  0A  03  1B  C4  3C  0A  6D  24  24  00  02  00  00  00  00  00  00  00  00  00  
00  00  00  00  00  00  00  00  00  00  00  00  00  00  00  00  00  00  00  00  00  00  00  00  00  
00  6D  31  20  00  03  00  00  00  46  4E  00  00  40  C5  FF  FF  4F  F9  00  00  5C  0F  08  00  
74  70  06  00  F9  67  70  FF  8A  61  07  00  6D  32  24  00  03  00  00  00  48  92  0C  00  33  
0A  CD  7B  01  00  00  00  B5  00  1B  8D  05  00  00  00  FC  FF  FF  FF  FE  FF  FF  10  00  03  
00  00  00  E3  07  02  19  12  29  29  00  01  00  12  00  6D  34  14  00  03  00  00  00  25  48  
03  00  7A  38  FF  FF  F3  3E  04  00  B8  DB  07  00  6D  35  0C  00  03  00  00  00  29  8D  01  
00  DD  11  07  00  41  53  68  BF  47  4E  00  00  53  80  02  00  00  00  00  00  00  00  28  01  
6D  15  14  00  02  01  00  00  03  04  03  00  00  00  00  00  00  00  00  00  00  00  00  00  6D  
16  10  00  03  00  00  00  E3  07  02  19  12  29  00  29  00  59  03  00  00  6D  21  1C  00  03  
00  00  00  1B  FE  FF  FF  FE  00  00  00  5D  FF  FF  FF  02  00  00  00  01  00  00  00  33  00  
00  00  6D  22  10  00  03  00  00  00  38  FE  FF  FF  28  02  00  00  AC  06  00  00  6D  23  14  
00  00  03  00  00  00  11  3D  B1  76  08  D6  02  FD  20  31  0B  03  A3  8A  3C  0A  6D  24  24  
00  02  00  00  00  00  00  00  00  00  00  00  00  00  00  00  00  00  00  00  00  00  00  00  00  
00  00  00  00  00  00  00  00  00  00  00  00  6D  31  00  20  00  03  00  00  00  B3  AC  FF  FF  
76  F3  FF  FF  42  D0  00  00  E8  01  08  00  1E  96  06  00  18  30  70  FF  A9  60  07  00  6D  
32  24  00  03  00  00  00  48  92  0C  00  33  0A  CD  7B  01  00  00  00  B5  00  1B  8D  05  00  
00  00  00  FC  FF  FF  FF  FE  FF  FF  FF  FE  FF  FF  FF  6D  33  10  00  03  00  00  00  E3  07  
02  19  12  29  29  00  01  00  12  00  6D  34  14  00  03  00  00  00  6D  3C  03  00  19  2D  FF  
FF  E9  3E  04  00  20  A1  07  00  6D  35  0C  00  03  00  00  00  22  8D  01  00  28  12  72  47  
4E  00  00  54  80  02  00  00  00  00  00  00  00  28  01  6D  15  14  00  02  01  00  00  03  04  
03  00  00  00  00  00  00  00  00  00  00  00  00  00  6D  16  10  00  03  00  00  00  E3  07  02  
19  12  29  29  00  63  03  00  00  6D  21  1C  00  03  00  00  00  26  FF  FF  FF  10  00  00  00  
92  FF  FF  FF  EF  FF  FF  FF  FC  FF  FF  FF  30  00  00  00  6D  22  10  00  03  00  00  00  37  
FE  FF  FF  28  02  00  00  AC  06  00  00  6D  23  14  00  03  00  00  00  07  3E  B1  76  7E  7B  
02  FD  40  2B  0B  03  CA  66  3C  0A  6D  24  24  00  02  00  00  00  00  00  00  00  00  00  00  
00  00  00  00  00  00  00  00  00  00  00  00  00  00  00  00  00  00  00  00  00  00  00  00  00  
6D  31  20  00  03  00  00  00  03  15  00  00  65  96  FF  FF  DC  E4  00  00  4A  B9  07  00  1E  
85  06  00  A3  24  70  FF  A0  61  07  00  6D  32  24  00  03  00  00  00  DE  92  0C  00  45  0A  
CD  7B  01  00  00  00  EA  00  1B  8D  05  00  00  00  03  00  00  00  01  00  00  33  10  00  03  
00  00  00  E3  07  02  19  12  29  29  00  01  00  12  00  6D  34  14  00  03  00  00  00  B0  38  
03  00  61  38  FF  FF  E5  3E  04  00  3E  9C  07  00  6D  35  0C  00  03  00  00  00  23  8D  01  
00  28  12  07  00  41  53  7D  86  47  4E  00  00  55  80  02  00  00  00  00  00  00  00  28  01  
6D  15  14  00  02  01  00  00  03  04  03  00  00  00  00  00  00  00  00  00  00  00  00  00  6D  
16  10  00  03  00  00  00  E3  07  02  19  12  00  29  29  00  6D  03  00  00  6D  21  1C  00  03  
00  00  00  E2  FE  FF  FF  49  FF  FF  FF  5C  00  00  00  F9  FF  FF  FF  F1  FF  FF  FF  3F  00  
00  00  6D  22  10  00  03  00  00  00  37  FE  FF  FF  28  02  00  00  AC  06  00  00  6D  23  14  
00  00  03  00  00  00  89  39  B1  76  1A  0F  02  FD  5E  D7  0A  03  25  94  3C  0A  6D  24  24  
00  02  00  00  00  00  00  00  00  00  00  00  00  00  00  00  00  00  00  00  00  00  00  00  00  
00  00  00  00  00  00  00  00  00  00  00  00  6D  00  31  20  00  03  00  00  00  AB  FA  FF  FF  
9B  48  FF  FF  9B  33  01  00  BE  DE  07  00  89  5B  06  00  55  5C  70  FF  0B  61  07  00  6D  
32  24  00  03  00  00  00  DE  92  0C  00  45  0A  CD  7B  01  00  00  00  EA  00  1B  8D  05  00  
00  00  00  03  00  00  00  01  00  00  00  FD  FF  FF  FF  6D  33  10  00  03  00  00  00  E3  07  
02  19  12  29  29  00  01  00  12  00  6D  34  14  00  03  00  00  00  34  39  03  00  97  65  FF  
FF  E4  3E  04  00  30  C8  07  00  6D  35  0C  00  03  00  00  00  28  8D  01  00  28  A8  47  4E  
00  00  56  80  02  00  02  01  01  01  00  00  28  01  6D  15  14  00  02  01  00  00  03  04  03  
00  00  00  00  00  00  00  00  00  00  00  00  00  6D  16  10  00  03  00  00  00  E3  07  02  19  
12  29  29  00  77  03  00  00  6D  21  1C  00  03  00  00  00  5A  FF  FF  FF  38  00  00  00  18  
00  00  00  01  00  00  00  02  00  00  00  3F  00  00  00  6D  22  10  00  03  00  00  00  37  FE  
FF  FF  28  02  00  00  AC  06  00  00  6D  23  14  00  03  00  00  00  1F  36  B1  76  44  C9  01  
FD  F0  E3  0A  03  8B  A3  3C  0A  6D  24  24  00  02  00  00  00  00  00  00  00  00  00  00  00  
00  00  00  00  00  00  00  00  00  00  00  00  00  00  00  00  00  00  00  00  00  00  00  00  6D  
31  20  00  03  00  00  00  B1  29  00  00  07  A6  FF  FF  FD  18  01  00  25  FF  07  00  3F  9F  
06  00  8F  5E  70  FF  12  61  07  00  6D  32  24  00  03  00  00  00  DE  92  0C  00  45  0A  CD  
7B  01  00  00  00  EA  00  1B  8D  05  00  00  00  03  00  00  00  01  00  00  33  10  00  03  00  
00  00  E3  07  02  19  12  29  29  00  01  00  12  00  6D  34  14  00  03  00  00  00  F7  38  03  
00  35  38  FF  FF  AC  1F  04  00  98  8D  07  00  6D  35  0C  00  03  00  00  00  22  8D  01  00  
28  12  07  00  41  53  65  59  47  4E  00  00  57  80  02  00  00  00  00  00  00  00  28  01  6D  
15  14  00  02  01  00  00  03  04  03  00  00  00  00  00  00  00  00  00  00  00  00  00  6D  16  
10  00  03  00  00  00  E3  07  02  19  12  00  29  29  00  81  03  00  00  6D  21  1C  00  03  00  
00  00  3F  FF  FF  FF  37  00  00  00  40  00  00  00  07  00  00  00  FA  FF  FF  FF  41  00  00  
00  6D  22  10  00  03  00  00  00  37  FE  FF  FF  28  02  00  00  AC  06  00  00  6D  23  14  00  
00  03  00  00  00  26  31  B1  76  F6  78  01  FD  52  F0  0A  03  0E  C2  3C  0A  6D  24  24  00  
02  00  00  00  00  00  00  00  00  00  00  00  00  00  00  00  00  00  00  00  00  00  00  00  00  
00  00  00  00  00  00  00  00  00  00  00  6D  00  31  20  00  03  00  00  00  F8  1E  00  00  1B  
A6  FF  FF  A6  28  01  00  48  16  08  00  6D  7E  06  00  52  63  70  FF  A8  61  07  00  6D  32  
24  00  03  00  00  00  DE  92  0C  00  45  0A  CD  7B  01  00  00  00  EA  00  1B  8D  05  00  00  
00  00  03  00  00  00  01  00  00  00  FD  FF  FF  FF  6D  33  10  00  03  00  00  00  E3  07  02  
19  12  29  29  00  01  00  12  00  6D  34  14  00  03  00  00  00  BA  4F  03  00  9C  38  FF  FF  
9C  4E  04  00  22  F4  07  00  6D  35  0C  00  03  00  00  00  29  8D  01  00  28  53  47  4E  00  
00  58  80  02  00  00  00  00  00  00  00  28  01  6D  15  14  00  02  01  00  00  03  04  03  00  
00  00  00  00  00  00  00  00  00  00  00  00  6D  16  10  00  03  00  00  00  E3  07  02  19  12  
29  29  00  8B  03  00  00  6D  21  1C  00  03  00  00  00  ED  FF  FF  FF  7D  FF  FF  FF  68  00  
00  00  F0  FF  FF  FF  F5  FF  FF  FF  58  00  00  00  6D  22  10  00  03  00  00  00  37  FE  FF  
FF  28  02  00  00  AC  06  00  00  6D  23  14  00  03  00  00  00  77  2E  B1  76  C2  72  01  FD  
18  BB  0A  03  31  EF  3C  0A  6D  24  24  00  02  00  00  00  00  00  00  00  00  00  00  00  00  
00  00  00  00  00  00  00  00  00  00  00  00  00  00  00  00  00  00  00  00  00  00  00  6D  31  
20  00  03  00  00  00  0A  63  00  00  A4  5D  FF  FF  30  38  01  00  66  BD  07  00  DD  6D  06  
00  D7  BD  70  FF  6C  61  07  00  6D  32  24  00  03  00  00  00  DE  92  0C  00  45  0A  CD  7B  
01  00  00  00  EA  00  1B  8D  05  00  00  00  03  00  00  00  01  00  00  6D  33  10  00  03  00  
00  00  E3  07  02  19  12  29  29  00  01  00  12  00  6D  34  14  00  03  00  00  00  51  57  03  
00  BF  38  FF  FF  41  5E  04  00  39  05  08  00  6D  35  0C  00  03  00  00  00  28  8D  01  00  
DD  11  07  00  41  53  7C  D4  47  4E  00  00  59  80  02  00  64  00  00  00  00  00  28  01  6D  
15  14  00  02  01  00  00  03  04  03  00  00  00  00  00  00  00  00  00  00  00  00  00  6D  16  
10  00  03  00  00  00  E3  07  02  19  00  12  29  29  00  95  03  00  00  6D  21  1C  00  03  00  
00  00  31  00  00  00  4B  FE  FF  FF  33  00  00  00  0B  00  00  00  FB  FF  FF  FF  5B  00  00  
00  6D  22  10  00  03  00  00  00  37  FE  FF  FF  27  02  00  00  AC  06  00  00  6D  23  00  14  
00  03  00  00  00  39  31  B1  76  7E  91  01  FD  90  10  0A  03  D4  0A  3D  0A  6D  24  24  00  
02  00  00  00  00  00  00  00  00  00  00  00  00  00  00  00  00  00  00  00  00  00  00  00  00  
00  00  00  00  00  00  00  00  00  00  00  00  6D  31  20  00  03  00  00  00  B4  7D  00  00  3F  
E6  FE  FF  A3  23  01  00  71  26  08  00  CC  85  06  00  AB  CB  70  FF  DE  60  07  00  6D  32  
24  00  03  00  00  00  DE  92  0C  00  45  0A  CD  7B  01  00  00  00  EA  00  1B  8D  05  00  00  
00  00  03  00  00  00  01  00  00  00  FD  FF  FF  FF  6D  33  10  00  03  00  00  00  E3  07  02  
19  12  29  29  00  01  00  12  00  6D  34  14  00  03  00  00  00  51  57  03  00  BF  38  FF  FF  
41  5E  04  00  F4  D1  07  00  6D  35  0C  00  03  00  00  00  24  8D  01  00  77  47  4E  00  00  
5A  80  02  00  00  00  00  00  00  00  28  01  6D  15  14  00  02  01  00  00  03  04  03  00  00  
00  00  00  00  00  00  00  00  00  00  00  6D  16  10  00  03  00  00  00  E3  07  02  19  12  29  
29  00  9F  03  00  00  6D  21  1C  00  03  00  00  00  A8  01  00  00  C0  FF  FF  FF  B8  FF  FF  
FF  04  00  00  00  04  00  00  00  51  00  00  00  6D  22  10  00  03  00  00  00  37  FE  FF  FF  
27  02  00  00  AC  06  00  00  6D  23  14  00  03  00  00  00  2B  38  B1  76  94  33  02  FD  EA  
02  0A  03  C1  ED  3C  0A  6D  24  24  00  02  00  00  00  00  00  00  00  00  00  00  00  00  00  
00  00  00  00  00  00  00  00  00  00  00  00  00  00  00  00  00  00  00  00  00  00  6D  31  20  
00  03  00  00  00  F3  0F  01  00  CF  77  FF  FF  68  F3  00  00  5F  0A  08  00  2D  A6  06  00  
E3  A1  70  FF  3F  61  07  00  6D  32  24  00  03  00  00  00  DE  92  0C  00  45  0A  CD  7B  01  
00  00  00  EA  00  1B  8D  05  00  00  00  03  00  00  00  01  00  00  FF  6D  33  10  00  03  00  
00  00  E3  07  02  19  12  29  29  00  01  00  12  00  6D  34  14  00  03  00  00  00  F8  48  03  
00  AB  74  FF  FF  54  2F  04  00  7C  E5  07  00  6D  35  0C  00  03  00  00  00  26  8D  01  00  
0F  12  07  00  41  53  4D  F9  47  4E  00  00  5B  80  02  00  02  01  00  00  00  00  28  01  6D  
15  14  00  02  01  00  00  03  04  03  00  00  00  00  00  00  00  00  00  00  00  00  00  6D  16  
10  00  03  00  00  00  E3  07  02  00  19  12  29  29  00  A9  03  00  00  6D  21  1C  00  03  00  
00  00  4C  00  00  00  2A  00  00  00  B9  FF  FF  FF  E9  FF  FF  FF  09  00  00  00  2C  00  00  
00  6D  22  10  00  03  00  00  00  37  FE  FF  FF  27  02  00  00  AC  06  00  00  6D  00  23  14  
00  03  00  00  00  8F  3A  B1  76  F8  4A  02  FD  73  12  0A  03  3E  D4  3C  0A  6D  24  24  00  
02  00  00  00  00  00  00  00  00  00  00  00  00  00  00  00  00  00  00  00  00  00  00  00  00  
00  00  00  00  00  00  00  00  00  00  00  00  6D  31  20  00  03  00  00  00  02  88  00  00  02  
A1  FF  FF  F6  F3  00  00  C5  9F  07  00  E5  BA  06  00  E6  11  70  FF  21  61  07  00  6D  32  
24  00  03  00  00  00  DE  92  0C  00  45  0A  CD  7B  01  00  00  00  EA  00  1B  8D  05  00  00  
00  00  03  00  00  00  01  00  00  00  FD  FF  FF  FF  6D  33  10  00  03  00  00  00  E3  07  02  
19  12  29  29  00  01  00  12  00  6D  34  14  00  03  00  00  00  1E  48  03  00  49  3C  FF  FF  
C3  46  04  00  DD  C0  07  00  6D  35  0C  00  03  00  00  00  29  8D  01  D0  47  4E  00  00  5C  
80  02  00  03  04  03  00  00  00  28  01  6D  15  14  00  02  01  00  00  03  04  03  00  00  00  
00  00  00  00  00  00  00  00  00  00  6D  16  10  00  03  00  00  00  E3  07  02  19  12  29  29  
00  B3  03  00  00  6D  21  1C  00  03  00  00  00  8D  00  00  00  DB  FF  FF  FF  67  00  00  00  
F9  FF  FF  FF  02  00  00  00  23  00  00  00  6D  22  10  00  03  00  00  00  37  FE  FF  FF  27  
02  00  00  AC  06  00  00  6D  23  14  00  03  00  00  00  93  38  B1  76  E9  7F  02  FD  3C  07  
0A  03  0E  FE  3C  0A  6D  24  24  00  02  00  00  00  00  00  00  00  00  00  00  00  00  00  00  
00  00  00  00  00  00  00  00  00  00  00  00  00  00  00  00  00  00  00  00  00  6D  31  20  00  
03  00  00  00  98  A1  00  00  1B  82  FF  FF  C4  37  01  00  C5  DE  07  00  91  9C  06  00  8B  
F1  6F  FF  A0  61  07  00  6D  32  24  00  03  00  00  00  DE  92  0C  00  45  0A  CD  7B  01  00  
00  00  EA  00  1B  8D  05  00  00  00  03  00  00  00  01  00  00  6D  33  10  00  03  00  00  00  
E3  07  02  19  12  29  29  00  01  00  12  00  6D  34  14  00  03  00  00  00  9E  53  03  00  D3  
34  FF  FF  CD  46  04  00  BF  C5  07  00  6D  35  0C  00  03  00  00  00  27  8D  01  00  F6  11  
07  00  41  53  50  88  47  4E  00  00  5D  80  02  00  00  00  00  00  00  00  28  01  6D  15  14  
00  02  01  00  00  03  04  03  00  00  00  00  00  00  00  00  00  00  00  00  00  6D  16  10  00  
03  00  00  00  E3  07  02  19  00  12  29  29  00  BD  03  00  00  6D  21  1C  00  03  00  00  00  
92  FF  FF  FF  0F  00  00  00  92  FF  FF  FF  07  00  00  00  03  00  00  00  2A  00  00  00  6D  
22  10  00  03  00  00  00  37  FE  FF  FF  27  02  00  00  AC  06  00  00  6D  23  00  14  00  03  
00  00  00  B9  3A  B1  76  D2  4E  02  FD  7A  05  0A  03  51  D7  3C  0A  6D  24  24  00  02  00  
00  00  00  00  00  00  00  00  00  00  00  00  00  00  00  00  00  00  00  00  00  00  00  00  00  
00  00  00  00  00  00  00  00  00  00  6D  31  20  00  03  00  00  00  2A  3F  00  00  57  96  FF  
FF  BF  E4  00  00  DD  14  08  00  01  A2  06  00  E6  0A  70  FF  4F  60  07  00  6D  32  24  00  
03  00  00  00  DE  92  0C  00  45  0A  CD  7B  01  00  00  00  EA  00  1B  8D  05  00  00  00  00  
03  00  00  00  01  00  00  00  FD  FF  FF  FF  6D  33  10  00  03  00  00  00  E3  07  02  19  12  
29  29  00  01  00  12  00  6D  34  14  00  03  00  00  00  F7  76  03  00  D2  56  FF  FF  7D  2F  
04  00  04  F9  07  00  6D  35  0C  00  03  00  00  00  28  8D  01  00  65  47  4E  00  00  5E  80  
02  00  00  00  00  00  00  00  28  01  6D  15  14  00  02  01  00  00  03  04  03  00  00  00  00  
00  00  00  00  00  00  00  00  00  6D  16  10  00  03  00  00  00  E3  07  02  19  12  29  29  00  
C7  03  00  00  6D  21  1C  00  03  00  00  00  90  00  00  00  AA  FE  FF  FF  A0  FF  FF  FF  E8  
FF  FF  FF  09  00  00  00  53  00  00  00  6D  22  10  00  03  00  00  00  37  FE  FF  FF  27  02  
00  00  AC  06  00  00  6D  23  14  00  03  00  00  00  84  42  B1  76  AA  8C  02  FD  98  81  09  
03  2F  B6  3C  0A  6D  24  24  00  02  00  00  00  00  00  00  00  00  00  00  00  00  00  00  00  
00  00  00  00  00  00  00  00  00  00  00  00  00  00  00  00  00  00  00  00  6D  31  20  00  03  
00  00  00  7C  A2  00  00  9D  0A  FF  FF  DB  E9  00  00  AB  9C  07  00  72  B8  06  00  23  AB  
70  FF  37  61  07  00  6D  32  24  00  03  00  00  00  66  92  0C  00  33  0A  CD  7B  01  00  00  
00  FB  00  1B  8D  05  00  00  00  FE  FF  FF  FF  01  00  00  33  10  00  03  00  00  00  E3  07  
02  19  12  29  29  00  01  00  12  00  6D  34  14  00  03  00  00  00  8D  67  03  00  E1  65  FF  
FF  0D  3F  04  00  04  F9  07  00  6D  35  0C  00  03  00  00  00  28  8D  01  00  28  12  07  00  
41  53  31  05  47  4E  00  00  5F  80  02  00  00  00  00  00  00  00  28  01  6D  15  14  00  02  
01  00  00  03  04  03  00  00  00  00  00  00  00  00  00  00  00  00  00  6D  16  10  00  03  00  
00  00  E3  07  02  19  12  00  29  29  00  D1  03  00  00  6D  21  1C  00  03  00  00  00  40  FF  
FF  FF  6D  00  00  00  F0  FF  FF  FF  FA  FF  FF  FF  F6  FF  FF  FF  67  00  00  00  6D  22  10  
00  03  00  00  00  37  FE  FF  FF  27  02  00  00  AC  06  00  00  6D  23  14  00  00  03  00  00  
00  C4  3F  B1  76  0B  39  02  FD  EF  A1  09  03  0D  B4  3C  0A  6D  24  24  00  02  00  00  00  
00  00  00  00  00  00  00  00  00  00  00  00  00  00  00  00  00  00  00  00  00  00  00  00  00  
00  00  00  00  00  00  00  6D  00  31  20  00  03  00  00  00  16  1F  00  00  D5  BA  FF  FF  35  
09  01  00  E4  DF  07  00  CD  6D  06  00  40  FA  70  FF  D5  61  07  00  6D  32  24  00  03  00  
00  00  66  92  0C  00  33  0A  CD  7B  01  00  00  00  FB  00  1B  8D  05  00  00  00  00  FE  FF  
FF  FF  01  00  00  00  FD  FF  FF  FF  6D  33  10  00  03  00  00  00  E3  07  02  19  12  29  29  
00  01  00  12  00  6D  34  14  00  03  00  00  00  5B  50  03  00  5E  5A  FF  FF  42  33  04  00  
12  CD  07  00  6D  35  0C  00  03  00  00  00  26  8D  01  00  28  B9  47  4E  00  00  60  80  02  
00  14  00  00  00  00  00  28  01  6D  15  14  00  02  01  00  00  03  04  03  00  00  00  00  00  
00  00  00  00  00  00  00  00  6D  16  10  00  03  00  00  00  E3  07  02  19  12  29  29  00  DB  
03  00  00  6D  21  1C  00  03  00  00  00  CA  FD  FF  FF  86  00  00  00  F2  FF  FF  FF  E6  FF  
FF  FF  06  00  00  00  2A  00  00  00  6D  22  10  00  03  00  00  00  37  FE  FF  FF  27  02  00  
00  AC  06  00  00  6D  23  14  00  03  00  00  00  FE  38  B1  76  1D  53  01  FD  7E  BF  09  03  
93  B6  3C  0A  6D  24  24  00  02  00  00  00  00  00  00  00  00  00  00  00  00  00  00  00  00  
00  00  00  00  00  00  00  00  00  00  00  00  00  00  00  00  00  00  00  6D  31  20  00  03  00  
00  00  EF  8C  FF  FF  C9  C4  FF  FF  F9  09  01  00  EC  91  07  00  3F  AF  06  00  43  0D  70  
FF  FC  60  07  00  6D  32  24  00  03  00  00  00  66  92  0C  00  33  0A  CD  7B  01  00  00  00  
FB  00  1B  8D  05  00  00  00  FE  FF  FF  FF  01  00  00  FF  FF  6D  33  10  00  03  00  00  00  
E3  07  02  19  12  29  29  00  01  00  12  00  6D  34  14  00  03  00  00  00  C3  44  03  00  81  
56  FF  FF  51  2F  04  00  8A  B9  07  00  6D  35  0C  00  03  00  00  00  27  8D  01  00  DD  11  
07  00  41  53  39  CE  47  4E  00  00  61  80  02  00  3D  87  01  00  00  00  28  01  6D  15  14  
00  02  01  00  00  03  04  03  00  00  00  00  00  00  00  00  00  00  00  00  00  6D  16  10  00  
03  00  00  00  E3  07  00  02  19  12  29  29  00  E5  03  00  00  6D  21  1C  00  03  00  00  00  
B6  00  00  00  7B  00  00  00  17  00  00  00  EF  FF  FF  FF  F5  FF  FF  FF  39  00  00  00  6D  
22  10  00  03  00  00  00  37  FE  FF  FF  27  02  00  00  AC  06  00  00  00  6D  23  14  00  03  
00  00  00  73  38  B1  76  25  91  01  FD  4B  F2  09  03  EB  BF  3C  0A  6D  24  24  00  02  00  
00  00  00  00  00  00  00  00  00  00  00  00  00  00  00  00  00  00  00  00  00  00  00  00  00  
00  00  00  00  00  00  00  00  00  00  6D  31  20  00  03  00  00  00  54  B1  00  00  5E  C0  FF  
FF  23  18  01  00  CD  B6  07  00  BA  6D  06  00  80  47  70  FF  C6  61  07  00  6D  32  24  00  
03  00  00  00  66  92  0C  00  33  0A  CD  7B  01  00  00  00  FB  00  1B  8D  00  05  00  00  00  
FE  FF  FF  FF  01  00  00  00  FD  FF  FF  FF  6D  33  10  00  03  00  00  00  E3  07  02  19  12  
29  29  00  01  00  12  00  6D  34  14  00  03  00  00  00  2C  39  03  00  6F  56  FF  FF  47  2F  
04  00  E4  AA  07  00  6D  35  0C  00  03  00  00  00  23  8D  9A  47  4E  00  00  62  80  02  00  
01  16  01  60  00  00  28  01  6D  15  14  00  02  01  00  00  03  04  03  00  00  00  00  00  00  
00  00  00  00  00  00  00  6D  16  10  00  03  00  00  00  E3  07  02  19  12  29  2A  00  07  00  
00  00  6D  21  1C  00  03  00  00  00  C5  FF  FF  FF  88  00  00  00  FD  FF  FF  FF  03  00  00  
00  FE  FF  FF  FF  80  00  00  00  6D  22  10  00  03  00  00  00  37  FE  FF  FF  27  02  00  00  
AC  06  00  00  6D  23  14  00  03  00  00  00  3B  36  B1  76  F9  70  01  FD  5E  21  0A  03  48  
C2  3C  0A  6D  24  24  00  02  00  00  00  00  00  00  00  00  00  00  00  00  00  00  00  00  00  
00  00  00  00  00  00  00  00  00  00  00  00  00  00  00  00  00  00  6D  31  20  00  03  00  00  
00  56  53  00  00  57  C5  FF  FF  28  0E  01  00  AE  04  08  00  98  8E  06  00  AD  5B  71  FF  
AF  61  07  00  6D  32  24  00  03  00  00  00  66  92  0C  00  33  0A  CD  7B  01  00  00  00  FB  
00  1B  8D  05  00  00  00  FE  FF  FF  FF  01  00  00  FF  FF  6D  33  10  00  03  00  01  00  E3  
07  02  19  12  29  29  00  01  00  12  00  6D  34  14  00  03  00  00  00  DA  66  03  00  74  1A  
FF  FF  71  2F  04  00  30  C8  07  00  6D  35  0C  00  03  00  00  00  26  8D  01  00  F6  11  07  
00  41  53  36  65  47  4E  00  00  63  80  02  00  2A  00  00  00  00  00  28  01  6D  15  14  00  
02  01  00  00  03  04  03  00  00  00  00  00  00  00  00  00  00  00  00  00  6D  16  10  00  03  
00  00  00  E3  07  00  02  19  12  29  2A  00  11  00  00  00  6D  21  1C  00  03  00  00  00  12  
02  00  00  7C  00  00  00  66  00  00  00  F0  FF  FF  FF  F7  FF  FF  FF  5C  00  00  00  6D  22  
10  00  03  00  00  00  37  FE  FF  FF  27  02  00  00  AC  06  00  00  00  6D  23  14  00  03  00  
00  00  6A  36  B1  76  E5  36  02  FD  8C  60  0A  03  3A  E7  3C  0A  6D  24  24  00  02  00  00  
00  00  00  00  00  00  00  00  00  00  00  00  00  00  00  00  00  00  00  00  00  00  00  00  00  
00  00  00  00  00  00  00  00  00  6D  31  20  00  03  00  00  00  14  39  01  00  A5  C0  FF  FF  
CC  36  01  00  EB  BA  07  00  7A  72  06  00  6B  D0  70  FF  82  61  07  00  6D  32  24  00  03  
00  00  00  66  92  0C  00  33  0A  CD  7B  01  00  00  00  FB  00  1B  8D  00  05  00  00  00  FE  
FF  FF  FF  01  00  00  00  FD  FF  FF  FF  6D  33  10  00  03  00  00  00  E3  07  02  19  12  29  
29  00  01  00  12  00  6D  34  14  00  03  00  00  00  E0  5B  03  00  85  47  FF  FF  B1  23  04  
00  30  C8  07  00  6D  35  0C  00  03  00  00  00  2B  8D  C6  47  4E  00  00  64  80  02  00  10  
05  00  00  00  00  28  01  6D  15  14  00  02  01  00  00  03  04  03  00  00  00  00  00  00  00  
00  00  00  00  00  00  6D  16  10  00  03  00  00  00  E3  07  02  19  12  29  2A  00  1B  00  00  
00  6D  21  1C  00  03  00  00  00  0E  FE  FF  FF  20  FF  FF  FF  BE  FF  FF  FF  FF  FF  FF  FF  
FD  FF  FF  FF  3C  00  00  00  6D  22  10  00  03  00  00  00  37  FE  FF  FF  27  02  00  00  AC  
06  00  00  6D  23  14  00  03  00  00  00  91  35  B1  76  85  77  01  FD  31  F4  09  03  51  D9  
3C  0A  6D  24  24  00  02  00  00  00  00  00  00  00  00  00  00  00  00  00  00  00  00  00  00  
00  00  00  00  00  00  00  00  00  00  00  00  00  00  00  00  00  6D  31  20  00  03  00  00  00  
5F  A7  FF  FF  D2  38  FF  FF  69  F5  00  00  0E  F8  07  00  01  8A  06  00  BC  50  70  FF  99  
61  07  00  6D  32  24  00  03  00  00  00  66  92  0C  00  33  0A  CD  7B  01  00  00  00  FB  00  
1B  8D  05  00  00  00  FE  FF  FF  FF  01  00  00  FF  FF  FF  6D  33  10  00  03  00  00  00  E3  
07  02  19  12  29  29  00  01  00  12  00  6D  34  14  00  03  00  00  00  44  58  03  00  19  5E  
FF  FF  AD  23  04  00  6C  BE  07  00  6D  35  0C  00  03  00  00  00  22  8D  01  00  DD  11  07  
00  41  53  B2  97  47  4E  00  00  65  80  02  00  00  00  00  00  00  00  28  01  6D  15  14  00  
02  01  00  00  03  04  03  00  00  00  00  00  00  00  00  00  00  00  00  00  6D  16  10  00  03  
00  00  00  E3  00  07  02  19  12  29  2A  00  25  00  00  00  6D  21  1C  00  03  00  00  00  0B  
FF  FF  FF  2E  FF  FF  FF  35  00  00  00  F1  FF  FF  FF  ED  FF  FF  FF  33  00  00  00  6D  22  
10  00  03  00  00  00  37  FE  FF  FF  27  02  00  00  AC  06  00  00  00  6D  23  14  00  03  00  
00  00  0B  33  B1  76  1F  1C  01  FD  18  97  09  03  6D  F7  3C  0A  6D  24  24  00  02  00  00  
00  00  00  00  00  00  00  00  00  00  00  00  00  00  00  00  00  00  00  00  00  00  00  00  00  
00  00  00  00  00  00  00  00  00  6D  31  20  00  03  00  00  00  4F  0A  00  00  4B  3E  FF  FF  
E5  23  01  00  13  BE  07  00  7E  4F  06  00  01  2E  70  FF  AF  61  07  00  6D  32  24  00  03  
00  00  00  66  92  0C  00  33  0A  CD  7B  01  00  00  00  FB  00  1B  00  8D  05  00  00  00  FE  
FF  FF  FF  01  00  00  00  FD  FF  FF  FF  6D  33  10  00  03  00  00  00  E3  07  02  19  12  29  
29  00  01  00  12  00  6D  34  14  00  03  00  00  00  6A  58  03  00  C4  74  FF  FF  61  2F  04  
00  20  A1  07  00  6D  35  0C  00  03  00  00  00  2C  E8  47  4E  00  00  66  80  02  00  00  00  
00  00  00  00  28  01  6D  15  14  00  02  01  00  00  03  04  03  00  00  00  00  00  00  00  00  
00  00  00  00  00  6D  16  10  00  03  00  00  00  E3  07  02  19  12  29  2A  00  2F  00  00  00  
6D  21  1C  00  03  00  00  00  59  00  00  00  2C  00  00  00  C8  FF  FF  FF  11  00  00  00  10  
00  00  00  61  00  00  00  6D  22  10  00  03  00  00  00  37  FE  FF  FF  27  02  00  00  AC  06  
00  00  6D  23  14  00  03  00  00  00  FE  34  B1  76  CB  38  01  FD  CF  A6  09  03  95  E4  3C  
0A  6D  24  24  00  02  00  00  00  00  00  00  00  00  00  00  00  00  00  00  00  00  00  00  00  
00  00  00  00  00  00  00  00  00  00  00  00  00  00  00  00  6D  31  20  00  03  00  00  00  EB  
8C  00  00  2E  A1  FF  FF  13  F9  00  00  7C  3A  08  00  EC  D6  06  00  9A  E0  70  FF  11  62  
07  00  6D  32  24  00  03  00  00  00  66  92  0C  00  33  0A  CD  7B  01  00  00  00  FB  00  1B  
8D  05  00  00  00  FE  FF  FF  FF  01  00  00  FF  FF  FF  6D  33  10  00  03  00  00  00  E3  07  
02  19  12  29  29  00  01  00  12  00  6D  34  14  00  03  00  00  00  96  37  03  00  58  FC  FE  
FF  CB  6D  04  00  50  16  08  00  6D  35  0C  00  03  00  00  00  27  8D  01  00  28  12  07  00  
41  53  E5  39  47  4E  00  00  67  80  02  00  00  00  00  00  00  00  28  01  6D  15  14  00  02  
01  00  00  03  04  03  00  00  00  00  00  00  00  00  00  00  00  00  00  6D  16  10  00  03  00  
00  00  E3  00  07  02  19  12  29  2A  00  39  00  00  00  6D  21  1C  00  03  00  00  00  5A  FF  
FF  FF  E9  FF  FF  FF  4F  00  00  00  E7  FF  FF  FF  FE  FF  FF  FF  56  00  00  00  6D  22  10  
00  03  00  00  00  36  FE  FF  FF  27  02  00  00  AC  06  00  00  00  6D  23  14  00  03  00  00  
00  99  30  B1  76  C4  F5  00  FD  B8  95  09  03  F6  08  3D  0A  6D  24  24  00  02  00  00  00  
00  00  00  00  00  00  00  00  00  00  00  00  00  00  00  00  00  00  00  00  00  00  00  00  00  
00  00  00  00  00  00  00  00  6D  31  20  00  03  00  00  00  4E  29  00  00  14  87  FF  FF  DF  
2D  01  00  A3  97  07  00  B3  92  06  00  3B  B9  70  FF  2F  62  07  00  6D  32  24  00  03  00  
00  00  66  92  0C  00  33  0A  CD  7B  01  00  00  00  FB  00  1B  00  8D  05  00  00  00  FE  FF  
FF  FF  01  00  00  00  FD  FF  FF  FF  6D  33  10  00  03  00  00  00  E3  07  02  19  12  29  29  
00  01  00  12  00  6D  34  14  00  03  00  00  00  13  5B  03  00  A8  29  FF  FF  75  56  04  00  
65  D4  07  00  6D  35  0C  00  03  00  00  00  2A  DD  47  4E  00  00  68  80  02  00  00  04  00  
00  00  00  28  01  6D  15  14  00  02  01  00  00  03  04  03  00  00  00  00  00  00  00  00  00  
00  00  00  00  6D  16  10  00  03  00  00  00  E3  07  02  19  12  29  2A  00  43  00  00  00  6D  
21  1C  00  03  00  00  00  B9  FF  FF  FF  BE  00  00  00  78  FF  FF  FF  FF  FF  FF  FF  01  00  
00  00  61  00  00  00  6D  22  10  00  03  00  00  00  36  FE  FF  FF  27  02  00  00  AC  06  00  
00  6D  23  14  00  03  00  00  00  3A  32  B1  76  07  CE  00  FD  2E  D8  09  03  C3  D6  3C  0A  
6D  24  24  00  02  00  00  00  00  00  00  00  00  00  00  00  00  00  00  00  00  00  00  00  00  
00  00  00  00  00  00  00  00  00  00  00  00  00  00  00  6D  31  20  00  03  00  00  00  44  4E  
00  00  11  DA  FF  FF  E5  D9  00  00  B4  F4  07  00  B2  9E  06  00  AE  E0  70  FF  27  62  07  
00  6D  32  24  00  03  00  00  00  3E  92  0C  00  45  0A  CD  7B  01  00  00  00  FB  00  1B  8D  
05  00  00  00  FF  FF  FF  FF  FB  FF  FF  FF  FF  FF  6D  33  10  00  03  00  00  00  E3  07  02  
19  12  29  2A  00  01  00  12  00  6D  34  14  00  03  00  00  00  37  5F  03  00  B0  38  FF  FF  
BF  4A  04  00  83  CF  07  00  6D  35  0C  00  03  00  00  00  2A  8D  01  00  C4  11  07  00  41  
53  F8  53  47  4E  00  00  69  80  02  00  C2  BF  21  00  00  00  28  01  6D  15  14  00  02  01  
00  00  03  04  03  00  00  00  00  00  00  00  00  00  00  00  00  00  6D  16  10  00  03  00  00  
00  E3  00  07  02  19  12  29  2A  00  4D  00  00  00  6D  21  1C  00  03  00  00  00  4E  FF  FF  
FF  1E  00  00  00  D7  FF  FF  FF  F0  FF  FF  FF  F5  FF  FF  FF  3F  00  00  00  6D  22  10  00  
03  00  00  00  36  FE  FF  FF  27  02  00  00  AC  06  00  00  00  6D  23  14  00  03  00  00  00  
39  31  B1  76  09  83  00  FD  28  DA  09  03  DA  CB  3C  0A  6D  24  24  00  02  00  00  00  00  
00  00  00  00  00  00  00  00  00  00  00  00  00  00  00  00  00  00  00  00  00  00  00  00  00  
00  00  00  00  00  00  00  6D  31  20  00  03  00  00  00  62  24  00  00  B9  9B  FF  FF  DC  FE  
00  00  45  BB  07  00  F4  6F  06  00  6D  5C  70  FF  02  62  07  00  6D  32  24  00  03  00  00  
00  3E  92  0C  00  45  0A  CD  7B  01  00  00  00  FB  00  1B  00  8D  05  00  00  00  FF  FF  FF  
FF  FB  FF  FF  FF  FD  FF  FF  FF  6D  33  10  00  03  00  00  00  E3  07  02  19  12  29  2A  00  
01  00  12  00  6D  34  14  00  03  00  00  00  25  48  03  00  7A  38  FF  FF  F3  3E  04  00  C8  
02  08  00  6D  35  0C  00  03  00  00  00  25  C2  47  4E  00  00  6A  80  02  00  CE  20  00  00  
00  00  28  01  6D  15  14  00  02  01  00  00  03  04  03  00  00  00  00  00  00  00  00  00  00  
00  00  00  6D  16  10  00  03  00  00  00  E3  07  02  19  12  29  2A  00  57  00  00  00  6D  21  
1C  00  03  00  00  00  18  00  00  00  7F  FF  FF  FF  AF  FF  FF  FF  F8  FF  FF  FF  EA  FF  FF  
FF  39  00  00  00  6D  22  10  00  03  00  00  00  36  FE  FF  FF  27  02  00  00  AC  06  00  00  
6D  23  14  00  03  00  00  00  08  35  B1  76  1E  8C  00  FD  AB  A3  09  03  84  B2  3C  0A  6D  
24  24  00  02  00  00  00  00  00  00  00  00  00  00  00  00  00  00  00  00  00  00  00  00  00  
00  00  00  00  00  00  00  00  00  00  00  00  00  00  6D  31  20  00  03  00  00  00  56  73  00  
00  7F  5D  FF  FF  12  EF  00  00  53  DA  07  00  9B  46  06  00  24  45  70  FF  ED  60  07  00  
6D  32  24  00  03  00  00  00  3E  92  0C  00  45  0A  CD  7B  01  00  00  00  FB  00  1B  8D  05  
00  00  00  FF  FF  FF  FF  FB  FF  FF  FD  FF  FF  FF  6D  33  10  00  03  00  00  00  E3  07  02  
19  12  29  2A  00  01  00  12  00  6D  34  14  00  03  00  00  00  D3  57  03  00  F5  65  FF  FF  
40  5E  04  00  24  47  08  00  6D  35  0C  00  03  00  00  00  27  8D  01  00  DD  11  07  00  41  
53  20  B3  47  4E  00  00  6B  80  02  00  00  00  00  00  00  00  28  01  6D  15  14  00  02  01  
00  00  03  04  03  00  00  00  00  00  00  00  00  00  00  00  00  00  6D  16  10  00  03  00  00  
00  00  E3  07  02  19  12  29  2A  00  61  00  00  00  6D  21  1C  00  03  00  00  00  B6  00  00  
00  D0  FF  FF  FF  4E  00  00  00  FA  FF  FF  FF  01  00  00  00  2D  00  00  00  6D  22  10  00  
03  00  00  00  36  FE  FF  FF  27  02  00  00  AC  06  00  00  00  6D  23  14  00  03  00  00  00  
44  34  B1  76  08  D2  00  FD  D3  93  09  03  90  D4  3C  0A  6D  24  24  00  02  00  00  00  00  
00  00  00  00  00  00  00  00  00  00  00  00  00  00  00  00  00  00  00  00  00  00  00  00  00  
00  00  00  00  00  00  00  6D  31  20  00  03  00  00  00  45  B1  00  00  FF  7C  FF  FF  3C  2D  
01  00  BB  E0  07  00  C1  9E  06  00  08  19  70  FF  FA  61  07  00  6D  32  24  00  03  00  00  
00  3E  92  0C  00  45  0A  CD  7B  01  00  00  00  FB  00  00  1B  8D  05  00  00  00  FF  FF  FF  
FF  FB  FF  FF  FF  FD  FF  FF  FF  6D  33  10  00  03  00  00  00  E3  07  02  19  12  29  2A  00  
01  00  12  00  6D  34  14  00  03  00  00  00  FC  4F  03  00  37  4F  FF  FF  99  4E  04  00  6E  
11  08  00  6D  35  0C  00  03  00  00  00  14  47  4E  00  00  6C  80  02  00  00  00  00  00  00  
00  28  01  6D  15  14  00  02  01  00  00  03  04  03  00  00  00  00  00  00  00  00  00  00  00  
00  00  6D  16  10  00  03  00  00  00  E3  07  02  19  12  29  2A  00  6B  00  00  00  6D  21  1C  
00  03  00  00  00  9F  FF  FF  FF  C1  FF  FF  FF  D7  FF  FF  FF  EA  FF  FF  FF  F3  FF  FF  FF  
35  00  00  00  6D  22  10  00  03  00  00  00  36  FE  FF  FF  27  02  00  00  AC  06  00  00  6D  
23  14  00  03  00  00  00  D6  34  B1  76  71  AA  00  FD  74  73  09  03  F8  CB  3C  0A  6D  24  
24  00  02  00  00  00  00  00  00  00  00  00  00  00  00  00  00  00  00  00  00  00  00  00  00  
00  00  00  00  00  00  00  00  00  00  00  00  00  6D  31  20  00  03  00  00  00  0E  44  00  00  
64  77  FF  FF  E0  FE  00  00  27  A2  07  00  E2  66  06  00  2D  37  70  FF  46  61  07  00  6D  
32  24  00  03  00  00  00  3E  92  0C  00  45  0A  CD  7B  01  00  00  00  FB  00  1B  8D  05  00  
00  00  FF  FF  FF  FF  FB  FF  FF  FD  FF  FF  FF  6D  33  10  00  03  00  00  00  E3  07  02  19  
12  29  2A  00  01  00  12  00  6D  34  14  00  03  00  00  00  62  40  03  00  73  38  FF  FF  D4  
42  04  00  F4  D1  07  00  6D  35  0C  00  03  00  00  00  27  8D  01  00  DD  11  07  00  41  53  
F4  EA  47  4E  00  00  6D  80  02  00  00  00  00  00  00  00  28  01  6D  15  14  00  02  01  00  
00  03  04  03  00  00  00  00  00  00  00  00  00  00  00  00  00  6D  16  10  00  03  00  00  00  
00  E3  07  02  19  12  29  2A  00  75  00  00  00  6D  21  1C  00  03  00  00  00  79  FE  FF  FF  
B3  FF  FF  FF  CC  FF  FF  FF  02  00  00  00  08  00  00  00  37  00  00  00  6D  22  10  00  03  
00  00  00  36  FE  FF  FF  27  02  00  00  AC  06  00  00  00  6D  23  14  00  03  00  00  00  03  
33  B1  76  1A  11  00  FD  79  43  09  03  6D  C2  3C  0A  6D  24  24  00  02  00  00  00  00  00  
00  00  00  00  00  00  00  00  00  00  00  00  00  00  00  00  00  00  00  00  00  00  00  00  00  
00  00  00  00  00  00  6D  31  20  00  03  00  00  00  3D  D1  FF  FF  E5  71  FF  FF  47  FA  00  
00  A8  01  08  00  61  BB  06  00  50  40  70  FF  C0  60  07  00  6D  32  24  00  03  00  00  00  
3E  92  0C  00  45  0A  CD  7B  01  00  00  00  FB  00  00  1B  8D  05  00  00  00  FF  FF  FF  FF  
FB  FF  FF  FF  FD  FF  FF  FF  6D  33  10  00  03  00  00  00  E3  07  02  19  12  29  2A  00  01  
00  12  00  6D  34  14  00  03  00  00  00  17  29  03  00  5D  38  FF  FF  77  4E  04  00  A8  B4  
07  00  6D  35  0C  00  03  00  00  00  8A  47  4E  00  00  6E  80  02  00  00  00  00  00  00  00  
28  01  6D  15  14  00  02  01  00  00  03  04  03  00  00  00  00  00  00  00  00  00  00  00  00  
00  6D  16  10  00  03  00  00  00  E3  07  02  19  12  29  2A  00  7F  00  00  00  6D  21  1C  00  
03  00  00  00  75  FF  FF  FF  61  00  00  00  28  00  00  00  F3  FF  FF  FF  F7  FF  FF  FF  3E  
00  00  00  6D  22  10  00  03  00  00  00  36  FE  FF  FF  27  02  00  00  AC  06  00  00  6D  23  
14  00  03  00  00  00  E6  2E  B1  76  FD  D4  FF  FC  D6  60  09  03  C9  D7  3C  0A  6D  24  24  
00  02  00  00  00  00  00  00  00  00  00  00  00  00  00  00  00  00  00  00  00  00  00  00  00  
00  00  00  00  00  00  00  00  00  00  00  00  6D  31  20  00  03  00  00  00  E5  33  00  00  B9  
B5  FF  FF  0B  1E  01  00  06  C7  07  00  75  79  06  00  09  5A  70  FF  B7  61  07  00  6D  32  
24  00  03  00  00  00  3E  92  0C  00  45  0A  CD  7B  01  00  00  00  FB  00  1B  8D  05  00  00  
00  FF  FF  FF  FF  FB  FF  FF  FD  FF  FF  FF  6D  33  10  00  03  00  00  00  E3  07  02  19  12  
29  2A  00  01  00  12  00  6D  34  14  00  03  00  00  00  61  38  03  00  64  29  FF  FF  85  4E  
04  00  A8  B4  07  00  6D  35  0C  00  03  00  00  00  25  8D  01  00  28  12  07  00  41  53  7F  
69  47  4E  00  00  6F  80  02  00  00  00  00  00  00  00  28  01  6D  15  14  00  02  01  00  00  
03  04  03  00  00  00  00  00  00  00  00  00  00  00  00  00  6D  16  10  00  03  00  00  00  00  
E3  07  02  19  12  29  2A  00  89  00  00  00  6D  21  1C  00  03  00  00  00  74  00  00  00  F8  
FF  FF  FF  27  00  00  00  E1  FF  FF  FF  EA  FF  FF  FF  68  00  00  00  6D  22  10  00  03  00  
00  00  36  FE  FF  FF  27  02  00  00  AC  06  00  00  00  6D  23  14  00  03  00  00  00  45  2E  
B1  76  E5  FF  FF  FC  E9  5C  09  03  CE  EC  3C  0A  6D  24  24  00  02  00  00  00  00  00  00  
00  00  00  00  00  00  00  00  00  00  00  00  00  00  00  00  00  00  00  00  00  00  00  00  00  
00  00  00  00  00  6D  31  20  00  03  00  00  00  57  97  00  00  69  8C  FF  FF  B1  1D  01  00  
31  7E  07  00  F3  45  06  00  EA  FE  70  FF  91  61  07  00  6D  32  24  00  03  00  00  00  3E  
92  0C  00  45  0A  CD  7B  01  00  00  00  FB  00  00  1B  8D  05  00  00  00  FF  FF  FF  FF  FB  
FF  FF  FF  FD  FF  FF  FF  6D  33  10  00  03  00  00  00  E3  07  02  19  12  29  2A  00  01  00  
12  00  6D  34  14  00  03  00  00  00  31  40  03  00  FA  30  FF  FF  8B  4E  04  00  9A  E0  07  
00  00  6D  35  0C  00  03  00  00  00  54  47  4E  00  00  70  80  02  00  00  00  00  00  00  00  
28  01  6D  15  14  00  02  01  00  00  03  04  03  00  00  00  00  00  00  00  00  00  00  00  00  
00  6D  16  10  00  03  00  00  00  E3  07  02  19  12  00  29  2A  00  93  00  00  00  6D  21  1C  
00  03  00  00  00  43  FE  FF  FF  B4  FF  FF  FF  54  FF  FF  FF  05  00  00  00  08  00  00  00  
46  00  00  00  6D  22  10  00  03  00  00  00  35  FE  FF  FF  27  02  00  00  AC  06  00  00  6D  
23  14  00  00  03  00  00  00  E1  2F  B1  76  08  51  FF  FC  F3  29  09  03  02  B6  3C  0A  6D  
24  24  00  02  00  00  00  00  00  00  00  00  00  00  00  00  00  00  00  00  00  00  00  00  00  
00  00  00  00  00  00  00  00  00  00  00  00  00  00  6D  00  31  20  00  03  00  00  00  4A  BC  
FF  FF  E9  71  FF  FF  50  CB  00  00  78  0C  08  00  D7  BA  06  00  29  78  70  FF  02  62  07  
00  6D  32  24  00  03  00  00  00  3E  92  0C  00  45  0A  CD  7B  01  00  00  00  FB  00  1B  8D  
05  00  00  00  FF  FF  FF  FF  FB  FF  FF  A6  47  4E  00  00  85  80  02  00  01  00  00  01  00  
00  28  01  6D  15  14  00  02  01  00  00  03  04  03  00  00  00  00  00  00  00  00  00  00  00  
00  00  6D  16  10  00  03  00  00  00  E3  07  02  19  12  29  2A  00  65  01  00  00  6D  21  1C  
00  03  00  00  00  0A  00  00  00  FE  FE  FF  FF  C3  FF  FF  FF  F0  FF  FF  FF  FD  FF  FF  FF  
3C  00  00  00  6D  22  10  00  03  00  00  00  34  FE  FF  FF  25  02  00  00  AC  06  00  00  6D  
23  14  00  03  00  00  00  33  46  B1  76  4D  EA  FD  FC  D8  D1  06  03  92  FB  3B  0A  6D  24  
24  00  02  00  00  00  00  00  00  00  00  00  00  00  00  00  00  00  00  00  00  00  00  00  00  
00  00  00  00  00  00  00  00  00  00  00  00  00  6D  31  20  00  03  00  00  00  0A  6E  00  00  
A7  29  FF  FF  70  F4  00  00  6E  B4  07  00  CE  97  06  00  00  53  70  FF  7B  61  07  00  6D  
32  24  00  03  00  00  00  C6  91  0C  00  45  0A  CD  7B  01  00  00  00  41  01  1B  8D  05  00  
00  00  04  00  00  00  04  00  00  00  FD  FF  FF  FF  6D  33  10  00  03  00  00  00  E3  07  02  
19  12  29  2A  00  01  00  12  00  6D  34  14  00  03  00  00  00  B9  38  03  00  89  47  FF  FF  
84  4E  04  00  A8  B4  07  00  6D  35  0C  00  03  00  00  00  00  29  8D  01  00  F6  11  07  00  
41  53  F0  79  47  4E  00  00  86  80  02  00  30  0F  1F  00  00  00  28  01  6D  15  14  00  02  
01  00  00  03  04  03  00  00  00  00  00  00  00  00  00  00  00  00  00  6D  16  10  00  03  00  
00  00  E3  07  02  19  12  29  2A  00  6F  01  00  00  6D  21  1C  00  03  00  00  00  4F  FF  FF  
FF  64  00  00  00  66  FF  FF  FF  05  00  00  00  F1  FF  FF  FF  27  00  00  00  6D  22  10  00  
03  00  00  00  34  FE  FF  FF  25  02  00  00  AB  06  00  00  6D  23  14  00  03  00  00  00  64  
48  B1  76  1E  A0  FD  FC  65  F1  06  03  FE  C2  3B  0A  6D  24  24  00  02  00  00  00  00  00  
00  00  00  00  00  00  00  00  00  00  00  00  00  00  00  00  00  00  00  00  00  00  00  00  00  
00  00  00  00  00  6D  31  20  00  03  00  00  00  F1  24  00  00  78  B5  FF  FF  D7  CF  00  00  
D4  06  08  00  64  67  06  00  C7  01  70  FF  F4  60  07  00  6D  32  24  00  03  00  00  00  C0  
92  0C  00  45  0A  CD  7B  01  00  00  00  75  01  1B  8D  05  00  00  00  01  14  00  03  00  00  
00  C1  4F  03  00  03  31  FF  FF  E1  42  04  00  8C  0C  08  00  6D  35  0C  00  03  00  00  00  
26  8D  01  00  28  12  07  00  41  53  8A  05  47  4E  00  00  87  80  02  00  00  00  00  00  00  
00  28  01  6D  15  14  00  02  01  00  00  03  04  03  00  00  00  00  00  00  00  00  00  00  00  
00  00  6D  16  10  00  03  00  00  00  E3  07  02  19  12  29  2A  00  79  01  00  00  6D  21  1C  
00  03  00  00  00  4C  00  00  00  22  00  00  00  D0  FF  FF  FF  F5  FF  FF  FF  F4  FF  FF  FF  
21  00  00  00  6D  22  10  00  03  00  00  00  34  FE  FF  FF  25  02  00  00  AB  06  00  00  6D  
23  14  00  03  00  00  00  28  4A  B1  76  E9  BB  FD  FC  FF  00  07  03  19  B2  3B  0A  6D  24  
24  00  02  00  00  00  00  00  00  00  00  00  00  00  00  00  00  00  00  00  00  00  00  00  00  
00  00  00  00  00  00  00  00  00  00  00  00  00  6D  31  20  00  03  00  00  00  ED  87  00  00  
DF  9B  FF  FF  2C  F9  00  00  C9  C7  07  00  AD  72  06  00  42  E8  6F  FF  55  61  07  00  6D  
32  24  00  03  00  00  00  C0  92  0C  00  45  0A  CD  7B  01  00  00  00  75  01  1B  8D  05  00  
00  00  01  00  00  00  07  00  00  00  FC  FF  FF  FF  6D  33  10  00  03  00  00  00  00  E3  07  
02  19  12  29  2A  00  01  00  12  00  6D  34  14  00  03  00  00  00  3B  48  03  00  03  40  FF  
FF  F2  3E  04  00  F4  D1  07  00  6D  35  0C  00  03  00  00  00  25  8D  01  00  C4  11  07  00  
41  53  E3  29  47  4E  00  00  88  80  02  00  03  00  00  00  00  00  28  01  6D  15  14  00  02  
01  00  00  03  04  03  00  00  00  00  00  00  00  00  00  00  00  00  00  6D  16  10  00  03  00  
00  00  E3  07  02  19  12  29  2A  00  83  01  00  00  6D  21  1C  00  03  00  00  00  FB  FF  FF  
FF  8C  00  00  00  DE  FF  FF  FF  F8  FF  FF  FF  F6  FF  FF  FF  2E  00  00  00  6D  22  10  00  
03  00  00  00  34  FE  FF  FF  25  02  00  00  AB  06  00  00  6D  23  14  00  03  00  00  00  85  
49  B1  76  8E  B4  FD  FC  4A  36  07  03  8F  A7  3B  0A  6D  24  24  00  02  00  00  00  00  00  
00  00  00  00  00  00  00  00  00  00  00  00  00  00  00  00  00  00  00  00  00  00  00  00  00  
00  00  00  00  00  6D  31  20  00  03  00  00  00  1D  68  00  00  79  C5  FF  FF  50  FE  00  00  
F4  D4  07  00  00  00  07  00  00  00  FC  FF  FF  FF  6D  33  10  00  03  00  00  00  E3  07  02  
19  12  29  2A  00  01  00  12  00  6D  34  14  00  03  00  00  00  E7  38  03  00  37  4B  FF  FF  
E5  3E  04  00  B6  88  07  00  6D  35  0C  00  03  00  00  00  27  8D  01  00  28  12  07  00  41  
53  56  D7  47  4E  00  00  89  80  02  00  00  00  12  00  00  00  28  01  6D  15  14  00  02  01  
00  00  03  04  03  00  00  00  00  00  00  00  00  00  00  00  00  00  6D  16  00  10  00  03  00  
00  00  E3  07  02  19  12  29  2A  00  8D  01  00  00  6D  21  1C  00  03  00  00  00  1A  FE  FF  
FF  FD  FE  FF  FF  E2  FF  FF  FF  F6  FF  FF  FF  F4  FF  FF  FF  32  00  00  00  6D  22  10  00  
03  00  00  00  34  FE  FF  FF  00  25  02  00  00  AB  06  00  00  6D  23  14  00  03  00  00  00  
F6  47  B1  76  49  00  FD  FC  B1  C0  06  03  5C  A7  3B  0A  6D  24  24  00  02  00  00  00  00  
00  00  00  00  00  00  00  00  00  00  00  00  00  00  00  00  00  00  00  00  00  00  00  00  00  
00  00  00  00  00  00  00  6D  31  20  00  03  00  00  00  78  AC  FF  FF  56  29  FF  FF  D4  FF  
00  00  E0  CB  07  00  C1  74  06  00  57  29  70  FF  DC  61  07  00  6D  32  24  00  03  00  00  
00  C0  92  0C  00  45  0A  CD  7B  00  01  00  00  00  75  01  1B  8D  05  00  00  00  01  00  00  
00  07  00  00  00  FC  FF  FF  FF  6D  33  10  00  03  00  00  00  E3  07  02  19  12  29  2A  00  
01  00  12  00  6D  34  14  00  03  00  00  00  84  38  03  00  4F  29  FF  FF  E5  3E  04  00  A8  
B4  07  00  6D  35  4A  47  4E  00  00  8A  80  02  00  00  00  00  00  00  00  28  01  6D  15  14  
00  02  01  00  00  03  04  03  00  00  00  00  00  00  00  00  00  00  00  00  00  6D  16  10  00  
03  00  00  00  E3  07  02  19  12  29  2A  00  97  01  00  00  6D  21  1C  00  03  00  00  00  31  
00  00  00  4A  00  00  00  72  00  00  00  FA  FF  FF  FF  FE  FF  FF  FF  2C  00  00  00  6D  22  
10  00  03  00  00  00  34  FE  FF  FF  25  02  00  00  AC  06  00  00  6D  23  14  00  03  00  00  
00  8E  43  B1  76  CA  11  FD  FC  DA  DF  06  03  67  D6  3B  0A  6D  24  24  00  02  00  00  00  
00  00  00  00  00  00  00  00  00  00  00  00  00  00  00  00  00  00  00  00  00  00  00  00  00  
00  00  00  00  00  00  00  6D  31  20  00  03  00  00  00  25  7D  00  00  77  AB  FF  FF  DD  37  
01  00  45  DA  07  00  E2  9C  06  00  3E  14  70  FF  E5  60  07  00  6D  32  24  00  03  00  00  
00  C0  92  0C  00  45  0A  CD  7B  01  00  00  00  75  01  1B  8D  05  00  00  00  01  00  00  00  
07  00  00  00  FC  FF  FF  FF  6D  33  10  00  03  00  00  00  E3  07  02  19  12  29  2A  00  01  
00  12  00  6D  34  14  00  03  00  00  00  37  44  03  00  51  29  FF  FF  39  33  04  00  93  F6  
07  00  6D  35  0C  00  03  00  00  00  23  8D  01  00  F6  11  07  00  41  53  A8  C8  47  4E  00  
00  8B  80  02  00  00  00  00  00  00  00  28  01  6D  15  14  00  02  01  00  00  03  04  03  00  
00  00  00  00  00  00  00  00  00  00  00  00  6D  16  10  00  03  00  00  00  00  E3  07  02  19  
12  29  2A  00  A1  01  00  00  6D  21  1C  00  03  00  00  00  B8  FF  FF  FF  30  00  00  00  66  
00  00  00  10  00  00  00  FB  FF  FF  FF  40  00  00  00  6D  22  10  00  03  00  00  00  34  FE  
FF  FF  25  02  00  00  AC  00  06  00  00  6D  23  14  00  03  00  00  00  A9  3E  B1  76  BF  F4  
FC  FC  B9  F0  06  03  A6  01  3C  0A  6D  24  24  00  02  00  00  00  00  00  00  00  00  00  00  
00  00  00  00  00  00  00  00  00  00  00  00  00  00  00  00  00  00  00  00  00  00  00  00  00  
00  6D  31  20  00  03  00  00  00  D9  4D  00  00  1B  A1  FF  FF  D8  32  01  00  AD  2F  08  00  
FC  90  06  00  5A  63  70  FF  11  62  07  00  6D  32  24  00  03  00  00  00  C0  92  0C  00  45  
0A  CD  7B  01  00  00  00  75  00  01  1B  8D  05  00  00  00  01  00  00  00  07  00  00  00  FC  
FF  FF  FF  6D  33  10  00  03  00  00  00  E3  07  02  19  12  29  2A  00  01  00  12  00  6D  34  
14  00  03  00  00  00  0B  48  03  00  5D  29  FF  FF  24  37  04  00  8C  0C  08  00  6D  35  0C  
00  03  00  00  70  47  4E  00  00  8C  80  02  00  00  00  00  00  00  00  28  01  6D  15  14  00  
02  01  00  00  03  04  03  00  00  00  00  00  00  00  00  00  00  00  00  00  6D  16  10  00  03  
00  00  00  E3  07  02  19  12  29  2A  00  AB  01  00  00  6D  21  1C  00  03  00  00  00  66  00  
00  00  B9  FF  FF  FF  E0  FF  FF  FF  05  00  00  00  F6  FF  FF  FF  45  00  00  00  6D  22  10  
00  03  00  00  00  34  FE  FF  FF  25  02  00  00  AC  06  00  00  6D  23  14  00  03  00  00  00  
28  41  B1  76  98  1E  FD  FC  0A  D8  06  03  54  F8  3B  0A  6D  24  24  00  02  00  00  00  00  
00  00  00  00  00  00  00  00  00  00  00  00  00  00  00  00  00  00  00  00  00  00  00  00  00  
00  00  00  00  00  00  6D  31  20  00  03  00  00  00  2C  92  00  00  7C  72  FF  FF  6E  FE  00  
00  9E  05  08  00  C4  7B  06  00  A7  73  70  FF  3E  62  07  00  6D  32  24  00  03  00  00  00  
C0  92  0C  00  45  0A  CD  7B  01  00  00  00  75  01  1B  8D  05  00  00  00  01  00  00  00  07  
00  00  00  FC  FF  FF  FF  6D  33  10  00  03  00  00  00  E3  07  02  19  12  29  2A  00  01  00  
12  00  6D  34  14  00  03  00  00  00  5E  44  03  00  FD  3F  FF  FF  EF  3E  04  00  7C  E5  07  
00  6D  35  0C  00  03  00  00  00  25  8D  01  00  28  12  07  00  41  53  1C  65  47  4E  00  00  
8D  80  02  00  00  00  00  00  00  00  28  01  6D  15  14  00  02  01  00  00  03  04  03  00  00  
00  00  00  00  00  00  00  00  00  00  00  6D  16  10  00  03  00  00  00  00  E3  07  02  19  12  
29  2A  00  B5  01  00  00  6D  21  1C  00  03  00  00  00  FE  FE  FF  FF  E0  FF  FF  FF  D5  FF  
FF  FF  FF  FF  FF  FF  EF  FF  FF  FF  1A  00  00  00  6D  22  10  00  03  00  00  00  33  FE  FF  
FF  25  02  00  00  AC  00  06  00  00  6D  23  14  00  03  00  00  00  17  40  B1  76  76  BB  FC  
FC  58  C3  06  03  A2  ED  3B  0A  6D  24  24  00  02  00  00  00  00  00  00  00  00  00  00  00  
00  00  00  00  00  00  00  00  00  00  00  00  00  00  00  00  00  00  00  00  00  00  00  00  00  
6D  31  20  00  03  00  00  00  2C  05  00  00  B9  81  FF  FF  E2  F9  00  00  64  EF  07  00  F5  
5F  06  00  84  CC  6F  FF  CD  61  07  00  6D  32  24  00  03  00  00  00  C0  92  0C  00  45  0A  
CD  7B  01  00  00  00  75  00  01  1B  8D  05  00  00  00  01  00  00  00  07  00  00  00  FC  FF  
FF  FF  6D  33  10  00  03  00  00  00  E3  07  02  19  12  29  2A  00  01  00  12  00  6D  34  14  
00  03  00  00  00  8D  39  03  00  BB  83  FF  FF  E3  3E  04  00  4C  70  07  00  6D  35  0C  00  
03  00  00  FE  47  4E  00  00  8E  80  02  00  00  00  00  00  00  00  28  01  6D  15  14  00  02  
01  00  00  03  04  03  00  00  00  00  00  00  00  00  00  00  00  00  00  6D  16  10  00  03  00  
00  00  E3  07  02  19  12  29  2A  00  BF  01  00  00  6D  21  1C  00  03  00  00  00  81  00  00  
00  3E  00  00  00  E0  FF  FF  FF  FB  FF  FF  FF  F2  FF  FF  FF  2F  00  00  00  6D  22  10  00  
03  00  00  00  34  FE  FF  FF  25  02  00  00  AC  06  00  00  6D  23  14  00  03  00  00  00  7E  
41  B1  76  17  EC  FC  FC  D4  DF  06  03  46  E3  3B  0A  6D  24  24  00  02  00  00  00  00  00  
00  00  00  00  00  00  00  00  00  00  00  00  00  00  00  00  00  00  00  00  00  00  00  00  00  
00  00  00  00  00  6D  31  20  00  03  00  00  00  74  9C  00  00  67  A6  FF  FF  32  FE  00  00  
5E  DE  07  00  F2  6F  06  00  1B  20  70  FF  5B  62  07  00  6D  32  24  00  03  00  00  00  C0  
92  0C  00  45  0A  CD  7B  01  00  00  00  75  01  1B  8D  05  00  00  00  01  00  00  00  07  00  
00  00  FC  FF  FF  FF  6D  33  10  00  03  00  00  00  E3  07  02  19  12  29  2A  00  01  00  12  
00  6D  34  14  00  03  00  00  00  08  39  03  00  85  56  FF  FF  E4  3E  04  00  EB  94  07  00  
6D  35  0C  00  03  00  00  00  29  8D  01  00  F6  11  07  00  41  53  7E  40  47  4E  00  00  8F  
80  02  00  01  01  00  00  00  00  28  01  6D  15  14  00  02  01  00  00  03  04  03  00  00  00  
00  00  00  00  00  00  00  00  00  00  6D  16  10  00  03  00  00  00  00  E3  07  02  19  12  29  
2A  00  C9  01  00  00  6D  21  1C  00  03  00  00  00  4A  01  00  00  AC  FF  FF  FF  08  00  00  
00  EC  FF  FF  FF  E7  FF  FF  FF  3C  00  00  00  6D  22  10  00  03  00  00  00  34  FE  FF  FF  
25  02  00  00  AC  00  06  00  00  6D  23  14  00  03  00  00  00  E5  44  B1  76  01  71  FD  FC  
A8  CA  06  03  25  E9  3B  0A  6D  24  24  00  02  00  00  00  00  00  00  00  00  00  00  00  00  
00  00  00  00  00  00  00  00  00  00  00  00  00  00  00  00  00  00  00  00  00  00  00  00  6D  
31  20  00  03  00  00  00  EF  EA  00  00  87  6D  FF  FF  AD  0D  01  00  60  A6  07  00  27  41  
06  00  ED  50  70  FF  45  62  07  00  6D  32  24  00  03  00  00  00  C0  92  0C  00  45  0A  CD  
7B  01  00  00  00  75  00  01  1B  8D  05  00  00  00  01  00  00  00  07  00  00  00  FC  FF  FF  
FF  6D  33  10  00  03  00  00  00  E3  07  02  19  12  29  2A  00  01  00  12  00  6D  34  14  00  
03  00  00  00  C2  38  03  00  56  38  FF  FF  16  37  04  00  20  A1  07  00  6D  35  0C  00  03  
00  00  67  47  4E  00  00  90  80  02  00  00  00  00  00  00  00  28  01  6D  15  14  00  02  01  
00  00  03  04  03  00  00  00  00  00  00  00  00  00  00  00  00  00  6D  16  10  00  03  00  00  
00  E3  07  02  19  12  29  2A  00  D3  01  00  00  6D  21  1C  00  03  00  00  00  73  01  00  00  
77  FF  FF  FF  C5  FF  FF  FF  04  00  00  00  F4  FF  FF  FF  43  00  00  00  6D  22  10  00  03  
00  00  00  34  FE  FF  FF  25  02  00  00  AC  06  00  00  6D  23  14  00  03  00  00  00  73  4B  
B1  76  EC  06  FE  FC  54  A1  06  03  6E  D5  3B  0A  6D  24  24  00  02  00  00  00  00  00  00  
00  00  00  00  00  00  00  00  00  00  00  00  00  00  00  00  00  00  00  00  00  00  00  00  00  
00  00  00  00  6D  31  20  00  03  00  00  00  F3  FA  00  00  B5  58  FF  FF  8C  F3  00  00  39  
01  08  00  A1  72  06  00  F6  6E  70  FF  CD  61  07  00  6D  32  24  00  03  00  00  00  94  91  
0C  00  33  0A  CD  7B  01  00  00  00  87  01  1B  8D  05  00  00  00  FF  FF  FF  FF  03  00  00  
00  FD  FF  FF  FF  6D  33  10  00  03  00  00  00  E3  07  02  19  12  29  2A  00  01  00  12  00  
6D  34  14  00  03  00  00  00  CC  34  03  00  FD  2C  FF  FF  2C  33  04  00  E4  AA  07  00  6D  
35  0C  00  03  00  00  00  2D  8D  01  00  DD  11  07  00  41  53  3E  4B  47  4E  00  00  91  80  
02  00  00  00  00  00  00  00  28  01  6D  15  14  00  02  01  00  00  03  04  03  00  00  00  00  
00  00  00  00  00  00  00  00  00  6D  16  10  00  03  00  00  00  00  E3  07  02  19  12  29  2A  
00  DD  01  00  00  6D  21  1C  00  03  00  00  00  C7  FF  FF  FF  E1  FF  FF  FF  25  00  00  00  
09  00  00  00  EF  FF  FF  FF  36  00  00  00  6D  22  10  00  03  00  00  00  34  FE  FF  FF  25  
02  00  00  AC  00  06  00  00  6D  23  14  00  03  00  00  00  82  49  B1  76  4A  F4  FD  FC  0C  
94  06  03  64  EA  3B  0A  6D  24  24  00  02  00  00  00  00  00  00  00  00  00  00  00  00  00  
00  00  00  00  00  00  00  00  00  00  00  00  00  00  00  00  00  00  00  00  00  00  00  6D  31  
20  00  03  00  00  00  92  53  00  00  D1  81  FF  FF  DE  18  01  00  80  14  08  00  5F  60  06  
00  D3  3B  70  FF  19  61  07  00  6D  32  24  00  03  00  00  00  94  91  0C  00  33  0A  CD  7B  
01  00  00  00  87  00  01  1B  8D  05  00  00  00  FF  FF  FF  FF  03  00  00  00  FD  FF  FF  FF  
6D  33  10  00  03  00  00  00  E3  07  02  19  12  29  2A  00  01  00  12  00  6D  34  14  00  03  
00  00  00  3A  29  03  00  47  38  FF  FF  D7  3E  04  00  30  C8  07  00  6D  35  0C  00  03  00  
00  88  47  4E  00  00  92  80  02  00  00  00  00  00  00  00  28  01  6D  15  14  00  02  01  00  
00  03  04  03  00  00  00  00  00  00  00  00  00  00  00  00  00  6D  16  10  00  03  00  00  00  
E3  07  02  19  12  29  2A  00  E7  01  00  00  6D  21  1C  00  03  00  00  00  B3  02  00  00  5E  
FF  FF  FF  C3  00  00  00  05  00  00  00  EF  FF  FF  FF  34  00  00  00  6D  22  10  00  03  00  
00  00  35  FE  FF  FF  25  02  00  00  AC  06  00  00  6D  23  14  00  03  00  00  00  F4  4A  B1  
76  19  0B  FF  FC  C6  6E  06  03  8F  36  3C  0A  6D  24  24  00  02  00  00  00  00  00  00  00  
00  00  00  00  00  00  00  00  00  00  00  00  00  00  00  00  00  00  00  00  00  00  00  00  00  
00  00  00  6D  31  20  00  03  00  00  00  EE  77  01  00  AA  4E  FF  FF  39  56  01  00  36  04  
08  00  FC  5D  06  00  90  32  70  FF  21  61  07  00  6D  32  24  00  03  00  00  00  94  91  0C  
00  33  0A  CD  7B  01  00  00  00  87  01  1B  8D  05  00  00  00  FF  FF  FF  FF  03  00  00  00  
FD  FF  FF  FF  6D  33  10  00  03  00  00  00  E3  07  02  19  12  29  2A  00  01  00  12  00  6D  
34  14  00  03  00  00  00  50  40  03  00  7E  38  FF  FF  A3  4A  04  00  37  B2  07  00  6D  35  
0C  00  03  00  00  00  26  8D  01  00  28  12  07  00  41  53  88  98  47  4E  00  00  93  80  02  
00  00  00  00  00  00  00  28  01  6D  15  14  00  02  01  00  00  03  04  03  00  00  00  00  00  
00  00  00  00  00  00  00  00  6D  16  10  00  03  00  00  00  00  E3  07  02  19  12  29  2A  00  
F1  01  00  00  6D  21  1C  00  03  00  00  00  3D  01  00  00  FC  FF  FF  FF  16  00  00  00  05  
00  00  00  03  00  00  00  53  00  00  00  6D  22  10  00  03  00  00  00  35  FE  FF  FF  25  02  
00  00  AC  00  06  00  00  6D  23  14  00  03  00  00  00  FB  4C  B1  76  32  89  FF  FC  B7  79  
06  03  C9  40  3C  0A  6D  24  24  00  02  00  00  00  00  00  00  00  00  00  00  00  00  00  00  
00  00  00  00  00  00  00  00  00  00  00  00  00  00  00  00  00  00  00  00  00  00  6D  31  20  
00  03  00  00  00  E0  E5  00  00  8E  8C  FF  FF  E0  12  01  00  4C  03  08  00  CE  AA  06  00  
29  AB  70  FF  46  61  07  00  6D  32  24  00  03  00  00  00  94  91  0C  00  33  0A  CD  7B  01  
00  00  00  87  00  01  1B  8D  05  00  00  00  FF  FF  FF  FF  03  00  00  00  FD  FF  FF  FF  6D  
33  10  00  03  00  00  00  E3  07  02  19  12  29  2A  00  01  00  12  00  6D  34  14  00  03  00  
00  00  3F  40  03  00  5B  29  FF  FF  ED  3E  04  00  E4  AA  07  00  6D  35  0C  00  03  00  00  
76  47  4E  00  00  94  80  02  00  00  00  00  00  00  00  28  01  6D  15  14  00  02  01  00  00  
03  04  03  00  00  00  00  00  00  00  00  00  00  00  00  00  6D  16  10  00  03  00  00  00  E3  
07  02  19  12  29  2A  00  FB  01  00  00  6D  21  1C  00  03  00  00  00  8F  00  00  00  59  00  
00  00  32  00  00  00  01  00  00  00  E6  FF  FF  FF  37  00  00  00  6D  22  10  00  03  00  00  
00  35  FE  FF  FF  25  02  00  00  AC  06  00  00  6D  23  14  00  03  00  00  00  73  4B  B1  76  
DF  C0  FF  FC  FF  A2  06  03  AD  56  3C  0A  6D  24  24  00  02  00  00  00  00  00  00  00  00  
00  00  00  00  00  00  00  00  00  00  00  00  00  00  00  00  00  00  00  00  00  00  00  00  00  
00  00  6D  31  20  00  03  00  00  00  D3  A1  00  00  AF  B0  FF  FF  84  1D  01  00  49  F6  07  
00  96  38  06  00  3B  3E  70  FF  30  61  07  00  6D  32  24  00  03  00  00  00  94  91  0C  00  
33  0A  CD  7B  01  00  00  00  87  01  1B  8D  05  00  00  00  FF  FF  FF  FF  03  00  00  00  FD  
FF  FF  FF  6D  33  10  00  03  00  00  00  E3  07  02  19  12  29  2A  00  01  00  12  00  6D  34  
14  00  03  00  00  00  CD  30  03  00  A9  21  FF  FF  28  33  04  00  A8  B4  07  00  6D  35  0C  
00  03  00  00  00  27  8D  01  00  28  12  07  00  41  53  B5  4A  47  4E  00  00  95  80  02  00  
00  00  00  00  00  00  28  01  6D  15  14  00  02  01  00  00  03  04  03  00  00  00  00  00  00  
00  00  00  00  00  00  00  6D  16  10  00  03  00  00  00  00  E3  07  02  19  12  29  2A  00  05  
02  00  00  6D  21  1C  00  03  00  00  00  9E  FF  FF  FF  80  00  00  00  92  FF  FF  FF  FC  FF  
FF  FF  FF  FF  FF  FF  25  00  00  00  6D  22  10  00  03  00  00  00  35  FE  FF  FF  25  02  00  
00  AC  00  06  00  00  6D  23  14  00  03  00  00  00  85  4C  B1  76  F5  97  FF  FC  FA  D1  06  
03  65  30  3C  0A  6D  24  24  00  02  00  00  00  00  00  00  00  00  00  00  00  00  00  00  00  
00  00  00  00  00  00  00  00  00  00  00  00  00  00  00  00  00  00  00  00  00  6D  31  20  00  
03  00  00  00  E8  43  00  00  13  C0  FF  FF  38  DF  00  00  42  E3  07  00  C5  97  06  00  3D  
F6  6F  FF  02  62  07  00  6D  32  24  00  03  00  00  00  94  91  0C  00  33  0A  CD  7B  01  00  
00  00  87  00  01  1B  8D  05  00  00  00  FF  FF  FF  FF  03  00  00  00  FD  FF  FF  FF  6D  33  
10  00  03  00  00  00  E3  07  02  19  12  29  2A  00  01  00  12  00  6D  34  14  00  03  00  00  
00  C2  19  03  00  2E  38  FF  FF  CA  3E  04  00  F4  D1  07  00  6D  35  0C  00  03  00  00  77  
47  4E  00  00  96  80  02  00  02  01  01  01  00  00  28  01  6D  15  14  00  02  01  00  00  03  
04  03  00  00  00  00  00  00  00  00  00  00  00  00  00  6D  16  10  00  03  00  00  00  E3  07  
02  19  12  29  2A  00  0F  02  00  00  6D  21  1C  00  03  00  00  00  8D  01  00  00  AD  FF  FF  
FF  9C  00  00  00  F9  FF  FF  FF  00  00  00  00  54  00  00  00  6D  22  10  00  03  00  00  00  
36  FE  FF  FF  25  02  00  00  AC  06  00  00  6D  23  14  00  03  00  00  00  9B  4B  B1  76  3C  
39  00  FD  27  C2  06  03  EA  6E  3C  0A  6D  24  24  00  02  00  00  00  00  00  00  00  00  00  
00  00  00  00  00  00  00  00  00  00  00  00  00  00  00  00  00  00  00  00  00  00  00  00  00  
00  6D  31  20  00  03  00  00  00  F9  04  01  00  88  6D  FF  FF  03  47  01  00  B5  D4  07  00  
B2  9C  06  00  CD  AF  70  FF  30  61  07  00  6D  32  24  00  03  00  00  00  94  91  0C  00  33  
0A  CD  7B  01  00  00  00  87  01  1B  8D  05  00  00  00  FF  FF  FF  FF  03  00  00  00  FD  FF  
FF  FF  6D  33  10  00  03  00  00  00  E3  07  02  19  12  29  2A  00  01  00  12  00  6D  34  14  
00  03  00  00  00  B3  3C  03  00  12  4F  FF  FF  9F  4A  04  00  E6  FD  07  00  6D  35  0C  00  
03  00  00  00  29  8D  01  00  0F  12  07  00  41  53  14  A1  47  4E  00  00  97  80  02  00  00  
00  00  00  00  00  28  01  6D  15  14  00  02  01  00  00  03  04  03  00  00  00  00  00  00  00  
00  00  00  00  00  00  6D  16  10  00  03  00  00  00  00  E3  07  02  19  12  29  2A  00  19  02  
00  00  6D  21  1C  00  03  00  00  00  91  FF  FF  FF  6A  FF  FF  FF  26  00  00  00  F5  FF  FF  
FF  FE  FF  FF  FF  30  00  00  00  6D  22  10  00  03  00  00  00  36  FE  FF  FF  25  02  00  00  
AC  00  06  00  00  6D  23  14  00  03  00  00  00  4D  4A  B1  76  E4  15  00  FD  49  85  06  03  
B3  85  3C  0A  6D  24  24  00  02  00  00  00  00  00  00  00  00  00  00  00  00  00  00  00  00  
00  00  00  00  00  00  00  00  00  00  00  00  00  00  00  00  00  00  00  00  6D  31  20  00  03  
00  00  00  CC  3E  00  00  14  53  FF  FF  23  19  01  00  34  C5  07  00  72  93  06  00  35  22  
70  FF  FC  60  07  00  6D  32  24  00  03  00  00  00  94  91  0C  00  33  0A  CD  7B  01  00  00  
00  87  00  01  1B  8D  05  00  00  00  FF  FF  FF  FF  03  00  00  00  FD  FF  FF  FF  6D  33  10  
00  03  00  00  00  E3  07  02  19  12  29  2A  00  01  00  12  00  6D  34  14  00  03  00  00  00  
5D  40  03  00  0C  40  FF  FF  8B  4E  04  00  8C  0C  08  00  6D  35  0C  00  03  00  00  D8  47  
4E  00  00  98  80  02  00  00  00  00  00  00  00  28  01  6D  15  14  00  02  01  00  00  03  04  
03  00  00  00  00  00  00  00  00  00  00  00  00  00  6D  16  10  00  03  00  00  00  E3  07  02  
19  12  29  2A  00  23  02  00  00  6D  21  1C  00  03  00  00  00  65  01  00  00  D5  FF  FF  FF  
09  00  00  00  15  00  00  00  01  00  00  00  3E  00  00  00  6D  22  10  00  03  00  00  00  36  
FE  FF  FF  25  02  00  00  AC  06  00  00  6D  23  14  00  03  00  00  00  96  4D  B1  76  93  A4  
00  FD  7A  82  06  03  3E  8A  3C  0A  6D  24  24  00  02  00  00  00  00  00  00  00  00  00  00  
00  00  00  00  00  00  00  00  00  00  00  00  00  00  00  00  00  00  00  00  00  00  00  00  00  
6D  31  20  00  03  00  00  00  B2  F5  00  00  ED  7C  FF  FF  A3  0D  01  00  DA  42  08  00  8A  
9F  06  00  98  57  70  FF  F4  60  07  00  6D  32  24  00  03  00  00  00  94  91  0C  00  33  0A  
CD  7B  01  00  00  00  87  01  1B  8D  05  00  00  00  FF  FF  FF  FF  03  00  00  00  FD  FF  FF  
FF  6D  33  10  00  03  00  00  00  E3  07  02  19  12  29  2A  00  01  00  12  00  6D  34  14  00  
03  00  00  00  61  38  03  00  64  29  FF  FF  85  4E  04  00  8C  0C  08  00  6D  35  0C  00  03  
00  00  00  28  8D  01  00  28  12  07  00  41  53  D0  13  47  4E  00  00  99  80  02  00  64  00  
00  00  00  00  28  01  6D  15  14  00  02  01  00  00  03  04  03  00  00  00  00  00  00  00  00  
00  00  00  00  00  6D  16  10  00  03  00  00  00  00  E3  07  02  19  12  29  2A  00  2D  02  00  
00  6D  21  1C  00  03  00  00  00  E1  FF  FF  FF  8F  00  00  00  EF  FF  FF  FF  F1  FF  FF  FF  
F9  FF  FF  FF  30  00  00  00  6D  22  10  00  03  00  00  00  36  FE  FF  FF  25  02  00  00  AC  
00  06  00  00  6D  23  14  00  03  00  00  00  0E  4C  B1  76  ED  95  00  FD  B1  BA  06  03  17  
87  3C  0A  6D  24  24  00  02  00  00  00  00  00  00  00  00  00  00  00  00  00  00  00  00  00  
00  00  00  00  00  00  00  00  00  00  00  00  00  00  00  00  00  00  00  6D  31  20  00  03  00  
00  00  D5  5D  00  00  5C  C5  FF  FF  A7  03  01  00  EE  B6  07  00  64  80  06  00  57  22  70  
FF  C6  61  07  00  6D  32  24  00  03  00  00  00  94  91  0C  00  33  0A  CD  7B  01  00  00  00  
87  00  01  1B  8D  05  00  00  00  FF  FF  FF  FF  03  00  00  00  FD  FF  FF  FF  6D  33  10  00  
03  00  00  00  E3  07  02  19  12  29  2A  00  01  00  12  00  6D  34  14  00  03  00  00  00  DC  
38  03  00  73  47  FF  FF  E5  3E  04  00  40  EF  07  00  6D  35  0C  00  03  00  00  14  47  4E  
00  00  9A  80  02  00  00  00  00  00  00  00  28  01  6D  15  14  00  02  01  00  00  03  04  03  
00  00  00  00  00  00  00  00  00  00  00  00  00  6D  16  10  00  03  00  00  00  E3  07  02  19  
12  29  2A  00  37  02  00  00  6D  21  1C  00  03  00  00  00  FA  FF  FF  FF  B7  00  00  00  9D  
00  00  00  04  00  00  00  EC  FF  FF  FF  3E  00  00  00  6D  22  10  00  03  00  00  00  36  FE  
FF  FF  25  02  00  00  AC  06  00  00  6D  23  14  00  03  00  00  00  87  44  B1  76  7D  91  00  
FD  61  04  07  03  43  C7  3C  0A  6D  24  24  00  02  00  00  00  00  00  00  00  00  00  00  00  
00  00  00  00  00  00  00  00  00  00  00  00  00  00  00  00  00  00  00  00  00  00  00  00  6D  
31  20  00  03  00  00  00  EC  67  00  00  FA  D4  FF  FF  72  47  01  00  A9  01  08  00  39  4B  
06  00  10  5A  70  FF  55  61  07  00  6D  32  24  00  03  00  00  00  80  91  0C  00  33  0A  CD  
7B  01  00  00  00  98  01  1B  8D  05  00  00  00  00  00  00  00  03  00  00  00  FD  FF  FF  FF  
6D  33  10  00  03  00  00  00  E3  07  02  19  12  29  2A  00  01  00  12  00  6D  34  14  00  03  
00  00  00  5B  50  03  00  67  47  FF  FF  DA  1B  04  00  40  EF  07  00  6D  35  0C  00  03  00  
00  00  25  8D  01  00  28  12  07  00  41  53  BA  AC  47  4E  00  00  9B  80  02  00  02  01  00  
00  00  00  28  01  6D  15  14  00  02  01  00  00  03  04  03  00  00  00  00  00  00  00  00  00  
00  00  00  00  6D  16  10  00  03  00  00  00  00  E3  07  02  19  12  29  2A  00  41  02  00  00  
6D  21  1C  00  03  00  00  00  58  01  00  00  19  00  00  00  AA  FF  FF  FF  F9  FF  FF  FF  F3  
FF  FF  FF  59  00  00  00  6D  22  10  00  03  00  00  00  36  FE  FF  FF  25  02  00  00  AC  00  
06  00  00  6D  23  14  00  03  00  00  00  1B  4A  B1  76  35  18  01  FD  23  1A  07  03  95  A7  
3C  0A  6D  24  24  00  02  00  00  00  00  00  00  00  00  00  00  00  00  00  00  00  00  00  00  
00  00  00  00  00  00  00  00  00  00  00  00  00  00  00  00  00  00  6D  31  20  00  03  00  00  
00  47  F0  00  00  0C  97  FF  FF  E6  E8  00  00  EA  D8  07  00  7C  66  06  00  A4  C2  70  FF  
79  62  07  00  6D  32  24  00  03  00  00  00  80  91  0C  00  33  0A  CD  7B  01  00  00  00  98  
00  01  1B  8D  05  00  00  00  00  00  00  00  03  00  00  00  FD  FF  FF  FF  6D  33  10  00  03  
00  00  00  E3  07  02  19  12  29  2A  00  01  00  12  00  6D  34  14  00  03  00  00  00  BD  57  
03  00  7D  38  FF  FF  66  2F  04  00  D6  D6  07  00  6D  35  0C  00  03  00  00  F0  47  4E  00  
00  9C  80  02  00  03  04  03  00  00  00  28  01  6D  15  14  00  02  01  00  00  03  04  03  00  
00  00  00  00  00  00  00  00  00  00  00  00  6D  16  10  00  03  00  00  00  E3  07  02  19  12  
29  2A  00  4B  02  00  00  6D  21  1C  00  03  00  00  00  D4  FF  FF  FF  4D  00  00  00  D4  FF  
FF  FF  01  00  00  00  F7  FF  FF  FF  3C  00  00  00  6D  22  10  00  03  00  00  00  36  FE  FF  
FF  25  02  00  00  AC  06  00  00  6D  23  14  00  03  00  00  00  F1  49  B1  76  BB  06  01  FD  
46  37  07  03  C0  9B  3C  0A  6D  24  24  00  02  00  00  00  00  00  00  00  00  00  00  00  00  
00  00  00  00  00  00  00  00  00  00  00  00  00  00  00  00  00  00  00  00  00  00  00  6D  31  
20  00  03  00  00  00  C9  58  00  00  5B  AB  FF  FF  4E  F9  00  00  13  F8  07  00  01  75  06  
00  18  53  70  FF  A0  61  07  00  6D  32  24  00  03  00  00  00  80  91  0C  00  33  0A  CD  7B  
01  00  00  00  98  01  1B  8D  05  00  00  00  00  00  00  00  03  00  00  00  FD  FF  FF  FF  6D  
33  10  00  03  00  00  00  E3  07  02  19  12  29  2A  00  01  00  12  00  6D  34  14  00  03  00  
00  00  4A  57  03  00  97  29  FF  FF  A0  4E  04  00  6C  BE  07  00  6D  35  0C  00  03  00  00  
00  22  8D  01  00  DD  11  07  00  41  53  F0  41  47  4E  00  00  9D  80  02  00  00  00  00  00  
00  00  28  01  6D  15  14  00  02  01  00  00  03  04  03  00  00  00  00  00  00  00  00  00  00  
00  00  00  6D  16  10  00  03  00  00  00  00  E3  07  02  19  12  29  2A  00  55  02  00  00  6D  
21  1C  00  03  00  00  00  C7  FE  FF  FF  EC  00  00  00  18  00  00  00  03  00  00  00  F2  FF  
FF  FF  39  00  00  00  6D  22  10  00  03  00  00  00  36  FE  FF  FF  26  02  00  00  AC  00  06  
00  00  6D  23  14  00  03  00  00  00  53  43  B1  76  C7  87  00  FD  66  8A  07  03  B9  AA  3C  
0A  6D  24  24  00  02  00  00  00  00  00  00  00  00  00  00  00  00  00  00  00  00  00  00  00  
00  00  00  00  00  00  00  00  00  00  00  00  00  00  00  00  00  6D  31  20  00  03  00  00  00  
A6  EF  FF  FF  8B  E9  FF  FF  AB  13  01  00  BB  FE  07  00  E8  61  06  00  53  45  70  FF  B5  
62  07  00  6D  32  24  00  03  00  00  00  80  91  0C  00  33  0A  CD  7B  01  00  00  00  98  00  
01  1B  8D  05  00  00  00  00  00  00  00  03  00  00  00  FD  FF  FF  FF  6D  33  10  00  03  00  
00  00  E3  07  02  19  12  29  2A  00  01  00  12  00  6D  34  14  00  03  00  00  00  E1  66  03  
00  9B  29  FF  FF  0E  3F  04  00  D8  29  08  00  6D  35  0C  00  03  00  00  F3  47  4E  00  00  
9E  80  02  00  00  00  00  00  00  00  28  01  6D  15  14  00  02  01  00  00  03  04  03  00  00  
00  00  00  00  00  00  00  00  00  00  00  6D  16  10  00  03  00  00  00  E3  07  02  19  12  29  
2A  00  5F  02  00  00  6D  21  1C  00  03  00  00  00  C8  FF  FF  FF  A0  FF  FF  FF  5C  FF  FF  
FF  FF  FF  FF  FF  F5  FF  FF  FF  31  00  00  00  6D  22  10  00  03  00  00  00  36  FE  FF  FF  
25  02  00  00  AC  06  00  00  6D  23  14  00  03  00  00  00  CF  48  B1  76  85  76  00  FD  BC  
63  07  03  85  71  3C  0A  6D  24  24  00  02  00  00  00  00  00  00  00  00  00  00  00  00  00  
00  00  00  00  00  00  00  00  00  00  00  00  00  00  00  00  00  00  00  00  00  00  6D  31  20  
00  03  00  00  00  11  54  00  00  C8  67  FF  FF  A0  CA  00  00  1E  EF  07  00  70  70  06  00  
F7  26  70  FF  64  61  07  00  6D  32  24  00  03  00  00  00  80  91  0C  00  33  0A  CD  7B  01  
00  00  00  98  01  1B  8D  05  00  00  00  00  00  00  00  03  00  00  00  FD  FF  FF  FF  6D  33  
10  00  03  00  00  00  E3  07  02  19  12  29  2A  00  01  00  12  00  6D  34  14  00  03  00  00  
00  01  67  03  00  E8  34  FF  FF  0E  3F  04  00  E6  FD  07  00  6D  35  0C  00  03  00  00  00  
2B  8D  01  00  28  12  07  00  41  53  00  D7  47  4E  00  00  9F  80  02  00  00  00  00  00  00  
00  28  01  6D  15  14  00  02  01  00  00  03  04  03  00  00  00  00  00  00  00  00  00  00  00  
00  00  6D  16  10  00  03  00  00  00  00  E3  07  02  19  12  29  2A  00  69  02  00  00  6D  21  
1C  00  03  00  00  00  3F  00  00  00  17  00  00  00  24  00  00  00  FF  FF  FF  FF  EF  FF  FF  
FF  52  00  00  00  6D  22  10  00  03  00  00  00  36  FE  FF  FF  25  02  00  00  AC  00  06  00  
00  6D  23  14  00  03  00  00  00  8D  47  B1  76  AD  91  00  FD  3C  71  07  03  11  84  3C  0A  
6D  24  24  00  02  00  00  00  00  00  00  00  00  00  00  00  00  00  00  00  00  00  00  00  00  
00  00  00  00  00  00  00  00  00  00  00  00  00  00  00  00  6D  31  20  00  03  00  00  00  A4  
82  00  00  A1  96  FF  FF  9D  18  01  00  D9  EE  07  00  0A  57  06  00  96  A6  70  FF  C7  60  
07  00  6D  32  24  00  03  00  00  00  80  91  0C  00  33  0A  CD  7B  01  00  00  00  98  00  01  
1B  8D  05  00  00  00  00  00  00  00  03  00  00  00  FD  FF  FF  FF  6D  33  10  00  03  00  00  
00  E3  07  02  19  12  29  2A  00  01  00  12  00  6D  34  14  00  03  00  00  00  F8  57  03  00  
DF  65  FF  FF  9F  4E  04  00  F4  D1  07  00  6D  35  0C  00  03  00  00  CB  47  4E  00  00  A0  
80  02  00  14  00  00  00  00  00  28  01  6D  15  14  00  02  01  00  00  03  04  03  00  00  00  
00  00  00  00  00  00  00  00  00  00  6D  16  10  00  03  00  00  00  E3  07  02  19  12  29  2A  
00  73  02  00  00  6D  21  1C  00  03  00  00  00  3C  01  00  00  C9  FF  FF  FF  4B  00  00  00  
FB  FF  FF  FF  13  00  00  00  44  00  00  00  6D  22  10  00  03  00  00  00  36  FE  FF  FF  25  
02  00  00  AC  06  00  00  6D  23  14  00  03  00  00  00  48  48  B1  76  FD  11  01  FD  D6  68  
07  03  A3  A3  3C  0A  6D  24  24  00  02  00  00  00  00  00  00  00  00  00  00  00  00  00  00  
00  00  00  00  00  00  00  00  00  00  00  00  00  00  00  00  00  00  00  00  00  6D  31  20  00  
03  00  00  00  92  E5  00  00  E6  77  FF  FF  BF  27  01  00  BC  DD  07  00  4E  E2  06  00  D1  
6E  70  FF  02  62  07  00  6D  32  24  00  03  00  00  00  80  91  0C  00  33  0A  CD  7B  01  00  
00  00  98  01  1B  8D  05  00  00  00  00  00  00  00  03  00  00  00  FD  FF  FF  FF  6D  33  10  
00  03  00  00  00  E3  07  02  19  12  29  2A  00  01  00  12  00  6D  34  14  00  03  00  00  00  
E4  48  03  00  12  93  FF  FF  30  5E  04  00  A8  B4  07  00  6D  35  0C  00  03  00  00  00  27  
8D  01  00  F6  11  07  00  41  53  5F  78  47  4E  00  00  A1  80  02  00  3D  87  01  00  00  00  
28  01  6D  15  14  00  02  01  00  00  03  04  03  00  00  00  00  00  00  00  00  00  00  00  00  
00  6D  16  10  00  03  00  00  00  00  E3  07  02  19  12  29  2A  00  7D  02  00  00  6D  21  1C  
00  03  00  00  00  DF  00  00  00  C8  FF  FF  FF  23  00  00  00  F2  FF  FF  FF  F6  FF  FF  FF  
3D  00  00  00  6D  22  10  00  03  00  00  00  37  FE  FF  FF  25  02  00  00  AC  00  06  00  00  
6D  23  14  00  03  00  00  00  6E  49  B1  76  5F  6D  01  FD  42  5C  07  03  C6  B4  3C  0A  6D  
24  24  00  02  00  00  00  00  00  00  00  00  00  00  00  00  00  00  00  00  00  00  00  00  00  
00  00  00  00  00  00  00  00  00  00  00  00  00  00  00  6D  31  20  00  03  00  00  00  37  C1  
00  00  BF  77  FF  FF  4F  18  01  00  D0  BD  07  00  22  70  06  00  67  55  70  FF  A0  61  07  
00  6D  32  24  00  03  00  00  00  80  91  0C  00  33  0A  CD  7B  01  00  00  00  98  00  01  1B  
8D  05  00  00  00  00  00  00  00  03  00  00  00  FD  FF  FF  FF  6D  33  10  00  03  00  00  00  
E3  07  02  19  12  29  2A  00  01  00  12  00  6D  34  14  00  03  00  00  00  14  58  03  00  A1  
56  FF  FF  62  2F  04  00  04  F9  07  00  6D  35  0C  00  03  00  00  46  47  4E  00  00  A2  80  
02  00  01  16  01  60  00  00  28  01  6D  15  14  00  02  01  00  00  03  04  03  00  00  00  00  
00  00  00  00  00  00  00  00  00  6D  16  10  00  03  00  00  00  E3  07  02  19  12  29  2A  00  
87  02  00  00  6D  21  1C  00  03  00  00  00  34  FE  FF  FF  24  00  00  00  FE  FF  FF  FF  FE  
FF  FF  FF  02  00  00  00  35  00  00  00  6D  22  10  00  03  00  00  00  36  FE  FF  FF  25  02  
00  00  AC  06  00  00  6D  23  14  00  03  00  00  00  3B  44  B1  76  D0  BB  00  FD  37  5C  07  
03  25  BD  3C  0A  6D  24  24  00  02  00  00  00  00  00  00  00  00  00  00  00  00  00  00  00  
00  00  00  00  00  00  00  00  00  00  00  00  00  00  00  00  00  00  00  00  6D  31  20  00  03  
00  00  00  9D  B6  FF  FF  84  9B  FF  FF  D6  09  01  00  F6  E9  07  00  7B  A3  06  00  33  37  
70  FF  DC  61  07  00  6D  32  24  00  03  00  00  00  80  91  0C  00  33  0A  CD  7B  01  00  00  
00  98  01  1B  8D  05  00  00  00  00  00  00  00  03  00  00  00  FD  FF  FF  FF  6D  33  10  00  
03  00  00  00  E3  07  02  19  12  29  2A  00  01  00  12  00  6D  34  14  00  03  00  00  00  4E  
40  03  00  B3  34  FF  FF  BC  46  04  00  04  F9  07  00  6D  35  0C  00  03  00  00  00  29  8D  
01  00  41  12  07  00  41  53  3F  1D  47  4E  00  00  A3  80  02  00  2A  00  00  00  00  00  28  
01  6D  15  14  00  02  01  00  00  03  04  03  00  00  00  00  00  00  00  00  00  00  00  00  00  
6D  16  10  00  03  00  00  00  00  E3  07  02  19  12  29  2A  00  91  02  00  00  6D  21  1C  00  
03  00  00  00  D0  01  00  00  25  00  00  00  2F  00  00  00  FD  FF  FF  FF  F4  FF  FF  FF  2F  
00  00  00  6D  22  10  00  03  00  00  00  37  FE  FF  FF  25  02  00  00  AC  00  06  00  00  6D  
23  14  00  03  00  00  00  70  46  B1  76  BC  71  01  FD  95  7C  07  03  2E  CF  3C  0A  6D  24  
24  00  02  00  00  00  00  00  00  00  00  00  00  00  00  00  00  00  00  00  00  00  00  00  00  
00  00  00  00  00  00  00  00  00  00  00  00  00  00  6D  31  20  00  03  00  00  00  38  1F  01  
00  45  9C  FF  FF  F6  1C  01  00  C7  E5  07  00  B3  6B  06  00  03  20  70  FF  7B  61  07  00  
6D  32  24  00  03  00  00  00  80  91  0C  00  33  0A  CD  7B  01  00  00  00  98  00  01  1B  8D  
05  00  00  00  00  00  00  00  03  00  00  00  FD  FF  FF  FF  6D  33  10  00  03  00  00  00  E3  
07  02  19  12  29  2A  00  01  00  12  00  6D  34  14  00  03  00  00  00  10  31  03  00  71  47  
FF  FF  AE  46  04  00  7C  E5  07  00  6D  35  0C  00  03  00  00  C2  47  4E  00  00  A4  80  02  
00  10  05  00  00  00  00  28  01  6D  15  14  00  02  01  00  00  03  04  03  00  00  00  00  00  
00  00  00  00  00  00  00  00  6D  16  10  00  03  00  00  00  E3  07  02  19  12  29  2A  00  9B  
02  00  00  6D  21  1C  00  03  00  00  00  30  00  00  00  D5  FF  FF  FF  8F  00  00  00  F6  FF  
FF  FF  F7  FF  FF  FF  4A  00  00  00  6D  22  10  00  03  00  00  00  37  FE  FF  FF  25  02  00  
00  AC  06  00  00  6D  23  14  00  03  00  00  00  23  42  B1  76  E1  89  01  FD  9A  70  07  03  
AE  0B  3D  0A  6D  24  24  00  02  00  00  00  00  00  00  00  00  00  00  00  00  00  00  00  00  
00  00  00  00  00  00  00  00  00  00  00  00  00  00  00  00  00  00  00  6D  31  20  00  03  00  
00  00  E8  7C  00  00  E9  7C  FF  FF  63  42  01  00  67  CB  07  00  B4  74  06  00  31  86  70  
FF  F3  61  07  00  6D  32  24  00  03  00  00  00  12  91  0C  00  33  0A  CD  7B  01  00  00  00  
BB  01  1B  8D  05  00  00  00  FE  FF  FF  FF  02  00  00  00  FD  FF  FF  FF  6D  33  10  00  03  
00  00  00  E3  07  02  19  12  29  2A  00  01  00  12  00  6D  34  14  00  03  00  00  00  BF  29  
03  00  7E  65  FF  FF  D6  3E  04  00  F4  D1  07  00  6D  35  0C  00  03  00  00  00  29  8D  01  
00  5A  12  07  00  41  53  50  57  47  4E  00  00  A5  80  02  00  00  00  00  00  00  00  28  01  
6D  15  14  00  02  01  00  00  03  04  03  00  00  00  00  00  00  00  00  00  00  00  00  00  6D  
16  10  00  03  00  00  00  00  E3  07  02  19  12  29  2A  00  A5  02  00  00  6D  21  1C  00  03  
00  00  00  69  FF  FF  FF  FC  FF  FF  FF  C7  FF  FF  FF  FB  FF  FF  FF  ED  FF  FF  FF  47  00  
00  00  6D  22  10  00  03  00  00  00  37  FE  FF  FF  25  02  00  00  AC  00  06  00  00  6D  23  
14  00  03  00  00  00  27  42  B1  76  85  51  01  FD  97  6A  07  03  C7  FC  3C  0A  6D  24  24  
00  02  00  00  00  00  00  00  00  00  00  00  00  00  00  00  00  00  00  00  00  00  00  00  00  
00  00  00  00  00  00  00  00  00  00  00  00  00  6D  31  20  00  03  00  00  00  18  2F  00  00  
1F  8C  FF  FF  6B  F4  00  00  66  DE  07  00  A7  4F  06  00  E8  7C  70  FF  91  61  07  00  6D  
32  24  00  03  00  00  00  12  91  0C  00  33  0A  CD  7B  01  00  00  00  BB  00  01  1B  8D  05  
00  00  00  FE  FF  FF  FF  02  00  00  00  FD  FF  FF  FF  6D  33  10  00  03  00  00  00  E3  07  
02  19  12  29  2A  00  01  00  12  00  6D  34  14  00  03  00  00  00  77  76  03  00  9E  29  FF  
FF  7E  2F  04  00  8C  0C  08  00  6D  35  0C  00  03  00  00  17  47  4E  00  00  A6  80  02  00  
00  00  00  00  00  00  28  01  6D  15  14  00  02  01  00  00  03  04  03  00  00  00  00  00  00  
00  00  00  00  00  00  00  6D  16  10  00  03  00  00  00  E3  07  02  19  12  29  2A  00  AF  02  
00  00  6D  21  1C  00  03  00  00  00  40  FF  FF  FF  1A  FF  FF  FF  40  00  00  00  04  00  00  
00  FB  FF  FF  FF  4A  00  00  00  6D  22  10  00  03  00  00  00  36  FE  FF  FF  25  02  00  00  
AC  06  00  00  6D  23  14  00  03  00  00  00  F7  3F  B1  76  B4  11  01  FD  AD  0C  07  03  3F  
1F  3D  0A  6D  24  24  00  02  00  00  00  00  00  00  00  00  00  00  00  00  00  00  00  00  00  
00  00  00  00  00  00  00  00  00  00  00  00  00  00  00  00  00  00  6D  31  20  00  03  00  00  
00  1A  1F  00  00  0D  34  FF  FF  C2  23  01  00  D9  00  08  00  74  87  06  00  85  88  70  FF  
27  62  07  00  6D  32  24  00  03  00  00  00  12  91  0C  00  33  0A  CD  7B  01  00  00  00  BB  
01  1B  8D  05  00  00  00  FE  FF  FF  FF  02  00  00  00  FD  FF  FF  FF  6D  33  10  00  03  00  
00  00  E3  07  02  19  12  29  2A  00  01  00  12  00  6D  34  14  00  03  00  00  00  21  3D  03  
00  65  56  FF  FF  96  23  04  00  8C  0C  08  00  6D  35  0C  00  03  00  00  00  2A  8D  01  00  
DD  11  07  00  41  53  12  FF  47  4E  00  00  A7  80  02  00  00  00  00  00  00  00  28  01  6D  
15  14  00  02  01  00  00  03  04  03  00  00  00  00  00  00  00  00  00  00  00  00  00  6D  16  
10  00  03  00  00  00  00  E3  07  02  19  12  29  2A  00  B9  02  00  00  6D  21  1C  00  03  00  
00  00  ED  FF  FF  FF  BA  FF  FF  FF  81  00  00  00  06  00  00  00  02  00  00  00  54  00  00  
00  6D  22  10  00  03  00  00  00  36  FE  FF  FF  25  02  00  00  AD  00  06  00  00  6D  23  14  
00  03  00  00  00  AF  3B  B1  76  B9  10  01  FD  A5  F3  06  03  F8  57  3D  0A  6D  24  24  00  
02  00  00  00  00  00  00  00  00  00  00  00  00  00  00  00  00  00  00  00  00  00  00  00  00  
00  00  00  00  00  00  00  00  00  00  00  00  6D  31  20  00  03  00  00  00  B3  62  00  00  82  
72  FF  FF  53  3D  01  00  E1  09  08  00  13  A1  06  00  F3  AF  70  FF  3E  62  07  00  6D  32  
24  00  03  00  00  00  12  91  0C  00  33  0A  CD  7B  01  00  00  00  BB  00  01  1B  8D  05  00  
00  00  FE  FF  FF  FF  02  00  00  00  FD  FF  FF  FF  6D  33  10  00  03  00  00  00  E3  07  02  
19  12  29  2A  00  01  00  12  00  6D  34  14  00  03  00  00  00  D2  21  03  00  CB  4E  FF  FF  
03  37  04  00  12  CD  07  00  6D  35  0C  00  03  00  00  B9  47  4E  00  00  A8  80  02  00  00  
04  00  00  00  00  28  01  6D  15  14  00  02  01  00  00  03  04  03  00  00  00  00  00  00  00  
00  00  00  00  00  00  6D  16  10  00  03  00  00  00  E3  07  02  19  12  29  2A  00  C3  02  00  
00  6D  21  1C  00  03  00  00  00  30  00  00  00  82  00  00  00  65  00  00  00  08  00  00  00  
E5  FF  FF  FF  47  00  00  00  6D  22  10  00  03  00  00  00  36  FE  FF  FF  25  02  00  00  AD  
06  00  00  6D  23  14  00  03  00  00  00  0C  37  B1  76  DE  22  01  FD  E7  2A  07  03  B7  82  
3D  0A  6D  24  24  00  02  00  00  00  00  00  00  00  00  00  00  00  00  00  00  00  00  00  00  
00  00  00  00  00  00  00  00  00  00  00  00  00  00  00  00  00  6D  31  20  00  03  00  00  00  
E5  7C  00  00  4B  C0  FF  FF  7F  32  01  00  BE  11  08  00  19  2F  06  00  AD  7A  70  FF  BE  
61  07  00  6D  32  24  00  03  00  00  00  12  91  0C  00  33  0A  CD  7B  01  00  00  00  BB  01  
1B  8D  05  00  00  00  FE  FF  FF  FF  02  00  00  00  FD  FF  FF  FF  6D  33  10  00  03  00  00  
00  E3  07  02  19  12  29  2A  00  01  00  12  00  6D  34  14  00  03  00  00  00  A0  19  03  00  
44  38  FF  FF  69  4E  04  00  98  8D  07  00  6D  35  0C  00  03  00  00  00  28  8D  01  00  0F  
12  07  00  41  53  9B  E8  47  4E  00  00  A9  80  02  00  C2  BF  21  00  00  00  28  01  6D  15  
14  00  02  01  00  00  03  04  03  00  00  00  00  00  00  00  00  00  00  00  00  00  6D  16  10  
00  03  00  00  00  00  E3  07  02  19  12  29  2A  00  CD  02  00  00  6D  21  1C  00  03  00  00  
00  14  01  00  00  BB  FF  FF  FF  72  00  00  00  FA  FF  FF  FF  00  00  00  00  21  00  00  00  
6D  22  10  00  03  00  00  00  37  FE  FF  FF  25  02  00  00  AD  00  06  00  00  6D  23  14  00  
03  00  00  00  2F  36  B1  76  3E  94  01  FD  49  1C  07  03  2B  B2  3D  0A  6D  24  24  00  02  
00  00  00  00  00  00  00  00  00  00  00  00  00  00  00  00  00  00  00  00  00  00  00  00  00  
00  00  00  00  00  00  00  00  00  00  00  6D  31  20  00  03  00  00  00  06  D6  00  00  93  72  
FF  FF  96  37  01  00  B6  DC  07  00  1E  98  06  00  32  E8  6F  FF  28  61  07  00  6D  32  24  
00  03  00  00  00  12  91  0C  00  33  0A  CD  7B  01  00  00  00  BB  00  01  1B  8D  05  00  00  
00  FE  FF  FF  FF  02  00  00  00  FD  FF  FF  FF  6D  33  10  00  03  00  00  00  E3  07  02  19  
12  29  2A  00  01  00  12  00  6D  34  14  00  03  00  00  00  7F  47  03  00  5A  0B  FF  FF  93  
4E  04  00  A8  B4  07  00  6D  35  0C  00  03  00  00  93  47  4E  00  00  AA  80  02  00  CE  20  
00  00  00  00  28  01  6D  15  14  00  02  01  00  00  03  04  03  00  00  00  00  00  00  00  00  
00  00  00  00  00  6D  16  10  00  03  00  00  00  E3  07  02  19  12  29  2A  00  D7  02  00  00  
6D  21  1C  00  03  00  00  00  AA  FF  FF  FF  40  00  00  00  30  00  00  00  FA  FF  FF  FF  E9  
FF  FF  FF  34  00  00  00  6D  22  10  00  03  00  00  00  37  FE  FF  FF  25  02  00  00  AD  06  
00  00  6D  23  14  00  03  00  00  00  AA  32  B1  76  09  74  01  FD  CC  34  07  03  4A  CA  3D  
0A  6D  24  24  00  02  00  00  00  00  00  00  00  00  00  00  00  00  00  00  00  00  00  00  00  
00  00  00  00  00  00  00  00  00  00  00  00  00  00  00  00  6D  31  20  00  03  00  00  00  BA  
48  00  00  3D  A6  FF  FF  EF  1D  01  00  40  DC  07  00  18  3F  06  00  6C  30  70  FF  18  62  
07  00  6D  32  24  00  03  00  00  00  12  91  0C  00  33  0A  CD  7B  01  00  00  00  BB  01  1B  
8D  05  00  00  00  FE  FF  FF  FF  02  00  00  00  FD  FF  FF  FF  6D  33  10  00  03  00  00  00  
E3  07  02  19  12  29  2A  00  01  00  12  00  6D  34  14  00  03  00  00  00  B4  47  03  00  39  
0B  FF  FF  25  37  04  00  A1  CA  07  00  6D  35  0C  00  03  00  00  00  28  8D  01  00  5A  12  
07  00  41  53  68  FD  47  4E  00  00  AB  80  02  00  00  00  00  00  00  00  28  01  6D  15  14  
00  02  01  00  00  03  04  03  00  00  00  00  00  00  00  00  00  00  00  00  00  6D  16  10  00  
03  00  00  00  00  E3  07  02  19  12  29  2A  00  E1  02  00  00  6D  21  1C  00  03  00  00  00  
0D  FE  FF  FF  80  00  00  00  34  FF  FF  FF  F4  FF  FF  FF  01  00  00  00  18  00  00  00  6D  
22  10  00  03  00  00  00  36  FE  FF  FF  25  02  00  00  AD  00  06  00  00  6D  23  14  00  03  
00  00  00  D9  32  B1  76  4B  AF  00  FD  F1  55  07  03  D0  84  3D  0A  6D  24  24  00  02  00  
00  00  00  00  00  00  00  00  00  00  00  00  00  00  00  00  00  00  00  00  00  00  00  00  00  
00  00  00  00  00  00  00  00  00  00  6D  31  20  00  03  00  00  00  A0  A7  FF  FF  83  BF  FF  
FF  8D  BB  00  00  A4  C5  07  00  D2  9C  06  00  03  C3  6F  FF  F4  60  07  00  6D  32  24  00  
03  00  00  00  12  91  0C  00  33  0A  CD  7B  01  00  00  00  BB  00  01  1B  8D  05  00  00  00  
FE  FF  FF  FF  02  00  00  00  FD  FF  FF  FF  6D  33  10  00  03  00  00  00  E3  07  02  19  12  
29  2A  00  01  00  12  00  6D  34  14  00  03  00  00  00  DE  4F  03  00  87  38  FF  FF  FA  3E  
04  00  C8  02  08  00  6D  35  0C  00  03  00  00  09  47  4E  00  00  AC  80  02  00  00  00  00  
00  00  00  28  01  6D  15  14  00  02  01  00  00  03  04  03  00  00  00  00  00  00  00  00  00  
00  00  00  00  6D  16  10  00  03  00  00  00  E3  07  02  19  12  29  2A  00  EB  02  00  00  6D  
21  1C  00  03  00  00  00  DF  FF  FF  FF  40  00  00  00  4A  00  00  00  03  00  00  00  FB  FF  
FF  FF  1C  00  00  00  6D  22  10  00  03  00  00  00  36  FE  FF  FF  25  02  00  00  AD  06  00  
00  6D  23  14  00  00  03  00  00  00  E9  2E  B1  76  7E  A4  00  FD  D3  6F  07  03  A3  A7  3D  
0A  6D  24  24  00  02  00  00  00  00  00  00  00  00  00  00  00  00  00  00  00  00  00  00  00  
00  00  00  00  00  00  00  00  00  00  00  00  00  00  00  00  6D  00  31  20  00  03  00  00  00  
BA  5D  00  00  40  A6  FF  FF  50  28  01  00  5C  FD  07  00  C6  87  06  00  63  D3  6F  FF  82  
61  07  00  6D  32  24  00  03  00  00  00  12  91  0C  00  33  0A  CD  7B  01  00  00  00  BB  01  
1B  8D  05  00  00  00  00  FE  FF  FF  FF  02  00  00  00  FD  FF  FF  FF  6D  33  10  00  03  00  
00  00  E3  07  02  19  12  29  2A  00  01  00  12  00  6D  34  14  00  03  00  00  00  F7  57  03  
00  DF  65  FF  FF  9E  4E  04  00  9C  33  08  00  6D  35  0C  00  03  00  00  00  00  24  8D  01  
00  8C  12  07  00  41  53  9C  31  47  4E  00  00  AD  80  02  00  00  00  00  00  00  00  28  01  
6D  15  14  00  02  01  00  00  03  04  03  00  00  00  00  00  00  00  00  00  00  00  00  00  6D  
16  10  00  03  00  00  00  00  E3  07  02  19  12  29  2A  85  47  4E  00  00  C1  80  02  00  02  
03  90  01  00  00  28  01  6D  15  14  00  02  01  00  00  03  04  03  00  00  00  00  00  00  00  
00  00  00  00  00  00  6D  16  10  00  03  00  00  00  E3  07  02  19  12  00  29  2A  00  BD  03  
00  00  6D  21  1C  00  03  00  00  00  90  FE  FF  FF  73  00  00  00  99  FF  FF  FF  F6  FF  FF  
FF  FC  FF  FF  FF  58  00  00  00  6D  22  10  00  03  00  00  00  35  FE  FF  FF  25  02  00  00  
AD  06  00  00  6D  23  14  00  00  03  00  00  00  29  16  B1  76  D7  AC  FE  FC  E6  37  07  03  
68  43  3E  0A  6D  24  24  00  02  00  00  00  00  00  00  00  00  00  00  00  00  00  00  00  00  
00  00  00  00  00  00  00  00  00  00  00  00  00  00  00  00  00  00  00  6D  00  31  20  00  03  
00  00  00  63  DB  FF  FF  AB  BA  FF  FF  03  E5  00  00  10  CB  07  00  5B  8E  06  00  2D  C0  
70  FF  E4  61  07  00  6D  32  24  00  03  00  00  00  82  8F  0C  00  33  0A  CD  7B  01  00  00  
00  BB  01  1B  8D  05  00  00  00  01  00  00  00  FF  FF  FF  47  47  4E  00  00  C2  80  02  00  
04  00  01  00  00  00  28  01  6D  15  14  00  02  01  00  00  03  04  03  00  00  00  00  00  00  
00  00  00  00  00  00  00  6D  16  10  00  03  00  00  00  E3  07  02  19  12  29  2A  00  C7  03  
00  00  6D  21  1C  00  03  00  00  00  AC  FD  FF  FF  72  00  00  00  20  00  00  00  FD  FF  FF  
FF  EE  FF  FF  FF  5B  00  00  00  6D  22  10  00  03  00  00  00  34  FE  FF  FF  26  02  00  00  
AD  06  00  00  6D  23  14  00  03  00  00  00  71  0D  B1  76  A7  C6  FD  FC  F9  4E  07  03  0C  
5E  3E  0A  6D  24  24  00  02  00  00  00  00  00  00  00  00  00  00  00  00  00  00  00  00  00  
00  00  00  00  00  00  00  00  00  00  00  00  00  00  00  00  00  00  6D  31  20  00  03  00  00  
00  2A  82  FF  FF  90  BA  FF  FF  AC  19  01  00  26  E7  07  00  D3  58  06  00  DE  CB  70  FF  
EB  61  07  00  6D  32  24  00  03  00  00  00  B4  8F  0C  00  22  0A  CD  7B  01  00  00  00  EF  
01  1B  8D  05  00  00  00  FD  FF  FF  FF  05  00  00  00  FE  FF  FF  FF  6D  33  10  00  03  00  
00  00  E3  07  02  19  12  29  2A  00  01  00  12  00  6D  34  14  00  03  00  00  00  E1  4B  03  
00  33  2D  FF  FF  F6  3E  04  00  83  CF  07  00  6D  35  0C  00  03  00  00  00  00  26  8D  01  
00  28  12  07  00  41  53  87  5A  47  4E  00  00  C3  80  02  00  C0  C6  2D  00  00  00  28  01  
6D  15  14  00  02  01  00  00  03  04  03  00  00  00  00  00  00  00  00  00  00  00  00  00  6D  
16  10  00  03  00  00  00  E3  07  02  19  12  29  2A  00  D1  03  00  00  6D  21  1C  00  03  00  
00  00  32  FE  FF  FF  58  00  00  00  20  00  00  00  FA  FF  FF  FF  00  00  00  00  51  00  00  
00  6D  22  10  00  03  00  00  00  34  FE  FF  FF  26  02  00  00  AD  06  00  00  6D  23  14  00  
03  00  00  00  49  06  B1  76  F5  15  FD  FC  24  60  07  03  FC  77  3E  0A  6D  24  24  00  02  
00  00  00  00  00  00  00  00  00  00  00  00  00  00  00  00  00  00  00  00  00  00  00  00  00  
00  00  00  00  00  00  00  00  00  00  6D  31  20  00  03  00  00  00  82  B6  FF  FF  3E  B0  FF  
FF  75  19  01  00  DD  DD  07  00  7E  A3  06  00  45  A4  70  FF  B7  61  07  00  6D  32  24  00  
03  00  00  00  B4  8F  0C  00  22  0A  CD  7B  01  00  00  00  EF  01  1B  8D  05  00  00  00  FD  
AF  07  00  6D  35  0C  00  03  00  00  00  24  8D  01  00  28  12  07  00  41  53  B3  A2  47  4E  
00  00  C4  80  02  00  00  10  0E  00  00  00  28  01  6D  15  14  00  02  01  00  00  03  04  03  
00  00  00  00  00  00  00  00  00  00  00  00  00  6D  16  10  00  03  00  00  00  E3  07  02  19  
12  29  2A  00  DB  03  00  00  6D  21  1C  00  03  00  00  00  C2  00  00  00  16  00  00  00  BF  
FF  FF  FF  06  00  00  00  03  00  00  00  3F  00  00  00  6D  22  10  00  03  00  00  00  34  FE  
FF  FF  26  02  00  00  AD  06  00  00  6D  23  14  00  03  00  00  00  89  09  B1  76  11  65  FD  
FC  A7  6D  07  03  8F  65  3E  0A  6D  24  24  00  02  00  00  00  00  00  00  00  00  00  00  00  
00  00  00  00  00  00  00  00  00  00  00  00  00  00  00  00  00  00  00  00  00  00  00  00  6D  
31  20  00  03  00  00  00  D6  B6  00  00  D5  96  FF  FF  AC  F3  00  00  61  0A  08  00  3D  AF  
06  00  52  5C  70  FF  E4  61  07  00  6D  32  24  00  03  00  00  00  B4  8F  0C  00  22  0A  CD  
7B  01  00  00  00  EF  01  1B  8D  05  00  00  00  FD  FF  FF  FF  05  00  00  00  FE  FF  FF  FF  
6D  33  10  00  03  00  00  00  E3  07  02  19  12  29  2A  00  01  00  12  00  6D  34  14  00  03  
00  00  00  00  F7  57  03  00  DF  65  FF  FF  9E  4E  04  00  88  66  07  00  6D  35  0C  00  03  
00  00  00  22  8D  01  00  73  12  07  00  41  53  17  45  47  4E  00  00  C5  80  02  00  01  00  
00  01  00  00  28  01  6D  15  14  00  02  01  00  00  03  04  03  00  00  00  00  00  00  00  00  
00  00  00  00  00  6D  16  10  00  03  00  00  00  E3  07  02  19  12  29  2A  00  E5  03  00  00  
6D  21  1C  00  03  00  00  00  18  FE  FF  FF  8C  00  00  00  8D  FF  FF  FF  EF  FF  FF  FF  EC  
FF  FF  FF  48  00  00  00  6D  22  10  00  03  00  00  00  33  FE  FF  FF  26  02  00  00  AD  06  
00  00  6D  23  14  00  03  00  00  00  9C  06  B1  76  D8  A5  FC  FC  43  91  07  03  B9  44  3E  
0A  6D  24  24  00  02  00  00  00  00  00  00  00  00  00  00  00  00  00  00  00  00  00  00  00  
00  00  00  00  00  00  00  00  00  00  00  00  00  00  00  00  6D  31  20  00  03  00  00  00  43  
AC  FF  FF  F2  C4  FF  FF  F4  DF  00  00  C0  B1  07  00  31  56  06  00  9E  81  70  FF  2F  62  
07  00  6D  32  24  00  03  00  00  00  E3  07  02  19  12  29  2A  00  01  00  12  00  6D  34  14  
00  03  00  00  00  BD  57  03  00  7D  38  FF  FF  63  2F  04  00  24  47  08  00  6D  35  0C  00  
03  00  00  00  25  8D  01  00  5A  12  07  00  41  53  EF  58  47  4E  00  00  C6  80  02  00  30  
0F  1F  00  00  00  28  01  6D  15  14  00  02  01  00  00  03  04  03  00  00  00  00  00  00  00  
00  00  00  00  00  00  6D  16  10  00  03  00  00  00  E3  07  02  19  12  29  2B  00  07  00  00  
00  6D  21  1C  00  03  00  00  00  16  FF  FF  FF  C5  FF  FF  FF  F8  FF  FF  FF  FD  FF  FF  FF  
04  00  00  00  42  00  00  00  6D  22  10  00  03  00  00  00  33  FE  FF  FF  26  02  00  00  AD  
06  00  00  6D  23  14  00  03  00  00  00  94  04  B1  76  5B  51  FC  FC  37  70  07  03  28  4D  
3E  0A  6D  24  24  00  02  00  00  00  00  00  00  00  00  00  00  00  00  00  00  00  00  00  00  
00  00  00  00  00  00  00  00  00  00  00  00  00  00  00  00  00  6D  31  20  00  03  00  00  00  
8A  0F  00  00  61  77  FF  FF  89  09  01  00  4F  E7  07  00  C5  B3  06  00  EB  67  70  FF  EB  
61  07  00  6D  32  24  00  03  00  00  00  B4  8F  0C  00  22  0A  CD  7B  01  00  00  00  EF  01  
1B  8D  05  00  00  00  FD  FF  FF  FF  05  00  00  00  FE  FF  FF  FF  6D  33  10  00  03  00  01  
00  E3  07  02  19  12  29  2A  00  01  00  12  00  6D  34  14  00  03  00  00  00  FF  4B  03  00  
C0  21  FF  FF  A4  23  04  00  A1  CA  07  00  6D  35  0C  00  03  00  00  00  25  8D  01  00  F6  
11  07  00  41  53  02  78  47  4E  00  00  C7  80  02  00  00  00  00  00  00  00  28  01  6D  15  
14  00  02  01  00  00  03  04  03  00  00  00  00  00  00  00  00  00  00  00  00  00  6D  16  10  
00  03  00  00  00  E3  07  02  19  12  29  2B  00  11  00  00  00  6D  21  1C  00  03  00  00  00  
EF  FE  FF  FF  64  00  00  00  07  FF  FF  FF  00  00  00  00  F5  FF  FF  FF  3F  00  00  00  6D  
22  10  00  03  00  00  00  33  FE  FF  FF  26  02  00  00  AD  06  00  00  6D  23  14  00  03  00  
00  00  B2  08  B1  76  B0  E5  FB  FC  F8  89  07  03  23  F6  3D  0A  6D  24  24  00  02  00  00  
00  00  00  00  00  00  00  00  00  00  00  00  00  00  00  00  00  00  00  00  00  00  00  00  00  
00  00  00  00  00  00  00  00  6D  31  20  00  03  00  00  00  76  00  00  00  64  B5  FF  FF  75  
AB  00  00  76  F3  07  00  17  7C  06  00  A8  5E  70  FF  64  61  07  00  6D  32  24  00  03  00  
00  00  B4  8F  0C  00  22  0A  CD  7B  01  00  00  00  EF  01  1B  8D  05  00  00  00  FD  FF  FF  
FF  05  00  00  00  00  E3  07  02  19  12  29  2A  00  01  00  12  00  6D  34  14  00  03  00  00  
00  F4  4B  03  00  FB  1D  FF  FF  A4  23  04  00  BF  C5  07  00  6D  35  0C  00  03  00  00  00  
29  8D  01  00  C4  11  07  00  41  53  13  CD  47  4E  00  00  C8  80  02  00  03  00  00  00  00  
00  28  01  6D  15  14  00  02  01  00  00  03  04  03  00  00  00  00  00  00  00  00  00  00  00  
00  00  6D  16  10  00  03  00  00  00  E3  07  02  19  12  29  2B  00  1B  00  00  00  00  6D  21  
1C  00  03  00  00  00  4B  FF  FF  FF  7F  00  00  00  8D  FF  FF  FF  F8  FF  FF  FF  F4  FF  FF  
FF  39  00  00  00  6D  22  10  00  03  00  00  00  33  FE  FF  FF  26  02  00  00  AD  06  00  00  
6D  23  14  00  03  00  00  00  00  F2  08  B1  76  E5  9E  FB  FC  B2  B2  07  03  5E  D2  3D  0A  
6D  24  24  00  02  00  00  00  00  00  00  00  00  00  00  00  00  00  00  00  00  00  00  00  00  
00  00  00  00  00  00  00  00  00  00  00  00  00  00  00  6D  31  20  00  03  00  00  00  00  7D  
24  00  00  09  C0  FF  FF  65  DF  00  00  E4  D4  07  00  4D  79  06  00  8B  47  70  FF  36  62  
07  00  6D  32  24  00  03  00  00  00  B4  8F  0C  00  22  0A  CD  7B  01  00  00  00  EF  01  1B  
8D  05  00  00  00  FD  FF  FF  FF  00  05  00  00  00  FE  FF  FF  FF  6D  33  10  00  03  00  00  
00  E3  07  02  19  12  29  2A  00  01  00  12  00  6D  34  14  00  03  00  00  00  92  57  03  00  
6C  29  FF  FF  63  2F  04  00  9C  33  08  00  6D  35  0C  00  03  00  00  00  29  8D  01  00  F6  
11  07  00  41  53  CA  47  4E  00  00  C9  80  02  00  00  00  12  00  00  00  28  01  6D  15  14  
00  02  01  00  00  03  04  03  00  00  00  00  00  00  00  00  00  00  00  00  00  6D  16  10  00  
03  00  00  00  E3  07  02  19  12  29  2B  00  25  00  00  00  6D  21  1C  00  03  00  00  00  75  
FE  FF  FF  56  00  00  00  D1  FF  FF  FF  F6  FF  FF  FF  01  00  00  00  49  00  00  00  6D  22  
10  00  03  00  00  00  32  FE  FF  FF  26  02  00  00  AD  06  00  00  6D  23  14  00  03  00  00  
00  40  05  B1  76  E8  05  FB  FC  AB  C4  07  03  C2  CA  3D  0A  6D  24  24  00  02  00  00  00  
00  00  00  00  00  00  00  00  00  00  00  00  00  00  00  00  00  00  00  00  00  00  00  00  00  
00  00  00  00  00  00  00  6D  31  20  00  03  00  00  00  B1  D0  FF  FF  55  B0  FF  FF  F4  F9  
00  00  B7  CF  07  00  7F  AC  06  00  D2  83  70  FF  54  62  07  00  6D  32  24  00  03  00  00  
00  B4  8F  0C  00  22  0A  CD  7B  01  00  00  00  EF  01  1B  8D  05  00  00  00  FD  FF  FF  FF  
05  00  00  00  00  00  E3  07  02  19  12  29  2A  00  01  00  12  00  6D  34  14  00  03  00  00  
00  3E  48  03  00  F2  65  FF  FF  D5  6D  04  00  7C  E5  07  00  6D  35  0C  00  03  00  00  00  
29  8D  01  00  28  12  07  00  41  53  EA  D1  47  4E  00  00  CA  80  02  00  00  00  00  00  00  
00  28  01  6D  15  14  00  02  01  00  00  03  04  03  00  00  00  00  00  00  00  00  00  00  00  
00  00  6D  16  10  00  03  00  00  00  E3  07  02  19  12  29  2B  00  2F  00  00  00  00  6D  21  
1C  00  03  00  00  00  ED  FE  FF  FF  7E  00  00  00  20  00  00  00  F0  FF  FF  FF  00  00  00  
00  57  00  00  00  6D  22  10  00  03  00  00  00  32  FE  FF  FF  26  02  00  00  AD  06  00  00  
6D  23  14  00  03  00  00  00  00  AB  FF  B0  76  54  9B  FA  FC  C5  EA  07  03  C4  E0  3D  0A  
6D  24  24  00  02  00  00  00  00  00  00  00  00  00  00  00  00  00  00  00  00  00  00  00  00  
00  00  00  00  00  00  00  00  00  00  00  00  00  00  00  6D  31  20  00  03  00  00  00  00  96  
FF  FF  FF  FA  BF  FF  FF  06  19  01  00  FB  B5  07  00  42  AA  06  00  7D  BB  70  FF  EB  61  
07  00  6D  32  24  00  03  00  00  00  B4  8F  0C  00  22  0A  CD  7B  01  00  00  00  EF  01  1B  
8D  05  00  00  00  FD  FF  FF  00  FF  05  00  00  00  FE  FF  FF  FF  6D  33  10  00  03  00  00  
00  E3  07  02  19  12  29  2A  00  01  00  12  00  6D  34  14  00  03  00  00  00  81  48  03  00  
32  5E  FF  FF  C7  46  04  00  30  C8  07  00  6D  35  0C  00  03  00  00  00  25  8D  01  00  0F  
12  07  00  41  7F  47  4E  00  00  CB  80  02  00  00  00  00  00  00  00  28  01  6D  15  14  00  
02  01  00  00  03  04  03  00  00  00  00  00  00  00  00  00  00  00  00  00  6D  16  10  00  03  
00  00  00  E3  07  02  19  12  29  2B  00  39  00  00  00  6D  21  1C  00  03  00  00  00  AA  FE  
FF  FF  48  00  00  00  8D  FF  FF  FF  F1  FF  FF  FF  04  00  00  00  37  00  00  00  6D  22  10  
00  03  00  00  00  32  FE  FF  FF  26  02  00  00  AD  06  00  00  6D  23  14  00  03  00  00  00  
F3  FE  B0  76  6C  16  FA  FC  C9  F7  07  03  0A  BE  3D  0A  6D  24  24  00  02  00  00  00  00  
00  00  00  00  00  00  00  00  00  00  00  00  00  00  00  00  00  00  00  00  00  00  00  00  00  
00  00  00  00  00  00  6D  31  20  00  03  00  00  00  A9  E5  FF  FF  31  AB  FF  FF  B6  DF  00  
00  20  BD  07  00  3D  BA  06  00  3D  3E  70  FF  C4  62  07  00  6D  32  24  00  03  00  00  00  
B4  8F  0C  00  22  0A  CD  7B  01  00  00  00  EF  01  1B  8D  05  00  00  00  FD  FF  FF  FF  05  
00  00  00  E3  07  02  19  12  29  2A  00  01  00  12  00  6D  34  14  00  03  00  00  00  F3  40  
03  00  DC  4E  FF  FF  B2  1F  04  00  4E  C3  07  00  6D  35  0C  00  03  00  00  00  24  8D  01  
00  F6  11  07  00  41  53  3A  97  47  4E  00  00  CC  80  02  00  00  00  00  00  00  00  28  01  
6D  15  14  00  02  01  00  00  03  04  03  00  00  00  00  00  00  00  00  00  00  00  00  00  6D  
16  10  00  03  00  00  00  E3  07  02  19  12  29  2B  00  43  00  00  00  6D  21  1C  00  03  00  
00  00  A4  02  00  00  AB  FF  FF  FF  02  00  00  00  F2  FF  FF  FF  F8  FF  FF  FF  50  00  00  
00  6D  22  10  00  03  00  00  00  33  FE  FF  FF  26  02  00  00  AD  06  00  00  6D  23  14  00  
03  00  00  00  F9  05  B1  76  AE  23  FB  FC  E1  EA  07  03  E2  BF  3D  0A  6D  24  24  00  02  
00  00  00  00  00  00  00  00  00  00  00  00  00  00  00  00  00  00  00  00  00  00  00  00  00  
00  00  00  00  00  00  00  00  00  00  6D  31  20  00  03  00  00  00  12  73  01  00  B4  6D  FF  
FF  06  0D  01  00  77  BD  07  00  8D  87  06  00  9E  9F  70  FF  64  61  07  00  6D  32  24  00  
03  00  00  00  E6  8F  0C  00  33  0A  CD  7B  01  00  00  00  12  02  1B  8D  05  00  00  00  00  
00  00  00  04  00  00  00  FD  FF  FF  FF  6D  33  10  00  03  00  00  00  E3  07  02  19  12  29  
2B  00  01  00  12  00  6D  34  14  00  03  00  00  00  7F  29  03  00  1C  38  FF  FF  9E  1F  04  
00  8C  0C  08  00  6D  35  0C  00  03  00  00  00  20  8D  01  00  28  12  07  00  41  53  42  DA  
47  4E  00  00  CD  80  02  00  00  00  00  00  00  00  28  01  6D  15  14  00  02  01  00  00  03  
04  03  00  00  00  00  00  00  00  00  00  00  00  00  00  6D  16  10  00  03  00  00  00  E3  07  
02  19  12  29  2B  00  4D  00  00  00  6D  21  1C  00  03  00  00  00  3C  00  00  00  2E  00  00  
00  B4  FF  FF  FF  02  00  00  00  E7  FF  FF  FF  41  00  00  00  6D  22  10  00  03  00  00  00  
33  FE  FF  FF  26  02  00  00  AD  06  00  00  6D  23  14  00  03  00  00  00  35  08  B1  76  44  
3C  FB  FC  A5  FB  07  03  40  A8  3D  0A  6D  24  24  00  02  00  00  00  00  00  00  00  00  00  
00  00  00  00  00  00  00  00  00  00  00  00  00  00  00  00  00  00  00  00  00  00  00  00  00  
00  6D  31  20  00  03  00  00  00  95  82  00  00  1B  A1  FF  FF  B0  EE  00  00  FE  FE  07  00  
41  46  06  00  C6  65  70  FF  02  62  07  00  6D  32  24  00  03  00  00  00  E6  8F  0C  00  33  
0A  CD  7B  01  00  00  00  12  02  1B  8D  05  00  00  00  00  00  00  00  04  00  00  00  E3  07  
02  19  12  29  2B  00  01  00  12  00  6D  34  14  00  03  00  00  00  0C  67  03  00  AC  38  FF  
FF  0E  3F  04  00  8C  0C  08  00  6D  35  0C  00  03  00  00  00  26  8D  01  00  73  12  07  00  
41  53  A2  55  47  4E  00  00  CE  80  02  00  00  00  00  00  00  00  28  01  6D  15  14  00  02  
01  00  00  03  04  03  00  00  00  00  00  00  00  00  00  00  00  00  00  6D  16  10  00  03  00  
00  00  E3  07  02  19  12  29  2B  00  57  00  00  00  6D  21  1C  00  03  00  00  00  83  FE  FF  
FF  97  00  00  00  D1  FF  FF  FF  E5  FF  FF  FF  EB  FF  FF  FF  37  00  00  00  6D  22  10  00  
03  00  00  00  32  FE  FF  FF  26  02  00  00  AD  06  00  00  6D  23  14  00  03  00  00  00  07  
04  B1  76  FD  A6  FA  FC  41  26  08  03  0D  A0  3D  0A  6D  24  24  00  02  00  00  00  00  00  
00  00  00  00  00  00  00  00  00  00  00  00  00  00  00  00  00  00  00  00  00  00  00  00  00  
00  00  00  00  00  6D  31  20  00  03  00  00  00  65  D6  FF  FF  0B  CA  FF  FF  FB  F9  00  00  
44  8B  07  00  E3  56  06  00  11  3E  70  FF  66  60  07  00  6D  32  24  00  03  00  00  00  E6  
8F  0C  00  33  0A  CD  7B  01  00  00  00  12  02  1B  8D  05  00  00  00  00  00  00  00  04  00  
00  00  FD  FF  FF  FF  6D  33  10  00  03  00  00  00  E3  07  02  19  12  29  2B  00  01  00  12  
00  6D  34  14  00  03  00  00  00  DE  4F  03  00  87  38  FF  FF  F9  3E  04  00  F4  D1  07  00  
6D  35  0C  00  03  00  00  00  26  8D  01  00  28  12  07  00  41  53  AF  1E  47  4E  00  00  CF  
80  02  00  01  01  00  00  00  00  28  01  6D  15  14  00  02  01  00  00  03  04  03  00  00  00  
00  00  00  00  00  00  00  00  00  00  6D  16  10  00  03  00  00  00  E3  07  02  19  12  29  2B  
00  61  00  00  00  6D  21  1C  00  03  00  00  00  B5  00  00  00  2E  00  00  00  70  FF  FF  FF  
F4  FF  FF  FF  F5  FF  FF  FF  48  00  00  00  6D  22  10  00  03  00  00  00  32  FE  FF  FF  26  
02  00  00  AD  06  00  00  6D  23  14  00  03  00  00  00  AC  09  B1  76  06  EF  FA  FC  FE  39  
08  03  11  6E  3D  0A  6D  24  24  00  02  00  00  00  00  00  00  00  00  00  00  00  00  00  00  
00  00  00  00  00  00  00  00  00  00  00  00  00  00  00  00  00  00  00  00  00  6D  31  20  00  
03  00  00  00  D9  B1  00  00  22  A1  FF  FF  58  D4  00  00  CB  C6  07  00  1A  7E  06  00  82  
81  70  FF  C6  61  07  00  6D  32  24  00  03  00  00  00  E6  8F  0C  00  33  0A  CD  7B  01  00  
00  00  12  02  1B  8D  05  00  00  00  00  00  00  00  04  00  00  00  00  00  E3  07  02  19  12  
29  2B  00  01  00  12  00  6D  34  14  00  03  00  00  00  B0  38  03  00  61  38  FF  FF  E5  3E  
04  00  73  A8  07  00  6D  35  0C  00  03  00  00  00  26  8D  01  00  28  12  07  00  41  53  E6  
EA  47  4E  00  00  D0  80  02  00  00  00  00  00  00  00  28  01  6D  15  14  00  02  01  00  00  
03  04  03  00  00  00  00  00  00  00  00  00  00  00  00  00  6D  16  10  00  03  00  00  00  E3  
07  02  19  12  29  2B  00  6B  00  00  00  00  6D  21  1C  00  03  00  00  00  B4  00  00  00  25  
FF  FF  FF  3A  00  00  00  EF  FF  FF  FF  F6  FF  FF  FF  24  00  00  00  6D  22  10  00  03  00  
00  00  33  FE  FF  FF  26  02  00  00  AD  06  00  00  6D  23  14  00  03  00  00  00  00  30  0B  
B1  76  AA  41  FB  FC  E8  E7  07  03  1F  8D  3D  0A  6D  24  24  00  02  00  00  00  00  00  00  
00  00  00  00  00  00  00  00  00  00  00  00  00  00  00  00  00  00  00  00  00  00  00  00  00  
00  00  00  00  6D  31  20  00  03  00  00  00  00  71  B1  00  00  85  39  FF  FF  04  23  01  00  
60  B2  07  00  48  80  06  00  F5  F3  6F  FF  02  62  07  00  6D  32  24  00  03  00  00  00  E6  
8F  0C  00  33  0A  CD  7B  01  00  00  00  12  02  1B  8D  05  00  00  00  00  00  00  00  00  04  
00  00  00  FD  FF  FF  FF  6D  33  10  00  03  00  00  00  E3  07  02  19  12  29  2B  00  01  00  
12  00  6D  34  14  00  03  00  00  00  B0  38  03  00  61  38  FF  FF  E5  3E  04  00  B8  DB  07  
00  6D  35  0C  00  03  00  00  00  28  8D  01  00  28  12  07  00  41  4D  47  4E  00  00  D1  80  
02  00  00  00  00  00  00  00  28  01  6D  15  14  00  02  01  00  00  03  04  03  00  00  00  00  
00  00  00  00  00  00  00  00  00  6D  16  10  00  03  00  00  00  E3  07  02  19  12  29  2B  00  
75  00  00  00  6D  21  1C  00  03  00  00  00  2B  01  00  00  5A  FF  FF  FF  CC  00  00  00  E1  
FF  FF  FF  EE  FF  FF  FF  51  00  00  00  6D  22  10  00  03  00  00  00  33  FE  FF  FF  26  02  
00  00  AD  06  00  00  6D  23  14  00  03  00  00  00  74  08  B1  76  B4  C2  FB  FC  27  AF  07  
03  AB  E3  3D  0A  6D  24  24  00  02  00  00  00  00  00  00  00  00  00  00  00  00  00  00  00  
00  00  00  00  00  00  00  00  00  00  00  00  00  00  00  00  00  00  00  00  6D  31  20  00  03  
00  00  00  06  E0  00  00  7F  4E  FF  FF  24  5C  01  00  E2  7B  07  00  9C  61  06  00  20  A2  
70  FF  45  62  07  00  6D  32  24  00  03  00  00  00  E6  8F  0C  00  33  0A  CD  7B  01  00  00  
00  12  02  1B  8D  05  00  00  00  00  00  00  00  04  00  00  00  00  00  E3  07  02  19  12  29  
2B  00  01  00  12  00  6D  34  14  00  03  00  00  00  99  57  03  00  93  38  FF  FF  00  3F  04  
00  6C  BE  07  00  6D  35  0C  00  03  00  00  00  23  8D  01  00  F6  11  07  00  41  53  23  4A  
47  4E  00  00  D2  80  02  00  00  00  00  00  00  00  28  01  6D  15  14  00  02  01  00  00  03  
04  03  00  00  00  00  00  00  00  00  00  00  00  00  00  6D  16  10  00  03  00  00  00  E3  07  
02  19  12  29  2B  00  7F  00  00  00  00  6D  21  1C  00  03  00  00  00  40  FE  FF  FF  9A  FF  
FF  FF  9D  FF  FF  FF  05  00  00  00  F1  FF  FF  FF  3F  00  00  00  6D  22  10  00  03  00  00  
00  32  FE  FF  FF  26  02  00  00  AD  06  00  00  6D  23  14  00  03  00  00  00  00  DE  07  B1  
76  35  1C  FB  FC  60  73  07  03  16  CB  3D  0A  6D  24  24  00  02  00  00  00  00  00  00  00  
00  00  00  00  00  00  00  00  00  00  00  00  00  00  00  00  00  00  00  00  00  00  00  00  00  
00  00  00  6D  31  20  00  03  00  00  00  00  30  BC  FF  FF  8D  67  FF  FF  73  E5  00  00  4F  
08  08  00  A9  6B  06  00  6A  5C  70  FF  D5  61  07  00  6D  32  24  00  03  00  00  00  E6  8F  
0C  00  33  0A  CD  7B  01  00  00  00  12  02  1B  8D  05  00  00  00  00  00  00  00  00  04  00  
00  00  FD  FF  FF  FF  6D  33  10  00  03  00  00  00  E3  07  02  19  12  29  2B  00  01  00  12  
00  6D  34  14  00  03  00  00  00  33  67  03  00  2A  40  FF  FF  3F  37  04  00  22  F4  07  00  
6D  35  0C  00  03  00  00  00  28  8D  01  00  5A  12  07  00  41  FE  47  4E  00  00  D3  80  02  
00  00  00  00  00  00  00  28  01  6D  15  14  00  02  01  00  00  03  04  03  00  00  00  00  00  
00  00  00  00  00  00  00  00  6D  16  10  00  03  00  00  00  E3  07  02  19  12  29  2B  00  89  
00  00  00  6D  21  1C  00  03  00  00  00  82  FE  FF  FF  B5  FF  FF  FF  3D  00  00  00  FD  FF  
FF  FF  EC  FF  FF  FF  3D  00  00  00  6D  22  10  00  03  00  00  00  32  FE  FF  FF  26  02  00  
00  AD  06  00  00  6D  23  14  00  03  00  00  00  39  02  B1  76  FA  90  FA  FC  21  46  07  03  
C9  F0  3D  0A  6D  24  24  00  02  00  00  00  00  00  00  00  00  00  00  00  00  00  00  00  00  
00  00  00  00  00  00  00  00  00  00  00  00  00  00  00  00  00  00  00  6D  31  20  00  03  00  
00  00  15  D6  FF  FF  FE  71  FF  FF  FE  23  01  00  15  E8  07  00  2F  59  06  00  65  55  70  
FF  28  61  07  00  6D  32  24  00  03  00  00  00  E6  8F  0C  00  33  0A  CD  7B  01  00  00  00  
12  02  1B  8D  05  00  00  00  00  00  00  00  04  00  00  03  00  00  00  E3  07  02  19  12  29  
2B  00  01  00  12  00  6D  34  14  00  03  00  00  00  18  6B  03  00  2B  40  FF  FF  5B  33  04  
00  F6  24  08  00  6D  35  0C  00  03  00  00  00  26  8D  01  00  A5  12  07  00  41  53  EB  2A  
47  4E  00  00  D4  80  02  00  00  00  00  00  00  00  28  01  6D  15  14  00  02  01  00  00  03  
04  03  00  00  00  00  00  00  00  00  00  00  00  00  00  6D  16  10  00  03  00  00  00  E3  07  
02  19  12  29  2B  00  00  93  00  00  00  6D  21  1C  00  03  00  00  00  DF  FF  FF  FF  55  00  
00  00  4B  FF  FF  FF  FE  FF  FF  FF  EE  FF  FF  FF  4C  00  00  00  6D  22  10  00  03  00  00  
00  32  FE  FF  FF  26  02  00  00  AD  06  00  00  6D  23  14  00  03  00  00  00  00  9A  06  B1  
76  56  85  FA  FC  9C  60  07  03  C6  B2  3D  0A  6D  24  24  00  02  00  00  00  00  00  00  00  
00  00  00  00  00  00  00  00  00  00  00  00  00  00  00  00  00  00  00  00  00  00  00  00  00  
00  00  00  6D  31  20  00  00  03  00  00  00  4D  5E  00  00  7F  B0  FF  FF  13  C5  00  00  2F  
EC  07  00  4F  62  06  00  CA  91  70  FF  A8  61  07  00  6D  32  24  00  03  00  00  00  E6  8F  
0C  00  33  0A  CD  7B  01  00  00  00  12  02  1B  8D  05  00  00  00  00  00  00  00  00  04  00  
00  00  FD  FF  FF  FF  6D  33  10  00  03  00  00  00  E3  07  02  19  12  29  2B  00  01  00  12  
00  6D  34  14  00  03  00  00  00  FA  47  03  00  68  29  FF  FF  F3  3E  04  00  50  16  08  00  
6D  35  0C  00  03  00  00  00  26  8D  01  00  8C  12  07  00  D3  47  4E  00  00  D5  80  02  00  
00  00  00  00  00  00  28  01  6D  15  14  00  02  01  00  00  03  04  03  00  00  00  00  00  00  
00  00  00  00  00  00  00  6D  16  10  00  03  00  00  00  E3  07  02  19  12  29  2B  00  9D  00  
00  00  6D  21  1C  00  03  00  00  00  EA  00  00  00  F9  FF  FF  FF  3B  00  00  00  F3  FF  FF  
FF  FF  FF  FF  FF  49  00  00  00  6D  22  10  00  03  00  00  00  32  FE  FF  FF  26  02  00  00  
AD  06  00  00  6D  23  14  00  03  00  00  00  83  06  B1  76  7D  E6  FA  FC  4A  62  07  03  FB  
CF  3D  0A  6D  24  24  00  02  00  00  00  00  00  00  00  00  00  00  00  00  00  00  00  00  00  
00  00  00  00  00  00  00  00  00  00  00  00  00  00  00  00  00  00  6D  31  20  00  03  00  00  
00  61  C6  00  00  7F  8C  FF  FF  AD  22  01  00  D4  BF  07  00  DC  A5  06  00  B4  83  70  FF  
64  61  07  00  6D  32  24  00  03  00  00  00  E6  8F  0C  00  33  0A  CD  7B  01  00  00  00  12  
02  1B  8D  05  00  00  00  00  00  00  00  04  00  00  10  00  03  00  00  00  E3  07  02  19  12  
29  2B  00  01  00  12  00  6D  34  14  00  03  00  00  00  49  0A  03  00  15  38  FF  FF  BC  3E  
04  00  F4  D1  07  00  6D  35  0C  00  03  00  00  00  28  8D  01  00  28  12  07  00  41  53  80  
CD  47  4E  00  00  D6  80  02  00  02  01  01  01  00  00  28  01  6D  15  14  00  02  01  00  00  
03  04  03  00  00  00  00  00  00  00  00  00  00  00  00  00  6D  16  10  00  03  00  00  00  E3  
07  02  19  12  29  00  2B  00  A7  00  00  00  6D  21  1C  00  03  00  00  00  04  01  00  00  24  
FF  FF  FF  56  00  00  00  FA  FF  FF  FF  F5  FF  FF  FF  3E  00  00  00  6D  22  10  00  03  00  
00  00  33  FE  FF  FF  26  02  00  00  AD  06  00  00  6D  23  14  00  00  03  00  00  00  DC  07  
B1  76  8F  59  FB  FC  96  12  07  03  D6  F9  3D  0A  6D  24  24  00  02  00  00  00  00  00  00  
00  00  00  00  00  00  00  00  00  00  00  00  00  00  00  00  00  00  00  00  00  00  00  00  00  
00  00  00  00  6D  31  00  20  00  03  00  00  00  DC  D0  00  00  8F  39  FF  FF  53  2D  01  00  
5B  DE  07  00  EA  7B  06  00  0E  5A  70  FF  A8  61  07  00  6D  32  24  00  03  00  00  00  AA  
8F  0C  00  22  0A  CD  7B  01  00  00  00  35  02  1B  8D  05  00  00  00  00  FD  FF  FF  FF  05  
00  00  00  FD  FF  FF  FF  6D  33  10  00  03  00  00  00  E3  07  02  19  12  29  2B  00  01  00  
12  00  6D  34  14  00  03  00  00  00  AB  38  03  00  61  38  FF  FF  E5  3E  04  00  F4  D1  07  
00  6D  35  0C  00  03  00  00  00  26  8D  01  00  A5  12  2B  47  4E  00  00  D7  80  02  00  00  
00  00  00  00  00  28  01  6D  15  14  00  02  01  00  00  03  04  03  00  00  00  00  00  00  00  
00  00  00  00  00  00  6D  16  10  00  03  00  00  00  E3  07  02  19  12  29  2B  00  B1  00  00  
00  6D  21  1C  00  03  00  00  00  57  00  00  00  02  01  00  00  D1  FF  FF  FF  12  00  00  00  
05  00  00  00  4C  00  00  00  6D  22  10  00  03  00  00  00  33  FE  FF  FF  26  02  00  00  AD  
06  00  00  6D  23  14  00  03  00  00  00  47  07  B1  76  5C  77  FB  FC  C4  75  07  03  14  EC  
3D  0A  6D  24  24  00  02  00  00  00  00  00  00  00  00  00  00  00  00  00  00  00  00  00  00  
00  00  00  00  00  00  00  00  00  00  00  00  00  00  00  00  00  6D  31  20  00  03  00  00  00  
22  8D  00  00  FB  F3  FF  FF  E5  F8  00  00  42  39  08  00  91  BB  06  00  8D  91  70  FF  B1  
60  07  00  6D  32  24  00  03  00  00  00  AA  8F  0C  00  22  0A  CD  7B  01  00  00  00  35  02  
1B  8D  05  00  00  00  FD  FF  FF  FF  05  00  00  00  00  00  E3  07  02  19  12  29  2B  00  01  
00  12  00  6D  34  14  00  03  00  00  00  05  63  03  00  5E  2D  FF  FF  F3  42  04  00  0B  E3  
07  00  6D  35  0C  00  03  00  00  00  29  8D  01  00  8C  12  07  00  41  53  53  C8  47  4E  00  
00  D8  80  02  00  00  00  00  00  00  00  28  01  6D  15  14  00  02  01  00  00  03  04  03  00  
00  00  00  00  00  00  00  00  00  00  00  00  6D  16  10  00  03  00  00  00  E3  07  02  19  12  
29  2B  00  BB  00  00  00  00  6D  21  1C  00  03  00  00  00  71  00  00  00  55  00  00  00  72  
00  00  00  05  00  00  00  E6  FF  FF  FF  3B  00  00  00  6D  22  10  00  03  00  00  00  33  FE  
FF  FF  26  02  00  00  AD  06  00  00  6D  23  14  00  03  00  00  00  00  2D  03  B1  76  11  A7  
FB  FC  88  99  07  03  11  1F  3E  0A  6D  24  24  00  02  00  00  00  00  00  00  00  00  00  00  
00  00  00  00  00  00  00  00  00  00  00  00  00  00  00  00  00  00  00  00  00  00  00  00  00  
6D  31  20  00  03  00  00  00  00  3D  97  00  00  B7  B0  FF  FF  B4  37  01  00  E5  08  08  00  
10  42  06  00  20  4C  70  FF  0B  61  07  00  6D  32  24  00  03  00  00  00  AA  8F  0C  00  22  
0A  CD  7B  01  00  00  00  35  02  1B  8D  05  00  00  00  FD  FF  FF  00  FF  05  00  00  00  FD  
FF  FF  FF  6D  33  10  00  03  00  00  00  E3  07  02  19  12  29  2B  00  01  00  12  00  6D  34  
14  00  03  00  00  00  F3  56  03  00  73  0B  FF  FF  A1  4E  04  00  50  16  08  00  6D  35  0C  
00  03  00  00  00  27  8D  01  00  73  12  07  00  41  7C  47  4E  00  00  D9  80  02  00  64  00  
00  00  00  00  28  01  6D  15  14  00  02  01  00  00  03  04  03  00  00  00  00  00  00  00  00  
00  00  00  00  00  6D  16  10  00  03  00  00  00  E3  07  02  19  12  29  2B  00  C5  00  00  00  
6D  21  1C  00  03  00  00  00  06  01  00  00  6F  00  00  00  C4  FF  FF  FF  FE  FF  FF  FF  FC  
FF  FF  FF  47  00  00  00  6D  22  10  00  03  00  00  00  33  FE  FF  FF  26  02  00  00  AD  06  
00  00  6D  23  14  00  03  00  00  00  2D  06  B1  76  EE  0D  FC  FC  43  CA  07  03  31  0C  3E  
0A  6D  24  24  00  02  00  00  00  00  00  00  00  00  00  00  00  00  00  00  00  00  00  00  00  
00  00  00  00  00  00  00  00  00  00  00  00  00  00  00  00  6D  31  20  00  03  00  00  00  6D  
D1  00  00  F2  BA  FF  FF  96  F3  00  00  D7  EC  07  00  4D  96  06  00  9D  7C  70  FF  0C  60  
07  00  6D  32  24  00  03  00  00  00  AA  8F  0C  00  22  0A  CD  7B  01  00  00  00  35  02  1B  
8D  05  00  00  00  FD  FF  FF  FF  05  00  00  00  00  00  00  E3  07  02  19  12  29  2B  00  01  
00  12  00  6D  34  14  00  03  00  00  00  6A  58  03  00  C4  74  FF  FF  61  2F  04  00  C8  02  
08  00  6D  35  0C  00  03  00  00  00  28  8D  01  00  0F  12  07  00  41  53  4E  A5  47  4E  00  
00  DA  80  02  00  00  00  00  00  00  00  28  01  6D  15  14  00  02  01  00  00  03  04  03  00  
00  00  00  00  00  00  00  00  00  00  00  00  6D  16  10  00  03  00  00  00  E3  07  02  19  12  
29  2B  00  00  CF  00  00  00  6D  21  1C  00  03  00  00  00  16  FF  FF  FF  3A  00  00  00  59  
00  00  00  12  00  00  00  EA  FF  FF  FF  5E  00  00  00  6D  22  10  00  03  00  00  00  33  FE  
FF  FF  26  02  00  00  AD  06  00  00  6D  23  14  00  03  00  00  00  00  C1  FF  B0  76  E5  B6  
FB  FC  A2  D7  07  03  00  39  3E  0A  6D  24  24  00  02  00  00  00  00  00  00  00  00  00  00  
00  00  00  00  00  00  00  00  00  00  00  00  00  00  00  00  00  00  00  00  00  00  00  00  00  
6D  31  20  00  00  03  00  00  00  63  0F  00  00  0A  A6  FF  FF  01  2E  01  00  6D  3B  08  00  
78  52  06  00  66  D7  70  FF  21  61  07  00  6D  32  24  00  03  00  00  00  AA  8F  0C  00  22  
0A  CD  7B  01  00  00  00  35  02  1B  8D  05  00  00  00  FD  FF  00  FF  FF  05  00  00  00  FD  
FF  FF  FF  6D  33  10  00  03  00  00  00  E3  07  02  19  12  29  2B  00  01  00  12  00  6D  34  
14  00  03  00  00  00  9D  57  03  00  26  40  FF  FF  D2  46  04  00  5E  EA  07  00  6D  35  0C  
00  03  00  00  00  27  8D  01  00  F6  11  07  00  49  47  4E  00  00  DB  80  02  00  02  01  00  
00  00  00  28  01  6D  15  14  00  02  01  00  00  03  04  03  00  00  00  00  00  00  00  00  00  
00  00  00  00  6D  16  10  00  03  00  00  00  E3  07  02  19  12  29  2B  00  D9  00  00  00  6D  
21  1C  00  03  00  00  00  D0  00  00  00  E7  00  00  00  A9  FF  FF  FF  FD  FF  FF  FF  E4  FF  
FF  FF  4A  00  00  00  6D  22  10  00  03  00  00  00  33  FE  FF  FF  26  02  00  00  AD  06  00  
00  6D  23  14  00  03  00  00  00  D0  01  B1  76  2C  05  FC  FC  72  36  08  03  22  1C  3E  0A  
6D  24  24  00  02  00  00  00  00  00  00  00  00  00  00  00  00  00  00  00  00  00  00  00  00  
00  00  00  00  00  00  00  00  00  00  00  00  00  00  00  6D  31  20  00  03  00  00  00  2A  BC  
00  00  C8  E9  FF  FF  01  E9  00  00  41  EA  07  00  87  38  06  00  30  86  70  FF  37  61  07  
00  6D  32  24  00  03  00  00  00  AA  8F  0C  00  22  0A  CD  7B  01  00  00  00  35  02  1B  8D  
05  00  00  00  FD  FF  FF  FF  05  00  00  10  00  03  00  00  00  E3  07  02  19  12  29  2B  00  
01  00  12  00  6D  34  14  00  03  00  00  00  D5  5A  03  00  D7  16  FF  FF  5D  5A  04  00  12  
CD  07  00  6D  35  0C  00  03  00  00  00  2A  8D  01  00  73  12  07  00  41  53  A5  02  47  4E  
00  00  DC  80  02  00  03  04  03  00  00  00  28  01  6D  15  14  00  02  01  00  00  03  04  03  
00  00  00  00  00  00  00  00  00  00  00  00  00  6D  16  10  00  03  00  00  00  E3  07  02  19  
12  29  00  2B  00  E3  00  00  00  6D  21  1C  00  03  00  00  00  25  FF  FF  FF  72  FF  FF  FF  
BA  FF  FF  FF  E8  FF  FF  FF  EA  FF  FF  FF  3F  00  00  00  6D  22  10  00  03  00  00  00  33  
FE  FF  FF  26  02  00  00  AD  06  00  00  6D  23  14  00  00  03  00  00  00  C4  02  B1  76  5E  
BA  FB  FC  DA  F5  07  03  35  0E  3E  0A  6D  24  24  00  02  00  00  00  00  00  00  00  00  00  
00  00  00  00  00  00  00  00  00  00  00  00  00  00  00  00  00  00  00  00  00  00  00  00  00  
00  6D  31  00  20  00  03  00  00  00  1B  15  00  00  2B  58  FF  FF  85  EF  00  00  9D  98  07  
00  6E  4F  06  00  64  5C  70  FF  82  61  07  00  6D  32  24  00  03  00  00  00  AA  8F  0C  00  
22  0A  CD  7B  01  00  00  00  35  02  1B  8D  05  00  00  00  00  FD  FF  FF  FF  05  00  00  00  
FD  FF  FF  FF  6D  33  10  00  03  00  00  00  E3  07  02  19  12  29  2B  00  01  00  12  00  6D  
34  14  00  03  00  00  00  E7  66  03  00  C2  38  FF  FF  AD  4E  04  00  6C  BE  07  00  6D  35  
0C  00  03  00  00  00  25  8D  01  00  C4  11  4A  47  4E  00  00  DD  80  02  00  00  00  00  00  
00  00  28  01  6D  15  14  00  02  01  00  00  03  04  03  00  00  00  00  00  00  00  00  00  00  
00  00  00  6D  16  10  00  03  00  00  00  E3  07  02  19  12  29  2B  00  ED  00  00  00  6D  21  
1C  00  03  00  00  00  56  01  00  00  A8  FF  FF  FF  22  00  00  00  FD  FF  FF  FF  F7  FF  FF  
FF  1E  00  00  00  6D  22  10  00  03  00  00  00  33  FE  FF  FF  26  02  00  00  AD  06  00  00  
6D  23  14  00  03  00  00  00  3C  05  B1  76  75  49  FC  FC  AA  DD  07  03  E1  22  3E  0A  6D  
24  24  00  02  00  00  00  00  00  00  00  00  00  00  00  00  00  00  00  00  00  00  00  00  00  
00  00  00  00  00  00  00  00  00  00  00  00  00  00  6D  31  20  00  03  00  00  00  6D  F0  00  
00  61  6D  FF  FF  31  18  01  00  9D  E8  07  00  F6  80  06  00  99  DC  6F  FF  ED  60  07  00  
6D  32  24  00  03  00  00  00  AA  8F  0C  00  22  0A  CD  7B  01  00  00  00  35  02  1B  8D  05  
00  00  00  FD  FF  FF  FF  05  00  00  33  10  00  03  00  00  00  E3  07  02  19  12  29  2B  00  
01  00  12  00  6D  34  14  00  03  00  00  00  12  86  03  00  C9  38  FF  FF  8B  2F  04  00  24  
47  08  00  6D  35  0C  00  03  00  00  00  26  8D  01  00  F6  11  07  00  41  53  D4  13  47  4E  
00  00  DE  80  02  00  00  00  00  00  00  00  28  01  6D  15  14  00  02  01  00  00  03  04  03  
00  00  00  00  00  00  00  00  00  00  00  00  00  6D  16  10  00  03  00  00  00  E3  07  02  19  
12  00  29  2B  00  F7  00  00  00  6D  21  1C  00  03  00  00  00  67  FF  FF  FF  2B  00  00  00  
0A  00  00  00  F0  FF  FF  FF  F0  FF  FF  FF  44  00  00  00  6D  22  10  00  03  00  00  00  33  
FE  FF  FF  26  02  00  00  AD  06  00  00  6D  23  14  00  00  03  00  00  00  4A  02  B1  76  DE  
13  FC  FC  CC  E7  07  03  3A  32  3E  0A  6D  24  24  00  02  00  00  00  00  00  00  00  00  00  
00  00  00  00  00  00  00  00  00  00  00  00  00  00  00  00  00  00  00  00  00  00  00  00  00  
00  6D  00  31  20  00  03  00  00  00  FE  2E  00  00  D8  A0  FF  FF  82  0E  01  00  F9  B6  07  
00  0F  67  06  00  E2  6E  70  FF  0B  61  07  00  6D  32  24  00  03  00  00  00  AA  8F  0C  00  
22  0A  CD  7B  01  00  00  00  35  02  1B  8D  05  00  00  00  00  FD  FF  FF  FF  05  00  00  00  
FD  FF  FF  FF  6D  33  10  00  03  00  00  00  E3  07  02  19  12  29  2B  00  01  00  12  00  6D  
34  14  00  03  00  00  00  B1  6E  03  00  C4  38  FF  FF  E6  46  04  00  C8  02  08  00  6D  35  
0C  00  03  00  00  00  21  8D  01  00  28  11  47  4E  00  00  DF  80  02  00  00  00  00  00  00  
00  28  01  6D  15  14  00  02  01  00  00  03  04  03  00  00  00  00  00  00  00  00  00  00  00  
00  00  6D  16  10  00  03  00  00  00  E3  07  02  19  12  29  2B  00  01  01  00  00  6D  21  1C  
00  03  00  00  00  BC  FE  FF  FF  63  FF  FF  FF  0E  FF  FF  FF  F1  FF  FF  FF  F5  FF  FF  FF  
22  00  00  00  6D  22  10  00  03  00  00  00  33  FE  FF  FF  26  02  00  00  AD  06  00  00  6D  
23  14  00  03  00  00  00  1D  08  B1  76  C9  9F  FB  FC  71  9B  07  03  23  E3  3D  0A  6D  24  
24  00  02  00  00  00  00  00  00  00  00  00  00  00  00  00  00  00  00  00  00  00  00  00  00  
00  00  00  00  00  00  00  00  00  00  00  00  00  6D  31  20  00  03  00  00  00  E2  EB  FF  FF  
B6  52  FF  FF  EB  AB  00  00  30  BC  07  00  C0  79  06  00  E0  EC  6F  FF  12  61  07  00  6D  
32  24  00  03  00  00  00  AA  8F  0C  00  22  0A  CD  7B  01  00  00  00  35  02  1B  8D  05  00  
00  00  FD  FF  FF  FF  05  00  00  10  00  03  00  00  00  E3  07  02  19  12  29  2B  00  01  00  
12  00  6D  34  14  00  03  00  00  00  8C  4F  03  00  EE  34  FF  FF  3A  5E  04  00  E4  AA  07  
00  6D  35  0C  00  03  00  00  00  28  8D  01  00  DD  11  07  00  41  53  67  D7  47  4E  00  00  
E0  80  02  00  14  00  00  00  00  00  28  01  6D  15  14  00  02  01  00  00  03  04  03  00  00  
00  00  00  00  00  00  00  00  00  00  00  6D  16  10  00  03  00  00  00  E3  07  02  19  12  29  
00  2B  00  0B  01  00  00  6D  21  1C  00  03  00  00  00  F1  FD  FF  FF  F5  FF  FF  FF  C9  FF  
FF  FF  0E  00  00  00  07  00  00  00  4C  00  00  00  6D  22  10  00  03  00  00  00  32  FE  FF  
FF  26  02  00  00  AD  06  00  00  6D  23  14  00  00  03  00  00  00  3A  04  B1  76  7E  D9  FA  
FC  AA  82  07  03  11  DD  3D  0A  6D  24  24  00  02  00  00  00  00  00  00  00  00  00  00  00  
00  00  00  00  00  00  00  00  00  00  00  00  00  00  00  00  00  00  00  00  00  00  00  00  6D  
31  00  20  00  03  00  00  00  B0  9C  FF  FF  D7  8B  FF  FF  24  F5  00  00  0F  2D  08  00  60  
C4  06  00  AA  91  70  FF  CD  61  07  00  6D  32  24  00  03  00  00  00  90  90  0C  00  33  0A  
CD  7B  01  00  00  00  47  02  1B  8D  05  00  00  00  00  03  00  00  00  00  00  00  00  FC  FF  
FF  FF  6D  33  10  00  03  00  00  00  E3  07  02  19  12  29  2B  00  01  00  12  00  6D  34  14  
00  03  00  00  00  3E  38  03  00  7A  29  FF  FF  26  5E  04  00  4C  70  07  00  6D  35  0C  00  
03  00  00  00  23  8D  01  00  28  12  35  47  4E  00  00  E1  80  02  00  3D  87  01  00  00  00  
28  01  6D  15  14  00  02  01  00  00  03  04  03  00  00  00  00  00  00  00  00  00  00  00  00  
00  6D  16  10  00  03  00  00  00  E3  07  02  19  12  29  2B  00  15  01  00  00  6D  21  1C  00  
03  00  00  00  B8  FF  FF  FF  60  00  00  00  9F  FF  FF  FF  06  00  00  00  FF  FF  FF  FF  3B  
00  00  00  6D  22  10  00  03  00  00  00  32  FE  FF  FF  26  02  00  00  AD  06  00  00  6D  23  
14  00  03  00  00  00  31  05  B1  76  DF  BF  FA  FC  08  A3  07  03  C2  C0  3D  0A  6D  24  24  
00  02  00  00  00  00  00  00  00  00  00  00  00  00  00  00  00  00  00  00  00  00  00  00  00  
00  00  00  00  00  00  00  00  00  00  00  00  6D  31  20  00  03  00  00  00  8E  4E  00  00  9E  
B5  FF  FF  78  E4  00  00  29  0D  08  00  43  A6  06  00  FD  4B  70  FF  28  61  07  00  6D  32  
24  00  03  00  00  00  90  90  0C  00  33  0A  CD  7B  01  00  00  00  47  02  1B  8D  05  00  00  
00  03  00  00  00  00  00  00  33  10  00  03  00  00  00  E3  07  02  19  12  29  2B  00  01  00  
12  00  6D  34  14  00  03  00  00  00  99  5B  03  00  7A  4B  FF  FF  D3  46  04  00  6E  11  08  
00  6D  35  0C  00  03  00  00  00  28  8D  01  00  28  12  07  00  41  53  B4  5C  47  4E  00  00  
E2  80  02  00  01  16  01  60  00  00  28  01  6D  15  14  00  02  01  00  00  03  04  03  00  00  
00  00  00  00  00  00  00  00  00  00  00  6D  16  10  00  03  00  00  00  E3  07  02  19  12  00  
29  2B  00  1F  01  00  00  6D  21  1C  00  03  00  00  00  23  00  00  00  7E  FF  FF  FF  FD  FF  
FF  FF  FD  FF  FF  FF  EB  FF  FF  FF  4A  00  00  00  6D  22  10  00  03  00  00  00  32  FE  FF  
FF  26  02  00  00  AD  06  00  00  6D  23  14  00  00  03  00  00  00  50  06  B1  76  C4  D7  FA  
FC  59  70  07  03  CF  C9  3D  0A  6D  24  24  00  02  00  00  00  00  00  00  00  00  00  00  00  
00  00  00  00  00  00  00  00  00  00  00  00  00  00  00  00  00  00  00  00  00  00  00  00  6D  
00  31  20  00  03  00  00  00  28  78  00  00  9E  5D  FF  FF  1D  09  01  00  F1  E9  07  00  F5  
58  06  00  37  86  70  FF  AF  61  07  00  6D  32  24  00  03  00  00  00  90  90  0C  00  33  0A  
CD  7B  01  00  00  00  47  02  1B  8D  05  00  00  00  00  03  00  00  00  00  00  00  00  FC  FF  
FF  FF  6D  33  10  00  03  00  00  00  E3  07  02  19  12  29  2B  00  01  00  12  00  6D  34  14  
00  03  00  00  00  CB  4F  03  00  91  38  FF  FF  C9  46  04  00  04  F9  07  00  6D  35  0C  00  
03  00  00  00  25  8D  01  00  5A  AF  47  4E  00  00  E3  80  02  00  2A  00  00  00  00  00  28  
01  6D  15  14  00  02  01  00  00  03  04  03  00  00  00  00  00  00  00  00  00  00  00  00  00  
6D  16  10  00  03  00  00  00  E3  07  02  19  12  29  2B  00  29  01  00  00  6D  21  1C  00  03  
00  00  00  73  FF  FF  FF  11  00  00  00  AC  00  00  00  F1  FF  FF  FF  EE  FF  FF  FF  32  00  
00  00  6D  22  10  00  03  00  00  00  32  FE  FF  FF  26  02  00  00  AD  06  00  00  6D  23  14  
00  03  00  00  00  56  FE  B0  76  BC  A8  FA  FC  86  72  07  03  B9  17  3E  0A  6D  24  24  00  
02  00  00  00  00  00  00  00  00  00  00  00  00  00  00  00  00  00  00  00  00  00  00  00  00  
00  00  00  00  00  00  00  00  00  00  00  6D  31  20  00  03  00  00  00  7B  33  00  00  BE  96  
FF  FF  16  4D  01  00  6E  BB  07  00  DD  61  06  00  69  29  70  FF  4C  62  07  00  6D  32  24  
00  03  00  00  00  90  90  0C  00  33  0A  CD  7B  01  00  00  00  47  02  1B  8D  05  00  00  00  
03  00  00  00  00  00  00  6D  33  10  00  03  00  00  00  E3  07  02  19  12  29  2B  00  01  00  
12  00  6D  34  14  00  03  00  00  00  5A  34  03  00  16  1E  FF  FF  6A  52  04  00  FB  BB  07  
00  6D  35  0C  00  03  00  00  00  23  8D  01  00  5A  12  07  00  41  53  DE  1C  47  4E  00  00  
E4  80  02  00  10  05  00  00  00  00  28  01  6D  15  14  00  02  01  00  00  03  04  03  00  00  
00  00  00  00  00  00  00  00  00  00  00  6D  16  10  00  03  00  00  00  E3  07  02  19  00  12  
29  2B  00  33  01  00  00  6D  21  1C  00  03  00  00  00  DB  01  00  00  FB  FE  FF  FF  ED  00  
00  00  F2  FF  FF  FF  02  00  00  00  4E  00  00  00  6D  22  10  00  03  00  00  00  33  FE  FF  
FF  26  02  00  00  AD  06  00  00  6D  23  00  14  00  03  00  00  00  19  FD  B0  76  EC  72  FB  
FC  5C  1D  07  03  DC  7A  3E  0A  6D  24  24  00  02  00  00  00  00  00  00  00  00  00  00  00  
00  00  00  00  00  00  00  00  00  00  00  00  00  00  00  00  00  00  00  00  00  00  00  00  00  
6D  31  20  00  03  00  00  00  32  24  01  00  43  2A  FF  FF  62  66  01  00  4F  BD  07  00  73  
B1  06  00  4C  96  70  FF  8A  61  07  00  6D  32  24  00  03  00  00  00  90  90  0C  00  33  0A  
CD  7B  01  00  00  00  47  02  1B  8D  05  00  00  00  00  03  00  00  00  00  00  00  00  FC  FF  
FF  FF  6D  33  10  00  03  00  00  00  E3  07  02  19  12  29  2B  00  01  00  12  00  6D  34  14  
00  03  00  00  00  C8  28  03  00  61  29  FF  FF  18  5E  04  00  40  EF  07  00  6D  35  0C  00  
03  00  00  00  25  8D  01  00  16  47  4E  00  00  E5  80  02  00  00  00  00  00  00  00  28  01  
6D  15  14  00  02  01  00  00  03  04  03  00  00  00  00  00  00  00  00  00  00  00  00  00  6D  
16  10  00  03  00  00  00  E3  07  02  19  12  29  2B  00  3D  01  00  00  6D  21  1C  00  03  00  
00  00  25  FF  FF  FF  87  00  00  00  19  00  00  00  E7  FF  FF  FF  FD  FF  FF  FF  57  00  00  
00  6D  22  10  00  03  00  00  00  32  FE  FF  FF  26  02  00  00  AD  06  00  00  6D  23  14  00  
03  00  00  00  30  F8  B0  76  34  1F  FB  FC  DA  48  07  03  3B  8E  3E  0A  6D  24  24  00  02  
00  00  00  00  00  00  00  00  00  00  00  00  00  00  00  00  00  00  00  00  00  00  00  00  00  
00  00  00  00  00  00  00  00  00  00  6D  31  20  00  03  00  00  00  DA  14  00  00  1A  C5  FF  
FF  C5  13  01  00  35  91  07  00  9D  9C  06  00  5D  BB  70  FF  D6  60  07  00  6D  32  24  00  
03  00  00  00  90  90  0C  00  33  0A  CD  7B  01  00  00  00  47  02  1B  8D  05  00  00  00  03  
00  00  00  00  00  00  6D  33  10  00  03  00  00  00  E3  07  02  19  12  29  2B  00  01  00  12  
00  6D  34  14  00  03  00  00  00  48  40  03  00  56  29  FF  FF  06  3B  04  00  47  D9  07  00  
6D  35  0C  00  03  00  00  00  2A  8D  01  00  F6  11  07  00  41  53  06  92  47  4E  00  00  E6  
80  02  00  00  00  00  00  00  00  28  01  6D  15  14  00  02  01  00  00  03  04  03  00  00  00  
00  00  00  00  00  00  00  00  00  00  6D  16  10  00  03  00  00  00  E3  07  02  19  00  12  29  
2B  00  47  01  00  00  6D  21  1C  00  03  00  00  00  FE  FE  FF  FF  52  00  00  00  5E  FF  FF  
FF  F8  FF  FF  FF  F2  FF  FF  FF  26  00  00  00  6D  22  10  00  03  00  00  00  32  FE  FF  FF  
26  02  00  00  AD  06  00  00  6D  23  00  14  00  03  00  00  00  BE  F9  B0  76  60  BC  FA  FC  
97  5B  07  03  82  59  3E  0A  6D  24  24  00  02  00  00  00  00  00  00  00  00  00  00  00  00  
00  00  00  00  00  00  00  00  00  00  00  00  00  00  00  00  00  00  00  00  00  00  00  00  6D  
31  20  00  03  00  00  00  77  05  00  00  4C  B0  FF  FF  BD  CA  00  00  94  D5  07  00  A0  72  
06  00  E0  FA  6F  FF  8A  61  07  00  6D  32  24  00  03  00  00  00  90  90  0C  00  33  0A  CD  
7B  01  00  00  00  47  02  1B  8D  05  00  00  00  00  03  00  00  00  00  00  00  00  FC  FF  FF  
FF  6D  33  10  00  03  00  00  00  E3  07  02  19  12  29  2B  00  01  00  12  00  6D  34  14  00  
03  00  00  00  EE  38  03  00  68  47  FF  FF  16  37  04  00  7A  92  07  00  6D  35  0C  00  03  
00  00  00  25  8D  01  00  B3  47  4E  00  00  E7  80  02  00  00  00  00  00  00  00  28  01  6D  
15  14  00  02  01  00  00  03  04  03  00  00  00  00  00  00  00  00  00  00  00  00  00  6D  16  
10  00  03  00  00  00  E3  07  02  19  12  29  2B  00  51  01  00  00  6D  21  1C  00  03  00  00  
00  AA  FF  FF  FF  00  01  00  00  18  00  00  00  F2  FF  FF  FF  F1  FF  FF  FF  47  00  00  00  
6D  22  10  00  03  00  00  00  32  FE  FF  FF  26  02  00  00  AD  06  00  00  6D  23  14  00  03  
00  00  00  01  F5  B0  76  98  98  FA  FC  E5  B9  07  03  F9  69  3E  0A  6D  24  24  00  02  00  
00  00  00  00  00  00  00  00  00  00  00  00  00  00  00  00  00  00  00  00  00  00  00  00  00  
00  00  00  00  00  00  00  00  00  6D  31  20  00  03  00  00  00  78  48  00  00  1F  F4  FF  FF  
3A  13  01  00  33  BD  07  00  66  6D  06  00  AE  7A  70  FF  90  62  07  00  6D  32  24  00  03  
00  00  00  90  90  0C  00  33  0A  CD  7B  01  00  00  00  47  02  1B  8D  05  00  00  00  03  00  
00  00  00  00  00  FF  FF  6D  33  10  00  03  00  00  00  E3  07  02  19  12  29  2B  00  01  00  
12  00  6D  34  14  00  03  00  00  00  0D  3D  03  00  D3  61  FF  FF  00  3B  04  00  63  81  07  
00  6D  35  0C  00  03  00  00  00  22  8D  01  00  DD  11  07  00  41  53  58  BA  47  4E  00  00  
E8  80  02  00  00  04  00  00  00  00  28  01  6D  15  14  00  02  01  00  00  03  04  03  00  00  
00  00  00  00  00  00  00  00  00  00  00  6D  16  10  00  03  00  00  00  E3  07  00  02  19  12  
29  2B  00  5B  01  00  00  6D  21  1C  00  03  00  00  00  A2  FD  FF  FF  DA  FF  FF  FF  CC  FF  
FF  FF  10  00  00  00  FC  FF  FF  FF  38  00  00  00  6D  22  10  00  03  00  00  00  32  FE  FF  
FF  26  02  00  00  AD  06  00  00  00  6D  23  14  00  03  00  00  00  83  F0  B0  76  08  B4  F9  
FC  A9  94  07  03  9E  65  3E  0A  6D  24  24  00  02  00  00  00  00  00  00  00  00  00  00  00  
00  00  00  00  00  00  00  00  00  00  00  00  00  00  00  00  00  00  00  00  00  00  00  00  00  
6D  31  20  00  03  00  00  00  64  7D  FF  FF  60  81  FF  FF  58  F5  00  00  54  32  08  00  81  
9A  06  00  75  40  70  FF  A8  61  07  00  6D  32  24  00  03  00  00  00  90  90  0C  00  33  0A  
CD  7B  01  00  00  00  47  02  1B  8D  00  05  00  00  00  03  00  00  00  00  00  00  00  FC  FF  
FF  FF  6D  33  10  00  03  00  00  00  E3  07  02  19  12  29  2B  00  01  00  12  00  6D  34  14  
00  03  00  00  00  F7  76  03  00  D2  56  FF  FF  7D  2F  04  00  8C  0C  08  00  6D  35  0C  00  
03  00  00  00  24  8D  A1  47  4E  00  00  E9  80  02  00  C3  BF  21  00  00  00  28  01  6D  15  
14  00  02  01  00  00  03  04  03  00  00  00  00  00  00  00  00  00  00  00  00  00  6D  16  10  
00  03  00  00  00  E3  07  02  19  12  29  2B  00  65  01  00  00  6D  21  1C  00  03  00  00  00  
EF  FE  FF  FF  03  00  00  00  42  00  00  00  E7  FF  FF  FF  EE  FF  FF  FF  54  00  00  00  6D  
22  10  00  03  00  00  00  31  FE  FF  FF  26  02  00  00  AD  06  00  00  6D  23  14  00  03  00  
00  00  F9  EA  B0  76  95  50  F9  FC  38  8B  07  03  2F  8B  3E  0A  6D  24  24  00  02  00  00  
00  00  00  00  00  00  00  00  00  00  00  00  00  00  00  00  00  00  00  00  00  00  00  00  00  
00  00  00  00  00  00  00  00  6D  31  20  00  03  00  00  00  80  FF  FF  FF  66  91  FF  FF  98  
23  01  00  17  93  07  00  A9  68  06  00  B6  AD  70  FF  54  62  07  00  6D  32  24  00  03  00  
00  00  90  90  0C  00  33  0A  CD  7B  01  00  00  00  47  02  1B  8D  05  00  00  00  03  00  00  
00  00  00  00  6D  33  10  00  03  00  00  00  E3  07  02  19  12  29  2B  00  01  00  12  00  6D  
34  14  00  03  00  00  00  A4  53  03  00  31  40  FF  FF  86  52  04  00  93  F6  07  00  6D  35  
0C  00  03  00  00  00  28  8D  01  00  28  12  07  00  41  53  30  79  47  4E  00  00  EA  80  02  
00  CE  20  00  00  00  00  28  01  6D  15  14  00  02  01  00  00  03  04  03  00  00  00  00  00  
00  00  00  00  00  00  00  00  6D  16  10  00  03  00  00  00  E3  07  02  19  00  12  29  2B  00  
6F  01  00  00  6D  21  1C  00  03  00  00  00  36  FE  FF  FF  79  00  00  00  10  FF  FF  FF  FE  
FF  FF  FF  F1  FF  FF  FF  54  00  00  00  6D  22  10  00  03  00  00  00  31  FE  FF  FF  26  02  
00  00  AD  06  00  00  6D  23  00  14  00  03  00  00  00  C7  EC  B0  76  18  9E  F8  FC  CC  A5  
07  03  AF  39  3E  0A  6D  24  24  00  02  00  00  00  00  00  00  00  00  00  00  00  00  00  00  
00  00  00  00  00  00  00  00  00  00  00  00  00  00  00  00  00  00  00  00  00  00  6D  31  20  
00  03  00  00  00  40  B7  FF  FF  A2  BF  FF  FF  C0  AB  00  00  56  EE  07  00  00  75  06  00  
ED  AF  70  FF  91  61  07  00  6D  32  24  00  03  00  00  00  FA  8F  0C  00  22  0A  CD  7B  01  
00  00  00  6A  02  1B  8D  05  00  00  00  00  00  00  00  00  01  00  00  00  FC  FF  FF  FF  6D  
33  10  00  03  00  00  00  E3  07  02  19  12  29  2B  00  01  00  12  00  6D  34  14  00  03  00  
00  00  CB  57  03  00  CC  56  FF  FF  A0  4E  04  00  AA  07  08  00  6D  35  0C  00  00  03  00  
00  00  2B  8D  01  00  55  47  4E  00  00  FF  80  02  00  00  00  00  00  00  00  28  01  6D  15  
14  00  02  01  00  00  03  04  03  00  00  00  00  00  00  00  00  00  00  00  00  00  6D  16  10  
00  03  00  00  00  E3  07  02  19  12  29  2B  00  41  02  00  00  6D  21  1C  00  03  00  00  00  
94  FE  FF  FF  4F  00  00  00  F0  FF  FF  FF  04  00  00  00  EC  FF  FF  FF  21  00  00  00  6D  
22  10  00  03  00  00  00  33  FE  FF  FF  26  02  00  00  AE  06  00  00  6D  23  14  00  03  00  
00  00  5D  EC  B0  76  21  8B  FC  FC  A1  55  07  03  84  7E  3F  0A  6D  24  24  00  02  00  00  
00  00  00  00  00  00  00  00  00  00  00  00  00  00  00  00  00  00  00  00  00  00  00  00  00  
00  00  00  00  00  00  00  00  6D  31  20  00  03  00  00  00  4E  DB  FF  FF  4B  B0  FF  FF  67  
04  01  00  6D  04  08  00  80  54  06  00  59  E8  6F  FF  82  61  07  00  6D  32  24  00  03  00  
00  00  8C  8F  0C  00  22  0A  CD  7B  01  00  00  00  AF  02  1B  8D  05  00  00  00  01  00  00  
00  06  00  00  F0  57  03  00  B7  56  FF  FF  00  3F  04  00  4C  70  07  00  6D  35  0C  00  03  
00  00  00  2B  8D  01  00  0F  12  07  00  41  53  F5  A3  47  4E  00  00  00  81  02  00  AA  AA  
AA  AA  00  00  28  01  6D  15  14  00  02  01  00  00  03  04  03  00  00  00  00  00  00  00  00  
00  00  00  00  00  6D  16  10  00  03  00  00  00  E3  07  02  19  12  29  2B  00  4B  02  00  00  
6D  21  1C  00  03  00  00  00  31  02  00  00  29  00  00  00  B7  FF  FF  FF  E0  FF  FF  FF  EE  
FF  FF  FF  4B  00  00  00  6D  22  10  00  03  00  00  00  34  FE  FF  FF  26  02  00  00  AE  06  
00  00  6D  23  14  00  03  00  00  00  9E  F3  B0  76  63  68  FD  FC  AD  74  07  03  5C  62  3F  
0A  6D  24  24  00  02  00  00  00  00  00  00  00  00  00  00  00  00  00  00  00  00  00  00  00  
00  00  00  00  00  00  00  00  00  00  00  00  00  00  00  00  6D  31  20  00  03  00  00  00  62  
44  01  00  50  A1  FF  FF  D3  ED  00  00  DA  75  07  00  C5  5D  06  00  AB  8A  70  FF  75  60  
07  00  6D  32  24  00  03  00  00  00  8C  8F  0C  00  22  0A  CD  7B  01  00  00  00  AF  02  1B  
8D  05  00  00  00  01  00  00  00  06  00  00  00  FC  FF  FF  FF  6D  33  10  00  03  00  00  00  
E3  07  02  19  12  29  00  2B  00  01  00  12  00  6D  34  14  00  03  00  00  00  E1  57  03  00  
67  38  FF  FF  C7  1F  04  00  5C  97  07  00  6D  35  0C  00  03  00  00  00  2B  8D  01  00  5A  
12  07  00  41  53  D3  8A  47  4E  00  00  01  81  02  00  02  03  90  01  00  00  28  01  6D  15  
14  00  02  01  00  00  03  04  03  00  00  00  00  00  00  00  00  00  00  00  00  00  6D  16  10  
00  03  00  00  00  E3  07  02  19  12  29  2B  00  55  02  00  00  6D  21  1C  00  03  00  00  00  
CC  FD  FF  FF  1D  FF  FF  FF  E5  FF  FF  FF  E8  FF  FF  FF  0B  00  00  00  4D  00  00  00  6D  
22  10  00  03  00  00  00  33  FE  FF  FF  25  02  00  00  AE  06  00  00  6D  23  14  00  03  00  
00  00  F1  F0  B0  76  41  99  FC  FC  F7  05  07  03  33  65  3F  0A  6D  24  24  00  02  00  00  
00  00  00  00  00  00  00  00  00  00  00  00  00  00  00  00  00  00  00  00  00  00  00  00  00  
00  00  00  00  00  00  00  00  6D  31  20  00  03  00  00  00  EA  8C  FF  FF  E1  38  FF  FF  EF  
FF  00  00  8B  97  07  00  EF  CC  06  00  08  94  00  00  FC  FF  FF  FF  6D  33  10  00  03  00  
00  00  E3  07  02  19  12  29  2B  00  01  00  12  00  6D  34  14  00  03  00  00  00  C6  57  03  
00  78  38  FF  FF  7C  2B  04  00  A1  CA  07  00  6D  35  0C  00  03  00  00  00  27  8D  01  00  
92  11  07  00  41  53  27  57  47  4E  00  00  02  81  02  00  04  00  01  00  00  00  28  01  6D  
15  14  00  02  01  00  00  03  04  03  00  00  00  00  00  00  00  00  00  00  00  00  00  6D  16  
10  00  03  00  00  00  00  E3  07  02  19  12  29  2B  00  5F  02  00  00  6D  21  1C  00  03  00  
00  00  68  00  00  00  5E  00  00  00  31  00  00  00  FA  FF  FF  FF  FC  FF  FF  FF  44  00  00  
00  6D  22  10  00  03  00  00  00  34  FE  FF  FF  26  02  00  00  00  AE  06  00  00  6D  23  14  
00  03  00  00  00  3C  EF  B0  76  4F  C3  FC  FC  A4  2A  07  03  82  7A  3F  0A  6D  24  24  00  
02  00  00  00  00  00  00  00  00  00  00  00  00  00  00  00  00  00  00  00  00  00  00  00  00  
00  00  00  00  00  00  00  00  00  00  00  00  6D  31  20  00  03  00  00  00  DC  91  00  00  F7  
B5  FF  FF  85  1D  01  00  AF  DB  07  00  62  95  06  00  EE  6E  70  FF  02  62  07  00  6D  32  
24  00  03  00  00  00  8C  8F  0C  00  22  0A  CD  7B  01  00  00  00  00  AF  02  1B  8D  05  00  
00  00  01  00  00  00  06  00  00  00  FC  FF  FF  FF  6D  33  10  00  03  00  00  00  E3  07  02  
19  12  29  2B  00  01  00  12  00  6D  34  14  00  03  00  00  00  6C  48  03  00  A9  56  FF  FF  
C3  46  04  00  12  CD  07  00  6D  35  0C  00  03  00  F6  47  4E  00  00  03  81  02  00  C0  C6  
2D  00  00  00  28  01  6D  15  14  00  02  01  00  00  03  04  03  00  00  00  00  00  00  00  00  
00  00  00  00  00  6D  16  10  00  03  00  00  00  E3  07  02  19  12  29  2B  00  69  02  00  00  
6D  21  1C  00  03  00  00  00  C6  00  00  00  97  FF  FF  FF  31  00  00  00  11  00  00  00  F0  
FF  FF  FF  32  00  00  00  6D  22  10  00  03  00  00  00  34  FE  FF  FF  25  02  00  00  AE  06  
00  00  6D  23  14  00  03  00  00  00  58  F0  B0  76  CC  18  FD  FC  AB  05  07  03  B9  91  3F  
0A  6D  24  24  00  02  00  00  00  00  00  00  00  00  00  00  00  00  00  00  00  00  00  00  00  
00  00  00  00  00  00  00  00  00  00  00  00  00  00  00  00  6D  31  20  00  03  00  00  00  94  
B6  00  00  39  68  FF  FF  9D  1D  01  00  0C  37  08  00  B1  64  06  00  B6  2B  70  FF  27  62  
07  00  6D  32  24  00  03  00  00  00  8C  8F  0C  00  22  0A  CD  7B  01  00  00  00  AF  02  1B  
8D  05  00  00  00  01  00  00  00  06  00  00  00  FC  FF  FF  FF  6D  33  10  00  03  00  00  00  
E3  07  02  19  12  29  2B  00  01  00  12  00  6D  34  14  00  03  00  00  00  1A  39  03  00  D6  
74  FF  FF  23  5E  04  00  6C  BE  07  00  6D  35  0C  00  03  00  00  00  25  8D  01  00  0F  12  
07  00  41  53  A7  F6  47  4E  00  00  04  81  02  00  00  10  0E  00  00  00  28  01  6D  15  14  
00  02  01  00  00  03  04  03  00  00  00  00  00  00  00  00  00  00  00  00  00  6D  16  10  00  
03  00  00  00  00  E3  07  02  19  12  29  2B  00  73  02  00  00  6D  21  1C  00  03  00  00  00  
FD  FF  FF  FF  AE  00  00  00  82  00  00  00  FD  FF  FF  FF  07  00  00  00  50  00  00  00  6D  
22  10  00  03  00  00  00  34  FE  FF  FF  26  02  00  00  AE  00  06  00  00  6D  23  14  00  03  
00  00  00  F0  E9  B0  76  F7  16  FD  FC  FA  47  07  03  C5  C7  3F  0A  6D  24  24  00  02  00  
00  00  00  00  00  00  00  00  00  00  00  00  00  00  00  00  00  00  00  00  00  00  00  00  00  
00  00  00  00  00  00  00  00  00  00  6D  31  20  00  03  00  00  00  15  68  00  00  EB  D4  FF  
FF  0F  3D  01  00  C5  E9  07  00  7A  BD  06  00  2F  9D  70  FF  03  61  07  00  6D  32  24  00  
03  00  00  00  8C  8F  0C  00  22  0A  CD  7B  01  00  00  00  AF  00  02  1B  8D  05  00  00  00  
01  00  00  00  06  00  00  00  FC  FF  FF  FF  6D  33  10  00  03  00  00  00  E3  07  02  19  12  
29  2B  00  01  00  12  00  6D  34  14  00  03  00  00  00  58  38  03  00  3D  1A  FF  FF  E6  3E  
04  00  6C  BE  07  00  6D  35  0C  00  03  00  00  0D  47  4E  00  00  05  81  02  00  01  00  00  
01  00  00  28  01  6D  15  14  00  02  01  00  00  03  04  03  00  00  00  00  00  00  00  00  00  
00  00  00  00  6D  16  10  00  03  00  00  00  E3  07  02  19  12  29  2B  00  7D  02  00  00  6D  
21  1C  00  03  00  00  00  5E  FE  FF  FF  6B  00  00  00  C9  FF  FF  FF  EE  FF  FF  FF  F7  FF  
FF  FF  3E  00  00  00  6D  22  10  00  03  00  00  00  33  FE  FF  FF  26  02  00  00  AE  06  00  
00  6D  23  14  00  03  00  00  00  62  E6  B0  76  AE  74  FC  FC  E0  5F  07  03  28  BA  3F  0A  
6D  24  24  00  02  00  00  00  00  00  00  00  00  00  00  00  00  00  00  00  00  00  00  00  00  
00  00  00  00  00  00  00  00  00  00  00  00  00  00  00  6D  31  20  00  03  00  00  00  51  C6  
FF  FF  A5  BA  FF  FF  C8  F4  00  00  84  AF  07  00  8A  82  06  00  C2  57  70  FF  18  62  07  
00  6D  32  24  00  03  00  00  00  8C  8F  0C  00  22  0A  CD  7B  01  00  00  00  AF  02  1B  8D  
05  00  00  00  01  00  00  00  06  00  00  00  FC  FF  FF  FF  6D  33  10  00  03  00  00  00  E3  
07  02  19  12  29  2B  00  01  00  12  00  6D  34  14  00  03  00  00  00  C9  4F  03  00  FD  30  
FF  FF  FA  3E  04  00  73  A8  07  00  6D  35  0C  00  03  00  00  00  27  8D  01  00  73  12  07  
00  41  53  A3  DD  47  4E  00  00  06  81  02  00  30  0F  1F  00  00  00  28  01  6D  15  14  00  
02  01  00  00  03  04  03  00  00  00  00  00  00  00  00  00  00  00  00  00  6D  16  10  00  03  
00  00  00  00  E3  07  02  19  12  29  2B  00  87  02  00  00  6D  21  1C  00  03  00  00  00  75  
00  00  00  18  01  00  00  31  00  00  00  EB  FF  FF  FF  F3  FF  FF  FF  67  00  00  00  6D  22  
10  00  03  00  00  00  34  FE  FF  FF  26  02  00  00  AE  00  06  00  00  6D  23  14  00  03  00  
00  00  FA  E2  B0  76  56  9D  FC  FC  D3  CD  07  03  0F  CD  3F  0A  6D  24  24  00  02  00  00  
00  00  00  00  00  00  00  00  00  00  00  00  00  00  00  00  00  00  00  00  00  00  00  00  00  
00  00  00  00  00  00  00  00  00  6D  31  20  00  03  00  00  00  3C  97  00  00  7D  FE  FF  FF  
58  1D  01  00  46  A1  07  00  90  72  06  00  24  FA  70  FF  19  61  07  00  6D  32  24  00  03  
00  00  00  8C  8F  0C  00  22  0A  CD  7B  01  00  00  00  AF  00  02  1B  8D  05  00  00  00  01  
00  00  00  06  00  00  00  FC  FF  FF  FF  6D  33  10  00  03  00  00  00  E3  07  02  19  12  29  
2B  00  01  00  12  00  6D  34  14  00  03  00  00  00  BA  57  03  00  D8  56  FF  FF  71  56  04  
00  6C  BE  07  00  6D  35  0C  00  03  00  00  5D  47  4E  00  00  07  81  02  00  00  00  00  00  
00  00  28  01  6D  15  14  00  02  01  00  00  03  04  03  00  00  00  00  00  00  00  00  00  00  
00  00  00  6D  16  10  00  03  00  00  00  E3  07  02  19  12  29  2B  00  91  02  00  00  6D  21  
1C  00  03  00  00  00  FD  FF  FF  FF  D9  FF  FF  FF  83  00  00  00  0C  00  00  00  F8  FF  FF  
FF  60  00  00  00  6D  22  10  00  03  00  00  00  34  FE  FF  FF  26  02  00  00  AE  06  00  00  
6D  23  14  00  03  00  00  00  BB  DE  B0  76  B1  A2  FC  FC  FB  BC  07  03  D0  04  40  0A  6D  
24  24  00  02  00  00  00  00  00  00  00  00  00  00  00  00  00  00  00  00  00  00  00  00  00  
00  00  00  00  00  00  00  00  00  00  00  00  00  00  6D  31  20  00  03  00  00  00  3B  68  00  
00  EB  81  FF  FF  54  3D  01  00  EE  23  08  00  58  83  06  00  F0  DB  70  FF  19  61  07  00  
6D  32  24  00  03  00  00  00  8C  8F  0C  00  22  0A  CD  7B  01  00  00  00  AF  02  1B  8D  05  
00  00  00  01  00  00  00  06  00  00  00  FC  FF  FF  FF  6D  33  10  00  03  00  00  00  E3  07  
02  19  12  29  2B  00  01  00  12  00  6D  34  14  00  03  00  00  00  DA  57  03  00  1D  75  FF  
FF  E2  6D  04  00  B8  DB  07  00  6D  35  0C  00  03  00  00  00  26  8D  01  00  28  12  07  00  
41  53  F6  42  47  4E  00  00  08  81  02  00  03  00  00  00  00  00  28  01  6D  15  14  00  02  
01  00  00  03  04  03  00  00  00  00  00  00  00  00  00  00  00  00  00  6D  16  10  00  03  00  
00  00  00  E3  07  02  19  12  29  2B  00  9B  02  00  00  6D  21  1C  00  03  00  00  00  1B  FE  
FF  FF  0D  00  00  00  AE  FF  FF  FF  01  00  00  00  01  00  00  00  2C  00  00  00  6D  22  10  
00  03  00  00  00  33  FE  FF  FF  26  02  00  00  AE  00  06  00  00  6D  23  14  00  03  00  00  
00  4D  DC  B0  76  28  E9  FB  FC  37  AE  07  03  B7  EE  3F  0A  6D  24  24  00  02  00  00  00  
00  00  00  00  00  00  00  00  00  00  00  00  00  00  00  00  00  00  00  00  00  00  00  00  00  
00  00  00  00  00  00  00  00  6D  31  20  00  03  00  00  00  51  AC  FF  FF  3E  96  FF  FF  90  
EA  00  00  FF  F7  07  00  1A  A8  06  00  67  14  70  FF  18  62  07  00  6D  32  24  00  03  00  
00  00  96  8F  0C  00  22  0A  CD  7B  01  00  00  00  D2  00  02  1B  8D  05  00  00  00  00  00  
00  00  04  00  00  00  FC  FF  FF  FF  6D  33  10  00  03  00  00  00  E3  07  02  19  12  29  2B  
00  01  00  12  00  6D  34  14  00  03  00  00  00  B9  38  03  00  89  47  FF  FF  84  4E  04  00  
14  20  08  00  6D  35  0C  00  03  00  00  BF  47  4E  00  00  09  81  02  00  00  00  12  00  00  
00  28  01  6D  15  14  00  02  01  00  00  03  04  03  00  00  00  00  00  00  00  00  00  00  00  
00  00  6D  16  10  00  03  00  00  00  E3  07  02  19  12  29  2B  00  A5  02  00  00  6D  21  1C  
00  03  00  00  00  7A  FD  FF  FF  84  00  00  00  0C  00  00  00  FC  FF  FF  FF  00  00  00  00  
42  00  00  00  6D  22  10  00  03  00  00  00  32  FE  FF  FF  26  02  00  00  AE  06  00  00  6D  
23  14  00  03  00  00  00  EA  D3  B0  76  8D  ED  FA  FC  A8  C9  07  03  A4  FD  3F  0A  6D  24  
24  00  02  00  00  00  00  00  00  00  00  00  00  00  00  00  00  00  00  00  00  00  00  00  00  
00  00  00  00  00  00  00  00  00  00  00  00  00  6D  31  20  00  03  00  00  00  76  6D  FF  FF  
C6  C4  FF  FF  57  0F  01  00  9E  E7  07  00  5A  A8  06  00  DD  67  70  FF  5D  61  07  00  6D  
32  24  00  03  00  00  00  96  8F  0C  00  22  0A  CD  7B  01  00  00  00  D2  02  1B  8D  05  00  
00  00  00  00  00  00  04  00  00  00  FC  FF  FF  FF  6D  33  10  00  03  00  00  00  E3  07  02  
19  12  29  2B  00  01  00  12  00  6D  34  14  00  03  00  00  00  70  38  03  00  90  25  FF  FF  
CD  42  04  00  7C  E5  07  00  6D  35  0C  00  03  00  00  00  25  8D  01  00  0F  12  07  00  41  
53  36  AA  47  4E  00  00  0A  81  02  00  00  00  00  00  00  00  28  01  6D  15  14  00  02  01  
00  00  03  04  03  00  00  00  00  00  00  00  00  00  00  00  00  00  6D  16  10  00  03  00  00  
00  00  E3  07  02  19  12  29  2B  00  AF  02  00  00  6D  21  1C  00  03  00  00  00  8F  01  00  
00  89  FF  FF  FF  23  00  00  00  0D  00  00  00  E5  FF  FF  FF  58  00  00  00  6D  22  10  00  
03  00  00  00  33  FE  FF  FF  26  02  00  00  AE  00  06  00  00  6D  23  14  00  03  00  00  00  
9F  D7  B0  76  AD  90  FB  FC  EC  A6  07  03  06  0D  40  0A  6D  24  24  00  02  00  00  00  00  
00  00  00  00  00  00  00  00  00  00  00  00  00  00  00  00  00  00  00  00  00  00  00  00  00  
00  00  00  00  00  00  00  6D  31  20  00  03  00  00  00  91  05  01  00  F6  62  FF  FF  2A  18  
01  00  06  27  08  00  1E  40  06  00  C5  BD  70  FF  48  60  07  00  6D  32  24  00  03  00  00  
00  96  8F  0C  00  22  0A  CD  7B  01  00  00  00  D2  00  02  1B  8D  05  00  00  00  00  00  00  
00  04  00  00  00  FC  FF  FF  FF  6D  33  10  00  03  00  00  00  E3  07  02  19  12  29  2B  00  
01  00  12  00  6D  34  14  00  03  00  00  00  B0  38  03  00  61  38  FF  FF  E5  3E  04  00  4E  
C3  07  00  6D  35  0C  00  03  00  00  8A  47  4E  00  00  0B  81  02  00  00  00  00  00  00  00  
28  01  6D  15  14  00  02  01  00  00  03  04  03  00  00  00  00  00  00  00  00  00  00  00  00  
00  6D  16  10  00  03  00  00  00  E3  07  02  19  12  29  2B  00  B9  02  00  00  6D  21  1C  00  
03  00  00  00  9E  00  00  00  2B  FF  FF  FF  67  00  00  00  F9  FF  FF  FF  F5  FF  FF  FF  4F  
00  00  00  6D  22  10  00  03  00  00  00  33  FE  FF  FF  26  02  00  00  AE  06  00  00  6D  23  
14  00  03  00  00  00  89  D7  B0  76  D9  D9  FB  FC  B2  58  07  03  B3  3A  40  0A  6D  24  24  
00  02  00  00  00  00  00  00  00  00  00  00  00  00  00  00  00  00  00  00  00  00  00  00  00  
00  00  00  00  00  00  00  00  00  00  00  00  6D  31  20  00  03  00  00  00  2F  A7  00  00  98  
3E  FF  FF  C5  32  01  00  AD  D9  07  00  24  7C  06  00  47  9D  70  FF  03  61  07  00  6D  32  
24  00  03  00  00  00  96  8F  0C  00  22  0A  CD  7B  01  00  00  00  D2  02  1B  8D  05  00  00  
00  00  00  00  00  04  00  00  00  FC  FF  FF  FF  6D  33  10  00  03  00  00  00  E3  07  02  19  
12  29  2B  00  01  00  12  00  6D  34  14  00  03  00  00  00  08  39  03  00  85  56  FF  FF  E4  
3E  04  00  A8  B4  07  00  6D  35  0C  00  03  00  00  00  24  8D  01  00  0F  12  07  00  41  53  
EE  E2  47  4E  00  00  0C  81  02  00  00  00  00  00  00  00  28  01  6D  15  14  00  02  01  00  
00  03  04  03  00  00  00  00  00  00  00  00  00  00  00  00  00  6D  16  10  00  03  00  00  00  
00  E3  07  02  19  12  29  2B  00  C3  02  00  00  6D  21  1C  00  03  00  00  00  B7  01  00  00  
8D  FE  FF  FF  8E  00  00  00  FE  FF  FF  FF  00  00  00  00  40  00  00  00  6D  22  10  00  03  
00  00  00  33  FE  FF  FF  25  02  00  00  AF  00  06  00  00  6D  23  14  00  03  00  00  00  7E  
DA  B0  76  16  96  FC  FC  80  D6  06  03  3D  76  40  0A  6D  24  24  00  02  00  00  00  00  00  
00  00  00  00  00  00  00  00  00  00  00  00  00  00  00  00  00  00  00  00  00  00  00  00  00  
00  00  00  00  00  00  6D  31  20  00  03  00  00  00  03  15  01  00  94  00  FF  FF  25  42  01  
00  2E  EA  07  00  41  A6  06  00  D6  60  70  FF  E5  60  07  00  6D  32  24  00  03  00  00  00  
96  8F  0C  00  22  0A  CD  7B  01  00  00  00  D2  00  02  1B  8D  05  00  00  00  00  00  00  00  
04  00  00  00  FC  FF  FF  FF  6D  33  10  00  03  00  00  00  E3  07  02  19  12  29  2B  00  01  
00  12  00  6D  34  14  00  03  00  00  00  66  66  03  00  8D  0B  FF  FF  AF  4E  04  00  F4  D1  
07  00  6D  35  0C  00  03  00  00  99  47  4E  00  00  0D  81  02  00  00  00  00  00  00  00  28  
01  6D  15  14  00  02  01  00  00  03  04  03  00  00  00  00  00  00  00  00  00  00  00  00  00  
6D  16  10  00  03  00  00  00  E3  07  02  19  12  29  2B  00  CD  02  00  00  6D  21  1C  00  03  
00  00  00  33  00  00  00  28  00  00  00  E0  FF  FF  FF  FF  FF  FF  FF  EA  FF  FF  FF  57  00  
00  00  6D  22  10  00  03  00  00  00  34  FE  FF  FF  25  02  00  00  AF  06  00  00  6D  23  14  
00  03  00  00  00  57  DB  B0  76  E7  AB  FC  FC  9C  E5  06  03  61  6E  40  0A  6D  24  24  00  
02  00  00  00  00  00  00  00  00  00  00  00  00  00  00  00  00  00  00  00  00  00  00  00  00  
00  00  00  00  00  00  00  00  00  00  00  6D  31  20  00  03  00  00  00  71  7D  00  00  05  A1  
FF  FF  73  FE  00  00  E4  F0  07  00  D1  4F  06  00  3D  B9  70  FF  46  61  07  00  6D  32  24  
00  03  00  00  00  96  8F  0C  00  22  0A  CD  7B  01  00  00  00  D2  02  1B  8D  05  00  00  00  
00  00  00  00  04  00  00  00  FC  FF  FF  FF  6D  33  10  00  03  00  00  00  E3  07  02  19  12  
29  2B  00  01  00  12  00  6D  34  14  00  03  00  00  00  4C  5B  03  00  52  2D  FF  FF  EC  42  
04  00  4E  C3  07  00  6D  35  0C  00  03  00  00  00  23  8D  01  00  8C  12  07  00  41  53  2D  
57  47  4E  00  00  0E  81  02  00  00  00  00  00  00  00  28  01  6D  15  14  00  02  01  00  00  
03  04  03  00  00  00  00  00  00  00  00  00  00  00  00  00  6D  16  10  00  03  00  00  00  00  
E3  07  02  19  12  29  2B  00  D7  02  00  00  6D  21  1C  00  03  00  00  00  0D  FE  FF  FF  60  
FF  FF  FF  18  00  00  00  D6  FF  FF  FF  02  00  00  00  3C  00  00  00  6D  22  10  00  03  00  
00  00  33  FE  FF  FF  25  02  00  00  AF  00  06  00  00  6D  23  14  00  03  00  00  00  EB  D6  
B0  76  D7  F2  FB  FC  E5  94  06  03  01  83  40  0A  6D  24  24  00  02  00  00  00  00  00  00  
00  00  00  00  00  00  00  00  00  00  00  00  00  00  00  00  00  00  00  00  00  00  00  00  00  
00  00  00  00  00  6D  31  20  00  03  00  00  00  D3  A6  FF  FF  ED  52  FF  FF  8D  14  01  00  
92  4F  07  00  EE  AB  06  00  C8  50  70  FF  97  62  07  00  6D  32  24  00  03  00  00  00  96  
8F  0C  00  22  0A  CD  7B  01  00  00  00  D2  00  02  1B  8D  05  00  00  00  00  00  00  00  04  
00  00  00  FC  FF  FF  FF  6D  33  10  00  03  00  00  00  E3  07  02  19  12  29  2B  00  01  00  
12  00  6D  34  14  00  03  00  00  00  01  48  03  00  90  38  FF  FF  93  4E  04  00  B8  DB  07  
00  6D  35  0C  00  03  00  00  16  47  4E  00  00  0F  81  02  00  01  01  00  00  00  00  28  01  
6D  15  14  00  02  01  00  00  03  04  03  00  00  00  00  00  00  00  00  00  00  00  00  00  6D  
16  10  00  03  00  00  00  E3  07  02  19  12  29  2B  00  E1  02  00  00  6D  21  1C  00  03  00  
00  00  C4  00  00  00  29  00  00  00  7F  00  00  00  F2  FF  FF  FF  DD  FF  FF  FF  48  00  00  
00  6D  22  10  00  03  00  00  00  33  FE  FF  FF  25  02  00  00  AF  06  00  00  6D  23  14  00  
03  00  00  00  0E  D4  B0  76  92  42  FC  FC  A9  A9  06  03  79  B5  40  0A  6D  24  24  00  02  
00  00  00  00  00  00  00  00  00  00  00  00  00  00  00  00  00  00  00  00  00  00  00  00  00  
00  00  00  00  00  00  00  00  00  00  6D  31  20  00  03  00  00  00  44  B6  00  00  59  A1  FF  
FF  BA  3C  01  00  B1  BD  07  00  FE  1B  06  00  60  7F  70  FF  18  62  07  00  6D  32  24  00  
03  00  00  00  96  8F  0C  00  22  0A  CD  7B  01  00  00  00  D2  02  1B  8D  05  00  00  00  00  
00  00  00  04  00  00  00  FC  FF  FF  FF  6D  33  10  00  03  00  00  00  E3  07  02  19  12  29  
2B  00  01  00  12  00  6D  34  14  00  03  00  00  00  6A  38  03  00  8C  38  FF  FF  25  5E  04  
00  04  F9  07  00  6D  35  0C  00  03  00  00  00  25  8D  01  00  5A  12  07  00  41  53  11  0C  
47  4E  00  00  10  81  02  00  00  00  00  00  00  00  28  01  6D  15  14  00  02  01  00  00  03  
04  03  00  00  00  00  00  00  00  00  00  00  00  00  00  6D  16  10  00  03  00  00  00  00  E3  
07  02  19  12  29  2B  00  EB  02  00  00  6D  21  1C  00  03  00  00  00  94  FE  FF  FF  0A  01  
00  00  68  FF  FF  FF  E5  FF  FF  FF  ED  FF  FF  FF  3D  00  00  00  6D  22  10  00  03  00  00  
00  33  FE  FF  FF  25  02  00  00  AF  00  06  00  00  6D  23  14  00  03  00  00  00  AF  D2  B0  
76  04  B0  FB  FC  02  00  07  03  BA  80  40  0A  6D  24  24  00  02  00  00  00  00  00  00  00  
00  00  00  00  00  00  00  00  00  00  00  00  00  00  00  00  00  00  00  00  00  00  00  00  00  
00  00  00  00  6D  31  20  00  03  00  00  00  83  DB  FF  FF  D8  F8  FF  FF  F2  CF  00  00  A5  
8A  07  00  65  5D  06  00  16  53  70  FF  7B  61  07  00  6D  32  24  00  03  00  00  00  96  8F  
0C  00  22  0A  CD  7B  01  00  00  00  D2  00  02  1B  8D  05  00  00  00  00  00  00  00  04  00  
00  00  FC  FF  FF  FF  6D  33  10  00  03  00  00  00  E3  07  02  19  12  29  2B  00  01  00  12  
00  6D  34  14  00  03  00  00  00  AA  47  03  00  6C  1A  FF  FF  93  4E  04  00  98  8D  07  00  
6D  35  0C  00  03  00  00  B2  47  4E  00  00  11  81  02  00  00  00  00  00  00  00  28  01  6D  
15  14  00  02  01  00  00  03  04  03  00  00  00  00  00  00  00  00  00  00  00  00  00  6D  16  
10  00  03  00  00  00  E3  07  02  19  12  29  2B  00  F5  02  00  00  6D  21  1C  00  03  00  00  
00  AE  FE  FF  FF  B1  FF  FF  FF  4C  00  00  00  FD  FF  FF  FF  EE  FF  FF  FF  47  00  00  00  
6D  22  10  00  03  00  00  00  33  FE  FF  FF  25  02  00  00  AF  06  00  00  6D  23  14  00  03  
00  00  00  69  CD  B0  76  A2  35  FB  FC  D3  D2  06  03  19  A7  40  0A  6D  24  24  00  02  00  
00  00  00  00  00  00  00  00  00  00  00  00  00  00  00  00  00  00  00  00  00  00  00  00  00  
00  00  00  00  00  00  00  00  00  6D  31  20  00  03  00  00  00  BD  E5  FF  FF  06  72  FF  FF  
20  29  01  00  E5  E7  07  00  89  62  06  00  7D  7A  70  FF  12  61  07  00  6D  32  24  00  03  
00  00  00  96  8F  0C  00  22  0A  CD  7B  01  00  00  00  D2  02  1B  8D  05  00  00  00  00  00  
00  00  04  00  00  00  FC  FF  FF  FF  6D  33  10  00  03  00  00  00  E3  07  02  19  12  29  2B  
00  01  00  12  00  6D  34  14  00  03  00  00  00  B7  3C  03  00  DD  52  FF  FF  87  4E  04  00  
E4  AA  07  00  6D  35  0C  00  03  00  00  00  25  8D  01  00  41  12  07  00  41  53  B8  EA  47  
4E  00  00  12  81  02  00  00  00  00  00  00  00  28  01  6D  15  14  00  02  01  00  00  03  04  
03  00  00  00  00  00  00  00  00  00  00  00  00  00  6D  16  10  00  03  00  00  00  00  E3  07  
02  19  12  29  2B  00  FF  02  00  00  6D  21  1C  00  03  00  00  00  5D  00  00  00  F4  FF  FF  
FF  31  FF  FF  FF  F4  FF  FF  FF  EA  FF  FF  FF  4A  00  00  00  6D  22  10  00  03  00  00  00  
33  FE  FF  FF  25  02  00  00  AE  00  06  00  00  6D  23  14  00  03  00  00  00  32  D5  B0  76  
ED  5D  FB  FC  79  CB  06  03  05  5B  40  0A  6D  24  24  00  02  00  00  00  00  00  00  00  00  
00  00  00  00  00  00  00  00  00  00  00  00  00  00  00  00  00  00  00  00  00  00  00  00  00  
00  00  00  6D  31  20  00  03  00  00  00  BB  8D  00  00  1C  8C  FF  FF  8B  BA  00  00  04  C5  
07  00  DC  4F  06  00  69  88  70  FF  D6  60  07  00  6D  32  24  00  03  00  00  00  9C  8E  0C  
00  22  0A  CD  7B  01  00  00  00  E4  00  02  1B  8D  05  00  00  00  FD  FF  FF  FF  02  00  00  
00  FD  FF  FF  FF  6D  33  10  00  03  00  00  00  E3  07  02  19  12  29  2B  00  01  00  12  00  
6D  34  14  00  03  00  00  00  52  31  03  00  0D  5E  FF  FF  AD  46  04  00  A8  B4  07  00  6D  
35  0C  00  03  00  00  FC  47  4E  00  00  13  81  02  00  00  00  00  00  00  00  28  01  6D  15  
14  00  02  01  00  00  03  04  03  00  00  00  00  00  00  00  00  00  00  00  00  00  6D  16  10  
00  03  00  00  00  E3  07  02  19  12  29  2B  00  09  03  00  00  6D  21  1C  00  03  00  00  00  
E2  FF  FF  FF  CC  FF  FF  FF  EC  FF  FF  FF  0A  00  00  00  FB  FF  FF  FF  3B  00  00  00  6D  
22  10  00  03  00  00  00  33  FE  FF  FF  25  02  00  00  AE  06  00  00  6D  23  14  00  03  00  
00  00  D9  D5  B0  76  EF  59  FB  FC  AC  B2  06  03  9C  59  40  0A  6D  24  24  00  02  00  00  
00  00  00  00  00  00  00  00  00  00  00  00  00  00  00  00  00  00  00  00  00  00  00  00  00  
00  00  00  00  00  00  00  00  6D  31  20  00  03  00  00  00  DC  5D  00  00  C0  7C  FF  FF  DE  
03  01  00  61  18  08  00  7F  95  06  00  77  4E  70  FF  36  62  07  00  6D  32  24  00  03  00  
00  00  9C  8E  0C  00  22  0A  CD  7B  01  00  00  00  E4  02  1B  8D  05  00  00  00  FD  FF  FF  
FF  02  00  00  00  FD  FF  FF  FF  6D  33  10  00  03  00  00  00  E3  07  02  19  12  29  2B  00  
01  00  12  00  6D  34  14  00  03  00  00  00  93  29  03  00  6C  56  FF  FF  D7  3E  04  00  A8  
B4  07  00  6D  35  0C  00  03  00  00  00  24  8D  01  00  5A  12  07  00  41  53  5E  1B  47  4E  
00  00  14  81  02  00  00  00  00  00  00  00  28  01  6D  15  14  00  02  01  00  00  03  04  03  
00  00  00  00  00  00  00  00  00  00  00  00  00  6D  16  10  00  03  00  00  00  00  E3  07  02  
19  12  29  2B  00  13  03  00  00  6D  21  1C  00  03  00  00  00  62  03  00  00  61  00  00  00  
6D  00  00  00  FB  FF  FF  FF  EB  FF  FF  FF  22  00  00  00  6D  22  10  00  03  00  00  00  34  
FE  FF  FF  25  02  00  00  AF  00  06  00  00  6D  23  14  00  03  00  00  00  7C  D9  B0  76  36  
AE  FC  FC  96  F3  06  03  70  80  40  0A  6D  24  24  00  02  00  00  00  00  00  00  00  00  00  
00  00  00  00  00  00  00  00  00  00  00  00  00  00  00  00  00  00  00  00  00  00  00  00  00  
00  00  6D  31  20  00  03  00  00  00  C3  BB  01  00  92  B6  FF  FF  2E  36  01  00  26  DF  07  
00  10  52  06  00  A6  EA  6F  FF  73  61  07  00  6D  32  24  00  03  00  00  00  9C  8E  0C  00  
22  0A  CD  7B  01  00  00  00  E4  00  02  1B  8D  05  00  00  00  FD  FF  FF  FF  02  00  00  00  
FD  FF  FF  FF  6D  33  10  00  03  00  00  00  E3  07  02  19  12  29  2B  00  01  00  12  00  6D  
34  14  00  03  00  00  00  E5  38  03  00  9B  56  FF  FF  83  4E  04  00  10  7A  07  00  6D  35  
0C  00  03  00  00  A8  47  4E  00  00  15  81  02  00  00  00  00  00  00  00  28  01  6D  15  14  
00  02  01  00  00  03  04  03  00  00  00  00  00  00  00  00  00  00  00  00  00  6D  16  10  00  
03  00  00  00  E3  07  02  19  12  29  2B  00  1D  03  00  00  6D  21  1C  00  03  00  00  00  92  
FF  FF  FF  20  FF  FF  FF  AA  FF  FF  FF  FB  FF  FF  FF  FE  FF  FF  FF  2D  00  00  00  6D  22  
10  00  03  00  00  00  33  FE  FF  FF  25  02  00  00  AF  06  00  00  6D  23  14  00  03  00  00  
00  34  DD  B0  76  21  90  FC  FC  01  95  06  03  77  68  40  0A  6D  24  24  00  02  00  00  00  
00  00  00  00  00  00  00  00  00  00  00  00  00  00  00  00  00  00  00  00  00  00  00  00  00  
00  00  00  00  00  00  00  6D  31  20  00  03  00  00  00  B4  3E  00  00  44  39  FF  FF  19  EA  
00  00  20  DE  07  00  75  9E  06  00  78  14  70  FF  9F  62  07  00  6D  32  24  00  03  00  00  
00  9C  8E  0C  00  22  0A  CD  7B  01  00  00  00  E4  02  1B  8D  05  00  00  00  FD  FF  FF  FF  
02  00  00  00  FD  FF  FF  FF  6D  33  10  00  03  00  00  00  E3  07  02  19  12  29  2B  00  01  
00  12  00  6D  34  14  00  03  00  00  00  48  50  03  00  9F  56  FF  FF  2A  37  04  00  F4  D1  
07  00  6D  35  0C  00  03  00  00  00  28  8D  01  00  28  12  07  00  41  53  FD  FE  47  4E  00  
00  16  81  02  00  02  01  01  01  00  00  28  01  6D  15  14  00  02  01  00  00  03  04  03  00  
00  00  00  00  00  00  00  00  00  00  00  00  6D  16  10  00  03  00  00  00  00  E3  07  02  19  
12  29  2B  00  27  03  00  00  6D  21  1C  00  03  00  00  00  33  FF  FF  FF  87  00  00  00  2F  
00  00  00  F2  FF  FF  FF  E4  FF  FF  FF  46  00  00  00  6D  22  10  00  03  00  00  00  33  FE  
FF  FF  25  02  00  00  AF  00  06  00  00  6D  23  14  00  03  00  00  00  06  D8  B0  76  39  42  
FC  FC  9E  BF  06  03  EC  80  40  0A  6D  24  24  00  02  00  00  00  00  00  00  00  00  00  00  
00  00  00  00  00  00  00  00  00  00  00  00  00  00  00  00  00  00  00  00  00  00  00  00  00  
00  6D  31  20  00  03  00  00  00  9D  19  00  00  47  C5  FF  FF  17  1E  01  00  41  BB  07  00  
EC  37  06  00  63  78  70  FF  2F  62  07  00  6D  32  24  00  03  00  00  00  9C  8E  0C  00  22  
0A  CD  7B  01  00  00  00  E4  00  02  1B  8D  05  00  00  00  FD  FF  FF  FF  02  00  00  00  FD  
FF  FF  FF  6D  33  10  00  03  00  00  00  E3  07  02  19  12  29  2B  00  01  00  12  00  6D  34  
14  00  03  00  00  00  18  54  03  00  17  4F  FF  FF  46  33  04  00  40  EF  07  00  6D  35  0C  
00  03  00  00  A4  47  4E  00  00  17  81  02  00  00  00  00  00  00  00  28  01  6D  15  14  00  
02  01  00  00  03  04  03  00  00  00  00  00  00  00  00  00  00  00  00  00  6D  16  10  00  03  
00  00  00  E3  07  02  19  12  29  2B  00  31  03  00  00  6D  21  1C  00  03  00  00  00  69  FF  
FF  FF  F5  FF  FF  FF  15  00  00  00  06  00  00  00  F4  FF  FF  FF  2B  00  00  00  6D  22  10  
00  03  00  00  00  33  FE  FF  FF  25  02  00  00  AF  06  00  00  6D  23  14  00  03  00  00  00  
9A  D5  B0  76  ED  0E  FC  FC  57  B3  06  03  88  91  40  0A  6D  24  24  00  02  00  00  00  00  
00  00  00  00  00  00  00  00  00  00  00  00  00  00  00  00  00  00  00  00  00  00  00  00  00  
00  00  00  00  00  00  6D  31  20  00  03  00  00  00  D8  2E  00  00  2C  8C  FF  FF  BF  13  01  
00  BD  08  08  00  1B  75  06  00  C1  0F  70  FF  99  61  07  00  6D  32  24  00  03  00  00  00  
9C  8E  0C  00  22  0A  CD  7B  01  00  00  00  E4  02  1B  8D  05  00  00  00  FD  FF  FF  FF  02  
00  00  00  FD  FF  FF  FF  6D  33  10  00  03  00  00  00  E3  07  02  19  12  29  2B  00  01  00  
12  00  6D  34  14  00  03  00  00  00  25  48  03  00  7A  38  FF  FF  F3  3E  04  00  40  EF  07  
00  6D  35  0C  00  03  00  00  00  29  8D  01  00  41  12  07  00  41  53  F7  6B  47  4E  00  00  
18  81  02  00  00  00  00  00  00  00  28  01  6D  15  14  00  02  01  00  00  03  04  03  00  00  
00  00  00  00  00  00  00  00  00  00  00  6D  16  10  00  03  00  00  00  00  E3  07  02  19  12  
29  2B  00  3B  03  00  00  6D  21  1C  00  03  00  00  00  58  01  00  00  14  FF  FF  FF  70  00  
00  00  03  00  00  00  DA  FF  FF  FF  51  00  00  00  6D  22  10  00  03  00  00  00  33  FE  FF  
FF  25  02  00  00  AF  00  06  00  00  6D  23  14  00  03  00  00  00  0D  D7  B0  76  0C  A5  FC  
FC  FA  61  06  03  DE  C4  40  0A  6D  24  24  00  02  00  00  00  00  00  00  00  00  00  00  00  
00  00  00  00  00  00  00  00  00  00  00  00  00  00  00  00  00  00  00  00  00  00  00  00  00  
6D  31  20  00  03  00  00  00  1B  F0  00  00  73  34  FF  FF  9F  37  01  00  04  FF  07  00  BB  
10  06  00  7C  A4  70  FF  BE  61  07  00  6D  32  24  00  03  00  00  00  9C  8E  0C  00  22  0A  
CD  7B  01  00  00  00  E4  00  02  1B  8D  05  00  00  00  FD  FF  FF  FF  02  00  00  00  FD  FF  
FF  FF  6D  33  10  00  03  00  00  00  E3  07  02  19  12  29  2B  00  01  00  12  00  6D  34  14  
00  03  00  00  00  FA  47  03  00  68  29  FF  FF  F3  3E  04  00  98  8D  07  00  6D  35  0C  00  
03  00  00  81  47  4E  00  00  19  81  02  00  64  00  00  00  00  00  28  01  6D  15  14  00  02  
01  00  00  03  04  03  00  00  00  00  00  00  00  00  00  00  00  00  00  6D  16  10  00  03  00  
00  00  E3  07  02  19  12  29  2B  00  45  03  00  00  6D  21  1C  00  03  00  00  00  0A  00  00  
00  C0  FF  FF  FF  D1  FF  FF  FF  0B  00  00  00  EE  FF  FF  FF  46  00  00  00  6D  22  10  00  
03  00  00  00  34  FE  FF  FF  25  02  00  00  AF  06  00  00  6D  23  14  00  03  00  00  00  C0  
D8  B0  76  30  B2  FC  FC  43  47  06  03  FA  BC  40  0A  6D  24  24  00  02  00  00  00  00  00  
00  00  00  00  00  00  00  00  00  00  00  00  00  00  00  00  00  00  00  00  00  00  00  00  00  
00  00  00  00  00  6D  31  20  00  03  00  00  00  A3  6D  00  00  95  77  FF  FF  5F  F9  00  00  
C1  1A  08  00  EF  5F  06  00  4F  78  70  FF  18  62  07  00  6D  32  24  00  03  00  00  00  9C  
8E  0C  00  22  0A  CD  7B  01  00  00  00  E4  02  1B  8D  05  00  00  00  FD  FF  FF  FF  02  00  
00  00  FD  FF  FF  FF  6D  33  10  00  03  00  00  00  E3  07  02  19  12  29  2B  00  01  00  12  
00  6D  34  14  00  03  00  00  00  56  48  03  00  F2  3F  FF  FF  3C  33  04  00  98  8D  07  00  
6D  35  0C  00  03  00  00  00  23  8D  01  00  F6  11  07  00  41  53  4B  67  47  4E  00  00  1A  
81  02  00  00  00  00  00  00  00  28  01  6D  15  14  00  02  01  00  00  03  04  03  00  00  00  
00  00  00  00  00  00  00  00  00  00  6D  16  10  00  03  00  00  00  00  E3  07  02  19  12  29  
2B  00  4F  03  00  00  6D  21  1C  00  03  00  00  00  7F  01  00  00  C2  FF  FF  FF  97  00  00  
00  F9  FF  FF  FF  F5  FF  FF  FF  40  00  00  00  6D  22  10  00  03  00  00  00  34  FE  FF  FF  
25  02  00  00  AF  00  06  00  00  6D  23  14  00  03  00  00  00  66  D7  B0  76  A1  52  FD  FC  
D7  3B  06  03  18  FF  40  0A  6D  24  24  00  02  00  00  00  00  00  00  00  00  00  00  00  00  
00  00  00  00  00  00  00  00  00  00  00  00  00  00  00  00  00  00  00  00  00  00  00  00  6D  
31  20  00  03  00  00  00  A2  FF  00  00  F2  77  FF  FF  FA  46  01  00  10  D5  07  00  96  79  
06  00  FD  60  70  FF  91  61  07  00  6D  32  24  00  03  00  00  00  9C  8E  0C  00  22  0A  CD  
7B  01  00  00  00  E4  00  02  1B  8D  05  00  00  00  FD  FF  FF  FF  02  00  00  00  FD  FF  FF  
FF  6D  33  10  00  03  00  00  00  E3  07  02  19  12  29  2B  00  01  00  12  00  6D  34  14  00  
03  00  00  00  C5  40  03  00  2E  4B  FF  FF  4E  2F  04  00  5C  97  07  00  6D  35  0C  00  03  
00  00  46  47  4E  00  00  1B  81  02  00  02  01  00  00  00  00  28  01  6D  15  14  00  02  01  
00  00  03  04  03  00  00  00  00  00  00  00  00  00  00  00  00  00  6D  16  10  00  03  00  00  
00  E3  07  02  19  12  29  2B  00  59  03  00  00  6D  21  1C  00  03  00  00  00  8E  00  00  00  
2C  00  00  00  F6  00  00  00  FC  FF  FF  FF  FD  FF  FF  FF  48  00  00  00  6D  22  10  00  03  
00  00  00  34  FE  FF  FF  25  02  00  00  AF  06  00  00  6D  23  14  00  03  00  00  00  81  CF  
B0  76  55  92  FD  FC  4A  52  06  03  8F  66  41  0A  6D  24  24  00  02  00  00  00  00  00  00  
00  00  00  00  00  00  00  00  00  00  00  00  00  00  00  00  00  00  00  00  00  00  00  00  00  
00  00  00  00  6D  31  20  00  03  00  00  00  71  A1  00  00  3C  A1  FF  FF  F7  6B  01  00  D3  
E0  07  00  EF  95  06  00  06  7F  70  FF  CF  60  07  00  6D  32  24  00  03  00  00  00  9C  8E  
0C  00  22  0A  CD  7B  01  00  00  00  E4  02  1B  8D  05  00  00  00  FD  FF  FF  FF  02  00  00  
00  FD  FF  FF  FF  6D  33  10  00  03  00  00  00  E3  07  02  19  12  29  2B  00  01  00  12  00  
6D  34  14  00  03  00  00  00  B5  29  03  00  56  56  FF  FF  39  2F  04  00  A8  B4  07  00  6D  
35  0C  00  03  00  00  00  26  8D  01  00  28  12  07  00  41  53  A5  9D  47  4E  00  00  1C  81  
02  00  03  04  03  00  00  00  28  01  6D  15  14  00  02  01  00  00  03  04  03  00  00  00  00  
00  00  00  00  00  00  00  00  00  6D  16  10  00  03  00  00  00  00  E3  07  02  19  12  29  2B  
00  63  03  00  00  6D  21  1C  00  03  00  00  00  B8  FF  FF  FF  C2  FF  FF  FF  3B  00  00  00  
07  00  00  00  FD  FF  FF  FF  3C  00  00  00  6D  22  10  00  03  00  00  00  34  FE  FF  FF  25  
02  00  00  AF  00  06  00  00  6D  23  14  00  03  00  00  00  C6  CC  B0  76  7B  80  FD  FC  AD  
36  06  03  0C  89  41  0A  6D  24  24  00  02  00  00  00  00  00  00  00  00  00  00  00  00  00  
00  00  00  00  00  00  00  00  00  00  00  00  00  00  00  00  00  00  00  00  00  00  00  6D  31  
20  00  03  00  00  00  DC  4D  00  00  A5  77  FF  FF  4B  23  01  00  89  0C  08  00  50  95  06  
00  DA  50  70  FF  97  62  07  00  6D  32  24  00  03  00  00  00  3E  8D  0C  00  22  0A  CD  7B  
01  00  00  00  D2  00  02  1B  8D  05  00  00  00  FF  FF  FF  FF  FC  FF  FF  FF  FE  FF  FF  FF  
6D  33  10  00  03  00  00  00  E3  07  02  19  12  29  2B  00  01  00  12  00  6D  34  14  00  03  
00  00  00  61  38  03  00  64  29  FF  FF  85  4E  04  00  04  F9  07  00  6D  35  0C  00  03  00  
00  E2  47  4E  00  00  1D  81  02  00  00  00  00  00  00  00  28  01  6D  15  14  00  02  01  00  
00  03  04  03  00  00  00  00  00  00  00  00  00  00  00  00  00  6D  16  10  00  03  00  00  00  
E3  07  02  19  12  29  2B  00  6D  03  00  00  6D  21  1C  00  03  00  00  00  59  00  00  00  A4  
00  00  00  A7  FF  FF  FF  F5  FF  FF  FF  FD  FF  FF  FF  38  00  00  00  6D  22  10  00  03  00  
00  00  34  FE  FF  FF  25  02  00  00  AF  06  00  00  6D  23  14  00  03  00  00  00  49  CE  B0  
76  A0  A3  FD  FC  F7  77  06  03  97  6E  41  0A  6D  24  24  00  02  00  00  00  00  00  00  00  
00  00  00  00  00  00  00  00  00  00  00  00  00  00  00  00  00  00  00  00  00  00  00  00  00  
00  00  00  6D  31  20  00  03  00  00  00  D8  8C  00  00  E0  CF  FF  FF  37  E9  00  00  C4  C6  
07  00  2A  95  06  00  90  40  70  FF  5B  62  07  00  6D  32  24  00  03  00  00  00  3E  8D  0C  
00  22  0A  CD  7B  01  00  00  00  D2  02  1B  8D  05  00  00  00  FF  FF  FF  FF  FC  FF  FF  FF  
FE  FF  FF  FF  6D  33  10  00  03  00  00  00  E3  07  02  19  12  29  2B  00  01  00  12  00  6D  
34  14  00  03  00  00  00  1A  44  03  00  C5  34  FF  FF  8F  4E  04  00  DB  6D  07  00  6D  35  
0C  00  03  00  00  00  28  8D  01  00  0F  12  07  00  41  53  24  C1  47  4E  00  00  1E  81  02  
00  00  00  00  00  00  00  28  01  6D  15  14  00  02  01  00  00  03  04  03  00  00  00  00  00  
00  00  00  00  00  00  00  00  6D  16  10  00  03  00  00  00  00  E3  07  02  19  12  29  2B  00  
77  03  00  00  6D  21  1C  00  03  00  00  00  5B  FF  FF  FF  3A  00  00  00  13  00  00  00  0F  
00  00  00  05  00  00  00  6B  00  00  00  6D  22  10  00  03  00  00  00  34  FE  FF  FF  25  02  
00  00  AF  00  06  00  00  6D  23  14  00  03  00  00  00  C3  CA  B0  76  EA  67  FD  FC  4D  88  
06  03  0D  81  41  0A  6D  24  24  00  02  00  00  00  00  00  00  00  00  00  00  00  00  00  00  
00  00  00  00  00  00  00  00  00  00  00  00  00  00  00  00  00  00  00  00  00  00  6D  31  20  
00  03  00  00  00  95  29  00  00  13  A6  FF  FF  B1  13  01  00  AF  2C  08  00  2B  B4  06  00  
5C  0A  71  FF  7B  61  07  00  6D  32  24  00  03  00  00  00  3E  8D  0C  00  22  0A  CD  7B  01  
00  00  00  D2  00  02  1B  8D  05  00  00  00  FF  FF  FF  FF  FC  FF  FF  FF  FE  FF  FF  FF  6D  
33  10  00  03  00  00  00  E3  07  02  19  12  29  2B  00  01  00  12  00  6D  34  14  00  03  00  
00  00  F7  47  03  00  CB  34  FF  FF  92  4E  04  00  17  64  07  00  6D  35  0C  00  03  00  00  
64  47  4E  00  00  1F  81  02  00  00  00  00  00  00  00  28  01  6D  15  14  00  02  01  00  00  
03  04  03  00  00  00  00  00  00  00  00  00  00  00  00  00  6D  16  10  00  03  00  00  00  E3  
07  02  19  12  29  2B  00  81  03  00  00  6D  21  1C  00  03  00  00  00  7E  01  00  00  21  00  
00  00  A3  00  00  00  09  00  00  00  F3  FF  FF  FF  31  00  00  00  6D  22  10  00  03  00  00  
00  34  FE  FF  FF  25  02  00  00  AF  06  00  00  6D  23  14  00  03  00  00  00  FF  C7  B0  76  
0A  03  FE  FC  27  A3  06  03  A4  C6  41  0A  6D  24  24  00  02  00  00  00  00  00  00  00  00  
00  00  00  00  00  00  00  00  00  00  00  00  00  00  00  00  00  00  00  00  00  00  00  00  00  
00  00  6D  31  20  00  03  00  00  00  71  FF  00  00  4F  9C  FF  FF  1C  4C  01  00  9D  16  08  
00  19  6E  06  00  AF  24  70  FF  BE  61  07  00  6D  32  24  00  03  00  00  00  3E  8D  0C  00  
22  0A  CD  7B  01  00  00  00  D2  02  1B  8D  05  00  00  00  FF  FF  FF  FF  FC  FF  FF  FF  FE  
FF  FF  FF  6D  33  10  00  03  00  00  00  E3  07  02  19  12  29  2B  00  01  00  12  00  6D  34  
14  00  03  00  00  00  D6  47  03  00  7E  29  FF  FF  92  4E  04  00  F4  D1  07  00  6D  35  0C  
00  03  00  00  00  2A  8D  01  00  5A  12  07  00  41  53  B2  20  47  4E  00  00  20  81  02  00  
14  00  00  00  00  00  28  01  6D  15  14  00  02  01  00  00  03  04  03  00  00  00  00  00  00  
00  00  00  00  00  00  00  6D  16  10  00  03  00  00  00  00  E3  07  02  19  12  29  2B  00  8B  
03  00  00  6D  21  1C  00  03  00  00  00  86  FD  FF  FF  B4  FF  FF  FF  3E  00  00  00  E9  FF  
FF  FF  09  00  00  00  51  00  00  00  6D  22  10  00  03  00  00  00  34  FE  FF  FF  25  02  00  
00  B0  00  06  00  00  6D  23  14  00  03  00  00  00  D5  BF  B0  76  26  15  FD  FC  3D  70  06  
03  58  EE  41  0A  6D  24  24  00  02  00  00  00  00  00  00  00  00  00  00  00  00  00  00  00  
00  00  00  00  00  00  00  00  00  00  00  00  00  00  00  00  00  00  00  00  00  6D  31  20  00  
03  00  00  00  A4  72  FF  FF  DA  71  FF  FF  74  24  01  00  C7  97  07  00  E3  C3  06  00  33  
A4  70  FF  B7  61  07  00  6D  32  24  00  03  00  00  00  3E  8D  0C  00  22  0A  CD  7B  01  00  
00  00  D2  00  02  1B  8D  05  00  00  00  FF  FF  FF  FF  FC  FF  FF  FF  FE  FF  FF  FF  6D  33  
10  00  03  00  00  00  E3  07  02  19  12  29  2B  00  01  00  12  00  6D  34  14  00  03  00  00  
00  D8  29  03  00  40  56  FF  FF  9E  1F  04  00  3C  49  07  00  6D  35  0C  00  03  00  00  16  
47  4E  00  00  21  81  02  00  3D  87  01  00  00  00  28  01  6D  15  14  00  02  01  00  00  03  
04  03  00  00  00  00  00  00  00  00  00  00  00  00  00  6D  16  10  00  03  00  00  00  E3  07  
02  19  12  29  2B  00  95  03  00  00  6D  21  1C  00  03  00  00  00  A0  FE  FF  FF  D3  FE  FF  
FF  15  00  00  00  05  00  00  00  05  00  00  00  21  00  00  00  6D  22  10  00  03  00  00  00  
33  FE  FF  FF  25  02  00  00  B0  06  00  00  6D  23  14  00  03  00  00  00  16  BE  B0  76  C8  
9B  FC  FC  A8  EE  05  03  15  05  42  0A  6D  24  24  00  02  00  00  00  00  00  00  00  00  00  
00  00  00  00  00  00  00  00  00  00  00  00  00  00  00  00  00  00  00  00  00  00  00  00  00  
00  6D  31  20  00  03  00  00  00  B6  E0  FF  FF  D4  19  FF  FF  86  14  01  00  65  06  08  00  
BC  B8  06  00  34  E8  6F  FF  91  61  07  00  6D  32  24  00  03  00  00  00  3E  8D  0C  00  22  
0A  CD  7B  01  00  00  00  D2  02  1B  8D  05  00  00  00  FF  FF  FF  FF  FC  FF  FF  FF  FE  FF  
FF  FF  6D  33  10  00  03  00  00  00  E3  07  02  19  12  29  2B  00  01  00  12  00  6D  34  14  
00  03  00  00  00  C5  34  03  00  F9  3F  FF  FF  84  4E  04  00  73  A8  07  00  6D  35  0C  00  
03  00  00  00  2E  8D  01  00  5A  12  07  00  41  53  E9  9F  47  4E  00  00  22  81  02  00  01  
16  01  60  00  00  28  01  6D  15  14  00  02  01  00  00  03  04  03  00  00  00  00  00  00  00  
00  00  00  00  00  00  6D  16  10  00  03  00  00  00  00  E3  07  02  19  12  29  2B  00  9F  03  
00  00  6D  21  1C  00  03  00  00  00  C4  00  00  00  2E  00  00  00  61  00  00  00  F4  FF  FF  
FF  ED  FF  FF  FF  5A  00  00  00  6D  22  10  00  03  00  00  00  34  FE  FF  FF  25  02  00  00  
B0  00  06  00  00  6D  23  14  00  03  00  00  00  A3  BB  B0  76  71  EC  FC  FC  D6  07  06  03  
B3  31  42  0A  6D  24  24  00  02  00  00  00  00  00  00  00  00  00  00  00  00  00  00  00  00  
00  00  00  00  00  00  00  00  00  00  00  00  00  00  00  00  00  00  00  00  6D  31  20  00  03  
00  00  00  BB  B6  00  00  29  A1  FF  FF  68  32  01  00  67  C2  07  00  32  59  06  00  BF  C4  
70  FF  CF  60  07  00  6D  32  24  00  03  00  00  00  3E  8D  0C  00  22  0A  CD  7B  01  00  00  
00  D2  00  02  1B  8D  05  00  00  00  FF  FF  FF  FF  FC  FF  FF  FF  FE  FF  FF  FF  6D  33  10  
00  03  00  00  00  E3  07  02  19  12  29  2B  00  01  00  12  00  6D  34  14  00  03  00  00  00  
7B  38  03  00  81  38  FF  FF  55  56  04  00  30  C8  07  00  6D  35  0C  00  03  00  00  16  47  
4E  00  00  23  81  02  00  2A  00  00  00  00  00  28  01  6D  15  14  00  02  01  00  00  03  04  
03  00  00  00  00  00  00  00  00  00  00  00  00  00  6D  16  10  00  03  00  00  00  E3  07  02  
19  12  29  2B  00  A9  03  00  00  6D  21  1C  00  03  00  00  00  B7  00  00  00  3F  FF  FF  FF  
2C  00  00  00  00  00  00  00  F8  FF  FF  FF  3C  00  00  00  6D  22  10  00  03  00  00  00  34  
FE  FF  FF  25  02  00  00  B0  06  00  00  6D  23  14  00  03  00  00  00  21  BD  B0  76  48  3F  
FD  FC  C8  C3  05  03  D3  4C  42  0A  6D  24  24  00  02  00  00  00  00  00  00  00  00  00  00  
00  00  00  00  00  00  00  00  00  00  00  00  00  00  00  00  00  00  00  00  00  00  00  00  00  
6D  31  20  00  03  00  00  00  96  B1  00  00  D8  43  FF  FF  C4  1D  01  00  B1  EE  07  00  4B  
85  06  00  BD  50  70  FF  A8  61  07  00  6D  32  24  00  03  00  00  00  3E  8D  0C  00  22  0A  
CD  7B  01  00  00  00  D2  02  1B  8D  05  00  00  00  FF  FF  FF  FF  FC  FF  FF  FF  FE  FF  FF  
FF  6D  33  10  00  03  00  00  00  E3  07  02  19  12  29  2B  00  01  00  12  00  6D  34  14  00  
03  00  00  00  B0  38  03  00  61  38  FF  FF  E5  3E  04  00  30  C8  07  00  6D  35  0C  00  03  
00  00  00  26  8D  01  00  73  12  07  00  41  53  AF  75  47  4E  00  00  24  81  02  00  10  05  
00  00  00  00  28  01  6D  15  14  00  02  01  00  00  03  04  03  00  00  00  00  00  00  00  00  
00  00  00  00  00  6D  16  10  00  03  00  00  00  00  E3  07  02  19  12  29  2B  00  B3  03  00  
00  6D  21  1C  00  03  00  00  00  29  FE  FF  FF  20  00  00  00  C6  FE  FF  FF  F3  FF  FF  FF  
EF  FF  FF  FF  6D  00  00  00  6D  22  10  00  03  00  00  00  33  FE  FF  FF  25  02  00  00  AF  
00  06  00  00  6D  23  14  00  03  00  00  00  2B  C2  B0  76  59  88  FC  FC  92  BC  05  03  E5  
DE  41  0A  6D  24  24  00  02  00  00  00  00  00  00  00  00  00  00  00  00  00  00  00  00  00  
00  00  00  00  00  00  00  00  00  00  00  00  00  00  00  00  00  00  00  6D  31  20  00  03  00  
00  00  1A  B2  FF  FF  53  9B  FF  FF  C3  91  00  00  0D  BF  07  00  E1  61  06  00  87  11  71  
FF  20  62  07  00  6D  32  24  00  03  00  00  00  3E  8D  0C  00  22  0A  CD  7B  01  00  00  00  
D2  00  02  1B  8D  05  00  00  00  FF  FF  FF  FF  FC  FF  FF  FF  FE  FF  FF  FF  6D  33  10  00  
03  00  00  00  E3  07  02  19  12  29  2B  00  01  00  12  00  6D  34  14  00  03  00  00  00  EB  
28  03  00  4B  29  FF  FF  77  4E  04  00  30  C8  07  00  6D  35  0C  00  03  00  00  E3  47  4E  
00  00  25  81  02  00  00  00  00  00  00  00  28  01  6D  15  14  00  02  01  00  00  03  04  03  
00  00  00  00  00  00  00  00  00  00  00  00  00  6D  16  10  00  03  00  00  00  E3  07  02  19  
12  29  2B  00  BD  03  00  00  6D  21  1C  00  03  00  00  00  97  FC  FF  FF  A8  FF  FF  FF  FC  
FF  FF  FF  F6  FF  FF  FF  F5  FF  FF  FF  01  00  00  00  6D  22  10  00  03  00  00  00  33  FE  
FF  FF  25  02  00  00  B0  06  00  00  6D  23  14  00  03  00  00  00  11  BA  B0  76  05  3D  FB  
FC  5A  7B  05  03  70  EE  41  0A  6D  24  24  00  02  00  00  00  00  00  00  00  00  00  00  00  
00  00  00  00  00  00  00  00  00  00  00  00  00  00  00  00  00  00  00  00  00  00  00  00  6D  
31  20  00  03  00  00  00  CD  14  FF  FF  66  6C  FF  FF  E0  0A  01  00  4F  C8  07  00  01  7C  
06  00  9D  68  6F  FF  6C  61  07  00  6D  32  24  00  03  00  00  00  3E  8D  0C  00  22  0A  CD  
7B  01  00  00  00  D2  02  1B  8D  05  00  00  00  FF  FF  FF  FF  FC  FF  FF  FF  FE  FF  FF  FF  
6D  33  10  00  03  00  00  00  E3  07  02  19  12  29  2B  00  01  00  12  00  6D  34  14  00  03  
00  00  00  CC  4C  03  00  7F  78  FF  FF  26  37  04  00  30  C8  07  00  6D  35  0C  00  03  00  
00  00  2B  8D  01  00  5A  12  07  00  41  53  47  7C  47  4E  00  00  26  81  02  00  00  00  00  
00  00  00  28  01  6D  15  14  00  02  01  00  00  03  04  03  00  00  00  00  00  00  00  00  00  
00  00  00  00  6D  16  10  00  03  00  00  00  00  E3  07  02  19  12  29  2B  00  C7  03  00  00  
6D  21  1C  00  03  00  00  00  90  FF  FF  FF  95  01  00  00  61  00  00  00  FC  FF  FF  FF  02  
00  00  00  55  00  00  00  6D  22  10  00  03  00  00  00  32  FE  FF  FF  25  02  00  00  B0  00  
06  00  00  6D  23  14  00  03  00  00  00  37  B1  B0  76  84  09  FB  FC  D7  14  06  03  7F  18  
42  0A  6D  24  24  00  02  00  00  00  00  00  00  00  00  00  00  00  00  00  00  00  00  00  00  
00  00  00  00  00  00  00  00  00  00  00  00  00  00  00  00  00  00  6D  31  20  00  03  00  00  
00  17  3E  00  00  07  2D  00  00  83  32  01  00  9B  E2  07  00  B3  B1  06  00  70  B4  70  FF  
3F  61  07  00  6D  32  24  00  03  00  00  00  A8  8C  0C  00  22  0A  CD  7B  01  00  00  00  F5  
00  02  1B  8D  05  00  00  00  FE  FF  FF  FF  02  00  00  00  FE  FF  FF  FF  6D  33  10  00  03  
00  00  00  E3  07  02  19  12  29  2B  00  01  00  12  00  6D  34  14  00  03  00  00  00  72  5C  
03  00  DB  83  FF  FF  64  2F  04  00  30  C8  07  00  6D  35  0C  00  03  00  00  3D  47  4E  00  
00  27  81  02  00  00  00  00  00  00  00  28  01  6D  15  14  00  02  01  00  00  03  04  03  00  
00  00  00  00  00  00  00  00  00  00  00  00  6D  16  10  00  03  00  00  00  E3  07  02  19  12  
29  2B  00  D1  03  00  00  6D  21  1C  00  03  00  00  00  FE  FE  FF  FF  3F  FF  FF  FF  F8  FF  
FF  FF  0E  00  00  00  F3  FF  FF  FF  42  00  00  00  6D  22  10  00  03  00  00  00  32  FE  FF  
FF  25  02  00  00  B0  06  00  00  6D  23  14  00  03  00  00  00  32  B0  B0  76  C0  B0  FA  FC  
9D  C0  05  03  FC  22  42  0A  6D  24  24  00  02  00  00  00  00  00  00  00  00  00  00  00  00  
00  00  00  00  00  00  00  00  00  00  00  00  00  00  00  00  00  00  00  00  00  00  00  6D  31  
20  00  03  00  00  00  28  05  00  00  7B  43  FF  FF  C3  09  01  00  7F  26  08  00  08  75  06  
00  06  68  70  FF  F3  61  07  00  6D  32  24  00  03  00  00  00  A8  8C  0C  00  22  0A  CD  7B  
01  00  00  00  F5  02  1B  8D  05  00  00  00  FE  FF  FF  FF  02  00  00  00  FE  FF  FF  FF  6D  
33  10  00  03  00  00  00  E3  07  02  19  12  29  2B  00  01  00  12  00  6D  34  14  00  03  00  
00  00  86  67  03  00  B9  56  FF  FF  6F  2F  04  00  30  C8  07  00  6D  35  0C  00  03  00  00  
00  00  2A  8D  01  00  5A  12  07  00  41  53  E1  C4  47  4E  00  00  28  81  02  00  00  04  00  
00  00  00  28  01  6D  15  14  00  02  01  00  00  03  04  03  00  00  00  00  00  00  00  00  00  
00  00  00  00  6D  16  10  00  03  00  00  00  00  E3  07  02  19  12  29  2B  00  DB  03  00  00  
6D  21  1C  00  03  00  00  00  4D  FF  FF  FF  E9  00  00  00  11  00  00  00  03  00  00  00  F0  
FF  FF  FF  58  00  00  00  6D  22  10  00  03  00  00  00  32  FE  FF  FF  25  02  00  00  B0  00  
06  00  00  6D  23  14  00  03  00  00  00  D1  AA  B0  76  6B  68  FA  FC  6C  15  06  03  E7  32  
42  0A  6D  24  24  00  02  00  00  00  00  00  00  00  00  00  00  00  00  00  00  00  00  00  00  
00  00  00  00  00  00  00  00  00  00  00  00  00  00  00  00  00  00  6D  31  20  00  03  00  00  
00  E9  23  00  00  B0  E9  FF  FF  67  13  01  00  C8  FB  07  00  2F  6B  06  00  01  BE  70  FF  
B5  62  07  00  6D  32  24  00  03  00  00  00  A8  8C  0C  00  22  0A  CD  7B  01  00  00  00  F5  
00  02  1B  8D  05  00  00  00  FE  CD  47  4E  00  00  3D  81  02  00  00  00  00  00  00  00  28  
01  6D  15  14  00  02  01  00  00  03  04  03  00  00  00  00  00  00  00  00  00  00  00  00  00  
6D  16  10  00  03  00  00  00  E3  07  02  19  12  00  29  2C  00  C5  00  00  00  6D  21  1C  00  
03  00  00  00  BA  FE  FF  FF  7D  00  00  00  76  00  00  00  0E  00  00  00  E3  FF  FF  FF  4E  
00  00  00  6D  22  10  00  03  00  00  00  30  FE  FF  FF  25  02  00  00  B0  06  00  00  6D  23  
14  00  00  03  00  00  00  92  77  B0  76  CB  D7  F6  FC  46  C7  05  03  4E  8D  43  0A  6D  24  
24  00  02  00  00  00  00  00  00  00  00  00  00  00  00  00  00  00  00  00  00  00  00  00  00  
00  00  00  00  00  00  00  00  00  00  00  00  00  6D  00  31  20  00  03  00  00  00  7C  EA  FF  
FF  FE  BF  FF  FF  B5  3D  01  00  88  26  08  00  7C  3F  06  00  D4  98  70  FF  BE  61  07  00  
6D  32  24  00  03  00  00  00  4A  8B  0C  00  22  0A  CD  7B  01  00  00  00  2A  03  1B  8D  05  
00  00  00  FF  FF  FF  FF  04  00  00  5B  47  4E  00  00  3E  81  02  00  00  00  00  00  00  00  
28  01  6D  15  14  00  02  01  00  00  03  04  03  00  00  00  00  00  00  00  00  00  00  00  00  
00  6D  16  10  00  03  00  00  00  E3  07  02  19  12  29  2C  00  CF  00  00  00  6D  21  1C  00  
03  00  00  00  92  FE  FF  FF  A8  FF  FF  FF  0C  00  00  00  13  00  00  00  0A  00  00  00  62  
00  00  00  6D  22  10  00  03  00  00  00  2F  FE  FF  FF  25  02  00  00  B1  06  00  00  6D  23  
14  00  03  00  00  00  34  73  B0  76  07  53  F6  FC  6E  9A  05  03  BC  A5  43  0A  6D  24  24  
00  02  00  00  00  00  00  00  00  00  00  00  00  00  00  00  00  00  00  00  00  00  00  00  00  
00  00  00  00  00  00  00  00  00  00  00  00  6D  31  20  00  03  00  00  00  1C  DB  FF  FF  F6  
6C  FF  FF  40  14  01  00  50  3A  08  00  78  DB  06  00  97  E7  70  FF  54  62  07  00  6D  32  
24  00  03  00  00  00  4A  8B  0C  00  22  0A  CD  7B  01  00  00  00  2A  03  1B  8D  05  00  00  
00  FF  FF  FF  FF  04  00  00  00  FF  FF  FF  FF  6D  33  10  00  03  00  00  00  E3  07  02  19  
12  29  2C  00  01  00  12  00  6D  34  14  00  03  00  00  00  E6  43  03  00  8B  16  FF  FF  F0  
3E  04  00  98  8D  07  00  6D  35  0C  00  03  00  00  00  00  26  8D  01  00  D7  12  07  00  41  
53  E4  02  47  4E  00  00  3F  81  02  00  00  00  00  00  00  00  28  01  6D  15  14  00  02  01  
00  00  03  04  03  00  00  00  00  00  00  00  00  00  00  00  00  00  6D  16  10  00  03  00  00  
00  E3  07  02  19  12  29  2C  00  D9  00  00  00  6D  21  1C  00  03  00  00  00  67  00  00  00  
70  00  00  00  EE  FF  FF  FF  F8  FF  FF  FF  10  00  00  00  25  00  00  00  6D  22  10  00  03  
00  00  00  2F  FE  FF  FF  25  02  00  00  B1  06  00  00  6D  23  14  00  03  00  00  00  85  72  
B0  76  A7  7C  F6  FC  29  CB  05  03  93  AB  43  0A  6D  24  24  00  02  00  00  00  00  00  00  
00  00  00  00  00  00  00  00  00  00  00  00  00  00  00  00  00  00  00  00  00  00  00  00  00  
00  00  00  00  6D  31  20  00  03  00  00  00  48  92  00  00  FB  BA  FF  FF  AF  08  01  00  B3  
D0  07  00  07  F3  06  00  4C  F8  6F  FF  12  61  07  00  6D  32  24  00  03  00  00  00  4A  8B  
0C  00  22  0A  CD  7B  01  00  00  00  2A  03  1B  8D  05  00  00  00  FF  0C  00  03  00  00  00  
24  8D  01  00  28  12  07  00  41  53  54  A5  47  4E  00  00  40  81  02  00  AA  AA  AA  AA  00  
00  28  01  6D  15  14  00  02  01  00  00  03  04  03  00  00  00  00  00  00  00  00  00  00  00  
00  00  6D  16  10  00  03  00  00  00  E3  07  02  19  12  29  2C  00  E3  00  00  00  6D  21  1C  
00  03  00  00  00  D6  FF  FF  FF  A8  FF  FF  FF  1A  FF  FF  FF  FF  FF  FF  FF  FA  FF  FF  FF  
3C  00  00  00  6D  22  10  00  03  00  00  00  2F  FE  FF  FF  25  02  00  00  B0  06  00  00  6D  
23  14  00  03  00  00  00  90  79  B0  76  01  72  F6  FC  28  A7  05  03  9C  61  43  0A  6D  24  
24  00  02  00  00  00  00  00  00  00  00  00  00  00  00  00  00  00  00  00  00  00  00  00  00  
00  00  00  00  00  00  00  00  00  00  00  00  00  6D  31  20  00  03  00  00  00  88  59  00  00  
EF  6C  FF  FF  BA  B5  00  00  9A  EC  07  00  E8  9C  06  00  EB  52  70  FF  F4  60  07  00  6D  
32  24  00  03  00  00  00  4A  8B  0C  00  22  0A  CD  7B  01  00  00  00  2A  03  1B  8D  05  00  
00  00  FF  FF  FF  FF  04  00  00  00  FF  FF  FF  FF  6D  33  10  00  03  00  00  00  E3  07  02  
19  12  29  2C  00  01  00  12  00  6D  34  14  00  03  00  00  00  CE  47  03  00  00  56  1A  FF  
FF  F3  3E  04  00  30  C8  07  00  6D  35  0C  00  03  00  00  00  25  8D  01  00  28  12  07  00  
41  53  90  62  47  4E  00  00  41  81  02  00  02  03  90  01  00  00  28  01  6D  15  14  00  02  
01  00  00  03  04  03  00  00  00  00  00  00  00  00  00  00  00  00  00  6D  16  10  00  03  00  
00  00  E3  07  02  19  12  29  2C  00  ED  00  00  00  6D  21  1C  00  03  00  00  00  84  FF  FF  
FF  2D  00  00  00  E3  FF  FF  FF  EC  FF  FF  FF  F8  FF  FF  FF  30  00  00  00  6D  22  10  00  
03  00  00  00  2F  FE  FF  FF  25  02  00  00  B0  06  00  00  6D  23  14  00  03  00  00  00  DF  
77  B0  76  9B  44  F6  FC  9D  B5  05  03  75  63  43  0A  6D  24  24  00  02  00  00  00  00  00  
00  00  00  00  00  00  00  00  00  00  00  00  00  00  00  00  00  00  00  00  00  00  00  00  00  
00  00  00  00  00  6D  31  20  00  03  00  00  00  88  39  00  00  D4  A0  FF  FF  FA  03  01  00  
80  A4  07  00  48  93  06  00  8B  24  70  FF  19  61  07  00  6D  32  24  00  03  00  00  00  4A  
8B  0C  00  12  2C  00  01  00  12  00  6D  34  14  00  03  00  00  00  44  40  03  00  EF  30  FF  
FF  BC  46  04  00  F4  D1  07  00  6D  35  0C  00  03  00  00  00  23  8D  01  00  DD  11  07  00  
41  53  46  5B  47  4E  00  00  42  81  02  00  04  00  01  00  00  00  28  01  6D  15  14  00  02  
01  00  00  03  04  03  00  00  00  00  00  00  00  00  00  00  00  00  00  6D  16  10  00  03  00  
00  00  E3  07  02  19  12  29  2C  00  F7  00  00  00  6D  21  1C  00  03  00  00  00  67  00  00  
00  2E  00  00  00  E2  FF  FF  FF  03  00  00  00  EC  FF  FF  FF  46  00  00  00  6D  22  10  00  
03  00  00  00  2F  FE  FF  FF  25  02  00  00  B0  06  00  00  6D  23  14  00  03  00  00  00  65  
78  B0  76  0B  70  F6  FC  18  CC  05  03  A5  63  43  0A  6D  24  24  00  02  00  00  00  00  00  
00  00  00  00  00  00  00  00  00  00  00  00  00  00  00  00  00  00  00  00  00  00  00  00  00  
00  00  00  00  00  6D  31  20  00  03  00  00  00  30  92  00  00  22  A1  FF  FF  84  03  01  00  
90  FC  07  00  FC  66  06  00  92  7A  70  FF  B7  61  07  00  6D  32  24  00  03  00  00  00  4A  
8B  0C  00  22  0A  CD  7B  01  00  00  00  2A  03  1B  8D  05  00  00  00  FF  FF  FF  FF  04  00  
00  00  FF  FF  FF  FF  6D  33  10  00  03  00  00  00  E3  07  02  19  12  29  2C  00  01  00  12  
00  6D  34  14  00  03  00  00  00  79  3C  03  00  D5  43  FF  FF  59  56  04  00  ED  E7  07  00  
6D  35  0C  00  03  00  00  00  23  8D  01  00  28  12  07  00  41  53  0B  CF  47  4E  00  00  43  
81  02  00  C0  C6  2D  00  00  00  28  01  6D  15  14  00  02  01  00  00  03  04  03  00  00  00  
00  00  00  00  00  00  00  00  00  00  6D  16  10  00  03  00  00  00  E3  07  02  19  12  29  2C  
00  01  01  00  00  6D  21  1C  00  03  00  00  00  5A  00  00  00  D1  FF  FF  FF  92  FF  FF  FF  
FE  FF  FF  FF  F7  FF  FF  FF  39  00  00  00  6D  22  10  00  03  00  00  00  30  FE  FF  FF  25  
02  00  00  B0  06  00  00  6D  23  14  00  03  00  00  00  4C  7C  B0  76  17  99  F6  FC  69  BD  
05  03  FD  46  43  0A  6D  24  24  00  02  00  00  00  00  00  00  00  00  00  00  00  00  00  00  
00  00  00  00  00  00  00  00  00  00  00  00  00  00  00  00  00  00  00  00  00  6D  31  20  00  
03  00  00  00  44  8D  00  00  B9  7C  FF  FF  58  E4  00  00  14  EA  07  00  A0  8E  06  00  73  
47  70  FF  99  61  07  00  6D  32  24  00  03  00  00  00  4A  8B  0C  00  22  0A  CD  7B  01  00  
00  00  2A  03  1B  8D  05  00  00  00  FF  FF  FF  FF  04  00  00  00  FF  FF  FF  FF  6D  02  19  
12  29  2C  00  01  00  12  00  6D  34  14  00  03  00  00  00  BA  47  03  00  BB  38  FF  FF  D6  
6D  04  00  8C  0C  08  00  6D  35  0C  00  03  00  00  00  27  8D  01  00  28  12  07  00  41  53  
FC  CB  47  4E  00  00  44  81  02  00  00  10  0E  00  00  00  28  01  6D  15  14  00  02  01  00  
00  03  04  03  00  00  00  00  00  00  00  00  00  00  00  00  00  6D  16  10  00  03  00  00  00  
E3  07  02  19  12  29  2C  00  0B  01  00  00  6D  21  1C  00  03  00  00  00  3F  00  00  00  63  
00  00  00  A0  FF  FF  FF  F1  FF  FF  FF  F8  FF  FF  FF  56  00  00  00  6D  22  10  00  03  00  
00  00  30  FE  FF  FF  25  02  00  00  B0  06  00  00  6D  23  14  00  03  00  00  00  37  7E  B0  
76  BC  B2  F6  FC  0D  E6  05  03  6B  2C  43  0A  6D  24  24  00  02  00  00  00  00  00  00  00  
00  00  00  00  00  00  00  00  00  00  00  00  00  00  00  00  00  00  00  00  00  00  00  00  00  
00  00  00  6D  31  20  00  03  00  00  00  B1  82  00  00  CC  B5  FF  FF  71  E9  00  00  8F  B8  
07  00  6D  95  06  00  D8  B6  70  FF  99  61  07  00  6D  32  24  00  03  00  00  00  5E  8B  0C  
00  22  0A  CD  7B  01  00  00  00  3B  03  1B  8D  05  00  00  00  00  00  00  00  01  00  00  00  
FE  FF  FF  FF  6D  33  10  00  03  00  00  00  E3  07  02  19  12  29  2C  00  01  00  12  00  6D  
34  14  00  03  00  00  00  A7  53  03  00  FB  43  FF  FF  6D  56  04  00  47  D9  07  00  6D  35  
0C  00  03  00  00  00  2A  8D  01  00  73  12  07  00  41  53  60  88  47  4E  00  00  45  81  02  
00  01  00  00  01  00  00  28  01  6D  15  14  00  02  01  00  00  03  04  03  00  00  00  00  00  
00  00  00  00  00  00  00  00  6D  16  10  00  03  00  00  00  E3  07  02  19  12  29  2C  00  15  
01  00  00  6D  21  1C  00  03  00  00  00  C9  FE  FF  FF  9B  FF  FF  FF  F3  FF  FF  FF  FC  FF  
FF  FF  F5  FF  FF  FF  4E  00  00  00  6D  22  10  00  03  00  00  00  2F  FE  FF  FF  25  02  00  
00  B0  06  00  00  6D  23  14  00  03  00  00  00  8C  7B  B0  76  3D  42  F6  FC  49  B5  05  03  
5F  38  43  0A  6D  24  24  00  02  00  00  00  00  00  00  00  00  00  00  00  00  00  00  00  00  
00  00  00  00  00  00  00  00  00  00  00  00  00  00  00  00  00  00  00  6D  31  20  00  03  00  
00  00  7B  F0  FF  FF  98  67  FF  FF  CB  09  01  00  B8  E0  07  00  3B  8A  06  00  94  98  70  
FF  DE  60  07  00  6D  32  24  00  03  00  00  00  5E  8B  0C  00  22  0A  CD  7B  01  00  00  00  
3B  03  1B  8D  05  00  00  00  00  00  00  00  01  00  00  00  FE  FF  19  12  29  2C  00  01  00  
12  00  6D  34  14  00  03  00  00  00  B2  57  03  00  B0  47  FF  FF  D0  46  04  00  30  C8  07  
00  6D  35  0C  00  03  00  00  00  27  8D  01  00  28  12  07  00  41  53  97  AD  47  4E  00  00  
46  81  02  00  30  0F  1F  00  00  00  28  01  6D  15  14  00  02  01  00  00  03  04  03  00  00  
00  00  00  00  00  00  00  00  00  00  00  6D  16  10  00  03  00  00  00  E3  07  02  19  12  29  
2C  00  1F  01  00  00  6D  21  1C  00  03  00  00  00  58  00  00  00  C1  00  00  00  91  00  00  
00  FC  FF  FF  FF  FB  FF  FF  FF  3D  00  00  00  6D  22  10  00  03  00  00  00  2F  FE  FF  FF  
25  02  00  00  B0  06  00  00  6D  23  14  00  03  00  00  00  C8  74  B0  76  59  64  F6  FC  40  
05  06  03  28  79  43  0A  6D  24  24  00  02  00  00  00  00  00  00  00  00  00  00  00  00  00  
00  00  00  00  00  00  00  00  00  00  00  00  00  00  00  00  00  00  00  00  00  00  6D  31  20  
00  03  00  00  00  61  8C  00  00  52  DA  FF  FF  36  47  01  00  DB  E2  07  00  D3  9E  06  00  
59  55  70  FF  CD  61  07  00  6D  32  24  00  03  00  00  00  5E  8B  0C  00  22  0A  CD  7B  01  
00  00  00  3B  03  1B  8D  05  00  00  00  00  00  00  00  01  00  00  00  FE  FF  FF  FF  6D  33  
10  00  03  00  00  00  E3  07  02  19  12  29  2C  00  01  00  12  00  6D  34  14  00  03  00  00  
00  F7  4F  03  00  D9  43  FF  FF  E1  42  04  00  FB  BB  07  00  6D  35  0C  00  03  00  00  00  
25  8D  01  00  28  12  07  00  41  53  D7  7D  47  4E  00  00  47  81  02  00  00  00  00  00  00  
00  28  01  6D  15  14  00  02  01  00  00  03  04  03  00  00  00  00  00  00  00  00  00  00  00  
00  00  6D  16  10  00  03  00  00  00  E3  07  02  19  12  29  2C  00  29  01  00  00  6D  21  1C  
00  03  00  00  00  66  01  00  00  F9  FF  FF  FF  E3  FF  FF  FF  0C  00  00  00  F6  FF  FF  FF  
40  00  00  00  6D  22  10  00  03  00  00  00  30  FE  FF  FF  25  02  00  00  B0  06  00  00  6D  
23  14  00  03  00  00  00  7F  78  B0  76  74  F4  F6  FC  17  0F  06  03  EE  75  43  0A  6D  24  
24  00  02  00  00  00  00  00  00  00  00  00  00  00  00  00  00  00  00  00  00  00  00  00  00  
00  00  00  00  00  00  00  00  00  00  00  00  00  6D  31  20  00  03  00  00  00  CD  F5  00  00  
76  8C  FF  FF  30  03  01  00  01  20  08  00  8C  8A  06  00  DF  60  70  FF  B8  60  07  00  6D  
32  24  00  03  00  00  00  5E  8B  0C  00  22  0A  CD  7B  01  00  00  00  3B  03  1B  8D  05  00  
00  00  00  00  00  00  01  00  00  00  FE  FF  FF  02  19  12  29  2C  00  01  00  12  00  6D  34  
14  00  03  00  00  00  8D  38  03  00  77  38  FF  FF  84  4E  04  00  5C  97  07  00  6D  35  0C  
00  03  00  00  00  27  8D  01  00  73  12  07  00  41  53  08  97  47  4E  00  00  48  81  02  00  
03  00  00  00  00  00  28  01  6D  15  14  00  02  01  00  00  03  04  03  00  00  00  00  00  00  
00  00  00  00  00  00  00  6D  16  10  00  03  00  00  00  E3  07  02  19  12  29  2C  00  33  01  
00  00  6D  21  1C  00  03  00  00  00  EE  FF  FF  FF  DE  FF  FF  FF  35  00  00  00  03  00  00  
00  ED  FF  FF  FF  3B  00  00  00  6D  22  10  00  03  00  00  00  30  FE  FF  FF  25  02  00  00  
B1  06  00  00  6D  23  14  00  03  00  00  00  C1  75  B0  76  7B  F4  F6  FC  60  03  06  03  17  
99  43  0A  6D  24  24  00  02  00  00  00  00  00  00  00  00  00  00  00  00  00  00  00  00  00  
00  00  00  00  00  00  00  00  00  00  00  00  00  00  00  00  00  00  6D  31  20  00  03  00  00  
00  11  63  00  00  EA  81  FF  FF  35  23  01  00  E5  FC  07  00  21  67  06  00  6E  4E  70  FF  
73  61  07  00  6D  32  24  00  03  00  00  00  5E  8B  0C  00  22  0A  CD  7B  01  00  00  00  3B  
03  1B  8D  05  00  00  00  00  00  00  00  01  00  00  00  FE  FF  FF  FF  6D  33  10  00  03  00  
00  00  E3  07  02  19  12  29  2C  00  01  00  12  00  6D  34  14  00  03  00  00  00  CC  2C  03  
00  B8  21  FF  FF  C3  42  04  00  F4  D1  07  00  6D  35  0C  00  03  00  00  00  26  8D  01  00  
0F  12  07  00  41  53  9D  76  47  4E  00  00  49  81  02  00  00  00  12  00  00  00  28  01  6D  
15  14  00  02  01  00  00  03  04  03  00  00  00  00  00  00  00  00  00  00  00  00  00  6D  16  
10  00  03  00  00  00  E3  07  02  19  12  29  2C  00  3D  01  00  00  6D  21  1C  00  03  00  00  
00  13  02  00  00  9D  FF  FF  FF  0A  00  00  00  FA  FF  FF  FF  EC  FF  FF  FF  3A  00  00  00  
6D  22  10  00  03  00  00  00  30  FE  FF  FF  25  02  00  00  B1  06  00  00  6D  23  14  00  03  
00  00  00  7E  7A  B0  76  FA  CB  F7  FC  6C  F0  05  03  92  A7  43  0A  6D  24  24  00  02  00  
00  00  00  00  00  00  00  00  00  00  00  00  00  00  00  00  00  00  00  00  00  00  00  00  00  
00  00  00  00  00  00  00  00  00  6D  31  20  00  03  00  00  00  6F  39  01  00  70  68  FF  FF  
82  12  01  00  23  DC  07  00  34  62  06  00  D5  49  70  FF  C6  61  07  00  6D  32  24  00  03  
00  00  00  5E  8B  0C  00  22  0A  CD  7B  01  00  00  00  3B  03  1B  8D  05  00  00  00  00  00  
00  00  01  00  00  00  FE  FF  07  02  19  12  29  2C  00  01  00  12  00  6D  34  14  00  03  00  
00  00  EA  3F  03  00  CB  12  FF  FF  BD  46  04  00  7C  E5  07  00  6D  35  0C  00  03  00  00  
00  26  8D  01  00  F6  11  07  00  41  53  92  69  47  4E  00  00  4A  81  02  00  00  00  00  00  
00  00  28  01  6D  15  14  00  02  01  00  00  03  04  03  00  00  00  00  00  00  00  00  00  00  
00  00  00  6D  16  10  00  03  00  00  00  E3  07  02  19  12  29  2C  00  47  01  00  00  6D  21  
1C  00  03  00  00  00  D3  00  00  00  3B  00  00  00  79  FF  FF  FF  FB  FF  FF  FF  DF  FF  FF  
FF  40  00  00  00  6D  22  10  00  03  00  00  00  31  FE  FF  FF  25  02  00  00  B0  06  00  00  
6D  23  14  00  03  00  00  00  79  7F  B0  76  D0  20  F8  FC  49  0E  06  03  3F  7E  43  0A  6D  
24  24  00  02  00  00  00  00  00  00  00  00  00  00  00  00  00  00  00  00  00  00  00  00  00  
00  00  00  00  00  00  00  00  00  00  00  00  00  00  6D  31  20  00  03  00  00  00  5B  BC  00  
00  4E  A6  FF  FF  8C  D9  00  00  C5  DE  07  00  20  2F  06  00  11  61  70  FF  4E  61  07  00  
6D  32  24  00  03  00  00  00  5E  8B  0C  00  22  0A  CD  7B  01  00  00  00  3B  03  1B  8D  05  
00  00  00  00  00  00  00  01  00  00  00  FE  FF  FF  FF  6D  33  10  00  03  00  00  00  E3  07  
02  19  12  29  2C  00  01  00  12  00  6D  34  14  00  03  00  00  00  18  5B  03  00  45  1E  FF  
FF  D5  46  04  00  D6  D6  07  00  6D  35  0C  00  03  00  00  00  26  8D  01  00  28  12  07  00  
41  53  DC  C1  47  4E  00  00  4B  81  02  00  00  00  00  00  00  00  28  01  6D  15  14  00  02  
01  00  00  03  04  03  00  00  00  00  00  00  00  00  00  00  00  00  00  6D  16  10  00  03  00  
00  00  E3  07  02  19  12  29  2C  00  51  01  00  00  6D  21  1C  00  03  00  00  00  0B  FF  FF  
FF  81  FF  FF  FF  A4  FF  FF  FF  F2  FF  FF  FF  F6  FF  FF  FF  42  00  00  00  6D  22  10  00  
03  00  00  00  30  FE  FF  FF  25  02  00  00  B0  06  00  00  6D  23  14  00  03  00  00  00  0E  
80  B0  76  EC  CB  F7  FC  7C  D5  05  03  27  6F  43  0A  6D  24  24  00  02  00  00  00  00  00  
00  00  00  00  00  00  00  00  00  00  00  00  00  00  00  00  00  00  00  00  00  00  00  00  00  
00  00  00  00  00  6D  31  20  00  03  00  00  00  61  0A  00  00  73  5D  FF  FF  46  EA  00  00  
E1  BA  07  00  05  87  06  00  11  68  70  FF  90  62  07  00  6D  32  24  00  03  00  00  00  5E  
8B  0C  00  22  0A  CD  7B  01  00  00  00  3B  03  1B  8D  05  00  00  00  00  00  00  00  01  00  
00  00  FE  07  02  19  12  29  2C  00  01  00  12  00  6D  34  14  00  03  00  00  00  86  67  03  
00  B9  56  FF  FF  6F  2F  04  00  E4  AA  07  00  6D  35  0C  00  03  00  00  00  23  8D  01  00  
0F  12  07  00  41  53  5A  30  47  4E  00  00  4C  81  02  00  00  00  00  00  00  00  28  01  6D  
15  14  00  02  01  00  00  03  04  03  00  00  00  00  00  00  00  00  00  00  00  00  00  6D  16  
10  00  03  00  00  00  E3  07  02  19  12  29  2C  00  5B  01  00  00  6D  21  1C  00  03  00  00  
00  84  FF  FF  FF  8E  FF  FF  FF  D9  FF  FF  FF  04  00  00  00  EC  FF  FF  FF  44  00  00  00  
6D  22  10  00  03  00  00  00  30  FE  FF  FF  25  02  00  00  B0  06  00  00  6D  23  14  00  03  
00  00  00  11  80  B0  76  05  A6  F7  FC  E4  A5  05  03  D6  71  43  0A  6D  24  24  00  02  00  
00  00  00  00  00  00  00  00  00  00  00  00  00  00  00  00  00  00  00  00  00  00  00  00  00  
00  00  00  00  00  00  00  00  00  6D  31  20  00  03  00  00  00  B2  39  00  00  94  62  FF  FF  
FD  FE  00  00  A6  01  08  00  59  60  06  00  E1  6E  70  FF  FC  60  07  00  6D  32  24  00  03  
00  00  00  5E  8B  0C  00  22  0A  CD  7B  01  00  00  00  3B  03  1B  8D  05  00  00  00  00  00  
00  00  01  00  00  00  FE  FF  FF  FF  6D  33  10  00  03  00  00  00  E3  07  02  19  12  29  2C  
00  01  00  12  00  6D  34  14  00  03  00  00  00  8F  5B  03  00  BF  34  FF  FF  66  2F  04  00  
E4  AA  07  00  6D  35  0C  00  03  00  00  00  26  8D  01  00  F6  11  07  00  41  53  0C  E2  47  
4E  00  00  4D  81  02  00  00  00  00  00  00  00  28  01  6D  15  14  00  02  01  00  00  03  04  
03  00  00  00  00  00  00  00  00  00  00  00  00  00  6D  16  10  00  03  00  00  00  E3  07  02  
19  12  29  2C  00  65  01  00  00  6D  21  1C  00  03  00  00  00  1A  FF  FF  FF  E1  FE  FF  FF  
C0  FF  FF  FF  01  00  00  00  E8  FF  FF  FF  50  00  00  00  6D  22  10  00  03  00  00  00  30  
FE  FF  FF  25  02  00  00  B0  06  00  00  6D  23  14  00  03  00  00  00  7C  81  B0  76  E9  5C  
F7  FC  7B  2F  05  03  B1  6E  43  0A  6D  24  24  00  02  00  00  00  00  00  00  00  00  00  00  
00  00  00  00  00  00  00  00  00  00  00  00  00  00  00  00  00  00  00  00  00  00  00  00  00  
6D  31  20  00  03  00  00  00  0E  10  00  00  0F  1F  FF  FF  01  F5  00  00  BF  F5  07  00  93  
54  06  00  AB  9F  70  FF  21  61  07  00  6D  32  24  00  03  00  00  00  5E  8B  0C  00  22  0A  
CD  7B  01  00  00  00  3B  03  1B  8D  05  00  00  00  00  00  00  00  01  00  00  00  FE  02  19  
12  29  2C  00  01  00  12  00  6D  34  14  00  03  00  00  00  92  57  03  00  6C  29  FF  FF  63  
2F  04  00  5C  97  07  00  6D  35  0C  00  03  00  00  00  2B  8D  01  00  28  12  07  00  41  53  
0F  8A  47  4E  00  00  4E  81  02  00  00  00  00  00  00  00  28  01  6D  15  14  00  02  01  00  
00  03  04  03  00  00  00  00  00  00  00  00  00  00  00  00  00  6D  16  10  00  03  00  00  00  
E3  07  02  19  12  29  2C  00  6F  01  00  00  6D  21  1C  00  03  00  00  00  BC  FE  FF  FF  D1  
FF  FF  FF  C0  FF  FF  FF  F7  FF  FF  FF  F6  FF  FF  FF  36  00  00  00  6D  22  10  00  03  00  
00  00  30  FE  FF  FF  25  02  00  00  B0  06  00  00  6D  23  14  00  03  00  00  00  8E  7F  B0  
76  04  E7  F6  FC  2F  13  05  03  76  6A  43  0A  6D  24  24  00  02  00  00  00  00  00  00  00  
00  00  00  00  00  00  00  00  00  00  00  00  00  00  00  00  00  00  00  00  00  00  00  00  00  
00  00  00  6D  31  20  00  03  00  00  00  22  EB  FF  FF  71  7C  FF  FF  CE  F4  00  00  25  CE  
07  00  28  8C  06  00  88  39  70  FF  AF  61  07  00  6D  32  24  00  03  00  00  00  1E  8A  0C  
00  10  0A  CD  7B  01  00  00  00  3B  03  1B  8D  05  00  00  00  FF  FF  FF  FF  FB  FF  FF  FF  
FF  FF  FF  FF  6D  33  10  00  03  00  00  00  E3  07  02  19  12  29  2C  00  01  00  12  00  6D  
34  14  00  03  00  00  00  C3  4F  03  00  A0  25  FF  FF  44  33  04  00  CD  99  07  00  6D  35  
0C  00  03  00  00  00  28  8D  01  00  41  12  07  00  41  53  C7  AD  47  4E  00  00  4F  81  02  
00  01  01  00  00  00  00  28  01  6D  15  14  00  02  01  00  00  03  04  03  00  00  00  00  00  
00  00  00  00  00  00  00  00  6D  16  10  00  03  00  00  00  E3  07  02  19  12  29  2C  00  79  
01  00  00  6D  21  1C  00  03  00  00  00  A9  01  00  00  90  FF  FF  FF  50  00  00  00  0E  00  
00  00  E7  FF  FF  FF  5E  00  00  00  6D  22  10  00  03  00  00  00  30  FE  FF  FF  24  02  00  
00  B1  06  00  00  6D  23  14  00  03  00  00  00  C2  80  B0  76  65  98  F7  FC  9B  F8  04  03  
D5  98  43  0A  6D  24  24  00  02  00  00  00  00  00  00  00  00  00  00  00  00  00  00  00  00  
00  00  00  00  00  00  00  00  00  00  00  00  00  00  00  00  00  00  00  6D  31  20  00  03  00  
00  00  B9  0F  01  00  17  63  FF  FF  EE  2C  01  00  9A  26  08  00  32  50  06  00  07  D5  70  
FF  D6  60  07  00  6D  32  24  00  03  00  00  00  1E  8A  0C  00  10  0A  CD  7B  01  00  00  00  
3B  03  1B  8D  05  00  00  00  FF  FF  FF  FF  FB  FF  FF  FF  FF  FF  E3  07  02  19  12  29  2C  
00  01  00  12  00  6D  34  14  00  03  00  00  00  58  38  03  00  3D  1A  FF  FF  E6  3E  04  00  
B8  DB  07  00  6D  35  0C  00  03  00  00  00  28  8D  01  00  8C  12  07  00  41  53  CF  3A  47  
4E  00  00  50  81  02  00  00  00  00  00  00  00  28  01  6D  15  14  00  02  01  00  00  03  04  
03  00  00  00  00  00  00  00  00  00  00  00  00  00  6D  16  10  00  03  00  00  00  E3  07  02  
19  12  29  2C  00  83  01  00  00  6D  21  1C  00  03  00  00  00  AB  00  00  00  75  FF  FF  FF  
7A  00  00  00  10  00  00  00  01  00  00  00  4E  00  00  00  6D  22  10  00  03  00  00  00  30  
FE  FF  FF  24  02  00  00  B1  06  00  00  6D  23  14  00  03  00  00  00  31  7E  B0  76  E7  E7  
F7  FC  E0  CB  04  03  29  DB  43  0A  6D  24  24  00  02  00  00  00  00  00  00  00  00  00  00  
00  00  00  00  00  00  00  00  00  00  00  00  00  00  00  00  00  00  00  00  00  00  00  00  00  
6D  31  20  00  03  00  00  00  61  AC  00  00  7F  58  FF  FF  29  3D  01  00  A1  2D  08  00  94  
B4  06  00  2F  96  70  FF  A2  60  07  00  6D  32  24  00  03  00  00  00  1E  8A  0C  00  10  0A  
CD  7B  01  00  00  00  3B  03  1B  8D  05  00  00  00  FF  FF  FF  FF  FB  FF  FF  FF  FF  FF  FF  
FF  6D  33  10  00  03  00  00  00  E3  07  02  19  12  29  2C  00  01  00  12  00  6D  34  14  00  
03  00  00  00  74  44  03  00  85  47  FF  FF  EF  3E  04  00  12  CD  07  00  6D  35  0C  00  03  
00  00  00  29  8D  01  00  8C  12  07  00  41  53  BB  CC  47  4E  00  00  51  81  02  00  00  00  
00  00  00  00  28  01  6D  15  14  00  02  01  00  00  03  04  03  00  00  00  00  00  00  00  00  
00  00  00  00  00  6D  16  10  00  03  00  00  00  E3  07  02  19  12  29  2C  00  8D  01  00  00  
6D  21  1C  00  03  00  00  00  EF  FF  FF  FF  EC  FF  FF  FF  DA  FF  FF  FF  F4  FF  FF  FF  F0  
FF  FF  FF  3A  00  00  00  6D  22  10  00  03  00  00  00  30  FE  FF  FF  24  02  00  00  B1  06  
00  00  6D  23  14  00  03  00  00  00  E6  7D  B0  76  57  E8  F7  FC  1D  C6  04  03  5F  E0  43  
0A  6D  24  24  00  02  00  00  00  00  00  00  00  00  00  00  00  00  00  00  00  00  00  00  00  
00  00  00  00  00  00  00  00  00  00  00  00  00  00  00  00  6D  31  20  00  03  00  00  00  11  
63  00  00  28  87  FF  FF  8E  FE  00  00  D7  BF  07  00  2A  72  06  00  94  47  70  FF  63  62  
07  00  6D  32  24  00  03  00  00  00  1E  8A  0C  00  10  0A  CD  7B  01  00  00  00  3B  03  1B  
8D  05  00  00  00  FF  FF  FF  FF  FB  FF  FF  FF  E3  07  02  19  12  29  2C  00  01  00  12  00  
6D  34  14  00  03  00  00  00  92  40  03  00  EB  3F  FF  FF  1D  37  04  00  F4  D1  07  00  6D  
35  0C  00  03  00  00  00  2B  8D  01  00  28  12  07  00  41  53  C0  9B  47  4E  00  00  52  81  
02  00  00  00  00  00  00  00  28  01  6D  15  14  00  02  01  00  00  03  04  03  00  00  00  00  
00  00  00  00  00  00  00  00  00  6D  16  10  00  03  00  00  00  E3  07  02  19  12  29  2C  00  
97  01  00  00  6D  21  1C  00  03  00  00  00  91  FF  FF  FF  8B  00  00  00  1D  00  00  00  F5  
FF  FF  FF  F8  FF  FF  FF  26  00  00  00  6D  22  10  00  03  00  00  00  30  FE  FF  FF  24  02  
00  00  B1  06  00  00  6D  23  14  00  03  00  00  00  09  79  B0  76  AF  BF  F7  FC  F8  FA  04  
03  08  FD  43  0A  6D  24  24  00  02  00  00  00  00  00  00  00  00  00  00  00  00  00  00  00  
00  00  00  00  00  00  00  00  00  00  00  00  00  00  00  00  00  00  00  00  6D  31  20  00  03  
00  00  00  57  3E  00  00  4E  C5  FF  FF  A9  18  01  00  AA  C2  07  00  B9  90  06  00  2E  FD  
6F  FF  DC  61  07  00  6D  32  24  00  03  00  00  00  1E  8A  0C  00  10  0A  CD  7B  01  00  00  
00  3B  03  1B  8D  05  00  00  00  FF  FF  FF  FF  FB  FF  FF  FF  FF  FF  FF  FF  6D  33  10  00  
03  00  00  00  E3  07  02  19  12  29  2C  00  01  00  12  00  6D  34  14  00  03  00  00  00  9D  
3C  03  00  92  34  FF  FF  32  33  04  00  A1  CA  07  00  6D  35  0C  00  03  00  00  00  27  8D  
01  00  F6  11  07  00  41  53  B0  94  47  4E  00  00  53  81  02  00  00  00  00  00  00  00  28  
01  6D  15  14  00  02  01  00  00  03  04  03  00  00  00  00  00  00  00  00  00  00  00  00  00  
6D  16  10  00  03  00  00  00  E3  07  02  19  12  29  2C  00  A1  01  00  00  6D  21  1C  00  03  
00  00  00  0B  00  00  00  AA  FF  FF  FF  45  00  00  00  F2  FF  FF  FF  F0  FF  FF  FF  23  00  
00  00  6D  22  10  00  03  00  00  00  30  FE  FF  FF  24  02  00  00  B1  06  00  00  6D  23  14  
00  03  00  00  00  61  76  B0  76  5B  CE  F7  FC  03  DC  04  03  2E  29  44  0A  6D  24  24  00  
02  00  00  00  00  00  00  00  00  00  00  00  00  00  00  00  00  00  00  00  00  00  00  00  00  
00  00  00  00  00  00  00  00  00  00  00  6D  31  20  00  03  00  00  00  86  6D  00  00  35  6D  
FF  FF  6C  28  01  00  A5  B9  07  00  2C  70  06  00  47  EF  6F  FF  91  61  07  00  6D  32  24  
00  03  00  00  00  1E  8A  0C  00  10  0A  CD  7B  01  00  00  00  3B  03  1B  8D  05  00  00  00  
FF  FF  FF  FF  FB  FF  FF  FF  00  00  E3  07  02  19  12  29  2C  00  01  00  12  00  6D  34  14  
00  03  00  00  00  7D  48  03  00  9E  56  FF  FF  F2  3E  04  00  5C  97  07  00  6D  35  0C  00  
03  00  00  00  28  8D  01  00  0F  12  07  00  41  53  C5  AD  47  4E  00  00  54  81  02  00  00  
00  00  00  00  00  28  01  6D  15  14  00  02  01  00  00  03  04  03  00  00  00  00  00  00  00  
00  00  00  00  00  00  6D  16  10  00  03  00  00  00  E3  07  02  19  12  29  2C  00  AB  01  00  
00  00  6D  21  1C  00  03  00  00  00  E2  FF  FF  FF  DF  FF  FF  FF  7B  00  00  00  F3  FF  FF  
FF  03  00  00  00  4B  00  00  00  6D  22  10  00  03  00  00  00  30  FE  FF  FF  24  02  00  00  
B1  06  00  00  6D  23  14  00  03  00  00  00  00  F1  70  B0  76  E5  CB  F7  FC  29  D1  04  03  
82  6A  44  0A  6D  24  24  00  02  00  00  00  00  00  00  00  00  00  00  00  00  00  00  00  00  
00  00  00  00  00  00  00  00  00  00  00  00  00  00  00  00  00  00  00  6D  31  20  00  03  00  
00  00  00  8A  5D  00  00  0A  82  FF  FF  4A  3D  01  00  21  BD  07  00  96  BA  06  00  B8  8A  
70  FF  F3  61  07  00  6D  32  24  00  03  00  00  00  1E  8A  0C  00  10  0A  CD  7B  01  00  00  
00  3B  03  1B  8D  05  00  00  00  FF  FF  FF  FF  00  FB  FF  FF  FF  FF  FF  FF  FF  6D  33  10  
00  03  00  00  00  E3  07  02  19  12  29  2C  00  01  00  12  00  6D  34  14  00  03  00  00  00  
7B  53  03  00  E9  34  FF  FF  6E  56  04  00  ED  E7  07  00  6D  35  0C  00  03  00  00  00  26  
8D  01  00  73  12  07  00  41  53  EA  47  4E  00  00  55  81  02  00  00  00  00  00  00  00  28  
01  6D  15  14  00  02  01  00  00  03  04  03  00  00  00  00  00  00  00  00  00  00  00  00  00  
6D  16  10  00  03  00  00  00  E3  07  02  19  12  29  2C  00  B5  01  00  00  6D  21  1C  00  03  
00  00  00  4E  00  00  00  0B  FF  FF  FF  38  00  00  00  04  00  00  00  F0  FF  FF  FF  3C  00  
00  00  6D  22  10  00  03  00  00  00  30  FE  FF  FF  24  02  00  00  B1  06  00  00  6D  23  14  
00  03  00  00  00  F8  70  B0  76  15  FA  F7  FC  7B  76  04  03  7D  92  44  0A  6D  24  24  00  
02  00  00  00  00  00  00  00  00  00  00  00  00  00  00  00  00  00  00  00  00  00  00  00  00  
00  00  00  00  00  00  00  00  00  00  00  6D  31  20  00  03  00  00  00  AE  87  00  00  12  2F  
FF  FF  48  23  01  00  DF  FE  07  00  7C  72  06  00  2A  53  70  FF  20  62  07  00  6D  32  24  
00  03  00  00  00  1E  8A  0C  00  10  0A  CD  7B  01  00  00  00  3B  03  1B  8D  05  00  00  00  
FF  FF  FF  FF  FB  FF  FF  00  E3  07  02  19  12  29  2C  00  01  00  12  00  6D  34  14  00  03  
00  00  00  BF  66  03  00  44  31  FF  FF  7E  56  04  00  C8  02  08  00  6D  35  0C  00  03  00  
00  00  28  8D  01  00  F6  11  07  00  41  53  E3  D9  47  4E  00  00  56  81  02  00  02  01  01  
01  00  00  28  01  6D  15  14  00  02  01  00  00  03  04  03  00  00  00  00  00  00  00  00  00  
00  00  00  00  6D  16  10  00  03  00  00  00  E3  07  02  19  12  29  2C  00  BF  01  00  00  6D  
21  1C  00  03  00  00  00  BB  FF  FF  FF  21  00  00  00  DA  FF  FF  FF  F4  FF  FF  FF  ED  FF  
FF  FF  39  00  00  00  6D  22  10  00  03  00  00  00  30  FE  FF  FF  24  02  00  00  B1  06  00  
00  6D  23  14  00  03  00  00  00  EF  6F  B0  76  4F  E5  F7  FC  21  82  04  03  E7  94  44  0A  
6D  24  24  00  02  00  00  00  00  00  00  00  00  00  00  00  00  00  00  00  00  00  00  00  00  
00  00  00  00  00  00  00  00  00  00  00  00  00  00  00  6D  31  20  00  03  00  00  00  33  4E  
00  00  DB  9B  FF  FF  A5  FE  00  00  03  C0  07  00  A1  66  06  00  3B  45  70  FF  18  62  07  
00  6D  32  24  00  03  00  00  00  1E  8A  0C  00  10  0A  CD  7B  01  00  00  00  3B  03  1B  8D  
05  00  00  00  FF  FF  FF  FF  FB  FF  FF  FF  FF  FF  FF  FF  6D  33  10  00  03  00  00  00  E3  
07  02  19  12  29  2C  00  01  00  12  00  6D  34  14  00  03  00  00  00  BA  6E  03  00  BE  38  
FF  FF  FE  42  04  00  ED  E7  07  00  6D  35  0C  00  03  00  00  00  27  8D  01  00  0F  12  07  
00  41  53  F4  92  47  4E  00  00  57  81  02  00  00  00  00  00  00  00  28  01  6D  15  14  00  
02  01  00  00  03  04  03  00  00  00  00  00  00  00  00  00  00  00  00  00  6D  16  10  00  03  
00  00  00  E3  07  02  19  12  29  2C  00  C9  01  00  00  6D  21  1C  00  03  00  00  00  6B  FF  
FF  FF  3B  00  00  00  1E  00  00  00  06  00  00  00  FE  FF  FF  FF  2E  00  00  00  6D  22  10  
00  03  00  00  00  30  FE  FF  FF  24  02  00  00  B1  06  00  00  6D  23  14  00  03  00  00  00  
96  6B  B0  76  CF  B0  F7  FC  10  96  04  03  CB  B1  44  0A  6D  24  24  00  02  00  00  00  00  
00  00  00  00  00  00  00  00  00  00  00  00  00  00  00  00  00  00  00  00  00  00  00  00  00  
00  00  00  00  00  00  6D  31  20  00  03  00  00  00  13  2F  00  00  01  A6  FF  FF  F8  18  01  
00  A9  06  08  00  D9  A8  06  00  D9  18  70  FF  93  60  07  00  6D  32  24  00  03  00  00  00  
1E  8A  0C  00  10  0A  CD  7B  01  00  00  00  3B  03  1B  8D  05  00  00  00  FF  FF  FF  FF  FB  
FF  FF  00  00  E3  07  02  19  12  29  2C  00  01  00  12  00  6D  34  14  00  03  00  00  00  E1  
57  03  00  67  38  FF  FF  C7  1F  04  00  5C  97  07  00  6D  35  0C  00  03  00  00  00  2A  8D  
01  00  28  12  07  00  41  53  9D  A4  47  4E  00  00  58  81  02  00  00  00  00  00  00  00  28  
01  6D  15  14  00  02  01  00  00  03  04  03  00  00  00  00  00  00  00  00  00  00  00  00  00  
6D  16  10  00  03  00  00  00  E3  07  02  19  12  29  2C  00  D3  01  00  00  00  6D  21  1C  00  
03  00  00  00  F3  FF  FF  FF  49  00  00  00  47  FF  FF  FF  FC  FF  FF  FF  F3  FF  FF  FF  1E  
00  00  00  6D  22  10  00  03  00  00  00  30  FE  FF  FF  24  02  00  00  B1  06  00  00  6D  23  
14  00  03  00  00  00  00  B7  6F  B0  76  5A  AE  F7  FC  7A  B1  04  03  4B  79  44  0A  6D  24  
24  00  02  00  00  00  00  00  00  00  00  00  00  00  00  00  00  00  00  00  00  00  00  00  00  
00  00  00  00  00  00  00  00  00  00  00  00  00  6D  31  20  00  03  00  00  00  00  C6  63  00  
00  37  AB  FF  FF  1D  C5  00  00  42  DF  07  00  92  7E  06  00  9C  DC  6F  FF  FC  60  07  00  
6D  32  24  00  03  00  00  00  96  8A  0C  00  22  0A  CD  7B  01  00  00  00  6F  03  1B  8D  05  
00  00  00  03  00  00  00  00  02  00  00  00  FE  FF  FF  FF  6D  33  10  00  03  00  00  00  E3  
07  02  19  12  29  2C  00  01  00  12  00  6D  34  14  00  03  00  00  00  41  63  03  00  9B  38  
FF  FF  3C  37  04  00  39  05  08  00  6D  35  0C  00  03  00  00  00  2C  8D  01  00  F6  11  07  
00  41  53  95  47  4E  00  00  59  81  02  00  64  00  00  00  00  00  28  01  6D  15  14  00  02  
01  00  00  03  04  03  00  00  00  00  00  00  00  00  00  00  00  00  00  6D  16  10  00  03  00  
00  00  E3  07  02  19  12  29  2C  00  DD  01  00  00  6D  21  1C  00  03  00  00  00  94  FF  FF  
FF  5A  FF  FF  FF  1E  00  00  00  F8  FF  FF  FF  FA  FF  FF  FF  46  00  00  00  6D  22  10  00  
03  00  00  00  30  FE  FF  FF  24  02  00  00  B1  06  00  00  6D  23  14  00  03  00  00  00  1C  
6E  B0  76  13  91  F7  FC  CB  6E  04  03  C5  96  44  0A  6D  24  24  00  02  00  00  00  00  00  
00  00  00  00  00  00  00  00  00  00  00  00  00  00  00  00  00  00  00  00  00  00  00  00  00  
00  00  00  00  00  6D  31  20  00  03  00  00  00  9E  3E  00  00  F3  4D  FF  FF  1E  19  01  00  
2D  D0  07  00  DE  97  06  00  25  78  70  FF  8A  61  07  00  6D  32  24  00  03  00  00  00  96  
8A  0C  00  22  0A  CD  7B  01  00  00  00  6F  03  1B  8D  05  00  00  00  03  00  00  00  02  00  
00  00  00  00  E3  07  02  19  12  29  2C  00  01  00  12  00  6D  34  14  00  03  00  00  00  C4  
57  03  00  A5  47  FF  FF  00  3F  04  00  7C  E5  07  00  6D  35  0C  00  03  00  00  00  29  8D  
01  00  0F  12  07  00  41  53  D5  F7  47  4E  00  00  5A  81  02  00  00  00  00  00  00  00  28  
01  6D  15  14  00  02  01  00  00  03  04  03  00  00  00  00  00  00  00  00  00  00  00  00  00  
6D  16  10  00  03  00  00  00  E3  07  02  19  12  29  2C  00  E7  00  01  00  00  6D  21  1C  00  
03  00  00  00  3B  FD  FF  FF  F4  00  00  00  FA  FE  FF  FF  05  00  00  00  EE  FF  FF  FF  4A  
00  00  00  6D  22  10  00  03  00  00  00  2F  FE  FF  FF  24  02  00  00  B1  06  00  00  6D  23  
14  00  03  00  00  00  00  3C  6C  B0  76  7C  79  F6  FC  C2  B4  04  03  3D  45  44  0A  6D  24  
24  00  02  00  00  00  00  00  00  00  00  00  00  00  00  00  00  00  00  00  00  00  00  00  00  
00  00  00  00  00  00  00  00  00  00  00  00  00  6D  31  20  00  03  00  00  00  00  F4  53  FF  
FF  0D  EE  FF  FF  E9  A6  00  00  5A  01  08  00  DC  6B  06  00  6E  88  70  FF  46  61  07  00  
6D  32  24  00  03  00  00  00  96  8A  0C  00  22  0A  CD  7B  01  00  00  00  6F  03  1B  8D  05  
00  00  00  03  00  00  00  00  02  00  00  00  FE  FF  FF  FF  6D  33  10  00  03  00  00  00  E3  
07  02  19  12  29  2C  00  01  00  12  00  6D  34  14  00  03  00  00  00  1C  50  03  00  C4  43  
FF  FF  44  33  04  00  20  A1  07  00  6D  35  0C  00  03  00  00  00  29  8D  01  00  0F  12  07  
00  41  9B  47  4E  00  00  5B  81  02  00  02  01  00  00  00  00  28  01  6D  15  14  00  02  01  
00  00  03  04  03  00  00  00  00  00  00  00  00  00  00  00  00  00  6D  16  10  00  03  00  00  
00  E3  07  02  19  12  29  2C  00  F1  01  00  00  6D  21  1C  00  03  00  00  00  D6  00  00  00  
22  00  00  00  D9  FF  FF  FF  06  00  00  00  06  00  00  00  56  00  00  00  6D  22  10  00  03  
00  00  00  30  FE  FF  FF  24  02  00  00  B1  06  00  00  6D  23  14  00  03  00  00  00  0D  6E  
B0  76  B9  D1  F6  FC  82  CA  04  03  F8  43  44  0A  6D  24  24  00  02  00  00  00  00  00  00  
00  00  00  00  00  00  00  00  00  00  00  00  00  00  00  00  00  00  00  00  00  00  00  00  00  
00  00  00  00  6D  31  20  00  03  00  00  00  21  BC  00  00  F8  9B  FF  FF  1B  FE  00  00  67  
05  08  00  09  C9  06  00  BD  B6  70  FF  6C  61  07  00  6D  32  24  00  03  00  00  00  96  8A  
0C  00  22  0A  CD  7B  01  00  00  00  6F  03  1B  8D  05  00  00  00  03  00  00  00  02  00  00  
00  00  E3  07  02  19  12  29  2C  00  01  00  12  00  6D  34  14  00  03  00  00  00  F8  66  03  
00  37  0B  FF  FF  3A  10  04  00  20  A1  07  00  6D  35  0C  00  03  00  00  00  2B  8D  01  00  
F6  11  07  00  41  53  18  85  47  4E  00  00  5C  81  02  00  03  04  03  00  00  00  28  01  6D  
15  14  00  02  01  00  00  03  04  03  00  00  00  00  00  00  00  00  00  00  00  00  00  6D  16  
10  00  03  00  00  00  E3  07  02  19  12  29  2C  00  FB  01  00  00  00  6D  21  1C  00  03  00  
00  00  51  FF  FF  FF  49  00  00  00  39  00  00  00  F1  FF  FF  FF  FC  FF  FF  FF  3A  00  00  
00  6D  22  10  00  03  00  00  00  2F  FE  FF  FF  24  02  00  00  B1  06  00  00  6D  23  14  00  
03  00  00  00  00  8E  68  B0  76  AF  91  F6  FC  11  E3  04  03  58  69  44  0A  6D  24  24  00  
02  00  00  00  00  00  00  00  00  00  00  00  00  00  00  00  00  00  00  00  00  00  00  00  00  
00  00  00  00  00  00  00  00  00  00  00  6D  31  20  00  03  00  00  00  00  6D  24  00  00  35  
AB  FF  FF  6D  23  01  00  B3  B4  07  00  BD  A3  06  00  9F  49  70  FF  DE  60  07  00  6D  32  
24  00  03  00  00  00  96  8A  0C  00  22  0A  CD  7B  01  00  00  00  6F  03  1B  8D  05  00  00  
00  03  00  00  00  00  02  00  00  00  FE  FF  FF  FF  6D  33  10  00  03  00  00  00  E3  07  02  
19  12  29  2C  00  01  00  12  00  6D  34  14  00  03  00  00  00  78  4F  03  00  41  0B  FF  FF  
45  33  04  00  5E  EA  07  00  6D  35  0C  00  03  00  00  00  2C  8D  01  00  28  12  07  00  41  
53  67  47  4E  00  00  5D  81  02  00  00  00  00  00  00  00  28  01  6D  15  14  00  02  01  00  
00  03  04  03  00  00  00  00  00  00  00  00  00  00  00  00  00  6D  16  10  00  03  00  00  00  
E3  07  02  19  12  29  2C  00  05  02  00  00  6D  21  1C  00  03  00  00  00  CD  FD  FF  FF  E8  
00  00  00  9A  FF  FF  FF  08  00  00  00  F5  FF  FF  FF  67  00  00  00  6D  22  10  00  03  00  
00  00  2F  FE  FF  FF  25  02  00  00  B1  06  00  00  6D  23  14  00  03  00  00  00  E0  62  B0  
76  95  B3  F5  FC  25  2B  05  03  0E  54  44  0A  6D  24  24  00  02  00  00  00  00  00  00  00  
00  00  00  00  00  00  00  00  00  00  00  00  00  00  00  00  00  00  00  00  00  00  00  00  00  
00  00  00  6D  31  20  00  03  00  00  00  E1  8C  FF  FF  2A  E9  FF  FF  42  E5  00  00  7C  0E  
08  00  FA  89  06  00  E2  F7  70  FF  C6  61  07  00  6D  32  24  00  03  00  00  00  96  8A  0C  
00  22  0A  CD  7B  01  00  00  00  6F  03  1B  8D  05  00  00  00  03  00  00  00  02  00  00  00  
00  00  E3  07  02  19  12  29  2C  00  01  00  12  00  6D  34  14  00  03  00  00  00  C8  3F  03  
00  E1  12  FF  FF  5F  56  04  00  F4  D1  07  00  6D  35  0C  00  03  00  00  00  30  8D  01  00  
5A  12  07  00  41  53  E0  91  47  4E  00  00  5E  81  02  00  00  00  00  00  00  00  28  01  6D  
15  14  00  02  01  00  00  03  04  03  00  00  00  00  00  00  00  00  00  00  00  00  00  6D  16  
10  00  03  00  00  00  E3  07  02  19  12  29  2C  00  0F  00  02  00  00  6D  21  1C  00  03  00  
00  00  AE  FF  FF  FF  4A  00  00  00  CE  FF  FF  FF  F5  FF  FF  FF  E6  FF  FF  FF  43  00  00  
00  6D  22  10  00  03  00  00  00  2F  FE  FF  FF  25  02  00  00  B1  06  00  00  6D  23  14  00  
03  00  00  00  00  CC  61  B0  76  F7  96  F5  FC  61  46  05  03  0C  50  44  0A  6D  24  24  00  
02  00  00  00  00  00  00  00  00  00  00  00  00  00  00  00  00  00  00  00  00  00  00  00  00  
00  00  00  00  00  00  00  00  00  00  00  6D  31  20  00  03  00  00  00  00  DA  48  00  00  77  
AB  FF  FF  62  F9  00  00  66  C4  07  00  25  4F  06  00  C9  6C  70  FF  79  62  07  00  6D  32  
24  00  03  00  00  00  96  8A  0C  00  22  0A  CD  7B  01  00  00  00  6F  03  1B  8D  05  00  00  
00  03  00  00  00  00  02  00  00  00  FE  FF  FF  FF  6D  33  10  00  03  00  00  00  E3  07  02  
19  12  29  2C  00  01  00  12  00  6D  34  14  00  03  00  00  00  EF  37  03  00  7D  1A  FF  FF  
CA  6D  04  00  20  A1  07  00  6D  35  0C  00  03  00  00  00  2A  8D  01  00  F6  11  07  00  41  
AC  47  4E  00  00  5F  81  02  00  00  00  00  00  00  00  28  01  6D  15  14  00  02  01  00  00  
03  04  03  00  00  00  00  00  00  00  00  00  00  00  00  00  6D  16  10  00  03  00  00  00  E3  
07  02  19  12  29  2C  00  19  02  00  00  6D  21  1C  00  03  00  00  00  FE  FF  FF  FF  3D  00  
00  00  F6  FF  FF  FF  F3  FF  FF  FF  01  00  00  00  4C  00  00  00  6D  22  10  00  03  00  00  
00  2F  FE  FF  FF  25  02  00  00  B1  06  00  00  6D  23  14  00  03  00  00  00  5D  60  B0  76  
2D  9A  F5  FC  5B  5F  05  03  36  5A  44  0A  6D  24  24  00  02  00  00  00  00  00  00  00  00  
00  00  00  00  00  00  00  00  00  00  00  00  00  00  00  00  00  00  00  00  00  00  00  00  00  
00  00  6D  31  20  00  03  00  00  00  18  68  00  00  5D  A6  FF  FF  DB  08  01  00  D8  BC  07  
00  4F  BA  06  00  72  8F  70  FF  90  62  07  00  6D  32  24  00  03  00  00  00  96  8A  0C  00  
22  0A  CD  7B  01  00  00  00  6F  03  1B  8D  05  00  00  00  03  00  00  00  02  00  00  00  03  
00  00  00  E3  07  02  19  12  29  2C  00  01  00  12  00  6D  34  14  00  03  00  00  00  AF  66  
03  00  62  0B  FF  FF  71  2F  04  00  A8  B4  07  00  6D  35  0C  00  03  00  00  00  26  8D  01  
00  28  12  07  00  41  53  32  FF  47  4E  00  00  60  81  02  00  14  00  00  00  00  00  28  01  
6D  15  14  00  02  01  00  00  03  04  03  00  00  00  00  00  00  00  00  00  00  00  00  00  6D  
16  10  00  03  00  00  00  E3  07  02  19  12  29  2C  00  00  23  02  00  00  6D  21  1C  00  03  
00  00  00  E3  00  00  00  22  00  00  00  F6  FF  FF  FF  FB  FF  FF  FF  F4  FF  FF  FF  2B  00  
00  00  6D  22  10  00  03  00  00  00  2F  FE  FF  FF  25  02  00  00  B1  06  00  00  6D  23  14  
00  03  00  00  00  00  68  61  B0  76  8E  F7  F5  FC  BC  75  05  03  36  63  44  0A  6D  24  24  
00  02  00  00  00  00  00  00  00  00  00  00  00  00  00  00  00  00  00  00  00  00  00  00  00  
00  00  00  00  00  00  00  00  00  00  00  00  6D  31  20  00  00  03  00  00  00  5A  C1  00  00  
01  9C  FF  FF  89  08  01  00  E5  DE  07  00  70  85  06  00  B5  0F  70  FF  3F  61  07  00  6D  
32  24  00  03  00  00  00  96  8A  0C  00  22  0A  CD  7B  01  00  00  00  6F  03  1B  8D  05  00  
00  00  03  00  00  00  00  02  00  00  00  FE  FF  FF  FF  6D  33  10  00  03  00  00  00  E3  07  
02  19  12  29  2C  00  01  00  12  00  6D  34  14  00  03  00  00  00  30  67  03  00  96  38  FF  
FF  70  2F  04  00  4E  C3  07  00  6D  35  0C  00  03  00  00  00  2B  8D  01  00  73  12  07  32  
47  4E  00  00  61  81  02  00  3D  87  01  00  00  00  28  01  6D  15  14  00  02  01  00  00  03  
04  03  00  00  00  00  00  00  00  00  00  00  00  00  00  6D  16  10  00  03  00  00  00  E3  07  
02  19  12  29  2C  00  2D  02  00  00  6D  21  1C  00  03  00  00  00  55  FE  FF  FF  DA  00  00  
00  AB  FE  FF  FF  09  00  00  00  E5  FF  FF  FF  45  00  00  00  6D  22  10  00  03  00  00  00  
2F  FE  FF  FF  25  02  00  00  B1  06  00  00  6D  23  14  00  03  00  00  00  5C  65  B0  76  C5  
4C  F5  FC  03  BA  05  03  D7  EE  43  0A  6D  24  24  00  02  00  00  00  00  00  00  00  00  00  
00  00  00  00  00  00  00  00  00  00  00  00  00  00  00  00  00  00  00  00  00  00  00  00  00  
00  6D  31  20  00  03  00  00  00  C2  C1  FF  FF  F5  E3  FF  FF  02  87  00  00  E1  13  08  00  
FA  4A  06  00  04  76  70  FF  FA  61  07  00  6D  32  24  00  03  00  00  00  96  8A  0C  00  22  
0A  CD  7B  01  00  00  00  6F  03  1B  8D  05  00  00  00  03  00  00  00  02  00  00  00  03  00  
00  00  E3  07  02  19  12  29  2C  00  01  00  12  00  6D  34  14  00  03  00  00  00  43  50  03  
00  0B  4F  FF  FF  5B  2F  04  00  7C  E5  07  00  6D  35  0C  00  03  00  00  00  27  8D  01  00  
5A  12  07  00  41  53  66  D8  47  4E  00  00  62  81  02  00  01  16  01  60  00  00  28  01  6D  
15  14  00  02  01  00  00  03  04  03  00  00  00  00  00  00  00  00  00  00  00  00  00  6D  16  
10  00  03  00  00  00  E3  07  02  19  12  29  2C  00  00  37  02  00  00  6D  21  1C  00  03  00  
00  00  03  FF  FF  FF  C3  FF  FF  FF  9C  FF  FF  FF  FC  FF  FF  FF  00  00  00  00  43  00  00  
00  6D  22  10  00  03  00  00  00  2E  FE  FF  FF  25  02  00  00  B1  06  00  00  6D  23  14  00  
03  00  00  00  00  87  65  B0  76  FA  F1  F4  FC  7B  9A  05  03  46  DB  43  0A  6D  24  24  00  
02  00  00  00  00  00  00  00  00  00  00  00  00  00  00  00  00  00  00  00  00  00  00  00  00  
00  00  00  00  00  00  00  00  00  00  00  6D  31  20  00  00  03  00  00  00  B0  05  00  00  22  
77  FF  FF  1D  E5  00  00  DE  E0  07  00  A4  B6  06  00  65  6C  70  FF  A9  60  07  00  6D  32  
24  00  03  00  00  00  7A  88  0C  00  10  0A  CD  7B  01  00  00  00  92  03  1B  8D  05  00  00  
00  00  00  00  00  00  00  00  00  00  FF  FF  FF  FF  6D  33  10  00  03  00  00  00  E3  07  02  
19  12  29  2C  00  01  00  12  00  6D  34  14  00  03  00  00  00  2C  39  03  00  6F  56  FF  FF  
47  2F  04  00  C8  02  08  00  6D  35  0C  00  03  00  00  00  26  8D  01  00  8C  12  07  76  47  
4E  00  00  63  81  02  00  2A  00  00  00  00  00  28  01  6D  15  14  00  02  01  00  00  03  04  
03  00  00  00  00  00  00  00  00  00  00  00  00  00  6D  16  10  00  03  00  00  00  E3  07  02  
19  12  29  2C  00  41  02  00  00  6D  21  1C  00  03  00  00  00  3A  FD  FF  FF  12  00  00  00  
E0  FF  FF  FF  FB  FF  FF  FF  E9  FF  FF  FF  39  00  00  00  6D  22  10  00  03  00  00  00  2E  
FE  FF  FF  25  02  00  00  B1  06  00  00  6D  23  14  00  03  00  00  00  20  5E  B0  76  3F  E3  
F3  FC  D0  8A  05  03  2A  E5  43  0A  6D  24  24  00  02  00  00  00  00  00  00  00  00  00  00  
00  00  00  00  00  00  00  00  00  00  00  00  00  00  00  00  00  00  00  00  00  00  00  00  00  
6D  31  20  00  03  00  00  00  56  53  FF  FF  1A  96  FF  FF  E7  FF  00  00  6B  DE  07  00  71  
5D  06  00  3D  45  70  FF  02  62  07  00  6D  32  24  00  03  00  00  00  7A  88  0C  00  10  0A  
CD  7B  01  00  00  00  92  03  1B  8D  05  00  00  00  00  00  00  00  00  00  00  00  03  00  00  
00  E3  07  02  19  12  29  2C  00  01  00  12  00  6D  34  14  00  03  00  00  00  6D  48  03  00  
4E  38  FF  FF  B9  1F  04  00  F4  D1  07  00  6D  35  0C  00  03  00  00  00  2A  8D  01  00  28  
12  07  00  41  53  D1  DC  47  4E  00  00  64  81  02  00  10  05  00  00  00  00  28  01  6D  15  
14  00  02  01  00  00  03  04  03  00  00  00  00  00  00  00  00  00  00  00  00  00  6D  16  10  
00  03  00  00  00  E3  07  02  19  12  29  2C  00  00  4B  02  00  00  6D  21  1C  00  03  00  00  
00  58  02  00  00  AA  FF  FF  FF  7B  00  00  00  0E  00  00  00  F2  FF  FF  FF  3C  00  00  00  
6D  22  10  00  03  00  00  00  2E  FE  FF  FF  25  02  00  00  B1  06  00  00  6D  23  14  00  03  
00  00  00  00  A1  5F  B0  76  87  D7  F4  FC  65  80  05  03  50  1F  44  0A  6D  24  24  00  02  
00  00  00  00  00  00  00  00  00  00  00  00  00  00  00  00  00  00  00  00  00  00  00  00  00  
00  00  00  00  00  00  00  00  00  00  6D  31  20  00  00  03  00  00  00  33  53  01  00  C9  6D  
FF  FF  26  3C  01  00  84  26  08  00  02  83  06  00  C9  50  70  FF  FA  61  07  00  6D  32  24  
00  03  00  00  00  7A  88  0C  00  10  0A  CD  7B  01  00  00  00  92  03  1B  8D  05  00  00  00  
00  00  00  00  00  00  00  00  00  FF  FF  FF  FF  6D  33  10  00  03  00  00  00  E3  07  02  19  
12  29  2C  00  01  00  12  00  6D  34  14  00  03  00  00  00  99  3C  03  00  FE  2C  FF  FF  64  
2B  04  00  09  90  07  00  6D  35  0C  00  03  00  00  00  2C  8D  01  00  28  12  07  CB  47  4E  
00  00  65  81  02  00  00  00  00  00  00  00  28  01  6D  15  14  00  02  01  00  00  03  04  03  
00  00  00  00  00  00  00  00  00  00  00  00  00  6D  16  10  00  03  00  00  00  E3  07  02  19  
12  29  2C  00  55  02  00  00  6D  21  1C  00  03  00  00  00  6B  00  00  00  70  00  00  00  8C  
FF  FF  FF  F8  FF  FF  FF  FE  FF  FF  FF  2C  00  00  00  6D  22  10  00  03  00  00  00  2F  FE  
FF  FF  25  02  00  00  B1  06  00  00  6D  23  14  00  03  00  00  00  1A  62  B0  76  7A  02  F5  
FC  6F  B0  05  03  49  01  44  0A  6D  24  24  00  02  00  00  00  00  00  00  00  00  00  00  00  
00  00  00  00  00  00  00  00  00  00  00  00  00  00  00  00  00  00  00  00  00  00  00  00  6D  
31  20  00  03  00  00  00  7D  92  00  00  F3  BA  FF  FF  E4  DE  00  00  AE  D0  07  00  52  AF  
06  00  49  14  70  FF  55  61  07  00  6D  32  24  00  03  00  00  00  7A  88  0C  00  10  0A  CD  
7B  01  00  00  00  92  03  1B  8D  05  00  00  00  00  00  00  00  00  00  00  03  00  00  00  E3  
07  02  19  12  29  2C  00  01  00  12  00  6D  34  14  00  03  00  00  00  A3  4F  03  00  13  31  
FF  FF  9D  4E  04  00  E4  AA  07  00  6D  35  0C  00  03  00  00  00  2C  8D  01  00  28  12  07  
00  41  53  E9  8D  47  4E  00  00  66  81  02  00  00  00  00  00  00  00  28  01  6D  15  14  00  
02  01  00  00  03  04  03  00  00  00  00  00  00  00  00  00  00  00  00  00  6D  16  10  00  03  
00  00  00  E3  07  02  19  12  29  2C  00  00  5F  02  00  00  6D  21  1C  00  03  00  00  00  1E  
FF  FF  FF  3D  FF  FF  FF  81  FF  FF  FF  E9  FF  FF  FF  ED  FF  FF  FF  3B  00  00  00  6D  22  
10  00  03  00  00  00  2E  FE  FF  FF  25  02  00  00  B1  06  00  00  6D  23  14  00  03  00  00  
00  00  CF  64  B0  76  1F  B6  F4  FC  51  5D  05  03  D9  E3  43  0A  6D  24  24  00  02  00  00  
00  00  00  00  00  00  00  00  00  00  00  00  00  00  00  00  00  00  00  00  00  00  00  00  00  
00  00  00  00  00  00  00  00  6D  31  20  00  00  03  00  00  00  3E  10  00  00  53  43  FF  FF  
BE  DA  00  00  DB  98  07  00  00  6E  06  00  57  4E  70  FF  ED  60  07  00  6D  32  24  00  03  
00  00  00  7A  88  0C  00  10  0A  CD  7B  01  00  00  00  92  03  1B  8D  05  00  00  00  00  00  
00  00  00  00  00  00  00  FF  FF  FF  FF  6D  33  10  00  03  00  00  00  E3  07  02  19  12  29  
2C  00  01  00  12  00  6D  34  14  00  03  00  00  00  9E  66  03  00  EE  38  FF  FF  F2  6D  04  
00  B8  DB  07  00  6D  35  0C  00  03  00  00  00  00  2B  8D  01  00  0F  12  07  00  A0  47  4E  
00  00  7B  81  02  00  00  00  00  00  00  00  28  01  6D  15  14  00  02  01  00  00  03  04  03  
00  00  00  00  00  00  00  00  00  00  00  00  00  6D  16  10  00  03  00  00  00  E3  07  02  19  
12  29  2C  00  31  03  00  00  6D  21  1C  00  03  00  00  00  41  01  00  00  60  FE  FF  FF  2F  
00  00  00  FE  FF  FF  FF  F7  FF  FF  FF  49  00  00  00  6D  22  10  00  03  00  00  00  2D  FE  
FF  FF  24  02  00  00  B2  06  00  00  6D  23  14  00  03  00  00  00  49  30  B0  76  17  2F  F3  
FC  E6  91  03  03  CB  55  46  0A  6D  24  24  00  02  00  00  00  00  00  00  00  00  00  00  00  
00  00  00  00  00  00  00  00  00  00  00  00  00  00  00  00  00  00  00  00  00  00  00  00  6D  
31  20  00  03  00  00  00  F3  E5  00  00  C7  EB  FE  FF  CF  1D  01  00  E8  E4  07  00  1A  9A  
06  00  20  86  70  FF  F3  61  07  00  6D  32  24  00  03  00  00  00  44  87  0C  00  10  0A  CD  
7B  01  00  00  00  B5  03  1B  8D  05  00  00  00  02  00  00  00  F7  FF  FF  00  81  29  FF  FF  
01  3F  04  00  70  64  08  00  6D  35  0C  00  03  00  00  00  23  8D  01  00  AB  11  07  00  41  
53  D9  08  47  4E  00  00  7C  81  02  00  00  00  00  00  00  00  28  01  6D  15  14  00  02  01  
00  00  03  04  03  00  00  00  00  00  00  00  00  00  00  00  00  00  6D  16  10  00  03  00  00  
00  E3  07  02  19  12  29  2C  00  3B  03  00  00  6D  21  1C  00  03  00  00  00  AB  01  00  00  
E2  FF  FF  FF  2D  00  00  00  EE  FF  FF  FF  EA  FF  FF  FF  42  00  00  00  6D  22  10  00  03  
00  00  00  2E  FE  FF  FF  24  02  00  00  B2  06  00  00  6D  23  14  00  03  00  00  00  F8  31  
B0  76  8C  DC  F3  FC  1E  97  03  03  47  74  46  0A  6D  24  24  00  02  00  00  00  00  00  00  
00  00  00  00  00  00  00  00  00  00  00  00  00  00  00  00  00  00  00  00  00  00  00  00  00  
00  00  00  00  6D  31  20  00  03  00  00  00  74  0F  01  00  5B  82  FF  FF  16  1D  01  00  8C  
A8  07  00  94  66  06  00  5E  6A  70  FF  09  62  07  00  6D  32  24  00  03  00  00  00  44  87  
0C  00  10  0A  CD  7B  01  00  00  00  B5  03  1B  8D  05  00  00  00  02  00  00  00  F7  FF  FF  
FF  FE  FF  FF  FF  6D  33  10  00  03  00  00  00  E3  07  02  19  12  29  2C  00  01  00  00  12  
00  6D  34  14  00  03  00  00  00  60  4C  03  00  02  62  FF  FF  AC  4A  04  00  85  22  08  00  
6D  35  0C  00  03  00  00  00  24  8D  01  00  C4  11  07  00  41  53  43  7B  47  4E  00  00  7D  
81  02  00  00  00  00  00  00  00  28  01  6D  15  14  00  02  01  00  00  03  04  03  00  00  00  
00  00  00  00  00  00  00  00  00  00  6D  16  10  00  03  00  00  00  E3  07  02  19  12  29  2C  
00  45  03  00  00  6D  21  1C  00  03  00  00  00  A0  00  00  00  27  FF  FF  FF  2F  00  00  00  
FF  FF  FF  FF  F0  FF  FF  FF  28  00  00  00  6D  22  10  00  03  00  00  00  2E  FE  FF  FF  24  
02  00  00  B2  06  00  00  6D  23  14  00  03  00  00  00  BB  32  B0  76  C9  28  F4  FC  DA  4A  
03  03  74  98  46  0A  6D  24  24  00  02  00  00  00  00  00  00  00  00  00  00  00  00  00  00  
00  00  00  00  00  00  00  00  00  00  00  00  00  00  00  00  00  00  00  00  00  6D  31  20  00  
03  00  00  00  0A  A7  00  00  7F  39  FF  FF  D3  1D  01  00  43  EA  07  00  C8  7B  06  00  E7  
01  70  FF  11  FE  FF  FF  FF  6D  33  10  00  03  00  00  00  E3  07  02  19  12  29  2C  00  01  
00  12  00  6D  34  14  00  03  00  00  00  D0  40  03  00  EA  61  FF  FF  BB  46  04  00  AA  07  
08  00  6D  35  0C  00  03  00  00  00  26  8D  01  00  28  12  07  00  41  53  28  97  47  4E  00  
00  7E  81  02  00  00  00  00  00  00  00  28  01  6D  15  14  00  02  01  00  00  03  04  03  00  
00  00  00  00  00  00  00  00  00  00  00  00  6D  16  10  00  03  00  00  00  00  E3  07  02  19  
12  29  2C  00  4F  03  00  00  6D  21  1C  00  03  00  00  00  D8  FF  FF  FF  4B  00  00  00  F9  
FF  FF  FF  01  00  00  00  03  00  00  00  25  00  00  00  6D  22  10  00  03  00  00  00  2E  FE  
FF  FF  24  02  00  00  B3  06  00  00  00  6D  23  14  00  03  00  00  00  74  30  B0  76  B6  1C  
F4  FC  9B  68  03  03  78  A6  46  0A  6D  24  24  00  02  00  00  00  00  00  00  00  00  00  00  
00  00  00  00  00  00  00  00  00  00  00  00  00  00  00  00  00  00  00  00  00  00  00  00  00  
00  6D  31  20  00  03  00  00  00  A6  58  00  00  5E  AB  FF  FF  FA  08  01  00  31  F1  07  00  
90  C6  06  00  22  F6  6F  FF  BE  61  07  00  6D  32  24  00  03  00  00  00  44  87  0C  00  10  
0A  CD  7B  01  00  00  00  B5  03  00  1B  8D  05  00  00  00  02  00  00  00  F7  FF  FF  FF  FE  
FF  FF  FF  6D  33  10  00  03  00  00  00  E3  07  02  19  12  29  2C  00  01  00  12  00  6D  34  
14  00  03  00  00  00  30  29  03  00  20  29  FF  FF  3A  2F  04  00  04  F9  07  00  6D  35  0C  
00  03  00  00  00  98  47  4E  00  00  7F  81  02  00  00  00  00  00  00  00  28  01  6D  15  14  
00  02  01  00  00  03  04  03  00  00  00  00  00  00  00  00  00  00  00  00  00  6D  16  10  00  
03  00  00  00  E3  07  02  19  12  29  2C  00  59  03  00  00  6D  21  1C  00  03  00  00  00  BD  
FF  FF  FF  83  FF  FF  FF  9A  00  00  00  E6  FF  FF  FF  E9  FF  FF  FF  38  00  00  00  6D  22  
10  00  03  00  00  00  2E  FE  FF  FF  24  02  00  00  B3  06  00  00  6D  23  14  00  03  00  00  
00  79  2A  B0  76  FC  0E  F4  FC  71  39  03  03  4C  F5  46  0A  6D  24  24  00  02  00  00  00  
00  00  00  00  00  00  00  00  00  00  00  00  00  00  00  00  00  00  00  00  00  00  00  00  00  
00  00  00  00  00  00  00  6D  31  20  00  03  00  00  00  32  4E  00  00  8B  5D  FF  FF  0B  48  
01  00  57  86  07  00  02  60  06  00  6C  40  70  FF  D6  60  07  00  6D  32  24  00  03  00  00  
00  44  87  0C  00  10  0A  CD  7B  01  00  00  00  B5  03  1B  8D  05  00  00  00  02  00  00  00  
F7  FF  FF  FF  FE  FF  FF  FF  6D  33  10  00  03  00  00  00  E3  07  02  19  12  29  2C  00  01  
00  12  00  6D  34  14  00  03  00  00  00  49  48  03  00  64  38  FF  FF  55  2F  04  00  04  F9  
07  00  6D  35  0C  00  03  00  00  00  26  8D  01  00  8C  12  07  00  41  53  36  91  47  4E  00  
00  80  81  02  00  AA  AA  AA  AA  00  00  28  01  6D  15  14  00  02  01  00  00  03  04  03  00  
00  00  00  00  00  00  00  00  00  00  00  00  6D  16  10  00  03  00  00  00  00  E3  07  02  19  
12  29  2C  00  63  03  00  00  6D  21  1C  00  03  00  00  00  5E  00  00  00  8D  00  00  00  48  
00  00  00  FA  FF  FF  FF  FB  FF  FF  FF  3B  00  00  00  6D  22  10  00  03  00  00  00  2E  FE  
FF  FF  24  02  00  00  B3  00  06  00  00  6D  23  14  00  03  00  00  00  9F  26  B0  76  AF  35  
F4  FC  3B  75  03  03  B9  1B  47  0A  6D  24  24  00  02  00  00  00  00  00  00  00  00  00  00  
00  00  00  00  00  00  00  00  00  00  00  00  00  00  00  00  00  00  00  00  00  00  00  00  00  
00  6D  31  20  00  03  00  00  00  E0  8C  00  00  65  C5  FF  FF  0D  28  01  00  5A  D5  07  00  
E1  A3  06  00  F2  4B  70  FF  D6  60  07  00  6D  32  24  00  03  00  00  00  22  86  0C  00  10  
0A  CD  7B  01  00  00  00  C7  00  03  1B  8D  05  00  00  00  03  00  00  00  FF  FF  FF  FF  FF  
FF  FF  FF  6D  33  10  00  03  00  00  00  E3  07  02  19  12  29  2C  00  01  00  12  00  6D  34  
14  00  03  00  00  00  AA  53  03  00  98  38  FF  FF  CD  46  04  00  BF  C5  07  00  6D  35  0C  
00  03  00  00  18  47  4E  00  00  81  81  02  00  02  03  90  01  00  00  28  01  6D  15  14  00  
02  01  00  00  03  04  03  00  00  00  00  00  00  00  00  00  00  00  00  00  6D  16  10  00  03  
00  00  00  E3  07  02  19  12  29  2C  00  6D  03  00  00  6D  21  1C  00  03  00  00  00  E8  FE  
FF  FF  C1  00  00  00  F9  FF  FF  FF  08  00  00  00  05  00  00  00  4B  00  00  00  6D  22  10  
00  03  00  00  00  2E  FE  FF  FF  24  02  00  00  B3  06  00  00  6D  23  14  00  03  00  00  00  
0C  21  B0  76  F3  C7  F3  FC  6A  B8  03  03  D6  27  47  0A  6D  24  24  00  02  00  00  00  00  
00  00  00  00  00  00  00  00  00  00  00  00  00  00  00  00  00  00  00  00  00  00  00  00  00  
00  00  00  00  00  00  6D  31  20  00  03  00  00  00  BE  FA  FF  FF  BC  D9  FF  FF  5F  09  01  
00  EC  0C  08  00  15  CE  06  00  DE  8C  70  FF  B1  60  07  00  6D  32  24  00  03  00  00  00  
22  86  0C  00  10  0A  CD  7B  01  00  00  00  C7  03  1B  8D  05  00  00  00  03  00  00  00  FF  
FF  FF  FF  FF  FF  6D  33  10  00  03  00  00  00  E3  07  02  19  12  29  2C  00  01  00  12  00  
6D  34  14  00  03  00  00  00  67  57  03  00  51  2D  FF  FF  D1  46  04  00  BF  C5  07  00  6D  
35  0C  00  03  00  00  00  24  8D  01  00  F6  11  07  00  41  53  5E  97  47  4E  00  00  82  81  
02  00  04  00  01  00  00  00  28  01  6D  15  14  00  02  01  00  00  03  04  03  00  00  00  00  
00  00  00  00  00  00  00  00  00  6D  16  10  00  03  00  00  00  E3  00  07  02  19  12  29  2C  
00  77  03  00  00  6D  21  1C  00  03  00  00  00  A1  01  00  00  42  FF  FF  FF  98  FF  FF  FF  
F6  FF  FF  FF  F1  FF  FF  FF  35  00  00  00  6D  22  10  00  03  00  00  00  2E  FE  FF  FF  24  
02  00  00  B3  06  00  00  00  6D  23  14  00  03  00  00  00  7C  29  B0  76  64  75  F4  FC  05  
7D  03  03  3E  0B  47  0A  6D  24  24  00  02  00  00  00  00  00  00  00  00  00  00  00  00  00  
00  00  00  00  00  00  00  00  00  00  00  00  00  00  00  00  00  00  00  00  00  00  00  6D  31  
20  00  03  00  00  00  CD  0A  01  00  EE  43  FF  FF  DC  E3  00  00  2D  C7  07  00  1F  7E  06  
00  EB  34  70  FF  C6  61  07  00  6D  32  24  00  03  00  00  00  22  86  0C  00  10  0A  CD  7B  
01  00  00  00  C7  03  1B  00  8D  05  00  00  00  03  00  00  00  FF  FF  FF  FF  FF  FF  FF  FF  
6D  33  10  00  03  00  00  00  E3  07  02  19  12  29  2C  00  01  00  12  00  6D  34  14  00  03  
00  00  00  3B  57  03  00  48  0B  FF  FF  63  2F  04  00  04  F9  07  00  6D  35  0C  00  03  00  
00  00  25  6A  47  4E  00  00  83  81  02  00  C0  C6  2D  00  00  00  28  01  6D  15  14  00  02  
01  00  00  03  04  03  00  00  00  00  00  00  00  00  00  00  00  00  00  6D  16  10  00  03  00  
00  00  E3  07  02  19  12  29  2C  00  81  03  00  00  6D  21  1C  00  03  00  00  00  99  FE  FF  
FF  A7  00  00  00  58  FF  FF  FF  F8  FF  FF  FF  F1  FF  FF  FF  38  00  00  00  6D  22  10  00  
03  00  00  00  2E  FE  FF  FF  24  02  00  00  B3  06  00  00  6D  23  14  00  03  00  00  00  D1  
28  B0  76  25  E8  F3  FC  D6  B1  03  03  9E  D9  46  0A  6D  24  24  00  02  00  00  00  00  00  
00  00  00  00  00  00  00  00  00  00  00  00  00  00  00  00  00  00  00  00  00  00  00  00  00  
00  00  00  00  00  6D  31  20  00  03  00  00  00  A1  DB  FF  FF  51  CF  FF  FF  E2  CA  00  00  
F2  CB  07  00  47  7E  06  00  75  40  70  FF  64  61  07  00  6D  32  24  00  03  00  00  00  22  
86  0C  00  10  0A  CD  7B  01  00  00  00  C7  03  1B  8D  05  00  00  00  03  00  00  00  FF  FF  
FF  FF  FF  FF  FF  FF  6D  33  10  00  03  00  00  00  E3  07  02  19  12  29  2C  00  01  00  12  
00  6D  34  14  00  03  00  00  00  0C  67  03  00  AC  38  FF  FF  0E  3F  04  00  7C  E5  07  00  
6D  35  0C  00  03  00  00  00  21  8D  01  00  DD  11  07  00  41  53  11  04  47  4E  00  00  84  
81  02  00  00  10  0E  00  00  00  28  01  6D  15  14  00  02  01  00  00  03  04  03  00  00  00  
00  00  00  00  00  00  00  00  00  00  6D  16  10  00  03  00  00  00  00  E3  07  02  19  12  29  
2C  00  8B  03  00  00  6D  21  1C  00  03  00  00  00  8C  FE  FF  FF  EE  FF  FF  FF  14  00  00  
00  EF  FF  FF  FF  0E  00  00  00  4C  00  00  00  6D  22  10  00  03  00  00  00  2D  FE  FF  FF  
24  02  00  00  B3  00  06  00  00  6D  23  14  00  03  00  00  00  B4  23  B0  76  15  5E  F3  FC  
4C  9F  03  03  28  F1  46  0A  6D  24  24  00  02  00  00  00  00  00  00  00  00  00  00  00  00  
00  00  00  00  00  00  00  00  00  00  00  00  00  00  00  00  00  00  00  00  00  00  00  00  6D  
31  20  00  03  00  00  00  60  D6  FF  FF  A1  86  FF  FF  4B  14  01  00  EE  AA  07  00  CD  F0  
06  00  16  8F  70  FF  75  60  07  00  6D  32  24  00  03  00  00  00  22  86  0C  00  10  0A  CD  
7B  01  00  00  00  C7  00  03  1B  8D  05  00  00  00  03  00  00  00  FF  FF  FF  FF  FF  FF  FF  
FF  6D  33  10  00  03  00  00  00  E3  07  02  19  12  29  2C  00  01  00  12  00  6D  34  14  00  
03  00  00  00  F0  66  03  00  BD  38  FF  FF  C6  4A  04  00  7C  E5  07  00  6D  35  0C  00  03  
00  00  40  47  4E  00  00  85  81  02  00  01  00  00  01  00  00  28  01  6D  15  14  00  02  01  
00  00  03  04  03  00  00  00  00  00  00  00  00  00  00  00  00  00  6D  16  10  00  03  00  00  
00  E3  07  02  19  12  29  2C  00  95  03  00  00  6D  21  1C  00  03  00  00  00  20  FE  FF  FF  
FB  FF  FF  FF  B7  FF  FF  FF  F7  FF  FF  FF  EC  FF  FF  FF  4E  00  00  00  6D  22  10  00  03  
00  00  00  2D  FE  FF  FF  24  02  00  00  B3  06  00  00  6D  23  14  00  03  00  00  00  B8  20  
B0  76  F8  A7  F2  FC  24  8D  03  03  DF  E2  46  0A  6D  24  24  00  02  00  00  00  00  00  00  
00  00  00  00  00  00  00  00  00  00  00  00  00  00  00  00  00  00  00  00  00  00  00  00  00  
00  00  00  00  6D  31  20  00  03  00  00  00  54  AC  FF  FF  E4  8B  FF  FF  DF  EF  00  00  53  
CB  07  00  AD  6D  06  00  76  96  70  FF  02  62  07  00  6D  32  24  00  03  00  00  00  22  86  
0C  00  10  0A  CD  7B  01  00  00  00  C7  03  1B  8D  05  00  00  00  03  00  00  00  FF  FF  FF  
FF  FF  FF  FF  FF  6D  33  10  00  03  00  00  00  E3  07  02  19  12  29  2C  00  01  00  12  00  
6D  34  14  00  03  00  00  00  80  57  03  00  0A  31  FF  FF  03  3F  04  00  F4  D1  07  00  6D  
35  0C  00  03  00  00  00  28  8D  01  00  F6  11  07  00  41  53  DE  68  47  4E  00  00  86  81  
02  00  30  0F  1F  00  00  00  28  01  6D  15  14  00  02  01  00  00  03  04  03  00  00  00  00  
00  00  00  00  00  00  00  00  00  6D  16  10  00  03  00  00  00  00  E3  07  02  19  12  29  2C  
00  9F  03  00  00  6D  21  1C  00  03  00  00  00  95  00  00  00  A0  FF  FF  FF  2C  00  00  00  
ED  FF  FF  FF  04  00  00  00  3F  00  00  00  6D  22  10  00  03  00  00  00  2D  FE  FF  FF  24  
02  00  00  B3  00  06  00  00  6D  23  14  00  03  00  00  00  0F  21  B0  76  A5  EA  F2  FC  97  
6D  03  03  FB  FB  46  0A  6D  24  24  00  02  00  00  00  00  00  00  00  00  00  00  00  00  00  
00  00  00  00  00  00  00  00  00  00  00  00  00  00  00  00  00  00  00  00  00  00  00  6D  31  
20  00  03  00  00  00  C7  A1  00  00  2C  68  FF  FF  B5  1D  01  00  B1  A3  07  00  D7  CA  06  
00  42  5C  70  FF  E4  61  07  00  6D  32  24  00  03  00  00  00  22  86  0C  00  10  0A  CD  7B  
01  00  00  00  C7  00  03  1B  8D  05  00  00  00  03  00  00  00  FF  FF  FF  FF  FF  FF  FF  FF  
6D  33  10  00  03  00  00  00  E3  07  02  19  12  29  2C  00  01  00  12  00  6D  34  14  00  03  
00  00  00  49  29  03  00  E2  19  FF  FF  05  10  04  00  5C  97  07  00  6D  35  0C  00  03  00  
00  67  47  4E  00  00  87  81  02  00  00  00  00  00  00  00  28  01  6D  15  14  00  02  01  00  
00  03  04  03  00  00  00  00  00  00  00  00  00  00  00  00  00  6D  16  10  00  03  00  00  00  
E3  07  02  19  12  29  2C  00  A9  03  00  00  6D  21  1C  00  03  00  00  00  F1  00  00  00  FE  
FF  FF  FF  89  00  00  00  FA  FF  FF  FF  EB  FF  FF  FF  57  00  00  00  6D  22  10  00  03  00  
00  00  2D  FE  FF  FF  24  02  00  00  B3  06  00  00  6D  23  14  00  03  00  00  00  74  1E  B0  
76  72  4F  F3  FC  FB  75  03  03  8F  35  47  0A  6D  24  24  00  02  00  00  00  00  00  00  00  
00  00  00  00  00  00  00  00  00  00  00  00  00  00  00  00  00  00  00  00  00  00  00  00  00  
00  00  00  6D  31  20  00  03  00  00  00  09  C6  00  00  9B  8C  FF  FF  F8  41  01  00  E6  D6  
07  00  1E  69  06  00  46  B9  70  FF  DC  61  07  00  6D  32  24  00  03  00  00  00  22  86  0C  
00  10  0A  CD  7B  01  00  00  00  C7  03  1B  8D  05  00  00  00  03  00  00  00  FF  FF  FF  FF  
FF  FF  FF  6D  33  10  00  03  00  00  00  E3  07  02  19  12  29  2C  00  01  00  12  00  6D  34  
14  00  03  00  00  00  0D  48  03  00  04  0B  FF  FF  1F  10  04  00  5C  97  07  00  6D  35  0C  
00  03  00  00  00  24  8D  01  00  28  12  07  00  41  53  29  6E  47  4E  00  00  88  81  02  00  
03  00  00  00  00  00  28  01  6D  15  14  00  02  01  00  00  03  04  03  00  00  00  00  00  00  
00  00  00  00  00  00  00  6D  16  10  00  03  00  00  00  00  E3  07  02  19  12  29  2C  00  B3  
03  00  00  6D  21  1C  00  03  00  00  00  46  FF  FF  FF  32  00  00  00  48  00  00  00  02  00  
00  00  E8  FF  FF  FF  1C  00  00  00  6D  22  10  00  03  00  00  00  2D  FE  FF  FF  24  02  00  
00  B3  06  00  00  00  6D  23  14  00  03  00  00  00  10  19  B0  76  D4  0B  F3  FC  2C  84  03  
03  92  5B  47  0A  6D  24  24  00  02  00  00  00  00  00  00  00  00  00  00  00  00  00  00  00  
00  00  00  00  00  00  00  00  00  00  00  00  00  00  00  00  00  00  00  00  00  6D  31  20  00  
03  00  00  00  01  1F  00  00  EC  A0  FF  FF  AC  28  01  00  77  F6  07  00  C0  5D  06  00  C5  
D5  6F  FF  91  61  07  00  6D  32  24  00  03  00  00  00  22  86  0C  00  10  0A  CD  7B  01  00  
00  00  C7  03  00  1B  8D  05  00  00  00  03  00  00  00  FF  FF  FF  FF  FF  FF  FF  FF  6D  33  
10  00  03  00  00  00  E3  07  02  19  12  29  2C  00  01  00  12  00  6D  34  14  00  03  00  00  
00  D5  30  03  00  07  2D  FF  FF  E1  3E  04  00  17  64  07  00  6D  35  0C  00  03  00  00  00  
3B  47  4E  00  00  89  81  02  00  00  00  12  00  00  00  28  01  6D  15  14  00  02  01  00  00  
03  04  03  00  00  00  00  00  00  00  00  00  00  00  00  00  6D  16  10  00  03  00  00  00  E3  
07  02  19  12  29  2C  00  BD  03  00  00  6D  21  1C  00  03  00  00  00  F6  FE  FF  FF  E3  FF  
FF  FF  C3  FF  FF  FF  03  00  00  00  EB  FF  FF  FF  3A  00  00  00  6D  22  10  00  03  00  00  
00  2D  FE  FF  FF  24  02  00  00  B3  06  00  00  6D  23  14  00  03  00  00  00  1E  18  B0  76  
14  AB  F2  FC  66  6F  03  03  D9  4F  47  0A  6D  24  24  00  02  00  00  00  00  00  00  00  00  
00  00  00  00  00  00  00  00  00  00  00  00  00  00  00  00  00  00  00  00  00  00  00  00  00  
00  00  6D  31  20  00  03  00  00  00  06  00  00  00  A6  81  FF  FF  B0  F4  00  00  84  FA  07  
00  B5  6B  06  00  CF  49  70  FF  99  61  07  00  6D  32  24  00  03  00  00  00  22  86  0C  00  
10  0A  CD  7B  01  00  00  00  C7  03  1B  8D  05  00  00  00  03  00  00  00  FF  FF  FF  FF  FF  
FF  FF  FF  6D  33  10  00  03  00  00  00  E3  07  02  19  12  29  2C  00  01  00  12  00  6D  34  
14  00  03  00  00  00  CD  2C  03  00  E5  30  FF  FF  4B  56  04  00  F2  7E  07  00  6D  35  0C  
00  03  00  00  00  27  8D  01  00  41  12  07  00  41  53  D7  CD  47  4E  00  00  8A  81  02  00  
00  00  00  00  00  00  28  01  6D  15  14  00  02  01  00  00  03  04  03  00  00  00  00  00  00  
00  00  00  00  00  00  00  6D  16  10  00  03  00  00  00  00  E3  07  02  19  12  29  2C  00  C7  
03  00  00  6D  21  1C  00  03  00  00  00  D9  00  00  00  37  FF  FF  FF  DB  FF  FF  FF  FF  FF  
FF  FF  EB  FF  FF  FF  3E  00  00  00  6D  22  10  00  03  00  00  00  2D  FE  FF  FF  24  02  00  
00  B3  00  06  00  00  6D  23  14  00  03  00  00  00  A2  1C  B0  76  82  0C  F3  FC  EF  28  03  
03  47  4D  47  0A  6D  24  24  00  02  00  00  00  00  00  00  00  00  00  00  00  00  00  00  00  
00  00  00  00  00  00  00  00  00  00  00  00  00  00  00  00  00  00  00  00  00  6D  31  20  00  
03  00  00  00  77  BC  00  00  84  3E  FF  FF  7D  FE  00  00  6E  EA  07  00  F3  6B  06  00  A5  
57  70  FF  ED  60  07  00  6D  32  24  00  03  00  00  00  FA  85  0C  00  10  0A  CD  7B  01  00  
00  00  D8  00  03  1B  8D  05  00  00  00  FF  FF  FF  FF  FE  FF  FF  FF  FE  FF  FF  FF  6D  33  
10  00  03  00  00  00  E3  07  02  19  12  29  2C  00  01  00  12  00  6D  34  14  00  03  00  00  
00  EF  37  03  00  7D  1A  FF  FF  CA  6D  04  00  C8  02  08  00  6D  35  0C  00  03  00  00  75  
47  4E  00  00  8B  81  02  00  00  00  00  00  00  00  28  01  6D  15  14  00  02  01  00  00  03  
04  03  00  00  00  00  00  00  00  00  00  00  00  00  00  6D  16  10  00  03  00  00  00  E3  07  
02  19  12  29  2C  00  D1  03  00  00  6D  21  1C  00  03  00  00  00  37  01  00  00  7A  FF  FF  
FF  70  FF  FF  FF  00  00  00  00  02  00  00  00  4C  00  00  00  6D  22  10  00  03  00  00  00  
2D  FE  FF  FF  23  02  00  00  B3  06  00  00  6D  23  14  00  03  00  00  00  15  25  B0  76  B5  
8E  F3  FC  AD  FE  02  03  B7  1E  47  0A  6D  24  24  00  02  00  00  00  00  00  00  00  00  00  
00  00  00  00  00  00  00  00  00  00  00  00  00  00  00  00  00  00  00  00  00  00  00  00  00  
00  6D  31  20  00  03  00  00  00  0D  E1  00  00  A1  58  FF  FF  61  D4  00  00  CC  EB  07  00  
25  C4  06  00  59  8F  70  FF  C6  61  07  00  6D  32  24  00  03  00  00  00  FA  85  0C  00  10  
0A  CD  7B  01  00  00  00  D8  03  1B  8D  05  00  00  00  FF  FF  FF  FF  FE  FF  FF  FF  FE  FF  
FF  FF  6D  33  10  00  03  00  00  00  E3  07  02  19  12  29  2C  00  01  00  12  00  6D  34  14  
00  03  00  00  00  F2  47  03  00  41  1A  FF  FF  56  2F  04  00  A8  B4  07  00  6D  35  0C  00  
03  00  00  00  28  8D  01  00  5A  12  07  00  41  53  66  8D  47  4E  00  00  8C  81  02  00  00  
00  00  00  00  00  28  01  6D  15  14  00  02  01  00  00  03  04  03  00  00  00  00  00  00  00  
00  00  00  00  00  00  6D  16  10  00  03  00  00  00  00  E3  07  02  19  12  29  2C  00  DB  03  
00  00  6D  21  1C  00  03  00  00  00  2D  FF  FF  FF  33  00  00  00  3C  FF  FF  FF  0E  00  00  
00  E7  FF  FF  FF  3E  00  00  00  6D  22  10  00  03  00  00  00  2D  FE  FF  FF  23  02  00  00  
B3  00  06  00  00  6D  23  14  00  03  00  00  00  25  28  B0  76  60  3F  F3  FC  72  0A  03  03  
60  E0  46  0A  6D  24  24  00  02  00  00  00  00  00  00  00  00  00  00  00  00  00  00  00  00  
00  00  00  00  00  00  00  00  00  00  00  00  00  00  00  00  00  00  00  00  6D  31  20  00  03  
00  00  00  37  15  00  00  C5  A0  FF  FF  3F  C0  00  00  0A  22  08  00  72  5B  06  00  1E  5A  
70  FF  CD  61  07  00  6D  32  24  00  03  00  00  00  FA  85  0C  00  10  0A  CD  7B  01  00  00  
00  D8  00  03  1B  8D  05  00  00  00  FF  FF  FF  FF  FE  FF  FF  FF  FE  FF  FF  FF  6D  33  10  
00  03  00  00  00  E3  07  02  19  12  29  2C  00  01  00  12  00  6D  34  14  00  03  00  00  00  
60  48  03  00  E5  52  FF  FF  C2  46  04  00  F4  D1  07  00  6D  35  0C  00  03  00  00  A0  47  
4E  00  00  8D  81  02  00  00  00  00  00  00  00  28  01  6D  15  14  00  02  01  00  00  03  04  
03  00  00  00  00  00  00  00  00  00  00  00  00  00  6D  16  10  00  03  00  00  00  E3  07  02  
19  12  29  2C  00  E5  03  00  00  6D  21  1C  00  03  00  00  00  7E  FF  FF  FF  C9  FF  FF  FF  
CF  FF  FF  FF  06  00  00  00  ED  FF  FF  FF  3E  00  00  00  6D  22  10  00  03  00  00  00  2D  
FE  FF  FF  23  02  00  00  B3  06  00  00  6D  23  14  00  03  00  00  00  F0  27  B0  76  A1  14  
F3  FC  A6  F1  02  03  56  DD  46  0A  6D  24  24  00  02  00  00  00  00  00  00  00  00  00  00  
00  00  00  00  00  00  00  00  00  00  00  00  00  00  00  00  00  00  00  00  00  00  00  00  00  
6D  31  20  00  03  00  00  00  7B  34  00  00  4B  77  FF  FF  C0  F9  00  00  BF  01  08  00  0F  
73  06  00  A5  57  70  FF  DE  60  07  00  6D  32  24  00  03  00  00  00  FA  85  0C  00  10  0A  
CD  7B  01  00  00  00  D8  03  1B  8D  05  00  00  00  FF  FF  FF  FF  FE  FF  FF  FF  FE  FF  FF  
FF  6D  33  10  00  03  00  00  00  E3  07  02  19  12  29  2C  00  01  00  12  00  6D  34  14  00  
03  00  00  00  D1  40  03  00  EA  61  FF  FF  BB  46  04  00  7C  E5  07  00  6D  35  0C  00  03  
00  00  00  23  8D  01  00  0F  12  07  00  41  53  8B  36  47  4E  00  00  8E  81  02  00  00  00  
00  00  00  00  28  01  6D  15  14  00  02  01  00  00  03  04  03  00  00  00  00  00  00  00  00  
00  00  00  00  00  6D  16  10  00  03  00  00  00  00  E3  07  02  19  12  29  2D  00  07  00  00  
00  6D  21  1C  00  03  00  00  00  BD  01  00  00  A0  00  00  00  7C  FF  FF  FF  F6  FF  FF  FF  
FB  FF  FF  FF  2F  00  00  00  6D  22  10  00  03  00  00  00  2E  FE  FF  FF  24  02  00  00  B3  
00  06  00  00  6D  23  14  00  03  00  00  00  35  2E  B0  76  74  C1  F3  FC  B4  3E  03  03  A6  
B1  46  0A  6D  24  24  00  02  00  00  00  00  00  00  00  00  00  00  00  00  00  00  00  00  00  
00  00  00  00  00  00  00  00  00  00  00  00  00  00  00  00  00  00  00  6D  31  20  00  03  00  
00  00  15  15  01  00  DF  CA  FF  FF  EC  D8  00  00  DF  C4  07  00  22  A8  06  00  A1  1D  70  
FF  A0  61  07  00  6D  32  24  00  03  00  00  00  FA  85  0C  00  10  0A  CD  7B  01  00  00  00  
D8  00  03  1B  8D  05  00  00  00  FF  FF  FF  FF  FE  FF  FF  FF  FE  FF  FF  FF  6D  33  10  00  
03  00  01  00  E3  07  02  19  12  29  2C  00  01  00  12  00  6D  34  14  00  03  00  00  00  B5  
29  03  00  56  56  FF  FF  39  2F  04  00  C8  02  08  00  6D  35  0C  00  03  00  00  D1  47  4E  
00  00  8F  81  02  00  01  01  00  00  00  00  28  01  6D  15  14  00  02  01  00  00  03  04  03  
00  00  00  00  00  00  00  00  00  00  00  00  00  6D  16  10  00  03  00  00  00  E3  07  02  19  
12  29  2D  00  11  00  00  00  6D  21  1C  00  03  00  00  00  6D  00  00  00  43  00  00  00  F6  
FF  FF  FF  10  00  00  00  E5  FF  FF  FF  34  00  00  00  6D  22  10  00  03  00  00  00  2E  FE  
FF  FF  24  02  00  00  B3  06  00  00  6D  23  14  00  03  00  00  00  E2  2D  B0  76  4D  F0  F3  
FC  92  5D  03  03  39  BA  46  0A  6D  24  24  00  02  00  00  00  00  00  00  00  00  00  00  00  
00  00  00  00  00  00  00  00  00  00  00  00  00  00  00  00  00  00  00  00  00  00  00  00  6D  
31  20  00  03  00  00  00  1A  92  00  00  5D  A6  FF  FF  B2  08  01  00  3E  29  08  00  CD  4F  
06  00  5D  30  70  FF  DC  61  07  00  6D  32  24  00  03  00  00  00  FA  85  0C  00  10  0A  CD  
7B  01  00  00  00  D8  03  1B  8D  05  00  00  00  FF  FF  FF  FF  FE  FF  FF  FF  FE  FF  FF  FF  
6D  33  10  00  03  00  00  00  E3  07  02  19  12  29  2C  00  01  00  12  00  6D  34  14  00  03  
00  00  00  37  47  03  00  84  0B  FF  FF  D8  6D  04  00  6C  BE  07  00  6D  35  0C  00  03  00  
00  00  23  8D  01  00  DD  11  07  00  41  53  5D  29  47  4E  00  00  90  81  02  00  00  00  00  
00  00  00  28  01  6D  15  14  00  02  01  00  00  03  04  03  00  00  00  00  00  00  00  00  00  
00  00  00  00  6D  16  10  00  03  00  00  00  00  E3  07  02  19  12  29  2D  00  1B  00  00  00  
6D  21  1C  00  03  00  00  00  F8  FE  FF  FF  B0  FF  FF  FF  8E  FF  FF  FF  01  00  00  00  F1  
FF  FF  FF  2F  00  00  00  6D  22  10  00  03  00  00  00  2D  FE  FF  FF  24  02  00  00  B2  00  
06  00  00  6D  23  14  00  03  00  00  00  76  2E  B0  76  24  92  F3  FC  8C  36  03  03  13  A3  
46  0A  6D  24  24  00  02  00  00  00  00  00  00  00  00  00  00  00  00  00  00  00  00  00  00  
00  00  00  00  00  00  00  00  00  00  00  00  00  00  00  00  00  00  6D  31  20  00  03  00  00  
00  30  00  00  00  E7  6C  FF  FF  E6  DF  00  00  F7  EE  07  00  52  7E  06  00  06  20  70  FF  
A8  61  07  00  6D  32  24  00  03  00  00  00  FA  85  0C  00  10  0A  CD  7B  01  00  00  00  D8  
00  03  1B  8D  05  00  00  00  FF  FF  FF  FF  FE  FF  FF  FF  FE  FF  FF  FF  6D  33  10  00  03  
00  00  00  E3  07  02  19  12  29  2C  00  01  00  12  00  6D  34  14  00  03  00  00  00  0B  48  
03  00  8A  38  FF  FF  AC  4A  04  00  6C  BE  07  00  6D  35  0C  00  03  00  00  22  47  4E  00  
00  91  81  02  00  00  00  00  00  00  00  28  01  6D  15  14  00  02  01  00  00  03  04  03  00  
00  00  00  00  00  00  00  00  00  00  00  00  6D  16  10  00  03  00  00  00  E3  07  02  19  12  
29  2D  00  25  00  00  00  6D  21  1C  00  03  00  00  00  03  00  00  00  6E  FF  FF  FF  13  00  
00  00  FE  FF  FF  FF  F2  FF  FF  FF  3E  00  00  00  6D  22  10  00  03  00  00  00  2D  FE  FF  
FF  23  02  00  00  B3  06  00  00  6D  23  14  00  03  00  00  00  D6  2D  B0  76  CB  9F  F3  FC  
78  00  03  03  27  BE  46  0A  6D  24  24  00  02  00  00  00  00  00  00  00  00  00  00  00  00  
00  00  00  00  00  00  00  00  00  00  00  00  00  00  00  00  00  00  00  00  00  00  00  6D  31  
20  00  03  00  00  00  7C  68  00  00  3C  53  FF  FF  A6  13  01  00  11  E3  07  00  FC  82  06  
00  04  5A  70  FF  8A  61  07  00  6D  32  24  00  03  00  00  00  FA  85  0C  00  10  0A  CD  7B  
01  00  00  00  D8  03  1B  8D  05  00  00  00  FF  FF  FF  FF  FE  FF  FF  FF  FE  FF  FF  FF  6D  
33  10  00  03  00  00  00  E3  07  02  19  12  29  2C  00  01  00  12  00  6D  34  14  00  03  00  
00  00  75  40  03  00  32  3C  FF  FF  EC  3E  04  00  65  D4  07  00  6D  35  0C  00  03  00  00  
00  25  8D  01  00  5A  12  07  00  41  53  89  12  47  4E  00  00  92  81  02  00  00  00  00  00  
00  00  28  01  6D  15  14  00  02  01  00  00  03  04  03  00  00  00  00  00  00  00  00  00  00  
00  00  00  6D  16  10  00  03  00  00  00  00  E3  07  02  19  12  29  2D  00  2F  00  00  00  6D  
21  1C  00  03  00  00  00  E9  FF  FF  FF  47  FF  FF  FF  3C  00  00  00  FA  FF  FF  FF  0A  00  
00  00  4D  00  00  00  6D  22  10  00  03  00  00  00  2D  FE  FF  FF  23  02  00  00  B3  00  06  
00  00  6D  23  14  00  03  00  00  00  FD  2B  B0  76  E2  A4  F3  FC  67  BA  02  03  90  E9  46  
0A  6D  24  24  00  02  00  00  00  00  00  00  00  00  00  00  00  00  00  00  00  00  00  00  00  
00  00  00  00  00  00  00  00  00  00  00  00  00  00  00  00  00  6D  31  20  00  03  00  00  00  
44  5E  00  00  7B  43  FF  FF  8B  23  01  00  F2  D4  07  00  F6  E2  06  00  C2  93  70  FF  75  
60  07  00  6D  32  24  00  03  00  00  00  FA  85  0C  00  10  0A  CD  7B  01  00  00  00  D8  00  
03  1B  8D  05  00  00  00  FF  FF  FF  FF  FE  FF  FF  FF  FE  FF  FF  FF  6D  33  10  00  03  00  
00  00  E3  07  02  19  12  29  2C  00  01  00  12  00  6D  34  14  00  03  00  00  00  E1  28  03  
00  23  1A  FF  FF  D8  3E  04  00  50  16  08  00  6D  35  0C  00  03  00  00  D5  47  4E  00  00  
93  81  02  00  00  00  00  00  00  00  28  01  6D  15  14  00  02  01  00  00  03  04  03  00  00  
00  00  00  00  00  00  00  00  00  00  00  6D  16  10  00  03  00  00  00  E3  07  02  19  12  29  
2D  00  39  00  00  00  6D  21  1C  00  03  00  00  00  E9  FF  FF  FF  F4  FF  FF  FF  EC  FF  FF  
FF  E6  FF  FF  FF  F0  FF  FF  FF  3C  00  00  00  6D  22  10  00  03  00  00  00  2D  FE  FF  FF  
23  02  00  00  B3  06  00  00  6D  23  14  00  03  00  00  00  69  2B  B0  76  49  A3  F3  FC  1F  
B6  02  03  05  F1  46  0A  6D  24  24  00  02  00  00  00  00  00  00  00  00  00  00  00  00  00  
00  00  00  00  00  00  00  00  00  00  00  00  00  00  00  00  00  00  00  00  00  00  6D  31  20  
00  03  00  00  00  32  5E  00  00  FE  86  FF  FF  EC  03  01  00  1F  86  07  00  E5  7B  06  00  
A9  50  70  FF  F4  60  07  00  6D  32  24  00  03  00  00  00  FA  85  0C  00  10  0A  CD  7B  01  
00  00  00  D8  03  1B  8D  05  00  00  00  FF  FF  FF  FF  FE  FF  FF  FF  FE  FF  FF  FF  6D  33  
10  00  03  00  00  00  E3  07  02  19  12  29  2C  00  01  00  12  00  6D  34  14  00  03  00  00  
00  4F  49  03  00  CE  92  FF  FF  53  2F  04  00  A8  B4  07  00  6D  35  0C  00  03  00  00  00  
25  8D  01  00  5A  12  07  00  41  53  CB  97  47  4E  00  00  94  81  02  00  00  00  00  00  00  
00  28  01  6D  15  14  00  02  01  00  00  03  04  03  00  00  00  00  00  00  00  00  00  00  00  
00  00  6D  16  10  00  03  00  00  00  00  E3  07  02  19  12  29  2D  00  43  00  00  00  6D  21  
1C  00  03  00  00  00  64  FF  FF  FF  43  00  00  00  D2  FF  FF  FF  03  00  00  00  E6  FF  FF  
FF  4B  00  00  00  6D  22  10  00  03  00  00  00  2D  FE  FF  FF  23  02  00  00  B3  00  06  00  
00  6D  23  14  00  03  00  00  00  A6  29  B0  76  F2  6A  F3  FC  CD  CB  02  03  4C  EE  46  0A  
6D  24  24  00  02  00  00  00  00  00  00  00  00  00  00  00  00  00  00  00  00  00  00  00  00  
00  00  00  00  00  00  00  00  00  00  00  00  00  00  00  00  6D  31  20  00  03  00  00  00  DD  
29  00  00  FB  A5  FF  FF  A1  F9  00  00  D6  F5  07  00  ED  56  06  00  C7  8A  70  FF  19  61  
07  00  6D  32  24  00  03  00  00  00  B0  84  0C  00  FF  09  CD  7B  01  00  00  00  FB  00  03  
1B  8D  05  00  00  00  FD  FF  FF  FF  02  00  00  00  FF  FF  FF  FF  6D  33  10  00  03  00  00  
00  E3  07  02  19  12  29  2D  00  01  00  12  00  6D  34  14  00  03  00  00  00  27  41  03  00  
15  6D  FF  FF  4D  2F  04  00  F4  D1  07  00  6D  35  0C  00  03  00  00  8A  47  4E  00  00  95  
81  02  00  00  00  00  00  00  00  28  01  6D  15  14  00  02  01  00  00  03  04  03  00  00  00  
00  00  00  00  00  00  00  00  00  00  6D  16  10  00  03  00  00  00  E3  07  02  19  12  29  2D  
00  4D  00  00  00  6D  21  1C  00  03  00  00  00  38  00  00  00  F1  00  00  00  C1  00  00  00  
F1  FF  FF  FF  E4  FF  FF  FF  2F  00  00  00  6D  22  10  00  03  00  00  00  2D  FE  FF  FF  24  
02  00  00  B3  06  00  00  6D  23  14  00  03  00  00  00  46  20  B0  76  DB  81  F3  FC  97  2E  
03  03  6C  44  47  0A  6D  24  24  00  02  00  00  00  00  00  00  00  00  00  00  00  00  00  00  
00  00  00  00  00  00  00  00  00  00  00  00  00  00  00  00  00  00  00  00  00  6D  31  20  00  
03  00  00  00  84  7C  00  00  E1  E9  FF  FF  E9  56  01  00  66  B2  07  00  08  4D  06  00  C6  
1D  70  FF  EB  61  07  00  6D  32  24  00  03  00  00  00  B0  84  0C  00  FF  09  CD  7B  01  00  
00  00  FB  03  1B  8D  05  00  00  00  FD  FF  FF  FF  02  00  00  00  FF  FF  FF  FF  6D  33  10  
00  03  00  00  00  E3  07  02  19  12  29  2D  00  01  00  12  00  6D  34  14  00  03  00  00  00  
9D  40  03  00  B0  43  FF  FF  1D  37  04  00  ED  E7  07  00  6D  35  0C  00  03  00  00  00  25  
8D  01  00  73  12  07  00  41  53  F7  97  47  4E  00  00  96  81  02  00  02  01  01  01  00  00  
28  01  6D  15  14  00  02  01  00  00  03  04  03  00  00  00  00  00  00  00  00  00  00  00  00  
00  6D  16  10  00  03  00  00  00  00  E3  07  02  19  12  29  2D  00  57  00  00  00  6D  21  1C  
00  03  00  00  00  DD  FF  FF  FF  BF  FF  FF  FF  B7  FF  FF  FF  07  00  00  00  ED  FF  FF  FF  
2E  00  00  00  6D  22  10  00  03  00  00  00  2D  FE  FF  FF  24  02  00  00  B3  00  06  00  00  
6D  23  14  00  03  00  00  00  EE  21  B0  76  D3  7D  F3  FC  AD  14  03  03  AD  37  47  0A  6D  
24  24  00  02  00  00  00  00  00  00  00  00  00  00  00  00  00  00  00  00  00  00  00  00  00  
00  00  00  00  00  00  00  00  00  00  00  00  00  00  00  6D  31  20  00  03  00  00  00  F1  58  
00  00  4D  72  FF  FF  13  EF  00  00  A5  08  08  00  5F  70  06  00  66  1B  70  FF  BE  61  07  
00  6D  32  24  00  03  00  00  00  B0  84  0C  00  FF  09  CD  7B  01  00  00  00  FB  00  03  1B  
8D  05  00  00  00  FD  FF  FF  FF  02  00  00  00  FF  FF  FF  FF  6D  33  10  00  03  00  00  00  
E3  07  02  19  12  29  2D  00  01  00  12  00  6D  34  14  00  03  00  00  00  75  57  03  00  A9  
38  FF  FF  A0  4E  04  00  F4  D1  07  00  6D  35  0C  00  03  00  00  3F  47  4E  00  00  97  81  
02  00  00  00  00  00  00  00  28  01  6D  15  14  00  02  01  00  00  03  04  03  00  00  00  00  
00  00  00  00  00  00  00  00  00  6D  16  10  00  03  00  00  00  E3  07  02  19  12  29  2D  00  
61  00  00  00  6D  21  1C  00  03  00  00  00  AF  01  00  00  2B  00  00  00  A6  00  00  00  0A  
00  00  00  EE  FF  FF  FF  56  00  00  00  6D  22  10  00  03  00  00  00  2E  FE  FF  FF  24  02  
00  00  B3  06  00  00  6D  23  14  00  03  00  00  00  06  1F  B0  76  EA  2D  F4  FC  2B  37  03  
03  57  83  47  0A  6D  24  24  00  02  00  00  00  00  00  00  00  00  00  00  00  00  00  00  00  
00  00  00  00  00  00  00  00  00  00  00  00  00  00  00  00  00  00  00  00  6D  31  20  00  03  
00  00  00  21  0F  01  00  4D  9C  FF  FF  02  4C  01  00  41  11  08  00  C0  72  06  00  E6  B6  
70  FF  A8  61  07  00  6D  32  24  00  03  00  00  00  B0  84  0C  00  FF  09  CD  7B  01  00  00  
00  FB  03  1B  8D  05  00  00  00  FD  FF  FF  FF  02  00  00  00  FF  FF  FF  FF  6D  33  10  00  
03  00  00  00  E3  07  02  19  12  29  2D  00  01  00  12  00  6D  34  14  00  03  00  00  00  7D  
76  03  00  C6  38  FF  FF  1B  3F  04  00  D8  29  08  00  6D  35  0C  00  03  00  00  00  25  8D  
01  00  28  12  07  00  41  53  C7  0B  47  4E  00  00  98  81  02  00  00  00  00  00  00  00  28  
01  6D  15  14  00  02  01  00  00  03  04  03  00  00  00  00  00  00  00  00  00  00  00  00  00  
6D  16  10  00  03  00  00  00  00  E3  07  02  19  12  29  2D  00  6B  00  00  00  6D  21  1C  00  
03  00  00  00  F6  00  00  00  B3  FF  FF  FF  2F  00  00  00  EF  FF  FF  FF  EB  FF  FF  FF  5A  
00  00  00  6D  22  10  00  03  00  00  00  2E  FE  FF  FF  23  02  00  00  B3  00  06  00  00  6D  
23  14  00  03  00  00  00  63  1F  B0  76  DB  98  F4  FC  A2  23  03  03  91  A4  47  0A  6D  24  
24  00  02  00  00  00  00  00  00  00  00  00  00  00  00  00  00  00  00  00  00  00  00  00  00  
00  00  00  00  00  00  00  00  00  00  00  00  00  00  6D  31  20  00  03  00  00  00  B5  C6  00  
00  40  6D  FF  FF  9A  1D  01  00  CC  A8  07  00  33  67  06  00  B4  C4  70  FF  93  60  07  00  
6D  32  24  00  03  00  00  00  B0  84  0C  00  FF  09  CD  7B  01  00  00  00  FB  00  03  1B  8D  
05  00  00  00  FD  FF  FF  FF  02  00  00  00  FF  FF  FF  FF  6D  33  10  00  03  00  00  00  E3  
07  02  19  12  29  2D  00  01  00  12  00  6D  34  14  00  03  00  00  00  21  5F  03  00  FA  21  
FF  FF  39  37  04  00  AA  07  08  00  6D  35  0C  00  03  00  00  78  47  4E  00  00  99  81  02  
00  64  00  00  00  00  00  28  01  6D  15  14  00  02  01  00  00  03  04  03  00  00  00  00  00  
00  00  00  00  00  00  00  00  6D  16  10  00  03  00  00  00  E3  07  02  19  12  29  2D  00  75  
00  00  00  6D  21  1C  00  03  00  00  00  1B  02  00  00  B4  FF  FF  FF  63  00  00  00  08  00  
00  00  F9  FF  FF  FF  3A  00  00  00  6D  22  10  00  03  00  00  00  2F  FE  FF  FF  23  02  00  
00  B3  06  00  00  6D  23  14  00  03  00  00  00  F6  20  B0  76  69  76  F5  FC  D3  1A  03  03  
83  D6  47  0A  6D  24  24  00  02  00  00  00  00  00  00  00  00  00  00  00  00  00  00  00  00  
00  00  00  00  00  00  00  00  00  00  00  00  00  00  00  00  00  00  00  6D  31  20  00  03  00  
00  00  41  39  01  00  AB  6D  FF  FF  D5  31  01  00  A8  0A  08  00  B6  9C  06  00  BE  49  70  
FF  A0  61  07  00  6D  32  24  00  03  00  00  00  B0  84  0C  00  FF  09  CD  7B  01  00  00  00  
FB  03  1B  8D  05  00  00  00  FD  FF  FF  FF  02  00  00  00  FF  FF  FF  FF  6D  33  10  00  03  
00  00  00  E3  07  02  19  12  29  2D  00  01  00  12  00  6D  34  14  00  03  00  00  00  17  44  
03  00  04  1E  FF  FF  39  33  04  00  7C  E5  07  00  6D  35  0C  00  03  00  00  00  28  8D  01  
00  DD  11  07  00  41  53  61  2A  47  4E  00  00  9A  81  02  00  00  00  00  00  00  00  28  01  
6D  15  14  00  02  01  00  00  03  04  03  00  00  00  00  00  00  00  00  00  00  00  00  00  6D  
16  10  00  03  00  00  00  00  E3  07  02  19  12  29  2D  00  7F  00  00  00  6D  21  1C  00  03  
00  00  00  05  FF  FF  FF  7A  00  00  00  30  00  00  00  E0  FF  FF  FF  F2  FF  FF  FF  3D  00  
00  00  6D  22  10  00  03  00  00  00  2F  FE  FF  FF  24  02  00  00  B3  00  06  00  00  6D  23  
14  00  03  00  00  00  89  1A  B0  76  A1  19  F5  FC  8D  43  03  03  57  F9  47  0A  6D  24  24  
00  02  00  00  00  00  00  00  00  00  00  00  00  00  00  00  00  00  00  00  00  00  00  00  00  
00  00  00  00  00  00  00  00  00  00  00  00  00  6D  31  20  00  03  00  00  00  B3  04  00  00  
E3  BA  FF  FF  3B  1E  01  00  35  6E  07  00  F1  7F  06  00  72  55  70  FF  2F  62  07  00  6D  
32  24  00  03  00  00  00  B0  84  0C  00  FF  09  CD  7B  01  00  00  00  FB  00  03  1B  8D  05  
00  00  00  FD  FF  FF  FF  02  00  00  00  FF  FF  FF  FF  6D  33  10  00  03  00  00  00  E3  07  
02  19  12  29  2D  00  01  00  12  00  6D  34  14  00  03  00  00  00  08  39  03  00  85  56  FF  
FF  E4  3E  04  00  7C  E5  07  00  6D  35  0C  00  03  00  00  42  47  4E  00  00  9B  81  02  00  
02  01  00  00  00  00  28  01  6D  15  14  00  02  01  00  00  03  04  03  00  00  00  00  00  00  
00  00  00  00  00  00  00  6D  16  10  00  03  00  00  00  E3  07  02  19  12  29  2D  00  89  00  
00  00  6D  21  1C  00  03  00  00  00  1C  01  00  00  3D  FF  FF  FF  04  01  00  00  EA  FF  FF  
FF  F2  FF  FF  FF  2C  00  00  00  6D  22  10  00  03  00  00  00  2F  FE  FF  FF  23  02  00  00  
B4  06  00  00  6D  23  14  00  03  00  00  00  AF  15  B0  76  D9  99  F5  FC  4F  04  03  03  CC  
69  48  0A  6D  24  24  00  02  00  00  00  00  00  00  00  00  00  00  00  00  00  00  00  00  00  
00  00  00  00  00  00  00  00  00  00  00  00  00  00  00  00  00  00  6D  31  20  00  03  00  00  
00  9D  D5  00  00  D8  3E  FF  FF  26  71  01  00  6C  96  07  00  07  7E  06  00  61  14  70  FF  
A0  61  07  00  6D  32  24  00  03  00  00  00  B0  84  0C  00  FF  09  CD  7B  01  00  00  00  FB  
03  1B  8D  05  00  00  00  FD  FF  FF  FF  02  00  00  00  FF  FF  FF  FF  6D  33  10  00  03  00  
00  00  E3  07  02  19  12  29  2D  00  01  00  12  00  6D  34  14  00  03  00  00  00  73  38  03  
00  B5  47  FF  FF  C8  6D  04  00  98  8D  07  00  6D  35  0C  00  03  00  00  00  26  8D  01  00  
41  12  07  00  41  53  8F  DE  47  4E  00  00  9C  81  02  00  03  04  03  00  00  00  28  01  6D  
15  14  00  02  01  00  00  03  04  03  00  00  00  00  00  00  00  00  00  00  00  00  00  6D  16  
10  00  03  00  00  00  00  E3  07  02  19  12  29  2D  00  93  00  00  00  6D  21  1C  00  03  00  
00  00  74  FE  FF  FF  FE  00  00  00  90  FF  FF  FF  04  00  00  00  F1  FF  FF  FF  67  00  00  
00  6D  22  10  00  03  00  00  00  2E  FE  FF  FF  24  02  00  00  B4  00  06  00  00  6D  23  14  
00  03  00  00  00  1C  12  B0  76  32  FF  F4  FC  60  59  03  03  64  4C  48  0A  6D  24  24  00  
02  00  00  00  00  00  00  00  00  00  00  00  00  00  00  00  00  00  00  00  00  00  00  00  00  
00  00  00  00  00  00  00  00  00  00  00  00  6D  31  20  00  03  00  00  00  ED  CB  FF  FF  56  
EE  FF  FF  C2  DF  00  00  4F  FC  07  00  58  7C  06  00  19  FA  70  FF  CF  60  07  00  6D  32  
24  00  03  00  00  00  B0  84  0C  00  FF  09  CD  7B  01  00  00  00  FB  00  03  1B  8D  05  00  
00  00  FD  FF  FF  FF  02  00  00  00  FF  FF  FF  FF  6D  33  10  00  03  00  00  00  E3  07  02  
19  12  29  2D  00  01  00  12  00  6D  34  14  00  03  00  00  00  C2  38  03  00  56  38  FF  FF  
21  37  04  00  98  8D  07  00  6D  35  0C  00  03  00  00  5E  47  4E  00  00  9D  81  02  00  00  
00  00  00  00  00  28  01  6D  15  14  00  02  01  00  00  03  04  03  00  00  00  00  00  00  00  
00  00  00  00  00  00  6D  16  10  00  03  00  00  00  E3  07  02  19  12  29  2D  00  9D  00  00  
00  6D  21  1C  00  03  00  00  00  32  FD  FF  FF  79  00  00  00  D4  FF  FF  FF  0E  00  00  00  
04  00  00  00  24  00  00  00  6D  22  10  00  03  00  00  00  2E  FE  FF  FF  24  02  00  00  B4  
06  00  00  6D  23  14  00  03  00  00  00  2B  0A  B0  76  57  EC  F3  FC  04  71  03  03  B8  4F  
48  0A  6D  24  24  00  02  00  00  00  00  00  00  00  00  00  00  00  00  00  00  00  00  00  00  
00  00  00  00  00  00  00  00  00  00  00  00  00  00  00  00  00  6D  31  20  00  03  00  00  00  
46  4E  FF  FF  53  BA  FF  FF  A6  FA  00  00  B4  24  08  00  3F  C9  06  00  6F  F1  6F  FF  55  
61  07  00  6D  32  24  00  03  00  00  00  B0  84  0C  00  FF  09  CD  7B  01  00  00  00  FB  03  
1B  8D  05  00  00  00  FD  FF  FF  FF  02  00  00  00  FF  FF  FF  FF  6D  33  10  00  03  00  00  
00  E3  07  02  19  12  29  2D  00  01  00  12  00  6D  34  14  00  03  00  00  00  CB  3C  03  00  
14  29  FF  FF  18  10  04  00  19  B7  07  00  6D  35  0C  00  03  00  00  00  22  8D  01  00  28  
12  07  00  41  53  01  8A  47  4E  00  00  9E  81  02  00  00  00  00  00  00  00  28  01  6D  15  
14  00  02  01  00  00  03  04  03  00  00  00  00  00  00  00  00  00  00  00  00  00  6D  16  10  
00  03  00  00  00  00  E3  07  02  19  12  29  2D  00  A7  00  00  00  6D  21  1C  00  03  00  00  
00  DA  00  00  00  7B  00  00  00  3A  00  00  00  0D  00  00  00  F7  FF  FF  FF  60  00  00  00  
6D  22  10  00  03  00  00  00  2E  FE  FF  FF  24  02  00  00  B4  00  06  00  00  6D  23  14  00  
03  00  00  00  11  08  B0  76  75  45  F4  FC  47  AA  03  03  95  71  48  0A  6D  24  24  00  02  
00  00  00  00  00  00  00  00  00  00  00  00  00  00  00  00  00  00  00  00  00  00  00  00  00  
00  00  00  00  00  00  00  00  00  00  00  6D  31  20  00  03  00  00  00  DC  BB  00  00  23  BB  
FF  FF  94  22  01  00  1E  1F  08  00  EB  95  06  00  F2  DB  70  FF  46  61  07  00  6D  32  24  
00  03  00  00  00  DE  83  0C  00  FF  09  CD  7B  01  00  00  00  2F  00  04  1B  8D  05  00  00  
00  04  00  00  00  03  00  00  00  FE  FF  FF  FF  6D  33  10  00  03  00  00  00  E3  07  02  19  
12  29  2D  00  01  00  12  00  6D  34  14  00  03  00  00  00  FA  47  03  00  68  29  FF  FF  F3  
3E  04  00  9C  33  08  00  6D  35  0C  00  03  00  00  78  47  4E  00  00  9F  81  02  00  00  00  
00  00  00  00  28  01  6D  15  14  00  02  01  00  00  03  04  03  00  00  00  00  00  00  00  00  
00  00  00  00  00  6D  16  10  00  03  00  00  00  E3  07  02  19  12  29  2D  00  B1  00  00  00  
6D  21  1C  00  03  00  00  00  5F  01  00  00  EA  FF  FF  FF  A4  00  00  00  FA  FF  FF  FF  F6  
FF  FF  FF  30  00  00  00  6D  22  10  00  03  00  00  00  2E  FE  FF  FF  24  02  00  00  B4  06  
00  00  6D  23  14  00  03  00  00  00  21  05  B0  76  74  D8  F4  FC  81  B0  03  03  36  BD  48  
0A  6D  24  24  00  02  00  00  00  00  00  00  00  00  00  00  00  00  00  00  00  00  00  00  00  
00  00  00  00  00  00  00  00  00  00  00  00  00  00  00  00  6D  31  20  00  03  00  00  00  C5  
EF  00  00  5D  82  FF  FF  39  4C  01  00  0A  D5  07  00  AF  90  06  00  5B  22  70  FF  11  62  
07  00  6D  32  24  00  03  00  00  00  DE  83  0C  00  FF  09  CD  7B  01  00  00  00  2F  04  1B  
8D  05  00  00  00  04  00  00  00  03  00  00  00  FE  FF  FF  FF  6D  33  10  00  03  00  00  00  
E3  07  02  19  12  29  2D  00  01  00  12  00  6D  34  14  00  03  00  00  00  DA  57  03  00  1D  
75  FF  FF  E2  6D  04  00  40  EF  07  00  6D  35  0C  00  03  00  00  00  28  8D  01  00  73  12  
07  00  41  53  5B  7A  47  4E  00  00  A0  81  02  00  14  00  00  00  00  00  28  01  6D  15  14  
00  02  01  00  00  03  04  03  00  00  00  00  00  00  00  00  00  00  00  00  00  6D  16  10  00  
03  00  00  00  00  E3  07  02  19  12  29  2D  00  BB  00  00  00  6D  21  1C  00  03  00  00  00  
A4  01  00  00  8C  FF  FF  FF  DC  FF  FF  FF  E9  FF  FF  FF  EF  FF  FF  FF  48  00  00  00  6D  
22  10  00  03  00  00  00  2F  FE  FF  FF  24  02  00  00  B4  00  06  00  00  6D  23  14  00  03  
00  00  00  84  0A  B0  76  5D  87  F5  FC  BF  92  03  03  79  BB  48  0A  6D  24  24  00  02  00  
00  00  00  00  00  00  00  00  00  00  00  00  00  00  00  00  00  00  00  00  00  00  00  00  00  
00  00  00  00  00  00  00  00  00  00  6D  31  20  00  03  00  00  00  B1  0A  01  00  DB  5D  FF  
FF  F7  FD  00  00  75  91  07  00  7C  72  06  00  24  7F  70  FF  3F  61  07  00  6D  32  24  00  
03  00  00  00  DE  83  0C  00  FF  09  CD  7B  01  00  00  00  2F  00  04  1B  8D  05  00  00  00  
04  00  00  00  03  00  00  00  FE  FF  FF  FF  6D  33  10  00  03  00  00  00  E3  07  02  19  12  
29  2D  00  01  00  12  00  6D  34  14  00  03  00  00  00  6D  48  03  00  3D  5E  FF  FF  95  4E  
04  00  40  EF  07  00  6D  35  0C  00  03  00  00  C9  47  4E  00  00  A1  81  02  00  3D  87  01  
00  00  00  28  01  6D  15  14  00  02  01  00  00  03  04  03  00  00  00  00  00  00  00  00  00  
00  00  00  00  6D  16  10  00  03  00  00  00  E3  07  02  19  12  29  2D  00  C5  00  00  00  6D  
21  1C  00  03  00  00  00  4A  FF  FF  FF  37  00  00  00  2E  00  00  00  F9  FF  FF  FF  FB  FF  
FF  FF  31  00  00  00  6D  22  10  00  03  00  00  00  2F  FE  FF  FF  24  02  00  00  B4  06  00  
00  6D  23  14  00  03  00  00  00  CB  05  B0  76  4D  47  F5  FC  30  A3  03  03  3B  DA  48  0A  
6D  24  24  00  02  00  00  00  00  00  00  00  00  00  00  00  00  00  00  00  00  00  00  00  00  
00  00  00  00  00  00  00  00  00  00  00  00  00  00  00  6D  31  20  00  03  00  00  00  52  1F  
00  00  CE  A0  FF  FF  49  1E  01  00  DE  D0  07  00  8D  A1  06  00  CC  26  70  FF  CF  60  07  
00  6D  32  24  00  03  00  00  00  DE  83  0C  00  FF  09  CD  7B  01  00  00  00  2F  04  1B  8D  
05  00  00  00  04  00  00  00  03  00  00  00  FE  FF  FF  FF  6D  33  10  00  03  00  00  00  E3  
07  02  19  12  29  2D  00  01  00  12  00  6D  34  14  00  03  00  00  00  C7  3C  03  00  DA  3F  
FF  FF  4B  2F  04  00  40  EF  07  00  6D  35  0C  00  03  00  00  00  2A  8D  01  00  8C  12  07  
00  41  53  24  BA  47  4E  00  00  A2  81  02  00  01  16  01  60  00  00  28  01  6D  15  14  00  
02  01  00  00  03  04  03  00  00  00  00  00  00  00  00  00  00  00  00  00  6D  16  10  00  03  
00  00  00  00  E3  07  02  19  12  29  2D  00  CF  00  00  00  6D  21  1C  00  03  00  00  00  9A  
FF  FF  FF  38  00  00  00  7F  FF  FF  FF  FA  FF  FF  FF  EC  FF  FF  FF  42  00  00  00  6D  22  
10  00  03  00  00  00  2F  FE  FF  FF  24  02  00  00  B4  00  06  00  00  6D  23  14  00  03  00  
00  00  CD  07  B0  76  1C  24  F5  FC  A5  B4  03  03  8C  B3  48  0A  6D  24  24  00  02  00  00  
00  00  00  00  00  00  00  00  00  00  00  00  00  00  00  00  00  00  00  00  00  00  00  00  00  
00  00  00  00  00  00  00  00  00  6D  31  20  00  03  00  00  00  EB  3E  00  00  DE  A0  FF  FF  
25  DA  00  00  68  D7  07  00  EC  66  06  00  4C  6A  70  FF  91  61  07  00  6D  32  24  00  03  
00  00  00  DE  83  0C  00  FF  09  CD  7B  01  00  00  00  2F  00  04  1B  8D  05  00  00  00  04  
00  00  00  03  00  00  00  FE  FF  FF  FF  6D  33  10  00  03  00  00  00  E3  07  02  19  12  29  
2D  00  01  00  12  00  6D  34  14  00  03  00  00  00  1D  48  03  00  52  29  FF  FF  55  2F  04  
00  40  EF  07  00  6D  35  0C  00  03  00  00  FC  47  4E  00  00  A3  81  02  00  2A  00  00  00  
00  00  28  01  6D  15  14  00  02  01  00  00  03  04  03  00  00  00  00  00  00  00  00  00  00  
00  00  00  6D  16  10  00  03  00  00  00  E3  07  02  19  12  29  2D  00  D9  00  00  00  6D  21  
1C  00  03  00  00  00  2A  01  00  00  E9  FF  FF  FF  7B  00  00  00  ED  FF  FF  FF  E9  FF  FF  
FF  3F  00  00  00  6D  22  10  00  03  00  00  00  2F  FE  FF  FF  24  02  00  00  B4  06  00  00  
6D  23  14  00  03  00  00  00  1D  06  B0  76  2E  A2  F5  FC  42  B7  03  03  84  EB  48  0A  6D  
24  24  00  02  00  00  00  00  00  00  00  00  00  00  00  00  00  00  00  00  00  00  00  00  00  
00  00  00  00  00  00  00  00  00  00  00  00  00  00  6D  31  20  00  03  00  00  00  4E  DB  00  
00  20  82  FF  FF  C6  3C  01  00  3B  A2  07  00  71  5B  06  00  4A  5C  70  FF  C7  60  07  00  
6D  32  24  00  03  00  00  00  DE  83  0C  00  FF  09  CD  7B  01  00  00  00  2F  04  1B  8D  05  
00  00  00  04  00  00  00  03  00  00  00  FE  FF  FF  FF  6D  33  10  00  03  00  00  00  E3  07  
02  19  12  29  2D  00  01  00  12  00  6D  34  14  00  03  00  00  00  99  57  03  00  93  38  FF  
FF  00  3F  04  00  98  8D  07  00  6D  35  0C  00  03  00  00  00  00  29  8D  01  00  28  12  07  
00  41  53  03  72  47  4E  00  00  A4  81  02  00  10  05  00  00  00  00  28  01  6D  15  14  00  
02  01  00  00  03  04  03  00  00  00  00  00  00  00  00  00  00  00  00  00  6D  16  10  00  03  
00  00  00  00  E3  07  02  19  12  29  2D  00  E3  00  00  00  6D  21  1C  00  03  00  00  00  CC  
00  00  00  BD  00  00  00  02  00  00  00  09  00  00  00  E1  FF  FF  FF  24  00  00  00  6D  22  
10  00  03  00  00  00  2F  FE  FF  FF  24  02  00  00  B4  00  06  00  00  6D  23  14  00  03  00  
00  00  79  05  B0  76  AD  F3  F5  FC  0B  08  04  03  4B  F3  48  0A  6D  24  24  00  02  00  00  
00  00  00  00  00  00  00  00  00  00  00  00  00  00  00  00  00  00  00  00  00  00  00  00  00  
00  00  00  00  00  00  00  00  00  6D  31  20  00  03  00  00  00  73  B6  00  00  2C  D5  FF  FF  
91  0D  01  00  25  12  08  00  9B  3A  06  00  14  F4  6F  FF  2F  62  07  00  6D  32  24  00  03  
00  00  00  DE  83  0C  00  FF  09  CD  7B  01  00  00  00  2F  00  04  1B  8D  05  00  00  00  04  
F0  47  4E  00  00  B9  81  02  00  00  00  00  00  00  00  28  01  6D  15  14  00  02  01  00  00  
03  04  03  00  00  00  00  00  00  00  00  00  00  00  00  00  6D  16  10  00  03  00  00  00  E3  
07  02  19  12  29  2D  00  B5  01  00  00  6D  21  1C  00  03  00  00  00  98  FF  FF  FF  41  00  
00  00  F1  FF  FF  FF  FC  FF  FF  FF  FE  FF  FF  FF  39  00  00  00  6D  22  10  00  03  00  00  
00  2F  FE  FF  FF  25  02  00  00  B5  06  00  00  6D  23  14  00  03  00  00  00  B9  D9  AF  76  
92  50  F6  FC  3E  1C  05  03  70  B6  4A  0A  6D  24  24  00  02  00  00  00  00  00  00  00  00  
00  00  00  00  00  00  00  00  00  00  00  00  00  00  00  00  00  00  00  00  00  00  00  00  00  
00  00  6D  31  20  00  03  00  00  00  7D  3E  00  00  2E  A6  FF  FF  26  09  01  00  E1  E2  07  
00  78  AA  06  00  19  45  70  FF  D5  61  07  00  6D  32  24  00  03  00  00  00  30  82  0C  00  
FF  09  CD  7B  01  00  00  00  75  04  1B  8D  05  00  00  00  00  00  00  00  03  00  00  00  2D  
8D  01  00  8C  12  07  00  41  53  11  88  47  4E  00  00  BA  81  02  00  00  00  00  00  00  00  
28  01  6D  15  14  00  02  01  00  00  03  04  03  00  00  00  00  00  00  00  00  00  00  00  00  
00  6D  16  10  00  03  00  00  00  E3  07  02  19  12  29  2D  00  BF  01  00  00  6D  21  1C  00  
03  00  00  00  02  01  00  00  AF  FF  FF  FF  25  00  00  00  E9  FF  FF  FF  FB  FF  FF  FF  67  
00  00  00  6D  22  10  00  03  00  00  00  30  FE  FF  FF  25  02  00  00  B5  06  00  00  6D  23  
14  00  03  00  00  00  E1  DA  AF  76  50  C1  F6  FC  D5  06  05  03  AC  D0  4A  0A  6D  24  24  
00  02  00  00  00  00  00  00  00  00  00  00  00  00  00  00  00  00  00  00  00  00  00  00  00  
00  00  00  00  00  00  00  00  00  00  00  00  6D  31  20  00  03  00  00  00  BB  CB  00  00  5A  
6D  FF  FF  8F  1D  01  00  60  95  07  00  C3  9E  06  00  C9  F7  70  FF  3F  61  07  00  6D  32  
24  00  03  00  00  00  30  82  0C  00  FF  09  CD  7B  01  00  00  00  75  04  1B  8D  05  00  00  
00  00  00  00  00  03  00  00  00  FE  FF  FF  FF  6D  33  10  00  03  00  00  00  E3  07  02  19  
12  29  2D  00  01  00  12  00  6D  34  14  00  03  00  00  00  FA  47  03  00  68  29  FF  FF  F3  
00  3E  04  00  40  EF  07  00  6D  35  0C  00  03  00  00  00  29  8D  01  00  73  12  07  00  41  
53  8D  6F  47  4E  00  00  BB  81  02  00  00  00  00  00  00  00  28  01  6D  15  14  00  02  01  
00  00  03  04  03  00  00  00  00  00  00  00  00  00  00  00  00  00  6D  16  10  00  03  00  00  
00  E3  07  02  19  12  29  2D  00  C9  01  00  00  6D  21  1C  00  03  00  00  00  1D  01  00  00  
9E  00  00  00  B9  FF  FF  FF  06  00  00  00  EE  FF  FF  FF  35  00  00  00  6D  22  10  00  03  
00  00  00  30  FE  FF  FF  25  02  00  00  B5  06  00  00  6D  23  14  00  03  00  00  00  B6  DD  
AF  76  53  33  F7  FC  DA  4D  05  03  CC  BC  4A  0A  6D  24  24  00  02  00  00  00  00  00  00  
00  00  00  00  00  00  00  00  00  00  00  00  00  00  00  00  00  00  00  00  00  00  00  00  00  
00  00  00  00  6D  31  20  00  03  00  00  00  4C  D6  00  00  B2  CA  FF  FF  63  F3  00  00  C4  
08  08  00  EC  6B  06  00  DE  34  70  FF  3F  61  07  00  6D  32  24  00  03  00  00  00  30  82  
0C  00  FF  09  CD  7B  01  00  01  00  12  00  6D  34  14  00  03  00  00  00  41  48  03  00  61  
4B  FF  FF  AA  4A  04  00  69  7A  08  00  6D  35  0C  00  03  00  00  00  28  8D  01  00  28  12  
07  00  41  53  0C  4E  47  4E  00  00  BC  81  02  00  00  00  00  00  00  00  28  01  6D  15  14  
00  02  01  00  00  03  04  03  00  00  00  00  00  00  00  00  00  00  00  00  00  6D  16  10  00  
03  00  00  00  E3  07  02  19  12  29  2D  00  D3  01  00  00  6D  21  1C  00  03  00  00  00  D7  
01  00  00  88  FF  FF  FF  8F  00  00  00  0C  00  00  00  F4  FF  FF  FF  41  00  00  00  6D  22  
10  00  03  00  00  00  31  FE  FF  FF  25  02  00  00  B5  06  00  00  6D  23  14  00  03  00  00  
00  C4  DD  AF  76  7B  F9  F7  FC  62  31  05  03  E9  FE  4A  0A  6D  24  24  00  02  00  00  00  
00  00  00  00  00  00  00  00  00  00  00  00  00  00  00  00  00  00  00  00  00  00  00  00  00  
00  00  00  00  00  00  00  6D  31  20  00  03  00  00  00  02  1F  01  00  17  5E  FF  FF  E7  46  
01  00  9F  1F  08  00  D1  80  06  00  54  63  70  FF  99  61  07  00  6D  32  24  00  03  00  00  
00  36  81  0C  00  FF  09  CD  7B  01  00  00  00  64  04  1B  8D  05  00  00  00  00  00  00  00  
FB  FF  FF  FF  FE  FF  FF  FF  6D  33  10  00  03  00  00  00  E3  07  02  19  12  29  2D  00  01  
00  12  00  6D  34  14  00  03  00  00  00  EB  4F  03  00  42  4F  FF  FF  69  56  04  00  E8  50  
08  00  6D  35  0C  00  03  00  00  00  27  8D  01  00  73  12  07  00  41  53  81  00  53  47  4E  
00  00  BD  81  02  00  00  00  00  00  00  00  28  01  6D  15  14  00  02  01  00  00  03  04  03  
00  00  00  00  00  00  00  00  00  00  00  00  00  6D  16  10  00  03  00  00  00  E3  07  02  19  
12  29  2D  00  DD  01  00  00  6D  21  1C  00  03  00  00  00  54  00  00  00  AE  FF  FF  FF  BA  
FF  FF  FF  0A  00  00  00  FA  FF  FF  FF  45  00  00  00  6D  22  10  00  03  00  00  00  31  FE  
FF  FF  25  02  00  00  B5  06  00  00  6D  23  14  00  03  00  00  00  8D  E0  AF  76  B9  25  F8  
FC  27  15  05  03  1A  F4  4A  0A  6D  24  24  00  02  00  00  00  00  00  00  00  00  00  00  00  
00  00  00  00  00  00  00  00  00  00  00  00  00  00  00  00  00  00  00  00  00  00  00  00  6D  
31  20  00  03  00  00  00  28  88  00  00  1B  6D  FF  FF  25  F4  00  00  C0  18  08  00  0D  96  
06  00  73  73  70  FF  FC  60  07  00  6D  32  24  00  03  00  00  00  36  81  0C  00  FF  09  CD  
7B  01  00  00  00  64  04  1B  8D  05  00  00  00  00  00  00  00  FB  FF  FF  FF  FE  FF  FF  FF  
6D  33  10  01  00  12  00  6D  34  14  00  03  00  00  00  7C  57  03  00  D1  47  FF  FF  41  5E  
04  00  04  F9  07  00  6D  35  0C  00  03  00  00  00  2B  8D  01  00  73  12  07  00  41  53  4A  
D9  47  4E  00  00  BE  81  02  00  00  00  00  00  00  00  28  01  6D  15  14  00  02  01  00  00  
03  04  03  00  00  00  00  00  00  00  00  00  00  00  00  00  6D  16  10  00  03  00  00  00  E3  
07  02  19  12  29  2D  00  E7  01  00  00  6D  21  1C  00  03  00  00  00  54  FF  FF  FF  5A  00  
00  00  83  00  00  00  F9  FF  FF  FF  F5  FF  FF  FF  5E  00  00  00  6D  22  10  00  03  00  00  
00  31  FE  FF  FF  25  02  00  00  B6  06  00  00  6D  23  14  00  03  00  00  00  71  D8  AF  76  
1A  EA  F7  FC  FC  34  05  03  B4  36  4B  0A  6D  24  24  00  02  00  00  00  00  00  00  00  00  
00  00  00  00  00  00  00  00  00  00  00  00  00  00  00  00  00  00  00  00  00  00  00  00  00  
00  00  6D  31  20  00  03  00  00  00  1B  24  00  00  7E  B0  FF  FF  B4  42  01  00  E2  D6  07  
00  52  85  06  00  57  D7  70  FF  55  61  07  00  6D  32  24  00  03  00  00  00  36  81  0C  00  
FF  09  CD  7B  01  00  00  00  64  04  1B  8D  05  00  00  00  00  00  00  00  FB  FF  FF  FF  FE  
FF  FF  FF  6D  33  10  00  03  00  00  00  E3  07  02  19  12  29  2D  00  01  00  12  00  6D  34  
14  00  03  00  00  00  D4  48  03  00  C1  74  FF  FF  F1  3E  04  00  8C  0C  08  00  6D  35  0C  
00  03  00  00  00  23  8D  01  00  28  12  07  00  41  53  8C  F1  47  4E  00  00  BF  81  02  00  
00  00  00  00  00  00  28  01  6D  15  14  00  02  01  00  00  03  04  03  00  00  00  00  00  00  
00  00  00  00  00  00  00  6D  16  10  00  03  00  00  00  E3  07  02  19  12  29  2D  00  F1  01  
00  00  6D  21  1C  00  03  00  00  00  2C  00  00  00  78  FF  FF  FF  4D  00  00  00  F3  FF  FF  
FF  FE  FF  FF  FF  40  00  00  00  6D  22  10  00  03  00  00  00  31  FE  FF  FF  25  02  00  00  
B6  06  00  00  6D  23  14  00  03  00  00  00  7C  D6  AF  76  AA  08  F8  FC  DB  03  05  03  B1  
64  4B  0A  6D  24  24  00  02  00  00  00  00  00  00  00  00  00  00  00  00  00  00  00  00  00  
00  00  00  00  00  00  00  00  00  00  00  00  00  00  00  00  00  00  6D  31  20  00  03  00  00  
00  25  78  00  00  65  58  FF  FF  B9  2D  01  00  E3  BD  07  00  19  A6  06  00  D5  60  70  FF  
E5  60  07  00  6D  32  24  00  03  00  00  00  36  81  0C  00  FF  09  CD  7B  01  00  00  00  64  
04  1B  8D  05  00  00  00  00  00  00  00  FB  FF  FF  FF  FE  FF  FF  FF  6D  33  10  00  2D  00  
01  00  12  00  6D  34  14  00  03  00  00  00  F5  3C  03  00  B6  52  FF  FF  32  33  04  00  8C  
0C  08  00  6D  35  0C  00  03  00  00  00  29  8D  01  00  73  12  07  00  41  53  48  8A  47  4E  
00  00  C0  81  02  00  AA  AA  AA  AA  00  00  28  01  6D  15  14  00  02  01  00  00  03  04  03  
00  00  00  00  00  00  00  00  00  00  00  00  00  6D  16  10  00  03  00  00  00  E3  07  02  19  
12  29  2D  00  FB  01  00  00  6D  21  1C  00  03  00  00  00  6E  00  00  00  A0  FF  FF  FF  17  
00  00  00  F3  FF  FF  FF  ED  FF  FF  FF  52  00  00  00  6D  22  10  00  03  00  00  00  31  FE  
FF  FF  24  02  00  00  B6  06  00  00  6D  23  14  00  03  00  00  00  FA  D6  AF  76  BE  3F  F8  
FC  1F  E3  04  03  D0  78  4B  0A  6D  24  24  00  02  00  00  00  00  00  00  00  00  00  00  00  
00  00  00  00  00  00  00  00  00  00  00  00  00  00  00  00  00  00  00  00  00  00  00  00  6D  
31  20  00  03  00  00  00  49  92  00  00  06  68  FF  FF  A0  18  01  00  98  BD  07  00  A2  64  
06  00  9E  A6  70  FF  4E  61  07  00  6D  32  24  00  03  00  00  00  36  81  0C  00  FF  09  CD  
7B  01  00  00  00  64  04  1B  8D  05  00  00  00  00  00  00  00  FB  FF  FF  FF  FE  FF  FF  FF  
6D  33  10  00  03  00  00  00  E3  07  02  19  12  29  2D  00  01  00  12  00  6D  34  14  00  03  
00  00  00  33  48  03  00  DB  30  FF  FF  55  2F  04  00  5E  EA  07  00  6D  35  0C  00  03  00  
00  00  27  8D  01  00  28  12  07  00  41  53  AC  BF  47  4E  00  00  C1  81  02  00  02  03  90  
01  00  00  28  01  6D  15  14  00  02  01  00  00  03  04  03  00  00  00  00  00  00  00  00  00  
00  00  00  00  6D  16  10  00  03  00  00  00  E3  07  02  19  12  29  2D  00  05  02  00  00  6D  
21  1C  00  03  00  00  00  61  00  00  00  F3  FE  FF  FF  9D  00  00  00  F2  FF  FF  FF  FB  FF  
FF  FF  3D  00  00  00  6D  22  10  00  03  00  00  00  31  FE  FF  FF  24  02  00  00  B6  06  00  
00  6D  23  14  00  03  00  00  00  8A  D4  AF  76  A2  78  F8  FC  1E  80  04  03  AE  C2  4B  0A  
6D  24  24  00  02  00  00  00  00  00  00  00  00  00  00  00  00  00  00  00  00  00  00  00  00  
00  00  00  00  00  00  00  00  00  00  00  00  00  00  00  6D  31  20  00  03  00  00  00  DD  8C  
00  00  A9  24  FF  FF  17  4D  01  00  27  B9  07  00  3C  9A  06  00  FD  52  70  FF  4E  61  07  
00  6D  32  24  00  03  00  00  00  36  81  0C  00  FF  09  CD  7B  01  00  00  00  64  04  1B  8D  
05  00  00  00  00  00  00  00  FB  FF  FF  FF  FE  FF  FF  FF  6D  33  00  01  00  12  00  6D  34  
14  00  03  00  00  00  67  57  03  00  5A  1A  FF  FF  63  2F  04  00  30  C8  07  00  6D  35  0C  
00  03  00  00  00  25  8D  01  00  28  12  07  00  41  53  A9  A6  47  4E  00  00  C2  81  02  00  
04  00  01  00  00  00  28  01  6D  15  14  00  02  01  00  00  03  04  03  00  00  00  00  00  00  
00  00  00  00  00  00  00  6D  16  10  00  03  00  00  00  E3  07  02  19  12  29  2D  00  0F  02  
00  00  6D  21  1C  00  03  00  00  00  7A  01  00  00  44  FF  FF  FF  65  00  00  00  09  00  00  
00  EF  FF  FF  FF  56  00  00  00  6D  22  10  00  03  00  00  00  31  FE  FF  FF  24  02  00  00  
B6  06  00  00  6D  23  14  00  03  00  00  00  F0  D5  AF  76  6E  1B  F9  FC  6A  45  04  03  A6  
F3  4B  0A  6D  24  24  00  02  00  00  00  00  00  00  00  00  00  00  00  00  00  00  00  00  00  
00  00  00  00  00  00  00  00  00  00  00  00  00  00  00  00  00  00  6D  31  20  00  03  00  00  
00  BC  FA  00  00  FB  43  FF  FF  86  37  01  00  7B  11  08  00  EE  6B  06  00  DB  B6  70  FF  
37  61  07  00  6D  32  24  00  03  00  00  00  36  81  0C  00  FF  09  CD  7B  01  00  00  00  64  
04  1B  8D  05  00  00  00  00  00  00  00  FB  FF  FF  FF  FE  FF  FF  FF  6D  33  10  00  03  00  
00  00  E3  07  02  19  12  29  2D  00  01  00  12  00  6D  34  14  00  03  00  00  00  92  57  03  
00  6C  29  FF  FF  63  2F  04  00  30  C8  07  00  6D  35  0C  00  03  00  00  00  2B  8D  01  00  
28  12  07  00  41  53  18  E9  47  4E  00  00  C3  81  02  00  C0  C6  2D  00  00  00  28  01  6D  
15  14  00  02  01  00  00  03  04  03  00  00  00  00  00  00  00  00  00  00  00  00  00  6D  16  
10  00  03  00  00  00  E3  07  02  19  12  29  2D  00  19  02  00  00  6D  21  1C  00  03  00  00  
00  7A  01  00  00  A1  FF  FF  FF  4A  00  00  00  EC  FF  FF  FF  F8  FF  FF  FF  4C  00  00  00  
6D  22  10  00  03  00  00  00  32  FE  FF  FF  24  02  00  00  B6  06  00  00  6D  23  14  00  03  
00  00  00  5B  D7  AF  76  60  BA  F9  FC  C3  2E  04  03  A6  18  4C  0A  6D  24  24  00  02  00  
00  00  00  00  00  00  00  00  00  00  00  00  00  00  00  00  00  00  00  00  00  00  00  00  00  
00  00  00  00  00  00  00  00  00  6D  31  20  00  03  00  00  00  9D  FA  00  00  56  68  FF  FF  
F8  2C  01  00  2B  9F  07  00  0A  8C  06  00  10  8D  70  FF  82  61  07  00  6D  32  24  00  03  
00  00  00  36  81  0C  00  FF  09  CD  7B  01  00  00  00  64  04  1B  8D  05  00  00  00  00  00  
00  00  FB  FF  FF  FF  FE  FF  FF  FF  6D  33  10  00  01  00  12  00  6D  34  14  00  03  00  00  
00  5D  4C  03  00  41  4B  FF  FF  58  2F  04  00  E4  AA  07  00  6D  35  0C  00  03  00  00  00  
28  8D  01  00  41  12  07  00  41  53  5F  03  47  4E  00  00  C4  81  02  00  00  10  0E  00  00  
00  28  01  6D  15  14  00  02  01  00  00  03  04  03  00  00  00  00  00  00  00  00  00  00  00  
00  00  6D  16  10  00  03  00  00  00  E3  07  02  19  12  29  2D  00  23  02  00  00  6D  21  1C  
00  03  00  00  00  D8  01  00  00  5F  FF  FF  FF  3C  00  00  00  F6  FF  FF  FF  F7  FF  FF  FF  
46  00  00  00  6D  22  10  00  03  00  00  00  32  FE  FF  FF  24  02  00  00  B6  06  00  00  6D  
23  14  00  03  00  00  00  04  DB  AF  76  77  80  FA  FC  F8  00  04  03  04  36  4C  0A  6D  24  
24  00  02  00  00  00  00  00  00  00  00  00  00  00  00  00  00  00  00  00  00  00  00  00  00  
00  00  00  00  00  00  00  00  00  00  00  00  00  6D  31  20  00  03  00  00  00  7D  1F  01  00  
5A  4E  FF  FF  B0  27  01  00  F6  C4  07  00  8B  85  06  00  19  78  70  FF  C0  60  07  00  6D  
32  24  00  03  00  00  00  36  81  0C  00  FF  09  CD  7B  01  00  00  00  64  04  1B  8D  05  00  
00  00  00  00  00  00  FB  FF  FF  FF  FE  FF  FF  FF  6D  33  10  00  03  00  00  00  E3  07  02  
19  12  29  2D  00  01  00  12  00  6D  34  14  00  03  00  00  00  D6  57  03  00  9A  47  FF  FF  
31  37  04  00  8A  B9  07  00  6D  35  0C  00  03  00  00  00  26  8D  01  00  5A  12  07  00  41  
53  43  42  47  4E  00  00  C5  81  02  00  01  00  00  01  00  00  28  01  6D  15  14  00  02  01  
00  00  03  04  03  00  00  00  00  00  00  00  00  00  00  00  00  00  6D  16  10  00  03  00  00  
00  E3  07  02  19  12  29  2D  00  2D  02  00  00  6D  21  1C  00  03  00  00  00  C1  FF  FF  FF  
0E  FF  FF  FF  0A  00  00  00  09  00  00  00  F9  FF  FF  FF  2C  00  00  00  6D  22  10  00  03  
00  00  00  32  FE  FF  FF  24  02  00  00  B6  06  00  00  6D  23  14  00  03  00  00  00  B7  DB  
AF  76  3E  78  FA  FC  A2  A1  03  03  77  47  4C  0A  6D  24  24  00  02  00  00  00  00  00  00  
00  00  00  00  00  00  00  00  00  00  00  00  00  00  00  00  00  00  00  00  00  00  00  00  00  
00  00  00  00  6D  31  20  00  03  00  00  00  83  4E  00  00  CC  2E  FF  FF  F6  13  01  00  D5  
0F  08  00  9F  8C  06  00  00  12  70  FF  30  61  07  00  6D  32  24  00  03  00  00  00  36  81  
0C  00  FF  09  CD  7B  01  00  00  00  64  04  1B  8D  05  00  00  00  00  00  00  00  FB  FF  FF  
FF  FE  FF  FF  FF  6D  33  10  12  29  2D  00  01  00  12  00  6D  34  14  00  03  00  00  00  0C  
67  03  00  AC  38  FF  FF  0E  3F  04  00  F4  D1  07  00  6D  35  0C  00  03  00  00  00  26  8D  
01  00  BE  12  07  00  41  53  2D  14  47  4E  00  00  C6  81  02  00  30  0F  1F  00  00  00  28  
01  6D  15  14  00  02  01  00  00  03  04  03  00  00  00  00  00  00  00  00  00  00  00  00  00  
6D  16  10  00  03  00  00  00  E3  07  02  19  12  29  2D  00  37  02  00  00  6D  21  1C  00  03  
00  00  00  8E  FE  FF  FF  17  00  00  00  5C  FF  FF  FF  F6  FF  FF  FF  F1  FF  FF  FF  23  00  
00  00  6D  22  10  00  03  00  00  00  32  FE  FF  FF  24  02  00  00  B6  06  00  00  6D  23  14  
00  03  00  00  00  B1  DC  AF  76  24  EE  F9  FC  FE  9C  03  03  07  15  4C  0A  6D  24  24  00  
02  00  00  00  00  00  00  00  00  00  00  00  00  00  00  00  00  00  00  00  00  00  00  00  00  
00  00  00  00  00  00  00  00  00  00  00  6D  31  20  00  03  00  00  00  7A  D6  FF  FF  3D  96  
FF  FF  45  D0  00  00  5B  C5  07  00  48  70  06  00  F1  EC  6F  FF  7B  61  07  00  6D  32  24  
00  03  00  00  00  78  80  0C  00  ED  09  CD  7B  01  00  00  00  98  04  1B  8D  05  00  00  00  
FF  FF  FF  FF  04  00  00  00  FE  FF  FF  FF  6D  33  10  00  03  00  00  00  E3  07  02  19  12  
29  2D  00  01  00  12  00  6D  34  14  00  03  00  00  00  1B  49  03  00  95  74  FF  FF  B8  1F  
04  00  F4  D1  07  00  6D  35  0C  00  03  00  00  00  2B  8D  01  00  73  12  07  00  00  41  53  
2A  91  47  4E  00  00  C7  81  02  00  00  00  00  00  00  00  28  01  6D  15  14  00  02  01  00  
00  03  04  03  00  00  00  00  00  00  00  00  00  00  00  00  00  6D  16  10  00  03  00  00  00  
E3  07  02  19  12  29  2D  00  41  02  00  00  6D  21  1C  00  03  00  00  00  8E  FE  FF  FF  D1  
00  00  00  D4  FF  FF  FF  FA  FF  FF  FF  F9  FF  FF  FF  58  00  00  00  6D  22  10  00  03  00  
00  00  31  FE  FF  FF  24  02  00  00  B6  06  00  00  6D  23  14  00  03  00  00  00  D5  D7  AF  
76  B3  5E  F9  FC  B0  E1  03  03  CD  0E  4C  0A  6D  24  24  00  02  00  00  00  00  00  00  00  
00  00  00  00  00  00  00  00  00  00  00  00  00  00  00  00  00  00  00  00  00  00  00  00  00  
00  00  00  6D  31  20  00  03  00  00  00  60  D6  FF  FF  C7  DE  FF  FF  21  FF  00  00  27  D5  
07  00  80  91  06  00  A0  BD  70  FF  31  60  07  00  6D  32  24  00  03  00  00  00  78  80  0C  
00  ED  09  CD  7B  01  00  00  00  98  04  1B  8D  05  00  00  00  FF  FF  FF  FF  04  00  00  00  
FE  FF  FF  FF  2D  00  01  00  12  00  6D  34  14  00  03  00  00  00  B9  48  03  00  AD  52  FF  
FF  B9  1F  04  00  5C  97  07  00  6D  35  0C  00  03  00  00  00  28  8D  01  00  5A  12  07  00  
41  53  8A  5A  47  4E  00  00  C8  81  02  00  03  00  00  00  00  00  28  01  6D  15  14  00  02  
01  00  00  03  04  03  00  00  00  00  00  00  00  00  00  00  00  00  00  6D  16  10  00  03  00  
00  00  E3  07  02  19  12  29  2D  00  4B  02  00  00  6D  21  1C  00  03  00  00  00  8B  FF  FF  
FF  0B  00  00  00  AB  FF  FF  FF  FF  FF  FF  FF  EA  FF  FF  FF  38  00  00  00  6D  22  10  00  
03  00  00  00  31  FE  FF  FF  24  02  00  00  B6  06  00  00  6D  23  14  00  03  00  00  00  F0  
D8  AF  76  2C  38  F9  FC  60  E1  03  03  CF  F6  4B  0A  6D  24  24  00  02  00  00  00  00  00  
00  00  00  00  00  00  00  00  00  00  00  00  00  00  00  00  00  00  00  00  00  00  00  00  00  
00  00  00  00  00  6D  31  20  00  03  00  00  00  55  39  00  00  70  91  FF  FF  17  EF  00  00  
A9  E7  07  00  06  54  06  00  A8  40  70  FF  4C  62  07  00  6D  32  24  00  03  00  00  00  78  
80  0C  00  ED  09  CD  7B  01  00  00  00  98  04  1B  8D  05  00  00  00  FF  FF  FF  FF  04  00  
00  00  FE  FF  FF  FF  6D  33  10  00  03  00  00  00  E3  07  02  19  12  29  2D  00  01  00  12  
00  6D  34  14  00  03  00  00  00  C6  4F  03  00  6A  29  FF  FF  2D  37  04  00  02  A6  07  00  
6D  35  0C  00  03  00  00  00  26  8D  01  00  41  12  07  00  41  53  EA  09  47  4E  00  00  C9  
81  02  00  00  00  12  00  00  00  28  01  6D  15  14  00  02  01  00  00  03  04  03  00  00  00  
00  00  00  00  00  00  00  00  00  00  6D  16  10  00  03  00  00  00  E3  07  02  19  12  29  2D  
00  55  02  00  00  6D  21  1C  00  03  00  00  00  52  00  00  00  4F  00  00  00  72  00  00  00  
FB  FF  FF  FF  FC  FF  FF  FF  47  00  00  00  6D  22  10  00  03  00  00  00  31  FE  FF  FF  24  
02  00  00  B6  06  00  00  6D  23  14  00  03  00  00  00  76  D4  AF  76  9E  5E  F9  FC  74  04  
04  03  6D  2B  4C  0A  6D  24  24  00  02  00  00  00  00  00  00  00  00  00  00  00  00  00  00  
00  00  00  00  00  00  00  00  00  00  00  00  00  00  00  00  00  00  00  00  00  6D  31  20  00  
03  00  00  00  30  87  00  00  AB  AB  FF  FF  F3  3C  01  00  83  DB  07  00  46  9C  06  00  8D  
7A  70  FF  36  62  07  00  6D  32  24  00  03  00  00  00  78  80  0C  00  ED  09  CD  7B  01  00  
00  00  98  04  1B  8D  05  00  00  00  FF  FF  FF  FF  04  00  00  00  FE  FF  FF  FF  6D  33  29  
2D  00  01  00  12  00  6D  34  14  00  03  00  00  00  F3  56  03  00  73  0B  FF  FF  A1  4E  04  
00  30  C8  07  00  6D  35  0C  00  03  00  00  00  26  8D  01  00  73  12  07  00  41  53  FC  C6  
47  4E  00  00  CA  81  02  00  00  00  00  00  00  00  28  01  6D  15  14  00  02  01  00  00  03  
04  03  00  00  00  00  00  00  00  00  00  00  00  00  00  6D  16  10  00  03  00  00  00  E3  07  
02  19  12  29  2D  00  5F  02  00  00  6D  21  1C  00  03  00  00  00  18  03  00  00  12  FF  FF  
FF  7C  00  00  00  05  00  00  00  FC  FF  FF  FF  55  00  00  00  6D  22  10  00  03  00  00  00  
32  FE  FF  FF  24  02  00  00  B6  06  00  00  6D  23  14  00  03  00  00  00  F8  D9  AF  76  98  
A3  FA  FC  E3  C3  03  03  48  5E  4C  0A  6D  24  24  00  02  00  00  00  00  00  00  00  00  00  
00  00  00  00  00  00  00  00  00  00  00  00  00  00  00  00  00  00  00  00  00  00  00  00  00  
00  6D  31  20  00  03  00  00  00  C7  9C  01  00  90  2F  FF  FF  44  41  01  00  24  01  08  00  
4D  98  06  00  1F  B2  70  FF  FC  60  07  00  6D  32  24  00  03  00  00  00  78  80  0C  00  ED  
09  CD  7B  01  00  00  00  98  04  1B  8D  05  00  00  00  FF  FF  FF  FF  04  00  00  00  FE  FF  
FF  FF  6D  33  10  00  03  00  00  00  E3  07  02  19  12  29  2D  00  01  00  12  00  6D  34  14  
00  03  00  00  00  05  67  03  00  85  29  FF  FF  70  2F  04  00  A8  B4  07  00  6D  35  0C  00  
03  00  00  00  28  8D  01  00  5A  12  07  00  41  53  1E  CE  47  4E  00  00  CB  81  02  00  00  
00  00  00  00  00  28  01  6D  15  14  00  02  01  00  00  03  04  03  00  00  00  00  00  00  00  
00  00  00  00  00  00  6D  16  10  00  03  00  00  00  E3  07  02  19  12  29  2D  00  69  02  00  
00  6D  21  1C  00  03  00  00  00  00  02  00  00  46  FF  FF  FF  05  00  00  00  F7  FF  FF  FF  
F6  FF  FF  FF  57  00  00  00  6D  22  10  00  03  00  00  00  33  FE  FF  FF  23  02  00  00  B6  
06  00  00  6D  23  14  00  03  00  00  00  EB  DF  AF  76  2D  78  FB  FC  D3  8D  03  03  E1  67  
4C  0A  6D  24  24  00  02  00  00  00  00  00  00  00  00  00  00  00  00  00  00  00  00  00  00  
00  00  00  00  00  00  00  00  00  00  00  00  00  00  00  00  00  6D  31  20  00  03  00  00  00  
41  2F  01  00  05  44  FF  FF  C4  12  01  00  D9  C6  07  00  64  7E  06  00  1F  B9  70  FF  12  
61  07  00  6D  32  24  00  03  00  00  00  78  80  0C  00  ED  09  CD  7B  01  00  00  00  98  04  
1B  8D  05  00  00  00  FF  FF  FF  FF  04  00  00  00  FE  FF  FF  FF  6D  19  12  29  2D  00  01  
00  12  00  6D  34  14  00  03  00  00  00  BC  44  03  00  24  4B  FF  FF  9C  23  04  00  A8  B4  
07  00  6D  35  0C  00  03  00  00  00  29  8D  01  00  8C  12  07  00  41  53  B7  EF  47  4E  00  
00  CC  81  02  00  00  00  00  00  00  00  28  01  6D  15  14  00  02  01  00  00  03  04  03  00  
00  00  00  00  00  00  00  00  00  00  00  00  6D  16  10  00  03  00  00  00  E3  07  02  19  12  
29  2D  00  73  02  00  00  6D  21  1C  00  03  00  00  00  89  00  00  00  5C  00  00  00  DD  FF  
FF  FF  F0  FF  FF  FF  EC  FF  FF  FF  27  00  00  00  6D  22  10  00  03  00  00  00  33  FE  FF  
FF  24  02  00  00  B6  06  00  00  6D  23  14  00  03  00  00  00  E2  E0  AF  76  FC  B0  FB  FC  
9C  B6  03  03  6D  61  4C  0A  6D  24  24  00  02  00  00  00  00  00  00  00  00  00  00  00  00  
00  00  00  00  00  00  00  00  00  00  00  00  00  00  00  00  00  00  00  00  00  00  00  6D  31  
20  00  03  00  00  00  B6  9C  00  00  AC  B0  FF  FF  72  03  01  00  D4  AB  07  00  9F  56  06  
00  82  FF  6F  FF  3F  61  07  00  6D  32  24  00  03  00  00  00  78  80  0C  00  ED  09  CD  7B  
01  00  00  00  98  04  1B  8D  05  00  00  00  FF  FF  FF  FF  04  00  00  00  FE  FF  FF  FF  6D  
33  10  00  03  00  00  00  E3  07  02  19  12  29  2D  00  01  00  12  00  6D  34  14  00  03  00  
00  00  30  39  03  00  03  5E  FF  FF  17  37  04  00  A8  B4  07  00  6D  35  0C  00  03  00  00  
00  27  8D  01  00  BE  12  07  00  41  53  64  88  47  4E  00  00  CD  81  02  00  00  00  00  00  
00  00  28  01  6D  15  14  00  02  01  00  00  03  04  03  00  00  00  00  00  00  00  00  00  00  
00  00  00  6D  16  10  00  03  00  00  00  E3  07  02  19  12  29  2D  00  7D  02  00  00  6D  21  
1C  00  03  00  00  00  38  00  00  00  E1  00  00  00  F8  FF  FF  FF  FB  FF  FF  FF  06  00  00  
00  32  00  00  00  6D  22  10  00  03  00  00  00  33  FE  FF  FF  24  02  00  00  B6  06  00  00  
6D  23  14  00  03  00  00  00  F9  DE  AF  76  73  C6  FB  FC  47  10  04  03  83  63  4C  0A  6D  
24  24  00  02  00  00  00  00  00  00  00  00  00  00  00  00  00  00  00  00  00  00  00  00  00  
00  00  00  00  00  00  00  00  00  00  00  00  00  00  6D  31  20  00  03  00  00  00  43  7D  00  
00  76  E4  FF  FF  E1  0D  01  00  F3  D9  07  00  6A  BD  06  00  20  29  70  FF  28  61  07  00  
6D  32  24  00  03  00  00  00  78  80  0C  00  ED  09  CD  7B  01  00  00  00  98  04  1B  8D  05  
00  00  00  FF  FF  FF  FF  04  00  00  00  FE  FF  FF  12  29  2D  00  01  00  12  00  6D  34  14  
00  03  00  00  00  11  39  03  00  AD  65  FF  FF  83  4E  04  00  A8  B4  07  00  6D  35  0C  00  
03  00  00  00  29  8D  01  00  5A  12  07  00  41  53  35  54  47  4E  00  00  CE  81  02  00  00  
00  00  00  00  00  28  01  6D  15  14  00  02  01  00  00  03  04  03  00  00  00  00  00  00  00  
00  00  00  00  00  00  6D  16  10  00  03  00  00  00  E3  07  02  19  12  29  2D  00  87  02  00  
00  6D  21  1C  00  03  00  00  00  96  00  00  00  85  00  00  00  04  00  00  00  FD  FF  FF  FF  
02  00  00  00  44  00  00  00  6D  22  10  00  03  00  00  00  33  FE  FF  FF  24  02  00  00  B6  
06  00  00  6D  23  14  00  03  00  00  00  8D  DE  AF  76  84  03  FC  FC  24  49  04  03  9C  69  
4C  0A  6D  24  24  00  02  00  00  00  00  00  00  00  00  00  00  00  00  00  00  00  00  00  00  
00  00  00  00  00  00  00  00  00  00  00  00  00  00  00  00  00  6D  31  20  00  03  00  00  00  
B9  A1  00  00  49  C0  FF  FF  FC  12  01  00  B8  E2  07  00  2D  AF  06  00  30  71  70  FF  AF  
61  07  00  6D  32  24  00  03  00  00  00  78  80  0C  00  ED  09  CD  7B  01  00  00  00  98  04  
1B  8D  05  00  00  00  FF  FF  FF  FF  04  00  00  00  FE  FF  FF  FF  6D  33  10  00  03  00  00  
00  E3  07  02  19  12  29  2D  00  01  00  12  00  6D  34  14  00  03  00  00  00  73  66  03  00  
DC  29  FF  FF  F3  6D  04  00  24  47  08  00  6D  35  0C  00  03  00  00  00  27  8D  01  00  8C  
12  07  00  41  53  EA  C2  47  4E  00  00  CF  81  02  00  01  01  00  00  00  00  28  01  6D  15  
14  00  02  01  00  00  03  04  03  00  00  00  00  00  00  00  00  00  00  00  00  00  6D  16  10  
00  03  00  00  00  E3  07  02  19  12  29  2D  00  91  02  00  00  6D  21  1C  00  03  00  00  00  
46  00  00  00  6A  00  00  00  B5  FF  FF  FF  F4  FF  FF  FF  FA  FF  FF  FF  3D  00  00  00  6D  
22  10  00  03  00  00  00  33  FE  FF  FF  24  02  00  00  B6  06  00  00  6D  23  14  00  03  00  
00  00  61  E0  AF  76  0C  21  FC  FC  0C  74  04  03  99  50  4C  0A  6D  24  24  00  02  00  00  
00  00  00  00  00  00  00  00  00  00  00  00  00  00  00  00  00  00  00  00  00  00  00  00  00  
00  00  00  00  00  00  00  00  6D  31  20  00  03  00  00  00  B0  82  00  00  CB  B5  FF  FF  E9  
F3  00  00  36  C0  07  00  A6  8E  06  00  00  53  70  FF  3F  61  07  00  6D  32  24  00  03  00  
00  00  78  80  0C  00  ED  09  CD  7B  01  00  00  00  98  04  1B  8D  05  00  00  00  FF  FF  FF  
FF  04  00  00  00  FE  FF  FF  FF  19  12  29  2D  00  01  00  12  00  6D  34  14  00  03  00  00  
00  6E  38  03  00  BD  34  FF  FF  56  56  04  00  ED  E7  07  00  6D  35  0C  00  03  00  00  00  
27  8D  01  00  73  12  07  00  41  53  75  5E  47  4E  00  00  D0  81  02  00  00  00  00  00  00  
00  28  01  6D  15  14  00  02  01  00  00  03  04  03  00  00  00  00  00  00  00  00  00  00  00  
00  00  6D  16  10  00  03  00  00  00  E3  07  02  19  12  29  2D  00  9B  02  00  00  6D  21  1C  
00  03  00  00  00  53  00  00  00  28  00  00  00  DC  FF  FF  FF  F6  FF  FF  FF  F5  FF  FF  FF  
43  00  00  00  6D  22  10  00  03  00  00  00  33  FE  FF  FF  24  02  00  00  B6  06  00  00  6D  
23  14  00  03  00  00  00  8A  E1  AF  76  2D  46  FC  FC  4A  86  04  03  C0  48  4C  0A  6D  24  
24  00  02  00  00  00  00  00  00  00  00  00  00  00  00  00  00  00  00  00  00  00  00  00  00  
00  00  00  00  00  00  00  00  00  00  00  00  00  6D  31  20  00  03  00  00  00  B1  87  00  00  
F6  9B  FF  FF  92  03  01  00  D7  C6  07  00  60  79  06  00  A3  6C  70  FF  EB  61  07  00  6D  
32  24  00  03  00  00  00  D4  7E  0C  00  ED  09  CD  7B  01  00  00  00  AA  04  1B  8D  05  00  
00  00  01  00  00  00  00  00  00  00  FF  FF  FF  FF  6D  33  10  00  03  00  00  00  E3  07  02  
19  12  29  2D  00  01  00  12  00  6D  34  14  00  03  00  00  00  FF  47  03  00  90  38  FF  FF  
92  4E  04  00  30  C8  07  00  6D  35  0C  00  03  00  00  00  27  8D  01  00  5A  12  07  00  41  
53  F0  0E  47  4E  00  00  D1  81  02  00  00  00  00  00  00  00  28  01  6D  15  14  00  02  01  
00  00  03  04  03  00  00  00  00  00  00  00  00  00  00  00  00  00  6D  16  10  00  03  00  00  
00  E3  07  02  19  12  29  2D  00  A5  02  00  00  6D  21  1C  00  03  00  00  00  0E  01  00  00  
61  FF  FF  FF  47  00  00  00  FB  FF  FF  FF  F7  FF  FF  FF  37  00  00  00  6D  22  10  00  03  
00  00  00  34  FE  FF  FF  24  02  00  00  B6  06  00  00  6D  23  14  00  03  00  00  00  3B  E3  
AF  76  B5  BB  FC  FC  F9  51  04  03  FA  66  4C  0A  6D  24  24  00  02  00  00  00  00  00  00  
00  00  00  00  00  00  00  00  00  00  00  00  00  00  00  00  00  00  00  00  00  00  00  00  00  
00  00  00  00  6D  31  20  00  03  00  00  00  B3  D0  00  00  5D  4E  FF  FF  3A  2D  01  00  F7  
DB  07  00  62  80  06  00  38  3E  70  FF  11  62  07  00  6D  32  24  00  03  00  00  00  D4  7E  
0C  00  ED  09  CD  7B  01  00  00  00  AA  04  1B  8D  05  00  00  00  01  00  00  00  00  00  00  
00  FF  FF  FF  07  02  19  12  29  2D  00  01  00  12  00  6D  34  14  00  03  00  00  00  E7  66  
03  00  C2  38  FF  FF  AD  4E  04  00  30  C8  07  00  6D  35  0C  00  03  00  00  00  2A  8D  01  
00  8C  12  07  00  41  53  9C  F3  47  4E  00  00  D2  81  02  00  00  00  00  00  00  00  28  01  
6D  15  14  00  02  01  00  00  03  04  03  00  00  00  00  00  00  00  00  00  00  00  00  00  6D  
16  10  00  03  00  00  00  E3  07  02  19  12  29  2D  00  AF  02  00  00  6D  21  1C  00  03  00  
00  00  7D  FF  FF  FF  42  00  00  00  B5  FF  FF  FF  F3  FF  FF  FF  EE  FF  FF  FF  29  00  00  
00  6D  22  10  00  03  00  00  00  34  FE  FF  FF  24  02  00  00  B6  06  00  00  6D  23  14  00  
03  00  00  00  C1  E3  AF  76  87  8C  FC  FC  DC  65  04  03  4E  4D  4C  0A  6D  24  24  00  02  
00  00  00  00  00  00  00  00  00  00  00  00  00  00  00  00  00  00  00  00  00  00  00  00  00  
00  00  00  00  00  00  00  00  00  00  6D  31  20  00  03  00  00  00  46  34  00  00  0C  A6  FF  
FF  50  F4  00  00  FE  BB  07  00  3D  5B  06  00  2E  04  70  FF  7B  61  07  00  6D  32  24  00  
03  00  00  00  D4  7E  0C  00  ED  09  CD  7B  01  00  00  00  AA  04  1B  8D  05  00  00  00  01  
00  00  00  00  00  00  00  FF  FF  FF  FF  6D  33  10  00  03  00  00  00  E3  07  02  19  12  29  
2D  00  01  00  12  00  6D  34  14  00  03  00  00  00  B9  38  03  00  89  47  FF  FF  84  4E  04  
00  30  C8  07  00  6D  35  0C  00  03  00  00  00  27  8D  01  00  DD  00  11  07  00  41  53  3E  
EF  47  4E  00  00  D3  81  02  00  00  00  00  00  00  00  28  01  6D  15  14  00  02  01  00  00  
03  04  03  00  00  00  00  00  00  00  00  00  00  00  00  00  6D  16  10  00  03  00  00  00  E3  
07  02  19  12  29  2D  00  B9  02  00  00  6D  21  1C  00  03  00  00  00  48  FF  FF  FF  D8  FF  
FF  FF  F8  FF  FF  FF  07  00  00  00  ED  FF  FF  FF  30  00  00  00  6D  22  10  00  03  00  00  
00  33  FE  FF  FF  24  02  00  00  B6  06  00  00  6D  23  14  00  03  00  00  00  7C  E2  AF  76  
48  4D  FC  FC  55  4F  04  03  06  50  4C  0A  6D  24  24  00  02  00  00  00  00  00  00  00  00  
00  00  00  00  00  00  00  00  00  00  00  00  00  00  00  00  00  00  00  00  00  00  00  00  00  
00  00  6D  31  20  00  03  00  00  00  65  1F  00  00  7F  7C  FF  FF  B3  0E  01  00  F1  08  08  
00  A2  5B  06  00  53  22  70  FF  30  61  07  00  6D  32  24  00  03  00  00  00  D4  7E  0C  00  
ED  09  CD  7B  01  00  00  00  AA  04  1B  8D  05  00  00  00  01  00  00  00  00  00  00  00  FF  
12  29  2D  00  01  00  12  00  6D  34  14  00  03  00  00  00  65  44  03  00  2D  3C  FF  FF  21  
37  04  00  37  B2  07  00  6D  35  0C  00  03  00  00  00  26  8D  01  00  28  12  07  00  41  53  
44  BC  47  4E  00  00  D4  81  02  00  00  00  00  00  00  00  28  01  6D  15  14  00  02  01  00  
00  03  04  03  00  00  00  00  00  00  00  00  00  00  00  00  00  6D  16  10  00  03  00  00  00  
E3  07  02  19  12  29  2D  00  C3  02  00  00  6D  21  1C  00  03  00  00  00  03  00  00  00  BD  
FF  FF  FF  DD  FF  FF  FF  04  00  00  00  F0  FF  FF  FF  36  00  00  00  6D  22  10  00  03  00  
00  00  33  FE  FF  FF  24  02  00  00  B6  06  00  00  6D  23  14  00  03  00  00  00  38  E4  AF  
76  98  57  FC  FC  CB  34  04  03  D8  46  4C  0A  6D  24  24  00  02  00  00  00  00  00  00  00  
00  00  00  00  00  00  00  00  00  00  00  00  00  00  00  00  00  00  00  00  00  00  00  00  00  
00  00  00  6D  31  20  00  03  00  00  00  97  68  00  00  47  72  FF  FF  F2  03  01  00  17  FD  
07  00  30  67  06  00  34  37  70  FF  4E  61  07  00  6D  32  24  00  03  00  00  00  D4  7E  0C  
00  ED  09  CD  7B  01  00  00  00  AA  04  1B  8D  05  00  00  00  01  00  00  00  00  00  00  00  
FF  FF  FF  FF  6D  33  10  00  03  00  00  00  E3  07  02  19  12  29  2D  00  01  00  12  00  6D  
34  14  00  03  00  00  00  8F  48  03  00  93  56  FF  FF  23  37  04  00  4E  C3  07  00  6D  35  
0C  00  03  00  00  00  28  8D  01  00  28  12  07  00  41  53  10  F8  47  4E  00  00  D5  81  02  
00  00  00  00  00  00  00  28  01  6D  15  14  00  02  01  00  00  03  04  03  00  00  00  00  00  
00  00  00  00  00  00  00  00  6D  16  10  00  03  00  00  00  E3  07  02  19  12  29  2D  00  CD  
02  00  00  6D  21  1C  00  03  00  00  00  22  FE  FF  FF  03  FF  FF  FF  08  00  00  00  07  00  
00  00  FB  FF  FF  FF  4C  00  00  00  6D  22  10  00  03  00  00  00  33  FE  FF  FF  24  02  00  
00  B6  06  00  00  6D  23  14  00  03  00  00  00  4B  E1  AF  76  28  AD  FB  FC  7A  C2  03  03  
25  58  4C  0A  6D  24  24  00  02  00  00  00  00  00  00  00  00  00  00  00  00  00  00  00  00  
00  00  00  00  00  00  00  00  00  00  00  00  00  00  00  00  00  00  00  6D  31  20  00  03  00  
00  00  74  AC  FF  FF  4F  29  FF  FF  BF  14  01  00  1F  08  08  00  23  91  06  00  5D  8F  70  
FF  6C  61  07  00  6D  32  24  00  03  00  00  00  D4  7E  0C  00  ED  09  CD  7B  01  00  00  00  
AA  04  1B  8D  05  00  00  00  01  00  00  00  00  00  00  00  FF  FF  FF  FF  02  19  12  29  2D  
00  01  00  12  00  6D  34  14  00  03  00  00  00  D4  48  03  00  C1  74  FF  FF  F1  3E  04  00  
B8  DB  07  00  6D  35  0C  00  03  00  00  00  2A  8D  01  00  28  12  07  00  41  53  6E  B5  47  
4E  00  00  D6  81  02  00  02  01  01  01  00  00  28  01  6D  15  14  00  02  01  00  00  03  04  
03  00  00  00  00  00  00  00  00  00  00  00  00  00  6D  16  10  00  03  00  00  00  E3  07  02  
19  12  29  2D  00  D7  02  00  00  6D  21  1C  00  03  00  00  00  E1  02  00  00  DB  FF  FF  FF  
5C  01  00  00  EC  FF  FF  FF  F6  FF  FF  FF  45  00  00  00  6D  22  10  00  03  00  00  00  34  
FE  FF  FF  24  02  00  00  B7  06  00  00  6D  23  14  00  03  00  00  00  F9  DC  AF  76  EE  D6  
FC  FC  0F  D0  03  03  1A  DD  4C  0A  6D  24  24  00  02  00  00  00  00  00  00  00  00  00  00  
00  00  00  00  00  00  00  00  00  00  00  00  00  00  00  00  00  00  00  00  00  00  00  00  00  
6D  31  20  00  03  00  00  00  FB  86  01  00  86  7D  FF  FF  DC  99  01  00  08  9D  07  00  1B  
7E  06  00  89  73  70  FF  73  61  07  00  6D  32  24  00  03  00  00  00  D4  7E  0C  00  ED  09  
CD  7B  01  00  00  00  AA  04  1B  8D  05  00  00  00  01  00  00  00  00  00  00  00  FF  FF  FF  
FF  6D  33  10  00  03  00  00  00  E3  07  02  19  12  29  2D  00  01  00  12  00  6D  34  14  00  
03  00  00  00  84  38  03  00  4F  29  FF  FF  E5  3E  04  00  E4  AA  07  00  6D  35  0C  00  03  
00  00  00  2A  8D  01  00  F6  11  07  00  41  53  86  53  47  4E  00  00  D7  81  02  00  00  00  
00  00  00  00  28  01  6D  15  14  00  02  01  00  00  03  04  03  00  00  00  00  00  00  00  00  
00  00  00  00  00  6D  16  10  00  03  00  00  00  E3  07  02  19  12  29  2D  00  E1  02  00  00  
6D  21  1C  00  03  00  00  00  05  FF  FF  FF  E6  FF  FF  FF  57  FF  FF  FF  11  00  00  00  EE  
FF  FF  FF  2F  00  00  00  6D  22  10  00  03  00  00  00  33  FE  FF  FF  24  02  00  00  B7  06  
00  00  6D  23  14  00  03  00  00  00  DE  DF  AF  76  A8  7B  FC  FC  44  BC  03  03  D7  A6  4C  
0A  6D  24  24  00  02  00  00  00  00  00  00  00  00  00  00  00  00  00  00  00  00  00  00  00  
00  00  00  00  00  00  00  00  00  00  00  00  00  00  00  00  6D  31  20  00  03  00  00  00  62  
05  00  00  AD  81  FF  FF  16  D0  00  00  D3  2D  08  00  58  5B  06  00  CF  1D  70  FF  27  62  
07  00  6D  32  24  00  03  00  00  00  D4  7E  0C  00  ED  09  CD  7B  01  00  00  00  AA  04  1B  
8D  05  00  00  00  01  00  00  00  00  00  00  00  FF  FF  00  E3  07  02  19  12  29  2D  00  01  
00  12  00  6D  34  14  00  03  00  00  00  1A  50  03  00  D7  1D  FF  FF  77  04  04  00  EB  94  
07  00  6D  35  0C  00  03  00  00  00  27  8D  01  00  0F  12  07  00  41  53  46  D0  47  4E  00  
00  D8  81  02  00  00  00  00  00  00  00  28  01  6D  15  14  00  02  01  00  00  03  04  03  00  
00  00  00  00  00  00  00  00  00  00  00  00  6D  16  10  00  03  00  00  00  E3  07  02  19  12  
29  2D  00  EB  02  00  00  6D  21  1C  00  03  00  00  00  52  00  00  00  2A  00  00  00  89  00  
00  00  01  00  00  00  E6  FF  FF  FF  40  00  00  00  6D  22  10  00  03  00  00  00  34  FE  FF  
FF  24  02  00  00  B7  06  00  00  6D  23  14  00  03  00  00  00  CD  DA  AF  76  65  A3  FC  FC  
93  D1  03  03  9C  E6  4C  0A  6D  24  24  00  02  00  00  00  00  00  00  00  00  00  00  00  00  
00  00  00  00  00  00  00  00  00  00  00  00  00  00  00  00  00  00  00  00  00  00  00  6D  31  
20  00  03  00  00  00  6B  87  00  00  FB  9B  FF  FF  7C  47  01  00  09  EF  07  00  84  3F  06  
00  11  61  70  FF  46  61  07  00  6D  32  24  00  03  00  00  00  D4  7E  0C  00  ED  09  CD  7B  
01  00  00  00  AA  04  1B  8D  05  00  00  00  01  00  00  00  00  00  00  00  FF  FF  FF  FF  6D  
33  10  00  03  00  00  00  E3  07  02  19  12  29  2D  00  01  00  12  00  6D  34  14  00  03  00  
00  00  46  50  03  00  E9  2C  FF  FF  77  04  04  00  AF  9E  07  00  6D  35  0C  00  03  00  00  
00  2D  8D  01  00  00  73  12  07  00  41  53  37  5E  47  4E  00  00  D9  81  02  00  64  00  00  
00  00  00  28  01  6D  15  14  00  02  01  00  00  03  04  03  00  00  00  00  00  00  00  00  00  
00  00  00  00  6D  16  10  00  03  00  00  00  E3  07  02  19  12  29  2D  00  F5  02  00  00  6D  
21  1C  00  03  00  00  00  8B  FF  FF  FF  F4  FF  FF  FF  7E  FF  FF  FF  E1  FF  FF  FF  F2  FF  
FF  FF  38  00  00  00  6D  22  10  00  03  00  00  00  33  FE  FF  FF  24  02  00  00  B7  06  00  
00  6D  23  14  00  03  00  00  00  7A  DD  AF  76  E3  7C  FC  FC  5F  C8  03  03  37  BF  4C  0A  
6D  24  24  00  02  00  00  00  00  00  00  00  00  00  00  00  00  00  00  00  00  00  00  00  00  
00  00  00  00  00  00  00  00  00  00  00  00  00  00  00  6D  31  20  00  03  00  00  00  9F  39  
00  00  F9  86  FF  FF  82  DF  00  00  36  73  07  00  26  6B  06  00  88  40  70  FF  D5  61  07  
00  6D  32  24  00  03  00  00  00  D4  7E  0C  00  ED  09  CD  7B  01  00  00  00  AA  04  1B  8D  
05  00  00  00  01  00  00  00  00  00  00  07  02  19  12  29  2D  00  01  00  12  00  6D  34  14  
00  03  00  00  00  34  39  03  00  97  65  FF  FF  E4  3E  04  00  F4  D1  07  00  6D  35  0C  00  
03  00  00  00  27  8D  01  00  5A  12  07  00  41  53  E7  5C  47  4E  00  00  DA  81  02  00  00  
00  00  00  00  00  28  01  6D  15  14  00  02  01  00  00  03  04  03  00  00  00  00  00  00  00  
00  00  00  00  00  00  6D  16  10  00  03  00  00  00  E3  07  02  19  12  29  2D  00  FF  02  00  
00  6D  21  1C  00  03  00  00  00  E8  FF  FF  FF  7A  00  00  00  38  00  00  00  04  00  00  00  
08  00  00  00  3E  00  00  00  6D  22  10  00  03  00  00  00  33  FE  FF  FF  24  02  00  00  B7  
06  00  00  6D  23  14  00  03  00  00  00  C4  D9  AF  76  75  77  FC  FC  6E  F7  03  03  9C  DA  
4C  0A  6D  24  24  00  02  00  00  00  00  00  00  00  00  00  00  00  00  00  00  00  00  00  00  
00  00  00  00  00  00  00  00  00  00  00  00  00  00  00  00  00  6D  31  20  00  03  00  00  00  
CE  5D  00  00  EE  BA  FF  FF  4C  28  01  00  AC  FC  07  00  7B  C4  06  00  8D  57  70  FF  30  
61  07  00  6D  32  24  00  03  00  00  00  DA  7D  0C  00  ED  09  CD  7B  01  00  00  00  BB  04  
1B  8D  05  00  00  00  01  00  00  00  FC  FF  FF  FF  FF  FF  FF  FF  6D  33  10  00  03  00  00  
00  E3  07  02  19  12  29  2D  00  01  00  12  00  6D  34  14  00  03  00  00  00  59  48  03  00  
B4  56  FF  FF  91  4E  04  00  50  16  08  00  6D  35  0C  00  03  00  00  00  24  8D  01  00  41  
12  07  00  41  53  7A  BA  47  4E  00  00  DB  81  02  00  02  01  00  00  00  00  28  01  6D  15  
14  00  02  01  00  00  03  04  03  00  00  00  00  00  00  00  00  00  00  00  00  00  6D  16  10  
00  03  00  00  00  E3  07  02  19  12  29  2D  00  09  03  00  00  6D  21  1C  00  03  00  00  00  
B0  00  00  00  45  00  00  00  1C  00  00  00  0B  00  00  00  F5  FF  FF  FF  4D  00  00  00  6D  
22  10  00  03  00  00  00  34  FE  FF  FF  24  02  00  00  B7  06  00  00  6D  23  14  00  03  00  
00  00  6D  D9  AF  76  8F  C0  FC  FC  D4  18  04  03  1F  EA  4C  0A  6D  24  24  00  02  00  00  
00  00  00  00  00  00  00  00  00  00  00  00  00  00  00  00  00  00  00  00  00  00  00  00  00  
00  00  00  00  00  00  00  00  6D  31  20  00  03  00  00  00  0E  AC  00  00  6E  A6  FF  FF  79  
1D  01  00  F5  15  08  00  A1  79  06  00  CC  91  70  FF  F3  61  07  00  6D  32  24  00  03  00  
00  00  DA  7D  0C  00  ED  09  CD  7B  01  00  00  00  BB  04  1B  8D  05  00  00  00  01  00  00  
00  FC  FF  FF  FF  FF  E3  07  02  19  12  29  2D  00  01  00  12  00  6D  34  14  00  03  00  00  
00  44  5F  03  00  3F  40  FF  FF  A6  4E  04  00  12  CD  07  00  6D  35  0C  00  03  00  00  00  
22  8D  01  00  41  12  07  00  41  53  B6  6F  47  4E  00  00  DC  81  02  00  03  04  03  00  00  
00  28  01  6D  15  14  00  02  01  00  00  03  04  03  00  00  00  00  00  00  00  00  00  00  00  
00  00  6D  16  10  00  03  00  00  00  E3  07  02  19  12  29  2D  00  13  03  00  00  6D  21  1C  
00  03  00  00  00  DB  FF  FF  FF  70  FF  FF  FF  1E  00  00  00  F2  FF  FF  FF  E9  FF  FF  FF  
2C  00  00  00  6D  22  10  00  03  00  00  00  34  FE  FF  FF  24  02  00  00  B7  06  00  00  6D  
23  14  00  03  00  00  00  04  D9  AF  76  A0  BE  FC  FC  2D  E0  03  03  E3  FE  4C  0A  6D  24  
24  00  02  00  00  00  00  00  00  00  00  00  00  00  00  00  00  00  00  00  00  00  00  00  00  
00  00  00  00  00  00  00  00  00  00  00  00  00  6D  31  20  00  03  00  00  00  ED  58  00  00  
1F  53  FF  FF  42  1E  01  00  50  B5  07  00  E0  48  06  00  0B  12  70  FF  CF  60  07  00  6D  
32  24  00  03  00  00  00  DA  7D  0C  00  ED  09  CD  7B  01  00  00  00  BB  04  1B  8D  05  00  
00  00  01  00  00  00  FC  FF  FF  FF  FF  FF  FF  FF  6D  33  10  00  03  00  00  00  E3  07  02  
19  12  29  2D  00  01  00  12  00  6D  34  14  00  03  00  00  00  15  63  03  00  80  3C  FF  FF  
AA  4E  04  00  DD  C0  07  00  6D  35  0C  00  03  00  00  00  29  8D  01  00  8C  12  07  00  41  
53  7D  DE  47  4E  00  00  DD  81  02  00  00  00  00  00  00  00  28  01  6D  15  14  00  02  01  
00  00  03  04  03  00  00  00  00  00  00  00  00  00  00  00  00  00  6D  16  10  00  03  00  00  
00  E3  07  02  19  12  29  2D  00  1D  03  00  00  6D  21  1C  00  03  00  00  00  95  00  00  00  
E5  00  00  00  CB  FF  FF  FF  F1  FF  FF  FF  EC  FF  FF  FF  3F  00  00  00  6D  22  10  00  03  
00  00  00  34  FE  FF  FF  24  02  00  00  B7  06  00  00  6D  23  14  00  03  00  00  00  8A  D9  
AF  76  00  F8  FC  FC  01  3E  04  03  22  EE  4C  0A  6D  24  24  00  02  00  00  00  00  00  00  
00  00  00  00  00  00  00  00  00  00  00  00  00  00  00  00  00  00  00  00  00  00  00  00  00  
00  00  00  00  6D  31  20  00  03  00  00  00  84  A1  00  00  B2  E4  FF  FF  EA  FD  00  00  CB  
B1  07  00  0B  56  06  00  32  5A  70  FF  88  62  07  00  6D  32  24  00  03  00  00  00  DA  7D  
0C  00  ED  09  CD  7B  01  00  00  00  BB  04  1B  8D  05  00  00  00  01  00  00  00  FC  FF  FF  
FF  00  E3  07  02  19  12  29  2D  00  01  00  12  00  6D  34  14  00  03  00  00  00  A0  57  03  
00  BB  47  FF  FF  9F  4E  04  00  7C  E5  07  00  6D  35  0C  00  03  00  00  00  29  8D  01  00  
41  12  07  00  41  53  A9  07  47  4E  00  00  DE  81  02  00  00  00  00  00  00  00  28  01  6D  
15  14  00  02  01  00  00  03  04  03  00  00  00  00  00  00  00  00  00  00  00  00  00  6D  16  
10  00  03  00  00  00  E3  07  02  19  12  29  2D  00  27  03  00  00  6D  21  1C  00  03  00  00  
00  A5  FF  FF  FF  99  FF  FF  FF  2B  00  00  00  EE  FF  FF  FF  EF  FF  FF  FF  21  00  00  00  
6D  22  10  00  03  00  00  00  34  FE  FF  FF  24  02  00  00  B7  06  00  00  6D  23  14  00  03  
00  00  00  1E  D8  AF  76  D4  E0  FC  FC  9A  12  04  03  76  04  4D  0A  6D  24  24  00  02  00  
00  00  00  00  00  00  00  00  00  00  00  00  00  00  00  00  00  00  00  00  00  00  00  00  00  
00  00  00  00  00  00  00  00  00  6D  31  20  00  03  00  00  00  D8  43  00  00  BA  62  FF  FF  
83  23  01  00  33  A7  07  00  EF  5F  06  00  4B  E8  6F  FF  4E  61  07  00  6D  32  24  00  03  
00  00  00  DA  7D  0C  00  ED  09  CD  7B  01  00  00  00  BB  04  1B  8D  05  00  00  00  01  00  
00  00  FC  FF  FF  FF  FF  FF  FF  FF  6D  33  10  00  03  00  00  00  E3  07  02  19  12  29  2D  
00  01  00  12  00  6D  34  14  00  03  00  00  00  75  57  03  00  A9  38  FF  FF  A0  4E  04  00  
7C  E5  07  00  6D  35  0C  00  03  00  00  00  2A  8D  01  00  73  12  07  00  41  53  46  5C  47  
4E  00  00  DF  81  02  00  00  00  00  00  00  00  28  01  6D  15  14  00  02  01  00  00  03  04  
03  00  00  00  00  00  00  00  00  00  00  00  00  00  6D  16  10  00  03  00  00  00  E3  07  02  
19  12  29  2D  00  31  03  00  00  6D  21  1C  00  03  00  00  00  BE  00  00  00  2B  00  00  00  
1B  00  00  00  FD  FF  FF  FF  0A  00  00  00  43  00  00  00  6D  22  10  00  03  00  00  00  34  
FE  FF  FF  24  02  00  00  B7  06  00  00  6D  23  14  00  03  00  00  00  CA  D8  AF  76  6B  31  
FD  FC  28  29  04  03  A9  0D  4D  0A  6D  24  24  00  02  00  00  00  00  00  00  00  00  00  00  
00  00  00  00  00  00  00  00  00  00  00  00  00  00  00  00  00  00  00  00  00  00  00  00  00  
6D  31  20  00  03  00  00  00  6E  B1  00  00  0F  9C  FF  FF  79  1D  01  00  AE  E2  07  00  D7  
C8  06  00  7C  6C  70  FF  A8  61  07  00  6D  32  24  00  03  00  00  00  DA  7D  0C  00  ED  09  
CD  7B  01  00  00  00  BB  04  1B  8D  05  00  00  00  01  00  00  00  FC  FF  FF  00  E3  07  02  
19  12  29  2D  00  01  00  12  00  6D  34  14  00  03  00  00  00  47  40  03  00  83  38  FF  FF  
8B  4E  04  00  30  C8  07  00  6D  35  0C  00  03  00  00  00  29  8D  01  00  28  12  07  00  41  
53  4B  EB  47  4E  00  00  E0  81  02  00  14  00  00  00  00  00  28  01  6D  15  14  00  02  01  
00  00  03  04  03  00  00  00  00  00  00  00  00  00  00  00  00  00  6D  16  10  00  03  00  00  
00  E3  07  02  19  12  29  2D  00  3B  03  00  00  6D  21  1C  00  03  00  00  00  62  FF  FF  FF  
7A  00  00  00  38  00  00  00  1C  00  00  00  FE  FF  FF  FF  47  00  00  00  6D  22  10  00  03  
00  00  00  34  FE  FF  FF  24  02  00  00  B7  06  00  00  6D  23  14  00  03  00  00  00  E9  D3  
AF  76  F3  F7  FC  FC  B3  53  04  03  A2  28  4D  0A  6D  24  24  00  02  00  00  00  00  00  00  
00  00  00  00  00  00  00  00  00  00  00  00  00  00  00  00  00  00  00  00  00  00  00  00  00  
00  00  00  00  6D  31  20  00  03  00  00  00  A5  29  00  00  CA  BA  FF  FF  98  28  01  00  75  
5C  08  00  0E  9B  06  00  B5  7C  70  FF  B8  60  07  00  6D  32  24  00  03  00  00  00  DA  7D  
0C  00  ED  09  CD  7B  01  00  00  00  BB  04  1B  8D  05  00  00  00  01  00  00  00  FC  FF  FF  
FF  FF  FF  FF  FF  6D  33  10  00  03  00  00  00  E3  07  02  19  12  29  2D  00  01  00  12  00  
6D  34  14  00  03  00  00  00  8B  38  03  00  AD  34  FF  FF  9D  4A  04  00  F4  D1  07  00  6D  
35  0C  00  03  00  00  00  2A  8D  01  00  28  12  07  00  41  53  27  87  47  4E  00  00  E1  81  
02  00  3D  87  01  00  00  00  28  01  6D  15  14  00  02  01  00  00  03  04  03  00  00  00  00  
00  00  00  00  00  00  00  00  00  6D  16  10  00  03  00  00  00  E3  07  02  19  12  29  2D  00  
45  03  00  00  6D  21  1C  00  03  00  00  00  38  01  00  00  99  FF  FF  FF  E5  FF  FF  FF  00  
00  00  00  02  00  00  00  4F  00  00  00  6D  22  10  00  03  00  00  00  34  FE  FF  FF  24  02  
00  00  B7  06  00  00  6D  23  14  00  03  00  00  00  41  D8  AF  76  AD  7A  FD  FC  A7  36  04  
03  48  25  4D  0A  6D  24  24  00  02  00  00  00  00  00  00  00  00  00  00  00  00  00  00  00  
00  00  00  00  00  00  00  00  00  00  00  00  00  00  00  00  00  00  00  00  6D  31  20  00  03  
00  00  00  FF  E0  00  00  ED  62  FF  FF  9F  08  01  00  6A  EC  07  00  B9  A8  06  00  81  98  
70  FF  8B  60  07  00  6D  32  24  00  03  00  00  00  DA  7D  0C  00  ED  09  CD  7B  01  00  00  
00  BB  04  1B  8D  05  00  00  00  01  00  00  00  FC  FF  FF  00  E3  07  02  19  12  29  2D  00  
01  00  12  00  6D  34  14  00  03  00  00  00  84  38  03  00  4F  29  FF  FF  E5  3E  04  00  8C  
0C  08  00  6D  35  0C  00  03  00  00  00  26  8D  01  00  C4  11  07  00  41  00  53  A5  CD  47  
4E  00  00  E2  81  02  00  01  16  01  60  00  00  28  01  6D  15  14  00  02  01  00  00  03  04  
03  00  00  00  00  00  00  00  00  00  00  00  00  00  6D  16  10  00  03  00  00  00  E3  07  02  
19  12  29  2D  00  4F  03  00  00  00  6D  21  1C  00  03  00  00  00  A5  00  00  00  AA  FE  FF  
FF  7A  00  00  00  F5  FF  FF  FF  FB  FF  FF  FF  62  00  00  00  6D  22  10  00  03  00  00  00  
34  FE  FF  FF  23  02  00  00  B7  06  00  00  6D  23  14  00  03  00  00  00  79  00  D8  AF  76  
71  CD  FD  FC  0D  B9  03  03  B8  5F  4D  0A  6D  24  24  00  02  00  00  00  00  00  00  00  00  
00  00  00  00  00  00  00  00  00  00  00  00  00  00  00  00  00  00  00  00  00  00  00  00  00  
00  00  6D  31  20  00  03  00  00  00  00  8C  A7  00  00  5F  05  FF  FF  B3  42  01  00  34  C0  
07  00  41  8F  06  00  B8  E2  70  FF  C9  5F  07  00  6D  32  24  00  03  00  00  00  DA  7D  0C  
00  ED  09  CD  7B  01  00  00  00  BB  04  1B  8D  05  00  00  00  01  00  00  00  FC  00  FF  FF  
FF  FF  FF  FF  FF  6D  11  47  4E  00  00  F7  81  02  00  00  00  00  00  00  00  28  01  6D  15  
14  00  02  01  00  00  03  04  03  00  00  00  00  00  00  00  00  00  00  00  00  00  6D  16  10  
00  03  00  00  00  E3  07  02  19  12  29  2E  00  39  00  00  00  6D  21  1C  00  03  00  00  00  
0D  01  00  00  08  FF  FF  FF  C8  FF  FF  FF  F1  FF  FF  FF  11  00  00  00  38  00  00  00  6D  
22  10  00  03  00  00  00  36  FE  FF  FF  25  02  00  00  B7  06  00  00  6D  23  14  00  03  00  
00  00  1B  DE  AF  76  A0  0E  00  FD  21  E4  05  03  80  24  4D  0A  6D  24  24  00  02  00  00  
00  00  00  00  00  00  00  00  00  00  00  00  00  00  00  00  00  00  00  00  00  00  00  00  00  
00  00  00  00  00  00  00  00  6D  31  20  00  03  00  00  00  F3  D0  00  00  12  2A  FF  FF  4B  
FE  00  00  07  B6  07  00  39  DD  06  00  7B  40  70  FF  AE  62  07  00  6D  32  24  00  03  00  
00  00  8C  7B  0C  00  DC  09  CD  7B  01  00  00  00  EF  04  1B  8D  05  00  00  00  FE  FF  FF  
FF  00  00  00  D2  46  04  00  F4  D1  07  00  6D  35  0C  00  03  00  00  00  20  8D  01  00  8C  
12  07  00  41  53  FC  88  47  4E  00  00  F8  81  02  00  00  00  00  00  00  00  28  01  6D  15  
14  00  02  01  00  00  03  04  03  00  00  00  00  00  00  00  00  00  00  00  00  00  6D  16  10  
00  03  00  00  00  E3  07  02  19  12  29  2E  00  43  00  00  00  6D  21  1C  00  03  00  00  00  
35  01  00  00  9A  FF  FF  FF  40  00  00  00  07  00  00  00  E5  FF  FF  FF  29  00  00  00  6D  
22  10  00  03  00  00  00  36  FE  FF  FF  25  02  00  00  B7  06  00  00  6D  23  14  00  03  00  
00  00  88  DF  AF  76  D9  8C  00  FD  47  C8  05  03  FB  40  4D  0A  6D  24  24  00  02  00  00  
00  00  00  00  00  00  00  00  00  00  00  00  00  00  00  00  00  00  00  00  00  00  00  00  00  
00  00  00  00  00  00  00  00  6D  31  20  00  03  00  00  00  7C  E0  00  00  17  63  FF  FF  1C  
2D  01  00  60  0B  08  00  2C  2F  06  00  94  06  70  FF  99  61  07  00  6D  32  24  00  03  00  
00  00  88  7A  0C  00  ED  09  CD  7B  01  00  00  00  12  05  1B  8D  05  00  00  00  04  00  00  
00  00  00  00  00  FF  FF  FF  FF  6D  33  10  00  03  00  00  00  E3  07  02  19  12  29  2E  00  
01  00  12  00  6D  34  00  14  00  03  00  00  00  9A  5B  03  00  84  38  FF  FF  66  2F  04  00  
D6  D6  07  00  6D  35  0C  00  03  00  00  00  22  8D  01  00  41  12  07  00  41  53  3F  3F  47  
4E  00  00  F9  81  02  00  00  00  00  00  00  00  28  01  6D  15  14  00  02  01  00  00  03  04  
03  00  00  00  00  00  00  00  00  00  00  00  00  00  6D  16  10  00  03  00  00  00  E3  07  02  
19  12  29  2E  00  4D  00  00  00  6D  21  1C  00  03  00  00  00  4F  01  00  00  EA  FF  FF  FF  
0A  00  00  00  0A  00  00  00  ED  FF  FF  FF  54  00  00  00  6D  22  10  00  03  00  00  00  37  
FE  FF  FF  25  02  00  00  B7  06  00  00  6D  23  14  00  03  00  00  00  C1  E1  AF  76  6E  12  
01  FD  94  CC  05  03  F2  4C  4D  0A  6D  24  24  00  02  00  00  00  00  00  00  00  00  00  00  
00  00  00  00  00  00  00  00  00  00  00  00  00  00  00  00  00  00  00  00  00  00  00  00  00  
6D  31  20  00  03  00  00  00  D9  EA  00  00  45  82  FF  FF  10  18  01  00  3F  18  08  00  9B  
4F  06  00  68  AB  70  FF  11  62  07  00  6D  32  00  03  00  00  00  E3  07  02  19  12  29  2E  
00  01  00  12  00  6D  34  14  00  03  00  00  00  30  67  03  00  96  38  FF  FF  70  2F  04  00  
7C  E5  07  00  6D  35  0C  00  03  00  00  00  24  8D  01  00  28  12  07  00  41  53  5E  97  47  
4E  00  00  FA  81  02  00  00  00  00  00  00  00  28  01  6D  15  14  00  02  01  00  00  03  04  
03  00  00  00  00  00  00  00  00  00  00  00  00  00  6D  16  10  00  03  00  00  00  E3  07  02  
19  12  29  2E  00  00  57  00  00  00  6D  21  1C  00  03  00  00  00  46  00  00  00  3C  FF  FF  
FF  CA  FF  FF  FF  00  00  00  00  05  00  00  00  35  00  00  00  6D  22  10  00  03  00  00  00  
37  FE  FF  FF  24  02  00  00  B7  06  00  00  6D  23  14  00  03  00  00  00  00  3B  E5  AF  76  
EB  35  01  FD  9C  83  05  03  A2  44  4D  0A  6D  24  24  00  02  00  00  00  00  00  00  00  00  
00  00  00  00  00  00  00  00  00  00  00  00  00  00  00  00  00  00  00  00  00  00  00  00  00  
00  00  6D  31  20  00  00  03  00  00  00  FD  82  00  00  65  3E  FF  FF  C7  FE  00  00  0F  EF  
07  00  EC  AA  06  00  B6  34  70  FF  ED  60  07  00  6D  32  24  00  03  00  00  00  88  7A  0C  
00  ED  09  CD  7B  01  00  00  00  12  05  1B  8D  05  00  00  00  04  00  00  00  00  00  00  00  
00  FF  FF  FF  FF  6D  33  10  00  03  00  00  00  E3  07  02  19  12  29  2E  00  01  00  12  00  
6D  34  14  00  03  00  00  00  B1  37  03  00  1C  ED  FE  FF  87  4E  04  00  7C  E5  07  00  6D  
35  0C  00  03  00  00  00  21  8D  01  00  F6  11  07  F4  47  4E  00  00  FB  81  02  00  00  00  
00  00  00  00  28  01  6D  15  14  00  02  01  00  00  03  04  03  00  00  00  00  00  00  00  00  
00  00  00  00  00  6D  16  10  00  03  00  00  00  E3  07  02  19  12  29  2E  00  61  00  00  00  
6D  21  1C  00  03  00  00  00  1E  FF  FF  FF  02  00  00  00  F3  FF  FF  FF  01  00  00  00  FC  
FF  FF  FF  5E  00  00  00  6D  22  10  00  03  00  00  00  36  FE  FF  FF  24  02  00  00  B7  06  
00  00  6D  23  14  00  03  00  00  00  74  E2  AF  76  AE  DF  00  FD  69  7E  05  03  10  4D  4D  
0A  6D  24  24  00  02  00  00  00  00  00  00  00  00  00  00  00  00  00  00  00  00  00  00  00  
00  00  00  00  00  00  00  00  00  00  00  00  00  00  00  00  6D  31  20  00  03  00  00  00  98  
0F  00  00  1C  8C  FF  FF  B5  0E  01  00  23  F5  07  00  07  8A  06  00  07  D5  70  FF  73  61  
07  00  6D  32  24  00  03  00  00  00  88  7A  0C  00  ED  09  CD  7B  01  00  00  00  12  05  1B  
8D  05  00  00  00  04  00  00  00  00  00  00  10  00  03  00  00  00  E3  07  02  19  12  29  2E  
00  01  00  12  00  6D  34  14  00  03  00  00  00  B3  47  03  00  39  0B  FF  FF  27  37  04  00  
22  F4  07  00  6D  35  0C  00  03  00  00  00  23  8D  01  00  0F  12  07  00  41  53  E9  C2  47  
4E  00  00  FC  81  02  00  00  00  00  00  00  00  28  01  6D  15  14  00  02  01  00  00  03  04  
03  00  00  00  00  00  00  00  00  00  00  00  00  00  6D  16  10  00  03  00  00  00  E3  07  02  
19  12  29  00  2E  00  6B  00  00  00  6D  21  1C  00  03  00  00  00  A9  FD  FF  FF  E6  FF  FF  
FF  7D  FF  FF  FF  F8  FF  FF  FF  F9  FF  FF  FF  56  00  00  00  6D  22  10  00  03  00  00  00  
36  FE  FF  FF  24  02  00  00  B7  06  00  00  6D  23  14  00  00  03  00  00  00  59  E0  AF  76  
CC  F7  FF  FC  6C  60  05  03  9F  2A  4D  0A  6D  24  24  00  02  00  00  00  00  00  00  00  00  
00  00  00  00  00  00  00  00  00  00  00  00  00  00  00  00  00  00  00  00  00  00  00  00  00  
00  00  6D  31  00  20  00  03  00  00  00  E7  7D  FF  FF  2B  81  FF  FF  8D  E0  00  00  35  CE  
07  00  BE  7E  06  00  64  B4  70  FF  57  60  07  00  6D  32  24  00  03  00  00  00  88  7A  0C  
00  ED  09  CD  7B  01  00  00  00  12  05  1B  8D  05  00  00  00  00  04  00  00  00  00  00  00  
00  FF  FF  FF  FF  6D  33  10  00  03  00  00  00  E3  07  02  19  12  29  2E  00  01  00  12  00  
6D  34  14  00  03  00  00  00  F2  4F  03  00  4F  29  FF  FF  A7  23  04  00  ED  E7  07  00  6D  
35  0C  00  03  00  00  00  28  8D  01  00  28  12  1E  47  4E  00  00  FD  81  02  00  00  00  00  
00  00  00  28  01  6D  15  14  00  02  01  00  00  03  04  03  00  00  00  00  00  00  00  00  00  
00  00  00  00  6D  16  10  00  03  00  00  00  E3  07  02  19  12  29  2E  00  75  00  00  00  6D  
21  1C  00  03  00  00  00  96  FF  FF  FF  2A  00  00  00  28  00  00  00  09  00  00  00  FF  FF  
FF  FF  3B  00  00  00  6D  22  10  00  03  00  00  00  36  FE  FF  FF  24  02  00  00  B7  06  00  
00  6D  23  14  00  03  00  00  00  9A  DC  AF  76  99  CE  FF  FC  45  6F  05  03  74  45  4D  0A  
6D  24  24  00  02  00  00  00  00  00  00  00  00  00  00  00  00  00  00  00  00  00  00  00  00  
00  00  00  00  00  00  00  00  00  00  00  00  00  00  00  6D  31  20  00  03  00  00  00  8F  3E  
00  00  B9  9B  FF  FF  50  23  01  00  FF  11  08  00  62  98  06  00  A8  49  70  FF  ED  60  07  
00  6D  32  24  00  03  00  00  00  88  7A  0C  00  ED  09  CD  7B  01  00  00  00  12  05  1B  8D  
05  00  00  00  04  00  00  00  00  00  00  FF  6D  33  10  00  03  00  00  00  E3  07  02  19  12  
29  2E  00  01  00  12  00  6D  34  14  00  03  00  00  00  A7  38  03  00  39  29  FF  FF  48  2F  
04  00  5C  97  07  00  6D  35  0C  00  03  00  00  00  27  8D  01  00  28  12  07  00  41  53  E1  
E7  47  4E  00  00  FE  81  02  00  00  00  00  00  00  00  28  01  6D  15  14  00  02  01  00  00  
03  04  03  00  00  00  00  00  00  00  00  00  00  00  00  00  6D  16  10  00  03  00  00  00  E3  
07  02  00  19  12  29  2E  00  7F  00  00  00  6D  21  1C  00  03  00  00  00  6B  00  00  00  A6  
FF  FF  FF  D5  00  00  00  ED  FF  FF  FF  F1  FF  FF  FF  5B  00  00  00  6D  22  10  00  03  00  
00  00  36  FE  FF  FF  24  02  00  00  B7  06  00  00  6D  00  23  14  00  03  00  00  00  2F  D6  
AF  76  AC  FE  FF  FC  F2  53  05  03  61  A5  4D  0A  6D  24  24  00  02  00  00  00  00  00  00  
00  00  00  00  00  00  00  00  00  00  00  00  00  00  00  00  00  00  00  00  00  00  00  00  00  
00  00  00  00  00  6D  31  20  00  03  00  00  00  E7  91  00  00  1C  68  FF  FF  F8  66  01  00  
03  A4  07  00  13  60  06  00  61  C9  70  FF  CF  60  07  00  6D  32  24  00  03  00  00  00  88  
7A  0C  00  ED  09  CD  7B  01  00  00  00  12  05  1B  8D  05  00  00  00  00  04  00  00  00  00  
00  00  00  FF  FF  FF  FF  6D  33  10  00  03  00  00  00  E3  07  02  19  12  29  2E  00  01  00  
12  00  6D  34  14  00  03  00  00  00  8B  66  03  00  78  0B  FF  FF  0F  3F  04  00  30  C8  07  
00  6D  35  0C  00  03  00  00  00  27  8D  01  7E  47  4E  00  00  FF  81  02  00  00  00  00  00  
00  00  28  01  6D  15  14  00  02  01  00  00  03  04  03  00  00  00  00  00  00  00  00  00  00  
00  00  00  6D  16  10  00  03  00  00  00  E3  07  02  19  12  29  2E  00  89  00  00  00  6D  21  
1C  00  03  00  00  00  45  FF  FF  FF  A5  FF  FF  FF  01  00  00  00  0F  00  00  00  ED  FF  FF  
FF  4C  00  00  00  6D  22  10  00  03  00  00  00  36  FE  FF  FF  24  02  00  00  B7  06  00  00  
6D  23  14  00  03  00  00  00  28  D4  AF  76  FC  BA  FF  FC  17  2C  05  03  B2  B4  4D  0A  6D  
24  24  00  02  00  00  00  00  00  00  00  00  00  00  00  00  00  00  00  00  00  00  00  00  00  
00  00  00  00  00  00  00  00  00  00  00  00  00  00  6D  31  20  00  03  00  00  00  2D  1F  00  
00  D5  67  FF  FF  EF  13  01  00  2D  2B  08  00  28  52  06  00  37  8D  70  FF  C6  61  07  00  
6D  32  24  00  03  00  00  00  88  7A  0C  00  ED  09  CD  7B  01  00  00  00  12  05  1B  8D  05  
00  00  00  04  00  00  00  00  00  00  FF  6D  33  10  00  03  00  00  00  E3  07  02  19  12  29  
2E  00  01  00  12  00  6D  34  14  00  03  00  00  00  12  5F  03  00  05  22  FF  FF  08  3F  04  
00  04  F9  07  00  6D  35  0C  00  03  00  00  00  28  8D  01  00  41  12  07  00  41  53  94  61  
47  4E  00  00  00  82  02  00  AA  AA  AA  AA  00  00  28  01  6D  15  14  00  02  01  00  00  03  
04  03  00  00  00  00  00  00  00  00  00  00  00  00  00  6D  16  10  00  03  00  00  00  E3  07  
02  00  19  12  29  2E  00  93  00  00  00  6D  21  1C  00  03  00  00  00  41  01  00  00  C1  FF  
FF  FF  19  00  00  00  F7  FF  FF  FF  F9  FF  FF  FF  46  00  00  00  6D  22  10  00  03  00  00  
00  36  FE  FF  FF  24  02  00  00  B7  06  00  00  6D  00  23  14  00  03  00  00  00  E2  D5  AF  
76  F2  3B  00  FD  CC  20  05  03  AB  C9  4D  0A  6D  24  24  00  02  00  00  00  00  00  00  00  
00  00  00  00  00  00  00  00  00  00  00  00  00  00  00  00  00  00  00  00  00  00  00  00  00  
00  00  00  00  6D  31  20  00  03  00  00  00  81  E5  00  00  C8  72  FF  FF  51  1D  01  00  7D  
CD  07  00  C6  7D  06  00  01  76  70  FF  88  62  07  00  6D  32  24  00  03  00  00  00  88  7A  
0C  00  ED  09  CD  7B  01  00  00  00  12  05  1B  8D  05  00  00  00  00  04  00  00  00  00  00  
00  00  FF  FF  FF  FF  6D  33  10  00  03  00  00  00  E3  07  02  19  12  29  2E  00  01  00  12  
00  6D  34  14  00  03  00  00  00  1E  5F  03  00  94  29  FF  FF  EF  42  04  00  9C  33  08  00  
6D  35  0C  00  03  00  00  00  29  8D  01  E1  47  4E  00  00  01  82  02  00  02  03  90  01  00  
00  28  01  6D  15  14  00  02  01  00  00  03  04  03  00  00  00  00  00  00  00  00  00  00  00  
00  00  6D  16  10  00  03  00  00  00  E3  07  02  19  12  29  2E  00  9D  00  00  00  6D  21  1C  
00  03  00  00  00  17  02  00  00  8D  FF  FF  FF  91  00  00  00  FE  FF  FF  FF  F5  FF  FF  FF  
5A  00  00  00  6D  22  10  00  03  00  00  00  37  FE  FF  FF  24  02  00  00  B8  06  00  00  6D  
23  14  00  03  00  00  00  27  D6  AF  76  41  13  01  FD  80  09  05  03  0C  0C  4E  0A  6D  24  
24  00  02  00  00  00  00  00  00  00  00  00  00  00  00  00  00  00  00  00  00  00  00  00  00  
00  00  00  00  00  00  00  00  00  00  00  00  00  6D  31  20  00  03  00  00  00  25  39  01  00  
25  5E  FF  FF  04  4C  01  00  F9  E4  07  00  FA  6D  06  00  80  C2  70  FF  82  61  07  00  6D  
32  24  00  03  00  00  00  88  7A  0C  00  ED  09  CD  7B  01  00  00  00  12  05  1B  8D  05  00  
00  00  04  00  00  00  00  00  00  FF  FF  6D  33  10  00  03  00  00  00  E3  07  02  19  12  29  
2E  00  01  00  12  00  6D  34  14  00  03  00  00  00  AD  75  03  00  95  FC  FE  FF  BD  4E  04  
00  E8  50  08  00  6D  35  0C  00  03  00  00  00  27  8D  01  00  8C  12  07  00  41  53  6D  99  
47  4E  00  00  02  82  02  00  04  00  01  00  00  00  28  01  6D  15  14  00  02  01  00  00  03  
04  03  00  00  00  00  00  00  00  00  00  00  00  00  00  6D  16  10  00  03  00  00  00  E3  07  
00  02  19  12  29  2E  00  A7  00  00  00  6D  21  1C  00  03  00  00  00  78  01  00  00  53  00  
00  00  FE  FF  FF  FF  05  00  00  00  F6  FF  FF  FF  36  00  00  00  6D  22  10  00  03  00  00  
00  37  FE  FF  FF  24  02  00  00  B8  06  00  00  00  6D  23  14  00  03  00  00  00  A0  D7  AF  
76  C1  A4  01  FD  FE  38  05  03  77  17  4E  0A  6D  24  24  00  02  00  00  00  00  00  00  00  
00  00  00  00  00  00  00  00  00  00  00  00  00  00  00  00  00  00  00  00  00  00  00  00  00  
00  00  00  00  6D  31  20  00  03  00  00  00  FD  FA  00  00  92  AB  FF  FF  B4  12  01  00  2C  
02  08  00  A6  6E  06  00  14  37  70  FF  4F  60  07  00  6D  32  24  00  03  00  00  00  F2  79  
0C  00  DC  09  CD  7B  01  00  00  00  35  05  1B  8D  00  05  00  00  00  01  00  00  00  04  00  
00  00  FF  FF  FF  FF  6D  33  10  00  03  00  00  00  E3  07  02  19  12  29  2E  00  01  00  12  
00  6D  34  14  00  03  00  00  00  EB  28  03  00  4B  29  FF  FF  77  4E  04  00  6C  BE  07  00  
6D  35  0C  00  03  00  00  00  28  8D  76  47  4E  00  00  03  82  02  00  C0  C6  2D  00  00  00  
28  01  6D  15  14  00  02  01  00  00  03  04  03  00  00  00  00  00  00  00  00  00  00  00  00  
00  6D  16  10  00  03  00  00  00  E3  07  02  19  12  29  2E  00  B1  00  00  00  6D  21  1C  00  
03  00  00  00  FE  00  00  00  C2  FF  FF  FF  41  00  00  00  04  00  00  00  FC  FF  FF  FF  66  
00  00  00  6D  22  10  00  03  00  00  00  37  FE  FF  FF  24  02  00  00  B8  06  00  00  6D  23  
14  00  03  00  00  00  23  D7  AF  76  E3  0B  02  FD  64  2C  05  03  BA  3E  4E  0A  6D  24  24  
00  02  00  00  00  00  00  00  00  00  00  00  00  00  00  00  00  00  00  00  00  00  00  00  00  
00  00  00  00  00  00  00  00  00  00  00  00  6D  31  20  00  03  00  00  00  4C  CB  00  00  B6  
72  FF  FF  1A  2D  01  00  E1  FD  07  00  EC  84  06  00  52  F3  70  FF  79  62  07  00  6D  32  
24  00  03  00  00  00  F2  79  0C  00  DC  09  CD  7B  01  00  00  00  35  05  1B  8D  05  00  00  
00  01  00  00  00  04  00  00  FF  6D  33  10  00  03  00  00  00  E3  07  02  19  12  29  2E  00  
01  00  12  00  6D  34  14  00  03  00  00  00  7E  30  03  00  D9  21  FF  FF  4F  56  04  00  A8  
B4  07  00  6D  35  0C  00  03  00  00  00  26  8D  01  00  28  12  07  00  41  53  AA  DA  47  4E  
00  00  04  82  02  00  00  10  0E  00  00  00  28  01  6D  15  14  00  02  01  00  00  03  04  03  
00  00  00  00  00  00  00  00  00  00  00  00  00  6D  16  10  00  03  00  00  00  E3  07  02  00  
19  12  29  2E  00  BB  00  00  00  6D  21  1C  00  03  00  00  00  63  FE  FF  FF  E8  FF  FF  FF  
61  FF  FF  FF  EE  FF  FF  FF  FE  FF  FF  FF  45  00  00  00  6D  22  10  00  03  00  00  00  37  
FE  FF  FF  24  02  00  00  B8  06  00  00  6D  00  23  14  00  03  00  00  00  57  D7  AF  76  B9  
6C  01  FD  B4  15  05  03  CB  14  4E  0A  6D  24  24  00  02  00  00  00  00  00  00  00  00  00  
00  00  00  00  00  00  00  00  00  00  00  00  00  00  00  00  00  00  00  00  00  00  00  00  00  
00  00  6D  31  20  00  03  00  00  00  F2  C6  FF  FF  67  81  FF  FF  B8  D5  00  00  D6  A8  07  
00  9F  8E  06  00  75  73  70  FF  0B  61  07  00  6D  32  24  00  03  00  00  00  F2  79  0C  00  
DC  09  CD  7B  01  00  00  00  35  05  1B  8D  05  00  00  00  00  01  00  00  00  04  00  00  00  
FF  FF  FF  FF  6D  33  10  00  03  00  00  00  E3  07  02  19  12  29  2E  00  01  00  12  00  6D  
34  14  00  03  00  00  00  B6  47  03  00  FA  21  FF  FF  7C  52  04  00  FB  BB  07  00  6D  35  
0C  00  03  00  00  00  27  8D  01  95  47  4E  00  00  05  82  02  00  01  00  00  01  00  00  28  
01  6D  15  14  00  02  01  00  00  03  04  03  00  00  00  00  00  00  00  00  00  00  00  00  00  
6D  16  10  00  03  00  00  00  E3  07  02  19  12  29  2E  00  C5  00  00  00  6D  21  1C  00  03  
00  00  00  FF  00  00  00  1F  00  00  00  D6  FF  FF  FF  F6  FF  FF  FF  05  00  00  00  50  00  
00  00  6D  22  10  00  03  00  00  00  37  FE  FF  FF  24  02  00  00  B8  06  00  00  6D  23  14  
00  03  00  00  00  FD  D9  AF  76  E7  CF  01  FD  75  2B  05  03  B6  0C  4E  0A  6D  24  24  00  
02  00  00  00  00  00  00  00  00  00  00  00  00  00  00  00  00  00  00  00  00  00  00  00  00  
00  00  00  00  00  00  00  00  00  00  00  6D  31  20  00  03  00  00  00  EC  CB  00  00  C8  96  
FF  FF  58  03  01  00  35  C9  07  00  67  A8  06  00  35  9D  70  FF  FC  60  07  00  6D  32  24  
00  03  00  00  00  F2  79  0C  00  DC  09  CD  7B  01  00  00  00  35  05  1B  8D  05  00  00  00  
01  00  00  00  04  00  00  FF  6D  33  10  00  03  00  00  00  E3  07  02  19  12  29  2E  00  01  
00  12  00  6D  34  14  00  03  00  00  00  A2  76  03  00  B0  38  FF  FF  7E  2F  04  00  40  EF  
07  00  6D  35  0C  00  03  00  00  00  2A  8D  01  00  8C  12  07  00  41  53  C2  D9  47  4E  00  
00  06  82  02  00  30  0F  1F  00  00  00  28  01  6D  15  14  00  02  01  00  00  03  04  03  00  
00  00  00  00  00  00  00  00  00  00  00  00  6D  16  10  00  03  00  00  00  E3  07  02  00  19  
12  29  2E  00  CF  00  00  00  6D  21  1C  00  03  00  00  00  55  FE  FF  FF  38  00  00  00  89  
FF  FF  FF  14  00  00  00  F6  FF  FF  FF  49  00  00  00  6D  22  10  00  03  00  00  00  37  FE  
FF  FF  24  02  00  00  B8  06  00  00  6D  00  23  14  00  03  00  00  00  11  D8  AF  76  0F  28  
01  FD  B8  33  05  03  AA  EF  4D  0A  6D  24  24  00  02  00  00  00  00  00  00  00  00  00  00  
00  00  00  00  00  00  00  00  00  00  00  00  00  00  00  00  00  00  00  00  00  00  00  00  00  
00  6D  31  20  00  03  00  00  00  6B  C1  FF  FF  99  A0  FF  FF  43  E5  00  00  95  3B  08  00  
A7  70  06  00  7F  81  70  FF  73  61  07  00  6D  32  24  00  03  00  00  00  F2  79  0C  00  DC  
09  CD  7B  01  00  00  00  35  05  1B  8D  05  00  00  00  00  01  00  00  00  04  00  00  00  FF  
FF  FF  FF  6D  33  10  00  03  00  00  00  E3  07  02  19  12  29  2E  00  01  00  12  00  6D  34  
14  00  03  00  00  00  51  57  03  00  BF  38  FF  FF  41  5E  04  00  40  EF  07  00  6D  35  0C  
00  03  00  00  00  2A  8D  01  BA  47  4E  00  00  07  82  02  00  00  00  00  00  00  00  28  01  
6D  15  14  00  02  01  00  00  03  04  03  00  00  00  00  00  00  00  00  00  00  00  00  00  6D  
16  10  00  03  00  00  00  E3  07  02  19  12  29  2E  00  D9  00  00  00  6D  21  1C  00  03  00  
00  00  FD  01  00  00  D0  FF  FF  FF  FD  FF  FF  FF  FB  FF  FF  FF  EE  FF  FF  FF  4B  00  00  
00  6D  22  10  00  03  00  00  00  37  FE  FF  FF  24  02  00  00  B8  06  00  00  6D  23  14  00  
03  00  00  00  28  DC  AF  76  A0  F0  01  FD  E2  34  05  03  81  FA  4D  0A  6D  24  24  00  02  
00  00  00  00  00  00  00  00  00  00  00  00  00  00  00  00  00  00  00  00  00  00  00  00  00  
00  00  00  00  00  00  00  00  00  00  6D  31  20  00  03  00  00  00  F0  2E  01  00  FF  77  FF  
FF  8A  12  01  00  E2  DB  07  00  DE  51  06  00  DC  8A  70  FF  CD  61  07  00  6D  32  24  00  
03  00  00  00  F2  79  0C  00  DC  09  CD  7B  01  00  00  00  35  05  1B  8D  05  00  00  00  01  
00  00  00  04  00  00  FF  FF  6D  33  10  00  03  00  00  00  E3  07  02  19  12  29  2E  00  01  
00  12  00  6D  34  14  00  03  00  00  00  82  4F  03  00  29  31  FF  FF  3A  5E  04  00  40  EF  
07  00  6D  35  0C  00  03  00  00  00  26  8D  01  00  28  12  07  00  41  53  93  CE  47  4E  00  
00  08  82  02  00  03  00  00  00  00  00  28  01  6D  15  14  00  02  01  00  00  03  04  03  00  
00  00  00  00  00  00  00  00  00  00  00  00  6D  16  10  00  03  00  00  00  E3  07  00  02  19  
12  29  2E  00  E3  00  00  00  6D  21  1C  00  03  00  00  00  CA  00  00  00  9B  FF  FF  FF  BC  
FF  FF  FF  FD  FF  FF  FF  EF  FF  FF  FF  26  00  00  00  6D  22  10  00  03  00  00  00  37  FE  
FF  FF  24  02  00  00  B8  06  00  00  00  6D  23  14  00  03  00  00  00  25  E0  AF  76  40  43  
02  FD  CA  15  05  03  AA  ED  4D  0A  6D  24  24  00  02  00  00  00  00  00  00  00  00  00  00  
00  00  00  00  00  00  00  00  00  00  00  00  00  00  00  00  00  00  00  00  00  00  00  00  00  
00  6D  31  20  00  03  00  00  00  F6  B6  00  00  EF  62  FF  FF  19  F9  00  00  45  E1  07  00  
EF  51  06  00  EF  FA  6F  FF  B7  61  07  00  6D  32  24  00  03  00  00  00  F2  79  0C  00  DC  
09  CD  7B  01  00  00  00  35  05  1B  8D  00  05  00  00  00  01  00  00  00  04  00  00  00  FF  
FF  FF  FF  6D  33  10  00  03  00  00  00  E3  07  02  19  12  29  2E  00  01  00  12  00  6D  34  
14  00  03  00  00  00  AE  4B  03  00  1D  31  FF  FF  4F  5A  04  00  A1  CA  07  00  6D  35  0C  
00  03  00  00  00  2A  8D  19  47  4E  00  00  09  82  02  00  00  00  12  00  00  00  28  01  6D  
15  14  00  02  01  00  00  03  04  03  00  00  00  00  00  00  00  00  00  00  00  00  00  6D  16  
10  00  03  00  00  00  E3  07  02  19  12  29  2E  00  ED  00  00  00  6D  21  1C  00  03  00  00  
00  42  01  00  00  EB  FF  FF  FF  A0  FF  FF  FF  FA  FF  FF  FF  FC  FF  FF  FF  35  00  00  00  
6D  22  10  00  03  00  00  00  38  FE  FF  FF  24  02  00  00  B7  06  00  00  6D  23  14  00  03  
00  00  00  85  E5  AF  76  C6  C1  02  FD  91  19  05  03  5D  D3  4D  0A  6D  24  24  00  02  00  
00  00  00  00  00  00  00  00  00  00  00  00  00  00  00  00  00  00  00  00  00  00  00  00  00  
00  00  00  00  00  00  00  00  00  6D  31  20  00  03  00  00  00  EA  E5  00  00  2E  82  FF  FF  
47  EE  00  00  4C  D7  07  00  A6  82  06  00  F8  34  70  FF  2F  62  07  00  6D  32  24  00  03  
00  00  00  F2  79  0C  00  DC  09  CD  7B  01  00  00  00  35  05  1B  8D  05  00  00  00  01  00  
00  00  04  00  00  FF  6D  33  10  00  03  00  00  00  E3  07  02  19  12  29  2E  00  01  00  12  
00  6D  34  14  00  03  00  00  00  A0  57  03  00  BB  47  FF  FF  9F  4E  04  00  C4  5C  07  00  
6D  35  0C  00  03  00  00  00  25  8D  01  00  28  12  07  00  41  53  8D  6D  47  4E  00  00  0A  
82  02  00  00  00  00  00  00  00  28  01  6D  15  14  00  02  01  00  00  03  04  03  00  00  00  
00  00  00  00  00  00  00  00  00  00  6D  16  10  00  03  00  00  00  E3  07  02  00  19  12  29  
2E  00  F7  00  00  00  6D  21  1C  00  03  00  00  00  A3  FF  FF  FF  62  00  00  00  CB  FF  FF  
FF  F7  FF  FF  FF  F3  FF  FF  FF  36  00  00  00  6D  22  10  00  03  00  00  00  38  FE  FF  FF  
24  02  00  00  B7  06  00  00  6D  00  23  14  00  03  00  00  00  22  E4  AF  76  36  9C  02  FD  
0E  3E  05  03  B8  CD  4D  0A  6D  24  24  00  02  00  00  00  00  00  00  00  00  00  00  00  00  
00  00  00  00  00  00  00  00  00  00  00  00  00  00  00  00  00  00  00  00  00  00  00  00  6D  
31  20  00  03  00  00  00  00  44  00  00  6A  B0  FF  FF  B4  FE  00  00  F0  C9  07  00  24  60  
06  00  31  37  70  FF  0B  61  07  00  6D  32  24  00  03  00  00  00  F2  79  0C  00  DC  09  CD  
7B  01  00  00  00  35  05  1B  8D  05  00  00  00  00  01  00  00  00  04  00  00  00  FF  FF  FF  
FF  6D  33  10  00  03  00  00  00  E3  07  02  19  12  29  2E  00  01  00  12  00  6D  34  14  00  
03  00  00  00  C6  47  03  00  2F  0B  FF  FF  56  2F  04  00  5C  97  07  00  6D  35  0C  00  03  
00  00  00  2B  8D  01  77  47  4E  00  00  0B  82  02  00  00  00  00  00  00  00  28  01  6D  15  
14  00  02  01  00  00  03  04  03  00  00  00  00  00  00  00  00  00  00  00  00  00  6D  16  10  
00  03  00  00  00  E3  07  02  19  12  29  2E  00  01  01  00  00  6D  21  1C  00  03  00  00  00  
E1  01  00  00  8F  FF  FF  FF  69  00  00  00  06  00  00  00  0C  00  00  00  3B  00  00  00  6D  
22  10  00  03  00  00  00  38  FE  FF  FF  24  02  00  00  B8  06  00  00  6D  23  14  00  03  00  
00  00  3F  E5  AF  76  32  5E  03  FD  58  25  05  03  66  00  4E  0A  6D  24  24  00  02  00  00  
00  00  00  00  00  00  00  00  00  00  00  00  00  00  00  00  00  00  00  00  00  00  00  00  00  
00  00  00  00  00  00  00  00  6D  31  20  00  03  00  00  00  51  24  01  00  0E  5E  FF  FF  77  
3C  01  00  E0  05  08  00  AA  BF  06  00  B0  49  70  FF  99  61  07  00  6D  32  24  00  03  00  
00  00  F2  79  0C  00  DC  09  CD  7B  01  00  00  00  35  05  1B  8D  05  00  00  00  01  00  00  
00  04  00  00  00  FF  FF  FF  FF  6D  33  10  00  03  00  00  00  E3  07  02  19  12  29  2E  00  
01  00  12  00  6D  34  14  00  03  00  00  00  6C  57  03  00  81  29  FF  FF  01  3F  04  00  E4  
AA  07  00  6D  35  0C  00  03  00  00  00  29  8D  01  00  8C  12  07  00  41  53  B0  10  47  4E  
00  00  0C  82  02  00  00  00  00  00  00  00  28  01  6D  15  14  00  02  01  00  00  03  04  03  
00  00  00  00  00  00  00  00  00  00  00  00  00  6D  16  10  00  03  00  00  00  00  E3  07  02  
19  12  29  2E  00  0B  01  00  00  6D  21  1C  00  03  00  00  00  87  FF  FF  FF  C0  00  00  00  
28  00  00  00  F8  FF  FF  FF  09  00  00  00  28  00  00  00  6D  22  10  00  03  00  00  00  38  
FE  FF  FF  24  02  00  00  B8  00  06  00  00  6D  23  14  00  03  00  00  00  DC  DF  AF  76  63  
2A  03  FD  BD  6D  05  03  36  1A  4E  0A  6D  24  24  00  02  00  00  00  00  00  00  00  00  00  
00  00  00  00  00  00  00  00  00  00  00  00  00  00  00  00  00  00  00  00  00  00  00  00  00  
00  00  6D  31  20  00  03  00  00  00  CA  38  00  00  FD  D4  FF  FF  0F  23  01  00  2E  D0  07  
00  BF  B5  06  00  8F  FF  6F  FF  97  62  07  00  6D  32  24  00  03  00  00  00  EE  78  0C  00  
DC  09  CD  7B  01  00  00  00  47  00  05  1B  8D  05  00  00  00  FD  FF  FF  FF  FF  FF  FF  FF  
FF  FF  FF  FF  6D  33  10  00  03  00  00  00  E3  07  02  19  12  29  2E  00  01  00  12  00  6D  
34  14  00  03  00  00  00  47  5B  03  00  B4  38  FF  FF  8C  52  04  00  6C  BE  07  00  6D  35  
0C  00  03  00  00  A2  47  4E  00  00  0D  82  02  00  00  00  00  00  00  00  28  01  6D  15  14  
00  02  01  00  00  03  04  03  00  00  00  00  00  00  00  00  00  00  00  00  00  6D  16  10  00  
03  00  00  00  E3  07  02  19  12  29  2E  00  15  01  00  00  6D  21  1C  00  03  00  00  00  33  
01  00  00  06  00  00  00  5C  00  00  00  05  00  00  00  04  00  00  00  42  00  00  00  6D  22  
10  00  03  00  00  00  38  FE  FF  FF  24  02  00  00  B8  06  00  00  6D  23  14  00  03  00  00  
00  58  DE  AF  76  4B  A3  03  FD  E2  7D  05  03  FC  49  4E  0A  6D  24  24  00  02  00  00  00  
00  00  00  00  00  00  00  00  00  00  00  00  00  00  00  00  00  00  00  00  00  00  00  00  00  
00  00  00  00  00  00  00  6D  31  20  00  03  00  00  00  3B  E0  00  00  A1  8C  FF  FF  6B  37  
01  00  06  01  08  00  31  A1  06  00  F4  67  70  FF  F3  61  07  00  6D  32  24  00  03  00  00  
00  EE  78  0C  00  DC  09  CD  7B  01  00  00  00  47  05  1B  8D  05  00  00  00  FD  FF  FF  FF  
FF  FF  FF  FF  FF  FF  FF  FF  6D  33  10  00  03  00  00  00  E3  07  02  19  12  29  2E  00  01  
00  12  00  6D  34  14  00  03  00  00  00  E6  37  03  00  55  0B  FF  FF  27  5E  04  00  6C  BE  
07  00  6D  35  0C  00  03  00  00  00  28  8D  01  00  28  12  07  00  41  53  9C  61  47  4E  00  
00  0E  82  02  00  00  00  00  00  00  00  28  01  6D  15  14  00  02  01  00  00  03  04  03  00  
00  00  00  00  00  00  00  00  00  00  00  00  6D  16  10  00  03  00  00  00  00  E3  07  02  19  
12  29  2E  00  1F  01  00  00  6D  21  1C  00  03  00  00  00  97  FE  FF  FF  3A  00  00  00  10  
00  00  00  07  00  00  00  00  00  00  00  19  00  00  00  6D  22  10  00  03  00  00  00  38  FE  
FF  FF  24  02  00  00  B8  00  06  00  00  6D  23  14  00  03  00  00  00  6E  D8  AF  76  23  15  
03  FD  AF  8A  05  03  24  61  4E  0A  6D  24  24  00  02  00  00  00  00  00  00  00  00  00  00  
00  00  00  00  00  00  00  00  00  00  00  00  00  00  00  00  00  00  00  00  00  00  00  00  00  
00  6D  31  20  00  03  00  00  00  33  DB  FF  FF  BE  A0  FF  FF  57  19  01  00  08  09  08  00  
78  93  06  00  C5  C7  6F  FF  82  61  07  00  6D  32  24  00  03  00  00  00  EE  78  0C  00  DC  
09  CD  7B  01  00  00  00  47  00  05  1B  8D  05  00  00  00  FD  FF  FF  FF  FF  FF  FF  FF  FF  
FF  FF  FF  6D  33  10  00  03  00  00  00  E3  07  02  19  12  29  2E  00  01  00  12  00  6D  34  
14  00  03  00  00  00  EE  20  03  00  6D  16  FF  FF  59  52  04  00  0B  E3  07  00  6D  35  0C  
00  03  00  00  3F  47  4E  00  00  0F  82  02  00  01  01  00  00  00  00  28  01  6D  15  14  00  
02  01  00  00  03  04  03  00  00  00  00  00  00  00  00  00  00  00  00  00  6D  16  10  00  03  
00  00  00  E3  07  02  19  12  29  2E  00  29  01  00  00  6D  21  1C  00  03  00  00  00  96  FF  
FF  FF  3A  00  00  00  B1  FF  FF  FF  07  00  00  00  11  00  00  00  55  00  00  00  6D  22  10  
00  03  00  00  00  38  FE  FF  FF  24  02  00  00  B8  06  00  00  6D  23  14  00  03  00  00  00  
5C  D8  AF  76  D1  E8  02  FD  0A  9F  05  03  1F  4F  4E  0A  6D  24  24  00  02  00  00  00  00  
00  00  00  00  00  00  00  00  00  00  00  00  00  00  00  00  00  00  00  00  00  00  00  00  00  
00  00  00  00  00  00  6D  31  20  00  03  00  00  00  BF  3E  00  00  E5  A0  FF  FF  4F  F4  00  
00  60  0C  08  00  0C  D7  06  00  C4  AF  70  FF  73  61  07  00  6D  32  24  00  03  00  00  00  
EE  78  0C  00  DC  09  CD  7B  01  00  00  00  47  05  1B  8D  05  00  00  00  FD  FF  FF  FF  FF  
FF  FF  FF  FF  FF  FF  FF  6D  33  10  00  03  00  00  00  E3  07  02  19  12  29  2E  00  01  00  
12  00  6D  34  14  00  03  00  00  00  BC  11  03  00  B9  30  FF  FF  33  56  04  00  C8  02  08  
00  6D  35  0C  00  03  00  00  00  29  8D  01  00  8C  12  07  00  41  53  5B  EE  47  4E  00  00  
10  82  02  00  00  00  00  00  00  00  28  01  6D  15  14  00  02  01  00  00  03  04  03  00  00  
00  00  00  00  00  00  00  00  00  00  00  6D  16  10  00  03  00  00  00  00  E3  07  02  19  12  
29  2E  00  33  01  00  00  6D  21  1C  00  03  00  00  00  53  FF  FF  FF  A8  FF  FF  FF  89  FF  
FF  FF  09  00  00  00  E8  FF  FF  FF  39  00  00  00  6D  22  10  00  03  00  00  00  38  FE  FF  
FF  24  02  00  00  B8  00  06  00  00  6D  23  14  00  03  00  00  00  08  DA  AF  76  C9  A6  02  
FD  A2  78  05  03  F7  33  4E  0A  6D  24  24  00  02  00  00  00  00  00  00  00  00  00  00  00  
00  00  00  00  00  00  00  00  00  00  00  00  00  00  00  00  00  00  00  00  00  00  00  00  00  
6D  31  20  00  03  00  00  00  86  24  00  00  E2  67  FF  FF  DE  E4  00  00  EA  13  08  00  BA  
35  06  00  0F  43  70  FF  9F  62  07  00  6D  32  24  00  03  00  00  00  EE  78  0C  00  DC  09  
CD  7B  01  00  00  00  47  00  05  1B  8D  05  00  00  00  FD  FF  FF  FF  FF  FF  FF  FF  FF  FF  
FF  FF  6D  33  10  00  03  00  00  00  E3  07  02  19  12  29  2E  00  01  00  12  00  6D  34  14  
00  03  00  00  00  82  21  03  00  C7  52  FF  FF  10  5E  04  00  39  05  08  00  6D  35  0C  00  
03  00  00  1A  47  4E  00  00  11  82  02  00  00  00  00  00  00  00  28  01  6D  15  14  00  02  
01  00  00  03  04  03  00  00  00  00  00  00  00  00  00  00  00  00  00  6D  16  10  00  03  00  
00  00  E3  07  02  19  12  29  2E  00  3D  01  00  00  6D  21  1C  00  03  00  00  00  00  00  00  
00  BF  00  00  00  43  00  00  00  F2  FF  FF  FF  F8  FF  FF  FF  5E  00  00  00  6D  22  10  00  
03  00  00  00  38  FE  FF  FF  25  02  00  00  B8  06  00  00  6D  23  14  00  03  00  00  00  4D  
D4  AF  76  87  A0  02  FD  8F  C6  05  03  54  5D  4E  0A  6D  24  24  00  02  00  00  00  00  00  
00  00  00  00  00  00  00  00  00  00  00  00  00  00  00  00  00  00  00  00  00  00  00  00  00  
00  00  00  00  00  6D  31  20  00  03  00  00  00  19  68  00  00  F0  D4  FF  FF  53  2D  01  00  
A6  B8  07  00  E5  74  06  00  06  D5  70  FF  55  61  07  00  6D  32  24  00  03  00  00  00  EE  
78  0C  00  DC  09  CD  7B  01  00  00  00  47  05  1B  8D  05  00  00  00  FD  FF  FF  FF  FF  FF  
FF  FF  FF  FF  FF  FF  6D  33  10  00  03  00  00  00  E3  07  02  19  12  29  2E  00  01  00  12  
00  6D  34  14  00  03  00  00  00  6F  67  03  00  1F  75  FF  FF  4D  5E  04  00  F4  D1  07  00  
6D  35  0C  00  03  00  00  00  25  8D  01  00  0F  12  07  00  41  53  F1  12  47  4E  00  00  12  
82  02  00  00  00  00  00  00  00  28  01  6D  15  14  00  02  01  00  00  03  04  03  00  00  00  
00  00  00  00  00  00  00  00  00  00  6D  16  10  00  03  00  00  00  00  E3  07  02  19  12  29  
2E  00  47  01  00  00  6D  21  1C  00  03  00  00  00  71  FD  FF  FF  96  00  00  00  B3  FF  FF  
FF  FC  FF  FF  FF  FD  FF  FF  FF  3C  00  00  00  6D  22  10  00  03  00  00  00  37  FE  FF  FF  
25  02  00  00  B8  00  06  00  00  6D  23  14  00  03  00  00  00  94  CD  AF  76  9F  9B  01  FD  
80  EC  05  03  D9  53  4E  0A  6D  24  24  00  02  00  00  00  00  00  00  00  00  00  00  00  00  
00  00  00  00  00  00  00  00  00  00  00  00  00  00  00  00  00  00  00  00  00  00  00  00  6D  
31  20  00  03  00  00  00  52  68  FF  FF  CE  C4  FF  FF  37  F5  00  00  A5  E0  07  00  DF  89  
06  00  C1  50  70  FF  BE  61  07  00  6D  32  24  00  03  00  00  00  EE  78  0C  00  DC  09  CD  
7B  01  00  00  00  47  00  05  1B  8D  05  00  00  00  FD  FF  FF  FF  FF  FF  FF  FF  FF  FF  FF  
FF  6D  33  10  00  03  00  00  00  E3  07  02  19  12  29  2E  00  01  00  12  00  6D  34  14  00  
03  00  00  00  6E  5B  03  00  69  3C  FF  FF  D4  46  04  00  40  EF  07  00  6D  35  0C  00  03  
00  00  FD  47  4E  00  00  13  82  02  00  00  00  00  00  00  00  28  01  6D  15  14  00  02  01  
00  00  03  04  03  00  00  00  00  00  00  00  00  00  00  00  00  00  6D  16  10  00  03  00  00  
00  E3  07  02  19  12  29  2E  00  51  01  00  00  6D  21  1C  00  03  00  00  00  1A  00  00  00  
A4  00  00  00  51  00  00  00  E9  FF  FF  FF  EF  FF  FF  FF  16  00  00  00  6D  22  10  00  03  
00  00  00  37  FE  FF  FF  25  02  00  00  B8  06  00  00  6D  23  14  00  03  00  00  00  53  C8  
AF  76  AE  A1  01  FD  25  30  06  03  4C  7E  4E  0A  6D  24  24  00  02  00  00  00  00  00  00  
00  00  00  00  00  00  00  00  00  00  00  00  00  00  00  00  00  00  00  00  00  00  00  00  00  
00  00  00  00  6D  31  20  00  03  00  00  00  98  72  00  00  91  CA  FF  FF  8F  32  01  00  3A  
97  07  00  F8  51  06  00  DD  B9  6F  FF  21  61  07  00  6D  32  24  00  03  00  00  00  EE  78  
0C  00  DC  09  CD  7B  01  00  00  00  47  05  1B  8D  05  00  00  00  FD  FF  FF  FF  FF  FF  FF  
FF  FF  FF  FF  6D  33  10  00  03  00  00  00  E3  07  02  19  12  29  2E  00  01  00  12  00  6D  
34  14  00  03  00  00  00  4D  48  03  00  F8  3F  FF  FF  24  37  04  00  8C  0C  08  00  6D  35  
0C  00  03  00  00  00  2D  8D  01  00  8C  12  07  00  41  53  AE  DA  47  4E  00  00  14  82  02  
00  00  00  00  00  00  00  28  01  6D  15  14  00  02  01  00  00  03  04  03  00  00  00  00  00  
00  00  00  00  00  00  00  00  6D  16  10  00  03  00  00  00  00  E3  07  02  19  12  29  2E  00  
5B  01  00  00  6D  21  1C  00  03  00  00  00  61  FF  FF  FF  11  00  00  00  6F  FF  FF  FF  05  
00  00  00  FB  FF  FF  FF  3E  00  00  00  6D  22  10  00  03  00  00  00  37  FE  FF  FF  25  02  
00  00  B8  06  00  00  00  6D  23  14  00  03  00  00  00  83  CA  AF  76  5D  62  01  FD  C9  31  
06  03  38  52  4E  0A  6D  24  24  00  02  00  00  00  00  00  00  00  00  00  00  00  00  00  00  
00  00  00  00  00  00  00  00  00  00  00  00  00  00  00  00  00  00  00  00  00  00  6D  31  20  
00  03  00  00  00  15  2A  00  00  3E  91  FF  FF  62  DA  00  00  2A  06  08  00  DA  80  06  00  
59  55  70  FF  55  61  07  00  6D  32  24  00  03  00  00  00  EE  78  0C  00  DC  09  CD  7B  01  
00  00  00  47  05  00  1B  8D  05  00  00  00  FD  FF  FF  FF  FF  FF  FF  FF  FF  FF  FF  FF  6D  
33  10  00  03  00  00  00  E3  07  02  19  12  29  2E  00  01  00  12  00  6D  34  14  00  03  00  
00  00  FA  34  03  00  D8  3F  FF  FF  13  37  04  00  C8  02  08  00  6D  35  0C  00  03  00  00  
00  39  47  4E  00  00  15  82  02  00  00  00  00  00  00  00  28  01  6D  15  14  00  02  01  00  
00  03  04  03  00  00  00  00  00  00  00  00  00  00  00  00  00  6D  16  10  00  03  00  00  00  
E3  07  02  19  12  29  2E  00  65  01  00  00  6D  21  1C  00  03  00  00  00  A4  FF  FF  FF  D2  
FE  FF  FF  CD  FF  FF  FF  FF  FF  FF  FF  03  00  00  00  38  00  00  00  6D  22  10  00  03  00  
00  00  37  FE  FF  FF  25  02  00  00  B8  06  00  00  6D  23  14  00  03  00  00  00  2E  CD  AF  
76  6E  48  01  FD  E3  BA  05  03  D3  4E  4E  0A  6D  24  24  00  02  00  00  00  00  00  00  00  
00  00  00  00  00  00  00  00  00  00  00  00  00  00  00  00  00  00  00  00  00  00  00  00  00  
00  00  00  6D  31  20  00  03  00  00  00  45  44  00  00  CF  14  FF  FF  30  FF  00  00  9C  EC  
07  00  7C  A1  06  00  63  40  70  FF  21  61  07  00  6D  32  24  00  03  00  00  00  EE  78  0C  
00  DC  09  CD  7B  01  00  00  00  47  05  1B  8D  05  00  00  00  FD  FF  FF  FF  FF  FF  FF  FF  
FF  FF  FF  FF  6D  33  10  00  03  00  00  00  E3  07  02  19  12  29  2E  00  01  00  12  00  6D  
34  14  00  03  00  00  00  65  28  03  00  14  FC  FE  FF  78  4E  04  00  E4  AA  07  00  6D  35  
0C  00  03  00  00  00  2B  8D  01  00  28  12  07  00  41  53  20  66  47  4E  00  00  16  82  02  
00  02  01  01  01  00  00  28  01  6D  15  14  00  02  01  00  00  03  04  03  00  00  00  00  00  
00  00  00  00  00  00  00  00  6D  16  10  00  03  00  00  00  00  E3  07  02  19  12  29  2E  00  
6F  01  00  00  6D  21  1C  00  03  00  00  00  6A  01  00  00  12  00  00  00  00  00  00  00  F7  
FF  FF  FF  F0  FF  FF  FF  5A  00  00  00  6D  22  10  00  03  00  00  00  37  FE  FF  FF  25  02  
00  00  B8  00  06  00  00  6D  23  14  00  03  00  00  00  72  CF  AF  76  26  D5  01  FD  0E  D0  
05  03  6C  57  4E  0A  6D  24  24  00  02  00  00  00  00  00  00  00  00  00  00  00  00  00  00  
00  00  00  00  00  00  00  00  00  00  00  00  00  00  00  00  00  00  00  00  00  00  6D  31  20  
00  03  00  00  00  8D  F5  00  00  BC  91  FF  FF  C7  12  01  00  7F  CB  07  00  01  59  06  00  
D3  C4  70  FF  4E  61  07  00  6D  32  24  00  03  00  00  00  C2  77  0C  00  DC  09  CD  7B  01  
00  00  00  6A  00  05  1B  8D  05  00  00  00  03  00  00  00  02  00  00  00  FF  FF  FF  FF  6D  
33  10  00  03  00  00  00  E3  07  02  19  12  29  2E  00  01  00  12  00  6D  34  14  00  03  00  
00  00  F2  33  03  00  6D  E5  FE  FF  15  37  04  00  22  F4  07  00  6D  35  0C  00  03  00  00  
22  47  4E  00  00  17  82  02  00  00  00  00  00  00  00  28  01  6D  15  14  00  02  01  00  00  
03  04  03  00  00  00  00  00  00  00  00  00  00  00  00  00  6D  16  10  00  03  00  00  00  E3  
07  02  19  12  29  2E  00  79  01  00  00  6D  21  1C  00  03  00  00  00  DD  FD  FF  FF  D7  00  
00  00  49  FF  FF  FF  EA  FF  FF  FF  02  00  00  00  28  00  00  00  6D  22  10  00  03  00  00  
00  37  FE  FF  FF  25  02  00  00  B8  06  00  00  6D  23  14  00  03  00  00  00  32  CD  AF  76  
23  F8  00  FD  FB  10  06  03  0E  1E  4E  0A  6D  24  24  00  02  00  00  00  00  00  00  00  00  
00  00  00  00  00  00  00  00  00  00  00  00  00  00  00  00  00  00  00  00  00  00  00  00  00  
00  00  6D  31  20  00  03  00  00  00  6E  92  FF  FF  B9  DE  FF  FF  32  CB  00  00  1F  9B  07  
00  0F  A1  06  00  C3  01  70  FF  7B  61  07  00  6D  32  24  00  03  00  00  00  C2  77  0C  00  
DC  09  CD  7B  01  00  00  00  6A  05  1B  8D  05  00  00  00  03  00  00  00  02  00  00  00  FF  
FF  FF  FF  6D  33  10  00  03  00  00  00  E3  07  02  19  12  29  2E  00  01  00  12  00  6D  34  
14  00  03  00  00  00  AF  47  03  00  A6  03  FF  FF  56  2F  04  00  30  C8  07  00  6D  35  0C  
00  03  00  00  00  22  8D  01  00  41  12  07  00  41  53  FD  49  47  4E  00  00  18  82  02  00  
00  00  00  00  00  00  28  01  6D  15  14  00  02  01  00  00  03  04  03  00  00  00  00  00  00  
00  00  00  00  00  00  00  6D  16  10  00  03  00  00  00  00  E3  07  02  19  12  29  2E  00  83  
01  00  00  6D  21  1C  00  03  00  00  00  BC  00  00  00  1F  00  00  00  29  00  00  00  FB  FF  
FF  FF  EB  FF  FF  FF  34  00  00  00  6D  22  10  00  03  00  00  00  37  FE  FF  FF  25  02  00  
00  B8  00  06  00  00  6D  23  14  00  03  00  00  00  C7  CC  AF  76  6C  41  01  FD  A6  24  06  
03  68  32  4E  0A  6D  24  24  00  02  00  00  00  00  00  00  00  00  00  00  00  00  00  00  00  
00  00  00  00  00  00  00  00  00  00  00  00  00  00  00  00  00  00  00  00  00  6D  31  20  00  
03  00  00  00  4A  B1  00  00  F2  96  FF  FF  B2  22  01  00  3D  DC  07  00  18  46  06  00  65  
30  70  FF  11  62  07  00  6D  32  24  00  03  00  00  00  C2  77  0C  00  DC  09  CD  7B  01  00  
00  00  6A  00  05  1B  8D  05  00  00  00  03  00  00  00  02  00  00  00  FF  FF  FF  FF  6D  33  
10  00  03  00  00  00  E3  07  02  19  12  29  2E  00  01  00  12  00  6D  34  14  00  03  00  00  
00  C0  53  03  00  2A  2D  FF  FF  5F  2F  04  00  5C  97  07  00  6D  35  0C  00  03  00  00  07  
47  4E  00  00  19  82  02  00  64  00  00  00  00  00  28  01  6D  15  14  00  02  01  00  00  03  
04  03  00  00  00  00  00  00  00  00  00  00  00  00  00  6D  16  10  00  03  00  00  00  E3  07  
02  19  12  29  2E  00  8D  01  00  00  6D  21  1C  00  03  00  00  00  56  FE  FF  FF  44  00  00  
00  57  FF  FF  FF  F8  FF  FF  FF  F0  FF  FF  FF  42  00  00  00  6D  22  10  00  03  00  00  00  
36  FE  FF  FF  25  02  00  00  B8  06  00  00  6D  23  14  00  03  00  00  00  40  CD  AF  76  22  
99  00  FD  B9  2F  06  03  C5  F8  4D  0A  6D  24  24  00  02  00  00  00  00  00  00  00  00  00  
00  00  00  00  00  00  00  00  00  00  00  00  00  00  00  00  00  00  00  00  00  00  00  00  00  
00  6D  31  20  00  03  00  00  00  B2  C1  FF  FF  B3  A5  FF  FF  65  D0  00  00  1F  D3  07  00  
8C  5B  06  00  99  65  70  FF  ED  60  07  00  6D  32  24  00  03  00  00  00  C2  77  0C  00  DC  
09  CD  7B  01  00  00  00  6A  05  1B  8D  05  00  00  00  03  00  00  00  02  00  00  00  FF  FF  
FF  FF  6D  33  10  00  03  00  00  00  E3  07  02  19  12  29  2E  00  01  00  12  00  6D  34  14  
00  03  00  00  00  49  48  03  00  64  38  FF  FF  55  2F  04  00  F4  D1  07  00  6D  35  0C  00  
03  00  00  00  2B  8D  01  00  28  12  07  00  41  53  F4  39  47  4E  00  00  1A  82  02  00  00  
00  00  00  00  00  28  01  6D  15  14  00  02  01  00  00  03  04  03  00  00  00  00  00  00  00  
00  00  00  00  00  00  6D  16  10  00  03  00  00  00  00  E3  07  02  19  12  29  2E  00  97  01  
00  00  6D  21  1C  00  03  00  00  00  D7  00  00  00  88  00  00  00  BE  FF  FF  FF  FF  FF  FF  
FF  0E  00  00  00  23  00  00  00  6D  22  10  00  03  00  00  00  37  FE  FF  FF  25  02  00  00  
B7  00  06  00  00  6D  23  14  00  03  00  00  00  C7  CF  AF  76  39  E8  00  FD  08  6C  06  03  
F3  E0  4D  0A  6D  24  24  00  02  00  00  00  00  00  00  00  00  00  00  00  00  00  00  00  00  
00  00  00  00  00  00  00  00  00  00  00  00  00  00  00  00  00  00  00  00  6D  31  20  00  03  
00  00  00  BE  BB  00  00  75  C0  FF  FF  B1  F8  00  00  75  EE  07  00  74  CF  06  00  45  EF  
6F  FF  A6  62  07  00  6D  32  24  00  03  00  00  00  C2  77  0C  00  DC  09  CD  7B  01  00  00  
00  6A  00  05  1B  8D  05  00  00  00  03  00  00  00  02  00  00  00  FF  FF  FF  FF  6D  33  10  
00  03  00  00  00  E3  07  02  19  12  29  2E  00  01  00  12  00  6D  34  14  00  03  00  00  00  
0D  48  03  00  27  2D  FF  FF  0B  3B  04  00  02  A6  07  00  6D  35  0C  00  03  00  00  12  47  
4E  00  00  1B  82  02  00  02  01  00  00  00  00  28  01  6D  15  14  00  02  01  00  00  03  04  
03  00  00  00  00  00  00  00  00  00  00  00  00  00  6D  16  10  00  03  00  00  00  E3  07  02  
19  12  29  2E  00  A1  01  00  00  6D  21  1C  00  03  00  00  00  7A  00  00  00  8B  FF  FF  FF  
6F  FF  FF  FF  FB  FF  FF  FF  04  00  00  00  56  00  00  00  6D  22  10  00  03  00  00  00  37  
FE  FF  FF  25  02  00  00  B7  06  00  00  6D  23  14  00  03  00  00  00  AD  D6  AF  76  56  1A  
01  FD  E3  41  06  03  78  AC  4D  0A  6D  24  24  00  02  00  00  00  00  00  00  00  00  00  00  
00  00  00  00  00  00  00  00  00  00  00  00  00  00  00  00  00  00  00  00  00  00  00  00  00  
6D  31  20  00  03  00  00  00  8C  97  00  00  BE  5D  FF  FF  E0  D9  00  00  4E  DD  07  00  63  
A5  06  00  A5  B4  70  FF  AE  62  07  00  6D  32  24  00  03  00  00  00  C2  77  0C  00  DC  09  
CD  7B  01  00  00  00  6A  05  1B  8D  05  00  00  00  03  00  00  00  02  00  00  00  FF  FF  FF  
FF  6D  33  10  00  03  00  00  00  E3  07  02  19  12  29  2E  00  01  00  12  00  6D  34  14  00  
03  00  00  00  49  48  03  00  64  38  FF  FF  56  2F  04  00  20  A1  07  00  6D  35  0C  00  03  
00  00  00  29  8D  01  00  28  12  07  00  41  53  E6  AF  47  4E  00  00  1C  82  02  00  03  04  
03  00  00  00  28  01  6D  15  14  00  02  01  00  00  03  04  03  00  00  00  00  00  00  00  00  
00  00  00  00  00  6D  16  10  00  03  00  00  00  00  E3  07  02  19  12  29  2E  00  AB  01  00  
00  6D  21  1C  00  03  00  00  00  3E  03  00  00  9A  FF  FF  FF  A0  00  00  00  F6  FF  FF  FF  
FB  FF  FF  FF  46  00  00  00  6D  22  10  00  03  00  00  00  37  FE  FF  FF  25  02  00  00  B7  
00  06  00  00  6D  23  14  00  03  00  00  00  7C  DA  AF  76  7F  62  02  FD  A0  37  06  03  EE  
E2  4D  0A  6D  24  24  00  02  00  00  00  00  00  00  00  00  00  00  00  00  00  00  00  00  00  
00  00  00  00  00  00  00  00  00  00  00  00  00  00  00  00  00  00  00  6D  31  20  00  03  00  
00  00  03  AC  01  00  9A  63  FF  FF  A3  50  01  00  87  CB  07  00  CA  82  06  00  E5  75  70  
FF  BE  61  07  00  6D  32  24  00  03  00  00  00  C2  77  0C  00  DC  09  CD  7B  01  00  00  00  
6A  00  05  1B  8D  05  00  00  00  03  00  00  00  02  00  00  00  FF  FF  FF  FF  6D  33  10  00  
03  00  00  00  E3  07  02  19  12  29  2E  00  01  00  12  00  6D  34  14  00  03  00  00  00  82  
44  03  00  E6  3F  FF  FF  54  2F  04  00  47  D9  07  00  6D  35  0C  00  03  00  00  CC  47  4E  
00  00  1D  82  02  00  00  00  00  00  00  00  28  01  6D  15  14  00  02  01  00  00  03  04  03  
00  00  00  00  00  00  00  00  00  00  00  00  00  6D  16  10  00  03  00  00  00  E3  07  02  19  
12  29  2E  00  B5  01  00  00  6D  21  1C  00  03  00  00  00  43  01  00  00  C3  FE  FF  FF  2B  
00  00  00  F2  FF  FF  FF  FA  FF  FF  FF  5C  00  00  00  6D  22  10  00  03  00  00  00  38  FE  
FF  FF  25  02  00  00  B8  06  00  00  6D  23  14  00  03  00  00  00  1D  DF  AF  76  F9  EB  02  
FD  41  C8  05  03  2F  F6  4D  0A  6D  24  24  00  02  00  00  00  00  00  00  00  00  00  00  00  
00  00  00  00  00  00  00  00  00  00  00  00  00  00  00  00  00  00  00  00  00  00  00  00  6D  
31  20  00  03  00  00  00  1B  E6  00  00  FF  0F  FF  FF  F6  22  01  00  D1  B8  07  00  04  7C  
06  00  AD  CB  70  FF  03  61  07  00  6D  32  24  00  03  00  00  00  C2  77  0C  00  DC  09  CD  
7B  01  00  00  00  6A  05  1B  8D  05  00  00  00  03  00  00  00  02  00  00  00  FF  FF  FF  FF  
6D  33  10  00  03  00  00  00  E3  07  02  19  12  29  2E  00  01  00  12  00  6D  34  14  00  03  
00  00  00  3E  38  03  00  7A  29  FF  FF  26  5E  04  00  70  64  08  00  6D  35  0C  00  03  00  
00  00  2B  8D  01  00  0F  12  07  00  41  53  83  43  47  4E  00  00  1E  82  02  00  00  00  00  
00  00  00  28  01  6D  15  14  00  02  01  00  00  03  04  03  00  00  00  00  00  00  00  00  00  
00  00  00  00  6D  16  10  00  03  00  00  00  00  E3  07  02  19  12  29  2E  00  BF  01  00  00  
6D  21  1C  00  03  00  00  00  02  FF  FF  FF  29  00  00  00  62  00  00  00  FC  FF  FF  FF  0B  
00  00  00  24  00  00  00  6D  22  10  00  03  00  00  00  38  FE  FF  FF  25  02  00  00  B8  00  
06  00  00  6D  23  14  00  03  00  00  00  D5  D8  AF  76  A7  88  02  FD  D6  D0  05  03  35  1F  
4E  0A  6D  24  24  00  02  00  00  00  00  00  00  00  00  00  00  00  00  00  00  00  00  00  00  
00  00  00  00  00  00  00  00  00  00  00  00  00  00  00  00  00  00  6D  31  20  00  03  00  00  
00  A3  04  00  00  BE  9B  FF  FF  71  38  01  00  D5  E0  07  00  0E  BD  06  00  88  F1  6F  FF  
02  62  07  00  6D  32  24  00  03  00  00  00  C2  77  0C  00  DC  09  CD  7B  01  00  00  00  6A  
00  05  1B  8D  05  00  00  00  03  00  00  00  02  00  00  00  FF  FF  FF  FF  6D  33  10  00  03  
00  00  00  E3  07  02  19  12  29  2E  00  01  00  12  00  6D  34  14  00  03  00  00  00  33  5B  
03  00  35  1E  FF  FF  1E  3B  04  00  32  1B  08  00  6D  35  0C  00  03  00  00  9A  47  4E  00  
00  1F  82  02  00  00  00  00  00  00  00  28  01  6D  15  14  00  02  01  00  00  03  04  03  00  
00  00  00  00  00  00  00  00  00  00  00  00  6D  16  10  00  03  00  00  00  E3  07  02  19  12  
29  2E  00  C9  01  00  00  6D  21  1C  00  03  00  00  00  51  00  00  00  A6  FF  FF  FF  7C  00  
00  00  FC  FF  FF  FF  F3  FF  FF  FF  4D  00  00  00  6D  22  10  00  03  00  00  00  38  FE  FF  
FF  24  02  00  00  B8  06  00  00  6D  23  14  00  03  00  00  00  F2  D5  AF  76  3D  AC  02  FD  
4A  B2  05  03  B7  53  4E  0A  6D  24  24  00  02  00  00  00  00  00  00  00  00  00  00  00  00  
00  00  00  00  00  00  00  00  00  00  00  00  00  00  00  00  00  00  00  00  00  00  00  6D  31  
20  00  03  00  00  00  54  87  00  00  33  68  FF  FF  64  42  01  00  53  E0  07  00  12  62  06  
00  D8  91  70  FF  18  62  07  00  6D  32  24  00  03  00  00  00  C2  77  0C  00  DC  09  CD  7B  
01  00  00  00  6A  05  1B  8D  05  00  00  00  03  00  00  00  02  00  00  00  FF  FF  FF  FF  6D  
33  10  00  03  00  00  00  E3  07  02  19  12  29  2E  00  01  00  12  00  6D  34  14  00  03  00  
00  00  7C  57  03  00  E3  21  FF  FF  63  2F  04  00  C8  02  08  00  6D  35  0C  00  03  00  00  
00  00  26  8D  01  00  28  12  07  00  41  53  65  41  47  4E  00  00  20  82  02  00  14  00  00  
00  00  00  28  01  6D  15  14  00  02  01  00  00  03  04  03  00  00  00  00  00  00  00  00  00  
00  00  00  00  6D  16  10  00  03  00  00  00  00  E3  07  02  19  12  29  2E  00  D3  01  00  00  
6D  21  1C  00  03  00  00  00  2F  FE  FF  FF  F3  FF  FF  FF  73  FF  FF  FF  F3  FF  FF  FF  10  
00  00  00  32  00  00  00  6D  22  10  00  03  00  00  00  37  FE  FF  FF  24  02  00  00  B8  00  
06  00  00  6D  23  14  00  03  00  00  00  54  D6  AF  76  D6  F5  01  FD  25  9C  05  03  D7  20  
4E  0A  6D  24  24  00  02  00  00  00  00  00  00  00  00  00  00  00  00  00  00  00  00  00  00  
00  00  00  00  00  00  00  00  00  00  00  00  00  00  00  00  00  00  6D  31  20  00  03  00  00  
00  FF  B1  FF  FF  86  86  FF  FF  06  DB  00  00  AA  BB  07  00  62  D2  06  00  BC  26  70  FF  
ED  60  07  00  6D  32  24  00  03  00  00  00  0E  77  0C  00  DC  09  CD  7B  01  00  00  00  C1  
00  05  1B  8D  05  00  00  00  00  71  47  4E  00  00  35  82  02  00  00  00  00  00  00  00  28  
01  6D  15  14  00  02  01  00  00  03  04  03  00  00  00  00  00  00  00  00  00  00  00  00  00  
6D  16  10  00  03  00  00  00  E3  07  02  19  12  29  2E  00  A5  02  00  00  6D  21  1C  00  03  
00  00  00  97  FE  FF  FF  02  00  00  00  90  FF  FF  FF  09  00  00  00  ED  FF  FF  FF  4A  00  
00  00  6D  22  10  00  03  00  00  00  37  FE  FF  FF  25  02  00  00  B7  06  00  00  6D  23  14  
00  03  00  00  00  1E  F1  AF  76  D8  6A  01  FD  F9  8E  06  03  92  7C  4C  0A  6D  24  24  00  
02  00  00  00  00  00  00  00  00  00  00  00  00  00  00  00  00  00  00  00  00  00  00  00  00  
00  00  00  00  00  00  00  00  00  00  00  6D  31  20  00  03  00  00  00  C7  DB  FF  FF  CF  8B  
FF  FF  48  E5  00  00  B6  16  08  00  8C  4B  06  00  1B  86  70  FF  C0  60  07  00  6D  32  24  
00  03  00  00  00  7E  75  0C  00  DC  09  CD  7B  01  00  00  00  E4  05  1B  8D  05  00  00  00  
01  00  00  00  04  00  00  00  28  12  07  00  41  53  E9  34  47  4E  00  00  36  82  02  00  00  
00  00  00  00  00  28  01  6D  15  14  00  02  01  00  00  03  04  03  00  00  00  00  00  00  00  
00  00  00  00  00  00  6D  16  10  00  03  00  00  00  E3  07  02  19  12  29  2E  00  AF  02  00  
00  6D  21  1C  00  03  00  00  00  AC  00  00  00  99  FF  FF  FF  8C  00  00  00  0B  00  00  00  
FA  FF  FF  FF  45  00  00  00  6D  22  10  00  03  00  00  00  37  FE  FF  FF  25  02  00  00  B7  
06  00  00  6D  23  14  00  03  00  00  00  F0  EE  AF  76  5D  B3  01  FD  6D  6E  06  03  55  B4  
4C  0A  6D  24  24  00  02  00  00  00  00  00  00  00  00  00  00  00  00  00  00  00  00  00  00  
00  00  00  00  00  00  00  00  00  00  00  00  00  00  00  00  00  6D  31  20  00  03  00  00  00  
18  AC  00  00  FF  62  FF  FF  83  47  01  00  FB  1A  08  00  E0  80  06  00  37  71  70  FF  6C  
61  07  00  6D  32  24  00  03  00  00  00  7E  75  0C  00  DC  09  CD  7B  01  00  00  00  E4  05  
1B  8D  05  00  00  00  01  00  00  00  04  00  00  00  FE  FF  FF  FF  6D  33  10  00  03  00  00  
00  E3  07  02  19  12  29  2E  00  01  00  12  00  6D  34  14  00  03  00  00  00  CD  57  03  00  
A9  34  FF  FF  AE  23  04  00  40  00  EF  07  00  6D  35  0C  00  03  00  00  00  23  8D  01  00  
28  12  07  00  41  53  8A  C2  47  4E  00  00  37  82  02  00  00  00  00  00  00  00  28  01  6D  
15  14  00  02  01  00  00  03  04  03  00  00  00  00  00  00  00  00  00  00  00  00  00  6D  16  
10  00  03  00  00  00  E3  07  02  19  12  29  2E  00  B9  02  00  00  6D  21  1C  00  03  00  00  
00  1A  00  00  00  45  00  00  00  EB  FF  FF  FF  05  00  00  00  0B  00  00  00  5F  00  00  00  
6D  22  10  00  03  00  00  00  37  FE  FF  FF  25  02  00  00  B7  06  00  00  6D  23  14  00  03  
00  00  00  29  EF  AF  76  E4  BB  01  FD  F4  89  06  03  2E  AC  4C  0A  6D  24  24  00  02  00  
00  00  00  00  00  00  00  00  00  00  00  00  00  00  00  00  00  00  00  00  00  00  00  00  00  
00  00  00  00  00  00  00  00  00  6D  31  20  00  03  00  00  00  C3  72  00  00  49  A6  FF  FF  
DB  08  01  00  18  05  08  00  E2  C1  06  00  4D  D7  70  FF  CD  61  07  00  6D  32  24  00  03  
00  00  00  7E  75  0C  00  DC  09  CD  7B  01  00  00  00  E4  00  6D  34  14  00  03  00  00  00  
C4  40  03  00  92  56  FF  FF  EE  3E  04  00  F4  D1  07  00  6D  35  0C  00  03  00  00  00  27  
8D  01  00  28  12  07  00  41  53  E8  60  47  4E  00  00  38  82  02  00  00  00  00  00  00  00  
28  01  6D  15  14  00  02  01  00  00  03  04  03  00  00  00  00  00  00  00  00  00  00  00  00  
00  6D  16  10  00  03  00  00  00  E3  07  02  19  12  29  2E  00  C3  02  00  00  6D  21  1C  00  
03  00  00  00  0B  01  00  00  56  FF  FF  FF  21  00  00  00  F3  FF  FF  FF  F6  FF  FF  FF  57  
00  00  00  6D  22  10  00  03  00  00  00  37  FE  FF  FF  25  02  00  00  B7  06  00  00  6D  23  
14  00  03  00  00  00  14  F2  AF  76  2A  2A  02  FD  A6  51  06  03  18  BB  4C  0A  6D  24  24  
00  02  00  00  00  00  00  00  00  00  00  00  00  00  00  00  00  00  00  00  00  00  00  00  00  
00  00  00  00  00  00  00  00  00  00  00  00  6D  31  20  00  03  00  00  00  0E  D1  00  00  0E  
49  FF  FF  A8  1D  01  00  D9  BF  07  00  FB  6D  06  00  2E  B9  70  FF  37  61  07  00  6D  32  
24  00  03  00  00  00  7E  75  0C  00  DC  09  CD  7B  01  00  00  00  E4  05  1B  8D  05  00  00  
00  01  00  00  00  04  00  00  00  FE  FF  FF  FF  6D  33  10  00  03  00  00  00  00  E3  07  02  
19  12  29  2E  00  01  00  12  00  6D  34  14  00  03  00  00  00  A6  29  03  00  BD  74  FF  FF  
16  5E  04  00  A8  B4  07  00  6D  35  0C  00  03  00  00  00  29  8D  01  00  41  12  07  00  41  
53  F9  B6  47  4E  00  00  39  82  02  00  00  00  00  00  00  00  28  01  6D  15  14  00  02  01  
00  00  03  04  03  00  00  00  00  00  00  00  00  00  00  00  00  00  6D  16  10  00  03  00  00  
00  E3  07  02  19  12  29  2E  00  CD  02  00  00  6D  21  1C  00  03  00  00  00  43  00  00  00  
44  00  00  00  9C  FF  FF  FF  F2  FF  FF  FF  F0  FF  FF  FF  4D  00  00  00  6D  22  10  00  03  
00  00  00  37  FE  FF  FF  25  02  00  00  B7  06  00  00  6D  23  14  00  03  00  00  00  7B  F5  
AF  76  62  41  02  FD  54  6D  06  03  84  92  4C  0A  6D  24  24  00  02  00  00  00  00  00  00  
00  00  00  00  00  00  00  00  00  00  00  00  00  00  00  00  00  00  00  00  00  00  00  00  00  
00  00  00  00  6D  31  20  00  03  00  00  00  C2  82  00  00  2F  A6  FF  FF  7B  E9  00  00  66  
00  00  00  01  00  00  00  04  00  00  00  FE  FF  FF  FF  6D  33  10  00  03  00  00  00  E3  07  
02  19  12  29  2E  00  01  00  12  00  6D  34  14  00  03  00  00  00  A4  56  03  00  77  FC  FE  
FF  43  5E  04  00  8C  0C  08  00  6D  35  0C  00  03  00  00  00  2A  8D  01  00  5A  12  07  00  
41  53  EA  1B  47  4E  00  00  3A  82  02  00  00  00  00  00  00  00  28  01  6D  15  14  00  02  
01  00  00  03  04  03  00  00  00  00  00  00  00  00  00  00  00  00  00  00  6D  16  10  00  03  
00  00  00  E3  07  02  19  12  29  2E  00  D7  02  00  00  6D  21  1C  00  03  00  00  00  BA  00  
00  00  AF  00  00  00  06  00  00  00  EC  FF  FF  FF  0F  00  00  00  4C  00  00  00  6D  22  10  
00  03  00  00  00  00  38  FE  FF  FF  25  02  00  00  B7  06  00  00  6D  23  14  00  03  00  00  
00  4E  F5  AF  76  16  84  02  FD  B7  B7  06  03  0C  92  4C  0A  6D  24  24  00  02  00  00  00  
00  00  00  00  00  00  00  00  00  00  00  00  00  00  00  00  00  00  00  00  00  00  00  00  00  
00  00  00  00  00  00  00  00  6D  31  20  00  03  00  00  00  5B  B1  00  00  E6  CF  FF  FF  DA  
12  01  00  D8  A5  07  00  98  CF  06  00  4C  8F  70  FF  AF  61  07  00  6D  32  24  00  03  00  
00  00  7E  75  0C  00  00  DC  09  CD  7B  01  00  00  00  E4  05  1B  8D  05  00  00  00  01  00  
00  00  04  00  00  00  FE  FF  FF  FF  6D  33  10  00  03  00  00  00  E3  07  02  19  12  29  2E  
00  01  00  12  00  6D  34  14  00  03  00  00  00  34  40  03  00  C4  34  FF  FF  74  52  04  00  
02  7A  47  4E  00  00  3B  82  02  00  00  00  00  00  00  00  28  01  6D  15  14  00  02  01  00  
00  03  04  03  00  00  00  00  00  00  00  00  00  00  00  00  00  6D  16  10  00  03  00  00  00  
E3  07  02  19  12  29  2E  00  E1  02  00  00  6D  21  1C  00  03  00  00  00  E6  FF  FF  FF  61  
FF  FF  FF  5B  FF  FF  FF  F6  FF  FF  FF  F8  FF  FF  FF  2C  00  00  00  6D  22  10  00  03  00  
00  00  38  FE  FF  FF  25  02  00  00  B6  06  00  00  6D  23  14  00  03  00  00  00  5A  FC  AF  
76  50  7D  02  FD  4E  77  06  03  CA  51  4C  0A  6D  24  24  00  02  00  00  00  00  00  00  00  
00  00  00  00  00  00  00  00  00  00  00  00  00  00  00  00  00  00  00  00  00  00  00  00  00  
00  00  00  6D  31  20  00  03  00  00  00  67  5E  00  00  EF  4D  FF  FF  D7  CF  00  00  0E  CC  
07  00  D1  74  06  00  C9  0F  70  FF  C6  61  07  00  6D  32  24  00  03  00  00  00  7E  75  0C  
00  DC  09  CD  7B  01  00  00  00  E4  05  1B  8D  05  00  00  00  01  00  00  00  04  00  00  00  
FE  FF  FF  FF  6D  33  10  00  03  00  00  00  E3  07  02  19  12  29  2E  00  01  00  12  00  6D  
34  14  00  03  00  00  00  C3  40  03  00  91  56  FF  FF  EC  3E  04  00  3E  9C  07  00  6D  35  
0C  00  03  00  00  00  28  8D  01  00  73  12  07  00  41  53  1A  03  47  4E  00  00  3C  82  02  
00  00  00  00  00  00  00  28  01  6D  15  14  00  02  01  00  00  03  04  03  00  00  00  00  00  
00  00  00  00  00  00  00  00  6D  16  10  00  03  00  00  00  00  E3  07  02  19  12  29  2E  00  
EB  02  00  00  6D  21  1C  00  03  00  00  00  FF  FF  FF  FF  6B  00  00  00  D2  FF  FF  FF  03  
00  00  00  03  00  00  00  47  00  00  00  6D  22  10  00  03  00  00  00  38  FE  FF  FF  25  02  
00  00  B6  00  06  00  00  6D  23  14  00  03  00  00  00  3D  FD  AF  76  89  78  02  FD  BD  9F  
06  03  4F  3A  4C  0A  6D  24  24  00  02  00  00  00  00  00  00  00  00  00  00  00  00  00  00  
00  00  00  00  00  00  00  00  00  00  00  00  00  00  00  00  00  00  00  00  00  00  6D  31  20  
00  03  00  00  00  72  68  00  00  C0  B5  FF  FF  78  FE  00  00  D0  FE  07  00  67  A1  06  00  
72  7A  70  FF  73  61  07  00  6D  32  24  00  03  00  00  00  7E  75  0C  00  DC  09  CD  7B  01  
00  00  00  E4  00  05  1B  8D  05  00  00  00  01  00  00  00  04  00  00  00  FE  FF  FF  FF  6D  
33  10  00  03  00  00  00  E3  07  02  19  12  29  2E  00  01  00  12  00  6D  34  14  00  03  00  
00  00  CC  48  03  00  99  65  FF  FF  54  2F  04  00  A8  B4  07  00  6D  35  0C  00  03  00  00  
F7  47  4E  00  00  3D  82  02  00  00  00  00  00  00  00  28  01  6D  15  14  00  02  01  00  00  
03  04  03  00  00  00  00  00  00  00  00  00  00  00  00  00  6D  16  10  00  03  00  00  00  E3  
07  02  19  12  29  2E  00  F5  02  00  00  6D  21  1C  00  03  00  00  00  56  FD  FF  FF  BC  FF  
FF  FF  6B  FF  FF  FF  DB  FF  FF  FF  F7  FF  FF  FF  45  00  00  00  6D  22  10  00  03  00  00  
00  37  FE  FF  FF  25  02  00  00  B6  06  00  00  6D  23  14  00  03  00  00  00  91  FC  AF  76  
1E  70  01  FD  5D  6C  06  03  52  04  4C  0A  6D  24  24  00  02  00  00  00  00  00  00  00  00  
00  00  00  00  00  00  00  00  00  00  00  00  00  00  00  00  00  00  00  00  00  00  00  00  00  
00  00  6D  31  20  00  03  00  00  00  7C  5E  FF  FF  99  71  FF  FF  51  D6  00  00  11  63  07  
00  83  72  06  00  23  71  70  FF  CF  60  07  00  6D  32  24  00  03  00  00  00  7E  75  0C  00  
DC  09  CD  7B  01  00  00  00  E4  05  1B  8D  05  00  00  00  01  00  00  00  04  00  00  00  FE  
FF  FF  FF  6D  33  10  00  03  00  00  00  E3  07  02  19  12  29  2E  00  01  00  12  00  6D  34  
14  00  03  00  00  00  CC  48  03  00  99  65  FF  FF  54  2F  04  00  98  8D  07  00  6D  35  0C  
00  03  00  00  00  24  8D  01  00  D7  12  07  00  41  53  28  4A  47  4E  00  00  3E  82  02  00  
00  00  00  00  00  00  28  01  6D  15  14  00  02  01  00  00  03  04  03  00  00  00  00  00  00  
00  00  00  00  00  00  00  6D  16  10  00  03  00  00  00  00  E3  07  02  19  12  29  2E  00  FF  
02  00  00  6D  21  1C  00  03  00  00  00  0B  01  00  00  29  00  00  00  F9  FF  FF  FF  0F  00  
00  00  13  00  00  00  4C  00  00  00  6D  22  10  00  03  00  00  00  37  FE  FF  FF  25  02  00  
00  B6  00  06  00  00  6D  23  14  00  03  00  00  00  92  FF  AF  76  1E  D6  01  FD  1A  84  06  
03  5C  F8  4B  0A  6D  24  24  00  02  00  00  00  00  00  00  00  00  00  00  00  00  00  00  00  
00  00  00  00  00  00  00  00  00  00  00  00  00  00  00  00  00  00  00  00  00  6D  31  20  00  
03  00  00  00  16  D1  00  00  FF  9B  FF  FF  B1  0D  01  00  6D  2D  08  00  C5  E0  06  00  DE  
8C  70  FF  DE  60  07  00  6D  32  24  00  03  00  00  00  34  74  0C  00  CA  09  CD  7B  01  00  
00  00  07  00  06  1B  8D  05  00  00  00  01  00  00  00  06  00  00  00  FE  FF  FF  FF  6D  33  
10  00  03  00  00  00  E3  07  02  19  12  29  2E  00  01  00  12  00  6D  34  14  00  03  00  00  
00  96  3C  03  00  61  38  FF  FF  01  3B  04  00  8A  B9  07  00  6D  35  0C  00  03  00  00  6A  
47  4E  00  00  3F  82  02  00  00  00  00  00  00  00  28  01  6D  15  14  00  02  01  00  00  03  
04  03  00  00  00  00  00  00  00  00  00  00  00  00  00  6D  16  10  00  03  00  00  00  E3  07  
02  19  12  29  2E  00  09  03  00  00  6D  21  1C  00  03  00  00  00  01  FF  FF  FF  27  00  00  
00  EE  FF  FF  FF  0C  00  00  00  FD  FF  FF  FF  44  00  00  00  6D  22  10  00  03  00  00  00  
37  FE  FF  FF  25  02  00  00  B6  06  00  00  6D  23  14  00  03  00  00  00  8F  FD  AF  76  CF  
6F  01  FD  3B  8A  06  03  06  F0  4B  0A  6D  24  24  00  02  00  00  00  00  00  00  00  00  00  
00  00  00  00  00  00  00  00  00  00  00  00  00  00  00  00  00  00  00  00  00  00  00  00  00  
00  6D  31  20  00  03  00  00  00  F8  04  00  00  AA  9B  FF  FF  77  09  01  00  B6  21  08  00  
51  8C  06  00  9F  6C  70  FF  F3  61  07  00  6D  32  24  00  03  00  00  00  34  74  0C  00  CA  
09  CD  7B  01  00  00  00  07  06  1B  8D  05  00  00  00  01  00  00  00  06  00  00  00  FE  FF  
FF  FF  6D  33  10  00  03  00  00  00  E3  07  02  19  12  29  2E  00  01  00  12  00  6D  34  14  
00  03  00  00  00  96  3C  03  00  61  38  FF  FF  01  3B  04  00  30  C8  07  00  6D  35  0C  00  
03  00  00  00  29  8D  01  00  5A  12  07  00  41  53  FD  F2  47  4E  00  00  40  82  02  00  AA  
AA  AA  AA  00  00  28  01  6D  15  14  00  02  01  00  00  03  04  03  00  00  00  00  00  00  00  
00  00  00  00  00  00  6D  16  10  00  03  00  00  00  00  E3  07  02  19  12  29  2E  00  13  03  
00  00  6D  21  1C  00  03  00  00  00  3F  02  00  00  55  FF  FF  FF  63  00  00  00  02  00  00  
00  00  00  00  00  2B  00  00  00  6D  22  10  00  03  00  00  00  37  FE  FF  FF  25  02  00  00  
B6  00  06  00  00  6D  23  14  00  03  00  00  00  B4  01  B0  76  AC  54  02  FD  B3  5B  06  03  
71  10  4C  0A  6D  24  24  00  02  00  00  00  00  00  00  00  00  00  00  00  00  00  00  00  00  
00  00  00  00  00  00  00  00  00  00  00  00  00  00  00  00  00  00  00  00  6D  31  20  00  03  
00  00  00  17  49  01  00  5C  49  FF  FF  1B  37  01  00  7E  F8  07  00  80  93  06  00  5A  0D  
70  FF  46  61  07  00  6D  32  24  00  03  00  00  00  34  74  0C  00  CA  09  CD  7B  01  00  00  
00  07  00  06  1B  8D  05  00  00  00  01  00  00  00  06  00  00  00  FE  FF  FF  FF  6D  33  10  
00  03  00  00  00  E3  07  02  19  12  29  2E  00  01  00  12  00  6D  34  14  00  03  00  00  00  
CC  48  03  00  99  65  FF  FF  54  2F  04  00  30  C8  07  00  6D  35  0C  00  03  00  00  0E  47  
4E  00  00  41  82  02  00  02  03  90  01  00  00  28  01  6D  15  14  00  02  01  00  00  03  04  
03  00  00  00  00  00  00  00  00  00  00  00  00  00  6D  16  10  00  03  00  00  00  E3  07  02  
19  12  29  2E  00  1D  03  00  00  6D  21  1C  00  03  00  00  00  94  00  00  00  BD  FF  FF  FF  
FA  FF  FF  FF  0D  00  00  00  FA  FF  FF  FF  20  00  00  00  6D  22  10  00  03  00  00  00  38  
FE  FF  FF  25  02  00  00  B6  06  00  00  6D  23  14  00  03  00  00  00  03  04  B0  76  FC  8E  
02  FD  BD  46  06  03  EE  0C  4C  0A  6D  24  24  00  02  00  00  00  00  00  00  00  00  00  00  
00  00  00  00  00  00  00  00  00  00  00  00  00  00  00  00  00  00  00  00  00  00  00  00  00  
6D  31  20  00  03  00  00  00  3E  A2  00  00  51  72  FF  FF  1F  0E  01  00  6B  25  08  00  06  
7F  06  00  31  E1  6F  FF  8B  60  07  00  6D  32  24  00  03  00  00  00  34  74  0C  00  CA  09  
CD  7B  01  00  00  00  07  06  1B  8D  05  00  00  00  01  00  00  00  06  00  00  00  FE  FF  FF  
FF  6D  33  10  00  03  00  00  00  E3  07  02  19  12  29  2E  00  01  00  12  00  6D  34  14  00  
03  00  00  00  54  67  03  00  81  38  FF  FF  D4  1F  04  00  30  C8  07  00  6D  35  0C  00  03  
00  00  00  2B  8D  01  00  A5  12  07  00  41  53  BC  66  47  4E  00  00  42  82  02  00  04  00  
01  00  00  00  28  01  6D  15  14  00  02  01  00  00  03  04  03  00  00  00  00  00  00  00  00  
00  00  00  00  00  6D  16  10  00  03  00  00  00  00  E3  07  02  19  12  29  2E  00  27  03  00  
00  6D  21  1C  00  03  00  00  00  A5  FD  FF  FF  F1  FF  FF  FF  19  00  00  00  FF  FF  FF  FF  
F7  FF  FF  FF  44  00  00  00  6D  22  10  00  03  00  00  00  37  FE  FF  FF  25  02  00  00  B6  
00  06  00  00  6D  23  14  00  03  00  00  00  68  FD  AF  76  02  A4  01  FD  FF  2C  06  03  52  
1C  4C  0A  6D  24  24  00  02  00  00  00  00  00  00  00  00  00  00  00  00  00  00  00  00  00  
00  00  00  00  00  00  00  00  00  00  00  00  00  00  00  00  00  00  00  6D  31  20  00  03  00  
00  00  2D  7D  FF  FF  9E  86  FF  FF  E7  19  01  00  B2  EE  07  00  B2  72  06  00  EB  6E  70  
FF  82  61  07  00  6D  32  24  00  03  00  00  00  34  74  0C  00  CA  09  CD  7B  01  00  00  00  
07  00  06  1B  8D  05  00  00  00  01  00  00  00  06  00  00  00  FE  FF  FF  FF  6D  33  10  00  
03  00  00  00  E3  07  02  19  12  29  2E  00  01  00  12  00  6D  34  14  00  03  00  00  00  82  
5B  03  00  31  2D  FF  FF  7F  2B  04  00  D6  D6  07  00  6D  35  0C  00  03  00  00  44  47  4E  
00  00  43  82  02  00  C0  C6  2D  00  00  00  28  01  6D  15  14  00  02  01  00  00  03  04  03  
00  00  00  00  00  00  00  00  00  00  00  00  00  6D  16  10  00  03  00  00  00  E3  07  02  19  
12  29  2E  00  31  03  00  00  6D  21  1C  00  03  00  00  00  BE  FF  FF  FF  E5  FF  FF  FF  76  
FF  FF  FF  01  00  00  00  02  00  00  00  47  00  00  00  6D  22  10  00  03  00  00  00  37  FE  
FF  FF  25  02  00  00  B6  06  00  00  6D  23  14  00  03  00  00  00  7B  01  B0  76  3C  88  01  
FD  50  1F  06  03  56  E9  4B  0A  6D  24  24  00  02  00  00  00  00  00  00  00  00  00  00  00  
00  00  00  00  00  00  00  00  00  00  00  00  00  00  00  00  00  00  00  00  00  00  00  00  6D  
31  20  00  03  00  00  00  A6  4E  00  00  C2  81  FF  FF  36  DA  00  00  86  F5  07  00  0A  9F  
06  00  24  78  70  FF  73  61  07  00  6D  32  24  00  03  00  00  00  34  74  0C  00  CA  09  CD  
7B  01  00  00  00  07  06  1B  8D  05  00  00  00  01  00  00  00  06  00  00  00  FE  FF  FF  FF  
6D  33  10  00  03  00  00  00  E3  07  02  19  12  29  2E  00  01  00  12  00  6D  34  14  00  03  
00  00  00  67  5B  03  00  41  2D  FF  FF  35  37  04  00  12  CD  07  00  6D  35  0C  00  03  00  
00  00  26  8D  01  00  8C  12  07  00  41  53  04  27  47  4E  00  00  44  82  02  00  00  10  0E  
00  00  00  28  01  6D  15  14  00  02  01  00  00  03  04  03  00  00  00  00  00  00  00  00  00  
00  00  00  00  6D  16  10  00  03  00  00  00  00  E3  07  02  19  12  29  2E  00  3B  03  00  00  
6D  21  1C  00  03  00  00  00  34  01  00  00  12  FF  FF  FF  15  00  00  00  16  00  00  00  FE  
FF  FF  FF  3F  00  00  00  6D  22  10  00  03  00  00  00  37  FE  FF  FF  25  02  00  00  B6  00  
06  00  00  6D  23  14  00  03  00  00  00  9E  05  B0  76  7F  06  02  FD  39  CE  05  03  23  F6  
4B  0A  6D  24  24  00  02  00  00  00  00  00  00  00  00  00  00  00  00  00  00  00  00  00  00  
00  00  00  00  00  00  00  00  00  00  00  00  00  00  00  00  00  00  6D  31  20  00  03  00  00  
00  90  E0  00  00  36  2F  FF  FF  55  18  01  00  09  47  08  00  60  8C  06  00  16  5A  70  FF  
18  62  07  00  6D  32  24  00  03  00  00  00  34  74  0C  00  CA  09  CD  7B  01  00  00  00  07  
00  06  1B  8D  05  00  00  00  01  00  00  00  06  00  00  00  FE  FF  FF  FF  6D  33  10  00  03  
00  00  00  E3  07  02  19  12  29  2E  00  01  00  12  00  6D  34  14  00  03  00  00  00  E7  66  
03  00  C2  38  FF  FF  AD  4E  04  00  20  A1  07  00  6D  35  0C  00  03  00  00  B8  47  4E  00  
00  45  82  02  00  01  00  00  01  00  00  28  01  6D  15  14  00  02  01  00  00  03  04  03  00  
00  00  00  00  00  00  00  00  00  00  00  00  6D  16  10  00  03  00  00  00  E3  07  02  19  12  
29  2E  00  45  03  00  00  6D  21  1C  00  03  00  00  00  27  00  00  00  1B  00  00  00  9C  00  
00  00  EA  FF  FF  FF  ED  FF  FF  FF  3E  00  00  00  6D  22  10  00  03  00  00  00  37  FE  FF  
FF  25  02  00  00  B6  06  00  00  6D  23  14  00  03  00  00  00  CC  FF  AF  76  BA  14  02  FD  
EB  DC  05  03  0C  39  4C  0A  6D  24  24  00  02  00  00  00  00  00  00  00  00  00  00  00  00  
00  00  00  00  00  00  00  00  00  00  00  00  00  00  00  00  00  00  00  00  00  00  00  6D  31  
20  00  03  00  00  00  9D  77  00  00  CF  96  FF  FF  D1  4C  01  00  99  98  07  00  AF  4A  06  
00  77  55  70  FF  AF  61  07  00  6D  32  24  00  03  00  00  00  34  74  0C  00  CA  09  CD  7B  
01  00  00  00  07  06  1B  8D  05  00  00  00  01  00  00  00  06  00  00  00  FE  FF  FF  FF  6D  
33  10  00  03  00  00  00  E3  07  02  19  12  29  2E  00  01  00  12  00  6D  34  14  00  03  00  
00  00  E7  66  03  00  C2  38  FF  FF  AD  4E  04  00  24  47  08  00  6D  35  0C  00  03  00  00  
00  29  8D  01  00  28  12  07  00  41  53  07  B4  47  4E  00  00  46  82  02  00  30  0F  1F  00  
00  00  28  01  6D  15  14  00  02  01  00  00  03  04  03  00  00  00  00  00  00  00  00  00  00  
00  00  00  6D  16  10  00  03  00  00  00  00  E3  07  02  19  12  29  2E  00  4F  03  00  00  6D  
21  1C  00  03  00  00  00  FE  00  00  00  7C  FF  FF  FF  3E  00  00  00  F4  FF  FF  FF  FD  FF  
FF  FF  4A  00  00  00  6D  22  10  00  03  00  00  00  37  FE  FF  FF  24  02  00  00  B6  00  06  
00  00  6D  23  14  00  03  00  00  00  19  01  B0  76  A7  7B  02  FD  B0  B3  05  03  10  54  4C  
0A  6D  24  24  00  02  00  00  00  00  00  00  00  00  00  00  00  00  00  00  00  00  00  00  00  
00  00  00  00  00  00  00  00  00  00  00  00  00  00  00  00  00  6D  31  20  00  03  00  00  00  
9C  CB  00  00  AC  58  FF  FF  0A  28  01  00  C8  BF  07  00  C1  89  06  00  20  86  70  FF  AF  
61  07  00  6D  32  24  00  03  00  00  00  34  74  0C  00  CA  09  CD  7B  01  00  00  00  07  00  
06  1B  8D  05  00  00  00  01  00  00  00  06  00  00  00  FE  FF  FF  FF  6D  33  10  00  03  00  
00  00  E3  07  02  19  12  29  2E  00  01  00  12  00  6D  34  14  00  03  00  00  00  AE  5B  03  
00  3A  4F  FF  FF  EB  42  04  00  E6  FD  07  00  6D  35  0C  00  03  00  00  B2  47  4E  00  00  
47  82  02  00  00  00  00  00  00  00  28  01  6D  15  14  00  02  01  00  00  03  04  03  00  00  
00  00  00  00  00  00  00  00  00  00  00  6D  16  10  00  03  00  00  00  E3  07  02  19  12  29  
2E  00  59  03  00  00  6D  21  1C  00  03  00  00  00  45  FF  FF  FF  BE  FF  FF  FF  D5  FF  FF  
FF  08  00  00  00  F5  FF  FF  FF  44  00  00  00  6D  22  10  00  03  00  00  00  37  FE  FF  FF  
24  02  00  00  B6  06  00  00  6D  23  14  00  03  00  00  00  D8  00  B0  76  A2  33  02  FD  54  
94  05  03  43  4B  4C  0A  6D  24  24  00  02  00  00  00  00  00  00  00  00  00  00  00  00  00  
00  00  00  00  00  00  00  00  00  00  00  00  00  00  00  00  00  00  00  00  00  00  6D  31  20  
00  03  00  00  00  48  1F  00  00  39  72  FF  FF  00  FF  00  00  34  0F  08  00  4F  69  06  00  
AF  6C  70  FF  EB  61  07  00  6D  32  24  00  03  00  00  00  34  74  0C  00  CA  09  CD  7B  01  
00  00  00  07  06  1B  8D  05  00  00  00  01  00  00  00  06  00  00  00  FE  FF  FF  FF  6D  33  
10  00  03  00  00  00  E3  07  02  19  12  29  2E  00  01  00  12  00  6D  34  14  00  03  00  00  
00  D8  57  03  00  64  4B  FF  FF  18  3B  04  00  5E  EA  07  00  6D  35  0C  00  03  00  00  00  
26  8D  01  00  28  12  07  00  41  53  86  94  47  4E  00  00  48  82  02  00  03  00  00  00  00  
00  28  01  6D  15  14  00  02  01  00  00  03  04  03  00  00  00  00  00  00  00  00  00  00  00  
00  00  6D  16  10  00  03  00  00  00  00  E3  07  02  19  12  29  2E  00  63  03  00  00  6D  21  
1C  00  03  00  00  00  51  00  00  00  55  FF  FF  FF  C8  FF  FF  FF  03  00  00  00  08  00  00  
00  4C  00  00  00  6D  22  10  00  03  00  00  00  37  FE  FF  FF  24  02  00  00  B6  00  06  00  
00  6D  23  14  00  03  00  00  00  83  04  B0  76  57  57  02  FD  3A  55  05  03  E0  3D  4C  0A  
6D  24  24  00  02  00  00  00  00  00  00  00  00  00  00  00  00  00  00  00  00  00  00  00  00  
00  00  00  00  00  00  00  00  00  00  00  00  00  00  00  00  6D  31  20  00  03  00  00  00  18  
88  00  00  D1  48  FF  FF  75  F9  00  00  17  FA  07  00  72  B6  06  00  FA  8C  70  FF  3F  61  
07  00  6D  32  24  00  03  00  00  00  62  73  0C  00  CA  09  CD  7B  01  00  00  00  F5  00  05  
1B  8D  05  00  00  00  FE  FF  FF  FF  03  00  00  00  FF  FF  FF  FF  6D  33  10  00  03  00  00  
00  E3  07  02  19  12  29  2E  00  01  00  12  00  6D  34  14  00  03  00  00  00  92  57  03  00  
6C  29  FF  FF  63  2F  04  00  04  F9  07  00  6D  35  0C  00  03  00  00  D0  47  4E  00  00  49  
82  02  00  00  00  12  00  00  00  28  01  6D  15  14  00  02  01  00  00  03  04  03  00  00  00  
00  00  00  00  00  00  00  00  00  00  6D  16  10  00  03  00  00  00  E3  07  02  19  12  29  2E  
00  6D  03  00  00  6D  21  1C  00  03  00  00  00  E5  00  00  00  2D  FF  FF  FF  D5  FF  FF  FF  
01  00  00  00  04  00  00  00  48  00  00  00  6D  22  10  00  03  00  00  00  38  FE  FF  FF  24  
02  00  00  B6  06  00  00  6D  23  14  00  03  00  00  00  DF  09  B0  76  C8  B5  02  FD  46  0B  
05  03  3B  31  4C  0A  6D  24  24  00  02  00  00  00  00  00  00  00  00  00  00  00  00  00  00  
00  00  00  00  00  00  00  00  00  00  00  00  00  00  00  00  00  00  00  00  00  6D  31  20  00  
03  00  00  00  F7  C1  00  00  45  39  FF  FF  83  FE  00  00  78  F1  07  00  FC  A1  06  00  95  
7C  70  FF  0C  60  07  00  6D  32  24  00  03  00  00  00  62  73  0C  00  CA  09  CD  7B  01  00  
00  00  F5  05  1B  8D  05  00  00  00  FE  FF  FF  FF  03  00  00  00  FF  FF  FF  FF  6D  33  10  
00  03  00  00  00  E3  07  02  19  12  29  2E  00  01  00  12  00  6D  34  14  00  03  00  00  00  
11  1A  03  00  2B  47  FF  FF  2C  2F  04  00  04  F9  07  00  6D  35  0C  00  03  00  00  00  24  
8D  01  00  28  12  07  00  41  53  43  5F  47  4E  00  00  4A  82  02  00  00  00  00  00  00  00  
28  01  6D  15  14  00  02  01  00  00  03  04  03  00  00  00  00  00  00  00  00  00  00  00  00  
00  6D  16  10  00  03  00  00  00  00  E3  07  02  19  12  29  2E  00  77  03  00  00  6D  21  1C  
00  03  00  00  00  86  00  00  00  B2  FF  FF  FF  33  00  00  00  F8  FF  FF  FF  DB  FF  FF  FF  
3E  00  00  00  6D  22  10  00  03  00  00  00  38  FE  FF  FF  24  02  00  00  B6  00  06  00  00  
6D  23  14  00  03  00  00  00  A5  09  B0  76  C3  EB  02  FD  01  F3  04  03  A0  4A  4C  0A  6D  
24  24  00  02  00  00  00  00  00  00  00  00  00  00  00  00  00  00  00  00  00  00  00  00  00  
00  00  00  00  00  00  00  00  00  00  00  00  00  00  00  6D  31  20  00  03  00  00  00  DB  9C  
00  00  2C  6D  FF  FF  0C  23  01  00  F5  CE  07  00  71  05  06  00  C2  57  70  FF  9A  60  07  
00  6D  32  24  00  03  00  00  00  62  73  0C  00  CA  09  CD  7B  01  00  00  00  F5  00  05  1B  
8D  05  00  00  00  FE  FF  FF  FF  03  00  00  00  FF  FF  FF  FF  6D  33  10  00  03  00  00  00  
E3  07  02  19  12  29  2E  00  01  00  12  00  6D  34  14  00  03  00  00  00  E2  3C  03  00  C1  
52  FF  FF  00  3B  04  00  BF  C5  07  00  6D  35  0C  00  03  00  00  09  47  4E  00  00  4B  82  
02  00  00  00  00  00  00  00  28  01  6D  15  14  00  02  01  00  00  03  04  03  00  00  00  00  
00  00  00  00  00  00  00  00  00  6D  16  10  00  03  00  00  00  E3  07  02  19  12  29  2E  00  
81  03  00  00  6D  21  1C  00  03  00  00  00  F2  00  00  00  CC  FF  FF  FF  34  FF  FF  FF  14  
00  00  00  FE  FF  FF  FF  37  00  00  00  6D  22  10  00  03  00  00  00  38  FE  FF  FF  24  02  
00  00  B6  06  00  00  6D  23  14  00  03  00  00  00  E0  12  B0  76  0E  49  03  FD  17  E6  04  
03  1B  FF  4B  0A  6D  24  24  00  02  00  00  00  00  00  00  00  00  00  00  00  00  00  00  00  
00  00  00  00  00  00  00  00  00  00  00  00  00  00  00  00  00  00  00  00  6D  31  20  00  03  
00  00  00  1A  C7  00  00  95  77  FF  FF  86  BF  00  00  E5  3B  08  00  5D  8A  06  00  CF  3B  
70  FF  55  61  07  00  6D  32  24  00  03  00  00  00  62  73  0C  00  CA  09  CD  7B  01  00  00  
00  F5  05  1B  8D  05  00  00  00  FE  FF  FF  FF  03  00  00  00  FF  FF  FF  FF  6D  33  10  00  
03  00  00  00  E3  07  02  19  12  29  2E  00  01  00  12  00  6D  34  14  00  03  00  00  00  03  
50  03  00  68  4B  FF  FF  C9  46  04  00  30  C8  07  00  6D  35  0C  00  03  00  00  00  24  8D  
01  00  BE  12  07  00  41  53  33  09  47  4E  00  00  4C  82  02  00  00  00  00  00  00  00  28  
01  6D  15  14  00  02  01  00  00  03  04  03  00  00  00  00  00  00  00  00  00  00  00  00  00  
6D  16  10  00  03  00  00  00  00  E3  07  02  19  12  29  2E  00  8B  03  00  00  6D  21  1C  00  
03  00  00  00  0A  01  00  00  2A  00  00  00  82  00  00  00  FE  FF  FF  FF  00  00  00  00  35  
00  00  00  6D  22  10  00  03  00  00  00  38  FE  FF  FF  24  02  00  00  B6  00  06  00  00  6D  
23  14  00  03  00  00  00  AB  0F  B0  76  CA  AE  03  FD  87  02  05  03  32  39  4C  0A  6D  24  
24  00  02  00  00  00  00  00  00  00  00  00  00  00  00  00  00  00  00  00  00  00  00  00  00  
00  00  00  00  00  00  00  00  00  00  00  00  00  00  6D  31  20  00  03  00  00  00  99  D0  00  
00  1D  9C  FF  FF  EF  41  01  00  9D  E5  07  00  0D  91  06  00  D3  34  70  FF  5D  61  07  00  
6D  32  24  00  03  00  00  00  62  73  0C  00  CA  09  CD  7B  01  00  00  00  F5  00  05  1B  8D  
05  00  00  00  FE  FF  FF  FF  03  00  00  00  FF  FF  FF  FF  6D  33  10  00  03  00  00  00  E3  
07  02  19  12  29  2E  00  01  00  12  00  6D  34  14  00  03  00  00  00  98  66  03  00  C6  29  
FF  FF  4F  5E  04  00  C8  02  08  00  6D  35  0C  00  03  00  00  2A  47  4E  00  00  4D  82  02  
00  00  00  00  00  00  00  28  01  6D  15  14  00  02  01  00  00  03  04  03  00  00  00  00  00  
00  00  00  00  00  00  00  00  6D  16  10  00  03  00  00  00  E3  07  02  19  12  29  2E  00  95  
03  00  00  6D  21  1C  00  03  00  00  00  96  FE  FF  FF  0E  00  00  00  CB  FF  FF  FF  0D  00  
00  00  03  00  00  00  2C  00  00  00  6D  22  10  00  03  00  00  00  38  FE  FF  FF  24  02  00  
00  B6  06  00  00  6D  23  14  00  03  00  00  00  A9  0C  B0  76  C3  1F  03  FD  3F  FD  04  03  
F4  33  4C  0A  6D  24  24  00  02  00  00  00  00  00  00  00  00  00  00  00  00  00  00  00  00  
00  00  00  00  00  00  00  00  00  00  00  00  00  00  00  00  00  00  00  6D  31  20  00  03  00  
00  00  8D  DB  FF  FF  0D  91  FF  FF  21  FA  00  00  81  22  08  00  67  9F  06  00  A1  0F  70  
FF  03  61  07  00  6D  32  24  00  03  00  00  00  62  73  0C  00  CA  09  CD  7B  01  00  00  00  
F5  05  1B  8D  05  00  00  00  FE  FF  FF  FF  03  00  00  00  FF  FF  FF  FF  6D  33  10  00  03  
00  00  00  E3  07  02  19  12  29  2E  00  01  00  12  00  6D  34  14  00  03  00  00  00  42  57  
03  00  70  1A  FF  FF  01  3F  04  00  E4  AA  07  00  6D  35  0C  00  03  00  00  00  2B  8D  01  
00  73  12  07  00  41  53  4D  8B  47  4E  00  00  4E  82  02  00  00  00  00  00  00  00  28  01  
6D  15  14  00  02  01  00  00  03  04  03  00  00  00  00  00  00  00  00  00  00  00  00  00  6D  
16  10  00  03  00  00  00  00  E3  07  02  19  12  29  2E  00  9F  03  00  00  6D  21  1C  00  03  
00  00  00  50  FF  FF  FF  A4  FF  FF  FF  35  00  00  00  01  00  00  00  09  00  00  00  6A  00  
00  00  6D  22  10  00  03  00  00  00  38  FE  FF  FF  24  02  00  00  B7  00  06  00  00  6D  23  
14  00  03  00  00  00  90  08  B0  76  30  DD  02  FD  FF  D6  04  03  17  5B  4C  0A  6D  24  24  
00  02  00  00  00  00  00  00  00  00  00  00  00  00  00  00  00  00  00  00  00  00  00  00  00  
00  00  00  00  00  00  00  00  00  00  00  00  00  6D  31  20  00  03  00  00  00  41  24  00  00  
E5  67  FF  FF  92  23  01  00  29  F2  07  00  65  B8  06  00  71  03  71  FF  FA  61  07  00  6D  
32  24  00  03  00  00  00  62  73  0C  00  CA  09  CD  7B  01  00  00  00  F5  00  05  1B  8D  05  
00  00  00  FE  FF  FF  FF  03  00  00  00  FF  FF  FF  FF  6D  33  10  00  03  00  00  00  E3  07  
02  19  12  29  2E  00  01  00  12  00  6D  34  14  00  03  00  00  00  49  4C  03  00  82  47  FF  
FF  40  33  04  00  D6  D6  07  00  6D  35  0C  00  03  00  00  6F  47  4E  00  00  4F  82  02  00  
01  01  00  00  00  00  28  01  6D  15  14  00  02  01  00  00  03  04  03  00  00  00  00  00  00  
00  00  00  00  00  00  00  6D  16  10  00  03  00  00  00  E3  07  02  19  12  29  2E  00  A9  03  
00  00  6D  21  1C  00  03  00  00  00  BC  FF  FF  FF  AE  00  00  00  A1  FF  FF  FF  F7  FF  FF  
FF  05  00  00  00  4D  00  00  00  6D  22  10  00  03  00  00  00  38  FE  FF  FF  24  02  00  00  
B6  06  00  00  6D  23  14  00  03  00  00  00  E4  07  B0  76  A2  B9  02  FD  2B  1A  05  03  CB  
44  4C  0A  6D  24  24  00  02  00  00  00  00  00  00  00  00  00  00  00  00  00  00  00  00  00  
00  00  00  00  00  00  00  00  00  00  00  00  00  00  00  00  00  00  6D  31  20  00  03  00  00  
00  84  4E  00  00  8F  CF  FF  FF  A2  E9  00  00  47  C9  07  00  68  A8  06  00  9B  91  70  FF  
FC  60  07  00  6D  32  24  00  03  00  00  00  62  73  0C  00  CA  09  CD  7B  01  00  00  00  F5  
05  1B  8D  05  00  00  00  FE  FF  FF  FF  03  00  00  00  FF  FF  FF  FF  6D  33  10  00  03  00  
00  00  E3  07  02  19  12  29  2E  00  01  00  12  00  6D  34  14  00  03  00  00  00  43  4C  03  
00  1B  4F  FF  FF  F8  3E  04  00  7C  E5  07  00  6D  35  0C  00  03  00  00  00  26  8D  01  00  
73  12  07  00  41  53  F2  F8  47  4E  00  00  50  82  02  00  00  00  00  00  00  00  28  01  6D  
15  14  00  02  01  00  00  03  04  03  00  00  00  00  00  00  00  00  00  00  00  00  00  6D  16  
10  00  03  00  00  00  00  E3  07  02  19  12  29  2E  00  B3  03  00  00  6D  21  1C  00  03  00  
00  00  87  FF  FF  FF  CC  FF  FF  FF  BD  FF  FF  FF  06  00  00  00  13  00  00  00  38  00  00  
00  6D  22  10  00  03  00  00  00  37  FE  FF  FF  24  02  00  00  B6  00  06  00  00  6D  23  14  
00  03  00  00  00  52  08  B0  76  B4  88  02  FD  7A  03  05  03  51  38  4C  0A  6D  24  24  00  
02  00  00  00  00  00  00  00  00  00  00  00  00  00  00  00  00  00  00  00  00  00  00  00  00  
00  00  00  00  00  00  00  00  00  00  00  00  6D  31  20  00  03  00  00  00  A5  39  00  00  5D  
77  FF  FF  73  F4  00  00  E8  05  08  00  14  DE  06  00  54  40  70  FF  5D  61  07  00  6D  32  
24  00  03  00  00  00  62  73  0C  00  CA  09  CD  7B  01  00  00  00  F5  00  05  1B  8D  05  00  
00  00  FE  FF  FF  FF  03  00  00  00  FF  FF  FF  FF  6D  33  10  00  03  00  00  00  E3  07  02  
19  12  29  2E  00  01  00  12  00  6D  34  14  00  03  00  00  00  2D  57  03  00  D5  38  FF  FF  
E4  6D  04  00  7C  E5  07  00  6D  35  0C  00  03  00  00  2A  47  4E  00  00  51  82  02  00  00  
00  00  00  00  00  28  01  6D  15  14  00  02  01  00  00  03  04  03  00  00  00  00  00  00  00  
00  00  00  00  00  00  6D  16  10  00  03  00  00  00  E3  07  02  19  12  29  2E  00  BD  03  00  
00  6D  21  1C  00  03  00  00  00  A9  01  00  00  38  00  00  00  75  00  00  00  05  00  00  00  
01  00  00  00  42  00  00  00  6D  22  10  00  03  00  00  00  38  FE  FF  FF  24  02  00  00  B7  
06  00  00  6D  23  14  00  03  00  00  00  9C  06  B0  76  46  2A  03  FD  92  2B  05  03  25  6F  
4C  0A  6D  24  24  00  02  00  00  00  00  00  00  00  00  00  00  00  00  00  00  00  00  00  00  
00  00  00  00  00  00  00  00  00  00  00  00  00  00  00  00  00  6D  31  20  00  03  00  00  00  
4C  0F  01  00  7E  A1  FF  FF  52  3C  01  00  44  01  08  00  BD  95  06  00  EA  67  70  FF  82  
61  07  00  6D  32  24  00  03  00  00  00  62  73  0C  00  CA  09  CD  7B  01  00  00  00  F5  05  
1B  8D  05  00  00  00  FE  FF  FF  FF  03  00  00  00  FF  FF  FF  FF  6D  33  10  00  03  00  00  
00  E3  07  02  19  12  29  2E  00  01  00  12  00  6D  34  14  00  03  00  00  00  30  29  03  00  
20  29  FF  FF  3A  2F  04  00  5C  97  07  00  6D  35  0C  00  03  00  00  00  2A  8D  01  00  8C  
12  07  00  41  53  DA  F6  47  4E  00  00  52  82  02  00  00  00  00  00  00  00  28  01  6D  15  
14  00  02  01  00  00  03  04  03  00  00  00  00  00  00  00  00  00  00  00  00  00  6D  16  10  
00  03  00  00  00  00  E3  07  02  19  12  29  2E  00  C7  03  00  00  6D  21  1C  00  03  00  00  
00  75  01  00  00  8C  FF  FF  FF  26  00  00  00  14  00  00  00  0C  00  00  00  51  00  00  00  
6D  22  10  00  03  00  00  00  38  FE  FF  FF  24  02  00  00  B7  00  06  00  00  6D  23  14  00  
03  00  00  00  91  08  B0  76  FE  BB  03  FD  4E  0E  05  03  71  8B  4C  0A  6D  24  24  00  02  
00  00  00  00  00  00  00  00  00  00  00  00  00  00  00  00  00  00  00  00  00  00  00  00  00  
00  00  00  00  00  00  00  00  00  00  00  6D  31  20  00  03  00  00  00  DE  FA  00  00  D9  5D  
FF  FF  62  1D  01  00  A9  3D  08  00  6C  C2  06  00  80  9F  70  FF  12  61  07  00  6D  32  24  
00  03  00  00  00  86  72  0C  00  CA  09  CD  7B  01  00  00  00  2A  00  06  1B  8D  05  00  00  
00  02  00  00  00  04  00  00  00  FE  FF  FF  FF  6D  33  10  00  03  00  00  00  E3  07  02  19  
12  29  2E  00  01  00  12  00  6D  34  14  00  03  00  00  00  4E  35  03  00  68  56  FF  FF  43  
2F  04  00  55  AD  07  00  6D  35  0C  00  03  00  00  D0  47  4E  00  00  53  82  02  00  00  00  
00  00  00  00  28  01  6D  15  14  00  02  01  00  00  03  04  03  00  00  00  00  00  00  00  00  
00  00  00  00  00  6D  16  10  00  03  00  00  00  E3  07  02  19  12  29  2E  00  D1  03  00  00  
6D  21  1C  00  03  00  00  00  86  FF  FF  FF  CD  FF  FF  FF  E6  FF  FF  FF  03  00  00  00  F6  
FF  FF  FF  1E  00  00  00  6D  22  10  00  03  00  00  00  38  FE  FF  FF  24  02  00  00  B7  06  
00  00  6D  23  14  00  03  00  00  00  15  07  B0  76  A0  89  03  FD  85  F9  04  03  03  94  4C  
0A  6D  24  24  00  02  00  00  00  00  00  00  00  00  00  00  00  00  00  00  00  00  00  00  00  
00  00  00  00  00  00  00  00  00  00  00  00  00  00  00  00  6D  31  20  00  03  00  00  00  8D  
39  00  00  62  77  FF  FF  22  04  01  00  DB  F8  07  00  88  69  06  00  0B  D8  6F  FF  55  61  
07  00  6D  32  24  00  03  00  00  00  86  72  0C  00  CA  09  CD  7B  01  00  00  00  2A  06  1B  
8D  05  00  00  00  02  00  00  00  04  00  00  00  FE  FF  FF  FF  6D  33  10  00  03  00  00  00  
E3  07  02  19  12  29  2E  00  01  00  12  00  6D  34  14  00  03  00  00  00  DF  40  03  00  4B  
5A  FF  FF  1D  37  04  00  A1  CA  07  00  6D  35  0C  00  03  00  00  00  25  8D  01  00  DD  11  
07  00  41  53  B3  F0  47  4E  00  00  54  82  02  00  00  00  00  00  00  00  28  01  6D  15  14  
00  02  01  00  00  03  04  03  00  00  00  00  00  00  00  00  00  00  00  00  00  6D  16  10  00  
03  00  00  00  00  E3  07  02  19  12  29  2E  00  DB  03  00  00  6D  21  1C  00  03  00  00  00  
A0  FF  FF  FF  10  00  00  00  0E  00  00  00  08  00  00  00  FF  FF  FF  FF  3B  00  00  00  6D  
22  10  00  03  00  00  00  38  FE  FF  FF  24  02  00  00  B7  00  06  00  00  6D  23  14  00  03  
00  00  00  B0  03  B0  76  FF  5F  03  FD  48  00  05  03  18  AD  4C  0A  6D  24  24  00  02  00  
00  00  00  00  00  00  00  00  00  00  00  00  00  00  00  00  00  00  00  00  00  00  00  00  00  
00  00  00  00  00  00  00  00  00  00  6D  31  20  00  03  00  00  00  D0  43  00  00  5B  91  FF  
FF  AC  13  01  00  2C  0D  08  00  E1  8E  06  00  B6  49  70  FF  55  61  07  00  6D  32  24  00  
03  00  00  00  86  72  0C  00  CA  09  CD  7B  01  00  00  00  2A  00  06  1B  8D  05  00  00  00  
02  00  00  00  04  00  00  00  FE  FF  FF  FF  6D  33  10  00  03  00  00  00  E3  07  02  19  12  
29  2E  00  01  00  12  00  6D  34  14  00  03  00  00  00  75  57  03  00  A9  38  FF  FF  A0  4E  
04  00  8C  0C  08  00  6D  35  0C  00  03  00  00  1B  47  4E  00  00  55  82  02  00  00  00  00  
00  00  00  28  01  6D  15  14  00  02  01  00  00  03  04  03  00  00  00  00  00  00  00  00  00  
00  00  00  00  6D  16  10  00  03  00  00  00  E3  07  02  19  12  29  2E  00  E5  03  00  00  6D  
21  1C  00  03  00  00  00  4C  01  00  00  47  00  00  00  91  00  00  00  09  00  00  00  FB  FF  
FF  FF  3D  00  00  00  6D  22  10  00  03  00  00  00  38  FE  FF  FF  24  02  00  00  B7  06  00  
00  6D  23  14  00  03  00  00  00  5D  FF  AF  76  50  DC  03  FD  2C  2C  05  03  15  F6  4C  0A  
6D  24  24  00  02  00  00  00  00  00  00  00  00  00  00  00  00  00  00  00  00  00  00  00  00  
00  00  00  00  00  00  00  00  00  00  00  00  00  00  00  6D  31  20  00  03  00  00  00  C8  EA  
00  00  86  A6  FF  FF  01  47  01  00  0A  12  08  00  BE  7E  06  00  AA  50  70  FF  ED  60  07  
00  6D  32  24  00  03  00  00  00  86  72  0C  00  CA  09  CD  7B  01  00  00  00  2A  06  1B  8D  
05  00  00  00  02  00  00  00  04  00  00  00  FE  FF  FF  FF  6D  33  10  00  03  00  00  00  E3  
07  02  19  12  29  2E  00  01  00  12  00  6D  34  14  00  03  00  00  00  98  66  03  00  C6  29  
FF  FF  4F  5E  04  00  60  3D  08  00  6D  35  0C  00  03  00  00  00  28  8D  01  00  8C  12  07  
00  41  53  38  21  47  4E  00  00  56  82  02  00  02  01  01  01  00  00  28  01  6D  15  14  00  
02  01  00  00  03  04  03  00  00  00  00  00  00  00  00  00  00  00  00  00  6D  16  10  00  03  
00  00  00  00  E3  07  02  19  12  29  2F  00  07  00  00  00  6D  21  1C  00  03  00  00  00  3D  
02  00  00  8E  FF  FF  FF  68  00  00  00  F7  FF  FF  FF  F3  FF  FF  FF  5B  00  00  00  6D  22  
10  00  03  00  00  00  39  FE  FF  FF  24  02  00  00  B7  00  06  00  00  6D  23  14  00  03  00  
00  00  C2  00  B0  76  AA  BC  04  FD  9B  17  05  03  03  2D  4D  0A  6D  24  24  00  02  00  00  
00  00  00  00  00  00  00  00  00  00  00  00  00  00  00  00  00  00  00  00  00  00  00  00  00  
00  00  00  00  00  00  00  00  00  6D  31  20  00  03  00  00  00  EE  48  01  00  23  5E  FF  FF  
09  37  01  00  F1  C8  07  00  25  5B  06  00  2F  C7  70  FF  AF  61  07  00  6D  32  24  00  03  
00  00  00  86  72  0C  00  CA  09  CD  7B  01  00  00  00  2A  00  06  1B  8D  05  00  00  00  02  
00  00  00  04  00  00  00  FE  FF  FF  FF  6D  33  10  00  03  00  01  00  E3  07  02  19  12  29  
2E  00  01  00  12  00  6D  34  14  00  03  00  00  00  80  44  03  00  E7  3F  FF  FF  54  2F  04  
00  E4  AA  07  00  6D  35  0C  00  03  00  00  D3  47  4E  00  00  57  82  02  00  00  00  00  00  
00  00  28  01  6D  15  14  00  02  01  00  00  03  04  03  00  00  00  00  00  00  00  00  00  00  
00  00  00  6D  16  10  00  03  00  00  00  E3  07  02  19  12  29  2F  00  11  00  00  00  6D  21  
1C  00  03  00  00  00  B0  FF  FF  FF  D8  00  00  00  0F  FF  FF  FF  04  00  00  00  F5  FF  FF  
FF  3D  00  00  00  6D  22  10  00  03  00  00  00  39  FE  FF  FF  24  02  00  00  B7  06  00  00  
6D  23  14  00  03  00  00  00  09  04  B0  76  49  90  04  FD  38  6A  05  03  34  E2  4C  0A  6D  
24  24  00  02  00  00  00  00  00  00  00  00  00  00  00  00  00  00  00  00  00  00  00  00  00  
00  00  00  00  00  00  00  00  00  00  00  00  00  00  6D  31  20  00  03  00  00  00  D9  49  00  
00  E3  DE  FF  FF  3C  B0  00  00  70  FD  07  00  FD  62  06  00  A0  50  70  FF  4F  60  07  00  
6D  32  24  00  03  00  00  00  86  72  0C  00  CA  09  CD  7B  01  00  00  00  2A  06  1B  8D  05  
00  00  00  02  00  00  00  04  00  00  00  FE  FF  FF  FF  6D  33  10  00  03  00  00  00  E3  07  
02  19  12  29  2E  00  01  00  12  00  6D  34  14  00  03  00  00  00  00  3D  03  00  4D  47  FF  
FF  AF  1F  04  00  6A  6B  07  00  6D  35  0C  00  03  00  00  00  25  8D  01  00  8C  12  07  00  
41  53  E7  A4  47  4E  00  00  58  82  02  00  00  00  00  00  00  00  28  01  6D  15  14  00  02  
01  00  00  03  04  03  00  00  00  00  00  00  00  00  00  00  00  00  00  6D  16  10  00  03  00  
00  00  00  E3  07  02  19  12  29  2F  00  1B  00  00  00  6D  21  1C  00  03  00  00  00  44  FF  
FF  FF  CF  FF  FF  FF  61  FF  FF  FF  05  00  00  00  E9  FF  FF  FF  51  00  00  00  6D  22  10  
00  03  00  00  00  39  FE  FF  FF  24  02  00  00  B7  00  06  00  00  6D  23  14  00  03  00  00  
00  D0  05  B0  76  29  44  04  FD  7E  53  05  03  59  BE  4C  0A  6D  24  24  00  02  00  00  00  
00  00  00  00  00  00  00  00  00  00  00  00  00  00  00  00  00  00  00  00  00  00  00  00  00  
00  00  00  00  00  00  00  00  6D  31  20  00  03  00  00  00  B6  1F  00  00  44  77  FF  FF  09  
D0  00  00  55  01  08  00  27  36  06  00  C6  9F  70  FF  7B  61  07  00  6D  32  24  00  03  00  
00  00  86  72  0C  00  CA  09  CD  7B  01  00  00  00  2A  00  06  1B  8D  05  00  00  00  02  00  
00  00  04  00  00  00  FE  FF  FF  FF  6D  33  10  00  03  00  00  00  E3  07  02  19  12  29  2E  
00  01  00  12  00  6D  34  14  00  03  00  00  00  98  48  03  00  60  47  FF  FF  B9  1F  04  00  
78  3F  07  00  6D  35  0C  00  03  00  00  26  47  4E  00  00  59  82  02  00  64  00  00  00  00  
00  28  01  6D  15  14  00  02  01  00  00  03  04  03  00  00  00  00  00  00  00  00  00  00  00  
00  00  6D  16  10  00  03  00  00  00  E3  07  02  19  12  29  2F  00  25  00  00  00  6D  21  1C  
00  03  00  00  00  FF  FE  FF  FF  54  00  00  00  F4  FF  FF  FF  0C  00  00  00  EF  FF  FF  FF  
3B  00  00  00  6D  22  10  00  03  00  00  00  38  FE  FF  FF  24  02  00  00  B7  06  00  00  6D  
23  14  00  03  00  00  00  92  00  B0  76  76  DB  03  FD  C2  6F  05  03  1D  D4  4C  0A  6D  24  
24  00  02  00  00  00  00  00  00  00  00  00  00  00  00  00  00  00  00  00  00  00  00  00  00  
00  00  00  00  00  00  00  00  00  00  00  00  00  6D  31  20  00  03  00  00  00  07  05  00  00  
3B  AB  FF  FF  68  09  01  00  91  1D  08  00  83  4D  06  00  30  4C  70  FF  A0  61  07  00  6D  
32  24  00  03  00  00  00  86  72  0C  00  CA  09  CD  7B  01  00  00  00  2A  06  1B  8D  05  00  
00  00  02  00  00  00  04  00  00  00  FE  FF  FF  FF  6D  33  10  00  03  00  00  00  E3  07  02  
19  12  29  2E  00  01  00  12  00  6D  34  14  00  03  00  00  00  51  57  03  00  BF  38  FF  FF  
41  5E  04  00  A8  B4  07  00  6D  35  0C  00  03  00  00  00  00  27  8D  01  00  41  12  07  00  
41  53  C5  DB  47  4E  00  00  5A  82  02  00  00  00  00  00  00  00  28  01  6D  15  14  00  02  
01  00  00  03  04  03  00  00  00  00  00  00  00  00  00  00  00  00  00  6D  16  10  00  03  00  
00  00  00  E3  07  02  19  12  29  2F  00  2F  00  00  00  6D  21  1C  00  03  00  00  00  E5  FE  
FF  FF  9A  FF  FF  FF  CD  FF  FF  FF  10  00  00  00  EF  FF  FF  FF  3D  00  00  00  6D  22  10  
00  03  00  00  00  38  FE  FF  FF  24  02  00  00  B7  00  06  00  00  6D  23  14  00  03  00  00  
00  CA  FD  AF  76  DF  6E  03  FD  44  43  05  03  BE  E1  4C  0A  6D  24  24  00  02  00  00  00  
00  00  00  00  00  00  00  00  00  00  00  00  00  00  00  00  00  00  00  00  00  00  00  00  00  
00  00  00  00  00  00  00  00  6D  31  20  00  03  00  00  00  DE  FA  FF  FF  89  62  FF  FF  10  
FA  00  00  94  2B  08  00  F2  4F  06  00  CD  50  70  FF  82  61  07  00  6D  32  24  00  03  00  
00  00  86  72  0C  00  CA  09  CD  7B  01  00  00  00  2A  06  1B  8D  05  00  00  00  02  3B  47  
4E  00  00  5B  82  02  00  02  01  00  00  00  00  28  01  6D  15  14  00  02  01  00  00  03  04  
03  00  00  00  00  00  00  00  00  00  00  00  00  00  6D  16  10  00  03  00  00  00  E3  07  02  
19  12  29  2F  00  39  00  00  00  6D  21  1C  00  03  00  00  00  84  FF  FF  FF  B2  00  00  00  
1C  00  00  00  F8  FF  FF  FF  FD  FF  FF  FF  0F  00  00  00  6D  22  10  00  03  00  00  00  38  
FE  FF  FF  24  02  00  00  B7  06  00  00  6D  23  14  00  03  00  00  00  28  F7  AF  76  28  37  
03  FD  A9  89  05  03  5D  09  4D  0A  6D  24  24  00  02  00  00  00  00  00  00  00  00  00  00  
00  00  00  00  00  00  00  00  00  00  00  00  00  00  00  00  00  00  00  00  00  00  00  00  00  
6D  31  20  00  03  00  00  00  F4  38  00  00  B7  CF  FF  FF  A9  18  01  00  A8  CE  07  00  4F  
87  06  00  66  A0  6F  FF  2F  62  07  00  6D  32  24  00  03  00  00  00  86  72  0C  00  CA  09  
CD  7B  01  00  00  00  2A  06  1B  8D  05  00  00  00  02  00  00  00  04  00  00  00  FE  FF  FF  
FF  6D  33  10  00  03  00  00  00  E3  07  02  19  12  29  2E  00  01  00  12  00  6D  34  14  00  
03  00  00  00  73  40  03  00  95  47  FF  FF  8B  4E  04  00  A3  1D  08  00  6D  35  0C  00  03  
00  00  00  00  24  8D  01  00  8C  12  07  00  41  53  7B  C2  47  4E  00  00  5C  82  02  00  03  
04  03  00  00  00  28  01  6D  15  14  00  02  01  00  00  03  04  03  00  00  00  00  00  00  00  
00  00  00  00  00  00  6D  16  10  00  03  00  00  00  00  E3  07  02  19  12  29  2F  00  43  00  
00  00  6D  21  1C  00  03  00  00  00  A9  01  00  00  2E  00  00  00  CA  FF  FF  FF  FD  FF  FF  
FF  F6  FF  FF  FF  30  00  00  00  6D  22  10  00  03  00  00  00  38  FE  FF  FF  24  02  00  00  
B7  00  06  00  00  6D  23  14  00  03  00  00  00  26  FA  AF  76  E5  D8  03  FD  43  AE  05  03  
0E  0B  4D  0A  6D  24  24  00  02  00  00  00  00  00  00  00  00  00  00  00  00  00  00  00  00  
00  00  00  00  00  00  00  00  00  00  00  00  00  00  00  00  00  00  00  00  6D  31  20  00  03  
00  00  00  8F  0F  01  00  44  9C  FF  FF  75  F8  00  00  2E  E3  07  00  12  69  06  00  C7  1D  
70  FF  20  62  07  00  6D  32  24  00  03  00  00  00  32  71  0C  00  CA  09  CD  7B  01  00  00  
00  3B  06  1B  8D  05  00  00  00  01  E6  47  4E  00  00  5D  82  02  00  00  00  00  00  00  00  
28  01  6D  15  14  00  02  01  00  00  03  04  03  00  00  00  00  00  00  00  00  00  00  00  00  
00  6D  16  10  00  03  00  00  00  E3  07  02  19  12  29  2F  00  4D  00  00  00  6D  21  1C  00  
03  00  00  00  85  FF  FF  FF  D0  FF  FF  FF  2B  00  00  00  FF  FF  FF  FF  0C  00  00  00  33  
00  00  00  6D  22  10  00  03  00  00  00  38  FE  FF  FF  24  02  00  00  B7  06  00  00  6D  23  
14  00  03  00  00  00  9E  F5  AF  76  3D  A9  03  FD  3C  9C  05  03  BC  36  4D  0A  6D  24  24  
00  02  00  00  00  00  00  00  00  00  00  00  00  00  00  00  00  00  00  00  00  00  00  00  00  
00  00  00  00  00  00  00  00  00  00  00  00  6D  31  20  00  03  00  00  00  55  39  00  00  6A  
77  FF  FF  37  1E  01  00  16  EA  07  00  F6  C1  06  00  7C  2B  70  FF  7B  61  07  00  6D  32  
24  00  03  00  00  00  32  71  0C  00  CA  09  CD  7B  01  00  00  00  3B  06  1B  8D  05  00  00  
00  01  00  00  00  05  00  00  00  FF  FF  FF  FF  6D  33  10  00  03  00  00  00  E3  07  02  19  
12  29  2F  00  01  00  12  00  6D  34  14  00  03  00  00  00  02  48  03  00  90  38  FF  FF  92  
4E  04  00  7C  E5  07  00  6D  35  0C  00  03  00  00  00  00  27  8D  01  00  5A  12  07  00  41  
53  FE  AE  47  4E  00  00  5E  82  02  00  00  00  00  00  00  00  28  01  6D  15  14  00  02  01  
00  00  03  04  03  00  00  00  00  00  00  00  00  00  00  00  00  00  6D  16  10  00  03  00  00  
00  00  E3  07  02  19  12  29  2F  00  57  00  00  00  6D  21  1C  00  03  00  00  00  2E  02  00  
00  63  00  00  00  5C  00  00  00  FF  FF  FF  FF  F6  FF  FF  FF  30  00  00  00  6D  22  10  00  
03  00  00  00  39  FE  FF  FF  24  02  00  00  B7  00  06  00  00  6D  23  14  00  03  00  00  00  
B1  F4  AF  76  AE  7D  04  FD  EC  DA  05  03  87  6C  4D  0A  6D  24  24  00  02  00  00  00  00  
00  00  00  00  00  00  00  00  00  00  00  00  00  00  00  00  00  00  00  00  00  00  00  00  00  
00  00  00  00  00  00  00  6D  31  20  00  03  00  00  00  A2  43  01  00  14  B1  FF  FF  94  31  
01  00  8F  EA  07  00  7D  69  06  00  FE  1F  70  FF  46  61  07  00  6D  32  24  00  03  00  00  
00  32  71  0C  00  CA  09  CD  7B  01  00  00  00  3B  00  06  1B  8D  05  00  00  00  01  EE  47  
4E  00  00  5F  82  02  00  00  00  00  00  00  00  28  01  6D  15  14  00  02  01  00  00  03  04  
03  00  00  00  00  00  00  00  00  00  00  00  00  00  6D  16  10  00  03  00  00  00  E3  07  02  
19  12  00  29  2F  00  61  00  00  00  6D  21  1C  00  03  00  00  00  5A  00  00  00  6F  00  00  
00  0F  00  00  00  20  00  00  00  0F  00  00  00  3B  00  00  00  6D  22  10  00  03  00  00  00  
39  FE  FF  FF  25  02  00  00  B7  06  00  00  6D  23  14  00  00  03  00  00  00  8A  F1  AF  76  
30  9A  04  FD  21  0E  06  03  10  8A  4D  0A  6D  24  24  00  02  00  00  00  00  00  00  00  00  
00  00  00  00  00  00  00  00  00  00  00  00  00  00  00  00  00  00  00  00  00  00  00  00  00  
00  00  6D  00  31  20  00  03  00  00  00  D9  AF  47  4E  00  00  73  82  02  00  00  00  00  00  
00  00  28  01  6D  15  14  00  02  01  00  00  03  04  03  00  00  00  00  00  00  00  00  00  00  
00  00  00  6D  16  10  00  03  00  00  00  E3  07  02  19  12  00  29  2F  00  29  01  00  00  6D  
21  1C  00  03  00  00  00  92  FE  FF  FF  B0  FF  FF  FF  0F  00  00  00  F5  FF  FF  FF  FC  FF  
FF  FF  55  00  00  00  6D  22  10  00  03  00  00  00  39  FE  FF  FF  25  02  00  00  B9  06  00  
00  6D  23  14  00  00  03  00  00  00  D0  AE  AF  76  A3  05  05  FD  3E  C3  06  03  3D  74  50  
0A  6D  24  24  00  02  00  00  00  00  00  00  00  00  00  00  00  00  00  00  00  00  00  00  00  
00  00  00  00  00  00  00  00  00  00  00  00  00  00  00  00  6D  00  31  20  00  03  00  00  00  
58  DB  FF  FF  DE  6C  FF  FF  49  14  01  00  14  C9  07  00  41  7E  06  00  E2  AF  70  FF  64  
61  07  00  6D  32  24  00  03  00  00  00  A8  6E  0C  00  CA  09  CD  7B  01  00  00  00  6F  06  
1B  8D  05  00  00  00  FF  FF  FF  FF  04  00  00  10  47  4E  00  00  74  82  02  00  00  00  00  
00  00  00  28  01  6D  15  14  00  02  01  00  00  03  04  03  00  00  00  00  00  00  00  00  00  
00  00  00  00  6D  16  10  00  03  00  00  00  E3  07  02  19  12  29  2F  00  33  01  00  00  6D  
21  1C  00  03  00  00  00  D1  00  00  00  62  FF  FF  FF  5C  00  00  00  F0  FF  FF  FF  03  00  
00  00  43  00  00  00  6D  22  10  00  03  00  00  00  39  FE  FF  FF  25  02  00  00  B9  06  00  
00  6D  23  14  00  03  00  00  00  5F  AD  AF  76  C4  59  05  FD  A1  91  06  03  B2  AB  50  0A  
6D  24  24  00  02  00  00  00  00  00  00  00  00  00  00  00  00  00  00  00  00  00  00  00  00  
00  00  00  00  00  00  00  00  00  00  00  00  00  00  00  6D  31  20  00  03  00  00  00  E9  BB  
00  00  3E  4E  FF  FF  9D  32  01  00  52  B4  07  00  2D  9A  06  00  32  6A  70  FF  6C  61  07  
00  6D  32  24  00  03  00  00  00  A8  6E  0C  00  CA  09  CD  7B  01  00  00  00  6F  06  1B  8D  
05  00  00  00  FF  FF  FF  FF  04  00  00  00  00  00  00  00  6D  33  10  00  03  00  00  00  E3  
07  02  19  12  29  2F  00  01  00  12  00  6D  34  14  00  03  00  00  00  1B  58  03  00  C8  65  
FF  FF  FF  3E  04  00  6C  BE  07  00  6D  35  0C  00  03  00  00  00  00  2B  8D  01  00  28  12  
07  00  41  53  D8  65  47  4E  00  00  75  82  02  00  00  00  00  00  00  00  28  01  6D  15  14  
00  02  01  00  00  03  04  03  00  00  00  00  00  00  00  00  00  00  00  00  00  6D  16  10  00  
03  00  00  00  E3  07  02  19  12  29  2F  00  3D  01  00  00  6D  21  1C  00  03  00  00  00  EB  
01  00  00  E7  FF  FF  FF  E2  FF  FF  FF  F1  FF  FF  FF  FF  FF  FF  FF  34  00  00  00  6D  22  
10  00  03  00  00  00  3A  FE  FF  FF  25  02  00  00  B9  06  00  00  6D  23  14  00  03  00  00  
00  C7  B1  AF  76  77  15  06  FD  85  9B  06  03  41  AC  50  0A  6D  24  24  00  02  00  00  00  
00  00  00  00  00  00  00  00  00  00  00  00  00  00  00  00  00  00  00  00  00  00  00  00  00  
00  00  00  00  00  00  00  6D  31  20  00  03  00  00  00  14  2A  01  00  33  82  FF  FF  ED  02  
01  00  4F  B7  07  00  2B  8A  06  00  CB  2D  70  FF  C0  60  07  00  6D  32  24  00  03  00  00  
00  A8  6E  0C  00  CA  09  CD  7B  01  00  00  00  6F  06  1B  8D  05  00  00  00  FF  B1  F1  07  
00  6D  35  0C  00  03  00  00  00  2A  8D  01  00  28  12  07  00  41  53  19  20  47  4E  00  00  
76  82  02  00  00  00  00  00  00  00  28  01  6D  15  14  00  02  01  00  00  03  04  03  00  00  
00  00  00  00  00  00  00  00  00  00  00  6D  16  10  00  03  00  00  00  E3  07  02  19  12  29  
2F  00  47  01  00  00  6D  21  1C  00  03  00  00  00  8E  00  00  00  D9  FF  FF  FF  41  00  00  
00  FB  FF  FF  FF  01  00  00  00  19  00  00  00  6D  22  10  00  03  00  00  00  3A  FE  FF  FF  
25  02  00  00  B9  06  00  00  6D  23  14  00  03  00  00  00  D4  AF  AF  76  E6  4A  06  FD  04  
95  06  03  01  D4  50  0A  6D  24  24  00  02  00  00  00  00  00  00  00  00  00  00  00  00  00  
00  00  00  00  00  00  00  00  00  00  00  00  00  00  00  00  00  00  00  00  00  00  6D  31  20  
00  03  00  00  00  D3  A1  00  00  D6  7C  FF  FF  1F  28  01  00  D5  DC  07  00  BB  8E  06  00  
69  C5  6F  FF  55  61  07  00  6D  32  24  00  03  00  00  00  A8  6E  0C  00  CA  09  CD  7B  01  
00  00  00  6F  06  1B  8D  05  00  00  00  FF  FF  FF  FF  04  00  00  00  00  00  00  00  6D  33  
10  00  03  00  00  00  E3  07  02  19  12  29  2F  00  01  00  12  00  6D  34  14  00  03  00  00  
00  00  A0  4F  03  00  7F  29  FF  FF  CA  46  04  00  C8  02  08  00  6D  35  0C  00  03  00  00  
00  2B  8D  01  00  73  12  07  00  41  53  B1  A5  47  4E  00  00  77  82  02  00  00  00  00  00  
00  00  28  01  6D  15  14  00  02  01  00  00  03  04  03  00  00  00  00  00  00  00  00  00  00  
00  00  00  6D  16  10  00  03  00  00  00  E3  07  02  19  12  29  2F  00  51  01  00  00  6D  21  
1C  00  03  00  00  00  12  02  00  00  E7  FF  FF  FF  66  00  00  00  14  00  00  00  FA  FF  FF  
FF  46  00  00  00  6D  22  10  00  03  00  00  00  3B  FE  FF  FF  25  02  00  00  BA  06  00  00  
6D  23  14  00  03  00  00  00  26  B0  AF  76  4F  17  07  FD  B1  A1  06  03  90  07  51  0A  6D  
24  24  00  02  00  00  00  00  00  00  00  00  00  00  00  00  00  00  00  00  00  00  00  00  00  
00  00  00  00  00  00  00  00  00  00  00  00  00  00  6D  31  20  00  03  00  00  00  6C  39  01  
00  50  82  FF  FF  10  37  01  00  A2  40  08  00  53  73  06  00  79  73  70  FF  C0  60  07  00  
6D  32  24  00  03  00  00  03  00  00  00  E3  07  02  19  12  29  2F  00  01  00  12  00  6D  34  
14  00  03  00  00  00  3E  3C  03  00  6B  29  FF  FF  88  4E  04  00  B1  F1  07  00  6D  35  0C  
00  03  00  00  00  2A  8D  01  00  28  12  07  00  41  53  60  A1  47  4E  00  00  78  82  02  00  
00  00  00  00  00  00  28  01  6D  15  14  00  02  01  00  00  03  04  03  00  00  00  00  00  00  
00  00  00  00  00  00  00  6D  16  10  00  03  00  00  00  E3  07  02  19  12  29  2F  00  00  5B  
01  00  00  6D  21  1C  00  03  00  00  00  9D  FF  FF  FF  BE  FF  FF  FF  41  00  00  00  E8  FF  
FF  FF  09  00  00  00  5C  00  00  00  6D  22  10  00  03  00  00  00  3B  FE  FF  FF  25  02  00  
00  BA  06  00  00  6D  23  14  00  03  00  00  00  00  08  AC  AF  76  49  F0  06  FD  BB  88  06  
03  FC  32  51  0A  6D  24  24  00  02  00  00  00  00  00  00  00  00  00  00  00  00  00  00  00  
00  00  00  00  00  00  00  00  00  00  00  00  00  00  00  00  00  00  00  00  6D  31  20  00  00  
03  00  00  00  E5  43  00  00  37  72  FF  FF  B4  28  01  00  70  93  07  00  A1  AA  06  00  47  
C9  70  FF  C7  60  07  00  6D  32  24  00  03  00  00  00  A8  6E  0C  00  CA  09  CD  7B  01  00  
00  00  6F  06  1B  8D  05  00  00  00  FF  00  FF  FF  FF  04  00  00  00  00  00  00  00  6D  33  
10  00  03  00  00  00  E3  07  02  19  12  29  2F  00  01  00  12  00  6D  34  14  00  03  00  00  
00  59  48  03  00  B4  56  FF  FF  91  4E  04  00  6C  BE  07  00  6D  35  0C  00  03  00  00  00  
28  8D  01  00  F6  11  07  40  47  4E  00  00  79  82  02  00  00  00  00  00  00  00  28  01  6D  
15  14  00  02  01  00  00  03  04  03  00  00  00  00  00  00  00  00  00  00  00  00  00  6D  16  
10  00  03  00  00  00  E3  07  02  19  12  29  2F  00  65  01  00  00  6D  21  1C  00  03  00  00  
00  2E  01  00  00  3B  FF  FF  FF  4C  00  00  00  13  00  00  00  F0  FF  FF  FF  47  00  00  00  
6D  22  10  00  03  00  00  00  3B  FE  FF  FF  25  02  00  00  BA  06  00  00  6D  23  14  00  03  
00  00  00  BF  AC  AF  76  DA  69  07  FD  5C  4A  06  03  0F  60  51  0A  6D  24  24  00  02  00  
00  00  00  00  00  00  00  00  00  00  00  00  00  00  00  00  00  00  00  00  00  00  00  00  00  
00  00  00  00  00  00  00  00  00  6D  31  20  00  03  00  00  00  78  E0  00  00  D4  3E  FF  FF  
35  2D  01  00  36  39  08  00  22  4B  06  00  56  78  70  FF  EB  61  07  00  6D  32  24  00  03  
00  00  00  A8  6E  0C  00  CA  09  CD  7B  01  00  00  00  6F  06  1B  8D  05  00  00  00  FF  FF  
FF  FF  04  00  00  00  03  00  00  00  E3  07  02  19  12  29  2F  00  01  00  12  00  6D  34  14  
00  03  00  00  00  1F  5F  03  00  94  29  FF  FF  EF  42  04  00  65  D4  07  00  6D  35  0C  00  
03  00  00  00  27  8D  01  00  0F  12  07  00  41  53  A0  A4  47  4E  00  00  7A  82  02  00  00  
00  00  00  00  00  28  01  6D  15  14  00  02  01  00  00  03  04  03  00  00  00  00  00  00  00  
00  00  00  00  00  00  6D  16  10  00  03  00  00  00  E3  07  02  19  12  29  2F  00  00  6F  01  
00  00  6D  21  1C  00  03  00  00  00  12  02  00  00  8B  FF  FF  FF  FB  FF  FF  FF  F1  FF  FF  
FF  EB  FF  FF  FF  6A  00  00  00  6D  22  10  00  03  00  00  00  3B  FE  FF  FF  25  02  00  00  
BA  06  00  00  6D  23  14  00  03  00  00  00  00  81  B1  AF  76  C2  38  08  FD  5D  32  06  03  
ED  6B  51  0A  6D  24  24  00  02  00  00  00  00  00  00  00  00  00  00  00  00  00  00  00  00  
00  00  00  00  00  00  00  00  00  00  00  00  00  00  00  00  00  00  00  6D  31  20  00  00  03  
00  00  00  9E  39  01  00  FA  5D  FF  FF  61  0D  01  00  06  B4  07  00  A0  33  06  00  88  03  
71  FF  37  61  07  00  6D  32  24  00  03  00  00  00  1C  6E  0C  00  CA  09  CD  7B  01  00  00  
00  81  06  1B  8D  05  00  00  00  FE  00  FF  FF  FF  05  00  00  00  00  00  00  00  6D  33  10  
00  03  00  00  00  E3  07  02  19  12  29  2F  00  01  00  12  00  6D  34  14  00  03  00  00  00  
36  48  03  00  6F  38  FF  FF  24  37  04  00  40  EF  07  00  6D  35  0C  00  03  00  00  00  2A  
8D  01  00  28  12  07  1F  47  4E  00  00  7B  82  02  00  00  00  00  00  00  00  28  01  6D  15  
14  00  02  01  00  00  03  04  03  00  00  00  00  00  00  00  00  00  00  00  00  00  6D  16  10  
00  03  00  00  00  E3  07  02  19  12  29  2F  00  79  01  00  00  6D  21  1C  00  03  00  00  00  
16  00  00  00  2D  FF  FF  FF  FE  FF  FF  FF  FC  FF  FF  FF  EF  FF  FF  FF  29  00  00  00  6D  
22  10  00  03  00  00  00  3B  FE  FF  FF  24  02  00  00  BA  06  00  00  6D  23  14  00  03  00  
00  00  8A  B2  AF  76  54  46  08  FD  F1  E3  05  03  E1  7A  51  0A  6D  24  24  00  02  00  00  
00  00  00  00  00  00  00  00  00  00  00  00  00  00  00  00  00  00  00  00  00  00  00  00  00  
00  00  00  00  00  00  00  00  6D  31  20  00  03  00  00  00  1A  73  00  00  42  39  FF  FF  7F  
0E  01  00  2D  DF  07  00  D1  41  06  00  32  04  70  FF  46  61  07  00  6D  32  24  00  03  00  
00  00  1C  6E  0C  00  CA  09  CD  7B  01  00  00  00  81  06  1B  8D  05  00  00  00  FE  FF  FF  
FF  05  00  00  03  00  00  00  E3  07  02  19  12  29  2F  00  01  00  12  00  6D  34  14  00  03  
00  00  00  53  31  03  00  A9  52  FF  FF  0F  37  04  00  0B  E3  07  00  6D  35  0C  00  03  00  
00  00  27  8D  01  00  28  12  07  00  41  53  19  37  47  4E  00  00  7C  82  02  00  00  00  00  
00  00  00  28  01  6D  15  14  00  02  01  00  00  03  04  03  00  00  00  00  00  00  00  00  00  
00  00  00  00  6D  16  10  00  03  00  00  00  E3  07  02  19  12  29  2F  00  00  83  01  00  00  
6D  21  1C  00  03  00  00  00  5F  FD  FF  FF  35  00  00  00  45  FF  FF  FF  FF  FF  FF  FF  07  
00  00  00  31  00  00  00  6D  22  10  00  03  00  00  00  3B  FE  FF  FF  24  02  00  00  BA  06  
00  00  6D  23  14  00  03  00  00  00  00  28  B0  AF  76  84  3A  07  FD  83  E3  05  03  58  49  
51  0A  6D  24  24  00  02  00  00  00  00  00  00  00  00  00  00  00  00  00  00  00  00  00  00  
00  00  00  00  00  00  00  00  00  00  00  00  00  00  00  00  00  6D  31  20  00  00  03  00  00  
00  76  63  FF  FF  6C  A0  FF  FF  62  C6  00  00  1C  EA  07  00  35  A1  06  00  4B  22  70  FF  
C6  61  07  00  6D  32  24  00  03  00  00  00  1C  6E  0C  00  CA  09  CD  7B  01  00  00  00  81  
06  1B  8D  05  00  00  00  FE  FF  00  FF  FF  05  00  00  00  00  00  00  00  6D  33  10  00  03  
00  00  00  E3  07  02  19  12  29  2F  00  01  00  12  00  6D  34  14  00  03  00  00  00  2D  48  
03  00  A2  47  FF  FF  92  4E  04  00  D4  83  07  00  6D  35  0C  00  03  00  00  00  28  8D  01  
00  73  12  07  00  61  47  4E  00  00  7D  82  02  00  00  00  00  00  00  00  28  01  6D  15  14  
00  02  01  00  00  03  04  03  00  00  00  00  00  00  00  00  00  00  00  00  00  6D  16  10  00  
03  00  00  00  E3  07  02  19  12  29  2F  00  8D  01  00  00  6D  21  1C  00  03  00  00  00  F1  
FD  FF  FF  61  FF  FF  FF  F2  FF  FF  FF  07  00  00  00  FD  FF  FF  FF  1E  00  00  00  6D  22  
10  00  03  00  00  00  3A  FE  FF  FF  24  02  00  00  BA  06  00  00  6D  23  14  00  03  00  00  
00  AD  AB  AF  76  9A  70  06  FD  B8  96  05  03  31  59  51  0A  6D  24  24  00  02  00  00  00  
00  00  00  00  00  00  00  00  00  00  00  00  00  00  00  00  00  00  00  00  00  00  00  00  00  
00  00  00  00  00  00  00  6D  31  20  00  03  00  00  00  D0  9C  FF  FF  89  4D  FF  FF  4F  0A  
01  00  7F  0B  08  00  9B  7E  06  00  FC  D7  6F  FF  37  61  07  00  6D  32  24  00  03  00  00  
00  1C  6E  0C  00  CA  09  CD  7B  01  00  00  00  81  06  1B  8D  05  00  00  00  FE  FF  FF  FF  
05  00  00  00  03  00  00  00  E3  07  02  19  12  29  2F  00  01  00  12  00  6D  34  14  00  03  
00  00  00  90  3C  03  00  31  3C  FF  FF  D0  42  04  00  19  B7  07  00  6D  35  0C  00  03  00  
00  00  2A  8D  01  00  28  12  07  00  41  53  8E  E8  47  4E  00  00  7E  82  02  00  00  00  00  
00  00  00  28  01  6D  15  14  00  02  01  00  00  03  04  03  00  00  00  00  00  00  00  00  00  
00  00  00  00  6D  16  10  00  03  00  00  00  E3  07  02  19  12  29  2F  00  00  97  01  00  00  
6D  21  1C  00  03  00  00  00  7C  02  00  00  7F  FF  FF  FF  B4  00  00  00  0E  00  00  00  07  
00  00  00  15  00  00  00  6D  22  10  00  03  00  00  00  3B  FE  FF  FF  24  02  00  00  BA  06  
00  00  6D  23  14  00  03  00  00  00  00  72  AB  AF  76  16  6B  07  FD  05  7F  05  03  F2  AA  
51  0A  6D  24  24  00  02  00  00  00  00  00  00  00  00  00  00  00  00  00  00  00  00  00  00  
00  00  00  00  00  00  00  00  00  00  00  00  00  00  00  00  00  6D  31  20  00  00  03  00  00  
00  D7  62  01  00  13  59  FF  FF  40  56  01  00  F0  24  08  00  CD  A3  06  00  82  B7  6F  FF  
B7  61  07  00  6D  32  24  00  03  00  00  00  1C  6E  0C  00  CA  09  CD  7B  01  00  00  00  81  
06  1B  8D  05  00  00  00  FE  00  FF  FF  FF  05  00  00  00  00  00  00  00  6D  33  10  00  03  
00  00  00  E3  07  02  19  12  29  2F  00  01  00  12  00  6D  34  14  00  03  00  00  00  21  48  
03  00  E6  30  FF  FF  24  37  04  00  02  A6  07  00  6D  35  0C  00  03  00  00  00  27  8D  01  
00  5A  12  07  93  47  4E  00  00  7F  82  02  00  00  00  00  00  00  00  28  01  6D  15  14  00  
02  01  00  00  03  04  03  00  00  00  00  00  00  00  00  00  00  00  00  00  6D  16  10  00  03  
00  00  00  E3  07  02  19  12  29  2F  00  A1  01  00  00  6D  21  1C  00  03  00  00  00  EF  FE  
FF  FF  BF  FF  FF  FF  FD  FF  FF  FF  F7  FF  FF  FF  FE  FF  FF  FF  3B  00  00  00  6D  22  10  
00  03  00  00  00  3A  FE  FF  FF  24  02  00  00  BA  06  00  00  6D  23  14  00  03  00  00  00  
C8  A7  AF  76  D0  FF  06  FD  11  60  05  03  44  BF  51  0A  6D  24  24  00  02  00  00  00  00  
00  00  00  00  00  00  00  00  00  00  00  00  00  00  00  00  00  00  00  00  00  00  00  00  00  
00  00  00  00  00  00  6D  31  20  00  03  00  00  00  CE  FF  FF  FF  2C  72  FF  FF  D8  0E  01  
00  AE  CB  07  00  6A  80  06  00  CB  49  70  FF  DC  61  07  00  6D  32  24  00  03  00  00  00  
1C  6E  0C  00  CA  09  CD  7B  01  00  00  00  81  06  1B  8D  05  00  00  00  FE  FF  FF  FF  05  
00  00  10  00  03  00  00  00  E3  07  02  19  12  29  2F  00  01  00  12  00  6D  34  14  00  03  
00  00  00  10  48  03  00  8E  25  FF  FF  55  2F  04  00  81  7C  07  00  6D  35  0C  00  03  00  
00  00  2B  8D  01  00  8C  12  07  00  41  53  05  45  47  4E  00  00  80  82  02  00  AA  AA  AA  
AA  00  00  28  01  6D  15  14  00  02  01  00  00  03  04  03  00  00  00  00  00  00  00  00  00  
00  00  00  00  6D  16  10  00  03  00  00  00  E3  07  02  19  12  29  00  2F  00  AB  01  00  00  
6D  21  1C  00  03  00  00  00  A5  01  00  00  CE  FF  FF  FF  9A  00  00  00  0D  00  00  00  F6  
FF  FF  FF  3A  00  00  00  6D  22  10  00  03  00  00  00  3B  FE  FF  FF  24  02  00  00  BA  06  
00  00  6D  23  14  00  00  03  00  00  00  4F  A5  AF  76  40  A3  07  FD  49  60  05  03  B5  0A  
52  0A  6D  24  24  00  02  00  00  00  00  00  00  00  00  00  00  00  00  00  00  00  00  00  00  
00  00  00  00  00  00  00  00  00  00  00  00  00  00  00  00  00  6D  31  00  20  00  03  00  00  
00  08  0F  01  00  19  78  FF  FF  13  4C  01  00  86  1F  08  00  D5  5F  06  00  9D  47  70  FF  
63  62  07  00  6D  32  24  00  03  00  00  00  1C  6E  0C  00  CA  09  CD  7B  01  00  00  00  81  
06  1B  8D  05  00  00  00  00  FE  FF  FF  FF  05  00  00  00  00  00  00  00  6D  33  10  00  03  
00  00  00  E3  07  02  19  12  29  2F  00  01  00  12  00  6D  34  14  00  03  00  00  00  8B  19  
03  00  F4  19  FF  FF  2D  2F  04  00  88  66  07  00  6D  35  0C  00  03  00  00  00  27  8D  01  
00  73  12  A7  47  4E  00  00  81  82  02  00  02  03  90  01  00  00  28  01  6D  15  14  00  02  
01  00  00  03  04  03  00  00  00  00  00  00  00  00  00  00  00  00  00  6D  16  10  00  03  00  
00  00  E3  07  02  19  12  29  2F  00  B5  01  00  00  6D  21  1C  00  03  00  00  00  E0  FF  FF  
FF  A5  FF  FF  FF  EE  FF  FF  FF  08  00  00  00  0F  00  00  00  46  00  00  00  6D  22  10  00  
03  00  00  00  3B  FE  FF  FF  24  02  00  00  BA  06  00  00  6D  23  14  00  03  00  00  00  8F  
A4  AF  76  3A  96  07  FD  8F  3F  05  03  24  19  52  0A  6D  24  24  00  02  00  00  00  00  00  
00  00  00  00  00  00  00  00  00  00  00  00  00  00  00  00  00  00  00  00  00  00  00  00  00  
00  00  00  00  00  6D  31  20  00  03  00  00  00  13  5E  00  00  E9  67  FF  FF  32  09  01  00  
08  0F  08  00  16  C2  06  00  C9  75  70  FF  7B  61  07  00  6D  32  24  00  03  00  00  00  1C  
6E  0C  00  CA  09  CD  7B  01  00  00  00  81  06  1B  8D  05  00  00  00  FE  FF  FF  FF  05  00  
00  33  10  00  03  00  00  00  E3  07  02  19  12  29  2F  00  01  00  12  00  6D  34  14  00  03  
00  00  00  C6  19  03  00  31  25  FF  FF  78  23  04  00  88  66  07  00  6D  35  0C  00  03  00  
00  00  2A  8D  01  00  28  12  07  00  41  53  1C  C4  47  4E  00  00  82  82  02  00  04  00  01  
00  00  00  28  01  6D  15  14  00  02  01  00  00  03  04  03  00  00  00  00  00  00  00  00  00  
00  00  00  00  6D  16  10  00  03  00  00  00  E3  07  02  19  12  00  29  2F  00  BF  01  00  00  
6D  21  1C  00  03  00  00  00  4E  FE  FF  FF  6B  00  00  00  D5  FF  FF  FF  14  00  00  00  16  
00  00  00  5F  00  00  00  6D  22  10  00  03  00  00  00  3A  FE  FF  FF  24  02  00  00  BA  06  
00  00  6D  23  14  00  00  03  00  00  00  A2  9E  AF  76  25  E5  06  FD  87  5E  05  03  44  21  
52  0A  6D  24  24  00  02  00  00  00  00  00  00  00  00  00  00  00  00  00  00  00  00  00  00  
00  00  00  00  00  00  00  00  00  00  00  00  00  00  00  00  00  6D  00  31  20  00  03  00  00  
00  24  C1  FF  FF  73  B5  FF  FF  4D  FF  00  00  0A  3D  08  00  1E  DE  06  00  EF  D4  70  FF  
A8  61  07  00  6D  32  24  00  03  00  00  00  1C  6E  0C  00  CA  09  CD  7B  01  00  00  00  81  
06  1B  8D  05  00  00  00  00  FE  FF  FF  FF  05  00  00  00  00  00  00  00  6D  33  10  00  03  
00  00  00  E3  07  02  19  12  29  2F  00  01  00  12  00  6D  34  14  00  03  00  00  00  2B  29  
03  00  8C  21  FF  FF  6C  27  04  00  88  66  07  00  6D  35  0C  00  03  00  00  00  2B  8D  01  
00  73  8B  47  4E  00  00  83  82  02  00  C0  C6  2D  00  00  00  28  01  6D  15  14  00  02  01  
00  00  03  04  03  00  00  00  00  00  00  00  00  00  00  00  00  00  6D  16  10  00  03  00  00  
00  E3  07  02  19  12  29  2F  00  C9  01  00  00  6D  21  1C  00  03  00  00  00  B8  FF  FF  FF  
47  FF  FF  FF  B9  FF  FF  FF  F5  FF  FF  FF  07  00  00  00  34  00  00  00  6D  22  10  00  03  
00  00  00  3A  FE  FF  FF  24  02  00  00  BA  06  00  00  6D  23  14  00  03  00  00  00  EB  9F  
AF  76  38  CA  06  FD  52  18  05  03  45  1F  52  0A  6D  24  24  00  02  00  00  00  00  00  00  
00  00  00  00  00  00  00  00  00  00  00  00  00  00  00  00  00  00  00  00  00  00  00  00  00  
00  00  00  00  6D  31  20  00  03  00  00  00  C3  4E  00  00  7F  43  FF  FF  95  F4  00  00  CF  
C2  07  00  CF  A3  06  00  C6  2D  70  FF  E5  60  07  00  6D  32  24  00  03  00  00  00  1C  6E  
0C  00  CA  09  CD  7B  01  00  00  00  81  06  1B  8D  05  00  00  00  FE  FF  FF  FF  05  00  00  
33  10  00  03  00  00  00  E3  07  02  19  12  29  2F  00  01  00  12  00  6D  34  14  00  03  00  
00  00  87  3C  03  00  09  2D  FF  FF  32  33  04  00  4C  70  07  00  6D  35  0C  00  03  00  00  
00  28  8D  01  00  0F  12  07  00  41  53  FA  17  47  4E  00  00  84  82  02  00  00  10  0E  00  
00  00  28  01  6D  15  14  00  02  01  00  00  03  04  03  00  00  00  00  00  00  00  00  00  00  
00  00  00  6D  16  10  00  03  00  00  00  E3  07  02  19  12  00  29  2F  00  D3  01  00  00  6D  
21  1C  00  03  00  00  00  D4  FE  FF  FF  3A  FF  FF  FF  69  FF  FF  FF  09  00  00  00  EA  FF  
FF  FF  4C  00  00  00  6D  22  10  00  03  00  00  00  3A  FE  FF  FF  24  02  00  00  BA  06  00  
00  6D  23  14  00  00  03  00  00  00  CB  A1  AF  76  3A  56  06  FD  7D  C4  04  03  CC  00  52  
0A  6D  24  24  00  02  00  00  00  00  00  00  00  00  00  00  00  00  00  00  00  00  00  00  00  
00  00  00  00  00  00  00  00  00  00  00  00  00  00  00  00  6D  00  31  20  00  03  00  00  00  
7F  F5  FF  FF  54  3E  FF  FF  85  D5  00  00  FB  10  08  00  6C  35  06  00  18  8B  70  FF  35  
63  07  00  6D  32  24  00  03  00  00  00  BE  6C  0C  00  CA  09  CD  7B  01  00  00  00  A4  06  
1B  8D  05  00  00  00  00  01  00  00  00  03  00  00  00  00  00  00  00  6D  33  10  00  03  00  
00  00  E3  07  02  19  12  29  2F  00  01  00  12  00  6D  34  14  00  03  00  00  00  A8  48  03  
00  B0  65  FF  FF  F2  3E  04  00  98  8D  07  00  6D  35  0C  00  03  00  00  00  29  8D  01  00  
28  49  47  4E  00  00  85  82  02  00  01  00  00  01  00  00  28  01  6D  15  14  00  02  01  00  
00  03  04  03  00  00  00  00  00  00  00  00  00  00  00  00  00  6D  16  10  00  03  00  00  00  
E3  07  02  19  12  29  2F  00  DD  01  00  00  6D  21  1C  00  03  00  00  00  DF  FF  FF  FF  44  
00  00  00  C4  FF  FF  FF  01  00  00  00  F5  FF  FF  FF  56  00  00  00  6D  22  10  00  03  00  
00  00  3A  FE  FF  FF  24  02  00  00  BA  06  00  00  6D  23  14  00  03  00  00  00  81  A0  AF  
76  F5  42  06  FD  2F  E2  04  03  5F  01  52  0A  6D  24  24  00  02  00  00  00  00  00  00  00  
00  00  00  00  00  00  00  00  00  00  00  00  00  00  00  00  00  00  00  00  00  00  00  00  00  
00  00  00  6D  31  20  00  03  00  00  00  DC  5D  00  00  40  A6  FF  FF  47  F9  00  00  69  F0  
07  00  B5  5F  06  00  60  B2  70  FF  45  62  07  00  6D  32  24  00  03  00  00  00  BE  6C  0C  
00  CA  09  CD  7B  01  00  00  00  A4  06  1B  8D  05  00  00  00  01  00  00  00  03  00  00  33  
10  00  03  00  00  00  E3  07  02  19  12  29  2F  00  01  00  12  00  6D  34  14  00  03  00  00  
00  75  48  03  00  49  38  FF  FF  D4  1B  04  00  9F  77  07  00  6D  35  0C  00  03  00  00  00  
2B  8D  01  00  8C  12  07  00  41  53  4D  B1  47  4E  00  00  86  82  02  00  30  0F  1F  00  00  
00  28  01  6D  15  14  00  02  01  00  00  03  04  03  00  00  00  00  00  00  00  00  00  00  00  
00  00  6D  16  10  00  03  00  00  00  E3  07  02  19  12  00  29  2F  00  E7  01  00  00  6D  21  
1C  00  03  00  00  00  8E  00  00  00  98  FF  FF  FF  B7  FF  FF  FF  FB  FF  FF  FF  05  00  00  
00  24  00  00  00  6D  22  10  00  03  00  00  00  3A  FE  FF  FF  24  02  00  00  BA  06  00  00  
6D  23  14  00  00  03  00  00  00  30  A3  AF  76  CA  78  06  FD  68  C2  04  03  56  FB  51  0A  
6D  24  24  00  02  00  00  00  00  00  00  00  00  00  00  00  00  00  00  00  00  00  00  00  00  
00  00  00  00  00  00  00  00  00  00  00  00  00  00  00  6D  00  31  20  00  03  00  00  00  03  
A2  00  00  EF  62  FF  FF  F8  F3  00  00  E7  D9  07  00  5A  9C  06  00  98  F1  6F  FF  18  62  
07  00  6D  32  24  00  03  00  00  00  BE  6C  0C  00  CA  09  CD  7B  01  00  00  00  A4  06  1B  
8D  05  00  00  00  00  01  00  00  00  03  00  00  00  00  00  00  00  6D  33  10  00  03  00  00  
00  E3  07  02  19  12  29  2F  00  01  00  12  00  6D  34  14  00  03  00  00  00  E0  57  03  00  
67  38  FF  FF  C7  1F  04  00  B8  DB  07  00  6D  35  0C  00  03  00  00  00  2D  8D  01  00  73  
93  47  4E  00  00  87  82  02  00  00  00  00  00  00  00  28  01  6D  15  14  00  02  01  00  00  
03  04  03  00  00  00  00  00  00  00  00  00  00  00  00  00  6D  16  10  00  03  00  00  00  E3  
07  02  19  12  29  2F  00  F1  01  00  00  6D  21  1C  00  03  00  00  00  ED  FF  FF  FF  02  00  
00  00  C5  FF  FF  FF  FD  FF  FF  FF  FB  FF  FF  FF  5E  00  00  00  6D  22  10  00  03  00  00  
00  3A  FE  FF  FF  24  02  00  00  BA  06  00  00  6D  23  14  00  03  00  00  00  E4  A2  AF  76  
33  6C  06  FD  47  C6  04  03  FD  F9  51  0A  6D  24  24  00  02  00  00  00  00  00  00  00  00  
00  00  00  00  00  00  00  00  00  00  00  00  00  00  00  00  00  00  00  00  00  00  00  00  00  
00  00  6D  31  20  00  03  00  00  00  3B  63  00  00  49  8C  FF  FF  5E  F9  00  00  09  E0  07  
00  1E  77  06  00  C6  D2  70  FF  E4  61  07  00  6D  32  24  00  03  00  00  00  BE  6C  0C  00  
CA  09  CD  7B  01  00  00  00  A4  06  1B  8D  05  00  00  00  01  00  00  00  03  00  00  6D  33  
10  00  03  00  00  00  E3  07  02  19  12  29  2F  00  01  00  12  00  6D  34  14  00  03  00  00  
00  C2  5B  03  00  CB  43  FF  FF  7F  2B  04  00  14  20  08  00  6D  35  0C  00  03  00  00  00  
2B  8D  01  00  5A  12  07  00  41  53  4A  53  47  4E  00  00  88  82  02  00  03  00  00  00  00  
00  28  01  6D  15  14  00  02  01  00  00  03  04  03  00  00  00  00  00  00  00  00  00  00  00  
00  00  6D  16  10  00  03  00  00  00  E3  07  02  19  00  12  29  2F  00  FB  01  00  00  6D  21  
1C  00  03  00  00  00  75  FF  FF  FF  BB  00  00  00  EF  FE  FF  FF  FC  FF  FF  FF  FF  FF  FF  
FF  39  00  00  00  6D  22  10  00  03  00  00  00  3A  FE  FF  FF  24  02  00  00  BA  06  00  00  
6D  23  00  14  00  03  00  00  00  B6  A6  AF  76  0A  29  06  FD  6C  0C  05  03  2C  A6  51  0A  
6D  24  24  00  02  00  00  00  00  00  00  00  00  00  00  00  00  00  00  00  00  00  00  00  00  
00  00  00  00  00  00  00  00  00  00  00  00  00  00  00  00  6D  31  20  00  03  00  00  00  70  
34  00  00  C3  D4  FF  FF  C7  A5  00  00  17  DE  07  00  37  87  06  00  EB  42  70  FF  6A  62  
07  00  6D  32  24  00  03  00  00  00  BE  6C  0C  00  CA  09  CD  7B  01  00  00  00  A4  06  1B  
8D  05  00  00  00  00  01  00  00  00  03  00  00  00  00  00  00  00  6D  33  10  00  03  00  00  
00  E3  07  02  19  12  29  2F  00  01  00  12  00  6D  34  14  00  03  00  00  00  F7  38  03  00  
35  38  FF  FF  AC  1F  04  00  E4  AA  07  00  6D  35  0C  00  03  00  00  00  2E  8D  01  00  52  
47  4E  00  00  89  82  02  00  00  00  12  00  00  00  28  01  6D  15  14  00  02  01  00  00  03  
04  03  00  00  00  00  00  00  00  00  00  00  00  00  00  6D  16  10  00  03  00  00  00  E3  07  
02  19  12  29  2F  00  05  02  00  00  6D  21  1C  00  03  00  00  00  D4  FE  FF  FF  5E  00  00  
00  9E  FF  FF  FF  0D  00  00  00  F9  FF  FF  FF  46  00  00  00  6D  22  10  00  03  00  00  00  
3A  FE  FF  FF  24  02  00  00  BA  06  00  00  6D  23  14  00  03  00  00  00  6F  A4  AF  76  CA  
AC  05  FD  83  29  05  03  FA  93  51  0A  6D  24  24  00  02  00  00  00  00  00  00  00  00  00  
00  00  00  00  00  00  00  00  00  00  00  00  00  00  00  00  00  00  00  00  00  00  00  00  00  
00  6D  31  20  00  03  00  00  00  A6  F5  FF  FF  3D  B0  FF  FF  33  EA  00  00  1B  22  08  00  
AC  70  06  00  89  73  70  FF  37  61  07  00  6D  32  24  00  03  00  00  00  BE  6C  0C  00  CA  
09  CD  7B  01  00  00  00  A4  06  1B  8D  05  00  00  00  01  00  00  00  03  00  00  33  10  00  
03  00  00  00  E3  07  02  19  12  29  2F  00  01  00  12  00  6D  34  14  00  03  00  00  00  D5  
4F  03  00  8C  38  FF  FF  E3  42  04  00  8A  B9  07  00  6D  35  0C  00  03  00  00  00  2B  8D  
01  00  D7  12  07  00  41  53  85  81  47  4E  00  00  8A  82  02  00  00  00  00  00  00  00  28  
01  6D  15  14  00  02  01  00  00  03  04  03  00  00  00  00  00  00  00  00  00  00  00  00  00  
6D  16  10  00  03  00  00  00  E3  07  02  19  12  00  29  2F  00  0F  02  00  00  6D  21  1C  00  
03  00  00  00  E9  01  00  00  11  00  00  00  DE  FF  FF  FF  E4  FF  FF  FF  08  00  00  00  5C  
00  00  00  6D  22  10  00  03  00  00  00  3A  FE  FF  FF  24  02  00  00  BA  06  00  00  6D  23  
14  00  00  03  00  00  00  18  A8  AF  76  12  66  06  FD  98  44  05  03  65  97  51  0A  6D  24  
24  00  02  00  00  00  00  00  00  00  00  00  00  00  00  00  00  00  00  00  00  00  00  00  00  
00  00  00  00  00  00  00  00  00  00  00  00  00  6D  00  31  20  00  03  00  00  00  B8  29  01  
00  F2  91  FF  FF  C8  02  01  00  92  82  07  00  B3  A7  06  00  6D  C9  70  FF  02  62  07  00  
6D  32  24  00  03  00  00  00  BE  6C  0C  00  CA  09  CD  7B  01  00  00  00  A4  06  1B  8D  05  
00  00  00  00  01  00  00  00  03  00  00  00  00  00  00  00  6D  33  10  00  03  00  00  00  E3  
07  02  19  12  29  2F  00  01  00  12  00  6D  34  14  00  03  00  00  00  3B  57  03  00  36  31  
FF  FF  42  5E  04  00  F4  D1  07  00  6D  35  0C  00  03  00  00  00  2C  8D  01  00  5A  2D  47  
4E  00  00  8B  82  02  00  00  00  00  00  00  00  28  01  6D  15  14  00  02  01  00  00  03  04  
03  00  00  00  00  00  00  00  00  00  00  00  00  00  6D  16  10  00  03  00  00  00  E3  07  02  
19  12  29  2F  00  19  02  00  00  6D  21  1C  00  03  00  00  00  19  FE  FF  FF  E7  FF  FF  FF  
35  FF  FF  FF  FD  FF  FF  FF  F8  FF  FF  FF  26  00  00  00  6D  22  10  00  03  00  00  00  3A  
FE  FF  FF  24  02  00  00  BA  06  00  00  6D  23  14  00  03  00  00  00  AA  A8  AF  76  98  A3  
05  FD  25  2C  05  03  E8  5F  51  0A  6D  24  24  00  02  00  00  00  00  00  00  00  00  00  00  
00  00  00  00  00  00  00  00  00  00  00  00  00  00  00  00  00  00  00  00  00  00  00  00  00  
6D  31  20  00  03  00  00  00  8C  AC  FF  FF  7F  81  FF  FF  D6  C0  00  00  38  E3  07  00  9D  
6D  06  00  57  F6  6F  FF  6A  62  07  00  6D  32  24  00  03  00  00  00  BE  6C  0C  00  CA  09  
CD  7B  01  00  00  00  A4  06  1B  8D  05  00  00  00  01  00  00  00  03  00  00  00  6D  33  10  
00  03  00  00  00  E3  07  02  19  12  29  2F  00  01  00  12  00  6D  34  14  00  03  00  00  00  
02  57  03  00  C3  29  FF  FF  E5  6D  04  00  7C  E5  07  00  6D  35  0C  00  03  00  00  00  2D  
8D  01  00  DD  11  07  00  41  53  09  09  47  4E  00  00  8C  82  02  00  00  00  00  00  00  00  
28  01  6D  15  14  00  02  01  00  00  03  04  03  00  00  00  00  00  00  00  00  00  00  00  00  
00  6D  16  10  00  03  00  00  00  E3  07  02  00  19  12  29  2F  00  23  02  00  00  6D  21  1C  
00  03  00  00  00  57  01  00  00  10  00  00  00  A9  FF  FF  FF  FF  FF  FF  FF  F3  FF  FF  FF  
37  00  00  00  6D  22  10  00  03  00  00  00  3A  FE  FF  FF  24  02  00  00  BA  06  00  00  6D  
00  23  14  00  03  00  00  00  0E  AD  AF  76  C6  23  06  FD  F7  40  05  03  46  4C  51  0A  6D  
24  24  00  02  00  00  00  00  00  00  00  00  00  00  00  00  00  00  00  00  00  00  00  00  00  
00  00  00  00  00  00  00  00  00  00  00  00  00  00  00  6D  31  20  00  03  00  00  00  AB  F0  
00  00  9D  91  FF  FF  3C  EE  00  00  51  E8  07  00  FE  56  06  00  D2  3B  70  FF  E5  60  07  
00  6D  32  24  00  03  00  00  00  BE  6C  0C  00  CA  09  CD  7B  01  00  00  00  A4  06  1B  8D  
05  00  00  00  00  01  00  00  00  03  00  00  00  00  00  00  00  6D  33  10  00  03  00  00  00  
E3  07  02  19  12  29  2F  00  01  00  12  00  6D  34  14  00  03  00  00  00  A2  47  03  00  44  
0B  FF  FF  F4  3E  04  00  10  7A  07  00  6D  35  0C  00  03  00  00  00  2E  8D  01  39  47  4E  
00  00  8D  82  02  00  00  00  00  00  00  00  28  01  6D  15  14  00  02  01  00  00  03  04  03  
00  00  00  00  00  00  00  00  00  00  00  00  00  6D  16  10  00  03  00  00  00  E3  07  02  19  
12  29  2F  00  2D  02  00  00  6D  21  1C  00  03  00  00  00  68  FF  FF  FF  03  00  00  00  17  
00  00  00  04  00  00  00  FF  FF  FF  FF  11  00  00  00  6D  22  10  00  03  00  00  00  3A  FE  
FF  FF  24  02  00  00  BA  06  00  00  6D  23  14  00  03  00  00  00  00  A9  AF  76  90  E5  05  
FD  DE  40  05  03  09  69  51  0A  6D  24  24  00  02  00  00  00  00  00  00  00  00  00  00  00  
00  00  00  00  00  00  00  00  00  00  00  00  00  00  00  00  00  00  00  00  00  00  00  00  6D  
31  20  00  03  00  00  00  18  2F  00  00  10  8C  FF  FF  0C  19  01  00  F1  FD  07  00  CF  85  
06  00  2E  A7  6F  FF  B1  60  07  00  6D  32  24  00  03  00  00  00  BE  6C  0C  00  CA  09  CD  
7B  01  00  00  00  A4  06  1B  8D  05  00  00  00  01  00  00  00  03  00  00  00  00  6D  33  10  
00  03  00  00  00  E3  07  02  19  12  29  2F  00  01  00  12  00  6D  34  14  00  03  00  00  00  
AF  6A  03  00  D3  38  FF  FF  82  56  04  00  A1  CA  07  00  6D  35  0C  00  03  00  00  00  2A  
8D  01  00  8C  12  07  00  41  53  76  20  47  4E  00  00  8E  82  02  00  00  00  00  00  00  00  
28  01  6D  15  14  00  02  01  00  00  03  04  03  00  00  00  00  00  00  00  00  00  00  00  00  
00  6D  16  10  00  03  00  00  00  E3  07  00  02  19  12  29  2F  00  37  02  00  00  6D  21  1C  
00  03  00  00  00  80  00  00  00  61  00  00  00  D2  FF  FF  FF  0A  00  00  00  F0  FF  FF  FF  
35  00  00  00  6D  22  10  00  03  00  00  00  3A  FE  FF  FF  24  02  00  00  BA  06  00  00  00  
6D  23  14  00  03  00  00  00  ED  A8  AF  76  06  10  06  FD  81  6E  05  03  C4  68  51  0A  6D  
24  24  00  02  00  00  00  00  00  00  00  00  00  00  00  00  00  00  00  00  00  00  00  00  00  
00  00  00  00  00  00  00  00  00  00  00  00  00  00  00  6D  31  20  00  03  00  00  00  8C  9C  
00  00  BE  B0  FF  FF  26  FE  00  00  2A  14  08  00  4A  4D  06  00  B3  32  70  FF  11  62  07  
00  6D  32  24  00  03  00  00  00  B0  6B  0C  00  CA  09  CD  7B  01  00  00  00  B5  06  1B  8D  
00  05  00  00  00  FF  FF  FF  FF  03  00  00  00  00  00  00  00  6D  33  10  00  03  00  00  00  
E3  07  02  19  12  29  2F  00  01  00  12  00  6D  34  14  00  03  00  00  00  41  5F  03  00  3E  
40  FF  FF  A7  4E  04  00  7C  E5  07  00  6D  35  0C  00  03  00  00  00  2C  8D  BD  47  4E  00  
00  8F  82  02  00  01  01  00  00  00  00  28  01  6D  15  14  00  02  01  00  00  03  04  03  00  
00  00  00  00  00  00  00  00  00  00  00  00  6D  16  10  00  03  00  00  00  E3  07  02  19  12  
29  2F  00  41  02  00  00  6D  21  1C  00  03  00  00  00  90  FF  FF  FF  C1  FF  FF  FF  17  00  
00  00  08  00  00  00  FA  FF  FF  FF  54  00  00  00  6D  22  10  00  03  00  00  00  3A  FE  FF  
FF  24  02  00  00  BA  06  00  00  6D  23  14  00  03  00  00  00  C7  A5  AF  76  60  E4  05  FD  
8A  56  05  03  63  87  51  0A  6D  24  24  00  02  00  00  00  00  00  00  00  00  00  00  00  00  
00  00  00  00  00  00  00  00  00  00  00  00  00  00  00  00  00  00  00  00  00  00  00  6D  31  
20  00  03  00  00  00  CE  3E  00  00  2C  72  FF  FF  06  19  01  00  67  0F  08  00  23  73  06  
00  2C  AB  70  FF  B8  60  07  00  6D  32  24  00  03  00  00  00  B0  6B  0C  00  CA  09  CD  7B  
01  00  00  00  B5  06  1B  8D  05  00  00  00  FF  FF  FF  FF  03  00  00  00  6D  33  10  00  03  
00  00  00  E3  07  02  19  12  29  2F  00  01  00  12  00  6D  34  14  00  03  00  00  00  25  48  
03  00  7A  38  FF  FF  F3  3E  04  00  7C  E5  07  00  6D  35  0C  00  03  00  00  00  29  8D  01  
00  28  12  07  00  41  53  06  5E  47  4E  00  00  90  82  02  00  00  00  00  00  00  00  28  01  
6D  15  14  00  02  01  00  00  03  04  03  00  00  00  00  00  00  00  00  00  00  00  00  00  6D  
16  10  00  03  00  00  00  E3  07  02  00  19  12  29  2F  00  4B  02  00  00  6D  21  1C  00  03  
00  00  00  5D  FE  FF  FF  2B  00  00  00  E3  FF  FF  FF  16  00  00  00  F9  FF  FF  FF  1B  00  
00  00  6D  22  10  00  03  00  00  00  39  FE  FF  FF  24  02  00  00  BA  06  00  00  6D  00  23  
14  00  03  00  00  00  08  A0  AF  76  4A  3C  05  FD  6A  5D  05  03  FA  96  51  0A  6D  24  24  
00  02  00  00  00  00  00  00  00  00  00  00  00  00  00  00  00  00  00  00  00  00  00  00  00  
00  00  00  00  00  00  00  00  00  00  00  00  00  6D  31  20  00  03  00  00  00  A9  C6  FF  FF  
61  9B  FF  FF  A4  04  01  00  D2  43  08  00  6E  73  06  00  57  CC  6F  FF  A2  60  07  00  6D  
32  24  00  03  00  00  00  B0  6B  0C  00  CA  09  CD  7B  01  00  00  00  B5  06  1B  8D  05  00  
00  00  00  FF  FF  FF  FF  03  00  00  00  00  00  00  00  6D  33  10  00  03  00  00  00  E3  07  
02  19  12  29  2F  00  01  00  12  00  6D  34  14  00  03  00  00  00  E7  66  03  00  C2  38  FF  
FF  AD  4E  04  00  7C  E5  07  00  6D  35  0C  00  03  00  00  00  24  8D  01  F0  47  4E  00  00  
91  82  02  00  00  00  00  00  00  00  28  01  6D  15  14  00  02  01  00  00  03  04  03  00  00  
00  00  00  00  00  00  00  00  00  00  00  6D  16  10  00  03  00  00  00  E3  07  02  19  12  29  
2F  00  55  02  00  00  6D  21  1C  00  03  00  00  00  B7  FF  FF  FF  11  00  00  00  8F  00  00  
00  10  00  00  00  01  00  00  00  36  00  00  00  6D  22  10  00  03  00  00  00  39  FE  FF  FF  
24  02  00  00  BA  06  00  00  6D  23  14  00  03  00  00  00  C0  97  AF  76  68  1D  05  FD  96  
68  05  03  05  EA  51  0A  6D  24  24  00  02  00  00  00  00  00  00  00  00  00  00  00  00  00  
00  00  00  00  00  00  00  00  00  00  00  00  00  00  00  00  00  00  00  00  00  00  6D  31  20  
00  03  00  00  00  FD  4D  00  00  71  91  FF  FF  D1  47  01  00  9D  2B  08  00  B1  93  06  00  
24  37  70  FF  30  61  07  00  6D  32  24  00  03  00  00  00  B0  6B  0C  00  CA  09  CD  7B  01  
00  00  00  B5  06  1B  8D  05  00  00  00  FF  FF  FF  FF  03  00  00  00  00  6D  33  10  00  03  
00  00  00  E3  07  02  19  12  29  2F  00  01  00  12  00  6D  34  14  00  03  00  00  00  45  44  
03  00  D7  43  FF  FF  8E  4E  04  00  75  FB  07  00  6D  35  0C  00  03  00  00  00  28  8D  01  
00  28  12  07  00  41  53  CF  21  47  4E  00  00  92  82  02  00  00  00  00  00  00  00  28  01  
6D  15  14  00  02  01  00  00  03  04  03  00  00  00  00  00  00  00  00  00  00  00  00  00  6D  
16  10  00  03  00  00  00  E3  07  00  02  19  12  29  2F  00  5F  02  00  00  6D  21  1C  00  03  
00  00  00  BA  FE  FF  FF  2B  00  00  00  E2  FF  FF  FF  08  00  00  00  01  00  00  00  41  00  
00  00  6D  22  10  00  03  00  00  00  39  FE  FF  FF  24  02  00  00  BA  06  00  00  00  6D  23  
14  00  03  00  00  00  80  92  AF  76  1F  99  04  FD  B8  73  05  03  E9  FC  51  0A  6D  24  24  
00  02  00  00  00  00  00  00  00  00  00  00  00  00  00  00  00  00  00  00  00  00  00  00  00  
00  00  00  00  00  00  00  00  00  00  00  00  00  6D  31  20  00  03  00  00  00  21  EB  FF  FF  
81  9B  FF  FF  6E  04  01  00  34  0D  08  00  56  91  06  00  35  63  70  FF  FC  60  07  00  6D  
32  24  00  03  00  00  00  B0  6B  0C  00  CA  09  CD  7B  01  00  00  00  B5  06  1B  8D  00  05  
00  00  00  FF  FF  FF  FF  03  00  00  00  00  00  00  00  6D  33  10  00  03  00  00  00  E3  07  
02  19  12  29  2F  00  01  00  12  00  6D  34  14  00  03  00  00  00  C1  30  03  00  75  38  FF  
FF  4E  56  04  00  F4  D1  07  00  6D  35  0C  00  03  00  00  00  2B  8D  D1  47  4E  00  00  93  
82  02  00  00  00  00  00  00  00  28  01  6D  15  14  00  02  01  00  00  03  04  03  00  00  00  
00  00  00  00  00  00  00  00  00  00  6D  16  10  00  03  00  00  00  E3  07  02  19  12  29  2F  
00  69  02  00  00  6D  21  1C  00  03  00  00  00  11  02  00  00  3B  00  00  00  49  00  00  00  
07  00  00  00  07  00  00  00  5D  00  00  00  6D  22  10  00  03  00  00  00  39  FE  FF  FF  24  
02  00  00  BA  06  00  00  6D  23  14  00  03  00  00  00  F3  91  AF  76  20  62  05  FD  F4  A2  
05  03  75  2F  52  0A  6D  24  24  00  02  00  00  00  00  00  00  00  00  00  00  00  00  00  00  
00  00  00  00  00  00  00  00  00  00  00  00  00  00  00  00  00  00  00  00  00  6D  31  20  00  
03  00  00  00  11  39  01  00  99  A1  FF  FF  74  2C  01  00  CA  09  08  00  25  A8  06  00  17  
CE  70  FF  09  62  07  00  6D  32  24  00  03  00  00  00  B0  6B  0C  00  CA  09  CD  7B  01  00  
00  00  B5  06  1B  8D  05  00  00  00  FF  FF  FF  FF  03  00  00  00  00  00  6D  33  10  00  03  
00  00  00  E3  07  02  19  12  29  2F  00  01  00  12  00  6D  34  14  00  03  00  00  00  C8  28  
03  00  61  29  FF  FF  18  5E  04  00  20  A1  07  00  6D  35  0C  00  03  00  00  00  28  8D  01  
00  28  12  07  00  41  53  11  A4  47  4E  00  00  94  82  02  00  00  00  00  00  00  00  28  01  
6D  15  14  00  02  01  00  00  03  04  03  00  00  00  00  00  00  00  00  00  00  00  00  00  6D  
16  10  00  03  00  00  00  E3  00  07  02  19  12  29  2F  00  73  02  00  00  6D  21  1C  00  03  
00  00  00  92  FE  FF  FF  3D  FF  FF  FF  1A  00  00  00  17  00  00  00  02  00  00  00  41  00  
00  00  6D  22  10  00  03  00  00  00  39  FE  FF  FF  24  02  00  00  BB  06  00  00  00  6D  23  
14  00  03  00  00  00  8F  8C  AF  76  81  D6  04  FD  F9  50  05  03  24  5D  52  0A  6D  24  24  
00  02  00  00  00  00  00  00  00  00  00  00  00  00  00  00  00  00  00  00  00  00  00  00  00  
00  00  00  00  00  00  00  00  00  00  00  00  00  6D  31  20  00  03  00  00  00  59  DB  FF  FF  
2E  3E  FF  FF  A8  19  01  00  7A  49  08  00  8D  93  06  00  4E  63  70  FF  B7  61  07  00  6D  
32  24  00  03  00  00  00  B0  6B  0C  00  CA  09  CD  7B  01  00  00  00  B5  06  1B  00  8D  05  
00  00  00  FF  FF  FF  FF  03  00  00  00  00  00  00  00  6D  33  10  00  03  00  00  00  E3  07  
02  19  12  29  2F  00  01  00  12  00  6D  34  14  00  03  00  00  00  AA  47  03  00  6C  1A  FF  
FF  93  4E  04  00  C8  02  08  00  6D  35  0C  00  03  00  00  00  27  58  47  4E  00  00  95  82  
02  00  00  00  00  00  00  00  28  01  6D  15  14  00  02  01  00  00  03  04  03  00  00  00  00  
00  00  00  00  00  00  00  00  00  6D  16  10  00  03  00  00  00  E3  07  02  19  12  29  2F  00  
7D  02  00  00  6D  21  1C  00  03  00  00  00  15  00  00  00  B2  00  00  00  59  00  00  00  F0  
FF  FF  FF  FE  FF  FF  FF  45  00  00  00  6D  22  10  00  03  00  00  00  39  FE  FF  FF  24  02  
00  00  BB  06  00  00  6D  23  14  00  03  00  00  00  01  85  AF  76  E6  D4  04  FD  F8  9D  05  
03  07  9D  52  0A  6D  24  24  00  02  00  00  00  00  00  00  00  00  00  00  00  00  00  00  00  
00  00  00  00  00  00  00  00  00  00  00  00  00  00  00  00  00  00  00  00  6D  31  20  00  03  
00  00  00  49  72  00  00  E1  CF  FF  FF  7E  32  01  00  AC  B1  07  00  28  87  06  00  4C  71  
70  FF  2F  62  07  00  6D  32  24  00  03  00  00  00  B0  6B  0C  00  CA  09  CD  7B  01  00  00  
00  B5  06  1B  8D  05  00  00  00  FF  FF  FF  FF  03  00  00  00  00  00  6D  33  10  00  03  00  
00  00  E3  07  02  19  12  29  2F  00  01  00  12  00  6D  34  14  00  03  00  00  00  4D  6A  03  
00  58  0F  FF  FF  B2  4E  04  00  C8  02  08  00  6D  35  0C  00  03  00  00  00  2B  8D  01  00  
8C  12  07  00  41  53  D0  85  47  4E  00  00  96  82  02  00  02  01  01  01  00  00  28  01  6D  
15  14  00  02  01  00  00  03  04  03  00  00  00  00  00  00  00  00  00  00  00  00  00  6D  16  
10  00  03  00  00  00  E3  00  07  02  19  12  29  2F  00  87  02  00  00  6D  21  1C  00  03  00  
00  00  42  FE  FF  FF  61  00  00  00  A1  FF  FF  FF  06  00  00  00  0F  00  00  00  34  00  00  
00  6D  22  10  00  03  00  00  00  39  FE  FF  FF  24  02  00  00  BB  06  00  00  00  6D  23  14  
00  03  00  00  00  14  80  AF  76  7D  1E  04  FD  95  B9  05  03  E0  98  52  0A  6D  24  24  00  
02  00  00  00  00  00  00  00  00  00  00  00  00  00  00  00  00  00  00  00  00  00  00  00  00  
00  00  00  00  00  00  00  00  00  00  00  00  6D  31  20  00  03  00  00  00  ED  BB  FF  FF  43  
B0  FF  FF  6D  EA  00  00  16  08  08  00  CA  C8  06  00  35  30  70  FF  18  62  07  00  6D  32  
24  00  03  00  00  00  B0  6B  0C  00  CA  09  CD  7B  01  00  00  00  B5  06  1B  00  8D  05  00  
00  00  FF  FF  FF  FF  03  00  00  00  00  00  00  00  6D  33  10  00  03  00  00  00  E3  07  02  
19  12  29  2F  00  01  00  12  00  6D  34  14  00  03  00  00  00  CE  66  03  00  A6  29  FF  FF  
DE  46  04  00  40  EF  07  00  6D  35  0C  00  03  00  00  00  29  55  47  4E  00  00  97  82  02  
00  00  00  00  00  00  00  28  01  6D  15  14  00  02  01  00  00  03  04  03  00  00  00  00  00  
00  00  00  00  00  00  00  00  6D  16  10  00  03  00  00  00  E3  07  02  19  12  29  2F  00  91  
02  00  00  6D  21  1C  00  03  00  00  00  07  01  00  00  A5  00  00  00  C5  FF  FF  FF  05  00  
00  00  F1  FF  FF  FF  49  00  00  00  6D  22  10  00  03  00  00  00  39  FE  FF  FF  25  02  00  
00  BB  06  00  00  6D  23  14  00  03  00  00  00  F1  7F  AF  76  9F  79  04  FD  64  08  06  03  
AE  9D  52  0A  6D  24  24  00  02  00  00  00  00  00  00  00  00  00  00  00  00  00  00  00  00  
00  00  00  00  00  00  00  00  00  00  00  00  00  00  00  00  00  00  00  6D  31  20  00  03  00  
00  00  CD  D0  00  00  C5  CA  FF  FF  98  F8  00  00  76  03  08  00  39  54  06  00  4A  7F  70  
FF  09  62  07  00  6D  32  24  00  03  00  00  00  B0  6B  0C  00  CA  09  CD  7B  01  00  00  00  
B5  06  1B  8D  05  00  00  00  FF  FF  FF  FF  03  00  00  00  00  00  00  6D  33  10  00  03  00  
00  00  E3  07  02  19  12  29  2F  00  01  00  12  00  6D  34  14  00  03  00  00  00  C4  57  03  
00  A5  47  FF  FF  00  3F  04  00  B8  DB  07  00  6D  35  0C  00  03  00  00  00  27  8D  01  00  
8C  12  07  00  41  53  60  9F  47  4E  00  00  98  82  02  00  00  00  00  00  00  00  28  01  6D  
15  14  00  02  01  00  00  03  04  03  00  00  00  00  00  00  00  00  00  00  00  00  00  6D  16  
10  00  03  00  00  00  00  E3  07  02  19  12  29  2F  00  9B  02  00  00  6D  21  1C  00  03  00  
00  00  D3  FF  FF  FF  3D  FF  FF  FF  69  00  00  00  FA  FF  FF  FF  00  00  00  00  47  00  00  
00  6D  22  10  00  03  00  00  00  39  FE  FF  FF  24  02  00  00  BB  06  00  00  00  6D  23  14  
00  03  00  00  00  C2  7A  AF  76  6C  6B  04  FD  DD  C2  05  03  88  E9  52  0A  6D  24  24  00  
02  00  00  00  00  00  00  00  00  00  00  00  00  00  00  00  00  00  00  00  00  00  00  00  00  
00  00  00  00  00  00  00  00  00  00  00  00  6D  31  20  00  03  00  00  00  98  58  00  00  84  
3E  FF  FF  5C  38  01  00  2B  D7  07  00  88  8E  06  00  30  78  70  FF  A0  61  07  00  6D  32  
24  00  03  00  00  00  C0  6A  0C  00  CA  09  CD  7B  01  00  00  00  D8  06  00  1B  8D  05  00  
00  00  FF  FF  FF  FF  02  00  00  00  00  00  00  00  6D  33  10  00  03  00  00  00  E3  07  02  
19  12  29  2F  00  01  00  12  00  6D  34  14  00  03  00  00  00  FA  47  03  00  68  29  FF  FF  
F3  3E  04  00  D4  83  07  00  6D  35  0C  00  03  00  00  00  7C  47  4E  00  00  99  82  02  00  
64  00  00  00  00  00  28  01  6D  15  14  00  02  01  00  00  03  04  03  00  00  00  00  00  00  
00  00  00  00  00  00  00  6D  16  10  00  03  00  00  00  E3  07  02  19  12  29  2F  00  A5  02  
00  00  6D  21  1C  00  03  00  00  00  FB  FF  FF  FF  A4  00  00  00  25  00  00  00  F1  FF  FF  
FF  EB  FF  FF  FF  43  00  00  00  6D  22  10  00  03  00  00  00  39  FE  FF  FF  25  02  00  00  
BB  06  00  00  6D  23  14  00  03  00  00  00  F1  74  AF  76  0E  60  04  FD  F0  08  06  03  97  
14  53  0A  6D  24  24  00  02  00  00  00  00  00  00  00  00  00  00  00  00  00  00  00  00  00  
00  00  00  00  00  00  00  00  00  00  00  00  00  00  00  00  00  00  6D  31  20  00  03  00  00  
00  1A  68  00  00  98  CA  FF  FF  AD  1D  01  00  D2  B6  07  00  C2  3C  06  00  62  6A  70  FF  
C6  61  07  00  6D  32  24  00  03  00  00  00  C0  6A  0C  00  CA  09  CD  7B  01  00  00  00  D8  
06  1B  8D  05  00  00  00  FF  FF  FF  FF  02  00  00  00  00  00  00  6D  33  10  00  03  00  00  
00  E3  07  02  19  12  29  2F  00  01  00  12  00  6D  34  14  00  03  00  00  00  79  25  03  00  
29  4B  FF  FF  8B  4A  04  00  73  A8  07  00  6D  35  0C  00  03  00  00  00  2A  8D  01  00  5A  
12  07  00  41  53  16  A4  47  4E  00  00  9A  82  02  00  00  00  00  00  00  00  28  01  6D  15  
14  00  02  01  00  00  03  04  03  00  00  00  00  00  00  00  00  00  00  00  00  00  6D  16  10  
00  03  00  00  00  00  E3  07  02  19  12  29  2F  00  AF  02  00  00  6D  21  1C  00  03  00  00  
00  25  FF  FF  FF  CB  00  00  00  E3  FF  FF  FF  FF  FF  FF  FF  FA  FF  FF  FF  49  00  00  00  
6D  22  10  00  03  00  00  00  39  FE  FF  FF  25  02  00  00  BB  06  00  00  00  6D  23  14  00  
03  00  00  00  3B  6F  AF  76  16  00  04  FD  AC  55  06  03  0D  24  53  0A  6D  24  24  00  02  
00  00  00  00  00  00  00  00  00  00  00  00  00  00  00  00  00  00  00  00  00  00  00  00  00  
00  00  00  00  00  00  00  00  00  00  00  6D  31  20  00  03  00  00  00  7F  14  00  00  FC  D9  
FF  FF  EC  03  01  00  ED  EB  07  00  5B  79  06  00  94  81  70  FF  36  62  07  00  6D  32  24  
00  03  00  00  00  C0  6A  0C  00  CA  09  CD  7B  01  00  00  00  D8  06  00  1B  8D  05  00  00  
00  FF  FF  FF  FF  02  00  00  00  00  00  00  00  6D  33  10  00  03  00  00  00  E3  07  02  19  
12  29  2F  00  01  00  12  00  6D  34  14  00  03  00  00  00  00  41  03  00  2B  6D  FF  FF  EB  
3E  04  00  D6  D6  07  00  6D  35  0C  00  03  00  00  00  0E  47  4E  00  00  9B  82  02  00  02  
01  00  00  00  00  28  01  6D  15  14  00  02  01  00  00  03  04  03  00  00  00  00  00  00  00  
00  00  00  00  00  00  6D  16  10  00  03  00  00  00  E3  07  02  19  12  29  2F  00  B9  02  00  
00  6D  21  1C  00  03  00  00  00  C4  00  00  00  2F  FF  FF  FF  4E  00  00  00  F5  FF  FF  FF  
03  00  00  00  2F  00  00  00  6D  22  10  00  03  00  00  00  39  FE  FF  FF  25  02  00  00  BB  
06  00  00  6D  23  14  00  03  00  00  00  2A  6E  AF  76  F6  4F  04  FD  37  11  06  03  6A  5B  
53  0A  6D  24  24  00  02  00  00  00  00  00  00  00  00  00  00  00  00  00  00  00  00  00  00  
00  00  00  00  00  00  00  00  00  00  00  00  00  00  00  00  00  6D  31  20  00  03  00  00  00  
E1  B6  00  00  6D  39  FF  FF  80  2D  01  00  30  C5  07  00  65  9A  06  00  3D  1B  70  FF  12  
61  07  00  6D  32  24  00  03  00  00  00  C0  6A  0C  00  CA  09  CD  7B  01  00  00  00  D8  06  
1B  8D  05  00  00  00  FF  FF  FF  FF  02  00  00  00  00  00  00  6D  33  10  00  03  00  00  00  
E3  07  02  19  12  29  2F  00  01  00  12  00  6D  34  14  00  03  00  00  00  07  68  03  00  ED  
83  FF  FF  6F  2F  04  00  04  F9  07  00  6D  35  0C  00  03  00  00  00  2B  8D  01  00  73  12  
07  00  41  53  14  4E  47  4E  00  00  9C  82  02  00  03  04  03  00  00  00  28  01  6D  15  14  
00  02  01  00  00  03  04  03  00  00  00  00  00  00  00  00  00  00  00  00  00  6D  16  10  00  
03  00  00  00  00  E3  07  02  19  12  29  2F  00  C3  02  00  00  6D  21  1C  00  03  00  00  00  
C7  FE  FF  FF  10  00  00  00  CA  FF  FF  FF  0C  00  00  00  06  00  00  00  50  00  00  00  6D  
22  10  00  03  00  00  00  38  FE  FF  FF  25  02  00  00  BB  06  00  00  00  6D  23  14  00  03  
00  00  00  7B  6A  AF  76  61  D1  03  FD  6D  11  06  03  26  61  53  0A  6D  24  24  00  02  00  
00  00  00  00  00  00  00  00  00  00  00  00  00  00  00  00  00  00  00  00  00  00  00  00  00  
00  00  00  00  00  00  00  00  00  00  6D  31  20  00  03  00  00  00  17  F0  FF  FF  4C  91  FF  
FF  E7  F9  00  00  E7  1E  08  00  C7  A5  06  00  0B  9B  70  FF  4C  62  07  00  6D  32  24  00  
03  00  00  00  C0  6A  0C  00  CA  09  CD  7B  01  00  00  00  D8  06  00  1B  8D  05  00  00  00  
FF  FF  FF  FF  02  00  00  00  00  00  00  00  6D  33  10  00  03  00  00  00  E3  07  02  19  12  
29  2F  00  01  00  12  00  6D  34  14  00  03  00  00  00  A2  47  03  00  44  0B  FF  FF  F4  3E  
04  00  50  16  08  00  6D  35  0C  00  03  00  00  00  D2  47  4E  00  00  B1  82  02  00  00  00  
00  00  00  00  28  01  6D  15  14  00  02  01  00  00  03  04  03  00  00  00  00  00  00  00  00  
00  00  00  00  00  6D  16  10  00  03  00  00  00  E3  07  02  19  12  29  2F  00  95  03  00  00  
6D  21  1C  00  03  00  00  00  75  FF  FF  FF  44  00  00  00  E0  FF  FF  FF  20  00  00  00  F9  
FF  FF  FF  21  00  00  00  6D  22  10  00  03  00  00  00  39  FE  FF  FF  25  02  00  00  BC  06  
00  00  6D  23  14  00  03  00  00  00  D6  4D  AF  76  DB  58  04  FD  9C  7B  06  03  59  B2  54  
0A  6D  24  24  00  02  00  00  00  00  00  00  00  00  00  00  00  00  00  00  00  00  00  00  00  
00  00  00  00  00  00  00  00  00  00  00  00  00  00  00  00  6D  31  20  00  03  00  00  00  DF  
33  00  00  36  A6  FF  FF  EA  03  01  00  1D  6F  08  00  0E  75  06  00  20  E6  6F  FF  88  62  
07  00  6D  32  24  00  03  00  00  00  44  69  0C  00  CA  09  CD  7B  01  00  00  00  0C  07  1B  
8D  05  00  00  00  01  00  00  00  04  00  00  00  FF  FF  FF  FF  6D  33  10  00  03  00  00  00  
E3  07  02  19  12  29  2F  00  01  00  12  00  6D  34  14  00  03  00  00  00  C3  43  03  00  74  
07  FF  FF  09  3B  04  00  D8  29  08  00  6D  35  0C  00  03  00  00  00  27  8D  01  00  28  12  
07  00  41  53  5E  2B  47  4E  00  00  B2  82  02  00  00  00  00  00  00  00  28  01  6D  15  14  
00  02  01  00  00  03  04  03  00  00  00  00  00  00  00  00  00  00  00  00  00  6D  16  10  00  
03  00  00  00  00  E3  07  02  19  12  29  2F  00  9F  03  00  00  6D  21  1C  00  03  00  00  00  
93  FE  FF  FF  86  00  00  00  AC  FF  FF  FF  F3  FF  FF  FF  EC  FF  FF  FF  18  00  00  00  6D  
22  10  00  03  00  00  00  39  FE  FF  FF  25  02  00  00  BC  00  06  00  00  6D  23  14  00  03  
00  00  00  A9  4A  AF  76  AA  C4  03  FD  5B  A5  06  03  CC  9F  54  0A  6D  24  24  00  02  00  
00  00  00  00  00  00  00  00  00  00  00  00  00  00  00  00  00  00  00  00  00  00  00  00  00  
00  00  00  00  00  00  00  00  00  00  6D  31  20  00  03  00  00  00  4E  DB  FF  FF  DC  BF  FF  
FF  68  EF  00  00  8B  BE  07  00  71  41  06  00  4A  C3  6F  FF  E4  61  07  00  6D  32  24  00  
03  00  00  00  44  69  0C  00  CA  09  CD  7B  01  00  00  00  0C  00  07  1B  8D  05  00  00  00  
01  00  00  00  04  00  00  00  FF  FF  FF  FF  6D  33  10  00  03  00  00  00  E3  07  02  19  12  
29  2F  00  01  00  12  00  6D  34  14  00  03  00  00  00  A0  4B  03  00  98  16  FF  FF  F7  3E  
04  00  14  20  08  00  6D  35  0C  00  03  00  00  1A  47  4E  00  00  B3  82  02  00  00  00  00  
00  00  00  28  01  6D  15  14  00  02  01  00  00  03  04  03  00  00  00  00  00  00  00  00  00  
00  00  00  00  6D  16  10  00  03  00  00  00  E3  07  02  19  12  29  2F  00  A9  03  00  00  6D  
21  1C  00  03  00  00  00  DD  01  00  00  10  00  00  00  06  00  00  00  F4  FF  FF  FF  03  00  
00  00  43  00  00  00  6D  22  10  00  03  00  00  00  39  FE  FF  FF  25  02  00  00  BC  06  00  
00  6D  23  14  00  03  00  00  00  F4  4D  AF  76  44  7D  04  FD  81  BE  06  03  EA  A7  54  0A  
6D  24  24  00  02  00  00  00  00  00  00  00  00  00  00  00  00  00  00  00  00  00  00  00  00  
00  00  00  00  00  00  00  00  00  00  00  00  00  00  00  6D  31  20  00  03  00  00  00  59  24  
01  00  F8  91  FF  FF  7B  12  01  00  07  C2  07  00  EC  99  06  00  FA  67  70  FF  18  62  07  
00  6D  32  24  00  03  00  00  00  44  69  0C  00  CA  09  CD  7B  01  00  00  00  0C  07  1B  8D  
05  00  00  00  01  00  00  00  04  00  00  00  FF  FF  FF  FF  6D  33  10  00  03  00  00  00  E3  
07  02  19  12  29  2F  00  01  00  12  00  6D  34  14  00  03  00  00  00  1B  58  03  00  C8  65  
FF  FF  FF  3E  04  00  98  8D  07  00  6D  35  0C  00  03  00  00  00  29  8D  01  00  8C  12  07  
00  41  53  76  38  47  4E  00  00  B4  82  02  00  00  00  00  00  00  00  28  01  6D  15  14  00  
02  01  00  00  03  04  03  00  00  00  00  00  00  00  00  00  00  00  00  00  6D  16  10  00  03  
00  00  00  00  E3  07  02  19  12  29  2F  00  B3  03  00  00  6D  21  1C  00  03  00  00  00  FB  
FF  FF  FF  8A  FF  FF  FF  5A  00  00  00  FD  FF  FF  FF  F7  FF  FF  FF  55  00  00  00  6D  22  
10  00  03  00  00  00  39  FE  FF  FF  25  02  00  00  BC  00  06  00  00  6D  23  14  00  03  00  
00  00  32  4B  AF  76  60  80  04  FD  BD  93  06  03  09  D5  54  0A  6D  24  24  00  02  00  00  
00  00  00  00  00  00  00  00  00  00  00  00  00  00  00  00  00  00  00  00  00  00  00  00  00  
00  00  00  00  00  00  00  00  00  6D  31  20  00  03  00  00  00  25  68  00  00  B5  5D  FF  FF  
F3  32  01  00  E6  E4  07  00  76  6B  06  00  F9  AF  70  FF  EB  61  07  00  6D  32  24  00  03  
00  00  00  44  69  0C  00  CA  09  CD  7B  01  00  00  00  0C  00  07  1B  8D  05  00  00  00  01  
00  00  00  04  00  00  00  FF  FF  FF  FF  6D  33  10  00  03  00  00  00  E3  07  02  19  12  29  
2F  00  01  00  12  00  6D  34  14  00  03  00  00  00  C4  57  03  00  A5  47  FF  FF  00  3F  04  
00  7C  E5  07  00  6D  35  0C  00  03  00  00  46  47  4E  00  00  B5  82  02  00  00  00  00  00  
00  00  28  01  6D  15  14  00  02  01  00  00  03  04  03  00  00  00  00  00  00  00  00  00  00  
00  00  00  6D  16  10  00  03  00  00  00  E3  07  02  19  12  29  2F  00  BD  03  00  00  6D  21  
1C  00  03  00  00  00  EF  FF  FF  FF  78  00  00  00  C7  FF  FF  FF  FD  FF  FF  FF  EE  FF  FF  
FF  54  00  00  00  6D  22  10  00  03  00  00  00  39  FE  FF  FF  25  02  00  00  BC  06  00  00  
6D  23  14  00  03  00  00  00  F5  4A  AF  76  31  75  04  FD  C6  C3  06  03  79  C6  54  0A  6D  
24  24  00  02  00  00  00  00  00  00  00  00  00  00  00  00  00  00  00  00  00  00  00  00  00  
00  00  00  00  00  00  00  00  00  00  00  00  00  00  6D  31  20  00  03  00  00  00  62  63  00  
00  DD  BA  FF  FF  48  F9  00  00  D4  E7  07  00  A8  46  06  00  95  AD  70  FF  E5  60  07  00  
6D  32  24  00  03  00  00  00  44  69  0C  00  CA  09  CD  7B  01  00  00  00  0C  07  1B  8D  05  
00  00  00  01  00  00  00  04  00  00  00  FF  FF  FF  FF  6D  33  10  00  03  00  00  00  E3  07  
02  19  12  29  2F  00  01  00  12  00  6D  34  14  00  03  00  00  00  07  4C  03  00  E7  30  FF  
FF  40  33  04  00  8A  B9  07  00  6D  35  0C  00  03  00  00  00  28  8D  01  00  41  12  07  00  
41  53  E1  AE  47  4E  00  00  B6  82  02  00  00  00  00  00  00  00  28  01  6D  15  14  00  02  
01  00  00  03  04  03  00  00  00  00  00  00  00  00  00  00  00  00  00  6D  16  10  00  03  00  
00  00  00  E3  07  02  19  12  29  2F  00  C7  03  00  00  6D  21  1C  00  03  00  00  00  F9  01  
00  00  98  FF  FF  FF  C5  FF  FF  FF  F0  FF  FF  FF  0A  00  00  00  3A  00  00  00  6D  22  10  
00  03  00  00  00  39  FE  FF  FF  25  02  00  00  BC  00  06  00  00  6D  23  14  00  03  00  00  
00  31  52  AF  76  42  3D  05  FD  FE  AD  06  03  79  B3  54  0A  6D  24  24  00  02  00  00  00  
00  00  00  00  00  00  00  00  00  00  00  00  00  00  00  00  00  00  00  00  00  00  00  00  00  
00  00  00  00  00  00  00  00  6D  31  20  00  03  00  00  00  3B  2F  01  00  2B  63  FF  FF  81  
F8  00  00  02  B2  07  00  C3  B3  06  00  0E  45  70  FF  8A  61  07  00  6D  32  24  00  03  00  
00  00  64  67  0C  00  CA  09  CD  7B  01  00  00  00  1E  00  07  1B  8D  05  00  00  00  01  00  
00  00  04  00  00  00  00  00  00  00  6D  33  10  00  03  00  00  00  E3  07  02  19  12  29  2F  
00  01  00  12  00  6D  34  14  00  03  00  00  00  35  48  03  00  A5  34  FF  FF  3C  33  04  00  
8A  B9  07  00  6D  35  0C  00  03  00  00  60  47  4E  00  00  B7  82  02  00  00  00  00  00  00  
00  28  01  6D  15  14  00  02  01  00  00  03  04  03  00  00  00  00  00  00  00  00  00  00  00  
00  00  6D  16  10  00  03  00  00  00  E3  07  02  19  12  29  2F  00  D1  03  00  00  6D  21  1C  
00  03  00  00  00  AA  00  00  00  CC  FF  FF  FF  C7  FF  FF  FF  0C  00  00  00  FE  FF  FF  FF  
56  00  00  00  6D  22  10  00  03  00  00  00  3A  FE  FF  FF  25  02  00  00  BC  06  00  00  6D  
23  14  00  03  00  00  00  8B  55  AF  76  0B  80  05  FD  16  A1  06  03  01  A4  54  0A  6D  24  
24  00  02  00  00  00  00  00  00  00  00  00  00  00  00  00  00  00  00  00  00  00  00  00  00  
00  00  00  00  00  00  00  00  00  00  00  00  00  6D  31  20  00  03  00  00  00  98  AC  00  00  
97  77  FF  FF  1B  F9  00  00  56  1F  08  00  8E  85  06  00  83  B4  70  FF  5D  61  07  00  6D  
32  24  00  03  00  00  00  64  67  0C  00  CA  09  CD  7B  01  00  00  00  1E  07  1B  8D  05  00  
00  00  01  00  00  00  04  00  00  00  00  00  00  00  6D  33  10  00  03  00  00  00  E3  07  02  
19  12  29  2F  00  01  00  12  00  6D  34  14  00  03  00  00  00  7D  48  03  00  9E  56  FF  FF  
F2  3E  04  00  7C  E5  07  00  6D  35  0C  00  03  00  00  00  28  8D  01  00  28  12  07  00  41  
53  BC  29  47  4E  00  00  B8  82  02  00  00  00  00  00  00  00  28  01  6D  15  14  00  02  01  
00  00  03  04  03  00  00  00  00  00  00  00  00  00  00  00  00  00  6D  16  10  00  03  00  00  
00  00  E3  07  02  19  12  29  2F  00  DB  03  00  00  6D  21  1C  00  03  00  00  00  BA  FE  FF  
FF  5D  00  00  00  E4  FF  FF  FF  01  00  00  00  00  00  00  00  5C  00  00  00  6D  22  10  00  
03  00  00  00  39  FE  FF  FF  25  02  00  00  BC  00  06  00  00  6D  23  14  00  03  00  00  00  
5F  51  AF  76  99  FD  04  FD  D2  BC  06  03  28  A6  54  0A  6D  24  24  00  02  00  00  00  00  
00  00  00  00  00  00  00  00  00  00  00  00  00  00  00  00  00  00  00  00  00  00  00  00  00  
00  00  00  00  00  00  00  6D  31  20  00  03  00  00  00  DA  EA  FF  FF  61  B0  FF  FF  4B  04  
01  00  F3  F4  07  00  79  8E  06  00  77  C9  70  FF  EB  61  07  00  6D  32  24  00  03  00  00  
00  64  67  0C  00  CA  09  CD  7B  01  00  00  00  1E  00  07  1B  8D  05  00  00  00  01  00  00  
00  04  00  00  00  00  00  00  00  6D  33  10  00  03  00  00  00  E3  07  02  19  12  29  2F  00  
01  00  12  00  6D  34  14  00  03  00  00  00  02  48  03  00  90  38  FF  FF  92  4E  04  00  6C  
BE  07  00  6D  35  0C  00  03  00  00  CA  47  4E  00  00  B9  82  02  00  00  00  00  00  00  00  
28  01  6D  15  14  00  02  01  00  00  03  04  03  00  00  00  00  00  00  00  00  00  00  00  00  
00  6D  16  10  00  03  00  00  00  E3  07  02  19  12  29  2F  00  E5  03  00  00  6D  21  1C  00  
03  00  00  00  90  FF  FF  FF  A0  00  00  00  41  00  00  00  F8  FF  FF  FF  04  00  00  00  28  
00  00  00  6D  22  10  00  03  00  00  00  39  FE  FF  FF  25  02  00  00  BC  06  00  00  6D  23  
14  00  03  00  00  00  B6  4B  AF  76  7C  CC  04  FD  F0  F9  06  03  22  C7  54  0A  6D  24  24  
00  02  00  00  00  00  00  00  00  00  00  00  00  00  00  00  00  00  00  00  00  00  00  00  00  
00  00  00  00  00  00  00  00  00  00  00  00  6D  31  20  00  03  00  00  00  7C  3E  00  00  5E  
CA  FF  FF  6E  28  01  00  66  D3  07  00  E4  9C  06  00  AD  01  70  FF  D6  60  07  00  6D  32  
24  00  03  00  00  00  64  67  0C  00  CA  09  CD  7B  01  00  00  00  1E  07  1B  8D  05  00  00  
00  01  00  00  00  04  00  00  00  00  00  00  00  6D  33  10  00  03  00  00  00  E3  07  02  19  
12  29  2F  00  01  00  12  00  6D  34  14  00  03  00  00  00  DD  57  03  00  C1  56  FF  FF  CF  
46  04  00  12  CD  07  00  6D  35  0C  00  03  00  00  00  27  8D  01  00  41  12  07  00  41  53  
A6  9E  47  4E  00  00  BA  82  02  00  00  00  00  00  00  00  28  01  6D  15  14  00  02  01  00  
00  03  04  03  00  00  00  00  00  00  00  00  00  00  00  00  00  6D  16  10  00  03  00  00  00  
00  E3  07  02  19  12  29  30  00  07  00  00  00  6D  21  1C  00  03  00  00  00  EE  FF  FF  FF  
F3  FF  FF  FF  D6  FF  FF  FF  F1  FF  FF  FF  FC  FF  FF  FF  57  00  00  00  6D  22  10  00  03  
00  00  00  39  FE  FF  FF  25  02  00  00  BC  00  06  00  00  6D  23  14  00  03  00  00  00  81  
4C  AF  76  71  C4  04  FD  A7  F5  06  03  F3  BC  54  0A  6D  24  24  00  02  00  00  00  00  00  
00  00  00  00  00  00  00  00  00  00  00  00  00  00  00  00  00  00  00  00  00  00  00  00  00  
00  00  00  00  00  00  6D  31  20  00  03  00  00  00  0F  63  00  00  25  87  FF  FF  90  FE  00  
00  4E  B8  07  00  CA  7D  06  00  F6  B6  70  FF  4C  62  07  00  6D  32  24  00  03  00  00  00  
64  67  0C  00  CA  09  CD  7B  01  00  00  00  1E  00  07  1B  8D  05  00  00  00  01  00  00  00  
04  00  00  00  00  00  00  00  6D  33  10  00  03  00  01  00  E3  07  02  19  12  29  2F  00  01  
00  12  00  6D  34  14  00  03  00  00  00  AE  63  03  00  11  62  FF  FF  22  3B  04  00  12  CD  
07  00  6D  35  0C  00  03  00  00  3E  47  4E  00  00  BB  82  02  00  00  00  00  00  00  00  28  
01  6D  15  14  00  02  01  00  00  03  04  03  00  00  00  00  00  00  00  00  00  00  00  00  00  
6D  16  10  00  03  00  00  00  E3  07  02  19  12  29  30  00  11  00  00  00  6D  21  1C  00  03  
00  00  00  B8  00  00  00  F3  FF  FF  FF  5D  FF  FF  FF  01  00  00  00  01  00  00  00  2C  00  
00  00  6D  22  10  00  03  00  00  00  39  FE  FF  FF  25  02  00  00  BC  06  00  00  6D  23  14  
00  03  00  00  00  86  53  AF  76  42  0A  05  FD  A9  F6  06  03  28  80  54  0A  6D  24  24  00  
02  00  00  00  00  00  00  00  00  00  00  00  00  00  00  00  00  00  00  00  00  00  00  00  00  
00  00  00  00  00  00  00  00  00  00  00  6D  31  20  00  03  00  00  00  E8  B1  00  00  33  87  
FF  FF  3A  CF  00  00  EB  F5  07  00  45  93  06  00  C2  0F  70  FF  C6  61  07  00  6D  32  24  
00  03  00  00  00  64  67  0C  00  CA  09  CD  7B  01  00  00  00  1E  07  1B  8D  05  00  00  00  
01  00  00  00  04  00  00  00  00  00  00  00  6D  33  10  00  03  00  00  00  E3  07  02  19  12  
29  2F  00  01  00  12  00  6D  34  14  00  03  00  00  00  92  57  03  00  6C  29  FF  FF  63  2F  
04  00  20  A1  07  00  6D  35  0C  00  03  00  00  00  22  8D  01  00  28  12  07  00  41  53  AA  
06  47  4E  00  00  BC  82  02  00  00  00  00  00  00  00  28  01  6D  15  14  00  02  01  00  00  
03  04  03  00  00  00  00  00  00  00  00  00  00  00  00  00  6D  16  10  00  03  00  00  00  00  
E3  07  02  19  12  29  30  00  1B  00  00  00  6D  21  1C  00  03  00  00  00  FA  00  00  00  1B  
00  00  00  D5  FF  FF  FF  11  00  00  00  EB  FF  FF  FF  42  00  00  00  6D  22  10  00  03  00  
00  00  3A  FE  FF  FF  25  02  00  00  BC  00  06  00  00  6D  23  14  00  03  00  00  00  6A  56  
AF  76  4E  69  05  FD  3D  0B  07  03  4F  74  54  0A  6D  24  24  00  02  00  00  00  00  00  00  
00  00  00  00  00  00  00  00  00  00  00  00  00  00  00  00  00  00  00  00  00  00  00  00  00  
00  00  00  00  00  6D  31  20  00  03  00  00  00  C3  CB  00  00  DA  96  FF  FF  11  FE  00  00  
DA  34  08  00  F9  3A  06  00  BD  65  70  FF  91  61  07  00  6D  32  24  00  03  00  00  00  64  
67  0C  00  CA  09  CD  7B  01  00  00  00  1E  00  07  1B  8D  05  00  00  00  01  00  00  00  04  
00  00  00  00  00  00  00  6D  33  10  00  03  00  00  00  E3  07  02  19  12  29  2F  00  01  00  
12  00  6D  34  14  00  03  00  00  00  1D  48  03  00  52  29  FF  FF  55  2F  04  00  7C  E5  07  
00  6D  35  0C  00  03  00  00  99  47  4E  00  00  BD  82  02  00  00  00  00  00  00  00  28  01  
6D  15  14  00  02  01  00  00  03  04  03  00  00  00  00  00  00  00  00  00  00  00  00  00  6D  
16  10  00  03  00  00  00  E3  07  02  19  12  29  30  00  25  00  00  00  6D  21  1C  00  03  00  
00  00  84  FF  FF  FF  AF  FF  FF  FF  43  00  00  00  EE  FF  FF  FF  07  00  00  00  54  00  00  
00  6D  22  10  00  03  00  00  00  39  FE  FF  FF  25  02  00  00  BC  06  00  00  6D  23  14  00  
03  00  00  00  E1  52  AF  76  AA  3B  05  FD  AF  EA  06  03  56  99  54  0A  6D  24  24  00  02  
00  00  00  00  00  00  00  00  00  00  00  00  00  00  00  00  00  00  00  00  00  00  00  00  00  
00  00  00  00  00  00  00  00  00  00  6D  31  20  00  03  00  00  00  96  39  00  00  EE  6C  FF  
FF  CF  28  01  00  77  AD  07  00  9E  A8  06  00  07  AB  70  FF  4F  60  07  00  6D  32  24  00  
03  00  00  00  64  67  0C  00  CA  09  CD  7B  01  00  00  00  1E  07  1B  8D  05  00  00  00  01  
00  00  00  04  00  00  00  00  00  00  00  6D  33  10  00  03  00  00  00  E3  07  02  19  12  29  
2F  00  01  00  12  00  6D  34  14  00  03  00  00  00  67  40  03  00  D9  30  FF  FF  1D  37  04  
00  F4  D1  07  00  6D  35  0C  00  03  00  00  00  2A  8D  01  00  BE  12  07  00  41  53  41  46  
47  4E  00  00  BE  82  02  00  00  00  00  00  00  00  28  01  6D  15  14  00  02  01  00  00  03  
04  03  00  00  00  00  00  00  00  00  00  00  00  00  00  6D  16  10  00  03  00  00  00  00  E3  
07  02  19  12  29  30  00  2F  00  00  00  6D  21  1C  00  03  00  00  00  90  FF  FF  FF  5C  00  
00  00  E5  FF  FF  FF  F7  FF  FF  FF  FA  FF  FF  FF  37  00  00  00  6D  22  10  00  03  00  00  
00  39  FE  FF  FF  25  02  00  00  BC  00  06  00  00  6D  23  14  00  03  00  00  00  39  51  AF  
76  CB  0B  05  FD  25  0C  07  03  BF  94  54  0A  6D  24  24  00  02  00  00  00  00  00  00  00  
00  00  00  00  00  00  00  00  00  00  00  00  00  00  00  00  00  00  00  00  00  00  00  00  00  
00  00  00  00  6D  31  20  00  03  00  00  00  82  3E  00  00  87  B0  FF  FF  DF  03  01  00  1B  
CE  07  00  BF  74  06  00  99  39  70  FF  EB  61  07  00  6D  32  24  00  03  00  00  00  64  67  
0C  00  CA  09  CD  7B  01  00  00  00  1E  00  07  1B  8D  05  00  00  00  01  00  00  00  04  00  
00  00  00  00  00  00  6D  33  10  00  03  00  00  00  E3  07  02  19  12  29  2F  00  01  00  12  
00  6D  34  14  00  03  00  00  00  8C  3C  03  00  9D  34  FF  FF  01  3B  04  00  BF  C5  07  00  
6D  35  0C  00  03  00  00  5B  47  4E  00  00  BF  82  02  00  00  00  00  00  00  00  28  01  6D  
15  14  00  02  01  00  00  03  04  03  00  00  00  00  00  00  00  00  00  00  00  00  00  6D  16  
10  00  03  00  00  00  E3  07  02  19  12  29  30  00  39  00  00  00  6D  21  1C  00  03  00  00  
00  79  FD  FF  FF  83  00  00  00  B3  FF  FF  FF  05  00  00  00  F9  FF  FF  FF  44  00  00  00  
6D  22  10  00  03  00  00  00  39  FE  FF  FF  25  02  00  00  BC  06  00  00  6D  23  14  00  03  
00  00  00  9C  4B  AF  76  F3  09  04  FD  10  2A  07  03  04  82  54  0A  6D  24  24  00  02  00  
00  00  00  00  00  00  00  00  00  00  00  00  00  00  00  00  00  00  00  00  00  00  00  00  00  
00  00  00  00  00  00  00  00  00  6D  31  20  00  03  00  00  00  89  6D  FF  FF  A0  BF  FF  FF  
FE  EF  00  00  D7  05  08  00  F1  74  06  00  F8  6E  70  FF  E4  61  07  00  6D  32  24  00  03  
00  00  00  64  67  0C  00  CA  09  CD  7B  01  00  00  00  1E  07  1B  8D  05  00  00  00  01  00  
00  00  04  00  00  00  00  00  00  00  6D  33  10  00  03  00  00  00  E3  07  02  19  12  29  2F  
00  01  00  12  00  6D  34  14  00  03  00  00  00  1D  48  03  00  52  29  FF  FF  55  2F  04  00  
B8  DB  07  00  6D  35  0C  00  03  00  00  00  28  8D  01  00  41  12  07  00  41  53  B9  ED  47  
4E  00  00  C0  82  02  00  AA  AA  AA  AA  00  00  28  01  6D  15  14  00  02  01  00  00  03  04  
03  00  00  00  00  00  00  00  00  00  00  00  00  00  6D  16  10  00  03  00  00  00  00  E3  07  
02  19  12  29  30  00  43  00  00  00  6D  21  1C  00  03  00  00  00  4E  FE  FF  FF  F1  FF  FF  
FF  10  00  00  00  03  00  00  00  EC  FF  FF  FF  2B  00  00  00  6D  22  10  00  03  00  00  00  
38  FE  FF  FF  25  02  00  00  BC  00  06  00  00  6D  23  14  00  03  00  00  00  51  46  AF  76  
9D  61  03  FD  A9  17  07  03  90  93  54  0A  6D  24  24  00  02  00  00  00  00  00  00  00  00  
00  00  00  00  00  00  00  00  00  00  00  00  00  00  00  00  00  00  00  00  00  00  00  00  00  
00  00  00  6D  31  20  00  03  00  00  00  D7  C0  FF  FF  DD  86  FF  FF  3F  14  01  00  2C  FF  
07  00  AE  43  06  00  A5  0D  70  FF  90  62  07  00  6D  32  24  00  03  00  00  00  5C  65  0C  
00  CA  09  CD  7B  01  00  00  00  1E  00  07  1B  8D  05  00  00  00  01  00  00  00  FC  FF  FF  
FF  01  00  00  00  6D  33  10  00  03  00  00  00  E3  07  02  19  12  29  30  00  01  00  12  00  
6D  34  14  00  03  00  00  00  38  58  03  00  8A  56  FF  FF  C6  1F  04  00  88  66  07  00  6D  
35  0C  00  03  00  00  09  47  4E  00  00  C1  82  02  00  02  03  90  01  00  00  28  01  6D  15  
14  00  02  01  00  00  03  04  03  00  00  00  00  00  00  00  00  00  00  00  00  00  6D  16  10  
00  03  00  00  00  E3  07  02  19  12  29  30  00  4D  00  00  00  6D  21  1C  00  03  00  00  00  
B9  FF  FF  FF  E4  FF  FF  FF  B1  FF  FF  FF  12  00  00  00  F1  FF  FF  FF  4F  00  00  00  6D  
22  10  00  03  00  00  00  38  FE  FF  FF  25  02  00  00  BC  06  00  00  6D  23  14  00  03  00  
00  00  B0  47  AF  76  0B  46  03  FD  00  0C  07  03  42  7F  54  0A  6D  24  24  00  02  00  00  
00  00  00  00  00  00  00  00  00  00  00  00  00  00  00  00  00  00  00  00  00  00  00  00  00  
00  00  00  00  00  00  00  00  6D  31  20  00  03  00  00  00  80  4E  00  00  CF  81  FF  FF  16  
EF  00  00  31  39  08  00  EF  56  06  00  C7  98  70  FF  99  61  07  00  6D  32  24  00  03  00  
00  00  5C  65  0C  00  CA  09  CD  7B  01  00  00  00  1E  07  1B  8D  05  00  00  00  01  00  00  
00  FC  FF  FF  FF  01  00  00  00  6D  33  10  00  03  00  00  00  E3  07  02  19  12  29  30  00  
01  00  12  00  6D  34  14  00  03  00  00  00  F7  57  03  00  F0  3F  FF  FF  C6  1F  04  00  88  
66  07  00  6D  35  0C  00  03  00  00  00  2B  8D  01  00  BE  12  07  00  41  53  8F  05  47  4E  
00  00  C2  82  02  00  04  00  01  00  00  00  28  01  6D  15  14  00  02  01  00  00  03  04  03  
00  00  00  00  00  00  00  00  00  00  00  00  00  6D  16  10  00  03  00  00  00  00  E3  07  02  
19  12  29  30  00  57  00  00  00  6D  21  1C  00  03  00  00  00  FD  FE  FF  FF  29  FF  FF  FF  
7C  00  00  00  FC  FF  FF  FF  17  00  00  00  5B  00  00  00  6D  22  10  00  03  00  00  00  38  
FE  FF  FF  25  02  00  00  BC  00  06  00  00  6D  23  14  00  03  00  00  00  0B  42  AF  76  E8  
E8  02  FD  C8  B3  06  03  08  BF  54  0A  6D  24  24  00  02  00  00  00  00  00  00  00  00  00  
00  00  00  00  00  00  00  00  00  00  00  00  00  00  00  00  00  00  00  00  00  00  00  00  00  
00  00  6D  31  20  00  03  00  00  00  F1  04  00  00  25  39  FF  FF  01  3E  01  00  19  E2  07  
00  CA  EB  06  00  4D  C9  70  FF  A8  61  07  00  6D  32  24  00  03  00  00  00  5C  65  0C  00  
CA  09  CD  7B  01  00  00  00  1E  00  07  1B  8D  05  00  00  00  01  00  00  00  FC  FF  FF  FF  
01  00  00  00  6D  33  10  00  03  00  00  00  E3  07  02  19  12  29  30  00  01  00  12  00  6D  
34  14  00  03  00  00  00  30  48  03  00  11  2D  FF  FF  6F  2B  04  00  7A  92  07  00  6D  35  
0C  00  03  00  00  35  47  4E  00  00  C3  82  02  00  C0  C6  2D  00  00  00  28  01  6D  15  14  
00  02  01  00  00  03  04  03  00  00  00  00  00  00  00  00  00  00  00  00  00  6D  16  10  00  
03  00  00  00  E3  07  02  19  12  29  30  00  61  00  00  00  6D  21  1C  00  03  00  00  00  8D  
01  00  00  0C  00  00  00  D8  FF  FF  FF  03  00  00  00  FA  FF  FF  FF  4C  00  00  00  6D  22  
10  00  03  00  00  00  38  FE  FF  FF  25  02  00  00  BC  06  00  00  6D  23  14  00  03  00  00  
00  1D  46  AF  76  38  81  03  FD  4F  C8  06  03  49  B6  54  0A  6D  24  24  00  02  00  00  00  
00  00  00  00  00  00  00  00  00  00  00  00  00  00  00  00  00  00  00  00  00  00  00  00  00  
00  00  00  00  00  00  00  6D  31  20  00  03  00  00  00  69  05  01  00  B9  91  FF  FF  D1  FD  
00  00  FC  FE  07  00  D9  79  06  00  10  8D  70  FF  37  61  07  00  6D  32  24  00  03  00  00  
00  5C  65  0C  00  CA  09  CD  7B  01  00  00  00  1E  07  1B  8D  05  00  00  00  01  00  00  00  
FC  FF  FF  FF  01  00  00  00  6D  33  10  00  03  00  00  00  E3  07  02  19  12  29  30  00  01  
00  12  00  6D  34  14  00  03  00  00  00  A0  19  03  00  44  38  FF  FF  69  4E  04  00  50  16  
08  00  6D  35  0C  00  03  00  00  00  2A  8D  01  00  8C  12  07  00  41  53  1D  38  47  4E  00  
00  C4  82  02  00  00  10  0E  00  00  00  28  01  6D  15  14  00  02  01  00  00  03  04  03  00  
00  00  00  00  00  00  00  00  00  00  00  00  6D  16  10  00  03  00  00  00  00  E3  07  02  19  
12  29  30  00  6B  00  00  00  6D  21  1C  00  03  00  00  00  E1  FF  FF  FF  52  FF  FF  FF  55  
FF  FF  FF  0B  00  00  00  0B  00  00  00  46  00  00  00  6D  22  10  00  03  00  00  00  38  FE  
FF  FF  25  02  00  00  BC  00  06  00  00  6D  23  14  00  03  00  00  00  1C  4C  AF  76  5C  78  
03  FD  FD  84  06  03  97  82  54  0A  6D  24  24  00  02  00  00  00  00  00  00  00  00  00  00  
00  00  00  00  00  00  00  00  00  00  00  00  00  00  00  00  00  00  00  00  00  00  00  00  00  
00  6D  31  20  00  03  00  00  00  39  5E  00  00  E0  48  FF  FF  95  CA  00  00  D8  1E  08  00  
9B  BA  06  00  F1  75  70  FF  AE  62  07  00  6D  32  24  00  03  00  00  00  5C  65  0C  00  CA  
09  CD  7B  01  00  00  00  1E  00  07  1B  8D  05  00  00  00  01  00  00  00  FC  FF  FF  FF  01  
00  00  00  6D  33  10  00  03  00  00  00  E3  07  02  19  12  29  30  00  01  00  12  00  6D  34  
14  00  03  00  00  00  D3  38  03  00  4B  38  FF  FF  47  2F  04  00  10  7A  07  00  6D  35  0C  
00  03  00  00  50  47  4E  00  00  C5  82  02  00  01  00  00  01  00  00  28  01  6D  15  14  00  
02  01  00  00  03  04  03  00  00  00  00  00  00  00  00  00  00  00  00  00  6D  16  10  00  03  
00  00  00  E3  07  02  19  12  29  30  00  75  00  00  00  6D  21  1C  00  03  00  00  00  F9  00  
00  00  E4  FF  FF  FF  5F  00  00  00  07  00  00  00  F1  FF  FF  FF  47  00  00  00  6D  22  10  
00  03  00  00  00  39  FE  FF  FF  25  02  00  00  BC  06  00  00  6D  23  14  00  03  00  00  00  
5D  4A  AF  76  78  D9  03  FD  B6  86  06  03  36  B2  54  0A  6D  24  24  00  02  00  00  00  00  
00  00  00  00  00  00  00  00  00  00  00  00  00  00  00  00  00  00  00  00  00  00  00  00  00  
00  00  00  00  00  00  6D  31  20  00  03  00  00  00  A5  CB  00  00  17  82  FF  FF  66  32  01  
00  5B  0D  08  00  C5  54  06  00  2B  78  70  FF  E5  60  07  00  6D  32  24  00  03  00  00  00  
5C  65  0C  00  CA  09  CD  7B  01  00  00  00  1E  07  1B  8D  05  00  00  00  01  00  00  00  FC  
FF  FF  FF  01  00  00  00  6D  33  10  00  03  00  00  00  E3  07  02  19  12  29  30  00  01  00  
12  00  6D  34  14  00  03  00  00  00  25  40  03  00  3F  1A  FF  FF  1E  37  04  00  02  A6  07  
00  6D  35  0C  00  03  00  00  00  2D  8D  01  00  41  12  07  00  41  53  3B  16  47  4E  00  00  
C6  82  02  00  30  0F  1F  00  00  00  28  01  6D  15  14  00  02  01  00  00  03  04  03  00  00  
00  00  00  00  00  00  00  00  00  00  00  6D  16  10  00  03  00  00  00  00  E3  07  02  19  12  
29  30  00  7F  00  00  00  6D  21  1C  00  03  00  00  00  67  00  00  00  D7  FF  FF  FF  60  00  
00  00  FF  FF  FF  FF  E8  FF  FF  FF  49  00  00  00  6D  22  10  00  03  00  00  00  39  FE  FF  
FF  25  02  00  00  BC  00  06  00  00  6D  23  14  00  03  00  00  00  18  47  AF  76  C3  01  04  
FD  AD  7E  06  03  BA  E5  54  0A  6D  24  24  00  02  00  00  00  00  00  00  00  00  00  00  00  
00  00  00  00  00  00  00  00  00  00  00  00  00  00  00  00  00  00  00  00  00  00  00  00  00  
6D  31  20  00  03  00  00  00  2A  92  00  00  C5  7C  FF  FF  AC  32  01  00  C5  EC  07  00  AC  
31  06  00  32  7F  70  FF  F4  60  07  00  6D  32  24  00  03  00  00  00  5C  65  0C  00  CA  09  
CD  7B  01  00  00  00  1E  00  07  1B  8D  05  00  00  00  01  00  00  00  FC  FF  FF  FF  01  00  
00  00  6D  33  10  00  03  00  00  00  E3  07  02  19  12  29  30  00  01  00  12  00  6D  34  14  
00  03  00  00  00  5A  4F  03  00  87  07  FF  FF  13  3B  04  00  F4  D1  07  00  6D  35  0C  00  
03  00  00  CA  47  4E  00  00  C7  82  02  00  00  00  00  00  00  00  28  01  6D  15  14  00  02  
01  00  00  03  04  03  00  00  00  00  00  00  00  00  00  00  00  00  00  6D  16  10  00  03  00  
00  00  E3  07  02  19  12  29  30  00  89  00  00  00  6D  21  1C  00  03  00  00  00  9F  FF  FF  
FF  94  FF  FF  FF  F7  FF  FF  FF  02  00  00  00  03  00  00  00  37  00  00  00  6D  22  10  00  
03  00  00  00  39  FE  FF  FF  25  02  00  00  BC  06  00  00  6D  23  14  00  03  00  00  00  08  
46  AF  76  4F  DE  03  FD  3A  55  06  03  D5  F3  54  0A  6D  24  24  00  02  00  00  00  00  00  
00  00  00  00  00  00  00  00  00  00  00  00  00  00  00  00  00  00  00  00  00  00  00  00  00  
00  00  00  00  00  6D  31  20  00  03  00  00  00  FD  43  00  00  A8  62  FF  FF  63  09  01  00  
92  FA  07  00  CA  9C  06  00  72  39  70  FF  4E  61  07  00  6D  32  24  00  03  00  00  00  5C  
65  0C  00  CA  09  CD  7B  01  00  00  00  1E  07  1B  8D  05  00  00  00  01  00  00  00  FC  FF  
FF  FF  01  00  00  00  6D  33  10  00  03  00  00  00  E3  07  02  19  12  29  30  00  01  00  12  
00  6D  34  14  00  03  00  00  00  05  67  03  00  85  29  FF  FF  70  2F  04  00  F4  D1  07  00  
6D  35  0C  00  03  00  00  00  29  8D  01  00  8C  12  07  00  41  53  14  1F  47  4E  00  00  C8  
82  02  00  03  00  00  00  00  00  28  01  6D  15  14  00  02  01  00  00  03  04  03  00  00  00  
00  00  00  00  00  00  00  00  00  00  6D  16  10  00  03  00  00  00  00  E3  07  02  19  12  29  
30  00  93  00  00  00  6D  21  1C  00  03  00  00  00  E3  FE  FF  FF  B8  00  00  00  99  FF  FF  
FF  FF  FF  FF  FF  FA  FF  FF  FF  74  00  00  00  6D  22  10  00  03  00  00  00  38  FE  FF  FF  
25  02  00  00  BC  00  06  00  00  6D  23  14  00  03  00  00  00  72  43  AF  76  7D  67  03  FD  
19  96  06  03  35  DC  54  0A  6D  24  24  00  02  00  00  00  00  00  00  00  00  00  00  00  00  
00  00  00  00  00  00  00  00  00  00  00  00  00  00  00  00  00  00  00  00  00  00  00  00  6D  
31  20  00  03  00  00  00  BB  FA  FF  FF  A5  D4  FF  FF  C7  E4  00  00  AC  ED  07  00  8E  79  
06  00  A3  28  71  FF  BE  61  07  00  6D  32  24  00  03  00  00  00  5C  65  0C  00  CA  09  CD  
7B  01  00  00  00  1E  00  07  1B  8D  05  00  00  00  01  00  00  00  FC  FF  FF  FF  01  00  00  
00  6D  33  10  00  03  00  00  00  E3  07  02  19  12  29  30  00  01  00  12  00  6D  34  14  00  
03  00  00  00  10  66  03  00  6A  ED  FE  FF  B0  4E  04  00  F4  D1  07  00  6D  35  0C  00  03  
00  00  23  47  4E  00  00  C9  82  02  00  00  00  12  00  00  00  28  01  6D  15  14  00  02  01  
00  00  03  04  03  00  00  00  00  00  00  00  00  00  00  00  00  00  6D  16  10  00  03  00  00  
00  E3  07  02  19  12  29  30  00  9D  00  00  00  6D  21  1C  00  03  00  00  00  17  00  00  00  
FF  FF  FF  FF  F6  FF  FF  FF  0E  00  00  00  FF  FF  FF  FF  46  00  00  00  6D  22  10  00  03  
00  00  00  38  FE  FF  FF  25  02  00  00  BC  06  00  00  6D  23  14  00  03  00  00  00  63  42  
AF  76  25  6F  03  FD  BD  9A  06  03  36  E9  54  0A  6D  24  24  00  02  00  00  00  00  00  00  
00  00  00  00  00  00  00  00  00  00  00  00  00  00  00  00  00  00  00  00  00  00  00  00  00  
00  00  00  00  6D  31  20  00  03  00  00  00  C2  72  00  00  54  8C  FF  FF  F6  08  01  00  A4  
28  08  00  50  8C  06  00  F1  75  70  FF  02  62  07  00  6D  32  24  00  03  00  00  00  5C  65  
0C  00  CA  09  CD  7B  01  00  00  00  1E  07  1B  8D  05  00  00  00  01  00  00  00  FC  FF  FF  
FF  01  00  00  00  6D  33  10  00  03  00  00  00  E3  07  02  19  12  29  30  00  01  00  12  00  
6D  34  14  00  03  00  00  00  01  57  03  00  D5  03  FF  FF  03  3F  04  00  F4  D1  07  00  6D  
35  0C  00  03  00  00  00  26  8D  01  00  28  12  07  00  41  53  F6  60  47  4E  00  00  CA  82  
02  00  00  00  00  00  00  00  28  01  6D  15  14  00  02  01  00  00  03  04  03  00  00  00  00  
00  00  00  00  00  00  00  00  00  6D  16  10  00  03  00  00  00  00  E3  07  02  19  12  29  30  
00  A7  00  00  00  6D  21  1C  00  03  00  00  00  17  00  00  00  FF  FF  FF  FF  11  00  00  00  
04  00  00  00  EF  FF  FF  FF  41  00  00  00  6D  22  10  00  03  00  00  00  38  FE  FF  FF  25  
02  00  00  BC  00  06  00  00  6D  23  14  00  03  00  00  00  63  40  AF  76  81  77  03  FD  C5  
9F  06  03  29  01  55  0A  6D  24  24  00  02  00  00  00  00  00  00  00  00  00  00  00  00  00  
00  00  00  00  00  00  00  00  00  00  00  00  00  00  00  00  00  00  00  00  00  00  00  6D  31  
20  00  03  00  00  00  DC  72  00  00  4B  8C  FF  FF  6B  13  01  00  ED  03  08  00  85  4D  06  
00  0D  61  70  FF  64  61  07  00  6D  32  24  00  03  00  00  00  66  65  0C  00  CA  09  CD  7B  
01  00  00  00  2F  00  07  1B  8D  05  00  00  00  FF  FF  FF  FF  FE  FF  FF  FF  00  00  00  00  
6D  33  10  00  03  00  00  00  E3  07  02  19  12  29  30  00  01  00  12  00  6D  34  14  00  03  
00  00  00  66  57  03  00  24  1E  FF  FF  4B  33  04  00  D6  D6  07  00  6D  35  0C  00  03  00  
00  88  47  4E  00  00  CB  82  02  00  00  00  00  00  00  00  28  01  6D  15  14  00  02  01  00  
00  03  04  03  00  00  00  00  00  00  00  00  00  00  00  00  00  6D  16  10  00  03  00  00  00  
E3  07  02  19  12  29  30  00  B1  00  00  00  6D  21  1C  00  03  00  00  00  25  00  00  00  38  
FF  FF  FF  05  00  00  00  00  00  00  00  FE  FF  FF  FF  35  00  00  00  6D  22  10  00  03  00  
00  00  38  FE  FF  FF  25  02  00  00  BC  06  00  00  6D  23  14  00  03  00  00  00  C8  40  AF  
76  D7  8B  03  FD  1E  58  06  03  78  17  55  0A  6D  24  24  00  02  00  00  00  00  00  00  00  
00  00  00  00  00  00  00  00  00  00  00  00  00  00  00  00  00  00  00  00  00  00  00  00  00  
00  00  00  6D  31  20  00  03  00  00  00  23  78  00  00  8D  3E  FF  FF  61  0E  01  00  14  F1  
07  00  E2  89  06  00  97  32  70  FF  DC  61  07  00  6D  32  24  00  03  00  00  00  66  65  0C  
00  CA  09  CD  7B  01  00  00  00  2F  07  1B  8D  05  00  00  00  FF  FF  FF  FF  FE  FF  FF  FF  
00  00  00  00  6D  33  10  00  03  00  00  00  E3  07  02  19  12  29  30  00  01  00  12  00  6D  
34  14  00  03  00  00  00  C2  85  03  00  CD  29  FF  FF  29  3F  04  00  7C  E5  07  00  6D  35  
0C  00  03  00  00  00  2D  8D  01  00  DD  11  07  00  41  53  8E  C7  47  4E  00  00  CC  82  02  
00  00  00  00  00  00  00  28  01  6D  15  14  00  02  01  00  00  03  04  03  00  00  00  00  00  
00  00  00  00  00  00  00  00  6D  16  10  00  03  00  00  00  00  E3  07  02  19  12  29  30  00  
BB  00  00  00  6D  21  1C  00  03  00  00  00  C6  00  00  00  88  FF  FF  FF  1F  00  00  00  EF  
FF  FF  FF  16  00  00  00  40  00  00  00  6D  22  10  00  03  00  00  00  39  FE  FF  FF  25  02  
00  00  BC  00  06  00  00  6D  23  14  00  03  00  00  00  2B  41  AF  76  A9  DB  03  FD  F7  34  
06  03  62  34  55  0A  6D  24  24  00  02  00  00  00  00  00  00  00  00  00  00  00  00  00  00  
00  00  00  00  00  00  00  00  00  00  00  00  00  00  00  00  00  00  00  00  00  00  6D  31  20  
00  03  00  00  00  F9  B6  00  00  B2  5D  FF  FF  7E  18  01  00  46  AD  07  00  3A  E7  06  00  
1B  5C  70  FF  12  61  07  00  6D  32  24  00  03  00  00  00  66  65  0C  00  CA  09  CD  7B  01  
00  00  00  2F  00  07  1B  8D  05  00  00  00  FF  FF  FF  FF  FE  FF  FF  FF  00  00  00  00  6D  
33  10  00  03  00  00  00  E3  07  02  19  12  29  30  00  01  00  12  00  6D  34  14  00  03  00  
00  00  A0  48  03  00  88  56  FF  FF  54  2F  04  00  10  7A  07  00  6D  35  0C  00  03  00  00  
58  47  4E  00  00  CD  82  02  00  00  00  00  00  00  00  28  01  6D  15  14  00  02  01  00  00  
03  04  03  00  00  00  00  00  00  00  00  00  00  00  00  00  6D  16  10  00  03  00  00  00  E3  
07  02  19  12  29  30  00  C5  00  00  00  6D  21  1C  00  03  00  00  00  CA  FE  FF  FF  E5  FF  
FF  FF  B6  FF  FF  FF  05  00  00  00  07  00  00  00  2E  00  00  00  6D  22  10  00  03  00  00  
00  38  FE  FF  FF  25  02  00  00  BC  06  00  00  6D  23  14  00  03  00  00  00  7C  3F  AF  76  
F8  60  03  FD  E5  22  06  03  93  29  55  0A  6D  24  24  00  02  00  00  00  00  00  00  00  00  
00  00  00  00  00  00  00  00  00  00  00  00  00  00  00  00  00  00  00  00  00  00  00  00  00  
00  00  6D  31  20  00  03  00  00  00  10  F0  FF  FF  C3  81  FF  FF  82  EF  00  00  AA  05  08  
00  84  AC  06  00  CB  16  70  FF  C4  62  07  00  6D  32  24  00  03  00  00  00  66  65  0C  00  
CA  09  CD  7B  01  00  00  00  2F  07  1B  8D  05  00  00  00  FF  FF  FF  FF  FE  FF  FF  FF  00  
00  00  00  6D  33  10  00  03  00  00  00  E3  07  02  19  12  29  30  00  01  00  12  00  6D  34  
14  00  03  00  00  00  8F  5F  03  00  A7  47  FF  FF  38  37  04  00  02  A6  07  00  6D  35  0C  
00  03  00  00  00  28  8D  01  00  0F  12  07  00  41  53  57  31  47  4E  00  00  CE  82  02  00  
00  00  00  00  00  00  28  01  6D  15  14  00  02  01  00  00  03  04  03  00  00  00  00  00  00  
00  00  00  00  00  00  00  6D  16  10  00  03  00  00  00  00  E3  07  02  19  12  29  30  00  CF  
00  00  00  6D  21  1C  00  03  00  00  00  42  00  00  00  B1  FF  FF  FF  B5  FF  FF  FF  FE  FF  
FF  FF  00  00  00  00  3B  00  00  00  6D  22  10  00  03  00  00  00  38  FE  FF  FF  25  02  00  
00  BC  00  06  00  00  6D  23  14  00  03  00  00  00  EB  41  AF  76  C3  79  03  FD  4C  09  06  
03  40  1C  55  0A  6D  24  24  00  02  00  00  00  00  00  00  00  00  00  00  00  00  00  00  00  
00  00  00  00  00  00  00  00  00  00  00  00  00  00  00  00  00  00  00  00  00  6D  31  20  00  
03  00  00  00  F0  82  00  00  13  6D  FF  FF  ED  EE  00  00  43  EA  07  00  2B  91  06  00  00  
4C  70  FF  21  61  07  00  6D  32  24  00  03  00  00  00  66  65  0C  00  CA  09  CD  7B  01  00  
00  00  2F  00  07  1B  8D  05  00  00  00  FF  FF  FF  FF  FE  FF  FF  FF  00  00  00  00  6D  33  
10  00  03  00  00  00  E3  07  02  19  12  29  30  00  01  00  12  00  6D  34  14  00  03  00  00  
00  F1  66  03  00  59  2D  FF  FF  27  3B  04  00  47  D9  07  00  6D  35  0C  00  03  00  00  61  
47  4E  00  00  CF  82  02  00  01  01  00  00  00  00  28  01  6D  15  14  00  02  01  00  00  03  
04  03  00  00  00  00  00  00  00  00  00  00  00  00  00  6D  16  10  00  03  00  00  00  E3  07  
02  19  12  29  30  00  D9  00  00  00  6D  21  1C  00  03  00  00  00  AC  00  00  00  F4  FF  FF  
FF  55  00  00  00  14  00  00  00  0A  00  00  00  4D  00  00  00  6D  22  10  00  03  00  00  00  
38  FE  FF  FF  25  02  00  00  BC  06  00  00  6D  23  14  00  03  00  00  00  46  3F  AF  76  AA  
BA  03  FD  25  0F  06  03  B2  4B  55  0A  6D  24  24  00  02  00  00  00  00  00  00  00  00  00  
00  00  00  00  00  00  00  00  00  00  00  00  00  00  00  00  00  00  00  00  00  00  00  00  00  
00  6D  31  20  00  03  00  00  00  27  AC  00  00  4E  87  FF  FF  39  2D  01  00  DC  3F  08  00  
8B  B6  06  00  A9  91  70  FF  91  61  07  00  6D  32  24  00  03  00  00  00  66  65  0C  00  CA  
09  CD  7B  01  00  00  00  2F  07  1B  8D  05  00  00  00  FF  FF  FF  FF  FE  FF  FF  FF  00  00  
00  00  6D  33  10  00  03  00  00  00  E3  07  02  19  12  29  30  00  01  00  12  00  6D  34  14  
00  03  00  00  00  4F  38  03  00  15  0B  FF  FF  48  2F  04  00  40  EF  07  00  6D  35  0C  00  
03  00  00  00  28  8D  01  00  28  12  07  00  41  53  09  99  47  4E  00  00  D0  82  02  00  00  
00  00  00  00  00  28  01  6D  15  14  00  02  01  00  00  03  04  03  00  00  00  00  00  00  00  
00  00  00  00  00  00  6D  16  10  00  03  00  00  00  00  E3  07  02  19  12  29  30  00  E3  00  
00  00  6D  21  1C  00  03  00  00  00  29  FF  FF  FF  BB  00  00  00  9B  FF  FF  FF  F0  FF  FF  
FF  10  00  00  00  42  00  00  00  6D  22  10  00  03  00  00  00  38  FE  FF  FF  25  02  00  00  
BC  00  06  00  00  6D  23  14  00  03  00  00  00  FE  3C  AF  76  BA  5B  03  FD  97  53  06  03  
6F  36  55  0A  6D  24  24  00  02  00  00  00  00  00  00  00  00  00  00  00  00  00  00  00  00  
00  00  00  00  00  00  00  00  00  00  00  00  00  00  00  00  00  00  00  00  6D  31  20  00  03  
00  00  00  D1  14  00  00  B7  D4  FF  FF  A3  E4  00  00  9C  B1  07  00  EA  D1  06  00  86  65  
70  FF  DC  61  07  00  6D  32  24  00  03  00  00  00  66  65  0C  00  CA  09  CD  7B  01  00  00  
00  2F  00  07  1B  8D  05  00  00  00  FF  FF  FF  FF  FE  FF  FF  FF  00  00  00  00  6D  33  10  
00  03  00  00  00  E3  07  02  19  12  29  30  00  01  00  12  00  6D  34  14  00  03  00  00  00  
00  39  03  00  5D  47  FF  FF  47  2F  04  00  20  A1  07  00  6D  35  0C  00  03  00  00  CF  47  
4E  00  00  D1  82  02  00  00  00  00  00  00  00  28  01  6D  15  14  00  02  01  00  00  03  04  
03  00  00  00  00  00  00  00  00  00  00  00  00  00  6D  16  10  00  03  00  00  00  E3  07  02  
19  12  29  30  00  ED  00  00  00  6D  21  1C  00  03  00  00  00  84  00  00  00  44  00  00  00  
48  00  00  00  04  00  00  00  EF  FF  FF  FF  38  00  00  00  6D  22  10  00  03  00  00  00  38  
FE  FF  FF  25  02  00  00  BC  06  00  00  6D  23  14  00  03  00  00  00  A6  39  AF  76  F9  89  
03  FD  FE  76  06  03  D5  5F  55  0A  6D  24  24  00  02  00  00  00  00  00  00  00  00  00  00  
00  00  00  00  00  00  00  00  00  00  00  00  00  00  00  00  00  00  00  00  00  00  00  00  00  
6D  31  20  00  03  00  00  00  80  9C  00  00  5C  A6  FF  FF  0B  28  01  00  CA  01  08  00  93  
4D  06  00  8A  40  70  FF  4E  61  07  00  6D  32  24  00  03  00  00  00  66  65  0C  00  CA  09  
CD  7B  01  00  00  00  2F  07  1B  8D  05  00  00  00  FF  FF  FF  FF  FE  FF  FF  FF  00  00  00  
00  6D  33  10  00  03  00  00  00  E3  07  02  19  12  29  30  00  01  00  12  00  6D  34  14  00  
03  00  00  00  5E  48  03  00  ED  3F  FF  FF  55  2F  04  00  6C  BE  07  00  6D  35  0C  00  03  
00  00  00  27  8D  01  00  5A  12  07  00  41  53  DD  B1  47  4E  00  00  D2  82  02  00  00  00  
00  00  00  00  28  01  6D  15  14  00  02  01  00  00  03  04  03  00  00  00  00  00  00  00  00  
00  00  00  00  00  6D  16  10  00  03  00  00  00  00  E3  07  02  19  12  29  30  00  F7  00  00  
00  6D  21  1C  00  03  00  00  00  53  FE  FF  FF  78  00  00  00  3F  FF  FF  FF  13  00  00  00  
F7  FF  FF  FF  3A  00  00  00  6D  22  10  00  03  00  00  00  38  FE  FF  FF  25  02  00  00  BC  
00  06  00  00  6D  23  14  00  03  00  00  00  D3  38  AF  76  3F  DA  02  FD  2C  9A  06  03  2B  
2C  55  0A  6D  24  24  00  02  00  00  00  00  00  00  00  00  00  00  00  00  00  00  00  00  00  
00  00  00  00  00  00  00  00  00  00  00  00  00  00  00  00  00  00  00  6D  31  20  00  03  00  
00  00  5E  C1  FF  FF  9D  BA  FF  FF  94  C0  00  00  D5  3D  08  00  4C  70  06  00  42  45  70  
FF  4C  62  07  00  6D  32  24  00  03  00  00  00  66  65  0C  00  CA  09  CD  7B  01  00  00  00  
2F  00  07  1B  8D  05  00  00  00  FF  FF  FF  FF  FE  FF  FF  FF  00  00  00  00  6D  33  10  00  
03  00  00  00  E3  07  02  19  12  29  30  00  01  00  12  00  6D  34  14  00  03  00  00  00  D7  
53  03  00  7C  38  FF  FF  47  33  04  00  A1  CA  07  00  6D  35  0C  00  03  00  00  10  47  4E  
00  00  D3  82  02  00  00  00  00  00  00  00  28  01  6D  15  14  00  02  01  00  00  03  04  03  
00  00  00  00  00  00  00  00  00  00  00  00  00  6D  16  10  00  03  00  00  00  E3  07  02  19  
12  29  30  00  01  01  00  00  6D  21  1C  00  03  00  00  00  83  01  00  00  F2  00  00  00  CE  
FF  FF  FF  09  00  00  00  F6  FF  FF  FF  4F  00  00  00  6D  22  10  00  03  00  00  00  38  FE  
FF  FF  25  02  00  00  BC  06  00  00  6D  23  14  00  03  00  00  00  EC  39  AF  76  EB  64  03  
FD  9D  09  07  03  09  27  55  0A  6D  24  24  00  02  00  00  00  00  00  00  00  00  00  00  00  
00  00  00  00  00  00  00  00  00  00  00  00  00  00  00  00  00  00  00  00  00  00  00  00  6D  
31  20  00  03  00  00  00  BD  FF  00  00  09  EA  FF  FF  47  F8  00  00  E4  15  08  00  93  6B  
06  00  CF  98  70  FF  18  62  07  00  6D  32  24  00  03  00  00  00  66  65  0C  00  CA  09  CD  
7B  01  00  00  00  2F  07  1B  8D  05  00  00  00  FF  FF  FF  FF  FE  FF  FF  FF  00  00  00  00  
6D  33  10  00  03  00  00  00  E3  07  02  19  12  29  30  00  01  00  12  00  6D  34  14  00  03  
00  00  00  25  48  03  00  7A  38  FF  FF  F3  3E  04  00  5C  97  07  00  6D  35  0C  00  03  00  
00  00  28  8D  01  00  73  12  07  00  41  53  73  1C  47  4E  00  00  D4  82  02  00  00  00  00  
00  00  00  28  01  6D  15  14  00  02  01  00  00  03  04  03  00  00  00  00  00  00  00  00  00  
00  00  00  00  6D  16  10  00  03  00  00  00  00  E3  07  02  19  12  29  30  00  0B  01  00  00  
6D  21  1C  00  03  00  00  00  96  FE  FF  FF  D5  00  00  00  16  00  00  00  E7  FF  FF  FF  F9  
FF  FF  FF  32  00  00  00  6D  22  10  00  03  00  00  00  38  FE  FF  FF  26  02  00  00  BC  00  
06  00  00  6D  23  14  00  03  00  00  00  A4  31  AF  76  09  CE  02  FD  10  55  07  03  68  44  
55  0A  6D  24  24  00  02  00  00  00  00  00  00  00  00  00  00  00  00  00  00  00  00  00  00  
00  00  00  00  00  00  00  00  00  00  00  00  00  00  00  00  00  00  6D  31  20  00  03  00  00  
00  29  DB  FF  FF  F8  DE  FF  FF  F1  13  01  00  DA  91  07  00  23  77  06  00  EB  26  70  FF  
4E  61  07  00  6D  32  24  00  03  00  00  00  AE  63  0C  00  B9  09  CD  7B  01  00  00  00  64  
00  07  1B  8D  05  00  00  00  FF  FF  FF  FF  06  00  00  00  00  00  00  00  6D  33  10  00  03  
00  00  00  E3  07  02  19  12  29  30  00  01  00  12  00  6D  34  14  00  03  00  00  00  3A  48  
03  00  0C  2D  FF  FF  88  27  04  00  5C  97  07  00  6D  35  0C  00  03  00  00  67  47  4E  00  
00  D5  82  02  00  00  00  00  00  00  00  28  01  6D  15  14  00  02  01  00  00  03  04  03  00  
00  00  00  00  00  00  00  00  00  00  00  00  6D  16  10  00  03  00  00  00  E3  07  02  19  12  
29  30  00  15  01  00  00  6D  21  1C  00  03  00  00  00  AD  00  00  00  62  FF  FF  FF  9A  00  
00  00  0B  00  00  00  FD  FF  FF  FF  24  00  00  00  6D  22  10  00  03  00  00  00  38  FE  FF  
FF  25  02  00  00  BD  06  00  00  6D  23  14  00  03  00  00  00  13  2E  AF  76  A6  15  03  FD  
0C  23  07  03  BE  90  55  0A  6D  24  24  00  02  00  00  00  00  00  00  00  00  00  00  00  00  
00  00  00  00  00  00  00  00  00  00  00  00  00  00  00  00  00  00  00  00  00  00  00  6D  31  
20  00  03  00  00  00  2A  AC  00  00  3B  4E  FF  FF  8E  47  01  00  49  20  08  00  9F  85  06  
00  36  EF  6F  FF  55  61  07  00  6D  32  24  00  03  00  00  00  AE  63  0C  00  B9  09  CD  7B  
01  00  00  00  64  07  1B  8D  05  00  00  00  FF  FF  FF  FF  06  00  00  00  00  00  00  00  6D  
33  10  00  03  00  00  00  E3  07  02  19  12  29  30  00  01  00  12  00  6D  34  14  00  03  00  
00  00  C8  40  03  00  CB  3F  FF  FF  B2  1F  04  00  5C  97  07  00  6D  35  0C  00  03  00  00  
00  2E  8D  01  00  5A  12  07  00  41  53  0D  6A  47  4E  00  00  D6  82  02  00  02  01  01  01  
00  00  28  01  6D  15  14  00  02  01  00  00  03  04  03  00  00  00  00  00  00  00  00  00  00  
00  00  00  6D  16  10  00  03  00  00  00  00  E3  07  02  19  12  29  30  00  1F  01  00  00  6D  
21  1C  00  03  00  00  00  82  02  00  00  E8  FF  FF  FF  3A  00  00  00  FD  FF  FF  FF  F7  FF  
FF  FF  4D  00  00  00  6D  22  10  00  03  00  00  00  39  FE  FF  FF  25  02  00  00  BD  00  06  
00  00  6D  23  14  00  03  00  00  00  E4  30  AF  76  F8  0D  04  FD  2D  34  07  03  1F  B3  55  
0A  6D  24  24  00  02  00  00  00  00  00  00  00  00  00  00  00  00  00  00  00  00  00  00  00  
00  00  00  00  00  00  00  00  00  00  00  00  00  00  00  00  00  6D  31  20  00  03  00  00  00  
18  63  01  00  85  82  FF  FF  EF  21  01  00  82  E7  07  00  A0  6B  06  00  76  8F  70  FF  A0  
61  07  00  6D  32  24  00  03  00  00  00  AE  63  0C  00  B9  09  CD  7B  01  00  00  00  64  00  
07  1B  8D  05  00  00  00  FF  FF  FF  FF  06  00  00  00  00  00  00  00  6D  33  10  00  03  00  
00  00  E3  07  02  19  12  29  30  00  01  00  12  00  6D  34  14  00  03  00  00  00  F9  3C  03  
00  1C  4B  FF  FF  7D  27  04  00  20  A1  07  00  6D  35  0C  00  03  00  00  C1  47  4E  00  00  
D7  82  02  00  00  00  00  00  00  00  28  01  6D  15  14  00  02  01  00  00  03  04  03  00  00  
00  00  00  00  00  00  00  00  00  00  00  6D  16  10  00  03  00  00  00  E3  07  02  19  12  29  
30  00  29  01  00  00  6D  21  1C  00  03  00  00  00  E8  FD  FF  FF  D8  FF  FF  FF  D5  FF  FF  
FF  FE  FF  FF  FF  F9  FF  FF  FF  49  00  00  00  6D  22  10  00  03  00  00  00  38  FE  FF  FF  
25  02  00  00  BD  06  00  00  6D  23  14  00  03  00  00  00  D0  2B  AF  76  C4  3B  03  FD  1F  
16  07  03  86  B9  55  0A  6D  24  24  00  02  00  00  00  00  00  00  00  00  00  00  00  00  00  
00  00  00  00  00  00  00  00  00  00  00  00  00  00  00  00  00  00  00  00  00  00  6D  31  20  
00  03  00  00  00  30  97  FF  FF  68  7C  FF  FF  6B  FA  00  00  B7  EB  07  00  7A  74  06  00  
A2  81  70  FF  B5  62  07  00  6D  32  24  00  03  00  00  00  AE  63  0C  00  B9  09  CD  7B  01  
00  00  00  64  07  1B  8D  05  00  00  00  FF  FF  FF  FF  06  00  00  00  00  00  00  00  6D  33  
10  00  03  00  00  00  E3  07  02  19  12  29  30  00  01  00  12  00  6D  34  14  00  03  00  00  
00  FA  47  03  00  68  29  FF  FF  F3  3E  04  00  6C  BE  07  00  6D  35  0C  00  03  00  00  00  
26  8D  01  00  41  12  07  00  41  53  67  85  47  4E  00  00  D8  82  02  00  00  00  00  00  00  
00  28  01  6D  15  14  00  02  01  00  00  03  04  03  00  00  00  00  00  00  00  00  00  00  00  
00  00  6D  16  10  00  03  00  00  00  00  E3  07  02  19  12  29  30  00  33  01  00  00  6D  21  
1C  00  03  00  00  00  4B  02  00  00  7A  00  00  00  1D  01  00  00  07  00  00  00  F0  FF  FF  
FF  4B  00  00  00  6D  22  10  00  03  00  00  00  39  FE  FF  FF  26  02  00  00  BD  00  06  00  
00  6D  23  14  00  03  00  00  00  F0  24  AF  76  84  1C  04  FD  79  60  07  03  9A  33  56  0A  
6D  24  24  00  02  00  00  00  00  00  00  00  00  00  00  00  00  00  00  00  00  00  00  00  00  
00  00  00  00  00  00  00  00  00  00  00  00  00  00  00  00  6D  31  20  00  03  00  00  00  79  
4D  01  00  AE  BB  FF  FF  97  7A  01  00  37  0F  08  00  13  52  06  00  88  88  70  FF  BE  61  
07  00  6D  32  24  00  03  00  00  00  AE  63  0C  00  B9  09  CD  7B  01  00  00  00  64  00  07  
1B  8D  05  00  00  00  FF  FF  FF  FF  06  00  00  00  00  00  00  00  6D  33  10  00  03  00  00  
00  E3  07  02  19  12  29  30  00  01  00  12  00  6D  34  14  00  03  00  00  00  B7  53  03  00  
26  40  FF  FF  B4  4A  04  00  0B  E3  07  00  00  6D  35  0C  00  03  00  00  03  47  4E  00  00  
ED  82  02  00  00  00  00  00  00  00  28  01  6D  15  14  00  02  01  00  00  03  04  03  00  00  
00  00  00  00  00  00  00  00  00  00  00  6D  16  10  00  03  00  00  00  E3  07  02  19  12  00  
29  30  00  05  02  00  00  6D  21  1C  00  03  00  00  00  77  FF  FF  FF  14  01  00  00  48  00  
00  00  05  00  00  00  07  00  00  00  38  00  00  00  6D  22  10  00  03  00  00  00  39  FE  FF  
FF  26  02  00  00  BE  06  00  00  6D  23  14  00  00  03  00  00  00  B2  01  AF  76  3B  D3  03  
FD  E5  81  08  03  27  5E  57  0A  6D  24  24  00  02  00  00  00  00  00  00  00  00  00  00  00  
00  00  00  00  00  00  00  00  00  00  00  00  00  00  00  00  00  00  00  00  00  00  00  00  6D  
00  31  20  00  03  00  00  00  A7  33  00  00  2C  F9  FF  FF  43  28  01  00  9A  0A  08  00  FE  
AC  06  00  73  40  70  FF  B7  61  07  00  6D  32  24  00  03  00  00  00  BA  61  0C  00  B9  09  
CD  7B  01  00  00  00  87  07  1B  8D  05  00  00  00  FF  FF  FF  FF  05  00  00  1D  47  4E  00  
00  EE  82  02  00  00  00  00  00  00  00  28  01  6D  15  14  00  02  01  00  00  03  04  03  00  
00  00  00  00  00  00  00  00  00  00  00  00  6D  16  10  00  03  00  00  00  E3  07  02  19  12  
29  30  00  0F  02  00  00  6D  21  1C  00  03  00  00  00  F2  FF  FF  FF  18  00  00  00  66  FF  
FF  FF  FB  FF  FF  FF  0B  00  00  00  2E  00  00  00  6D  22  10  00  03  00  00  00  39  FE  FF  
FF  26  02  00  00  BE  06  00  00  6D  23  14  00  03  00  00  00  5A  05  AF  76  24  C7  03  FD  
09  8C  08  03  BF  2D  57  0A  6D  24  24  00  02  00  00  00  00  00  00  00  00  00  00  00  00  
00  00  00  00  00  00  00  00  00  00  00  00  00  00  00  00  00  00  00  00  00  00  00  6D  31  
20  00  03  00  00  00  82  63  00  00  9B  96  FF  FF  93  CF  00  00  16  E3  07  00  DA  BA  06  
00  A5  16  70  FF  B7  61  07  00  6D  32  24  00  03  00  00  00  BA  61  0C  00  B9  09  CD  7B  
01  00  00  00  87  07  1B  8D  05  00  00  00  FF  FF  FF  FF  05  00  00  00  00  00  00  00  6D  
33  10  00  03  00  00  00  E3  07  02  19  12  29  30  00  01  00  12  00  6D  34  14  00  03  00  
00  00  B0  48  03  00  D8  74  FF  FF  90  4E  04  00  C8  02  08  00  6D  35  0C  00  03  00  00  
00  00  2A  8D  01  00  F6  11  07  00  41  53  02  CF  47  4E  00  00  EF  82  02  00  00  00  00  
00  00  00  28  01  6D  15  14  00  02  01  00  00  03  04  03  00  00  00  00  00  00  00  00  00  
00  00  00  00  6D  16  10  00  03  00  00  00  E3  07  02  19  12  29  30  00  19  02  00  00  6D  
21  1C  00  03  00  00  00  C9  FF  FF  FF  EC  00  00  00  F9  FF  FF  FF  F4  FF  FF  FF  F9  FF  
FF  FF  4F  00  00  00  6D  22  10  00  03  00  00  00  39  FE  FF  FF  27  02  00  00  BE  06  00  
00  6D  23  14  00  03  00  00  00  A4  01  AF  76  73  A5  03  FD  7C  E8  08  03  7A  33  57  0A  
6D  24  24  00  02  00  00  00  00  00  00  00  00  00  00  00  00  00  00  00  00  00  00  00  00  
00  00  00  00  00  00  00  00  00  00  00  00  00  00  00  6D  31  20  00  03  00  00  00  7E  53  
00  00  8B  E9  FF  FF  E1  08  01  00  69  C9  07  00  20  75  06  00  A0  98  70  FF  FC  60  07  
00  6D  32  24  00  03  00  00  00  BA  61  0C  00  B9  09  CD  7B  01  00  00  00  87  07  1B  8D  
05  00  00  00  FF  6D  35  0C  00  03  00  00  00  26  8D  01  00  41  12  07  00  41  53  F6  70  
47  4E  00  00  F0  82  02  00  00  00  00  00  00  00  28  01  6D  15  14  00  02  01  00  00  03  
04  03  00  00  00  00  00  00  00  00  00  00  00  00  00  6D  16  10  00  03  00  00  00  E3  07  
02  19  12  29  30  00  23  02  00  00  6D  21  1C  00  03  00  00  00  BD  FF  FF  FF  AD  FF  FF  
FF  82  FF  FF  FF  EC  FF  FF  FF  0A  00  00  00  42  00  00  00  6D  22  10  00  03  00  00  00  
39  FE  FF  FF  27  02  00  00  BE  06  00  00  6D  23  14  00  03  00  00  00  1E  05  AF  76  B0  
88  03  FD  1B  C7  08  03  0C  0D  57  0A  6D  24  24  00  02  00  00  00  00  00  00  00  00  00  
00  00  00  00  00  00  00  00  00  00  00  00  00  00  00  00  00  00  00  00  00  00  00  00  00  
00  6D  31  20  00  03  00  00  00  B9  4E  00  00  01  6D  FF  FF  47  DA  00  00  8D  A8  07  00  
6A  B8  06  00  85  65  70  FF  73  61  07  00  6D  32  24  00  03  00  00  00  BA  61  0C  00  B9  
09  CD  7B  01  00  00  00  87  07  1B  8D  05  00  00  00  FF  FF  FF  FF  05  00  00  00  00  00  
00  00  6D  33  10  00  03  00  00  00  E3  07  02  19  12  29  30  00  01  00  12  00  6D  34  14  
00  03  00  00  00  49  44  00  03  00  47  29  FF  FF  6B  2B  04  00  CD  99  07  00  6D  35  0C  
00  03  00  00  00  28  8D  01  00  5A  12  07  00  41  53  2B  19  47  4E  00  00  F1  82  02  00  
00  00  00  00  00  00  28  01  6D  15  14  00  02  01  00  00  03  04  03  00  00  00  00  00  00  
00  00  00  00  00  00  00  6D  16  10  00  03  00  00  00  E3  07  02  19  12  29  30  00  2D  02  
00  00  6D  21  1C  00  03  00  00  00  8F  01  00  00  41  00  00  00  70  00  00  00  F9  FF  FF  
FF  0B  00  00  00  20  00  00  00  6D  22  10  00  03  00  00  00  39  FE  FF  FF  27  02  00  00  
BE  06  00  00  6D  23  14  00  03  00  00  00  D0  03  AF  76  0E  1E  04  FD  9D  F0  08  03  FB  
3A  57  0A  6D  24  24  00  02  00  00  00  00  00  00  00  00  00  00  00  00  00  00  00  00  00  
00  00  00  00  00  00  00  00  00  00  00  00  00  00  00  00  00  00  6D  31  20  00  03  00  00  
00  E0  04  01  00  9E  A6  FF  FF  25  37  01  00  C1  DE  07  00  EB  BA  06  00  3B  E1  6F  FF  
99  61  07  00  6D  32  24  00  03  00  00  00  BA  61  E3  07  02  19  12  29  30  00  01  00  12  
00  6D  34  14  00  03  00  00  00  7F  57  03  00  77  29  FF  FF  32  37  04  00  30  C8  07  00  
6D  35  0C  00  03  00  00  00  29  8D  01  00  28  12  07  00  41  53  F2  05  47  4E  00  00  F2  
82  02  00  00  00  00  00  00  00  28  01  6D  15  14  00  02  01  00  00  03  04  03  00  00  00  
00  00  00  00  00  00  00  00  00  00  6D  16  10  00  03  00  00  00  E3  07  02  19  12  29  30  
00  37  02  00  00  6D  21  1C  00  03  00  00  00  5E  FF  FF  FF  75  00  00  00  C5  FF  FF  FF  
F8  FF  FF  FF  F5  FF  FF  FF  61  00  00  00  6D  22  10  00  03  00  00  00  39  FE  FF  FF  27  
02  00  00  BE  06  00  00  6D  23  14  00  03  00  00  00  3C  02  AF  76  21  D6  03  FD  D4  19  
09  03  3D  2C  57  0A  6D  24  24  00  02  00  00  00  00  00  00  00  00  00  00  00  00  00  00  
00  00  00  00  00  00  00  00  00  00  00  00  00  00  00  00  00  00  00  00  00  6D  31  20  00  
03  00  00  00  9E  29  00  00  DE  BA  FF  FF  3F  F4  00  00  ED  D8  07  00  51  64  06  00  CB  
E0  70  FF  27  62  07  00  6D  32  24  00  03  00  00  00  D0  5F  0C  00  B9  09  CD  7B  01  00  
00  00  98  07  1B  8D  05  00  00  00  00  00  00  00  00  00  00  00  01  00  00  00  6D  33  10  
00  03  00  00  00  E3  07  02  19  12  29  30  00  01  00  12  00  6D  34  14  00  03  00  00  00  
E1  66  03  00  9B  29  FF  FF  0E  3F  04  00  8C  0C  08  00  6D  35  0C  00  03  00  00  00  25  
8D  01  00  A5  12  07  00  41  53  AF  E1  47  4E  00  00  F3  82  02  00  00  00  00  00  00  00  
28  01  6D  15  14  00  02  01  00  00  03  04  03  00  00  00  00  00  00  00  00  00  00  00  00  
00  6D  16  10  00  03  00  00  00  E3  07  02  19  12  29  30  00  41  02  00  00  6D  21  1C  00  
03  00  00  00  1A  00  00  00  33  00  00  00  DF  FF  FF  FF  F0  FF  FF  FF  F3  FF  FF  FF  2E  
00  00  00  6D  22  10  00  03  00  00  00  39  FE  FF  FF  27  02  00  00  BE  06  00  00  6D  23  
14  00  03  00  00  00  AF  02  AF  76  3E  DA  03  FD  F0  2E  09  03  10  22  57  0A  6D  24  24  
00  02  00  00  00  00  00  00  00  00  00  00  00  00  00  00  00  00  00  00  00  00  00  00  00  
00  00  00  00  00  00  00  00  00  00  00  00  6D  31  20  00  03  00  00  00  07  73  00  00  06  
A1  FF  FF  79  FE  00  00  02  BC  07  00  AC  5D  06  00  07  19  70  FF  3F  61  07  00  6D  32  
24  00  03  00  00  00  D0  5F  0C  00  B9  09  CD  7B  01  00  00  00  98  07  1B  8D  05  00  00  
00  00  00  00  00  00  00  00  00  E3  07  02  19  12  29  30  00  01  00  12  00  6D  34  14  00  
03  00  00  00  0C  67  03  00  AC  38  FF  FF  0E  3F  04  00  8C  0C  08  00  6D  35  0C  00  03  
00  00  00  26  8D  01  00  8C  12  07  00  41  53  9C  14  47  4E  00  00  F4  82  02  00  00  00  
00  00  00  00  28  01  6D  15  14  00  02  01  00  00  03  04  03  00  00  00  00  00  00  00  00  
00  00  00  00  00  6D  16  10  00  03  00  00  00  E3  07  02  19  12  29  30  00  4B  02  00  00  
6D  21  1C  00  03  00  00  00  E4  FF  FF  FF  AA  00  00  00  FA  FF  FF  FF  05  00  00  00  00  
00  00  00  53  00  00  00  6D  22  10  00  03  00  00  00  39  FE  FF  FF  27  02  00  00  BE  06  
00  00  6D  23  14  00  03  00  00  00  77  00  AF  76  F2  C5  03  FD  16  71  09  03  3F  22  57  
0A  6D  24  24  00  02  00  00  00  00  00  00  00  00  00  00  00  00  00  00  00  00  00  00  00  
00  00  00  00  00  00  00  00  00  00  00  00  00  00  00  00  6D  31  20  00  03  00  00  00  E2  
5D  00  00  AA  CF  FF  FF  DA  08  01  00  02  0F  08  00  D2  8E  06  00  E9  A8  70  FF  64  61  
07  00  6D  32  24  00  03  00  00  00  D0  5F  0C  00  B9  09  CD  7B  01  00  00  00  98  07  1B  
8D  05  00  00  00  00  00  00  00  00  00  00  00  01  00  00  00  6D  33  10  00  03  00  00  00  
E3  07  02  19  12  29  30  00  01  00  12  00  6D  34  14  00  03  00  00  00  C5  44  03  00  4C  
5A  FF  FF  38  33  04  00  40  EF  07  00  6D  35  0C  00  03  00  00  00  25  8D  01  00  28  12  
07  00  41  53  50  7B  47  4E  00  00  F5  82  02  00  00  00  00  00  00  00  28  01  6D  15  14  
00  02  01  00  00  03  04  03  00  00  00  00  00  00  00  00  00  00  00  00  00  6D  16  10  00  
03  00  00  00  E3  07  02  19  12  29  30  00  55  02  00  00  6D  21  1C  00  03  00  00  00  C3  
FD  FF  FF  23  00  00  00  D8  FE  FF  FF  FF  FF  FF  FF  FE  FF  FF  FF  3C  00  00  00  6D  22  
10  00  03  00  00  00  38  FE  FF  FF  27  02  00  00  BD  06  00  00  6D  23  14  00  03  00  00  
00  EF  03  AF  76  99  DE  02  FD  D4  69  09  03  B5  B9  56  0A  6D  24  24  00  02  00  00  00  
00  00  00  00  00  00  00  00  00  00  00  00  00  00  00  00  00  00  00  00  00  00  00  00  00  
00  00  00  00  00  00  00  6D  31  20  00  03  00  00  00  92  88  FF  FF  18  9B  FF  FF  4B  97  
00  00  00  F6  07  00  42  8A  06  00  52  4E  70  FF  03  61  07  00  6D  32  24  00  03  00  00  
00  D0  5F  0C  00  B9  09  CD  7B  01  00  00  00  98  07  1B  8D  05  00  00  00  00  00  00  00  
00  00  00  00  00  E3  07  02  19  12  29  30  00  01  00  12  00  6D  34  14  00  03  00  00  00  
87  48  03  00  6B  47  FF  FF  87  27  04  00  4E  C3  07  00  6D  35  0C  00  03  00  00  00  25  
8D  01  00  DD  11  07  00  41  53  EB  F1  47  4E  00  00  F6  82  02  00  00  00  00  00  00  00  
28  01  6D  15  14  00  02  01  00  00  03  04  03  00  00  00  00  00  00  00  00  00  00  00  00  
00  6D  16  10  00  03  00  00  00  E3  07  02  19  12  29  30  00  5F  02  00  00  6D  21  1C  00  
03  00  00  00  5C  01  00  00  68  00  00  00  B6  FF  FF  FF  00  00  00  00  F0  FF  FF  FF  2C  
00  00  00  6D  22  10  00  03  00  00  00  38  FE  FF  FF  27  02  00  00  BD  06  00  00  6D  23  
14  00  03  00  00  00  30  08  AF  76  D9  5D  03  FD  CF  9E  09  03  1C  9E  56  0A  6D  24  24  
00  02  00  00  00  00  00  00  00  00  00  00  00  00  00  00  00  00  00  00  00  00  00  00  00  
00  00  00  00  00  00  00  00  00  00  00  00  6D  31  20  00  03  00  00  00  94  F0  00  00  F4  
B5  FF  FF  24  EE  00  00  D3  F8  07  00  B3  54  06  00  0E  12  70  FF  F4  60  07  00  6D  32  
24  00  03  00  00  00  D0  5F  0C  00  B9  09  CD  7B  01  00  00  00  98  07  1B  8D  05  00  00  
00  00  00  00  00  00  00  00  00  01  00  00  00  6D  33  10  00  03  00  00  00  E3  07  02  19  
12  29  30  00  01  00  12  00  6D  34  14  00  03  00  00  00  B6  57  03  00  56  29  FF  FF  C7  
1F  04  00  20  A1  07  00  6D  35  0C  00  03  00  00  00  26  8D  01  00  28  12  07  00  41  53  
DF  08  47  4E  00  00  F7  82  02  00  00  00  00  00  00  00  28  01  6D  15  14  00  02  01  00  
00  03  04  03  00  00  00  00  00  00  00  00  00  00  00  00  00  6D  16  10  00  03  00  00  00  
E3  07  02  19  12  29  30  00  69  02  00  00  6D  21  1C  00  03  00  00  00  38  FF  FF  FF  F3  
FE  FF  FF  4D  00  00  00  FD  FF  FF  FF  F5  FF  FF  FF  45  00  00  00  6D  22  10  00  03  00  
00  00  38  FE  FF  FF  27  02  00  00  BD  06  00  00  6D  23  14  00  03  00  00  00  D8  05  AF  
76  95  16  03  FD  66  31  09  03  8C  C4  56  0A  6D  24  24  00  02  00  00  00  00  00  00  00  
00  00  00  00  00  00  00  00  00  00  00  00  00  00  00  00  00  00  00  00  00  00  00  00  00  
00  00  00  6D  31  20  00  03  00  00  00  1F  1A  00  00  58  24  FF  FF  25  29  01  00  84  EC  
07  00  2B  67  06  00  8C  73  70  FF  37  61  07  00  6D  32  24  00  03  00  00  00  D0  5F  0C  
00  B9  09  CD  7B  01  00  00  00  98  07  1B  8D  05  00  00  00  00  00  00  00  00  00  00  E3  
07  02  19  12  29  30  00  01  00  12  00  6D  34  14  00  03  00  00  00  D4  37  03  00  07  ED  
FE  FF  E7  3E  04  00  50  16  08  00  6D  35  0C  00  03  00  00  00  25  8D  01  00  73  12  07  
00  41  53  25  B2  47  4E  00  00  F8  82  02  00  00  00  00  00  00  00  28  01  6D  15  14  00  
02  01  00  00  03  04  03  00  00  00  00  00  00  00  00  00  00  00  00  00  6D  16  10  00  03  
00  00  00  E3  07  02  19  12  29  30  00  73  02  00  00  6D  21  1C  00  03  00  00  00  DA  FF  
FF  FF  F0  FF  FF  FF  69  FF  FF  FF  EF  FF  FF  FF  08  00  00  00  4A  00  00  00  6D  22  10  
00  03  00  00  00  38  FE  FF  FF  27  02  00  00  BD  06  00  00  6D  23  14  00  03  00  00  00  
53  0A  AF  76  34  03  03  FD  3D  29  09  03  E6  8D  56  0A  6D  24  24  00  02  00  00  00  00  
00  00  00  00  00  00  00  00  00  00  00  00  00  00  00  00  00  00  00  00  00  00  00  00  00  
00  00  00  00  00  00  6D  31  20  00  03  00  00  00  66  59  00  00  DF  86  FF  FF  C0  CF  00  
00  76  B4  07  00  74  AF  06  00  9E  83  70  FF  B8  60  07  00  6D  32  24  00  03  00  00  00  
D0  5F  0C  00  B9  09  CD  7B  01  00  00  00  98  07  1B  8D  05  00  00  00  00  00  00  00  00  
00  00  00  01  00  00  00  6D  33  10  00  03  00  00  00  E3  07  02  19  12  29  30  00  01  00  
12  00  6D  34  14  00  03  00  00  00  EE  66  03  00  C5  25  FF  FF  58  33  04  00  50  16  08  
00  6D  35  0C  00  03  00  00  00  2A  8D  01  00  28  12  07  00  41  53  E7  8E  47  4E  00  00  
F9  82  02  00  00  00  00  00  00  00  28  01  6D  15  14  00  02  01  00  00  03  04  03  00  00  
00  00  00  00  00  00  00  00  00  00  00  6D  16  10  00  03  00  00  00  E3  07  02  19  12  29  
30  00  7D  02  00  00  6D  21  1C  00  03  00  00  00  0B  01  00  00  2A  FF  FF  FF  A9  00  00  
00  F9  FF  FF  FF  FF  FF  FF  FF  4B  00  00  00  6D  22  10  00  03  00  00  00  38  FE  FF  FF  
27  02  00  00  BD  06  00  00  6D  23  14  00  03  00  00  00  04  09  AF  76  7A  70  03  FD  4F  
E1  08  03  9D  D1  56  0A  6D  24  24  00  02  00  00  00  00  00  00  00  00  00  00  00  00  00  
00  00  00  00  00  00  00  00  00  00  00  00  00  00  00  00  00  00  00  00  00  00  6D  31  20  
00  03  00  00  00  98  D0  00  00  A2  39  FF  FF  AB  4C  01  00  FA  DD  07  00  76  8E  06  00  
C7  8A  70  FF  DC  61  07  00  6D  32  24  00  03  00  00  00  D0  5F  0C  00  B9  09  CD  7B  01  
00  00  00  98  07  1B  8D  05  00  00  00  00  00  00  00  00  00  00  00  00  00  E3  07  02  19  
12  29  30  00  01  00  12  00  6D  34  14  00  03  00  00  00  8F  5F  03  00  A7  47  FF  FF  38  
37  04  00  C8  02  08  00  6D  35  0C  00  03  00  00  00  27  8D  01  00  28  12  07  00  41  53  
31  A5  47  4E  00  00  FA  82  02  00  00  00  00  00  00  00  28  01  6D  15  14  00  02  01  00  
00  03  04  03  00  00  00  00  00  00  00  00  00  00  00  00  00  6D  16  10  00  03  00  00  00  
E3  07  02  19  12  29  30  00  87  02  00  00  00  6D  21  1C  00  03  00  00  00  86  01  00  00  
97  FE  FF  FF  C6  FF  FF  FF  EA  FF  FF  FF  0A  00  00  00  2B  00  00  00  6D  22  10  00  03  
00  00  00  39  FE  FF  FF  26  02  00  00  BD  06  00  00  6D  23  14  00  03  00  00  00  00  3A  
12  AF  76  76  0F  04  FD  B7  61  08  03  3C  BB  56  0A  6D  24  24  00  02  00  00  00  00  00  
00  00  00  00  00  00  00  00  00  00  00  00  00  00  00  00  00  00  00  00  00  00  00  00  00  
00  00  00  00  00  6D  31  20  00  03  00  00  00  00  67  00  01  00  7A  00  FF  FF  DC  F3  00  
00  9B  9F  07  00  05  B6  06  00  06  0B  70  FF  99  61  07  00  6D  32  24  00  03  00  00  00  
D0  5F  0C  00  B9  09  CD  7B  01  00  00  00  98  07  1B  8D  05  00  00  00  00  00  00  00  00  
00  00  00  00  01  00  00  00  6D  33  10  00  03  00  00  00  E3  07  02  19  12  29  30  00  01  
00  12  00  6D  34  14  00  03  00  00  00  7D  48  03  00  9E  56  FF  FF  F2  3E  04  00  40  EF  
07  00  6D  35  0C  00  03  00  00  00  28  8D  01  00  28  12  07  00  41  53  51  47  4E  00  00  
FB  82  02  00  00  00  00  00  00  00  28  01  6D  15  14  00  02  01  00  00  03  04  03  00  00  
00  00  00  00  00  00  00  00  00  00  00  6D  16  10  00  03  00  00  00  E3  07  02  19  12  29  
30  00  91  02  00  00  6D  21  1C  00  03  00  00  00  5D  01  00  00  F0  FF  FF  FF  30  00  00  
00  F4  FF  FF  FF  FD  FF  FF  FF  57  00  00  00  6D  22  10  00  03  00  00  00  39  FE  FF  FF  
26  02  00  00  BD  06  00  00  6D  23  14  00  03  00  00  00  01  14  AF  76  2E  94  04  FD  0C  
68  08  03  47  CB  56  0A  6D  24  24  00  02  00  00  00  00  00  00  00  00  00  00  00  00  00  
00  00  00  00  00  00  00  00  00  00  00  00  00  00  00  00  00  00  00  00  00  00  6D  31  20  
00  03  00  00  00  7E  F0  00  00  49  87  FF  FF  4F  1D  01  00  71  C9  07  00  54  83  06  00  
B7  B6  70  FF  7C  60  07  00  6D  32  24  00  03  00  00  00  D0  5F  0C  00  B9  09  CD  7B  01  
00  00  00  98  07  1B  8D  05  00  00  00  00  00  00  00  00  00  00  00  00  00  E3  07  02  19  
12  29  30  00  01  00  12  00  6D  34  14  00  03  00  00  00  02  48  03  00  90  38  FF  FF  92  
4E  04  00  F4  D1  07  00  6D  35  0C  00  03  00  00  00  27  8D  01  00  41  12  07  00  41  53  
47  68  47  4E  00  00  FC  82  02  00  00  00  00  00  00  00  28  01  6D  15  14  00  02  01  00  
00  03  04  03  00  00  00  00  00  00  00  00  00  00  00  00  00  6D  16  10  00  03  00  00  00  
E3  07  02  19  12  29  30  00  9B  00  02  00  00  6D  21  1C  00  03  00  00  00  38  FF  FF  FF  
A0  FF  FF  FF  19  00  00  00  F8  FF  FF  FF  FD  FF  FF  FF  2B  00  00  00  6D  22  10  00  03  
00  00  00  39  FE  FF  FF  26  02  00  00  BD  06  00  00  6D  23  14  00  03  00  00  00  00  54  
12  AF  76  2E  46  04  FD  84  3B  08  03  0B  D5  56  0A  6D  24  24  00  02  00  00  00  00  00  
00  00  00  00  00  00  00  00  00  00  00  00  00  00  00  00  00  00  00  00  00  00  00  00  00  
00  00  00  00  00  6D  31  20  00  03  00  00  00  00  04  1A  00  00  D3  67  FF  FF  01  14  01  
00  BF  D7  07  00  41  85  06  00  6A  0D  70  FF  99  61  07  00  6D  32  24  00  03  00  00  00  
AE  5E  0C  00  CA  09  CD  7B  01  00  00  00  AA  07  1B  8D  05  00  00  00  04  00  00  00  00  
04  00  00  00  01  00  00  00  6D  33  10  00  03  00  00  00  E3  07  02  19  12  29  30  00  01  
00  12  00  6D  34  14  00  03  00  00  00  0F  54  03  00  1C  4F  FF  FF  2E  37  04  00  F4  D1  
07  00  6D  35  0C  00  03  00  00  00  2B  8D  01  00  8C  12  07  00  41  55  47  4E  00  00  FD  
82  02  00  00  00  00  00  00  00  28  01  6D  15  14  00  02  01  00  00  03  04  03  00  00  00  
00  00  00  00  00  00  00  00  00  00  6D  16  10  00  03  00  00  00  E3  07  02  19  12  29  30  
00  A5  02  00  00  6D  21  1C  00  03  00  00  00  DA  FE  FF  FF  21  01  00  00  78  FF  FF  FF  
07  00  00  00  E7  FF  FF  FF  5F  00  00  00  6D  22  10  00  03  00  00  00  39  FE  FF  FF  26  
02  00  00  BD  06  00  00  6D  23  14  00  03  00  00  00  19  11  AF  76  69  C5  03  FD  AE  A0  
08  03  55  A0  56  0A  6D  24  24  00  02  00  00  00  00  00  00  00  00  00  00  00  00  00  00  
00  00  00  00  00  00  00  00  00  00  00  00  00  00  00  00  00  00  00  00  00  6D  31  20  00  
03  00  00  00  8F  F5  FF  FF  17  FE  FF  FF  FF  D4  00  00  66  11  08  00  D5  2C  06  00  7F  
D7  70  FF  91  61  07  00  6D  32  24  00  03  00  00  00  AE  5E  0C  00  CA  09  CD  7B  01  00  
00  00  AA  07  1B  8D  05  00  00  00  04  00  00  00  04  00  00  00  00  E3  07  02  19  12  29  
30  00  01  00  12  00  6D  34  14  00  03  00  00  00  48  50  03  00  9F  56  FF  FF  2A  37  04  
00  04  F9  07  00  6D  35  0C  00  03  00  00  00  2B  8D  01  00  8C  12  07  00  41  53  94  3F  
47  4E  00  00  FE  82  02  00  00  00  00  00  00  00  28  01  6D  15  14  00  02  01  00  00  03  
04  03  00  00  00  00  00  00  00  00  00  00  00  00  00  6D  16  10  00  03  00  00  00  E3  07  
02  19  12  29  30  00  AF  02  00  00  00  6D  21  1C  00  03  00  00  00  D6  00  00  00  AE  FF  
FF  FF  4D  00  00  00  01  00  00  00  EB  FF  FF  FF  1F  00  00  00  6D  22  10  00  03  00  00  
00  39  FE  FF  FF  26  02  00  00  BD  06  00  00  6D  23  14  00  03  00  00  00  00  47  11  AF  
76  93  19  04  FD  5C  89  08  03  66  BD  56  0A  6D  24  24  00  02  00  00  00  00  00  00  00  
00  00  00  00  00  00  00  00  00  00  00  00  00  00  00  00  00  00  00  00  00  00  00  00  00  
00  00  00  6D  31  20  00  03  00  00  00  00  C2  BB  00  00  72  6D  FF  FF  05  28  01  00  F5  
FA  07  00  3C  3F  06  00  2D  DF  6F  FF  18  62  07  00  6D  32  24  00  03  00  00  00  AE  5E  
0C  00  CA  09  CD  7B  01  00  00  00  AA  07  1B  8D  05  00  00  00  04  00  00  00  00  04  00  
00  00  01  00  00  00  6D  33  10  00  03  00  00  00  E3  07  02  19  12  29  30  00  01  00  12  
00  6D  34  14  00  03  00  00  00  7D  48  03  00  9E  56  FF  FF  F2  3E  04  00  14  20  08  00  
6D  35  0C  00  03  00  00  00  2A  8D  01  00  D7  12  07  00  41  53  A6  47  4E  00  00  FF  82  
02  00  00  00  00  00  00  00  28  01  6D  15  14  00  02  01  00  00  03  04  03  00  00  00  00  
00  00  00  00  00  00  00  00  00  6D  16  10  00  03  00  00  00  E3  07  02  19  12  29  30  00  
B9  02  00  00  6D  21  1C  00  03  00  00  00  D5  00  00  00  15  01  00  00  FC  FF  FF  FF  E5  
FF  FF  FF  F5  FF  FF  FF  38  00  00  00  6D  22  10  00  03  00  00  00  39  FE  FF  FF  27  02  
00  00  BD  06  00  00  6D  23  14  00  03  00  00  00  E5  10  AF  76  FF  60  04  FD  FC  FB  08  
03  C7  B4  56  0A  6D  24  24  00  02  00  00  00  00  00  00  00  00  00  00  00  00  00  00  00  
00  00  00  00  00  00  00  00  00  00  00  00  00  00  00  00  00  00  00  00  6D  31  20  00  03  
00  00  00  C8  BB  00  00  6A  F9  FF  FF  37  08  01  00  EC  8C  07  00  47  64  06  00  88  40  
70  FF  B7  61  07  00  6D  32  24  00  03  00  00  00  AE  5E  0C  00  CA  09  CD  7B  01  00  00  
00  AA  07  1B  8D  05  00  00  00  04  00  00  00  04  00  00  00  00  E3  07  02  19  12  29  30  
00  01  00  12  00  6D  34  14  00  03  00  00  00  99  57  03  00  93  38  FF  FF  00  3F  04  00  
B8  DB  07  00  6D  35  0C  00  03  00  00  00  27  8D  01  00  5A  12  07  00  41  53  0B  B3  47  
4E  00  00  00  83  02  00  AA  AA  AA  AA  00  00  28  01  6D  15  14  00  02  01  00  00  03  04  
03  00  00  00  00  00  00  00  00  00  00  00  00  00  6D  16  10  00  03  00  00  00  E3  07  02  
19  12  29  30  00  C3  02  00  00  00  6D  21  1C  00  03  00  00  00  96  FE  FF  FF  13  01  00  
00  1A  00  00  00  FA  FF  FF  FF  02  00  00  00  3C  00  00  00  6D  22  10  00  03  00  00  00  
39  FE  FF  FF  27  02  00  00  BD  06  00  00  6D  23  14  00  03  00  00  00  00  0D  0A  AF  76  
F1  C8  03  FD  65  5A  09  03  C1  BB  56  0A  6D  24  24  00  02  00  00  00  00  00  00  00  00  
00  00  00  00  00  00  00  00  00  00  00  00  00  00  00  00  00  00  00  00  00  00  00  00  00  
00  00  6D  31  20  00  03  00  00  00  00  08  DB  FF  FF  EE  F8  FF  FF  D6  13  01  00  B4  E0  
07  00  F0  97  06  00  62  4E  70  FF  91  61  07  00  6D  32  24  00  03  00  00  00  AE  5E  0C  
00  CA  09  CD  7B  01  00  00  00  AA  07  1B  8D  05  00  00  00  04  00  00  00  00  04  00  00  
00  01  00  00  00  6D  33  10  00  03  00  00  00  E3  07  02  19  12  29  30  00  01  00  12  00  
6D  34  14  00  03  00  00  00  E5  34  03  00  EC  2C  FF  FF  77  27  04  00  19  B7  07  00  6D  
35  0C  00  03  00  00  00  2A  8D  01  00  73  12  07  00  41  53  AA  47  4E  00  00  01  83  02  
00  02  03  90  01  00  00  28  01  6D  15  14  00  02  01  00  00  03  04  03  00  00  00  00  00  
00  00  00  00  00  00  00  00  6D  16  10  00  03  00  00  00  E3  07  02  19  12  29  30  00  CD  
02  00  00  6D  21  1C  00  03  00  00  00  BA  00  00  00  E3  FF  FF  FF  B9  00  00  00  F9  FF  
FF  FF  05  00  00  00  3E  00  00  00  6D  22  10  00  03  00  00  00  39  FE  FF  FF  27  02  00  
00  BD  06  00  00  6D  23  14  00  03  00  00  00  53  06  AF  76  9C  11  04  FD  1A  56  09  03  
BE  FC  56  0A  6D  24  24  00  02  00  00  00  00  00  00  00  00  00  00  00  00  00  00  00  00  
00  00  00  00  00  00  00  00  00  00  00  00  00  00  00  00  00  00  00  6D  31  20  00  03  00  
00  00  49  B1  00  00  19  82  FF  FF  D2  51  01  00  8C  DE  07  00  7B  A1  06  00  97  57  70  
FF  03  61  07  00  6D  32  24  00  03  00  00  00  AE  5E  0C  00  CA  09  CD  7B  01  00  00  00  
AA  07  1B  8D  05  00  00  00  04  00  00  00  04  00  00  00  00  00  E3  07  02  19  12  29  30  
00  01  00  12  00  6D  34  14  00  03  00  00  00  D3  34  03  00  F7  2C  FF  FF  47  2F  04  00  
30  C8  07  00  6D  35  0C  00  03  00  00  00  2A  8D  01  00  41  12  07  00  41  53  F0  69  47  
4E  00  00  02  83  02  00  04  00  01  00  00  00  28  01  6D  15  14  00  02  01  00  00  03  04  
03  00  00  00  00  00  00  00  00  00  00  00  00  00  6D  16  10  00  03  00  00  00  E3  07  02  
19  12  29  30  00  D7  00  02  00  00  6D  21  1C  00  03  00  00  00  97  FE  FF  FF  A8  00  00  
00  37  FF  FF  FF  0D  00  00  00  EF  FF  FF  FF  60  00  00  00  6D  22  10  00  03  00  00  00  
39  FE  FF  FF  27  02  00  00  BD  06  00  00  6D  23  14  00  03  00  00  00  00  25  08  AF  76  
2F  7B  03  FD  D8  88  09  03  84  AD  56  0A  6D  24  24  00  02  00  00  00  00  00  00  00  00  
00  00  00  00  00  00  00  00  00  00  00  00  00  00  00  00  00  00  00  00  00  00  00  00  00  
00  00  6D  31  20  00  03  00  00  00  00  98  DB  FF  FF  54  CF  FF  FF  2B  BB  00  00  C5  2A  
08  00  67  4D  06  00  D4  D9  70  FF  E4  61  07  00  6D  32  24  00  03  00  00  00  AE  5E  0C  
00  CA  09  CD  7B  01  00  00  00  AA  07  1B  8D  05  00  00  00  04  00  00  00  00  04  00  00  
00  01  00  00  00  6D  33  10  00  03  00  00  00  E3  07  02  19  12  29  30  00  01  00  12  00  
6D  34  14  00  03  00  00  00  51  57  03  00  BF  38  FF  FF  41  5E  04  00  14  20  08  00  6D  
35  0C  00  03  00  00  00  2B  8D  01  00  8C  12  07  00  41  98  47  4E  00  00  03  83  02  00  
C0  C6  2D  00  00  00  28  01  6D  15  14  00  02  01  00  00  03  04  03  00  00  00  00  00  00  
00  00  00  00  00  00  00  6D  16  10  00  03  00  00  00  E3  07  02  19  12  29  30  00  E1  02  
00  00  6D  21  1C  00  03  00  00  00  A2  FF  FF  FF  09  00  00  00  FF  FF  FF  FF  03  00  00  
00  09  00  00  00  42  00  00  00  6D  22  10  00  03  00  00  00  38  FE  FF  FF  27  02  00  00  
BD  06  00  00  6D  23  14  00  03  00  00  00  27  07  AF  76  E7  53  03  FD  76  89  09  03  64  
AD  56  0A  6D  24  24  00  02  00  00  00  00  00  00  00  00  00  00  00  00  00  00  00  00  00  
00  00  00  00  00  00  00  00  00  00  00  00  00  00  00  00  00  00  6D  31  20  00  03  00  00  
00  E6  43  00  00  59  91  FF  FF  32  09  01  00  E1  05  08  00  19  B4  06  00  87  65  70  FF  
64  61  07  00  6D  32  24  00  03  00  00  00  AE  5E  0C  00  CA  09  CD  7B  01  00  00  00  AA  
07  1B  8D  05  00  00  00  04  00  00  00  04  00  00  03  00  00  00  E3  07  02  19  12  29  30  
00  01  00  12  00  6D  34  14  00  03  00  00  00  4A  57  03  00  97  29  FF  FF  A0  4E  04  00  
14  20  08  00  6D  35  0C  00  03  00  00  00  25  8D  01  00  41  12  07  00  41  53  86  DE  47  
4E  00  00  04  83  02  00  00  10  0E  00  00  00  28  01  6D  15  14  00  02  01  00  00  03  04  
03  00  00  00  00  00  00  00  00  00  00  00  00  00  6D  16  10  00  03  00  00  00  E3  07  02  
19  12  29  30  00  00  EB  02  00  00  6D  21  1C  00  03  00  00  00  17  01  00  00  21  01  00  
00  75  00  00  00  F9  FF  FF  FF  F7  FF  FF  FF  3A  00  00  00  6D  22  10  00  03  00  00  00  
39  FE  FF  FF  27  02  00  00  BD  06  00  00  6D  23  14  00  03  00  00  00  00  F8  02  AF  76  
4D  B5  03  FD  DA  04  0A  03  43  D5  56  0A  6D  24  24  00  02  00  00  00  00  00  00  00  00  
00  00  00  00  00  00  00  00  00  00  00  00  00  00  00  00  00  00  00  00  00  00  00  00  00  
00  00  6D  31  20  00  00  03  00  00  00  A1  D5  00  00  B0  FE  FF  FF  17  37  01  00  95  DE  
07  00  AA  6B  06  00  26  45  70  FF  82  61  07  00  6D  32  24  00  03  00  00  00  AE  5E  0C  
00  CA  09  CD  7B  01  00  00  00  AA  07  1B  8D  05  00  00  00  04  00  00  00  00  04  00  00  
00  01  00  00  00  6D  33  10  00  03  00  00  00  E3  07  02  19  12  29  30  00  01  00  12  00  
6D  34  14  00  03  00  00  00  9F  62  03  00  0F  13  FF  FF  AB  4E  04  00  75  FB  07  00  6D  
35  0C  00  03  00  00  00  28  8D  01  00  DD  11  07  00  48  47  4E  00  00  05  83  02  00  01  
00  00  01  00  00  28  01  6D  15  14  00  02  01  00  00  03  04  03  00  00  00  00  00  00  00  
00  00  00  00  00  00  6D  16  10  00  03  00  00  00  E3  07  02  19  12  29  30  00  F5  02  00  
00  6D  21  1C  00  03  00  00  00  A4  FE  FF  FF  9F  FF  FF  FF  B1  FF  FF  FF  F5  FF  FF  FF  
05  00  00  00  36  00  00  00  6D  22  10  00  03  00  00  00  38  FE  FF  FF  27  02  00  00  BD  
06  00  00  6D  23  14  00  03  00  00  00  62  03  AF  76  A4  2E  03  FD  3C  D2  09  03  81  B8  
56  0A  6D  24  24  00  02  00  00  00  00  00  00  00  00  00  00  00  00  00  00  00  00  00  00  
00  00  00  00  00  00  00  00  00  00  00  00  00  00  00  00  00  6D  31  20  00  03  00  00  00  
B5  E0  FF  FF  AC  67  FF  FF  74  EA  00  00  33  D0  07  00  9F  A5  06  00  36  37  70  FF  18  
62  07  00  6D  32  24  00  03  00  00  00  AE  5E  0C  00  CA  09  CD  7B  01  00  00  00  AA  07  
1B  8D  05  00  00  00  04  00  00  00  04  00  00  00  03  00  00  00  E3  07  02  19  12  29  30  
00  01  00  12  00  6D  34  14  00  03  00  00  00  A5  66  03  00  5E  1E  FF  FF  C6  4A  04  00  
40  EF  07  00  6D  35  0C  00  03  00  00  00  2A  8D  01  00  5A  12  07  00  41  53  B1  92  47  
4E  00  00  06  83  02  00  30  0F  1F  00  00  00  28  01  6D  15  14  00  02  01  00  00  03  04  
03  00  00  00  00  00  00  00  00  00  00  00  00  00  6D  16  10  00  03  00  00  00  E3  07  02  
19  12  29  30  00  00  FF  02  00  00  6D  21  1C  00  03  00  00  00  53  FF  FF  FF  81  00  00  
00  45  FF  FF  FF  FE  FF  FF  FF  F6  FF  FF  FF  36  00  00  00  6D  22  10  00  03  00  00  00  
38  FE  FF  FF  27  02  00  00  BD  06  00  00  6D  23  14  00  03  00  00  00  00  E9  06  AF  76  
A1  E2  02  FD  51  FC  09  03  AD  6D  56  0A  6D  24  24  00  02  00  00  00  00  00  00  00  00  
00  00  00  00  00  00  00  00  00  00  00  00  00  00  00  00  00  00  00  00  00  00  00  00  00  
00  00  6D  31  20  00  00  03  00  00  00  B3  24  00  00  FD  BF  FF  FF  09  C0  00  00  54  F3  
07  00  18  69  06  00  56  37  70  FF  36  62  07  00  6D  32  24  00  03  00  00  00  82  5D  0C  
00  B9  09  CD  7B  01  00  00  00  BB  07  1B  8D  05  00  00  00  FC  00  FF  FF  FF  00  00  00  
00  01  00  00  00  6D  33  10  00  03  00  00  00  E3  07  02  19  12  29  30  00  01  00  12  00  
6D  34  14  00  03  00  00  00  62  67  03  00  D0  56  FF  FF  0D  3F  04  00  40  EF  07  00  6D  
35  0C  00  03  00  00  00  2A  8D  01  00  8C  12  07  8C  47  4E  00  00  07  83  02  00  00  00  
00  00  00  00  28  01  6D  15  14  00  02  01  00  00  03  04  03  00  00  00  00  00  00  00  00  
00  00  00  00  00  6D  16  10  00  03  00  00  00  E3  07  02  19  12  29  30  00  09  03  00  00  
6D  21  1C  00  03  00  00  00  AF  FF  FF  FF  D5  FF  FF  FF  5E  00  00  00  FD  FF  FF  FF  F6  
FF  FF  FF  50  00  00  00  6D  22  10  00  03  00  00  00  38  FE  FF  FF  27  02  00  00  BD  06  
00  00  6D  23  14  00  03  00  00  00  B4  03  AF  76  EF  C3  02  FD  30  E9  09  03  37  8F  56  
0A  6D  24  24  00  02  00  00  00  00  00  00  00  00  00  00  00  00  00  00  00  00  00  00  00  
00  00  00  00  00  00  00  00  00  00  00  00  00  00  00  00  6D  31  20  00  03  00  00  00  82  
48  00  00  E1  7C  FF  FF  B4  2D  01  00  EB  ED  07  00  1F  6B  06  00  34  9B  70  FF  CC  62  
07  00  6D  32  24  00  03  00  00  00  82  5D  0C  00  B9  09  CD  7B  01  00  00  00  BB  07  1B  
8D  05  00  00  00  FC  FF  FF  FF  00  00  00  03  00  00  00  E3  07  02  19  12  29  30  00  01  
00  12  00  6D  34  14  00  03  00  00  00  A0  48  03  00  88  56  FF  FF  54  2F  04  00  E4  AA  
07  00  6D  35  0C  00  03  00  00  00  2C  8D  01  00  73  12  07  00  41  53  3F  B2  47  4E  00  
00  08  83  02  00  03  00  00  00  00  00  28  01  6D  15  14  00  02  01  00  00  03  04  03  00  
00  00  00  00  00  00  00  00  00  00  00  00  6D  16  10  00  03  00  00  00  E3  07  02  19  12  
29  30  00  00  13  03  00  00  6D  21  1C  00  03  00  00  00  11  FE  FF  FF  4B  00  00  00  02  
00  00  00  08  00  00  00  0B  00  00  00  35  00  00  00  6D  22  10  00  03  00  00  00  38  FE  
FF  FF  27  02  00  00  BD  06  00  00  6D  23  14  00  03  00  00  00  00  22  FE  AE  76  84  FE  
01  FD  7E  F5  09  03  72  92  56  0A  6D  24  24  00  02  00  00  00  00  00  00  00  00  00  00  
00  00  00  00  00  00  00  00  00  00  00  00  00  00  00  00  00  00  00  00  00  00  00  00  00  
6D  31  20  00  00  03  00  00  00  E7  A6  FF  FF  0A  AB  FF  FF  E4  09  01  00  D1  1A  08  00  
48  BD  06  00  D9  34  70  FF  EB  61  07  00  6D  32  24  00  03  00  00  00  82  5D  0C  00  B9  
09  CD  7B  01  00  00  00  BB  07  1B  8D  05  00  00  00  FC  FF  00  FF  FF  00  00  00  00  01  
00  00  00  6D  33  10  00  03  00  00  00  E3  07  02  19  12  29  30  00  01  00  12  00  6D  34  
14  00  03  00  00  00  3E  53  03  00  EB  12  FF  FF  CE  46  04  00  E4  AA  07  00  6D  35  0C  
00  03  00  00  00  2C  8D  01  00  5A  12  07  00  1F  47  4E  00  00  09  83  02  00  00  00  12  
00  00  00  28  01  6D  15  14  00  02  01  00  00  03  04  03  00  00  00  00  00  00  00  00  00  
00  00  00  00  6D  16  10  00  03  00  00  00  E3  07  02  19  12  29  30  00  1D  03  00  00  6D  
21  1C  00  03  00  00  00  2A  FF  FF  FF  81  00  00  00  01  00  00  00  00  00  00  00  F8  FF  
FF  FF  4A  00  00  00  6D  22  10  00  03  00  00  00  37  FE  FF  FF  28  02  00  00  BD  06  00  
00  6D  23  14  00  03  00  00  00  B4  FA  AE  76  86  A4  01  FD  7E  20  0A  03  26  93  56  0A  
6D  24  24  00  02  00  00  00  00  00  00  00  00  00  00  00  00  00  00  00  00  00  00  00  00  
00  00  00  00  00  00  00  00  00  00  00  00  00  00  00  6D  31  20  00  03  00  00  00  A6  14  
00  00  01  C0  FF  FF  48  09  01  00  23  FA  07  00  F6  74  06  00  D9  83  70  FF  BE  61  07  
00  6D  32  24  00  03  00  00  00  82  5D  0C  00  B9  09  CD  7B  01  00  00  00  BB  07  1B  8D  
05  00  00  00  FC  FF  FF  FF  00  00  00  00  03  00  00  00  E3  07  02  19  12  29  30  00  01  
00  12  00  6D  34  14  00  03  00  00  00  4B  4F  03  00  5C  0B  FF  FF  CB  46  04  00  E4  AA  
07  00  6D  35  0C  00  03  00  00  00  25  8D  01  00  41  12  07  00  41  53  51  E4  47  4E  00  
00  0A  83  02  00  00  00  00  00  00  00  28  01  6D  15  14  00  02  01  00  00  03  04  03  00  
00  00  00  00  00  00  00  00  00  00  00  00  6D  16  10  00  03  00  00  00  E3  07  02  19  12  
29  30  00  00  27  03  00  00  6D  21  1C  00  03  00  00  00  62  FE  FF  FF  23  00  00  00  03  
00  00  00  03  00  00  00  FF  FF  FF  FF  32  00  00  00  6D  22  10  00  03  00  00  00  37  FE  
FF  FF  28  02  00  00  BD  06  00  00  6D  23  14  00  03  00  00  00  00  18  F6  AE  76  B6  FF  
00  FD  86  20  0A  03  4D  98  56  0A  6D  24  24  00  02  00  00  00  00  00  00  00  00  00  00  
00  00  00  00  00  00  00  00  00  00  00  00  00  00  00  00  00  00  00  00  00  00  00  00  00  
6D  31  20  00  00  03  00  00  00  6F  C6  FF  FF  72  9B  FF  FF  D4  09  01  00  56  06  08  00  
87  93  06  00  33  29  70  FF  4E  61  07  00  6D  32  24  00  03  00  00  00  82  5D  0C  00  B9  
09  CD  7B  01  00  00  00  BB  07  1B  8D  05  00  00  00  FC  00  FF  FF  FF  00  00  00  00  01  
00  00  00  6D  33  10  00  03  00  00  00  E3  07  02  19  12  29  30  00  01  00  12  00  6D  34  
14  00  03  00  00  00  D3  38  03  00  4B  38  FF  FF  47  2F  04  00  E4  AA  07  00  6D  35  0C  
00  03  00  00  00  27  8D  01  00  28  12  07  B0  47  4E  00  00  0B  83  02  00  00  00  00  00  
00  00  28  01  6D  15  14  00  02  01  00  00  03  04  03  00  00  00  00  00  00  00  00  00  00  
00  00  00  6D  16  10  00  03  00  00  00  E3  07  02  19  12  29  30  00  31  03  00  00  6D  21  
1C  00  03  00  00  00  32  01  00  00  E3  FF  FF  FF  25  01  00  00  FF  FF  FF  FF  FB  FF  FF  
FF  49  00  00  00  6D  22  10  00  03  00  00  00  37  FE  FF  FF  28  02  00  00  BD  06  00  00  
6D  23  14  00  03  00  00  00  3D  EF  AE  76  B8  77  01  FD  04  23  0A  03  07  09  57  0A  6D  
24  24  00  02  00  00  00  00  00  00  00  00  00  00  00  00  00  00  00  00  00  00  00  00  00  
00  00  00  00  00  00  00  00  00  00  00  00  00  00  6D  31  20  00  03  00  00  00  DA  DF  00  
00  5C  82  FF  FF  56  7B  01  00  C4  F7  07  00  F0  82  06  00  84  81  70  FF  BE  61  07  00  
6D  32  24  00  03  00  00  00  82  5D  0C  00  B9  09  CD  7B  01  00  00  00  BB  07  1B  8D  05  
00  00  00  FC  FF  FF  FF  00  00  00  10  00  03  00  00  00  E3  07  02  19  12  29  30  00  01  
00  12  00  6D  34  14  00  03  00  00  00  E1  57  03  00  67  38  FF  FF  C7  1F  04  00  98  8D  
07  00  6D  35  0C  00  03  00  00  00  27  8D  01  00  F6  11  07  00  41  53  5B  90  47  4E  00  
00  0C  83  02  00  00  00  00  00  00  00  28  01  6D  15  14  00  02  01  00  00  03  04  03  00  
00  00  00  00  00  00  00  00  00  00  00  00  6D  16  10  00  03  00  00  00  E3  07  02  19  12  
29  00  30  00  3B  03  00  00  6D  21  1C  00  03  00  00  00  E8  FE  FF  FF  09  00  00  00  F5  
FF  FF  FF  F8  FF  FF  FF  00  00  00  00  5E  00  00  00  6D  22  10  00  03  00  00  00  37  FE  
FF  FF  28  02  00  00  BD  06  00  00  6D  23  14  00  00  03  00  00  00  74  EC  AE  76  66  07  
01  FD  D2  1D  0A  03  F8  09  57  0A  6D  24  24  00  02  00  00  00  00  00  00  00  00  00  00  
00  00  00  00  00  00  00  00  00  00  00  00  00  00  00  00  00  00  00  00  00  00  00  00  00  
6D  31  00  20  00  03  00  00  00  A8  FA  FF  FF  44  91  FF  FF  4C  04  01  00  4D  DB  07  00  
75  95  06  00  09  D5  70  FF  C6  61  07  00  6D  32  24  00  03  00  00  00  82  5D  0C  00  B9  
09  CD  7B  01  00  00  00  BB  07  1B  8D  05  00  00  00  00  FC  FF  FF  FF  00  00  00  00  01  
00  00  00  6D  33  10  00  03  00  00  00  E3  07  02  19  12  29  30  00  01  00  12  00  6D  34  
14  00  03  00  00  00  FA  4B  03  00  86  38  FF  FF  DF  42  04  00  91  A3  07  00  6D  35  0C  
00  03  00  00  00  25  8D  01  00  0F  12  E9  47  4E  00  00  0D  83  02  00  00  00  00  00  00  
00  28  01  6D  15  14  00  02  01  00  00  03  04  03  00  00  00  00  00  00  00  00  00  00  00  
00  00  6D  16  10  00  03  00  00  00  E3  07  02  19  12  29  30  00  45  03  00  00  6D  21  1C  
00  03  00  00  00  0C  01  00  00  32  00  00  00  D7  FF  FF  FF  EF  FF  FF  FF  FD  FF  FF  FF  
34  00  00  00  6D  22  10  00  03  00  00  00  37  FE  FF  FF  28  02  00  00  BD  06  00  00  6D  
23  14  00  03  00  00  00  05  F0  AE  76  04  6B  01  FD  FC  39  0A  03  9F  F5  56  0A  6D  24  
24  00  02  00  00  00  00  00  00  00  00  00  00  00  00  00  00  00  00  00  00  00  00  00  00  
00  00  00  00  00  00  00  00  00  00  00  00  00  6D  31  20  00  03  00  00  00  D8  D0  00  00  
50  A1  FF  FF  B9  F8  00  00  FD  B8  07  00  88  89  06  00  FC  2D  70  FF  2F  62  07  00  6D  
32  24  00  03  00  00  00  82  5D  0C  00  B9  09  CD  7B  01  00  00  00  BB  07  1B  8D  05  00  
00  00  FC  FF  FF  FF  00  00  00  10  00  03  00  00  00  E3  07  02  19  12  29  30  00  01  00  
12  00  6D  34  14  00  03  00  00  00  2B  48  03  00  D8  43  FF  FF  AA  4A  04  00  20  A1  07  
00  6D  35  0C  00  03  00  00  00  28  8D  01  00  5A  12  07  00  41  53  3D  9F  47  4E  00  00  
0E  83  02  00  00  00  00  00  00  00  28  01  6D  15  14  00  02  01  00  00  03  04  03  00  00  
00  00  00  00  00  00  00  00  00  00  00  6D  16  10  00  03  00  00  00  E3  07  02  19  12  29  
00  30  00  4F  03  00  00  6D  21  1C  00  03  00  00  00  1E  FF  FF  FF  34  FF  FF  FF  1D  00  
00  00  FA  FF  FF  FF  F8  FF  FF  FF  4B  00  00  00  6D  22  10  00  03  00  00  00  37  FE  FF  
FF  27  02  00  00  BD  06  00  00  6D  23  14  00  00  03  00  00  00  E5  EE  AE  76  3B  18  01  
FD  6E  E3  09  03  04  04  57  0A  6D  24  24  00  02  00  00  00  00  00  00  00  00  00  00  00  
00  00  00  00  00  00  00  00  00  00  00  00  00  00  00  00  00  00  00  00  00  00  00  00  6D  
31  00  20  00  03  00  00  00  EF  0F  00  00  26  3E  FF  FF  3B  14  01  00  9B  E5  07  00  5C  
75  06  00  A9  8A  70  FF  B1  60  07  00  6D  32  24  00  03  00  00  00  82  5D  0C  00  B9  09  
CD  7B  01  00  00  00  BB  07  1B  8D  05  00  00  00  00  FC  FF  FF  FF  00  00  00  00  01  00  
00  00  6D  33  10  00  03  00  00  00  E3  07  02  19  12  29  30  00  01  00  12  00  6D  34  14  
00  03  00  00  00  A8  48  03  00  B0  65  FF  FF  F2  3E  04  00  D4  83  07  00  6D  35  0C  00  
03  00  00  00  29  8D  01  00  8C  12  74  47  4E  00  00  0F  83  02  00  01  01  00  00  00  00  
28  01  6D  15  14  00  02  01  00  00  03  04  03  00  00  00  00  00  00  00  00  00  00  00  00  
00  6D  16  10  00  03  00  00  00  E3  07  02  19  12  29  30  00  59  03  00  00  6D  21  1C  00  
03  00  00  00  A4  FF  FF  FF  A8  00  00  00  53  FF  FF  FF  F0  FF  FF  FF  02  00  00  00  23  
00  00  00  6D  22  10  00  03  00  00  00  37  FE  FF  FF  28  02  00  00  BD  06  00  00  6D  23  
14  00  03  00  00  00  68  F2  AE  76  C5  EA  00  FD  81  1F  0A  03  DA  BC  56  0A  6D  24  24  
00  02  00  00  00  00  00  00  00  00  00  00  00  00  00  00  00  00  00  00  00  00  00  00  00  
00  00  00  00  00  00  00  00  00  00  00  00  6D  31  20  00  03  00  00  00  48  44  00  00  7E  
CF  FF  FF  25  C5  00  00  11  BC  07  00  B5  9C  06  00  21  EF  6F  FF  12  61  07  00  6D  32  
24  00  03  00  00  00  82  5D  0C  00  B9  09  CD  7B  01  00  00  00  BB  07  1B  8D  05  00  00  
00  FC  FF  FF  FF  00  00  00  33  10  00  03  00  00  00  E3  07  02  19  12  29  30  00  01  00  
12  00  6D  34  14  00  03  00  00  00  E1  57  03  00  67  38  FF  FF  C7  1F  04  00  A8  B4  07  
00  6D  35  0C  00  03  00  00  00  27  8D  01  00  73  12  07  00  41  53  17  BD  47  4E  00  00  
10  83  02  00  00  00  00  00  00  00  28  01  6D  15  14  00  02  01  00  00  03  04  03  00  00  
00  00  00  00  00  00  00  00  00  00  00  6D  16  10  00  03  00  00  00  E3  07  02  19  12  00  
29  30  00  63  03  00  00  6D  21  1C  00  03  00  00  00  79  00  00  00  66  00  00  00  0D  00  
00  00  0D  00  00  00  FC  FF  FF  FF  59  00  00  00  6D  22  10  00  03  00  00  00  37  FE  FF  
FF  28  02  00  00  BD  06  00  00  6D  23  14  00  00  03  00  00  00  3F  F2  AE  76  FA  13  01  
FD  50  4B  0A  03  C6  BD  56  0A  6D  24  24  00  02  00  00  00  00  00  00  00  00  00  00  00  
00  00  00  00  00  00  00  00  00  00  00  00  00  00  00  00  00  00  00  00  00  00  00  00  6D  
00  31  20  00  03  00  00  00  47  97  00  00  EE  B5  FF  FF  DA  0D  01  00  5B  2F  08  00  B8  
87  06  00  32  C0  70  FF  DC  61  07  00  6D  32  24  00  03  00  00  00  F6  5C  0C  00  A8  09  
CD  7B  01  00  00  00  DE  07  1B  8D  05  00  00  00  00  FC  FF  FF  FF  02  00  00  00  00  00  
00  00  6D  33  10  00  03  00  00  00  E3  07  02  19  12  29  30  00  01  00  12  00  6D  34  14  
00  03  00  00  00  D0  29  03  00  74  65  FF  FF  08  37  04  00  02  A6  07  00  6D  35  0C  00  
03  00  00  00  27  8D  01  00  41  B0  47  4E  00  00  11  83  02  00  00  00  00  00  00  00  28  
01  6D  15  14  00  02  01  00  00  03  04  03  00  00  00  00  00  00  00  00  00  00  00  00  00  
6D  16  10  00  03  00  00  00  E3  07  02  19  12  29  30  00  6D  03  00  00  6D  21  1C  00  03  
00  00  00  62  FE  FF  FF  0C  FF  FF  FF  03  00  00  00  F3  FF  FF  FF  0C  00  00  00  38  00  
00  00  6D  22  10  00  03  00  00  00  37  FE  FF  FF  27  02  00  00  BD  06  00  00  6D  23  14  
00  03  00  00  00  9B  F0  AE  76  68  78  00  FD  FD  DD  09  03  A3  C3  56  0A  6D  24  24  00  
02  00  00  00  00  00  00  00  00  00  00  00  00  00  00  00  00  00  00  00  00  00  00  00  00  
00  00  00  00  00  00  00  00  00  00  00  6D  31  20  00  03  00  00  00  90  C6  FF  FF  8D  2E  
FF  FF  23  0A  01  00  40  C9  07  00  6B  C6  06  00  66  40  70  FF  A8  61  07  00  6D  32  24  
00  03  00  00  00  F6  5C  0C  00  A8  09  CD  7B  01  00  00  00  DE  07  1B  8D  05  00  00  00  
FC  FF  FF  FF  02  00  00  6D  33  10  00  03  00  00  00  E3  07  02  19  12  29  30  00  01  00  
12  00  6D  34  14  00  03  00  00  00  E1  25  03  00  78  65  FF  FF  D3  3E  04  00  55  AD  07  
00  6D  35  0C  00  03  00  00  00  2B  8D  01  00  8C  12  07  00  41  53  AD  0C  47  4E  00  00  
12  83  02  00  00  00  00  00  00  00  28  01  6D  15  14  00  02  01  00  00  03  04  03  00  00  
00  00  00  00  00  00  00  00  00  00  00  6D  16  10  00  03  00  00  00  E3  07  02  19  00  12  
29  30  00  77  03  00  00  6D  21  1C  00  03  00  00  00  7B  FF  FF  FF  A8  00  00  00  60  FF  
FF  FF  F8  FF  FF  FF  07  00  00  00  49  00  00  00  6D  22  10  00  03  00  00  00  36  FE  FF  
FF  28  02  00  00  BD  06  00  00  6D  23  00  14  00  03  00  00  00  39  F3  AE  76  CC  39  00  
FD  8C  18  0A  03  39  82  56  0A  6D  24  24  00  02  00  00  00  00  00  00  00  00  00  00  00  
00  00  00  00  00  00  00  00  00  00  00  00  00  00  00  00  00  00  00  00  00  00  00  00  00  
6D  31  20  00  03  00  00  00  16  34  00  00  B3  CF  FF  FF  55  CA  00  00  73  DD  07  00  52  
B3  06  00  91  81  70  FF  D3  62  07  00  6D  32  24  00  03  00  00  00  F6  5C  0C  00  A8  09  
CD  7B  01  00  00  00  DE  07  1B  8D  05  00  00  00  00  FC  FF  FF  FF  02  00  00  00  00  00  
00  00  6D  33  10  00  03  00  00  00  E3  07  02  19  12  29  30  00  01  00  12  00  6D  34  14  
00  03  00  00  00  25  48  03  00  7A  38  FF  FF  F3  3E  04  00  F4  D1  07  00  6D  35  0C  00  
03  00  00  00  27  8D  01  00  C3  47  4E  00  00  13  83  02  00  00  00  00  00  00  00  28  01  
6D  15  14  00  02  01  00  00  03  04  03  00  00  00  00  00  00  00  00  00  00  00  00  00  6D  
16  10  00  03  00  00  00  E3  07  02  19  12  29  30  00  81  03  00  00  6D  21  1C  00  03  00  
00  00  3B  FD  FF  FF  71  00  00  00  E9  FF  FF  FF  E6  FF  FF  FF  02  00  00  00  3B  00  00  
00  6D  22  10  00  03  00  00  00  36  FE  FF  FF  28  02  00  00  BD  06  00  00  6D  23  14  00  
03  00  00  00  31  EC  AE  76  CC  1E  FF  FC  55  2B  0A  03  44  7B  56  0A  6D  24  24  00  02  
00  00  00  00  00  00  00  00  00  00  00  00  00  00  00  00  00  00  00  00  00  00  00  00  00  
00  00  00  00  00  00  00  00  00  00  6D  31  20  00  03  00  00  00  4A  53  FF  FF  67  BA  FF  
FF  C8  FF  00  00  DB  95  07  00  C9  A0  06  00  19  4C  70  FF  02  62  07  00  6D  32  24  00  
03  00  00  00  F6  5C  0C  00  A8  09  CD  7B  01  00  00  00  DE  07  1B  8D  05  00  00  00  FC  
FF  FF  FF  02  00  00  6D  33  10  00  03  00  00  00  E3  07  02  19  12  29  30  00  01  00  12  
00  6D  34  14  00  03  00  00  00  FA  47  03  00  68  29  FF  FF  F3  3E  04  00  7C  E5  07  00  
6D  35  0C  00  03  00  00  00  28  8D  01  00  73  12  07  00  41  53  BB  31  47  4E  00  00  14  
83  02  00  00  00  00  00  00  00  28  01  6D  15  14  00  02  01  00  00  03  04  03  00  00  00  
00  00  00  00  00  00  00  00  00  00  6D  16  10  00  03  00  00  00  E3  07  02  19  00  12  29  
30  00  8B  03  00  00  6D  21  1C  00  03  00  00  00  E4  00  00  00  B5  00  00  00  94  FF  FF  
FF  02  00  00  00  F9  FF  FF  FF  36  00  00  00  6D  22  10  00  03  00  00  00  36  FE  FF  FF  
28  02  00  00  BD  06  00  00  6D  23  00  14  00  03  00  00  00  DE  F0  AE  76  8D  6C  FF  FC  
90  76  0A  03  0C  46  56  0A  6D  24  24  00  02  00  00  00  00  00  00  00  00  00  00  00  00  
00  00  00  00  00  00  00  00  00  00  00  00  00  00  00  00  00  00  00  00  00  00  00  00  6D  
31  20  00  03  00  00  00  4C  C1  00  00  19  D5  FF  FF  84  DE  00  00  AA  03  08  00  8C  80  
06  00  46  37  70  FF  02  62  07  00  6D  32  24  00  03  00  00  00  F6  5C  0C  00  A8  09  CD  
7B  01  00  00  00  DE  07  1B  8D  05  00  00  00  00  FC  FF  FF  FF  02  00  00  00  00  00  00  
00  6D  33  10  00  03  00  00  00  E3  07  02  19  12  29  30  00  01  00  12  00  6D  34  14  00  
03  00  00  00  B7  3C  03  00  82  34  FF  FF  7D  27  04  00  8A  B9  07  00  6D  35  0C  00  03  
00  00  00  26  8D  01  00  20  47  4E  00  00  15  83  02  00  00  00  00  00  00  00  28  01  6D  
15  14  00  02  01  00  00  03  04  03  00  00  00  00  00  00  00  00  00  00  00  00  00  6D  16  
10  00  03  00  00  00  E3  07  02  19  12  29  30  00  95  03  00  00  6D  21  1C  00  03  00  00  
00  CC  FE  FF  FF  5B  FF  FF  FF  61  00  00  00  E7  FF  FF  FF  E9  FF  FF  FF  40  00  00  00  
6D  22  10  00  03  00  00  00  36  FE  FF  FF  28  02  00  00  BD  06  00  00  6D  23  14  00  03  
00  00  00  CC  EC  AE  76  4A  F8  FE  FC  29  2B  0A  03  2C  69  56  0A  6D  24  24  00  02  00  
00  00  00  00  00  00  00  00  00  00  00  00  00  00  00  00  00  00  00  00  00  00  00  00  00  
00  00  00  00  00  00  00  00  00  6D  31  20  00  03  00  00  00  E8  EF  FF  FF  E7  4D  FF  FF  
59  2E  01  00  AE  9A  07  00  22  41  06  00  D4  5E  70  FF  36  62  07  00  6D  32  24  00  03  
00  00  00  F6  5C  0C  00  A8  09  CD  7B  01  00  00  00  DE  07  1B  8D  05  00  00  00  FC  FF  
FF  FF  02  00  00  6D  33  10  00  03  00  00  00  E3  07  02  19  12  29  30  00  01  00  12  00  
6D  34  14  00  03  00  00  00  E9  38  03  00  D4  3F  FF  FF  4A  2F  04  00  02  A6  07  00  6D  
35  0C  00  03  00  00  00  2E  8D  01  00  28  12  07  00  41  53  9F  D2  47  4E  00  00  16  83  
02  00  02  01  01  01  00  00  28  01  6D  15  14  00  02  01  00  00  03  04  03  00  00  00  00  
00  00  00  00  00  00  00  00  00  6D  16  10  00  03  00  00  00  E3  07  02  19  00  12  29  30  
00  9F  03  00  00  6D  21  1C  00  03  00  00  00  46  FF  FF  FF  3C  00  00  00  F5  FF  FF  FF  
E7  FF  FF  FF  15  00  00  00  4D  00  00  00  6D  22  10  00  03  00  00  00  35  FE  FF  FF  28  
02  00  00  BD  06  00  00  6D  23  00  14  00  03  00  00  00  95  EB  AE  76  2C  AB  FE  FC  DD  
39  0A  03  5F  5C  56  0A  6D  24  24  00  02  00  00  00  00  00  00  00  00  00  00  00  00  00  
00  00  00  00  00  00  00  00  00  00  00  00  00  00  00  00  00  00  00  00  00  00  00  6D  31  
20  00  03  00  00  00  65  1F  00  00  FF  A5  FF  FF  21  04  01  00  B2  9C  07  00  2B  EE  06  
00  7C  91  70  FF  03  61  07  00  6D  32  24  00  03  00  00  00  F6  5C  0C  00  A8  09  CD  7B  
01  00  00  00  DE  07  1B  8D  05  00  00  00  00  FC  FF  FF  FF  02  00  00  00  00  00  00  00  
6D  33  10  00  03  00  00  00  E3  07  02  19  12  29  30  00  01  00  12  00  6D  34  14  00  03  
00  00  00  C2  38  03  00  B1  56  FF  FF  24  5E  04  00  5C  97  07  00  6D  35  0C  00  00  03  
00  00  00  27  8D  01  00  11  47  4E  00  00  2B  83  02  00  00  00  00  00  00  00  28  01  6D  
15  14  00  02  01  00  00  03  04  03  00  00  00  00  00  00  00  00  00  00  00  00  00  6D  16  
10  00  03  00  00  00  E3  07  02  19  12  29  31  00  89  00  00  00  6D  21  1C  00  03  00  00  
00  CC  FF  FF  FF  86  00  00  00  73  00  00  00  FD  FF  FF  FF  F2  FF  FF  FF  28  00  00  00  
6D  22  10  00  03  00  00  00  35  FE  FF  FF  28  02  00  00  BC  06  00  00  6D  23  14  00  03  
00  00  00  B5  02  AF  76  A5  9B  FE  FC  9B  43  0B  03  14  00  55  0A  6D  24  24  00  02  00  
00  00  00  00  00  00  00  00  00  00  00  00  00  00  00  00  00  00  00  00  00  00  00  00  00  
00  00  00  00  00  00  00  00  00  6D  31  20  00  03  00  00  00  35  53  00  00  50  C5  FF  FF  
B9  32  01  00  05  F4  07  00  32  67  06  00  D1  01  70  FF  46  61  07  00  6D  32  24  00  03  
00  00  00  B2  5A  0C  00  B9  09  CD  7B  01  00  00  00  12  08  1B  8D  05  00  00  00  00  00  
00  00  03  00  00  39  03  00  97  65  FF  FF  E4  3E  04  00  F4  D1  07  00  6D  35  0C  00  03  
00  00  00  28  8D  01  00  A5  12  07  00  41  53  2B  B7  47  4E  00  00  2C  83  02  00  00  00  
00  00  00  00  28  01  6D  15  14  00  02  01  00  00  03  04  03  00  00  00  00  00  00  00  00  
00  00  00  00  00  6D  16  10  00  03  00  00  00  E3  07  02  19  12  29  31  00  93  00  00  00  
6D  21  1C  00  03  00  00  00  6F  FF  FF  FF  29  00  00  00  24  00  00  00  FA  FF  FF  FF  F6  
FF  FF  FF  59  00  00  00  6D  22  10  00  03  00  00  00  35  FE  FF  FF  28  02  00  00  BC  06  
00  00  6D  23  14  00  03  00  00  00  62  00  AF  76  6C  62  FE  FC  90  4D  0B  03  34  07  55  
0A  6D  24  24  00  02  00  00  00  00  00  00  00  00  00  00  00  00  00  00  00  00  00  00  00  
00  00  00  00  00  00  00  00  00  00  00  00  00  00  00  00  6D  31  20  00  03  00  00  00  03  
2F  00  00  D0  A0  FF  FF  C1  13  01  00  8D  E7  07  00  3C  75  06  00  6B  C2  70  FF  F4  60  
07  00  6D  32  24  00  03  00  00  00  B2  5A  0C  00  B9  09  CD  7B  01  00  00  00  12  08  1B  
8D  05  00  00  00  00  00  00  00  03  00  00  00  00  00  00  00  6D  33  10  00  03  00  00  00  
E3  07  02  19  12  29  31  00  00  01  00  12  00  6D  34  14  00  03  00  00  00  46  5F  03  00  
67  4F  FF  FF  4B  5E  04  00  A8  B4  07  00  6D  35  0C  00  03  00  00  00  25  8D  01  00  BE  
12  07  00  41  53  5A  96  47  4E  00  00  2D  83  02  00  00  00  00  00  00  00  28  01  6D  15  
14  00  02  01  00  00  03  04  03  00  00  00  00  00  00  00  00  00  00  00  00  00  6D  16  10  
00  03  00  00  00  E3  07  02  19  12  29  31  00  9D  00  00  00  6D  21  1C  00  03  00  00  00  
36  01  00  00  48  FF  FF  FF  15  00  00  00  FF  FF  FF  FF  FE  FF  FF  FF  38  00  00  00  6D  
22  10  00  03  00  00  00  36  FE  FF  FF  28  02  00  00  BC  06  00  00  6D  23  14  00  03  00  
00  00  89  05  AF  76  66  E2  FE  FC  E4  0E  0B  03  B2  03  55  0A  6D  24  24  00  02  00  00  
00  00  00  00  00  00  00  00  00  00  00  00  00  00  00  00  00  00  00  00  00  00  00  00  00  
00  00  00  00  00  00  00  00  6D  31  20  00  03  00  00  00  B8  E0  00  00  16  49  FF  FF  DE  
0D  01  00  BF  FC  07  00  AD  95  06  00  77  40  70  00  00  00  00  00  00  00  6D  33  10  00  
03  00  00  00  E3  07  02  19  12  29  31  00  01  00  12  00  6D  34  14  00  03  00  00  00  0D  
76  03  00  D1  3C  FF  FF  EB  71  04  00  5C  97  07  00  6D  35  0C  00  03  00  00  00  25  8D  
01  00  41  12  07  00  41  53  3B  48  47  4E  00  00  2E  83  02  00  00  00  00  00  00  00  28  
01  6D  15  14  00  02  01  00  00  03  04  03  00  00  00  00  00  00  00  00  00  00  00  00  00  
6D  16  10  00  03  00  00  00  00  E3  07  02  19  12  29  31  00  A7  00  00  00  6D  21  1C  00  
03  00  00  00  6B  01  00  00  1C  00  00  00  57  00  00  00  04  00  00  00  EF  FF  FF  FF  4E  
00  00  00  6D  22  10  00  03  00  00  00  36  FE  FF  FF  28  02  00  00  00  BC  06  00  00  6D  
23  14  00  03  00  00  00  7F  06  AF  76  E9  6F  FF  FC  1E  26  0B  03  F3  1A  55  0A  6D  24  
24  00  02  00  00  00  00  00  00  00  00  00  00  00  00  00  00  00  00  00  00  00  00  00  00  
00  00  00  00  00  00  00  00  00  00  00  00  00  00  6D  31  20  00  03  00  00  00  57  F5  00  
00  2B  9C  FF  FF  9E  27  01  00  42  0F  08  00  25  59  06  00  6A  96  70  FF  7B  61  07  00  
6D  32  24  00  03  00  00  00  68  59  0C  00  B9  09  CD  7B  01  00  00  00  00  12  08  1B  8D  
05  00  00  00  01  00  00  00  FE  FF  FF  FF  00  00  00  00  6D  33  10  00  03  00  00  00  E3  
07  02  19  12  29  31  00  01  00  12  00  6D  34  14  00  03  00  00  00  2D  48  03  00  A2  47  
FF  FF  92  4E  04  00  5C  97  07  00  6D  35  0C  00  03  41  47  4E  00  00  2F  83  02  00  00  
00  00  00  00  00  28  01  6D  15  14  00  02  01  00  00  03  04  03  00  00  00  00  00  00  00  
00  00  00  00  00  00  6D  16  10  00  03  00  00  00  E3  07  02  19  12  29  31  00  B1  00  00  
00  6D  21  1C  00  03  00  00  00  54  FF  FF  FF  35  00  00  00  17  00  00  00  EA  FF  FF  FF  
FF  FF  FF  FF  42  00  00  00  6D  22  10  00  03  00  00  00  36  FE  FF  FF  28  02  00  00  BC  
06  00  00  6D  23  14  00  03  00  00  00  25  04  AF  76  39  2C  FF  FC  58  34  0B  03  13  1E  
55  0A  6D  24  24  00  02  00  00  00  00  00  00  00  00  00  00  00  00  00  00  00  00  00  00  
00  00  00  00  00  00  00  00  00  00  00  00  00  00  00  00  00  6D  31  20  00  03  00  00  00  
43  24  00  00  1F  A6  FF  FF  7A  0E  01  00  70  A8  07  00  38  95  06  00  F7  67  70  FF  FA  
61  07  00  6D  32  24  00  03  00  00  00  68  59  0C  00  B9  09  CD  7B  01  00  00  00  12  08  
1B  8D  05  00  00  00  01  00  00  00  FE  FF  FF  FF  00  00  00  00  6D  33  10  00  03  00  00  
00  E3  07  02  19  12  29  31  00  01  00  12  00  6D  34  14  00  03  00  00  00  42  57  03  00  
70  1A  FF  FF  01  3F  04  00  B8  DB  07  00  6D  35  0C  00  03  00  00  00  26  8D  01  00  28  
12  07  00  41  53  DD  81  47  4E  00  00  30  83  02  00  00  00  00  00  00  00  28  01  6D  15  
14  00  02  01  00  00  03  04  03  00  00  00  00  00  00  00  00  00  00  00  00  00  6D  16  10  
00  03  00  00  00  00  E3  07  02  19  12  29  31  00  BB  00  00  00  6D  21  1C  00  03  00  00  
00  93  01  00  00  CC  FF  FF  FF  8C  00  00  00  F5  FF  FF  FF  FB  FF  FF  FF  22  00  00  00  
6D  22  10  00  03  00  00  00  36  FE  FF  FF  28  02  00  00  BC  00  06  00  00  6D  23  14  00  
03  00  00  00  F8  04  AF  76  C9  CC  FF  FC  E0  2C  0B  03  7E  45  55  0A  6D  24  24  00  02  
00  00  00  00  00  00  00  00  00  00  00  00  00  00  00  00  00  00  00  00  00  00  00  00  00  
00  00  00  00  00  00  00  00  00  00  00  6D  31  20  00  03  00  00  00  07  05  01  00  0E  7D  
FF  FF  8D  3C  01  00  78  D3  07  00  79  85  06  00  38  E8  6F  FF  21  61  07  00  6D  32  24  
00  03  00  00  00  68  59  0C  00  B9  09  CD  7B  01  00  00  00  12  00  08  1B  8D  05  00  00  
00  01  00  00  00  FE  FF  FF  FF  00  00  00  00  6D  33  10  00  03  00  00  00  E3  07  02  19  
12  29  31  00  01  00  12  00  6D  34  14  00  03  00  00  00  CD  47  03  00  56  1A  FF  FF  F3  
3E  04  00  7C  E5  07  00  6D  35  0C  00  03  00  00  5C  47  4E  00  00  31  83  02  00  00  00  
00  00  00  00  28  01  6D  15  14  00  02  01  00  00  03  04  03  00  00  00  00  00  00  00  00  
00  00  00  00  00  6D  16  10  00  03  00  00  00  E3  07  02  19  12  29  31  00  C5  00  00  00  
6D  21  1C  00  03  00  00  00  06  FE  FF  FF  76  00  00  00  9F  FF  FF  FF  F5  FF  FF  FF  FE  
FF  FF  FF  3B  00  00  00  6D  22  10  00  03  00  00  00  36  FE  FF  FF  28  02  00  00  BC  06  
00  00  6D  23  14  00  03  00  00  00  14  03  AF  76  F8  03  FF  FC  BE  46  0B  03  3D  19  55  
0A  6D  24  24  00  02  00  00  00  00  00  00  00  00  00  00  00  00  00  00  00  00  00  00  00  
00  00  00  00  00  00  00  00  00  00  00  00  00  00  00  00  6D  31  20  00  03  00  00  00  01  
A2  FF  FF  A6  BF  FF  FF  15  E0  00  00  22  D5  07  00  F3  90  06  00  09  4C  70  FF  6C  61  
07  00  6D  32  24  00  03  00  00  00  68  59  0C  00  B9  09  CD  7B  01  00  00  00  12  08  1B  
8D  05  00  00  00  01  00  00  00  FE  FF  FF  FF  00  00  00  00  6D  33  10  00  03  00  00  00  
E3  07  02  19  12  29  31  00  01  00  12  00  6D  34  14  00  03  00  00  00  0C  40  03  00  19  
1E  FF  FF  BD  46  04  00  93  F6  07  00  6D  35  0C  00  03  00  00  00  22  8D  01  00  41  12  
07  00  41  53  92  C6  47  4E  00  00  32  83  02  00  00  00  00  00  00  00  28  01  6D  15  14  
00  02  01  00  00  03  04  03  00  00  00  00  00  00  00  00  00  00  00  00  00  6D  16  10  00  
03  00  00  00  00  E3  07  02  19  12  29  31  00  CF  00  00  00  6D  21  1C  00  03  00  00  00  
2F  FE  FF  FF  4E  00  00  00  0A  00  00  00  09  00  00  00  F7  FF  FF  FF  3C  00  00  00  6D  
22  10  00  03  00  00  00  35  FE  FF  FF  28  02  00  00  BC  00  06  00  00  6D  23  14  00  03  
00  00  00  4F  FE  AE  76  BE  4C  FE  FC  58  53  0B  03  00  17  55  0A  6D  24  24  00  02  00  
00  00  00  00  00  00  00  00  00  00  00  00  00  00  00  00  00  00  00  00  00  00  00  00  00  
00  00  00  00  00  00  00  00  00  00  6D  31  20  00  03  00  00  00  C4  B1  FF  FF  09  B0  FF  
FF  E6  09  01  00  4E  20  08  00  08  78  06  00  4A  4E  70  FF  6D  60  07  00  6D  32  24  00  
03  00  00  00  68  59  0C  00  B9  09  CD  7B  01  00  00  00  12  00  08  1B  8D  05  00  00  00  
01  00  00  00  FE  FF  FF  FF  00  00  00  00  6D  33  10  00  03  00  00  00  E3  07  02  19  12  
29  31  00  01  00  12  00  6D  34  14  00  03  00  00  00  26  57  03  00  AD  29  FF  FF  42  5E  
04  00  8C  0C  08  00  6D  35  0C  00  03  00  00  F5  47  4E  00  00  33  83  02  00  00  00  00  
00  00  00  28  01  6D  15  14  00  02  01  00  00  03  04  03  00  00  00  00  00  00  00  00  00  
00  00  00  00  6D  16  10  00  03  00  00  00  E3  07  02  19  12  29  31  00  D9  00  00  00  6D  
21  1C  00  03  00  00  00  0E  01  00  00  00  00  00  00  64  00  00  00  FF  FF  FF  FF  08  00  
00  00  26  00  00  00  6D  22  10  00  03  00  00  00  35  FE  FF  FF  28  02  00  00  BC  06  00  
00  6D  23  14  00  03  00  00  00  5E  FE  AE  76  E5  B6  FE  FC  DA  5B  0B  03  B9  32  55  0A  
6D  24  24  00  02  00  00  00  00  00  00  00  00  00  00  00  00  00  00  00  00  00  00  00  00  
00  00  00  00  00  00  00  00  00  00  00  00  00  00  00  6D  31  20  00  03  00  00  00  B5  D0  
00  00  C2  91  FF  FF  09  2D  01  00  FA  FC  07  00  5D  BD  06  00  71  F8  6F  FF  8A  61  07  
00  6D  32  24  00  03  00  00  00  68  59  0C  00  B9  09  CD  7B  01  00  00  00  12  08  1B  8D  
05  00  00  00  01  00  00  00  FE  FF  FF  FF  00  00  00  00  6D  33  10  00  03  00  00  00  E3  
07  02  19  12  29  31  00  01  00  12  00  6D  34  14  00  03  00  00  00  21  4C  03  00  04  40  
FF  FF  10  3B  04  00  9A  E0  07  00  6D  35  0C  00  03  00  00  00  25  8D  01  00  73  12  07  
00  41  53  34  88  47  4E  00  00  34  83  02  00  00  00  00  00  00  00  28  01  6D  15  14  00  
02  01  00  00  03  04  03  00  00  00  00  00  00  00  00  00  00  00  00  00  6D  16  10  00  03  
00  00  00  00  E3  07  02  19  12  29  31  00  E3  00  00  00  6D  21  1C  00  03  00  00  00  14  
FF  FF  FF  BB  FF  FF  FF  33  FF  FF  FF  F5  FF  FF  FF  0C  00  00  00  3A  00  00  00  6D  22  
10  00  03  00  00  00  35  FE  FF  FF  28  02  00  00  BC  00  06  00  00  6D  23  14  00  03  00  
00  00  A3  04  AF  76  93  5B  FE  FC  10  35  0B  03  8A  DB  54  0A  6D  24  24  00  02  00  00  
00  00  00  00  00  00  00  00  00  00  00  00  00  00  00  00  00  00  00  00  00  00  00  00  00  
00  00  00  00  00  00  00  00  00  6D  31  20  00  03  00  00  00  23  0B  00  00  1C  77  FF  FF  
0F  B6  00  00  2F  D5  07  00  7B  CB  06  00  93  49  70  FF  ED  60  07  00  6D  32  24  00  03  
00  00  00  68  59  0C  00  B9  09  CD  7B  01  00  00  00  12  00  08  1B  8D  05  00  00  00  01  
00  00  00  FE  FF  FF  FF  00  00  00  00  6D  33  10  00  03  00  00  00  E3  07  02  19  12  29  
31  00  01  00  12  00  6D  34  14  00  03  00  00  00  4D  48  03  00  F8  3F  FF  FF  24  37  04  
00  4E  C3  07  00  6D  35  0C  00  03  00  00  4B  47  4E  00  00  35  83  02  00  00  00  00  00  
00  00  28  01  6D  15  14  00  02  01  00  00  03  04  03  00  00  00  00  00  00  00  00  00  00  
00  00  00  6D  16  10  00  03  00  00  00  E3  07  02  19  12  29  31  00  ED  00  00  00  6D  21  
1C  00  03  00  00  00  63  FF  FF  FF  B8  00  00  00  23  00  00  00  FE  FF  FF  FF  01  00  00  
00  37  00  00  00  6D  22  10  00  03  00  00  00  35  FE  FF  FF  29  02  00  00  BC  06  00  00  
6D  23  14  00  03  00  00  00  04  01  AF  76  E6  17  FE  FC  68  75  0B  03  80  DE  54  0A  6D  
24  24  00  02  00  00  00  00  00  00  00  00  00  00  00  00  00  00  00  00  00  00  00  00  00  
00  00  00  00  00  00  00  00  00  00  00  00  00  00  6D  31  20  00  03  00  00  00  BC  29  00  
00  E1  D9  FF  FF  9C  13  01  00  7D  F8  07  00  C0  A1  06  00  AE  3B  70  FF  A9  60  07  00  
6D  32  24  00  03  00  00  00  68  59  0C  00  B9  09  CD  7B  01  00  00  00  12  08  1B  8D  05  
00  00  00  01  00  00  00  FE  FF  FF  FF  00  00  00  00  6D  33  10  00  03  00  00  00  E3  07  
02  19  12  29  31  00  01  00  12  00  6D  34  14  00  03  00  00  00  1E  48  03  00  49  3C  FF  
FF  C3  46  04  00  F4  D1  07  00  6D  35  0C  00  03  00  00  00  28  8D  01  00  28  12  07  00  
41  53  FD  07  47  4E  00  00  36  83  02  00  00  00  00  00  00  00  28  01  6D  15  14  00  02  
01  00  00  03  04  03  00  00  00  00  00  00  00  00  00  00  00  00  00  6D  16  10  00  03  00  
00  00  00  E3  07  02  19  12  29  31  00  F7  00  00  00  6D  21  1C  00  03  00  00  00  7D  FF  
FF  FF  51  FF  FF  FF  3E  00  00  00  F9  FF  FF  FF  F9  FF  FF  FF  55  00  00  00  6D  22  10  
00  03  00  00  00  35  FE  FF  FF  28  02  00  00  BC  00  06  00  00  6D  23  14  00  03  00  00  
00  35  00  AF  76  13  EB  FD  FC  CB  2B  0B  03  6F  F0  54  0A  6D  24  24  00  02  00  00  00  
00  00  00  00  00  00  00  00  00  00  00  00  00  00  00  00  00  00  00  00  00  00  00  00  00  
00  00  00  00  00  00  00  00  6D  31  20  00  03  00  00  00  19  34  00  00  F7  4D  FF  FF  5C  
1E  01  00  8D  E2  07  00  D3  82  06  00  EE  AF  70  FF  C6  61  07  00  6D  32  24  00  03  00  
00  00  68  59  0C  00  B9  09  CD  7B  01  00  00  00  12  00  08  1B  8D  05  00  00  00  01  00  
00  00  FE  FF  FF  FF  00  00  00  00  6D  33  10  00  03  00  00  00  E3  07  02  19  12  29  31  
00  01  00  12  00  6D  34  14  00  03  00  00  00  0A  48  03  00  B8  47  FF  FF  33  5E  04  00  
D8  29  08  00  6D  35  0C  00  03  00  00  C2  47  4E  00  00  37  83  02  00  00  00  00  00  00  
00  28  01  6D  15  14  00  02  01  00  00  03  04  03  00  00  00  00  00  00  00  00  00  00  00  
00  00  6D  16  10  00  03  00  00  00  E3  07  02  19  12  29  31  00  01  01  00  00  6D  21  1C  
00  03  00  00  00  20  FF  FF  FF  4D  00  00  00  D3  FF  FF  FF  08  00  00  00  0B  00  00  00  
33  00  00  00  6D  22  10  00  03  00  00  00  35  FE  FF  FF  28  02  00  00  BC  06  00  00  6D  
23  14  00  03  00  00  00  78  FF  AE  76  EE  8F  FD  FC  31  40  0B  03  59  D8  54  0A  6D  24  
24  00  02  00  00  00  00  00  00  00  00  00  00  00  00  00  00  00  00  00  00  00  00  00  00  
00  00  00  00  00  00  00  00  00  00  00  00  00  6D  31  20  00  03  00  00  00  7E  0F  00  00  
77  B0  FF  FF  69  F4  00  00  61  1F  08  00  D9  C8  06  00  92  2B  70  FF  27  62  07  00  6D  
32  24  00  03  00  00  00  68  59  0C  00  B9  09  CD  7B  01  00  00  00  12  08  1B  8D  05  00  
00  00  01  00  00  00  FE  FF  FF  FF  00  00  00  00  6D  33  10  00  03  00  00  00  E3  07  02  
19  12  29  31  00  01  00  12  00  6D  34  14  00  03  00  00  00  33  48  03  00  DB  30  FF  FF  
58  2F  04  00  E6  FD  07  00  6D  35  0C  00  03  00  00  00  27  8D  01  00  73  12  07  00  41  
53  C3  EF  47  4E  00  00  38  83  02  00  00  00  00  00  00  00  28  01  6D  15  14  00  02  01  
00  00  03  04  03  00  00  00  00  00  00  00  00  00  00  00  00  00  6D  16  10  00  03  00  00  
00  00  E3  07  02  19  12  29  31  00  0B  01  00  00  6D  21  1C  00  03  00  00  00  DC  FF  FF  
FF  18  00  00  00  8F  FF  FF  FF  02  00  00  00  FF  FF  FF  FF  3D  00  00  00  6D  22  10  00  
03  00  00  00  35  FE  FF  FF  28  02  00  00  BC  00  06  00  00  6D  23  14  00  03  00  00  00  
42  03  AF  76  31  7F  FD  FC  DC  45  0B  03  43  A6  54  0A  6D  24  24  00  02  00  00  00  00  
00  00  00  00  00  00  00  00  00  00  00  00  00  00  00  00  00  00  00  00  00  00  00  00  00  
00  00  00  00  00  00  00  6D  31  20  00  03  00  00  00  3A  59  00  00  AA  9B  FF  FF  1C  DA  
00  00  45  06  08  00  B0  9A  06  00  EE  52  70  FF  ED  60  07  00  6D  32  24  00  03  00  00  
00  1E  58  0C  00  A8  09  CD  7B  01  00  00  00  47  00  08  1B  8D  05  00  00  00  FF  FF  FF  
FF  05  00  00  00  00  00  00  00  6D  33  10  00  03  00  00  00  E3  07  02  19  12  29  31  00  
01  00  12  00  6D  34  14  00  03  00  00  00  33  48  03  00  DB  30  FF  FF  56  2F  04  00  04  
F9  07  00  6D  35  0C  00  03  00  00  9F  47  4E  00  00  39  83  02  00  00  00  00  00  00  00  
28  01  6D  15  14  00  02  01  00  00  03  04  03  00  00  00  00  00  00  00  00  00  00  00  00  
00  6D  16  10  00  03  00  00  00  E3  07  02  19  12  29  31  00  15  01  00  00  6D  21  1C  00  
03  00  00  00  7C  00  00  00  25  00  00  00  EC  FF  FF  FF  0D  00  00  00  F7  FF  FF  FF  26  
00  00  00  6D  22  10  00  03  00  00  00  35  FE  FF  FF  29  02  00  00  BC  06  00  00  6D  23  
14  00  03  00  00  00  25  05  AF  76  A5  AC  FD  FC  84  57  0B  03  9E  98  54  0A  6D  24  24  
00  02  00  00  00  00  00  00  00  00  00  00  00  00  00  00  00  00  00  00  00  00  00  00  00  
00  00  00  00  00  00  00  00  00  00  00  00  6D  31  20  00  03  00  00  00  A0  97  00  00  0C  
A1  FF  FF  55  FE  00  00  C1  30  08  00  27  7A  06  00  7C  F8  6F  FF  0B  61  07  00  6D  32  
24  00  03  00  00  00  1E  58  0C  00  A8  09  CD  7B  01  00  00  00  47  08  1B  8D  05  00  00  
00  FF  FF  FF  FF  05  00  00  00  00  00  00  00  6D  33  10  00  03  00  00  00  E3  07  02  19  
12  29  31  00  01  00  12  00  6D  34  14  00  03  00  00  00  29  48  03  00  0E  40  FF  FF  C3  
46  04  00  C8  02  08  00  6D  35  0C  00  03  00  00  00  24  8D  01  00  28  12  07  00  41  53  
5C  6C  47  4E  00  00  3A  83  02  00  00  00  00  00  00  00  28  01  6D  15  14  00  02  01  00  
00  03  04  03  00  00  00  00  00  00  00  00  00  00  00  00  00  6D  16  10  00  03  00  00  00  
00  E3  07  02  19  12  29  31  00  1F  01  00  00  6D  21  1C  00  03  00  00  00  0D  01  00  00  
68  00  00  00  B3  00  00  00  FD  FF  FF  FF  F0  FF  FF  FF  38  00  00  00  6D  22  10  00  03  
00  00  00  35  FE  FF  FF  29  02  00  00  BC  00  06  00  00  6D  23  14  00  03  00  00  00  F4  
00  AF  76  20  12  FE  FC  5C  8A  0B  03  5C  D7  54  0A  6D  24  24  00  02  00  00  00  00  00  
00  00  00  00  00  00  00  00  00  00  00  00  00  00  00  00  00  00  00  00  00  00  00  00  00  
00  00  00  00  00  00  6D  31  20  00  03  00  00  00  22  D0  00  00  6A  BB  FF  FF  28  4C  01  
00  81  F5  07  00  A2  5F  06  00  AC  40  70  FF  88  62  07  00  6D  32  24  00  03  00  00  00  
1E  58  0C  00  A8  09  CD  7B  01  00  00  00  47  00  08  1B  8D  05  00  00  00  FF  FF  FF  FF  
05  00  00  00  00  00  00  00  6D  33  10  00  03  00  00  00  E3  07  02  19  12  29  31  00  01  
00  12  00  6D  34  14  00  03  00  00  00  35  48  03  00  CA  56  FF  FF  32  5E  04  00  C8  02  
08  00  6D  35  0C  00  03  00  00  90  47  4E  00  00  3B  83  02  00  00  00  00  00  00  00  28  
01  6D  15  14  00  02  01  00  00  03  04  03  00  00  00  00  00  00  00  00  00  00  00  00  00  
6D  16  10  00  03  00  00  00  E3  07  02  19  12  29  31  00  29  01  00  00  6D  21  1C  00  03  
00  00  00  2A  00  00  00  24  00  00  00  3C  00  00  00  F2  FF  FF  FF  03  00  00  00  4B  00  
00  00  6D  22  10  00  03  00  00  00  35  FE  FF  FF  29  02  00  00  BC  06  00  00  6D  23  14  
00  03  00  00  00  41  FF  AE  76  D3  20  FE  FC  10  9A  0B  03  89  EA  54  0A  6D  24  24  00  
02  00  00  00  00  00  00  00  00  00  00  00  00  00  00  00  00  00  00  00  00  00  00  00  00  
00  00  00  00  00  00  00  00  00  00  00  6D  31  20  00  03  00  00  00  95  77  00  00  3B  A1  
FF  FF  B1  1D  01  00  C3  CA  07  00  EF  A9  06  00  E0  8A  70  FF  D3  62  07  00  6D  32  24  
00  03  00  00  00  1E  58  0C  00  A8  09  CD  7B  01  00  00  00  47  08  1B  8D  05  00  00  00  
FF  FF  FF  FF  05  00  00  00  00  00  00  00  6D  33  10  00  03  00  00  00  E3  07  02  19  12  
29  31  00  01  00  12  00  6D  34  14  00  03  00  00  00  34  31  03  00  25  4B  FF  FF  F8  3A  
04  00  83  CF  07  00  6D  35  0C  00  03  00  00  00  2A  8D  01  00  8C  12  07  00  41  53  92  
23  47  4E  00  00  3C  83  02  00  00  00  00  00  00  00  28  01  6D  15  14  00  02  01  00  00  
03  04  03  00  00  00  00  00  00  00  00  00  00  00  00  00  6D  16  10  00  03  00  00  00  00  
E3  07  02  19  12  29  31  00  33  01  00  00  6D  21  1C  00  03  00  00  00  B1  00  00  00  A8  
00  00  00  71  00  00  00  06  00  00  00  03  00  00  00  4E  00  00  00  6D  22  10  00  03  00  
00  00  35  FE  FF  FF  29  02  00  00  BC  00  06  00  00  6D  23  14  00  03  00  00  00  E7  FB  
AE  76  B4  5F  FE  FC  DE  E1  0B  03  2C  0E  55  0A  6D  24  24  00  02  00  00  00  00  00  00  
00  00  00  00  00  00  00  00  00  00  00  00  00  00  00  00  00  00  00  00  00  00  00  00  00  
00  00  00  00  00  6D  31  20  00  03  00  00  00  FF  AB  00  00  13  D5  FF  FF  3E  32  01  00  
4F  18  08  00  CD  AA  06  00  4D  96  70  FF  6C  61  07  00  6D  32  24  00  03  00  00  00  1E  
58  0C  00  A8  09  CD  7B  01  00  00  00  47  00  08  1B  8D  05  00  00  00  FF  FF  FF  FF  05  
00  00  00  00  00  00  00  6D  33  10  00  03  00  00  00  E3  07  02  19  12  29  31  00  01  00  
12  00  6D  34  14  00  03  00  00  00  5D  48  03  00  ED  3F  FF  FF  55  2F  04  00  F4  D1  07  
00  6D  35  0C  00  03  00  00  DE  47  4E  00  00  3D  83  02  00  00  00  00  00  00  00  28  01  
6D  15  14  00  02  01  00  00  03  04  03  00  00  00  00  00  00  00  00  00  00  00  00  00  6D  
16  10  00  03  00  00  00  E3  07  02  19  12  29  31  00  3D  01  00  00  6D  21  1C  00  03  00  
00  00  CE  FF  FF  FF  AB  FF  FF  FF  4A  00  00  00  F9  FF  FF  FF  02  00  00  00  3F  00  00  
00  6D  22  10  00  03  00  00  00  35  FE  FF  FF  29  02  00  00  BC  06  00  00  6D  23  14  00  
03  00  00  00  17  FA  AE  76  86  4E  FE  FC  53  BF  0B  03  2B  28  55  0A  6D  24  24  00  02  
00  00  00  00  00  00  00  00  00  00  00  00  00  00  00  00  00  00  00  00  00  00  00  00  00  
00  00  00  00  00  00  00  00  00  00  6D  31  20  00  03  00  00  00  75  53  00  00  4A  72  FF  
FF  50  23  01  00  5E  E5  07  00  AE  A3  06  00  F2  59  70  FF  5D  61  07  00  6D  32  24  00  
03  00  00  00  1E  58  0C  00  A8  09  CD  7B  01  00  00  00  47  08  1B  8D  05  00  00  00  FF  
FF  FF  FF  05  00  00  00  00  00  00  00  6D  33  10  00  03  00  00  00  E3  07  02  19  12  29  
31  00  01  00  12  00  6D  34  14  00  03  00  00  00  90  5F  03  00  A7  47  FF  FF  38  37  04  
00  9A  E0  07  00  6D  35  0C  00  03  00  00  00  29  8D  01  00  BE  12  07  00  41  53  4C  B3  
47  4E  00  00  3E  83  02  00  00  00  00  00  00  00  28  01  6D  15  14  00  02  01  00  00  03  
04  03  00  00  00  00  00  00  00  00  00  00  00  00  00  6D  16  10  00  03  00  00  00  00  E3  
07  02  19  12  29  31  00  47  01  00  00  6D  21  1C  00  03  00  00  00  AE  02  00  00  78  FF  
FF  FF  CE  FF  FF  FF  FB  FF  FF  FF  FD  FF  FF  FF  2B  00  00  00  6D  22  10  00  03  00  00  
00  36  FE  FF  FF  29  02  00  00  BC  00  06  00  00  6D  23  14  00  03  00  00  00  54  04  AF  
76  EF  5B  FF  FC  23  A0  0B  03  19  0A  55  0A  6D  24  24  00  02  00  00  00  00  00  00  00  
00  00  00  00  00  00  00  00  00  00  00  00  00  00  00  00  00  00  00  00  00  00  00  00  00  
00  00  00  00  6D  31  20  00  03  00  00  00  FC  72  01  00  3D  5E  FF  FF  E2  F2  00  00  58  
EC  07  00  A7  90  06  00  2C  0B  70  FF  54  62  07  00  6D  32  24  00  03  00  00  00  1E  58  
0C  00  A8  09  CD  7B  01  00  00  00  47  00  08  1B  8D  05  00  00  00  FF  FF  FF  FF  05  00  
00  00  00  00  00  00  6D  33  10  00  03  00  00  00  E3  07  02  19  12  29  31  00  01  00  12  
00  6D  34  14  00  03  00  00  00  B0  48  03  00  D8  74  FF  FF  90  4E  04  00  F4  D1  07  00  
6D  35  0C  00  03  00  00  6C  47  4E  00  00  3F  83  02  00  00  00  00  00  00  00  28  01  6D  
15  14  00  02  01  00  00  03  04  03  00  00  00  00  00  00  00  00  00  00  00  00  00  6D  16  
10  00  03  00  00  00  E3  07  02  19  12  29  31  00  51  01  00  00  6D  21  1C  00  03  00  00  
00  04  00  00  00  57  00  00  00  06  00  00  00  FC  FF  FF  FF  F3  FF  FF  FF  54  00  00  00  
6D  22  10  00  03  00  00  00  36  FE  FF  FF  29  02  00  00  BC  06  00  00  6D  23  14  00  03  
00  00  00  89  03  AF  76  CF  58  FF  FC  D6  C1  0B  03  61  08  55  0A  6D  24  24  00  02  00  
00  00  00  00  00  00  00  00  00  00  00  00  00  00  00  00  00  00  00  00  00  00  00  00  00  
00  00  00  00  00  00  00  00  00  6D  31  20  00  03  00  00  00  62  68  00  00  C4  B5  FF  FF  
EA  08  01  00  D2  F0  07  00  10  67  06  00  48  AB  70  FF  6C  61  07  00  6D  32  24  00  03  
00  00  00  1E  58  0C  00  A8  09  CD  7B  01  00  00  00  47  08  1B  8D  05  00  00  00  FF  FF  
FF  FF  05  00  00  00  00  00  00  00  6D  33  10  00  03  00  00  00  E3  07  02  19  12  29  31  
00  01  00  12  00  6D  34  14  00  03  00  00  00  A8  31  03  00  D5  5D  FF  FF  A7  1F  04  00  
B6  88  07  00  6D  35  0C  00  03  00  00  00  2C  8D  01  00  41  12  07  00  41  53  93  03  47  
4E  00  00  40  83  02  00  AA  AA  AA  AA  00  00  28  01  6D  15  14  00  02  01  00  00  03  04  
03  00  00  00  00  00  00  00  00  00  00  00  00  00  6D  16  10  00  03  00  00  00  00  E3  07  
02  19  12  29  31  00  5B  01  00  00  6D  21  1C  00  03  00  00  00  2D  FF  FF  FF  5A  FF  FF  
FF  9B  00  00  00  00  00  00  00  02  00  00  00  2C  00  00  00  6D  22  10  00  03  00  00  00  
36  FE  FF  FF  29  02  00  00  BC  00  06  00  00  6D  23  14  00  03  00  00  00  24  FE  AE  76  
83  0C  FF  FC  54  7B  0B  03  EA  44  55  0A  6D  24  24  00  02  00  00  00  00  00  00  00  00  
00  00  00  00  00  00  00  00  00  00  00  00  00  00  00  00  00  00  00  00  00  00  00  00  00  
00  00  00  6D  31  20  00  03  00  00  00  7E  14  00  00  1C  53  FF  FF  13  43  01  00  3C  FF  
07  00  56  A1  06  00  07  12  70  FF  A0  61  07  00  6D  32  24  00  03  00  00  00  1E  58  0C  
00  A8  09  CD  7B  01  00  00  00  47  00  08  1B  8D  05  00  00  00  FF  FF  FF  FF  05  00  00  
00  00  00  00  00  6D  33  10  00  03  00  00  00  E3  07  02  19  12  29  31  00  01  00  12  00  
6D  34  14  00  03  00  00  00  83  48  03  00  6B  47  FF  FF  89  27  04  00  6C  BE  07  00  6D  
35  0C  00  03  00  00  15  47  4E  00  00  41  83  02  00  02  03  90  01  00  00  28  01  6D  15  
14  00  02  01  00  00  03  04  03  00  00  00  00  00  00  00  00  00  00  00  00  00  6D  16  10  
00  03  00  00  00  E3  07  02  19  12  29  31  00  65  01  00  00  6D  21  1C  00  03  00  00  00  
77  02  00  00  E1  FF  FF  FF  CB  00  00  00  F0  FF  FF  FF  01  00  00  00  50  00  00  00  6D  
22  10  00  03  00  00  00  36  FE  FF  FF  29  02  00  00  BC  06  00  00  6D  23  14  00  03  00  
00  00  0A  FE  AE  76  7B  03  00  FD  1F  86  0B  03  A9  8A  55  0A  6D  24  24  00  02  00  00  
00  00  00  00  00  00  00  00  00  00  00  00  00  00  00  00  00  00  00  00  00  00  00  00  00  
00  00  00  00  00  00  00  00  6D  31  20  00  03  00  00  00  85  5D  01  00  C7  87  FF  FF  1E  
56  01  00  E7  C1  07  00  B4  9E  06  00  52  9D  70  FF  BE  61  07  00  6D  32  24  00  03  00  
00  00  1E  58  0C  00  A8  09  CD  7B  01  00  00  00  47  08  1B  8D  05  00  00  00  FF  FF  FF  
FF  05  00  00  00  00  00  00  00  6D  33  10  00  03  00  00  00  E3  07  02  19  12  29  31  00  
01  00  12  00  6D  34  14  00  03  00  00  00  8D  5B  03  00  ED  43  FF  FF  EB  42  04  00  93  
F6  07  00  6D  35  0C  00  03  00  00  00  23  8D  01  00  28  12  07  00  41  53  40  A6  47  4E  
00  00  42  83  02  00  04  00  01  00  00  00  28  01  6D  15  14  00  02  01  00  00  03  04  03  
00  00  00  00  00  00  00  00  00  00  00  00  00  6D  16  10  00  03  00  00  00  00  E3  07  02  
19  12  29  31  00  6F  01  00  00  6D  21  1C  00  03  00  00  00  DC  FF  FF  FF  06  00  00  00  
06  00  00  00  F5  FF  FF  FF  10  00  00  00  26  00  00  00  6D  22  10  00  03  00  00  00  36  
FE  FF  FF  29  02  00  00  BC  00  06  00  00  6D  23  14  00  03  00  00  00  BD  FD  AE  76  A3  
F3  FF  FC  D0  86  0B  03  4F  89  55  0A  6D  24  24  00  02  00  00  00  00  00  00  00  00  00  
00  00  00  00  00  00  00  00  00  00  00  00  00  00  00  00  00  00  00  00  00  00  00  00  00  
00  00  6D  31  20  00  03  00  00  00  E0  58  00  00  8F  96  FF  FF  1F  09  01  00  1E  D3  07  
00  0D  D7  06  00  5B  F8  6F  FF  19  61  07  00  6D  32  24  00  03  00  00  00  E8  56  0C  00  
A8  09  CD  7B  01  00  00  00  58  00  08  1B  8D  05  00  00  00  FC  FF  FF  FF  03  00  00  00  
00  00  00  00  6D  33  10  00  03  00  00  00  E3  07  02  19  12  29  31  00  01  00  12  00  6D  
34  14  00  03  00  00  00  11  39  03  00  AD  65  FF  FF  83  4E  04  00  A8  B4  07  00  6D  35  
0C  00  03  00  00  31  47  4E  00  00  43  83  02  00  C0  C6  2D  00  00  00  28  01  6D  15  14  
00  02  01  00  00  03  04  03  00  00  00  00  00  00  00  00  00  00  00  00  00  6D  16  10  00  
03  00  00  00  E3  07  02  19  12  29  31  00  79  01  00  00  6D  21  1C  00  03  00  00  00  B4  
FF  FF  FF  13  00  00  00  A9  FF  FF  FF  FF  FF  FF  FF  F1  FF  FF  FF  42  00  00  00  6D  22  
10  00  03  00  00  00  36  FE  FF  FF  29  02  00  00  BC  06  00  00  6D  23  14  00  03  00  00  
00  56  00  AF  76  07  D2  FF  FC  56  89  0B  03  FD  60  55  0A  6D  24  24  00  02  00  00  00  
00  00  00  00  00  00  00  00  00  00  00  00  00  00  00  00  00  00  00  00  00  00  00  00  00  
00  00  00  00  00  00  00  6D  31  20  00  03  00  00  00  6A  49  00  00  A4  9B  FF  FF  9E  E4  
00  00  FF  FC  07  00  F6  5D  06  00  F5  67  70  FF  19  61  07  00  6D  32  24  00  03  00  00  
00  E8  56  0C  00  A8  09  CD  7B  01  00  00  00  58  08  1B  8D  05  00  00  00  FC  FF  FF  FF  
03  00  00  00  00  00  00  00  6D  33  10  00  03  00  00  00  E3  07  02  19  12  29  31  00  01  
00  12  00  6D  34  14  00  03  00  00  00  7A  2D  03  00  9B  65  FF  FF  79  4E  04  00  10  7A  
07  00  6D  35  0C  00  03  00  00  00  2B  8D  01  00  73  12  07  00  41  53  C5  95  47  4E  00  
00  44  83  02  00  00  10  0E  00  00  00  28  01  6D  15  14  00  02  01  00  00  03  04  03  00  
00  00  00  00  00  00  00  00  00  00  00  00  6D  16  10  00  03  00  00  00  00  E3  07  02  19  
12  29  31  00  83  01  00  00  6D  21  1C  00  03  00  00  00  5B  FC  FF  FF  CB  00  00  00  92  
FF  FF  FF  FA  FF  FF  FF  EE  FF  FF  FF  39  00  00  00  6D  22  10  00  03  00  00  00  35  FE  
FF  FF  29  02  00  00  BC  00  06  00  00  6D  23  14  00  03  00  00  00  32  F9  AE  76  F5  5D  
FE  FC  17  B7  0B  03  55  39  55  0A  6D  24  24  00  02  00  00  00  00  00  00  00  00  00  00  
00  00  00  00  00  00  00  00  00  00  00  00  00  00  00  00  00  00  00  00  00  00  00  00  00  
00  6D  31  20  00  03  00  00  00  D8  FA  FE  FF  8B  E3  FF  FF  9F  DB  00  00  83  EA  07  00  
E4  56  06  00  20  45  70  FF  19  61  07  00  6D  32  24  00  03  00  00  00  E8  56  0C  00  A8  
09  CD  7B  01  00  00  00  58  00  08  1B  8D  05  00  00  00  FC  FF  FF  FF  03  00  00  00  00  
00  00  00  6D  33  10  00  03  00  00  00  E3  07  02  19  12  29  31  00  01  00  12  00  6D  34  
14  00  03  00  00  00  FB  38  03  00  24  5E  FF  FF  83  4E  04  00  C6  AF  07  00  6D  35  0C  
00  03  00  00  62  47  4E  00  00  45  83  02  00  01  00  00  01  00  00  28  01  6D  15  14  00  
02  01  00  00  03  04  03  00  00  00  00  00  00  00  00  00  00  00  00  00  6D  16  10  00  03  
00  00  00  E3  07  02  19  12  29  31  00  8D  01  00  00  6D  21  1C  00  03  00  00  00  7C  FF  
FF  FF  63  00  00  00  A6  00  00  00  07  00  00  00  0D  00  00  00  2E  00  00  00  6D  22  10  
00  03  00  00  00  35  FE  FF  FF  29  02  00  00  BC  06  00  00  6D  23  14  00  03  00  00  00  
B0  F1  AE  76  23  27  FE  FC  E0  D9  0B  03  5E  75  55  0A  6D  24  24  00  02  00  00  00  00  
00  00  00  00  00  00  00  00  00  00  00  00  00  00  00  00  00  00  00  00  00  00  00  00  00  
00  00  00  00  00  00  6D  31  20  00  03  00  00  00  83  33  00  00  01  BB  FF  FF  BF  47  01  
00  D8  1A  08  00  E0  CF  06  00  F8  18  70  FF  09  62  07  00  6D  32  24  00  03  00  00  00  
E8  56  0C  00  A8  09  CD  7B  01  00  00  00  58  08  1B  8D  05  00  00  00  FC  FF  FF  FF  03  
00  00  00  00  00  00  00  6D  33  10  00  03  00  00  00  E3  07  02  19  12  29  31  00  01  00  
12  00  6D  34  14  00  03  00  00  00  7F  48  03  00  68  5A  FF  FF  DB  42  04  00  0B  E3  07  
00  6D  35  0C  00  03  00  00  00  28  8D  01  00  73  12  07  00  41  53  E1  A1  47  4E  00  00  
46  83  02  00  30  0F  1F  00  00  00  28  01  6D  15  14  00  02  01  00  00  03  04  03  00  00  
00  00  00  00  00  00  00  00  00  00  00  6D  16  10  00  03  00  00  00  00  E3  07  02  19  12  
29  31  00  97  01  00  00  6D  21  1C  00  03  00  00  00  A4  00  00  00  C0  00  00  00  F6  FF  
FF  FF  05  00  00  00  F3  FF  FF  FF  26  00  00  00  6D  22  10  00  03  00  00  00  35  FE  FF  
FF  29  02  00  00  BC  00  06  00  00  6D  23  14  00  03  00  00  00  E7  F1  AE  76  00  5E  FE  
FC  98  29  0C  03  60  6B  55  0A  6D  24  24  00  02  00  00  00  00  00  00  00  00  00  00  00  
00  00  00  00  00  00  00  00  00  00  00  00  00  00  00  00  00  00  00  00  00  00  00  00  00  
6D  31  20  00  03  00  00  00  E8  A6  00  00  76  DF  FF  FF  30  03  01  00  65  14  08  00  AD  
6B  06  00  F2  FA  6F  FF  EB  61  07  00  6D  32  24  00  03  00  00  00  E8  56  0C  00  A8  09  
CD  7B  01  00  00  00  58  00  08  1B  8D  05  00  00  00  FC  FF  FF  FF  03  00  00  00  00  00  
00  00  6D  33  10  00  03  00  00  00  E3  07  02  19  12  29  31  00  01  00  12  00  6D  34  14  
00  03  00  00  00  F0  48  03  00  83  65  FF  FF  B8  1F  04  00  20  A1  07  00  6D  35  0C  00  
03  00  00  0D  47  4E  00  00  47  83  02  00  00  00  00  00  00  00  28  01  6D  15  14  00  02  
01  00  00  03  04  03  00  00  00  00  00  00  00  00  00  00  00  00  00  6D  16  10  00  03  00  
00  00  E3  07  02  19  12  29  31  00  A1  01  00  00  6D  21  1C  00  03  00  00  00  57  FE  FF  
FF  C2  FF  FF  FF  72  00  00  00  F7  FF  FF  FF  FC  FF  FF  FF  2C  00  00  00  6D  22  10  00  
03  00  00  00  35  FE  FF  FF  29  02  00  00  BC  06  00  00  6D  23  14  00  03  00  00  00  BE  
EA  AE  76  78  BA  FD  FC  C3  03  0C  03  2A  99  55  0A  6D  24  24  00  02  00  00  00  00  00  
00  00  00  00  00  00  00  00  00  00  00  00  00  00  00  00  00  00  00  00  00  00  00  00  00  
00  00  00  00  00  6D  31  20  00  03  00  00  00  DE  C0  FF  FF  6F  7C  FF  FF  AB  33  01  00  
42  DC  07  00  2A  8C  06  00  18  12  70  FF  CD  61  07  00  6D  32  24  00  03  00  00  00  E8  
56  0C  00  A8  09  CD  7B  01  00  00  00  58  08  1B  8D  05  00  00  00  FC  FF  FF  FF  03  00  
00  00  00  00  00  00  6D  33  10  00  03  00  00  00  E3  07  02  19  12  29  31  00  01  00  12  
00  6D  34  14  00  03  00  00  00  73  48  03  00  AC  43  FF  FF  6E  2B  04  00  D4  83  07  00  
6D  35  0C  00  03  00  00  00  26  8D  01  00  8C  12  07  00  41  53  F6  A1  47  4E  00  00  48  
83  02  00  03  00  00  00  00  00  28  01  6D  15  14  00  02  01  00  00  03  04  03  00  00  00  
00  00  00  00  00  00  00  00  00  00  6D  16  10  00  03  00  00  00  00  E3  07  02  19  12  29  
31  00  AB  01  00  00  6D  21  1C  00  03  00  00  00  B4  FF  FF  FF  D0  FF  FF  FF  20  00  00  
00  07  00  00  00  FA  FF  FF  FF  4E  00  00  00  6D  22  10  00  03  00  00  00  35  FE  FF  FF  
29  02  00  00  BC  00  06  00  00  6D  23  14  00  03  00  00  00  BC  E9  AE  76  CE  9C  FD  FC  
EB  ED  0B  03  8B  A2  55  0A  6D  24  24  00  02  00  00  00  00  00  00  00  00  00  00  00  00  
00  00  00  00  00  00  00  00  00  00  00  00  00  00  00  00  00  00  00  00  00  00  00  00  6D  
31  20  00  03  00  00  00  F2  48  00  00  E2  81  FF  FF  A9  13  01  00  ED  1C  08  00  AD  87  
06  00  64  96  70  FF  D5  61  07  00  6D  32  24  00  03  00  00  00  E8  56  0C  00  A8  09  CD  
7B  01  00  00  00  58  00  08  1B  8D  05  00  00  00  FC  FF  FF  FF  03  00  00  00  00  00  00  
00  6D  33  10  00  03  00  00  00  E3  07  02  19  12  29  31  00  01  00  12  00  6D  34  14  00  
03  00  00  00  B4  4F  03  00  75  29  FF  FF  FB  3E  04  00  20  A1  07  00  6D  35  0C  00  03  
00  00  8D  47  4E  00  00  49  83  02  00  00  00  12  00  00  00  28  01  6D  15  14  00  02  01  
00  00  03  04  03  00  00  00  00  00  00  00  00  00  00  00  00  00  6D  16  10  00  03  00  00  
00  E3  07  02  19  12  29  31  00  B5  01  00  00  6D  21  1C  00  03  00  00  00  39  00  00  00  
A8  FF  FF  FF  6F  00  00  00  E6  FF  FF  FF  FC  FF  FF  FF  1B  00  00  00  6D  22  10  00  03  
00  00  00  35  FE  FF  FF  29  02  00  00  BD  06  00  00  6D  23  14  00  03  00  00  00  A0  E7  
AE  76  86  B5  FD  FC  3E  CE  0B  03  50  CB  55  0A  6D  24  24  00  02  00  00  00  00  00  00  
00  00  00  00  00  00  00  00  00  00  00  00  00  00  00  00  00  00  00  00  00  00  00  00  00  
00  00  00  00  6D  31  20  00  03  00  00  00  0F  7D  00  00  74  72  FF  FF  C1  32  01  00  4C  
9B  07  00  50  8E  06  00  C0  CE  6F  FF  BE  61  07  00  6D  32  24  00  03  00  00  00  E8  56  
0C  00  A8  09  CD  7B  01  00  00  00  58  08  1B  8D  05  00  00  00  FC  FF  FF  FF  03  00  00  
00  00  00  00  00  6D  33  10  00  03  00  00  00  E3  07  02  19  12  29  31  00  01  00  12  00  
6D  34  14  00  03  00  00  00  2C  5B  03  00  04  22  FF  FF  ED  42  04  00  D6  D6  07  00  6D  
35  0C  00  03  00  00  00  27  8D  01  00  5A  12  07  00  41  53  A7  F8  47  4E  00  00  4A  83  
02  00  00  00  00  00  00  00  28  01  6D  15  14  00  02  01  00  00  03  04  03  00  00  00  00  
00  00  00  00  00  00  00  00  00  6D  16  10  00  03  00  00  00  00  E3  07  02  19  12  29  31  
00  BF  01  00  00  6D  21  1C  00  03  00  00  00  E8  00  00  00  C2  FF  FF  FF  1E  00  00  00  
F4  FF  FF  FF  00  00  00  00  39  00  00  00  6D  22  10  00  03  00  00  00  35  FE  FF  FF  29  
02  00  00  BD  00  06  00  00  6D  23  14  00  03  00  00  00  ED  E9  AE  76  D6  10  FE  FC  85  
BD  0B  03  63  D0  55  0A  6D  24  24  00  02  00  00  00  00  00  00  00  00  00  00  00  00  00  
00  00  00  00  00  00  00  00  00  00  00  00  00  00  00  00  00  00  00  00  00  00  00  6D  31  
20  00  03  00  00  00  28  C1  00  00  FB  7C  FF  FF  09  13  01  00  41  D0  07  00  64  9C  06  
00  CA  42  70  FF  EB  61  07  00  6D  32  24  00  03  00  00  00  E8  56  0C  00  A8  09  CD  7B  
01  00  00  00  58  00  08  1B  8D  05  00  00  00  FC  FF  FF  FF  03  00  00  00  00  00  00  00  
6D  33  10  00  03  00  00  00  E3  07  02  19  12  29  31  00  01  00  12  00  6D  34  14  00  03  
00  00  00  54  67  03  00  81  38  FF  FF  D4  1F  04  00  C8  02  08  00  6D  35  0C  00  03  00  
00  2D  47  4E  00  00  4B  83  02  00  00  00  00  00  00  00  28  01  6D  15  14  00  02  01  00  
00  03  04  03  00  00  00  00  00  00  00  00  00  00  00  00  00  6D  16  10  00  03  00  00  00  
E3  07  02  19  12  29  31  00  C9  01  00  00  6D  21  1C  00  03  00  00  00  2D  00  00  00  11  
00  00  00  2C  00  00  00  FB  FF  FF  FF  FA  FF  FF  FF  51  00  00  00  6D  22  10  00  03  00  
00  00  35  FE  FF  FF  29  02  00  00  BD  06  00  00  6D  23  14  00  03  00  00  00  1F  E9  AE  
76  6F  20  FE  FC  2D  C5  0B  03  E8  DB  55  0A  6D  24  24  00  02  00  00  00  00  00  00  00  
00  00  00  00  00  00  00  00  00  00  00  00  00  00  00  00  00  00  00  00  00  00  00  00  00  
00  00  00  6D  31  20  00  03  00  00  00  FC  77  00  00  E2  9B  FF  FF  90  18  01  00  5C  EE  
07  00  4F  85  06  00  F6  A1  70  FF  91  61  07  00  6D  32  24  00  03  00  00  00  E8  56  0C  
00  A8  09  CD  7B  01  00  00  00  58  08  1B  8D  05  00  00  00  FC  FF  FF  FF  03  00  00  00  
00  00  00  00  6D  33  10  00  03  00  00  00  E3  07  02  19  12  29  31  00  01  00  12  00  6D  
34  14  00  03  00  00  00  F9  66  03  00  F7  21  FF  FF  89  2B  04  00  7C  E5  07  00  6D  35  
0C  00  03  00  00  00  2B  8D  01  00  28  12  07  00  41  53  58  8B  47  4E  00  00  4C  83  02  
00  00  00  00  00  00  00  28  01  6D  15  14  00  02  01  00  00  03  04  03  00  00  00  00  00  
00  00  00  00  00  00  00  00  6D  16  10  00  03  00  00  00  00  E3  07  02  19  12  29  31  00  
D3  01  00  00  6D  21  1C  00  03  00  00  00  22  FF  FF  FF  53  00  00  00  B5  FF  FF  FF  04  
00  00  00  13  00  00  00  4F  00  00  00  6D  22  10  00  03  00  00  00  35  FE  FF  FF  29  02  
00  00  BD  00  06  00  00  6D  23  14  00  03  00  00  00  04  E9  AE  76  88  C4  FD  FC  2F  DC  
0B  03  93  BB  55  0A  6D  24  24  00  02  00  00  00  00  00  00  00  00  00  00  00  00  00  00  
00  00  00  00  00  00  00  00  00  00  00  00  00  00  00  00  00  00  00  00  00  00  6D  31  20  
00  03  00  00  00  A3  0F  00  00  91  B5  FF  FF  03  EA  00  00  EF  10  08  00  3E  E7  06  00  
8F  98  70  FF  BE  61  07  00  6D  32  24  00  03  00  00  00  58  55  0C  00  A8  09  CD  7B  01  
00  00  00  6A  00  08  1B  8D  05  00  00  00  00  00  00  00  03  00  00  00  01  00  00  00  6D  
33  10  00  03  00  00  00  E3  07  02  19  12  29  31  00  01  00  12  00  6D  34  14  00  03  00  
00  00  8C  4F  03  00  F7  21  FF  FF  CB  46  04  00  6C  BE  07  00  6D  35  0C  00  03  00  00  
CE  47  4E  00  00  4D  83  02  00  00  00  00  00  00  00  28  01  6D  15  14  00  02  01  00  00  
03  04  03  00  00  00  00  00  00  00  00  00  00  00  00  00  6D  16  10  00  03  00  00  00  E3  
07  02  19  12  29  31  00  DD  01  00  00  6D  21  1C  00  03  00  00  00  53  01  00  00  54  00  
00  00  1C  00  00  00  0C  00  00  00  F2  FF  FF  FF  66  00  00  00  6D  22  10  00  03  00  00  
00  35  FE  FF  FF  29  02  00  00  BD  06  00  00  6D  23  14  00  03  00  00  00  E3  EA  AE  76  
12  43  FE  FC  A4  07  0C  03  1C  BE  55  0A  6D  24  24  00  02  00  00  00  00  00  00  00  00  
00  00  00  00  00  00  00  00  00  00  00  00  00  00  00  00  00  00  00  00  00  00  00  00  00  
00  00  6D  31  20  00  03  00  00  00  CA  EA  00  00  27  B6  FF  FF  9E  12  01  00  1F  2F  08  
00  F2  66  06  00  57  F3  70  FF  20  62  07  00  6D  32  24  00  03  00  00  00  58  55  0C  00  
A8  09  CD  7B  01  00  00  00  6A  08  1B  8D  05  00  00  00  00  00  00  00  03  00  00  00  01  
00  00  00  6D  33  10  00  03  00  00  00  E3  07  02  19  12  29  31  00  01  00  12  00  6D  34  
14  00  03  00  00  00  3E  38  03  00  7A  29  FF  FF  26  5E  04  00  20  A1  07  00  6D  35  0C  
00  03  00  00  00  2A  8D  01  00  5A  12  07  00  41  53  F4  B7  47  4E  00  00  4E  83  02  00  
00  00  00  00  00  00  28  01  6D  15  14  00  02  01  00  00  03  04  03  00  00  00  00  00  00  
00  00  00  00  00  00  00  6D  16  10  00  03  00  00  00  00  E3  07  02  19  12  29  31  00  E7  
01  00  00  6D  21  1C  00  03  00  00  00  2E  00  00  00  F9  FE  FF  FF  F6  FF  FF  FF  FE  FF  
FF  FF  02  00  00  00  59  00  00  00  6D  22  10  00  03  00  00  00  35  FE  FF  FF  29  02  00  
00  BD  00  06  00  00  6D  23  14  00  03  00  00  00  7F  EE  AE  76  4D  5B  FE  FC  50  A2  0B  
03  90  B9  55  0A  6D  24  24  00  02  00  00  00  00  00  00  00  00  00  00  00  00  00  00  00  
00  00  00  00  00  00  00  00  00  00  00  00  00  00  00  00  00  00  00  00  00  6D  31  20  00  
03  00  00  00  71  78  00  00  DF  2E  FF  FF  11  04  01  00  93  F7  07  00  C9  A3  06  00  10  
C0  70  FF  3F  61  07  00  6D  32  24  00  03  00  00  00  58  55  0C  00  A8  09  CD  7B  01  00  
00  00  6A  00  08  1B  8D  05  00  00  00  00  00  00  00  03  00  00  00  01  00  00  00  6D  33  
10  00  03  00  00  00  E3  07  02  19  12  29  31  00  01  00  12  00  6D  34  14  00  03  00  00  
00  00  39  03  00  5D  47  FF  FF  47  2F  04  00  20  A1  07  00  6D  35  0C  00  03  00  00  AC  
47  4E  00  00  4F  83  02  00  01  01  00  00  00  00  28  01  6D  15  14  00  02  01  00  00  03  
04  03  00  00  00  00  00  00  00  00  00  00  00  00  00  6D  16  10  00  03  00  00  00  E3  07  
02  19  12  29  31  00  F1  01  00  00  6D  21  1C  00  03  00  00  00  DC  00  00  00  38  00  00  
00  96  FF  FF  FF  1E  00  00  00  FB  FF  FF  FF  31  00  00  00  6D  22  10  00  03  00  00  00  
35  FE  FF  FF  29  02  00  00  BC  06  00  00  6D  23  14  00  03  00  00  00  A2  F3  AE  76  FA  
AA  FE  FC  B3  BE  0B  03  65  8D  55  0A  6D  24  24  00  02  00  00  00  00  00  00  00  00  00  
00  00  00  00  00  00  00  00  00  00  00  00  00  00  00  00  00  00  00  00  00  00  00  00  00  
00  6D  31  20  00  03  00  00  00  1A  BC  00  00  99  AB  FF  FF  B4  DE  00  00  EE  75  08  00  
34  8A  06  00  B8  24  70  FF  27  62  07  00  6D  32  24  00  03  00  00  00  58  55  0C  00  A8  
09  CD  7B  01  00  00  00  6A  08  1B  8D  05  00  00  00  00  00  00  00  03  00  00  00  01  00  
00  00  6D  33  10  00  03  00  00  00  E3  07  02  19  12  29  31  00  01  00  12  00  6D  34  14  
00  03  00  00  00  FA  44  03  00  57  69  FF  FF  51  2F  04  00  27  8B  07  00  6D  35  0C  00  
03  00  00  00  25  8D  01  00  28  12  07  00  41  53  F0  10  47  4E  00  00  50  83  02  00  00  
00  00  00  00  00  28  01  6D  15  14  00  02  01  00  00  03  04  03  00  00  00  00  00  00  00  
00  00  00  00  00  00  6D  16  10  00  03  00  00  00  00  E3  07  02  19  12  29  31  00  FB  01  
00  00  6D  21  1C  00  03  00  00  00  15  FF  FF  FF  55  FF  FF  FF  2C  00  00  00  05  00  00  
00  F1  FF  FF  FF  4D  00  00  00  6D  22  10  00  03  00  00  00  35  FE  FF  FF  29  02  00  00  
BC  00  06  00  00  6D  23  14  00  03  00  00  00  51  F1  AE  76  A7  53  FE  FC  82  75  0B  03  
2F  A4  55  0A  6D  24  24  00  02  00  00  00  00  00  00  00  00  00  00  00  00  00  00  00  00  
00  00  00  00  00  00  00  00  00  00  00  00  00  00  00  00  00  00  00  00  6D  31  20  00  03  
00  00  00  7F  0A  00  00  FF  52  FF  FF  5B  19  01  00  B0  11  08  00  9F  62  06  00  BF  91  
70  FF  37  61  07  00  6D  32  24  00  03  00  00  00  58  55  0C  00  A8  09  CD  7B  01  00  00  
00  6A  00  08  1B  8D  05  00  00  00  00  00  00  00  03  00  00  00  01  00  00  00  6D  33  10  
00  03  00  00  00  E3  07  02  19  12  29  31  00  01  00  12  00  6D  34  14  00  03  00  00  00  
93  48  03  00  26  5E  FF  FF  F3  3E  04  00  10  7A  07  00  6D  35  0C  00  03  00  00  21  47  
4E  00  00  51  83  02  00  00  00  00  00  00  00  28  01  6D  15  14  00  02  01  00  00  03  04  
03  00  00  00  00  00  00  00  00  00  00  00  00  00  6D  16  10  00  03  00  00  00  E3  07  02  
19  12  29  31  00  05  02  00  00  6D  21  1C  00  03  00  00  00  63  00  00  00  AF  00  00  00  
0F  00  00  00  05  00  00  00  FB  FF  FF  FF  42  00  00  00  6D  22  10  00  03  00  00  00  35  
FE  FF  FF  29  02  00  00  BC  06  00  00  6D  23  14  00  03  00  00  00  AA  EF  AE  76  B8  71  
FE  FC  4F  BE  0B  03  6F  AA  55  0A  6D  24  24  00  02  00  00  00  00  00  00  00  00  00  00  
00  00  00  00  00  00  00  00  00  00  00  00  00  00  00  00  00  00  00  00  00  00  00  00  00  
6D  31  20  00  03  00  00  00  F2  8C  00  00  26  DA  FF  FF  D6  0D  01  00  1D  14  08  00  4F  
8A  06  00  E3  67  70  FF  28  61  07  00  6D  32  24  00  03  00  00  00  58  55  0C  00  A8  09  
CD  7B  01  00  00  00  6A  08  1B  8D  05  00  00  00  00  00  00  00  03  00  00  00  01  00  00  
00  6D  33  10  00  03  00  00  00  E3  07  02  19  12  29  31  00  01  00  12  00  6D  34  14  00  
03  00  00  00  2D  48  03  00  A2  47  FF  FF  92  4E  04  00  4C  70  07  00  6D  35  0C  00  03  
00  00  00  22  8D  01  00  73  12  07  00  41  53  F7  F3  47  4E  00  00  52  83  02  00  00  00  
00  00  00  00  28  01  6D  15  14  00  02  01  00  00  03  04  03  00  00  00  00  00  00  00  00  
00  00  00  00  00  6D  16  10  00  03  00  00  00  00  E3  07  02  19  12  29  31  00  0F  02  00  
00  6D  21  1C  00  03  00  00  00  13  00  00  00  CD  FF  FF  FF  DA  FF  FF  FF  F7  FF  FF  FF  
E8  FF  FF  FF  39  00  00  00  6D  22  10  00  03  00  00  00  35  FE  FF  FF  29  02  00  00  BC  
00  06  00  00  6D  23  14  00  03  00  00  00  26  F1  AE  76  7B  78  FE  FC  6F  AC  0B  03  A5  
A0  55  0A  6D  24  24  00  02  00  00  00  00  00  00  00  00  00  00  00  00  00  00  00  00  00  
00  00  00  00  00  00  00  00  00  00  00  00  00  00  00  00  00  00  00  6D  31  20  00  03  00  
00  00  CA  6D  00  00  E4  81  FF  FF  5F  F9  00  00  B6  DE  07  00  59  3F  06  00  3A  45  70  
FF  99  61  07  00  6D  32  24  00  03  00  00  00  58  55  0C  00  A8  09  CD  7B  01  00  00  00  
6A  00  08  1B  8D  05  00  00  00  00  00  00  00  03  00  00  00  01  00  00  00  6D  33  10  00  
03  00  00  00  E3  07  02  19  12  29  31  00  01  00  12  00  6D  34  14  00  03  00  00  00  FA  
47  03  00  68  29  FF  FF  F3  3E  04  00  F4  D1  07  00  6D  35  0C  00  03  00  00  B8  47  4E  
00  00  53  83  02  00  00  00  00  00  00  00  28  01  6D  15  14  00  02  01  00  00  03  04  03  
00  00  00  00  00  00  00  00  00  00  00  00  00  6D  16  10  00  03  00  00  00  E3  07  02  19  
12  29  31  00  19  02  00  00  6D  21  1C  00  03  00  00  00  B3  FF  FF  FF  70  FF  FF  FF  F3  
00  00  00  F1  FF  FF  FF  FE  FF  FF  FF  32  00  00  00  6D  22  10  00  03  00  00  00  35  FE  
FF  FF  29  02  00  00  BD  06  00  00  6D  23  14  00  03  00  00  00  4D  E9  AE  76  EB  60  FE  
FC  7F  75  0B  03  19  04  56  0A  6D  24  24  00  02  00  00  00  00  00  00  00  00  00  00  00  
00  00  00  00  00  00  00  00  00  00  00  00  00  00  00  00  00  00  00  00  00  00  00  00  6D  
31  20  00  03  00  00  00  83  48  00  00  B0  5D  FF  FF  57  67  01  00  38  C7  07  00  27  93  
06  00  EE  26  70  FF  A8  61  07  00  6D  32  24  00  03  00  00  00  58  55  0C  00  A8  09  CD  
7B  01  00  00  00  6A  08  1B  8D  05  00  00  00  00  00  00  00  03  00  00  00  01  00  00  00  
6D  33  10  00  03  00  00  00  E3  07  02  19  12  29  31  00  01  00  12  00  6D  34  14  00  03  
00  00  00  5C  48  03  00  50  4B  FF  FF  F2  3E  04  00  93  F6  07  00  6D  35  0C  00  03  00  
00  00  00  2A  8D  01  00  28  12  07  00  41  53  19  46  47  4E  00  00  54  83  02  00  00  00  
00  00  00  00  28  01  6D  15  14  00  02  01  00  00  03  04  03  00  00  00  00  00  00  00  00  
00  00  00  00  00  6D  16  10  00  03  00  00  00  00  E3  07  02  19  12  29  31  00  23  02  00  
00  6D  21  1C  00  03  00  00  00  F6  00  00  00  45  00  00  00  28  00  00  00  00  00  00  00  
F5  FF  FF  FF  5B  00  00  00  6D  22  10  00  03  00  00  00  36  FE  FF  FF  29  02  00  00  BD  
00  06  00  00  6D  23  14  00  03  00  00  00  48  E9  AE  76  E9  BC  FE  FC  6F  9A  0B  03  2D  
14  56  0A  6D  24  24  00  02  00  00  00  00  00  00  00  00  00  00  00  00  00  00  00  00  00  
00  00  00  00  00  00  00  00  00  00  00  00  00  00  00  00  00  00  00  6D  31  20  00  03  00  
00  00  6A  C6  00  00  CB  B0  FF  FF  17  18  01  00  0A  01  08  00  DB  72  06  00  67  C9  70  
FF  3F  61  07  00  6D  32  24  00  03  00  00  00  58  55  0C  00  A8  09  CD  7B  01  00  00  00  
6A  08  1B  8D  05  00  00  00  00  69  47  4E  00  00  69  83  02  00  CA  BF  21  00  00  00  28  
01  6D  15  14  00  02  01  00  00  03  04  03  00  00  00  00  00  00  00  00  00  00  00  00  00  
6D  16  10  00  03  00  00  00  E3  07  02  19  12  29  31  00  F5  02  00  00  6D  21  1C  00  03  
00  00  00  29  01  00  00  F8  FF  FF  FF  27  00  00  00  17  00  00  00  0A  00  00  00  48  00  
00  00  6D  22  10  00  03  00  00  00  36  FE  FF  FF  28  02  00  00  BE  06  00  00  6D  23  14  
00  03  00  00  00  32  CF  AE  76  0A  41  FF  FC  B2  1A  0A  03  E7  D6  57  0A  6D  24  24  00  
02  00  00  00  00  00  00  00  00  00  00  00  00  00  00  00  00  00  00  00  00  00  00  00  00  
00  00  00  00  00  00  00  00  00  00  00  6D  31  20  00  03  00  00  00  2B  DB  00  00  CF  91  
FF  FF  10  18  01  00  B7  54  08  00  14  C2  06  00  24  7F  70  FF  02  62  07  00  6D  32  24  
00  03  00  00  00  94  50  0C  00  A8  09  CD  7B  01  00  00  00  7B  08  1B  8D  05  00  00  00  
00  00  00  00  FE  FF  FF  FF  02  00  00  00  6D  33  10  00  03  00  00  00  E3  07  02  19  12  
29  31  00  01  00  12  00  6D  34  14  00  03  00  00  00  E2  29  03  00  68  65  FF  FF  39  2F  
04  00  6C  BE  07  00  6D  35  0C  00  03  00  00  00  00  27  8D  01  00  41  12  07  00  41  53  
67  86  47  4E  00  00  6A  83  02  00  CE  20  00  00  00  00  28  01  6D  15  14  00  02  01  00  
00  03  04  03  00  00  00  00  00  00  00  00  00  00  00  00  00  6D  16  10  00  03  00  00  00  
E3  07  02  19  12  29  31  00  FF  02  00  00  6D  21  1C  00  03  00  00  00  F8  FE  FF  FF  65  
FF  FF  FF  F4  FF  FF  FF  F7  FF  FF  FF  EB  FF  FF  FF  55  00  00  00  6D  22  10  00  03  00  
00  00  36  FE  FF  FF  28  02  00  00  BE  06  00  00  6D  23  14  00  03  00  00  00  17  CE  AE  
76  AA  DF  FE  FC  3B  D7  09  03  25  DB  57  0A  6D  24  24  00  02  00  00  00  00  00  00  00  
00  00  00  00  00  00  00  00  00  00  00  00  00  00  00  00  00  00  00  00  00  00  00  00  00  
00  00  00  6D  31  20  00  03  00  00  00  F8  FF  FF  FF  32  58  FF  FF  7D  04  01  00  66  D9  
07  00  D6  4A  06  00  05  B0  70  FF  D5  61  07  00  6D  32  24  00  03  00  00  00  6E  4E  0C  
00  96  09  CD  7B  01  00  00  00  9E  08  1B  8D  05  00  00  00  00  29  31  00  01  00  12  00  
6D  34  14  00  03  00  00  00  A7  38  03  00  39  29  FF  FF  48  2F  04  00  E4  AA  07  00  6D  
35  0C  00  03  00  00  00  28  8D  01  00  73  12  07  00  41  53  B9  3E  47  4E  00  00  6B  83  
02  00  00  00  00  00  00  00  28  01  6D  15  14  00  02  01  00  00  03  04  03  00  00  00  00  
00  00  00  00  00  00  00  00  00  6D  16  10  00  03  00  00  00  E3  07  02  19  12  29  31  00  
09  03  00  00  6D  21  1C  00  03  00  00  00  DE  FE  FF  FF  4B  FF  FF  FF  1C  00  00  00  FE  
FF  FF  FF  22  00  00  00  4E  00  00  00  6D  22  10  00  03  00  00  00  35  FE  FF  FF  27  02  
00  00  BE  06  00  00  6D  23  14  00  03  00  00  00  A5  CB  AE  76  98  74  FE  FC  CC  88  09  
03  1A  EF  57  0A  6D  24  24  00  02  00  00  00  00  00  00  00  00  00  00  00  00  00  00  00  
00  00  00  00  00  00  00  00  00  00  00  00  00  00  00  00  00  00  00  00  6D  31  20  00  03  
00  00  00  7F  F5  FF  FF  CE  4D  FF  FF  44  14  01  00  77  F2  07  00  72  21  07  00  28  96  
70  FF  B7  61  07  00  6D  32  24  00  03  00  00  00  6E  4E  0C  00  96  09  CD  7B  01  00  00  
00  9E  08  1B  8D  05  00  00  00  00  00  00  00  00  00  00  00  02  00  00  00  6D  33  10  00  
03  00  00  00  E3  07  02  19  12  29  31  00  01  00  12  00  6D  34  14  00  03  00  00  00  60  
4F  03  00  E5  12  FF  FF  CB  46  04  00  E4  AA  07  00  6D  35  0C  00  03  00  00  00  27  8D  
01  00  28  12  07  00  41  53  6B  33  47  4E  00  00  6C  83  02  00  00  00  00  00  00  00  28  
01  6D  15  14  00  02  01  00  00  03  04  03  00  00  00  00  00  00  00  00  00  00  00  00  00  
6D  16  10  00  03  00  00  00  E3  07  02  19  12  29  31  00  13  03  00  00  6D  21  1C  00  03  
00  00  00  87  01  00  00  C0  00  00  00  D4  FF  FF  FF  F1  FF  FF  FF  EE  FF  FF  FF  3E  00  
00  00  6D  22  10  00  03  00  00  00  36  FE  FF  FF  28  02  00  00  BE  06  00  00  6D  23  14  
00  03  00  00  00  C5  CE  AE  76  1D  05  FF  FC  96  E1  09  03  2C  DB  57  0A  6D  24  24  00  
02  00  00  00  00  00  00  00  00  00  00  00  00  00  00  00  00  00  00  00  00  00  00  00  00  
00  00  00  00  00  00  00  00  00  00  00  6D  31  20  00  03  00  00  00  BC  FF  00  00  B0  DF  
FF  FF  45  F8  00  00  E8  BF  07  00  E1  53  06  00  8D  55  70  FF  4C  62  07  00  6D  32  24  
00  03  00  00  00  6E  4E  0C  00  96  09  CD  7B  01  00  00  00  9E  08  1B  8D  05  00  00  00  
00  00  00  00  00  00  00  00  02  00  00  00  6D  12  29  31  00  01  00  12  00  6D  34  14  00  
03  00  00  00  40  53  03  00  B5  16  FF  FF  B5  4A  04  00  A8  B4  07  00  6D  35  0C  00  03  
00  00  00  24  8D  01  00  73  12  07  00  41  53  04  77  47  4E  00  00  6D  83  02  00  00  00  
00  00  00  00  28  01  6D  15  14  00  02  01  00  00  03  04  03  00  00  00  00  00  00  00  00  
00  00  00  00  00  6D  16  10  00  03  00  00  00  E3  07  02  19  12  29  31  00  1D  03  00  00  
6D  21  1C  00  03  00  00  00  EC  FD  FF  FF  BE  00  00  00  01  00  00  00  F5  FF  FF  FF  FF  
FF  FF  FF  36  00  00  00  6D  22  10  00  03  00  00  00  35  FE  FF  FF  28  02  00  00  BE  06  
00  00  6D  23  14  00  03  00  00  00  65  C7  AE  76  86  2F  FE  FC  8E  1A  0A  03  F5  E0  57  
0A  6D  24  24  00  02  00  00  00  00  00  00  00  00  00  00  00  00  00  00  00  00  00  00  00  
00  00  00  00  00  00  00  00  00  00  00  00  00  00  00  00  6D  31  20  00  03  00  00  00  18  
97  FF  FF  E0  DE  FF  FF  C6  09  01  00  B2  D2  07  00  18  9A  06  00  31  37  70  FF  D5  61  
07  00  6D  32  24  00  03  00  00  00  6E  4E  0C  00  96  09  CD  7B  01  00  00  00  9E  08  1B  
8D  05  00  00  00  00  00  00  00  00  00  00  00  02  00  00  00  6D  33  10  00  03  00  00  00  
E3  07  02  19  12  29  31  00  01  00  12  00  6D  34  14  00  03  00  00  00  25  48  03  00  7A  
38  FF  FF  F3  3E  04  00  F4  D1  07  00  6D  35  0C  00  03  00  00  00  25  8D  01  00  5A  12  
07  00  41  53  76  F3  47  4E  00  00  6E  83  02  00  00  00  00  00  00  00  28  01  6D  15  14  
00  02  01  00  00  03  04  03  00  00  00  00  00  00  00  00  00  00  00  00  00  6D  16  10  00  
03  00  00  00  E3  07  02  19  12  29  31  00  27  03  00  00  6D  21  1C  00  03  00  00  00  BF  
00  00  00  8F  FF  FF  FF  83  00  00  00  04  00  00  00  E9  FF  FF  FF  66  00  00  00  6D  22  
10  00  03  00  00  00  35  FE  FF  FF  28  02  00  00  BE  06  00  00  6D  23  14  00  03  00  00  
00  9D  C5  AE  76  24  7E  FE  FC  97  F7  09  03  85  16  58  0A  6D  24  24  00  02  00  00  00  
00  00  00  00  00  00  00  00  00  00  00  00  00  00  00  00  00  00  00  00  00  00  00  00  00  
00  00  00  00  00  00  00  6D  31  20  00  03  00  00  00  40  B1  00  00  3F  68  FF  FF  FE  3C  
01  00  65  0C  08  00  03  44  06  00  59  F3  70  FF  D5  61  07  00  6D  32  24  00  03  00  00  
00  6E  4E  0C  00  96  09  CD  7B  01  00  00  00  9E  08  1B  8D  05  00  00  00  00  00  00  00  
00  00  00  00  02  00  00  00  12  29  31  00  01  00  12  00  6D  34  14  00  03  00  00  00  93  
85  03  00  95  0B  FF  FF  8C  2F  04  00  C8  02  08  00  6D  35  0C  00  03  00  00  00  28  8D  
01  00  BE  12  07  00  41  53  8E  30  47  4E  00  00  6F  83  02  00  00  00  00  00  00  00  28  
01  6D  15  14  00  02  01  00  00  03  04  03  00  00  00  00  00  00  00  00  00  00  00  00  00  
6D  16  10  00  03  00  00  00  E3  07  02  19  12  29  31  00  31  03  00  00  6D  21  1C  00  03  
00  00  00  7F  FF  FF  FF  31  FF  FF  FF  1A  00  00  00  FF  FF  FF  FF  EE  FF  FF  FF  4A  00  
00  00  6D  22  10  00  03  00  00  00  35  FE  FF  FF  27  02  00  00  BE  06  00  00  6D  23  14  
00  03  00  00  00  39  C5  AE  76  58  53  FE  FC  5F  A4  09  03  0B  27  58  0A  6D  24  24  00  
02  00  00  00  00  00  00  00  00  00  00  00  00  00  00  00  00  00  00  00  00  00  00  00  00  
00  00  00  00  00  00  00  00  00  00  00  6D  31  20  00  03  00  00  00  2E  34  00  00  94  43  
FF  FF  FA  13  01  00  E7  F7  07  00  4D  54  06  00  E3  83  70  FF  CD  61  07  00  6D  32  24  
00  03  00  00  00  6E  4E  0C  00  96  09  CD  7B  01  00  00  00  9E  08  1B  8D  05  00  00  00  
00  00  00  00  00  00  00  00  02  00  00  00  6D  33  10  00  03  00  00  00  E3  07  02  19  12  
29  31  00  01  00  12  00  6D  34  14  00  03  00  00  00  31  6E  03  00  8F  0B  FF  FF  E6  46  
04  00  C8  02  08  00  6D  35  0C  00  03  00  00  00  26  8D  01  00  8C  12  07  00  41  53  CC  
30  47  4E  00  00  70  83  02  00  00  00  00  00  00  00  28  01  6D  15  14  00  02  01  00  00  
03  04  03  00  00  00  00  00  00  00  00  00  00  00  00  00  6D  16  10  00  03  00  00  00  E3  
07  02  19  12  29  31  00  3B  03  00  00  6D  21  1C  00  03  00  00  00  C1  FF  FF  FF  A9  FF  
FF  FF  AC  00  00  00  F8  FF  FF  FF  F2  FF  FF  FF  2E  00  00  00  6D  22  10  00  03  00  00  
00  35  FE  FF  FF  27  02  00  00  BE  06  00  00  6D  23  14  00  03  00  00  00  7A  BF  AE  76  
D3  3F  FE  FC  14  83  09  03  0C  6D  58  0A  6D  24  24  00  02  00  00  00  00  00  00  00  00  
00  00  00  00  00  00  00  00  00  00  00  00  00  00  00  00  00  00  00  00  00  00  00  00  00  
00  00  6D  31  20  00  03  00  00  00  EA  4D  00  00  62  72  FF  FF  23  4D  01  00  86  DC  07  
00  B6  64  06  00  0D  19  70  FF  73  61  07  00  6D  32  24  00  03  00  00  00  6E  4E  0C  00  
96  09  CD  7B  01  00  00  00  9E  08  1B  8D  05  00  00  00  00  00  00  00  00  00  00  00  02  
00  00  00  02  19  12  29  31  00  01  00  12  00  6D  34  14  00  03  00  00  00  DF  5E  03  00  
C3  16  FF  FF  D8  46  04  00  9A  E0  07  00  6D  35  0C  00  03  00  00  00  25  8D  01  00  28  
12  07  00  41  53  43  9C  47  4E  00  00  71  83  02  00  00  00  00  00  00  00  28  01  6D  15  
14  00  02  01  00  00  03  04  03  00  00  00  00  00  00  00  00  00  00  00  00  00  6D  16  10  
00  03  00  00  00  E3  07  02  19  12  29  31  00  45  03  00  00  6D  21  1C  00  03  00  00  00  
5A  FE  FF  FF  80  FF  FF  FF  5F  FF  FF  FF  E2  FF  FF  FF  F6  FF  FF  FF  4A  00  00  00  6D  
22  10  00  03  00  00  00  35  FE  FF  FF  27  02  00  00  BE  06  00  00  6D  23  14  00  03  00  
00  00  E7  C1  AE  76  AC  9F  FD  FC  82  42  09  03  9E  35  58  0A  6D  24  24  00  02  00  00  
00  00  00  00  00  00  00  00  00  00  00  00  00  00  00  00  00  00  00  00  00  00  00  00  00  
00  00  00  00  00  00  00  00  6D  31  20  00  03  00  00  00  6F  C1  FF  FF  6F  62  FF  FF  46  
CB  00  00  88  87  07  00  91  76  06  00  EA  83  70  FF  79  62  07  00  6D  32  24  00  03  00  
00  00  6E  4E  0C  00  96  09  CD  7B  01  00  00  00  9E  08  1B  8D  05  00  00  00  00  00  00  
00  00  00  00  00  02  00  00  00  6D  33  10  00  03  00  00  00  E3  07  02  19  12  29  31  00  
01  00  12  00  6D  34  14  00  03  00  00  00  49  48  03  00  64  38  FF  FF  55  2F  04  00  10  
7A  07  00  6D  35  0C  00  03  00  00  00  26  8D  01  00  5A  12  07  00  41  53  DE  F3  47  4E  
00  00  72  83  02  00  00  00  00  00  00  00  28  01  6D  15  14  00  02  01  00  00  03  04  03  
00  00  00  00  00  00  00  00  00  00  00  00  00  6D  16  10  00  03  00  00  00  E3  07  02  19  
12  29  31  00  4F  03  00  00  6D  21  1C  00  03  00  00  00  7C  01  00  00  06  00  00  00  C5  
FF  FF  FF  F8  FF  FF  FF  F5  FF  FF  FF  2A  00  00  00  6D  22  10  00  03  00  00  00  35  FE  
FF  FF  27  02  00  00  BE  06  00  00  6D  23  14  00  03  00  00  00  9B  C7  AE  76  09  34  FE  
FC  DE  51  09  03  D4  1A  58  0A  6D  24  24  00  02  00  00  00  00  00  00  00  00  00  00  00  
00  00  00  00  00  00  00  00  00  00  00  00  00  00  00  00  00  00  00  00  00  00  00  00  6D  
31  20  00  03  00  00  00  EB  FA  00  00  EC  96  FF  FF  5D  F3  00  00  38  DA  07  00  B1  72  
06  00  CA  08  70  FF  73  61  07  00  6D  32  24  00  03  00  00  00  6E  4E  0C  00  96  09  CD  
7B  01  00  00  00  9E  08  1B  8D  05  00  00  00  00  00  00  00  00  00  00  00  02  00  02  19  
12  29  31  00  01  00  12  00  6D  34  14  00  03  00  00  00  1D  29  03  00  D1  0A  FF  FF  05  
10  04  00  10  7A  07  00  6D  35  0C  00  03  00  00  00  27  8D  01  00  8C  12  07  00  41  53  
91  B4  47  4E  00  00  73  83  02  00  00  00  00  00  00  00  28  01  6D  15  14  00  02  01  00  
00  03  04  03  00  00  00  00  00  00  00  00  00  00  00  00  00  6D  16  10  00  03  00  00  00  
E3  07  02  19  12  29  31  00  59  03  00  00  6D  21  1C  00  03  00  00  00  F8  FF  FF  FF  98  
00  00  00  C7  FF  FF  FF  F9  FF  FF  FF  ED  FF  FF  FF  48  00  00  00  6D  22  10  00  03  00  
00  00  35  FE  FF  FF  27  02  00  00  BE  06  00  00  6D  23  14  00  03  00  00  00  32  C8  AE  
76  DB  2C  FE  FC  00  8C  09  03  E0  00  58  0A  6D  24  24  00  02  00  00  00  00  00  00  00  
00  00  00  00  00  00  00  00  00  00  00  00  00  00  00  00  00  00  00  00  00  00  00  00  00  
00  00  00  6D  31  20  00  03  00  00  00  39  63  00  00  A9  CF  FF  FF  F6  F3  00  00  65  DE  
07  00  FC  51  06  00  39  7F  70  FF  8A  61  07  00  6D  32  24  00  03  00  00  00  6E  4E  0C  
00  96  09  CD  7B  01  00  00  00  9E  08  1B  8D  05  00  00  00  00  00  00  00  00  00  00  00  
02  00  00  00  6D  33  10  00  03  00  00  00  E3  07  02  19  12  29  31  00  01  00  12  00  6D  
34  14  00  03  00  00  00  FA  4B  03  00  22  2D  FF  FF  41  33  04  00  B6  88  07  00  6D  35  
0C  00  03  00  00  00  2B  8D  01  00  8C  12  07  00  41  53  10  1F  47  4E  00  00  74  83  02  
00  00  00  00  00  00  00  28  01  6D  15  14  00  02  01  00  00  03  04  03  00  00  00  00  00  
00  00  00  00  00  00  00  00  6D  16  10  00  03  00  00  00  E3  07  02  19  12  29  31  00  63  
03  00  00  6D  21  1C  00  03  00  00  00  D0  FF  FF  FF  2E  00  00  00  BA  FF  FF  FF  FC  FF  
FF  FF  08  00  00  00  51  00  00  00  6D  22  10  00  03  00  00  00  35  FE  FF  FF  27  02  00  
00  BE  06  00  00  6D  23  14  00  03  00  00  00  02  CA  AE  76  1F  1A  FE  FC  20  9B  09  03  
31  E2  57  0A  6D  24  24  00  02  00  00  00  00  00  00  00  00  00  00  00  00  00  00  00  00  
00  00  00  00  00  00  00  00  00  00  00  00  00  00  00  00  00  00  00  6D  31  20  00  03  00  
00  00  B8  53  00  00  1D  A6  FF  FF  F5  EE  00  00  F1  EB  07  00  08  BB  06  00  DF  A1  70  
FF  4E  61  07  00  6D  32  24  00  03  00  00  00  26  4B  0C  00  A8  09  CD  7B  01  00  00  00  
9E  08  1B  8D  05  00  00  00  03  00  00  00  FB  FF  FF  FF  03  00  02  19  12  29  31  00  01  
00  12  00  6D  34  14  00  03  00  00  00  FD  47  03  00  98  25  FF  FF  25  37  04  00  AF  9E  
07  00  6D  35  0C  00  03  00  00  00  2A  8D  01  00  5A  12  07  00  41  53  73  A4  47  4E  00  
00  75  83  02  00  00  00  00  00  00  00  28  01  6D  15  14  00  02  01  00  00  03  04  03  00  
00  00  00  00  00  00  00  00  00  00  00  00  6D  16  10  00  03  00  00  00  E3  07  02  19  12  
29  31  00  6D  03  00  00  6D  21  1C  00  03  00  00  00  E7  01  00  00  64  00  00  00  14  00  
00  00  FA  FF  FF  FF  F9  FF  FF  FF  38  00  00  00  6D  22  10  00  03  00  00  00  36  FE  FF  
FF  28  02  00  00  BE  06  00  00  6D  23  14  00  03  00  00  00  4E  CD  AE  76  CF  D5  FE  FC  
01  D3  09  03  86  E2  57  0A  6D  24  24  00  02  00  00  00  00  00  00  00  00  00  00  00  00  
00  00  00  00  00  00  00  00  00  00  00  00  00  00  00  00  00  00  00  00  00  00  00  6D  31  
20  00  03  00  00  00  56  24  01  00  69  BB  FF  FF  5D  12  01  00  11  E3  07  00  86  80  06  
00  87  40  70  FF  D5  61  07  00  6D  32  24  00  03  00  00  00  26  4B  0C  00  A8  09  CD  7B  
01  00  00  00  9E  08  1B  8D  05  00  00  00  03  00  00  00  FB  FF  FF  FF  03  00  00  00  6D  
33  10  00  03  00  00  00  E3  07  02  19  12  29  31  00  01  00  12  00  6D  34  14  00  03  00  
00  00  27  19  03  00  A8  EC  FE  FF  92  1F  04  00  F4  D1  07  00  6D  35  0C  00  03  00  00  
00  22  8D  01  00  28  12  00  07  00  41  53  DD  5F  47  4E  00  00  76  83  02  00  00  00  00  
00  00  00  28  01  6D  15  14  00  02  01  00  00  03  04  03  00  00  00  00  00  00  00  00  00  
00  00  00  00  6D  16  10  00  03  00  00  00  E3  07  02  19  12  29  31  00  77  03  00  00  6D  
21  1C  00  03  00  00  00  4B  FF  FF  FF  EC  FF  FF  FF  0B  00  00  00  03  00  00  00  07  00  
00  00  6B  00  00  00  6D  22  10  00  03  00  00  00  35  FE  FF  FF  28  02  00  00  BE  06  00  
00  6D  23  14  00  03  00  00  00  83  CB  AE  76  CD  91  FE  FC  42  C5  09  03  59  E7  57  0A  
6D  24  24  00  02  00  00  00  00  00  00  00  00  00  00  00  00  00  00  00  00  00  00  00  00  
00  00  00  00  00  00  00  00  00  00  00  00  00  00  00  6D  31  20  00  03  00  00  00  3D  1F  
00  00  1F  8C  FF  FF  A0  0E  01  00  5F  07  08  00  58  B6  06  00  08  08  71  FF  82  61  07  
00  6D  32  24  00  03  00  00  00  26  4B  0C  00  A8  09  CD  7B  01  00  00  00  9E  08  1B  8D  
05  00  00  00  03  00  00  00  FB  FF  FF  FF  03  00  12  29  31  00  01  00  12  00  6D  34  14  
00  03  00  00  00  4C  76  03  00  8D  1A  FF  FF  7E  2F  04  00  04  F9  07  00  6D  35  0C  00  
03  00  00  00  22  8D  01  00  28  12  07  00  41  53  CC  0D  47  4E  00  00  77  83  02  00  00  
00  00  00  00  00  28  01  6D  15  14  00  02  01  00  00  03  04  03  00  00  00  00  00  00  00  
00  00  00  00  00  00  6D  16  10  00  03  00  00  00  E3  07  02  19  12  29  31  00  81  03  00  
00  6D  21  1C  00  03  00  00  00  7F  00  00  00  C5  FF  FF  FF  B9  FF  FF  FF  FD  FF  FF  FF  
0C  00  00  00  37  00  00  00  6D  22  10  00  03  00  00  00  35  FE  FF  FF  27  02  00  00  BE  
06  00  00  6D  23  14  00  03  00  00  00  F7  CF  AE  76  4F  C4  FE  FC  A0  B1  09  03  B6  C8  
57  0A  6D  24  24  00  02  00  00  00  00  00  00  00  00  00  00  00  00  00  00  00  00  00  00  
00  00  00  00  00  00  00  00  00  00  00  00  00  00  00  00  00  6D  31  20  00  03  00  00  00  
79  97  00  00  DC  7C  FF  FF  AE  EE  00  00  41  EE  07  00  E9  CA  06  00  D6  3B  70  FF  54  
62  07  00  6D  32  24  00  03  00  00  00  26  4B  0C  00  A8  09  CD  7B  01  00  00  00  9E  08  
1B  8D  05  00  00  00  03  00  00  00  FB  FF  FF  FF  03  00  00  00  6D  33  10  00  03  00  00  
00  E3  07  02  19  12  29  31  00  01  00  12  00  6D  34  14  00  03  00  00  00  C8  5F  03  00  
47  5E  FF  FF  1F  3B  04  00  65  D4  07  00  6D  35  0C  00  03  00  00  00  27  8D  01  00  28  
12  07  00  41  53  D4  3B  47  4E  00  00  78  83  02  00  00  00  00  00  00  00  28  01  6D  15  
14  00  02  01  00  00  03  04  03  00  00  00  00  00  00  00  00  00  00  00  00  00  6D  16  10  
00  03  00  00  00  E3  07  02  19  12  29  31  00  8B  03  00  00  6D  21  1C  00  03  00  00  00  
8B  00  00  00  E0  FF  FF  FF  09  00  00  00  05  00  00  00  F7  FF  FF  FF  3B  00  00  00  6D  
22  10  00  03  00  00  00  36  FE  FF  FF  27  02  00  00  BE  06  00  00  6D  23  14  00  03  00  
00  00  67  D1  AE  76  FA  FB  FE  FC  41  AA  09  03  8D  CA  57  0A  6D  24  24  00  02  00  00  
00  00  00  00  00  00  00  00  00  00  00  00  00  00  00  00  00  00  00  00  00  00  00  00  00  
00  00  00  00  00  00  00  00  6D  31  20  00  03  00  00  00  61  9C  00  00  58  87  FF  FF  F0  
0D  01  00  0D  0F  08  00  0A  77  06  00  E9  49  70  FF  79  62  07  00  6D  32  24  00  03  00  
00  00  26  4B  0C  00  A8  09  CD  7B  01  00  00  00  9E  08  1B  8D  05  00  00  00  03  00  00  
00  FB  FF  FF  FF  03  00  00  00  02  19  12  29  31  00  01  00  12  00  6D  34  14  00  03  00  
00  00  42  50  03  00  38  5E  FF  FF  E0  42  04  00  4E  C3  07  00  6D  35  0C  00  03  00  00  
00  24  8D  01  00  28  12  07  00  41  53  BE  01  47  4E  00  00  79  83  02  00  00  00  00  00  
00  00  28  01  6D  15  14  00  02  01  00  00  03  04  03  00  00  00  00  00  00  00  00  00  00  
00  00  00  6D  16  10  00  03  00  00  00  E3  07  02  19  12  29  31  00  95  03  00  00  6D  21  
1C  00  03  00  00  00  DE  FF  FF  FF  FE  FE  FF  FF  0A  00  00  00  02  00  00  00  FD  FF  FF  
FF  5D  00  00  00  6D  22  10  00  03  00  00  00  36  FE  FF  FF  27  02  00  00  BE  06  00  00  
6D  23  14  00  03  00  00  00  45  D3  AE  76  B4  F7  FE  FC  4D  45  09  03  8A  D1  57  0A  6D  
24  24  00  02  00  00  00  00  00  00  00  00  00  00  00  00  00  00  00  00  00  00  00  00  00  
00  00  00  00  00  00  00  00  00  00  00  00  00  00  6D  31  20  00  03  00  00  00  A9  58  00  
00  FD  2E  FF  FF  8B  0E  01  00  A5  02  08  00  9A  90  06  00  83  D0  70  FF  81  62  07  00  
6D  32  24  00  03  00  00  00  26  4B  0C  00  A8  09  CD  7B  01  00  00  00  9E  08  1B  8D  05  
00  00  00  03  00  00  00  FB  FF  FF  FF  03  00  00  00  6D  33  10  00  03  00  00  00  E3  07  
02  19  12  29  31  00  01  00  12  00  6D  34  14  00  03  00  00  00  35  38  03  00  52  1A  FF  
FF  85  4E  04  00  A8  B4  07  00  6D  35  0C  00  03  00  00  00  27  8D  01  00  C4  11  07  00  
41  53  D3  D1  47  4E  00  00  7A  83  02  00  00  00  00  00  00  00  28  01  6D  15  14  00  02  
01  00  00  03  04  03  00  00  00  00  00  00  00  00  00  00  00  00  00  6D  16  10  00  03  00  
00  00  E3  07  02  19  12  29  31  00  9F  03  00  00  6D  21  1C  00  03  00  00  00  D2  FF  FF  
FF  ED  FF  FF  FF  77  FF  FF  FF  F4  FF  FF  FF  E1  FF  FF  FF  5D  00  00  00  6D  22  10  00  
03  00  00  00  36  FE  FF  FF  27  02  00  00  BE  06  00  00  6D  23  14  00  03  00  00  00  7B  
D7  AE  76  62  E5  FE  FC  CF  3B  09  03  AC  9E  57  0A  6D  24  24  00  02  00  00  00  00  00  
00  00  00  00  00  00  00  00  00  00  00  00  00  00  00  00  00  00  00  00  00  00  00  00  00  
00  00  00  00  00  6D  31  20  00  03  00  00  00  01  54  00  00  17  8C  FF  FF  F8  D4  00  00  
BE  CB  07  00  26  21  06  00  2A  CE  70  FF  19  61  07  00  6D  32  24  00  03  00  00  00  26  
4B  0C  00  A8  09  CD  7B  01  00  00  00  9E  08  1B  8D  05  00  00  00  03  00  00  00  FB  FF  
FF  FF  03  00  07  02  19  12  29  31  00  01  00  12  00  6D  34  14  00  03  00  00  00  12  67  
03  00  D4  47  FF  FF  AD  4E  04  00  8C  0C  08  00  6D  35  0C  00  03  00  00  00  23  8D  01  
00  5A  12  07  00  41  53  B3  B4  47  4E  00  00  7B  83  02  00  00  00  00  00  00  00  28  01  
6D  15  14  00  02  01  00  00  03  04  03  00  00  00  00  00  00  00  00  00  00  00  00  00  6D  
16  10  00  03  00  00  00  E3  07  02  19  12  29  31  00  A9  03  00  00  6D  21  1C  00  03  00  
00  00  B5  FF  FF  FF  4E  FF  FF  FF  40  00  00  00  03  00  00  00  FD  FF  FF  FF  06  00  00  
00  6D  22  10  00  03  00  00  00  35  FE  FF  FF  27  02  00  00  BE  06  00  00  6D  23  14  00  
03  00  00  00  5E  D6  AE  76  4A  D0  FE  FC  3B  F5  08  03  09  BA  57  0A  6D  24  24  00  02  
00  00  00  00  00  00  00  00  00  00  00  00  00  00  00  00  00  00  00  00  00  00  00  00  00  
00  00  00  00  00  00  00  00  00  00  6D  31  20  00  03  00  00  00  0D  49  00  00  FB  4D  FF  
FF  7B  23  01  00  18  07  08  00  D8  8E  06  00  27  7B  6F  FF  7B  61  07  00  6D  32  24  00  
03  00  00  00  26  4B  0C  00  A8  09  CD  7B  01  00  00  00  9E  08  1B  8D  05  00  00  00  03  
00  00  00  FB  FF  FF  FF  03  00  00  00  6D  33  10  00  03  00  00  00  E3  07  02  19  12  29  
31  00  01  00  12  00  6D  34  14  00  03  00  00  00  B2  57  03  00  B0  47  FF  FF  D0  46  04  
00  22  F4  07  00  6D  35  0C  00  03  00  00  00  24  8D  01  00  5A  12  07  00  41  53  76  0A  
47  4E  00  00  7C  83  02  00  00  00  00  00  00  00  28  01  6D  15  14  00  02  01  00  00  03  
04  03  00  00  00  00  00  00  00  00  00  00  00  00  00  6D  16  10  00  03  00  00  00  E3  07  
02  19  12  29  31  00  B3  03  00  00  6D  21  1C  00  03  00  00  00  A5  00  00  00  23  00  00  
00  31  00  00  00  FD  FF  FF  FF  FD  FF  FF  FF  45  00  00  00  6D  22  10  00  03  00  00  00  
36  FE  FF  FF  27  02  00  00  BE  06  00  00  6D  23  14  00  03  00  00  00  DA  D5  AE  76  DB  
10  FF  FC  02  0A  09  03  98  CC  57  0A  6D  24  24  00  02  00  00  00  00  00  00  00  00  00  
00  00  00  00  00  00  00  00  00  00  00  00  00  00  00  00  00  00  00  00  00  00  00  00  00  
00  6D  31  20  00  03  00  00  00  D0  A6  00  00  48  A1  FF  FF  80  1D  01  00  3F  EE  07  00  
B0  90  06  00  9D  73  70  FF  36  62  07  00  6D  32  24  00  03  00  00  00  26  4B  0C  00  A8  
09  CD  7B  01  00  00  00  9E  08  1B  8D  05  00  00  00  03  00  00  00  FB  FF  FF  FF  03  02  
19  12  29  31  00  01  00  12  00  6D  34  14  00  03  00  00  00  C4  3C  03  00  3E  4B  FF  FF  
E8  3E  04  00  CF  EC  07  00  6D  35  0C  00  03  00  00  00  2A  8D  01  00  73  12  07  00  41  
53  3C  20  47  4E  00  00  7D  83  02  00  00  00  00  00  00  00  28  01  6D  15  14  00  02  01  
00  00  03  04  03  00  00  00  00  00  00  00  00  00  00  00  00  00  6D  16  10  00  03  00  00  
00  E3  07  02  19  12  29  31  00  BD  03  00  00  6D  21  1C  00  03  00  00  00  CC  01  00  00  
9F  FF  FF  FF  3D  00  00  00  FC  FF  FF  FF  F5  FF  FF  FF  4F  00  00  00  6D  22  10  00  03  
00  00  00  36  FE  FF  FF  27  02  00  00  BE  06  00  00  6D  23  14  00  03  00  00  00  29  D9  
AE  76  FE  C8  FF  FC  4E  F5  08  03  28  E2  57  0A  6D  24  24  00  02  00  00  00  00  00  00  
00  00  00  00  00  00  00  00  00  00  00  00  00  00  00  00  00  00  00  00  00  00  00  00  00  
00  00  00  00  6D  31  20  00  03  00  00  00  11  1A  01  00  84  6D  FF  FF  5B  22  01  00  E7  
E9  07  00  64  70  06  00  B0  98  70  FF  64  61  07  00  6D  32  24  00  03  00  00  00  26  4B  
0C  00  A8  09  CD  7B  01  00  00  00  9E  08  1B  8D  05  00  00  00  03  00  00  00  FB  FF  FF  
FF  03  00  00  00  6D  33  10  00  03  00  00  00  E3  07  02  19  12  29  31  00  01  00  12  00  
6D  34  14  00  03  00  00  00  1C  1A  03  00  53  56  FF  FF  C9  3E  04  00  14  20  08  00  6D  
35  0C  00  03  00  00  00  25  8D  01  00  28  12  07  00  41  53  56  ED  47  4E  00  00  7E  83  
02  00  00  00  00  00  00  00  28  01  6D  15  14  00  02  01  00  00  03  04  03  00  00  00  00  
00  00  00  00  00  00  00  00  00  6D  16  10  00  03  00  00  00  E3  07  02  19  12  29  31  00  
C7  03  00  00  6D  21  1C  00  03  00  00  00  3A  00  00  00  D0  00  00  00  FB  FF  FF  FF  F5  
FF  FF  FF  E9  FF  FF  FF  1C  00  00  00  6D  22  10  00  03  00  00  00  36  FE  FF  FF  27  02  
00  00  BE  06  00  00  6D  23  14  00  03  00  00  00  BF  D7  AE  76  87  D9  FF  FC  C2  48  09  
03  AC  DE  57  0A  6D  24  24  00  02  00  00  00  00  00  00  00  00  00  00  00  00  00  00  00  
00  00  00  00  00  00  00  00  00  00  00  00  00  00  00  00  00  00  00  00  6D  31  20  00  03  
00  00  00  EF  7C  00  00  9C  E4  FF  FF  8F  08  01  00  9C  CE  07  00  F7  3E  06  00  96  D3  
6F  FF  54  62  07  00  6D  32  24  00  03  00  00  00  F6  48  0C  00  96  09  CD  7B  01  00  00  
00  E4  08  1B  8D  05  00  00  00  00  00  00  00  05  00  00  00  02  00  00  E3  07  02  19  12  
29  31  00  01  00  12  00  6D  34  14  00  03  00  00  00  E5  38  03  00  9B  56  FF  FF  83  4E  
04  00  B8  DB  07  00  6D  35  0C  00  03  00  00  00  23  8D  01  00  28  12  07  00  41  53  84  
97  47  4E  00  00  7F  83  02  00  00  00  00  00  00  00  28  01  6D  15  14  00  02  01  00  00  
03  04  03  00  00  00  00  00  00  00  00  00  00  00  00  00  6D  16  10  00  03  00  00  00  E3  
07  02  19  12  29  31  00  D1  03  00  00  6D  21  1C  00  03  00  00  00  6E  01  00  00  EF  FF  
FF  FF  ED  FF  FF  FF  FB  FF  FF  FF  DB  FF  FF  FF  4E  00  00  00  6D  22  10  00  03  00  00  
00  37  FE  FF  FF  27  02  00  00  BE  06  00  00  6D  23  14  00  03  00  00  00  21  DC  AE  76  
00  6B  00  FD  0D  4F  09  03  C1  D4  57  0A  6D  24  24  00  02  00  00  00  00  00  00  00  00  
00  00  00  00  00  00  00  00  00  00  00  00  00  00  00  00  00  00  00  00  00  00  00  00  00  
00  00  6D  31  20  00  03  00  00  00  8D  F5  00  00  93  8C  FF  FF  20  03  01  00  82  E5  07  
00  B6  09  06  00  3C  94  70  FF  99  61  07  00  6D  32  24  00  03  00  00  00  F6  48  0C  00  
96  09  CD  7B  01  00  00  00  E4  08  1B  8D  05  00  00  00  00  00  00  00  05  00  00  00  02  
00  00  00  6D  33  10  00  03  00  00  00  E3  07  02  19  12  29  31  00  01  00  12  00  6D  34  
14  00  03  00  00  00  6A  29  03  00  EE  4E  FF  FF  A6  46  04  00  B8  DB  07  00  6D  35  0C  
00  03  00  00  00  27  8D  01  00  41  12  07  00  41  53  80  C3  47  4E  00  00  80  83  02  00  
AA  AA  AA  AA  00  00  28  01  6D  15  14  00  02  01  00  00  03  04  03  00  00  00  00  00  00  
00  00  00  00  00  00  00  6D  16  10  00  03  00  00  00  E3  07  02  19  12  29  31  00  DB  03  
00  00  6D  21  1C  00  03  00  00  00  63  00  00  00  FB  FF  FF  FF  82  00  00  00  F9  FF  FF  
FF  14  00  00  00  3C  00  00  00  6D  22  10  00  03  00  00  00  37  FE  FF  FF  27  02  00  00  
BE  06  00  00  6D  23  14  00  03  00  00  00  E4  D8  AE  76  46  95  00  FD  42  52  09  03  34  
05  58  0A  6D  24  24  00  02  00  00  00  00  00  00  00  00  00  00  00  00  00  00  00  00  00  
00  00  00  00  00  00  00  00  00  00  00  00  00  00  00  00  00  00  6D  31  20  00  03  00  00  
00  E0  8C  00  00  87  91  FF  FF  17  3D  01  00  7A  DE  07  00  3A  E5  06  00  7A  50  70  FF  
B8  60  07  00  6D  32  24  00  03  00  00  00  F6  48  0C  00  96  09  CD  7B  01  00  00  00  E4  
08  1B  8D  05  00  00  00  00  00  00  00  05  00  00  E3  07  02  19  12  29  31  00  01  00  12  
00  6D  34  14  00  03  00  00  00  89  21  03  00  00  3C  FF  FF  D0  3E  04  00  65  D4  07  00  
6D  35  0C  00  03  00  00  00  2A  8D  01  00  8C  12  07  00  41  53  64  04  47  4E  00  00  81  
83  02  00  02  03  90  01  00  00  28  01  6D  15  14  00  02  01  00  00  03  04  03  00  00  00  
00  00  00  00  00  00  00  00  00  00  6D  16  10  00  03  00  00  00  E3  07  02  19  12  29  31  
00  E5  03  00  00  6D  21  1C  00  03  00  00  00  39  01  00  00  24  00  00  00  3D  00  00  00  
F5  FF  FF  FF  01  00  00  00  4A  00  00  00  6D  22  10  00  03  00  00  00  37  FE  FF  FF  27  
02  00  00  BE  06  00  00  6D  23  14  00  03  00  00  00  C8  D9  AE  76  B6  0F  01  FD  5A  6B  
09  03  1B  17  58  0A  6D  24  24  00  02  00  00  00  00  00  00  00  00  00  00  00  00  00  00  
00  00  00  00  00  00  00  00  00  00  00  00  00  00  00  00  00  00  00  00  00  6D  31  20  00  
03  00  00  00  90  E0  00  00  44  A1  FF  FF  7F  22  01  00  F9  CD  07  00  BC  9C  06  00  05  
86  70  FF  19  61  07  00  6D  32  24  00  03  00  00  00  F6  48  0C  00  96  09  CD  7B  01  00  
00  00  E4  08  1B  8D  05  00  00  00  00  00  00  00  05  00  00  00  02  00  00  00  6D  33  10  
00  03  00  00  00  E3  07  02  19  12  29  31  00  01  00  12  00  6D  34  14  00  03  00  00  00  
58  38  03  00  3D  1A  FF  FF  E6  3E  04  00  6C  BE  07  00  6D  35  0C  00  03  00  00  00  27  
8D  01  00  41  12  07  00  41  53  CF  26  47  4E  00  00  82  83  02  00  04  00  01  00  00  00  
28  01  6D  15  14  00  02  01  00  00  03  04  03  00  00  00  00  00  00  00  00  00  00  00  00  
00  6D  16  10  00  03  00  00  00  E3  07  02  19  12  29  32  00  07  00  00  00  6D  21  1C  00  
03  00  00  00  A8  FF  FF  FF  9E  FF  FF  FF  EF  FF  FF  FF  05  00  00  00  F9  FF  FF  FF  3B  
00  00  00  6D  22  10  00  03  00  00  00  37  FE  FF  FF  27  02  00  00  BE  06  00  00  6D  23  
14  00  03  00  00  00  CB  DA  AE  76  35  F2  00  FD  EB  41  09  03  1E  0F  58  0A  6D  24  24  
00  02  00  00  00  00  00  00  00  00  00  00  00  00  00  00  00  00  00  00  00  00  00  00  00  
00  00  00  00  00  00  00  00  00  00  00  00  6D  31  20  00  03  00  00  00  27  44  00  00  FD  
6C  FF  FF  27  04  01  00  7E  0D  08  00  7A  7C  06  00  01  4C  70  FF  C7  60  07  00  6D  32  
24  00  03  00  00  00  F6  48  0C  00  96  09  CD  7B  01  00  00  00  E4  08  1B  8D  05  00  00  
00  00  00  00  00  05  00  00  00  E3  07  02  19  12  29  31  00  01  00  12  00  6D  34  14  00  
03  00  00  00  11  39  03  00  AD  65  FF  FF  83  4E  04  00  70  64  08  00  6D  35  0C  00  03  
00  00  00  29  8D  01  00  28  12  07  00  41  53  6E  77  47  4E  00  00  83  83  02  00  C0  C6  
2D  00  00  00  28  01  6D  15  14  00  02  01  00  00  03  04  03  00  00  00  00  00  00  00  00  
00  00  00  00  00  6D  16  10  00  03  00  00  00  E3  07  02  19  12  29  32  00  11  00  00  00  
6D  21  1C  00  03  00  00  00  03  01  00  00  0A  00  00  00  30  00  00  00  F4  FF  FF  FF  09  
00  00  00  2D  00  00  00  6D  22  10  00  03  00  00  00  37  FE  FF  FF  27  02  00  00  BE  06  
00  00  6D  23  14  00  03  00  00  00  C9  DB  AE  76  3C  58  01  FD  38  4F  09  03  57  1D  58  
0A  6D  24  24  00  02  00  00  00  00  00  00  00  00  00  00  00  00  00  00  00  00  00  00  00  
00  00  00  00  00  00  00  00  00  00  00  00  00  00  00  00  6D  31  20  00  03  00  00  00  6E  
CB  00  00  F5  96  FF  FF  55  1D  01  00  A9  CB  07  00  A4  BA  06  00  09  12  70  FF  02  62  
07  00  6D  32  24  00  03  00  00  00  F6  48  0C  00  96  09  CD  7B  01  00  00  00  E4  08  1B  
8D  05  00  00  00  00  00  00  00  05  00  00  00  02  00  00  00  6D  33  10  00  03  00  00  00  
E3  07  02  19  12  29  31  00  01  00  12  00  6D  34  14  00  03  00  00  00  56  40  03  00  E5  
30  FF  FF  ED  3E  04  00  AA  07  08  00  6D  35  0C  00  03  00  00  00  2A  8D  01  00  28  12  
07  00  41  53  B3  09  47  4E  00  00  84  83  02  00  00  10  0E  00  00  00  28  01  6D  15  14  
00  02  01  00  00  03  04  03  00  00  00  00  00  00  00  00  00  00  00  00  00  6D  16  10  00  
03  00  00  00  E3  07  02  19  12  29  32  00  1B  00  00  00  6D  21  1C  00  03  00  00  00  55  
00  00  00  D5  FF  FF  FF  3E  00  00  00  E5  FF  FF  FF  F3  FF  FF  FF  3D  00  00  00  6D  22  
10  00  03  00  00  00  37  FE  FF  FF  27  02  00  00  BE  06  00  00  6D  23  14  00  03  00  00  
00  61  DB  AE  76  BC  7C  01  FD  5B  41  09  03  AA  30  58  0A  6D  24  24  00  02  00  00  00  
00  00  00  00  00  00  00  00  00  00  00  00  00  00  00  00  00  00  00  00  00  00  00  00  00  
00  00  00  00  00  00  00  6D  31  20  00  03  00  00  00  82  87  00  00  11  82  FF  FF  FB  22  
01  00  0B  8F  07  00  29  64  06  00  D6  50  70  FF  02  62  07  00  6D  32  24  00  03  00  00  
00  F6  48  0C  00  96  09  CD  7B  01  00  00  00  E4  08  1B  8D  05  00  00  00  00  00  00  00  
05  00  00  00  00  00  E3  07  02  19  12  29  31  00  01  00  12  00  6D  34  14  00  03  00  00  
00  8D  4B  03  00  AC  03  FF  FF  59  2F  04  00  19  B7  07  00  6D  35  0C  00  03  00  00  00  
27  8D  01  00  28  12  07  00  41  53  BC  07  47  4E  00  00  85  83  02  00  01  00  00  01  00  
00  28  01  6D  15  14  00  02  01  00  00  03  04  03  00  00  00  00  00  00  00  00  00  00  00  
00  00  6D  16  10  00  03  00  00  00  E3  07  02  19  12  29  32  00  25  00  00  00  00  6D  21  
1C  00  03  00  00  00  7D  00  00  00  79  FF  FF  FF  8E  00  00  00  00  00  00  00  06  00  00  
00  51  00  00  00  6D  22  10  00  03  00  00  00  37  FE  FF  FF  27  02  00  00  BE  06  00  00  
6D  23  14  00  03  00  00  00  00  A3  D9  AE  76  43  B4  01  FD  5E  11  09  03  CF  62  58  0A  
6D  24  24  00  02  00  00  00  00  00  00  00  00  00  00  00  00  00  00  00  00  00  00  00  00  
00  00  00  00  00  00  00  00  00  00  00  00  00  00  00  6D  31  20  00  03  00  00  00  00  2A  
97  00  00  CA  5D  FF  FF  63  42  01  00  8A  F7  07  00  FB  AC  06  00  EA  A1  70  FF  91  61  
07  00  6D  32  24  00  03  00  00  00  F6  48  0C  00  96  09  CD  7B  01  00  00  00  E4  08  1B  
8D  05  00  00  00  00  00  00  00  00  05  00  00  00  02  00  00  00  6D  33  10  00  03  00  00  
00  E3  07  02  19  12  29  31  00  01  00  12  00  6D  34  14  00  03  00  00  00  67  57  03  00  
5A  1A  FF  FF  63  2F  04  00  B8  DB  07  00  6D  35  0C  00  03  00  00  00  2B  8D  01  00  5A  
12  07  00  41  53  C8  47  4E  00  00  86  83  02  00  30  0F  1F  00  00  00  28  01  6D  15  14  
00  02  01  00  00  03  04  03  00  00  00  00  00  00  00  00  00  00  00  00  00  6D  16  10  00  
03  00  00  00  E3  07  02  19  12  29  32  00  2F  00  00  00  6D  21  1C  00  03  00  00  00  39  
01  00  00  D6  FF  FF  FF  D1  FF  FF  FF  FA  FF  FF  FF  F4  FF  FF  FF  38  00  00  00  6D  22  
10  00  03  00  00  00  38  FE  FF  FF  27  02  00  00  BE  06  00  00  6D  23  14  00  03  00  00  
00  2A  DF  AE  76  E2  2F  02  FD  7E  0A  09  03  27  49  58  0A  6D  24  24  00  02  00  00  00  
00  00  00  00  00  00  00  00  00  00  00  00  00  00  00  00  00  00  00  00  00  00  00  00  00  
00  00  00  00  00  00  00  6D  31  20  00  03  00  00  00  7C  E0  00  00  42  82  FF  FF  B9  F8  
00  00  DC  E2  07  00  8E  66  06  00  51  3E  70  FF  81  62  07  00  6D  32  24  00  03  00  00  
00  F6  48  0C  00  96  09  CD  7B  01  00  00  00  E4  08  1B  8D  05  00  00  00  00  00  00  00  
05  00  00  00  00  E3  07  02  19  12  29  31  00  01  00  12  00  6D  34  14  00  03  00  00  00  
2D  48  03  00  A2  47  FF  FF  92  4E  04  00  04  F9  07  00  6D  35  0C  00  03  00  00  00  26  
8D  01  00  28  12  07  00  41  53  E9  61  47  4E  00  00  87  83  02  00  00  00  00  00  00  00  
28  01  6D  15  14  00  02  01  00  00  03  04  03  00  00  00  00  00  00  00  00  00  00  00  00  
00  6D  16  10  00  03  00  00  00  E3  07  02  19  12  29  32  00  39  00  00  00  00  6D  21  1C  
00  03  00  00  00  CD  00  00  00  E4  FF  FF  FF  14  00  00  00  01  00  00  00  15  00  00  00  
41  00  00  00  6D  22  10  00  03  00  00  00  38  FE  FF  FF  27  02  00  00  BE  06  00  00  6D  
23  14  00  03  00  00  00  00  18  E1  AE  76  CD  81  02  FD  57  06  09  03  EF  4B  58  0A  6D  
24  24  00  02  00  00  00  00  00  00  00  00  00  00  00  00  00  00  00  00  00  00  00  00  00  
00  00  00  00  00  00  00  00  00  00  00  00  00  00  6D  31  20  00  03  00  00  00  00  78  B6  
00  00  6C  87  FF  FF  02  13  01  00  2F  FE  07  00  D7  E6  06  00  4C  63  70  FF  90  62  07  
00  6D  32  24  00  03  00  00  00  F6  48  0C  00  96  09  CD  7B  01  00  00  00  E4  08  1B  8D  
05  00  00  00  00  00  00  00  00  05  00  00  00  02  00  00  00  6D  33  10  00  03  00  00  00  
E3  07  02  19  12  29  31  00  01  00  12  00  6D  34  14  00  03  00  00  00  67  48  03  00  15  
4F  FF  FF  F3  3E  04  00  02  A6  07  00  6D  35  0C  00  03  00  00  00  24  8D  01  00  F6  11  
07  00  41  53  66  47  4E  00  00  88  83  02  00  03  00  00  00  00  00  28  01  6D  15  14  00  
02  01  00  00  03  04  03  00  00  00  00  00  00  00  00  00  00  00  00  00  6D  16  10  00  03  
00  00  00  E3  07  02  19  12  29  32  00  43  00  00  00  6D  21  1C  00  03  00  00  00  00  02  
00  00  9F  00  00  00  62  00  00  00  05  00  00  00  F3  FF  FF  FF  4D  00  00  00  6D  22  10  
00  03  00  00  00  38  FE  FF  FF  27  02  00  00  BE  06  00  00  6D  23  14  00  03  00  00  00  
80  E1  AE  76  64  44  03  FD  07  56  09  03  16  68  58  0A  6D  24  24  00  02  00  00  00  00  
00  00  00  00  00  00  00  00  00  00  00  00  00  00  00  00  00  00  00  00  00  00  00  00  00  
00  00  00  00  00  00  6D  31  20  00  03  00  00  00  78  2E  01  00  4C  D0  FF  FF  8D  31  01  
00  A9  0C  08  00  8F  5D  06  00  8B  8F  70  FF  11  62  07  00  6D  32  24  00  03  00  00  00  
EE  46  0C  00  85  09  CD  7B  01  00  00  00  E4  08  1B  8D  05  00  00  00  FE  FF  FF  FF  FC  
FF  FF  00  00  E3  07  02  19  12  29  32  00  01  00  12  00  6D  34  14  00  03  00  00  00  D0  
44  03  00  10  5E  FF  FF  38  33  04  00  10  7A  07  00  6D  35  0C  00  03  00  00  00  2B  8D  
01  00  A5  12  07  00  41  53  38  76  47  4E  00  00  89  83  02  00  00  00  12  00  00  00  28  
01  6D  15  14  00  02  01  00  00  03  04  03  00  00  00  00  00  00  00  00  00  00  00  00  00  
6D  16  10  00  03  00  00  00  E3  07  02  19  12  29  32  00  4D  00  00  00  00  6D  21  1C  00  
03  00  00  00  DC  FF  FF  FF  38  FF  FF  FF  9B  00  00  00  0A  00  00  00  E5  FF  FF  FF  52  
00  00  00  6D  22  10  00  03  00  00  00  38  FE  FF  FF  27  02  00  00  BF  06  00  00  6D  23  
14  00  03  00  00  00  00  EC  DD  AE  76  22  3F  03  FD  CD  08  09  03  4B  A6  58  0A  6D  24  
24  00  02  00  00  00  00  00  00  00  00  00  00  00  00  00  00  00  00  00  00  00  00  00  00  
00  00  00  00  00  00  00  00  00  00  00  00  00  6D  31  20  00  03  00  00  00  00  38  58  00  
00  D2  43  FF  FF  F6  47  01  00  3C  1F  08  00  D9  27  06  00  8F  A4  70  FF  72  62  07  00  
6D  32  24  00  03  00  00  00  EE  46  0C  00  85  09  CD  7B  01  00  00  00  E4  08  1B  8D  05  
00  00  00  FE  FF  FF  FF  00  FC  FF  FF  FF  02  00  00  00  6D  33  10  00  03  00  00  00  E3  
07  02  19  12  29  32  00  01  00  12  00  6D  34  14  00  03  00  00  00  60  39  03  00  A9  74  
FF  FF  E4  3E  04  00  40  EF  07  00  6D  35  0C  00  03  00  00  00  28  8D  01  00  BE  12  07  
00  41  53  20  47  4E  00  00  8A  83  02  00  00  00  00  00  00  00  28  01  6D  15  14  00  02  
01  00  00  03  04  03  00  00  00  00  00  00  00  00  00  00  00  00  00  6D  16  10  00  03  00  
00  00  E3  07  02  19  12  29  32  00  57  00  00  00  6D  21  1C  00  03  00  00  00  2C  01  00  
00  BD  FF  FF  FF  EB  FF  FF  FF  FF  FF  FF  FF  0A  00  00  00  2A  00  00  00  6D  22  10  00  
03  00  00  00  39  FE  FF  FF  27  02  00  00  BF  06  00  00  6D  23  14  00  03  00  00  00  46  
E2  AE  76  50  B6  03  FD  0B  F9  08  03  60  9B  58  0A  6D  24  24  00  02  00  00  00  00  00  
00  00  00  00  00  00  00  00  00  00  00  00  00  00  00  00  00  00  00  00  00  00  00  00  00  
00  00  00  00  00  6D  31  20  00  03  00  00  00  7F  DB  00  00  C2  77  FF  FF  4C  03  01  00  
9A  F3  07  00  53  B6  06  00  B4  08  70  FF  8A  61  07  00  6D  32  24  00  03  00  00  00  EE  
46  0C  00  85  09  CD  7B  01  00  00  00  E4  08  1B  8D  05  00  00  00  FE  FF  FF  FF  FC  FF  
FF  00  00  00  E3  07  02  19  12  29  32  00  01  00  12  00  6D  34  14  00  03  00  00  00  A0  
48  03  00  88  56  FF  FF  54  2F  04  00  30  C8  07  00  6D  35  0C  00  03  00  00  00  24  8D  
01  00  41  12  07  00  41  53  8A  15  47  4E  00  00  8B  83  02  00  00  00  00  00  00  00  28  
01  6D  15  14  00  02  01  00  00  03  04  03  00  00  00  00  00  00  00  00  00  00  00  00  00  
6D  16  10  00  03  00  00  00  E3  07  02  19  12  29  32  00  61  00  00  00  00  6D  21  1C  00  
03  00  00  00  73  FE  FF  FF  B8  00  00  00  D2  FF  FF  FF  FA  FF  FF  FF  E8  FF  FF  FF  49  
00  00  00  6D  22  10  00  03  00  00  00  38  FE  FF  FF  27  02  00  00  BE  06  00  00  6D  23  
14  00  03  00  00  00  00  1D  DE  AE  76  DD  15  03  FD  37  33  09  03  B6  8B  58  0A  6D  24  
24  00  02  00  00  00  00  00  00  00  00  00  00  00  00  00  00  00  00  00  00  00  00  00  00  
00  00  00  00  00  00  00  00  00  00  00  00  00  6D  31  20  00  03  00  00  00  00  4E  CB  FF  
FF  DA  D9  FF  FF  D3  F9  00  00  B3  E2  07  00  43  33  06  00  66  7F  70  FF  88  62  07  00  
6D  32  24  00  03  00  00  00  EE  46  0C  00  85  09  CD  7B  01  00  00  00  E4  08  1B  8D  05  
00  00  00  FE  FF  FF  00  FF  FC  FF  FF  FF  02  00  00  00  6D  33  10  00  03  00  00  00  E3  
07  02  19  12  29  32  00  01  00  12  00  6D  34  14  00  03  00  00  00  89  40  03  00  1E  4F  
FF  FF  8E  4E  04  00  30  C8  07  00  6D  35  0C  00  03  00  00  00  27  8D  01  00  8C  12  07  
00  41  6C  47  4E  00  00  8C  83  02  00  00  00  00  00  00  00  28  01  6D  15  14  00  02  01  
00  00  03  04  03  00  00  00  00  00  00  00  00  00  00  00  00  00  6D  16  10  00  03  00  00  
00  E3  07  02  19  12  29  32  00  6B  00  00  00  6D  21  1C  00  03  00  00  00  3C  00  00  00  
AF  FF  FF  FF  A9  FF  FF  FF  F9  FF  FF  FF  0B  00  00  00  17  00  00  00  6D  22  10  00  03  
00  00  00  38  FE  FF  FF  27  02  00  00  BE  06  00  00  6D  23  14  00  03  00  00  00  B3  E2  
AE  76  FE  2F  03  FD  DE  14  09  03  94  67  58  0A  6D  24  24  00  02  00  00  00  00  00  00  
00  00  00  00  00  00  00  00  00  00  00  00  00  00  00  00  00  00  00  00  00  00  00  00  00  
00  00  00  00  6D  31  20  00  03  00  00  00  BA  7D  00  00  45  72  FF  FF  B1  E9  00  00  19  
DF  07  00  67  BD  06  00  08  BC  6F  FF  37  61  07  00  6D  32  24  00  03  00  00  00  EE  46  
0C  00  85  09  CD  7B  01  00  00  00  E4  08  1B  8D  05  00  00  00  FE  FF  FF  FF  FC  FF  FF  
00  00  00  E3  07  02  19  12  29  32  00  01  00  12  00  6D  34  14  00  03  00  00  00  00  48  
03  00  BD  47  FF  FF  1D  62  04  00  D6  D6  07  00  6D  35  0C  00  03  00  00  00  27  8D  01  
00  5A  12  07  00  41  53  ED  C1  47  4E  00  00  8D  83  02  00  00  00  00  00  00  00  28  01  
6D  15  14  00  02  01  00  00  03  04  03  00  00  00  00  00  00  00  00  00  00  00  00  00  6D  
16  10  00  03  00  00  00  E3  07  02  19  12  29  32  00  75  00  00  00  00  6D  21  1C  00  03  
00  00  00  C4  FF  FF  FF  BD  FF  FF  FF  B6  FF  FF  FF  F9  FF  FF  FF  F2  FF  FF  FF  39  00  
00  00  6D  22  10  00  03  00  00  00  38  FE  FF  FF  27  02  00  00  BE  06  00  00  6D  23  14  
00  03  00  00  00  00  79  E5  AE  76  56  1A  03  FD  C6  F7  08  03  0C  4A  58  0A  6D  24  24  
00  02  00  00  00  00  00  00  00  00  00  00  00  00  00  00  00  00  00  00  00  00  00  00  00  
00  00  00  00  00  00  00  00  00  00  00  00  6D  31  20  00  03  00  00  00  00  BA  4E  00  00  
56  77  FF  FF  2C  EF  00  00  A2  DC  07  00  4B  59  06  00  C8  42  70  FF  DE  60  07  00  6D  
32  24  00  03  00  00  00  EE  46  0C  00  85  09  CD  7B  01  00  00  00  E4  08  1B  8D  05  00  
00  00  FE  FF  FF  00  FF  FC  FF  FF  FF  02  00  00  00  6D  33  10  00  03  00  00  00  E3  07  
02  19  12  29  32  00  01  00  12  00  6D  34  14  00  03  00  00  00  A7  76  03  00  D7  47  FF  
FF  1B  3F  04  00  C8  02  08  00  6D  35  0C  00  03  00  00  00  23  8D  01  00  73  12  07  00  
41  FE  47  4E  00  00  8E  83  02  00  00  00  00  00  00  00  28  01  6D  15  14  00  02  01  00  
00  03  04  03  00  00  00  00  00  00  00  00  00  00  00  00  00  6D  16  10  00  03  00  00  00  
E3  07  02  19  12  29  32  00  7F  00  00  00  6D  21  1C  00  03  00  00  00  5A  FE  FF  FF  7A  
FF  FF  FF  D3  FF  FF  FF  05  00  00  00  07  00  00  00  59  00  00  00  6D  22  10  00  03  00  
00  00  38  FE  FF  FF  27  02  00  00  BE  06  00  00  6D  23  14  00  03  00  00  00  68  E4  AE  
76  9A  7A  02  FD  D3  B4  08  03  BE  3B  58  0A  6D  24  24  00  02  00  00  00  00  00  00  00  
00  00  00  00  00  00  00  00  00  00  00  00  00  00  00  00  00  00  00  00  00  00  00  00  00  
00  00  00  6D  31  20  00  03  00  00  00  52  C1  FF  FF  37  5D  FF  FF  59  FA  00  00  48  0C  
08  00  ED  AC  06  00  20  C0  70  FF  CD  61  07  00  6D  32  24  00  03  00  00  00  EE  46  0C  
00  85  09  CD  7B  01  00  00  00  E4  08  1B  8D  05  00  00  00  FE  FF  FF  FF  FC  FF  FF  00  
00  00  E3  07  02  19  12  29  32  00  01  00  12  00  6D  34  14  00  03  00  00  00  11  0A  03  
00  DA  19  FF  FF  1F  2F  04  00  7C  E5  07  00  6D  35  0C  00  03  00  00  00  28  8D  01  00  
0F  12  07  00  41  53  77  AB  47  4E  00  00  8F  83  02  00  01  01  00  00  00  00  28  01  6D  
15  14  00  02  01  00  00  03  04  03  00  00  00  00  00  00  00  00  00  00  00  00  00  6D  16  
10  00  03  00  00  00  E3  07  02  19  12  29  32  00  89  00  00  00  00  6D  21  1C  00  03  00  
00  00  48  00  00  00  0E  00  00  00  05  00  00  00  17  00  00  00  00  00  00  00  32  00  00  
00  6D  22  10  00  03  00  00  00  38  FE  FF  FF  27  02  00  00  BE  06  00  00  6D  23  14  00  
03  00  00  00  00  A1  E4  AE  76  9D  95  02  FD  9A  BD  08  03  73  3E  58  0A  6D  24  24  00  
02  00  00  00  00  00  00  00  00  00  00  00  00  00  00  00  00  00  00  00  00  00  00  00  00  
00  00  00  00  00  00  00  00  00  00  00  6D  31  20  00  03  00  00  00  00  53  82  00  00  CC  
96  FF  FF  0B  0E  01  00  93  50  08  00  0F  91  06  00  03  27  70  FF  27  62  07  00  6D  32  
24  00  03  00  00  00  EE  46  0C  00  85  09  CD  7B  01  00  00  00  E4  08  1B  8D  05  00  00  
00  FE  FF  FF  00  FF  FC  FF  FF  FF  02  00  00  00  6D  33  10  00  03  00  00  00  E3  07  02  
19  12  29  32  00  01  00  12  00  6D  34  14  00  03  00  00  00  DA  28  03  00  8F  12  FF  FF  
0A  37  04  00  6C  BE  07  00  6D  35  0C  00  03  00  00  00  22  8D  01  00  F6  11  07  00  41  
DF  47  4E  00  00  90  83  02  00  00  00  00  00  00  00  28  01  6D  15  14  00  02  01  00  00  
03  04  03  00  00  00  00  00  00  00  00  00  00  00  00  00  6D  16  10  00  03  00  00  00  E3  
07  02  19  12  00  29  32  00  93  00  00  00  6D  21  1C  00  03  00  00  00  72  FF  FF  FF  D9  
FF  FF  FF  49  00  00  00  F9  FF  FF  FF  F7  FF  FF  FF  69  00  00  00  6D  22  10  00  03  00  
00  00  38  FE  FF  FF  27  02  00  00  BE  06  00  00  6D  23  14  00  03  00  00  00  CE  E0  AE  
76  92  60  02  FD  A0  AB  08  03  43  60  58  0A  6D  24  24  00  02  00  00  00  00  00  00  00  
00  00  00  00  00  00  00  00  00  00  00  00  00  00  00  00  00  00  00  00  00  00  00  00  00  
00  00  00  6D  31  20  00  03  00  00  00  CD  2E  00  00  CB  81  FF  FF  B7  28  01  00  6F  DB  
07  00  57  70  06  00  D0  FE  70  FF  55  61  07  00  6D  32  24  00  03  00  00  00  EE  46  0C  
00  85  09  CD  7B  01  00  00  00  E4  08  1B  8D  05  00  00  00  FE  FF  FF  FF  FC  FF  FF  03  
00  00  00  E3  07  02  19  12  29  32  00  01  00  12  00  6D  34  14  00  03  00  00  00  05  44  
03  00  0F  1E  FF  FF  09  3B  04  00  5C  97  07  00  6D  35  0C  00  03  00  00  00  24  8D  01  
00  28  12  07  00  41  53  F2  65  47  4E  F0  FE  FF  E3  3E  04  00  F4  D1  07  00  6D  35  0C  
00  03  00  00  00  29  8D  01  00  28  12  07  00  41  53  F2  20  47  4E  00  00  A5  83  02  00  
00  00  00  00  00  00  28  01  6D  15  14  00  02  01  00  00  03  04  03  00  00  00  00  00  00  
00  00  00  00  00  00  00  6D  16  10  00  03  00  00  00  E3  07  02  19  12  29  32  00  65  01  
00  00  6D  21  1C  00  03  00  00  00  70  00  00  00  3A  00  00  00  53  FF  FF  FF  09  00  00  
00  EE  FF  FF  FF  44  00  00  00  6D  22  10  00  03  00  00  00  39  FE  FF  FF  26  02  00  00  
BF  06  00  00  6D  23  14  00  03  00  00  00  A2  EF  AE  76  0B  6A  04  FD  D7  BC  07  03  A7  
92  58  0A  6D  24  24  00  02  00  00  00  00  00  00  00  00  00  00  00  00  00  00  00  00  00  
00  00  00  00  00  00  00  00  00  00  00  00  00  00  00  00  00  00  6D  31  20  00  03  00  00  
00  B9  92  00  00  24  A6  FF  FF  1E  CA  00  00  F6  18  08  00  0B  49  06  00  F4  6E  70  FF  
28  61  07  00  6D  32  24  00  03  00  00  00  7E  43  0C  00  85  09  CD  7B  01  00  00  00  18  
09  1B  8D  05  00  00  00  FE  FF  FF  FF  FF  FF  FF  FF  01  00  00  00  6D  33  10  00  03  00  
00  00  E3  07  02  19  12  29  32  00  01  00  12  00  00  6D  34  14  00  03  00  00  00  6E  57  
03  00  81  29  FF  FF  01  3F  04  00  F4  D1  07  00  6D  35  0C  00  03  00  00  00  28  8D  01  
00  73  12  07  00  41  53  49  32  47  4E  00  00  A6  83  02  00  00  00  00  00  00  00  28  01  
6D  15  14  00  02  01  00  00  03  04  03  00  00  00  00  00  00  00  00  00  00  00  00  00  6D  
16  10  00  03  00  00  00  E3  07  02  19  12  29  32  00  6F  01  00  00  6D  21  1C  00  03  00  
00  00  B3  FF  FF  FF  8D  FF  FF  FF  45  00  00  00  02  00  00  00  0E  00  00  00  62  00  00  
00  6D  22  10  00  03  00  00  00  39  FE  FF  FF  26  02  00  00  BF  06  00  00  6D  23  14  00  
03  00  00  00  47  ED  AE  76  45  4F  04  FD  B7  8F  07  03  2B  B3  58  0A  6D  24  24  00  02  
00  00  00  00  00  00  00  00  00  00  00  00  00  00  00  00  00  00  00  00  00  00  00  00  00  
00  00  00  00  00  00  00  00  00  00  6D  31  20  00  03  00  00  00  D0  48  00  00  D0  62  FF  
FF  9B  28  01  00  9B  FB  07  00  69  C6  06  00  9E  E0  70  FF  09  62  07  00  6D  33  10  00  
03  00  00  00  E3  07  02  19  12  29  32  00  01  00  12  00  6D  34  14  00  03  00  00  00  E3  
4B  03  00  2A  40  FF  FF  66  56  04  00  40  EF  07  00  6D  35  0C  00  03  00  00  00  2A  8D  
01  00  73  12  07  00  41  53  91  A0  47  4E  00  00  A7  83  02  00  00  00  00  00  00  00  28  
01  6D  15  14  00  02  01  00  00  03  04  03  00  00  00  00  00  00  00  00  00  00  00  00  00  
6D  16  10  00  03  00  00  00  E3  07  02  00  19  12  29  32  00  79  01  00  00  6D  21  1C  00  
03  00  00  00  B1  00  00  00  80  FF  FF  FF  36  00  00  00  12  00  00  00  EE  FF  FF  FF  4C  
00  00  00  6D  22  10  00  03  00  00  00  39  FE  FF  FF  26  02  00  00  BF  06  00  00  6D  00  
23  14  00  03  00  00  00  E2  ED  AE  76  4B  97  04  FD  64  66  07  03  15  CD  58  0A  6D  24  
24  00  02  00  00  00  00  00  00  00  00  00  00  00  00  00  00  00  00  00  00  00  00  00  00  
00  00  00  00  00  00  00  00  00  00  00  00  00  00  6D  31  20  00  03  00  00  00  5A  AC  00  
00  BC  5D  FF  FF  F6  22  01  00  B4  3B  08  00  B4  46  06  00  29  8D  70  FF  6C  61  07  00  
6D  32  24  00  03  00  00  00  5C  42  0C  00  85  09  CD  7B  01  00  00  00  29  09  1B  8D  05  
00  00  00  00  FD  FF  FF  FF  01  00  00  00  01  00  00  00  6D  33  10  00  03  00  00  00  E3  
07  02  19  12  29  32  00  01  00  12  00  6D  34  14  00  03  00  00  00  94  4F  03  00  1F  31  
FF  FF  6A  56  04  00  04  F9  07  00  6D  35  0C  00  03  00  00  00  28  8D  01  2D  47  4E  00  
00  A8  83  02  00  00  04  00  00  00  00  28  01  6D  15  14  00  02  01  00  00  03  04  03  00  
00  00  00  00  00  00  00  00  00  00  00  00  6D  16  10  00  03  00  00  00  E3  07  02  19  12  
29  32  00  83  01  00  00  6D  21  1C  00  03  00  00  00  E5  01  00  00  9C  FF  FF  FF  34  00  
00  00  FC  FF  FF  FF  0B  00  00  00  4D  00  00  00  6D  22  10  00  03  00  00  00  3A  FE  FF  
FF  26  02  00  00  BF  06  00  00  6D  23  14  00  03  00  00  00  0B  F1  AE  76  58  56  05  FD  
DF  52  07  03  95  E5  58  0A  6D  24  24  00  02  00  00  00  00  00  00  00  00  00  00  00  00  
00  00  00  00  00  00  00  00  00  00  00  00  00  00  00  00  00  00  00  00  00  00  00  6D  31  
20  00  03  00  00  00  57  24  01  00  74  68  FF  FF  46  22  01  00  B3  E4  07  00  04  B6  06  
00  B7  91  70  FF  11  62  07  00  6D  32  24  00  03  00  00  00  5C  42  0C  00  85  09  CD  7B  
01  00  00  00  29  09  1B  8D  05  00  00  00  FD  FF  FF  FF  01  00  00  00  00  00  6D  33  10  
00  03  00  00  00  E3  07  02  19  12  29  32  00  01  00  12  00  6D  34  14  00  03  00  00  00  
4F  57  03  00  FE  21  FF  FF  EA  42  04  00  5E  EA  07  00  6D  35  0C  00  03  00  00  00  2D  
8D  01  00  79  11  07  00  41  53  28  44  47  4E  00  00  A9  83  02  00  CA  BF  21  00  00  00  
28  01  6D  15  14  00  02  01  00  00  03  04  03  00  00  00  00  00  00  00  00  00  00  00  00  
00  6D  16  10  00  03  00  00  00  E3  00  07  02  19  12  29  32  00  8D  01  00  00  6D  21  1C  
00  03  00  00  00  99  FF  FF  FF  8D  FF  FF  FF  37  00  00  00  EE  FF  FF  FF  08  00  00  00  
08  00  00  00  6D  22  10  00  03  00  00  00  3A  FE  FF  FF  25  02  00  00  BF  06  00  00  00  
6D  23  14  00  03  00  00  00  9A  EE  AE  76  F6  2F  05  FD  36  25  07  03  E9  03  59  0A  6D  
24  24  00  02  00  00  00  00  00  00  00  00  00  00  00  00  00  00  00  00  00  00  00  00  00  
00  00  00  00  00  00  00  00  00  00  00  00  00  00  00  6D  31  20  00  03  00  00  00  AD  3E  
00  00  9F  62  FF  FF  7F  23  01  00  8C  AE  07  00  B0  AA  06  00  04  82  6F  FF  0B  61  07  
00  6D  32  24  00  03  00  00  00  5C  42  0C  00  85  09  CD  7B  01  00  00  00  29  09  1B  00  
8D  05  00  00  00  FD  FF  FF  FF  01  00  00  00  01  00  00  00  6D  33  10  00  03  00  00  00  
E3  07  02  19  12  29  32  00  01  00  12  00  6D  34  14  00  03  00  00  00  E1  57  03  00  67  
38  FF  FF  C7  1F  04  00  6C  BE  07  00  6D  35  0C  00  03  00  00  00  28  18  47  4E  00  00  
AA  83  02  00  CE  20  00  00  00  00  28  01  6D  15  14  00  02  01  00  00  03  04  03  00  00  
00  00  00  00  00  00  00  00  00  00  00  6D  16  10  00  03  00  00  00  E3  07  02  19  12  29  
32  00  97  01  00  00  6D  21  1C  00  03  00  00  00  DA  00  00  00  8A  00  00  00  E5  FF  FF  
FF  08  00  00  00  E6  FF  FF  FF  33  00  00  00  6D  22  10  00  03  00  00  00  3A  FE  FF  FF  
26  02  00  00  BF  06  00  00  6D  23  14  00  03  00  00  00  B7  EF  AE  76  FC  7D  05  FD  C1  
63  07  03  4B  FB  58  0A  6D  24  24  00  02  00  00  00  00  00  00  00  00  00  00  00  00  00  
00  00  00  00  00  00  00  00  00  00  00  00  00  00  00  00  00  00  00  00  00  00  6D  31  20  
00  03  00  00  00  17  BC  00  00  72  C5  FF  FF  42  03  01  00  72  12  08  00  18  26  06  00  
5F  29  70  FF  21  61  07  00  6D  32  24  00  03  00  00  00  5C  42  0C  00  85  09  CD  7B  01  
00  00  00  29  09  1B  8D  05  00  00  00  FD  FF  FF  FF  01  00  00  00  6D  33  10  00  03  00  
00  00  E3  07  02  19  12  29  32  00  01  00  12  00  6D  34  14  00  03  00  00  00  20  40  03  
00  D7  21  FF  FF  D6  42  04  00  57  00  08  00  6D  35  0C  00  03  00  00  00  2F  8D  01  00  
28  12  07  00  41  53  0D  60  47  4E  00  00  AB  83  02  00  00  00  00  00  00  00  28  01  6D  
15  14  00  02  01  00  00  03  04  03  00  00  00  00  00  00  00  00  00  00  00  00  00  6D  16  
10  00  03  00  00  00  E3  07  02  00  19  12  29  32  00  A1  01  00  00  6D  21  1C  00  03  00  
00  00  EB  FE  FF  FF  B4  FF  FF  FF  03  00  00  00  F0  FF  FF  FF  0B  00  00  00  1D  00  00  
00  6D  22  10  00  03  00  00  00  39  FE  FF  FF  25  02  00  00  BF  06  00  00  6D  00  23  14  
00  03  00  00  00  35  ED  AE  76  44  13  05  FD  77  3E  07  03  3D  04  59  0A  6D  24  24  00  
02  00  00  00  00  00  00  00  00  00  00  00  00  00  00  00  00  00  00  00  00  00  00  00  00  
00  00  00  00  00  00  00  00  00  00  00  00  6D  31  20  00  03  00  00  00  F7  FA  FF  FF  01  
72  FF  FF  FD  0E  01  00  49  B5  07  00  DD  B8  06  00  2E  D3  6F  FF  A9  60  07  00  6D  32  
24  00  03  00  00  00  5C  42  0C  00  85  09  CD  7B  01  00  00  00  29  09  1B  8D  05  00  00  
00  00  FD  FF  FF  FF  01  00  00  00  01  00  00  00  6D  33  10  00  03  00  00  00  E3  07  02  
19  12  29  32  00  01  00  12  00  6D  34  14  00  03  00  00  00  95  30  03  00  63  29  FF  FF  
4E  56  04  00  22  F4  07  00  6D  35  0C  00  03  00  00  00  31  8D  01  DE  47  4E  00  00  AC  
83  02  00  00  00  00  00  00  00  28  01  6D  15  14  00  02  01  00  00  03  04  03  00  00  00  
00  00  00  00  00  00  00  00  00  00  6D  16  10  00  03  00  00  00  E3  07  02  19  12  29  32  
00  AB  01  00  00  6D  21  1C  00  03  00  00  00  1C  01  00  00  97  00  00  00  F1  FF  FF  FF  
F7  FF  FF  FF  E7  FF  FF  FF  58  00  00  00  6D  22  10  00  03  00  00  00  3A  FE  FF  FF  26  
02  00  00  BF  06  00  00  6D  23  14  00  03  00  00  00  B3  EE  AE  76  D4  7A  05  FD  D1  83  
07  03  A2  FC  58  0A  6D  24  24  00  02  00  00  00  00  00  00  00  00  00  00  00  00  00  00  
00  00  00  00  00  00  00  00  00  00  00  00  00  00  00  00  00  00  00  00  00  6D  31  20  00  
03  00  00  00  14  D6  00  00  C1  CA  FF  FF  4B  08  01  00  4E  D0  07  00  59  2A  06  00  9F  
BB  70  FF  6C  61  07  00  6D  32  24  00  03  00  00  00  5C  42  0C  00  85  09  CD  7B  01  00  
00  00  29  09  1B  8D  05  00  00  00  FD  FF  FF  FF  01  00  00  00  00  6D  33  10  00  03  00  
00  00  E3  07  02  19  12  29  32  00  01  00  12  00  6D  34  14  00  03  00  00  00  F4  28  03  
00  73  38  FF  FF  18  5E  04  00  F4  D1  07  00  6D  35  0C  00  03  00  00  00  29  8D  01  00  
DD  11  07  00  41  53  3B  7C  47  4E  00  00  AD  83  02  00  00  00  00  00  00  00  28  01  6D  
15  14  00  02  01  00  00  03  04  03  00  00  00  00  00  00  00  00  00  00  00  00  00  6D  16  
10  00  03  00  00  00  E3  07  00  02  19  12  29  32  00  B5  01  00  00  6D  21  1C  00  03  00  
00  00  CD  FF  FF  FF  EA  FF  FF  FF  5F  00  00  00  02  00  00  00  F7  FF  FF  FF  45  00  00  
00  6D  22  10  00  03  00  00  00  3A  FE  FF  FF  26  02  00  00  BF  06  00  00  00  6D  23  14  
00  03  00  00  00  BE  EA  AE  76  3B  68  05  FD  4F  7C  07  03  E8  26  59  0A  6D  24  24  00  
02  00  00  00  00  00  00  00  00  00  00  00  00  00  00  00  00  00  00  00  00  00  00  00  00  
00  00  00  00  00  00  00  00  00  00  00  00  6D  31  20  00  03  00  00  00  4D  53  00  00  1E  
87  FF  FF  F2  32  01  00  B7  FC  07  00  14  67  06  00  47  71  70  FF  82  61  07  00  6D  32  
24  00  03  00  00  00  5C  42  0C  00  85  09  CD  7B  01  00  00  00  29  09  1B  8D  00  05  00  
00  00  FD  FF  FF  FF  01  00  00  00  01  00  00  00  6D  33  10  00  03  00  00  00  E3  07  02  
19  12  29  32  00  01  00  12  00  6D  34  14  00  03  00  00  00  4B  47  03  00  21  ED  FE  FF  
F4  3E  04  00  F4  D1  07  00  6D  35  0C  00  03  00  00  00  29  8D  9D  47  4E  00  00  AE  83  
02  00  00  00  00  00  00  00  28  01  6D  15  14  00  02  01  00  00  03  04  03  00  00  00  00  
00  00  00  00  00  00  00  00  00  6D  16  10  00  03  00  00  00  E3  07  02  19  12  29  32  00  
BF  01  00  00  6D  21  1C  00  03  00  00  00  DA  00  00  00  13  00  00  00  FF  FF  FF  FF  00  
00  00  00  F8  FF  FF  FF  3A  00  00  00  6D  22  10  00  03  00  00  00  3A  FE  FF  FF  26  02  
00  00  BF  06  00  00  6D  23  14  00  03  00  00  00  2A  EC  AE  76  1A  BB  05  FD  DA  8C  07  
03  95  29  59  0A  6D  24  24  00  02  00  00  00  00  00  00  00  00  00  00  00  00  00  00  00  
00  00  00  00  00  00  00  00  00  00  00  00  00  00  00  00  00  00  00  00  6D  31  20  00  03  
00  00  00  16  BC  00  00  C8  96  FF  FF  D3  0D  01  00  C3  F3  07  00  E5  6B  06  00  1A  45  
70  FF  21  61  07  00  6D  32  24  00  03  00  00  00  5C  42  0C  00  85  09  CD  7B  01  00  00  
00  29  09  1B  8D  05  00  00  00  FD  FF  FF  FF  01  00  00  01  00  00  00  6D  33  10  00  03  
00  00  00  E3  07  02  19  12  29  32  00  01  00  12  00  6D  34  14  00  03  00  00  00  FB  24  
03  00  BF  0E  FF  FF  1F  33  04  00  55  AD  07  00  6D  35  0C  00  03  00  00  00  27  8D  01  
00  28  12  07  00  41  53  EC  79  47  4E  00  00  AF  83  02  00  00  00  00  00  00  00  28  01  
6D  15  14  00  02  01  00  00  03  04  03  00  00  00  00  00  00  00  00  00  00  00  00  00  6D  
16  10  00  03  00  00  00  00  E3  07  02  19  12  29  32  00  C9  01  00  00  6D  21  1C  00  03  
00  00  00  30  FE  FF  FF  F8  FF  FF  FF  62  FF  FF  FF  07  00  00  00  F9  FF  FF  FF  3F  00  
00  00  6D  22  10  00  03  00  00  00  39  FE  FF  FF  26  02  00  00  BF  06  00  00  00  6D  23  
14  00  03  00  00  00  75  EC  AE  76  5A  04  05  FD  4B  7A  07  03  08  F7  58  0A  6D  24  24  
00  02  00  00  00  00  00  00  00  00  00  00  00  00  00  00  00  00  00  00  00  00  00  00  00  
00  00  00  00  00  00  00  00  00  00  00  00  00  6D  31  20  00  03  00  00  00  B3  B1  FF  FF  
E1  8B  FF  FF  80  D0  00  00  20  0F  08  00  87  72  06  00  1D  5A  70  FF  2F  62  07  00  6D  
32  24  00  03  00  00  00  5C  42  0C  00  85  09  CD  7B  01  00  00  00  29  09  00  1B  8D  05  
00  00  00  FD  FF  FF  FF  01  00  00  00  01  00  00  00  6D  33  10  00  03  00  00  00  E3  07  
02  19  12  29  32  00  01  00  12  00  6D  34  14  00  03  00  00  00  67  21  03  00  B2  30  FF  
FF  D2  3E  04  00  20  A1  07  00  6D  35  0C  00  03  00  00  00  37  47  4E  00  00  B0  83  02  
00  00  00  00  00  00  00  28  01  6D  15  14  00  02  01  00  00  03  04  03  00  00  00  00  00  
00  00  00  00  00  00  00  00  6D  16  10  00  03  00  00  00  E3  07  02  19  12  29  32  00  D3  
01  00  00  6D  21  1C  00  03  00  00  00  EA  FE  FF  FF  4C  FF  FF  FF  BE  00  00  00  FF  FF  
FF  FF  1B  00  00  00  45  00  00  00  6D  22  10  00  03  00  00  00  39  FE  FF  FF  25  02  00  
00  BF  06  00  00  6D  23  14  00  03  00  00  00  6E  E4  AE  76  42  9F  04  FD  DC  2E  07  03  
15  4C  59  0A  6D  24  24  00  02  00  00  00  00  00  00  00  00  00  00  00  00  00  00  00  00  
00  00  00  00  00  00  00  00  00  00  00  00  00  00  00  00  00  00  00  6D  31  20  00  03  00  
00  00  78  FA  FF  FF  A7  48  FF  FF  2D  58  01  00  CD  F0  07  00  7C  F5  06  00  FE  70  70  
FF  FC  60  07  00  6D  32  24  00  03  00  00  00  D6  40  0C  00  85  09  CD  7B  01  00  00  00  
5E  09  1B  8D  05  00  00  00  05  00  00  00  07  00  00  01  00  00  00  6D  33  10  00  03  00  
00  00  E3  07  02  19  12  29  32  00  01  00  12  00  6D  34  14  00  03  00  00  00  44  29  03  
00  70  47  FF  FF  76  4E  04  00  20  A1  07  00  6D  35  0C  00  03  00  00  00  27  8D  01  00  
28  12  07  00  41  53  E4  98  47  4E  00  00  B1  83  02  00  00  00  00  00  00  00  28  01  6D  
15  14  00  02  01  00  00  03  04  03  00  00  00  00  00  00  00  00  00  00  00  00  00  6D  16  
10  00  03  00  00  00  00  E3  07  02  19  12  29  32  00  DD  01  00  00  6D  21  1C  00  03  00  
00  00  47  00  00  00  E8  00  00  00  79  FF  FF  FF  02  00  00  00  F6  FF  FF  FF  3F  00  00  
00  6D  22  10  00  03  00  00  00  39  FE  FF  FF  26  02  00  00  BF  06  00  00  00  6D  23  14  
00  03  00  00  00  AA  E6  AE  76  E7  AF  04  FD  67  8C  07  03  DA  1B  59  0A  6D  24  24  00  
02  00  00  00  00  00  00  00  00  00  00  00  00  00  00  00  00  00  00  00  00  00  00  00  00  
00  00  00  00  00  00  00  00  00  00  00  00  6D  31  20  00  03  00  00  00  C6  82  00  00  99  
E9  FF  FF  9E  D9  00  00  FB  FC  07  00  E9  64  06  00  B1  57  70  FF  30  61  07  00  6D  32  
24  00  03  00  00  00  D6  40  0C  00  85  09  CD  7B  01  00  00  00  5E  09  00  1B  8D  05  00  
00  00  05  00  00  00  07  00  00  00  01  00  00  00  6D  33  10  00  03  00  00  00  E3  07  02  
19  12  29  32  00  01  00  12  00  6D  34  14  00  03  00  00  00  2C  39  03  00  6F  56  FF  FF  
47  2F  04  00  A8  B4  07  00  6D  35  0C  00  03  00  00  00  4F  47  4E  00  00  B2  83  02  00  
00  00  00  00  00  00  28  01  6D  15  14  00  02  01  00  00  03  04  03  00  00  00  00  00  00  
00  00  00  00  00  00  00  6D  16  10  00  03  00  00  00  E3  07  02  19  12  29  32  00  E7  01  
00  00  6D  21  1C  00  03  00  00  00  98  FF  FF  FF  3F  FF  FF  FF  44  00  00  00  FD  FF  FF  
FF  15  00  00  00  51  00  00  00  6D  22  10  00  03  00  00  00  39  FE  FF  FF  26  02  00  00  
BF  06  00  00  6D  23  14  00  03  00  00  00  B4  E4  AE  76  49  8C  04  FD  42  40  07  03  63  
3E  59  0A  6D  24  24  00  02  00  00  00  00  00  00  00  00  00  00  00  00  00  00  00  00  00  
00  00  00  00  00  00  00  00  00  00  00  00  00  00  00  00  00  00  6D  31  20  00  03  00  00  
00  A8  3E  00  00  8E  43  FF  FF  DB  28  01  00  37  E7  07  00  03  DE  06  00  78  9F  70  FF  
37  61  07  00  6D  32  24  00  03  00  00  00  D6  40  0C  00  85  09  CD  7B  01  00  00  00  5E  
09  1B  8D  05  00  00  00  05  00  00  00  07  00  00  01  00  00  00  6D  33  10  00  03  00  00  
00  E3  07  02  19  12  29  32  00  01  00  12  00  6D  34  14  00  03  00  00  00  61  44  03  00  
99  34  FF  FF  52  2F  04  00  1E  4E  07  00  6D  35  0C  00  03  00  00  00  28  8D  01  00  8C  
12  07  00  41  53  7B  1F  47  4E  00  00  B3  83  02  00  00  00  00  00  00  00  28  01  6D  15  
14  00  02  01  00  00  03  04  03  00  00  00  00  00  00  00  00  00  00  00  00  00  6D  16  10  
00  03  00  00  00  00  E3  07  02  19  12  29  32  00  F1  01  00  00  6D  21  1C  00  03  00  00  
00  BC  01  00  00  D3  FF  FF  FF  4E  00  00  00  0C  00  00  00  FB  FF  FF  FF  47  00  00  00  
6D  22  10  00  03  00  00  00  3A  FE  FF  FF  26  02  00  00  BF  06  00  00  00  6D  23  14  00  
03  00  00  00  26  E6  AE  76  3E  38  05  FD  8B  40  07  03  43  5F  59  0A  6D  24  24  00  02  
00  00  00  00  00  00  00  00  00  00  00  00  00  00  00  00  00  00  00  00  00  00  00  00  00  
00  00  00  00  00  00  00  00  00  00  00  6D  31  20  00  03  00  00  00  BB  14  01  00  19  7D  
FF  FF  C7  2C  01  00  01  22  08  00  F1  79  06  00  2D  78  70  FF  5D  61  07  00  6D  32  24  
00  03  00  00  00  D6  40  0C  00  85  09  CD  7B  01  00  00  00  5E  09  00  1B  8D  05  00  00  
00  05  00  00  00  07  00  00  00  01  00  00  00  6D  33  10  00  03  00  00  00  E3  07  02  19  
12  29  32  00  01  00  12  00  6D  34  14  00  03  00  00  00  FE  47  03  00  FC  30  FF  FF  C4  
46  04  00  4C  70  07  00  6D  35  0C  00  03  00  00  00  E5  47  4E  00  00  B4  83  02  00  00  
00  00  00  00  00  28  01  6D  15  14  00  02  01  00  00  03  04  03  00  00  00  00  00  00  00  
00  00  00  00  00  00  6D  16  10  00  03  00  00  00  E3  07  02  19  12  29  32  00  FB  01  00  
00  6D  21  1C  00  03  00  00  00  02  00  00  00  DF  FF  FF  FF  1B  00  00  00  F6  FF  FF  FF  
03  00  00  00  3D  00  00  00  6D  22  10  00  03  00  00  00  3A  FE  FF  FF  25  02  00  00  BF  
06  00  00  6D  23  14  00  03  00  00  00  E1  E4  AE  76  AC  37  05  FD  55  36  07  03  A4  70  
59  0A  6D  24  24  00  02  00  00  00  00  00  00  00  00  00  00  00  00  00  00  00  00  00  00  
00  00  00  00  00  00  00  00  00  00  00  00  00  00  00  00  00  6D  31  20  00  03  00  00  00  
70  68  00  00  E6  81  FF  FF  C3  18  01  00  3C  CE  07  00  0E  98  06  00  F8  52  70  FF  21  
61  07  00  6D  32  24  00  03  00  00  00  D6  40  0C  00  85  09  CD  7B  01  00  00  00  5E  09  
1B  8D  05  00  00  00  05  00  00  00  07  00  00  00  01  00  00  00  6D  33  10  00  03  00  00  
00  E3  07  02  19  12  29  32  00  01  00  12  00  6D  34  14  00  03  00  00  00  DE  47  03  00  
A6  38  FF  FF  33  5E  04  00  A8  B4  07  00  6D  35  0C  00  03  00  00  00  2A  8D  01  00  F6  
11  07  00  41  53  CE  78  47  4E  00  00  B5  83  02  00  00  00  00  00  00  00  28  01  6D  15  
14  00  02  01  00  00  03  04  03  00  00  00  00  00  00  00  00  00  00  00  00  00  6D  16  10  
00  03  00  00  00  00  E3  07  02  19  12  29  32  00  05  02  00  00  6D  21  1C  00  03  00  00  
00  CB  FF  FF  FF  3D  00  00  00  6A  00  00  00  01  00  00  00  06  00  00  00  35  00  00  00  
6D  22  10  00  03  00  00  00  3A  FE  FF  FF  26  02  00  00  BF  00  06  00  00  6D  23  14  00  
03  00  00  00  8A  DF  AE  76  9B  1E  05  FD  17  4F  07  03  6A  9F  59  0A  6D  24  24  00  02  
00  00  00  00  00  00  00  00  00  00  00  00  00  00  00  00  00  00  00  00  00  00  00  00  00  
00  00  00  00  00  00  00  00  00  00  00  6D  31  20  00  03  00  00  00  F9  52  00  00  51  A6  
FF  FF  FF  37  01  00  D0  F7  07  00  63  A3  06  00  96  32  70  FF  36  62  07  00  6D  32  24  
00  03  00  00  00  D6  40  0C  00  85  09  CD  7B  01  00  00  00  5E  00  09  1B  8D  05  00  00  
00  05  00  00  00  07  00  00  00  01  00  00  00  6D  33  10  00  03  00  00  00  E3  07  02  19  
12  29  32  00  01  00  12  00  6D  34  14  00  03  00  00  00  2C  39  03  00  6F  56  FF  FF  47  
2F  04  00  7C  E5  07  00  6D  35  0C  00  03  00  00  D2  47  4E  00  00  B6  83  02  00  00  00  
00  00  00  00  28  01  6D  15  14  00  02  01  00  00  03  04  03  00  00  00  00  00  00  00  00  
00  00  00  00  00  6D  16  10  00  03  00  00  00  E3  07  02  19  12  29  32  00  0F  02  00  00  
6D  21  1C  00  03  00  00  00  BD  00  00  00  09  00  00  00  86  FF  FF  FF  EB  FF  FF  FF  F6  
FF  FF  FF  52  00  00  00  6D  22  10  00  03  00  00  00  3A  FE  FF  FF  26  02  00  00  BF  06  
00  00  6D  23  14  00  03  00  00  00  F2  E4  AE  76  DC  63  05  FD  31  59  07  03  67  72  59  
0A  6D  24  24  00  02  00  00  00  00  00  00  00  00  00  00  00  00  00  00  00  00  00  00  00  
00  00  00  00  00  00  00  00  00  00  00  00  00  00  00  00  6D  31  20  00  03  00  00  00  B4  
B1  00  00  A7  91  FF  FF  D8  DE  00  00  92  A3  07  00  26  64  06  00  67  A4  70  FF  27  62  
07  00  6D  32  24  00  03  00  00  00  D6  40  0C  00  85  09  CD  7B  01  00  00  00  5E  09  1B  
8D  05  00  00  00  05  00  00  00  07  00  00  00  01  00  00  00  6D  33  10  00  03  00  00  00  
E3  07  02  19  12  29  32  00  01  00  12  00  6D  34  14  00  03  00  00  00  E9  38  03  00  D4  
3F  FF  FF  47  2F  04  00  8A  B9  07  00  6D  35  0C  00  03  00  00  00  2B  8D  01  00  5A  12  
07  00  41  53  C0  03  47  4E  00  00  B7  83  02  00  00  00  00  00  00  00  28  01  6D  15  14  
00  02  01  00  00  03  04  03  00  00  00  00  00  00  00  00  00  00  00  00  00  6D  16  10  00  
03  00  00  00  00  E3  07  02  19  12  29  32  00  19  02  00  00  6D  21  1C  00  03  00  00  00  
7D  FE  FF  FF  E0  FF  FF  FF  1C  00  00  00  0C  00  00  00  0B  00  00  00  46  00  00  00  6D  
22  10  00  03  00  00  00  39  FE  FF  FF  26  02  00  00  BF  00  06  00  00  6D  23  14  00  03  
00  00  00  F1  DF  AE  76  A3  CB  04  FD  C4  41  07  03  C8  86  59  0A  6D  24  24  00  02  00  
00  00  00  00  00  00  00  00  00  00  00  00  00  00  00  00  00  00  00  00  00  00  00  00  00  
00  00  00  00  00  00  00  00  00  00  6D  31  20  00  03  00  00  00  83  D0  FF  FF  BB  81  FF  
FF  6C  19  01  00  3D  21  08  00  FF  B5  06  00  EF  75  70  FF  90  62  07  00  6D  32  24  00  
03  00  00  00  D6  40  0C  00  85  09  CD  7B  01  00  00  00  5E  00  09  1B  8D  05  00  00  00  
05  00  00  00  07  00  00  00  01  00  00  00  6D  33  10  00  03  00  00  00  E3  07  02  19  12  
29  32  00  01  00  12  00  6D  34  14  00  03  00  00  00  1E  39  03  00  0E  5E  FF  FF  E5  3E  
04  00  12  CD  07  00  6D  35  0C  00  03  00  00  C5  47  4E  00  00  B8  83  02  00  00  00  00  
00  00  00  28  01  6D  15  14  00  02  01  00  00  03  04  03  00  00  00  00  00  00  00  00  00  
00  00  00  00  6D  16  10  00  03  00  00  00  E3  07  02  19  12  29  32  00  23  02  00  00  6D  
21  1C  00  03  00  00  00  35  01  00  00  31  00  00  00  68  00  00  00  FC  FF  FF  FF  FA  FF  
FF  FF  3D  00  00  00  6D  22  10  00  03  00  00  00  3A  FE  FF  FF  26  02  00  00  BF  06  00  
00  6D  23  14  00  03  00  00  00  41  DE  AE  76  89  3F  05  FD  5A  62  07  03  FD  B1  59  0A  
6D  24  24  00  02  00  00  00  00  00  00  00  00  00  00  00  00  00  00  00  00  00  00  00  00  
00  00  00  00  00  00  00  00  00  00  00  00  00  00  00  6D  31  20  00  03  00  00  00  85  E0  
00  00  36  A1  FF  FF  6A  37  01  00  8B  E3  07  00  B3  77  06  00  A0  50  70  FF  A9  60  07  
00  6D  32  24  00  03  00  00  00  D6  40  0C  00  85  09  CD  7B  01  00  00  00  5E  09  1B  8D  
05  00  00  00  05  00  00  00  07  00  00  00  01  00  00  00  6D  33  10  00  03  00  00  00  E3  
07  02  19  12  29  32  00  01  00  12  00  6D  34  14  00  03  00  00  00  69  39  03  00  D1  83  
FF  FF  82  4E  04  00  40  EF  07  00  6D  35  0C  00  03  00  00  00  2A  8D  01  00  8C  12  07  
00  41  53  DB  71  47  4E  00  00  B9  83  02  00  00  00  00  00  00  00  28  01  6D  15  14  00  
02  01  00  00  03  04  03  00  00  00  00  00  00  00  00  00  00  00  00  00  6D  16  10  00  03  
00  00  00  00  E3  07  02  19  12  29  32  00  2D  02  00  00  6D  21  1C  00  03  00  00  00  F5  
FE  FF  FF  9B  00  00  00  0D  00  00  00  FD  FF  FF  FF  FC  FF  FF  FF  55  00  00  00  6D  22  
10  00  03  00  00  00  39  FE  FF  FF  26  02  00  00  BF  00  06  00  00  6D  23  14  00  03  00  
00  00  F6  D8  AE  76  A8  CF  04  FD  C0  97  07  03  D8  BE  59  0A  6D  24  24  00  02  00  00  
00  00  00  00  00  00  00  00  00  00  00  00  00  00  00  00  00  00  00  00  00  00  00  00  00  
00  00  00  00  00  00  00  00  00  6D  31  20  00  03  00  00  00  AF  FF  FF  FF  56  CA  FF  FF  
CD  13  01  00  A1  E9  07  00  EE  7B  06  00  F0  AF  70  FF  A0  61  07  00  6D  32  24  00  03  
00  00  00  D6  40  0C  00  85  09  CD  7B  01  00  00  00  5E  00  09  1B  8D  05  00  00  00  05  
00  00  00  07  00  00  00  01  00  00  00  6D  33  10  00  03  00  00  00  E3  07  02  19  12  29  
32  00  01  00  12  00  6D  34  14  00  03  00  00  00  BC  66  03  00  B0  29  FF  FF  AE  4E  04  
00  40  EF  07  00  6D  35  0C  00  03  00  00  8E  47  4E  00  00  BA  83  02  00  00  00  00  00  
00  00  28  01  6D  15  14  00  02  01  00  00  03  04  03  00  00  00  00  00  00  00  00  00  00  
00  00  00  6D  16  10  00  03  00  00  00  E3  07  02  19  12  29  32  00  37  02  00  00  6D  21  
1C  00  03  00  00  00  51  01  00  00  AD  FF  FF  FF  4F  FF  FF  FF  F1  FF  FF  FF  1B  00  00  
00  46  00  00  00  6D  22  10  00  03  00  00  00  3A  FE  FF  FF  26  02  00  00  BF  06  00  00  
6D  23  14  00  03  00  00  00  75  E2  AE  76  BC  4F  05  FD  DF  82  07  03  F2  7C  59  0A  6D  
24  24  00  02  00  00  00  00  00  00  00  00  00  00  00  00  00  00  00  00  00  00  00  00  00  
00  00  00  00  00  00  00  00  00  00  00  00  00  00  6D  31  20  00  03  00  00  00  97  EB  00  
00  5D  6D  FF  FF  D4  C9  00  00  86  B8  07  00  5B  F7  06  00  AE  75  70  FF  91  61  07  00  
6D  32  24  00  03  00  00  00  A6  3E  0C  00  73  09  CD  7B  01  00  00  00  5E  09  1B  8D  05  
00  00  00  FB  FF  FF  FF  01  00  00  00  01  00  00  00  6D  33  10  00  03  00  00  00  E3  07  
02  19  12  29  32  00  01  00  12  00  6D  34  14  00  03  00  00  00  1C  38  03  00  C9  12  FF  
FF  85  4E  04  00  FB  BB  07  00  6D  35  0C  00  03  00  00  00  27  8D  01  00  28  12  07  00  
41  53  F2  23  47  4E  00  00  BB  83  02  00  00  00  00  00  00  00  28  01  6D  15  14  00  02  
01  00  00  03  04  03  00  00  00  00  00  00  00  00  00  00  00  00  00  6D  16  10  00  03  00  
00  00  00  E3  07  02  19  12  29  32  00  41  02  00  00  6D  21  1C  00  03  00  00  00  2B  FF  
FF  FF  66  00  00  00  AF  FF  FF  FF  F4  FF  FF  FF  FF  FF  FF  FF  47  00  00  00  6D  22  10  
00  03  00  00  00  39  FE  FF  FF  26  02  00  00  BF  00  06  00  00  6D  23  14  00  03  00  00  
00  94  E1  AE  76  5E  F4  04  FD  12  A4  07  03  FF  62  59  0A  6D  24  24  00  02  00  00  00  
00  00  00  00  00  00  00  00  00  00  00  00  00  00  00  00  00  00  00  00  00  00  00  00  00  
00  00  00  00  00  00  00  00  6D  31  20  00  03  00  00  00  AE  14  00  00  A6  B5  FF  FF  28  
EF  00  00  9E  C6  07  00  3A  87  06  00  42  78  70  FF  36  62  07  00  6D  32  24  00  03  00  
00  00  A6  3E  0C  00  73  09  CD  7B  01  00  00  00  5E  00  09  1B  8D  05  00  00  00  FB  FF  
FF  FF  01  00  00  00  01  00  00  00  6D  33  10  00  03  00  00  00  E3  07  02  19  12  29  32  
00  01  00  12  00  6D  34  14  00  03  00  00  00  00  40  03  00  54  1A  FF  FF  BC  46  04  00  
6C  BE  07  00  6D  35  0C  00  03  00  00  2B  47  4E  00  00  BC  83  02  00  00  00  00  00  00  
00  28  01  6D  15  14  00  02  01  00  00  03  04  03  00  00  00  00  00  00  00  00  00  00  00  
00  00  6D  16  10  00  03  00  00  00  E3  07  02  19  12  29  32  00  4B  02  00  00  6D  21  1C  
00  03  00  00  00  0C  02  00  00  D5  FF  FF  FF  91  FF  FF  FF  FC  FF  FF  FF  09  00  00  00  
5A  00  00  00  6D  22  10  00  03  00  00  00  3A  FE  FF  FF  26  02  00  00  BF  06  00  00  6D  
23  14  00  03  00  00  00  9A  EA  AE  76  C7  BB  05  FD  D4  A4  07  03  AB  34  59  0A  6D  24  
24  00  02  00  00  00  00  00  00  00  00  00  00  00  00  00  00  00  00  00  00  00  00  00  00  
00  00  00  00  00  00  00  00  00  00  00  00  00  6D  31  20  00  03  00  00  00  A3  34  01  00  
06  7D  FF  FF  80  E3  00  00  42  E7  07  00  68  AF  06  00  AE  C4  70  FF  28  61  07  00  6D  
32  24  00  03  00  00  00  A6  3E  0C  00  73  09  CD  7B  01  00  00  00  5E  09  1B  8D  05  00  
00  00  FB  FF  FF  FF  01  00  00  00  01  00  00  00  6D  33  10  00  03  00  00  00  E3  07  02  
19  12  29  32  00  01  00  12  00  6D  34  14  00  03  00  00  00  6E  57  03  00  81  29  FF  FF  
01  3F  04  00  F4  D1  07  00  6D  35  0C  00  03  00  00  00  29  8D  01  00  28  12  07  00  41  
53  00  57  47  4E  00  00  BD  83  02  00  00  00  00  00  00  00  28  01  6D  15  14  00  02  01  
00  00  03  04  03  00  00  00  00  00  00  00  00  00  00  00  00  00  6D  16  10  00  03  00  00  
00  00  E3  07  02  19  12  29  32  00  55  02  00  00  6D  21  1C  00  03  00  00  00  6B  01  00  
00  18  00  00  00  25  00  00  00  FF  FF  FF  FF  F8  FF  FF  FF  2E  00  00  00  6D  22  10  00  
03  00  00  00  3A  FE  FF  FF  26  02  00  00  BF  00  06  00  00  6D  23  14  00  03  00  00  00  
53  EC  AE  76  5C  43  06  FD  6B  BB  07  03  50  41  59  0A  6D  24  24  00  02  00  00  00  00  
00  00  00  00  00  00  00  00  00  00  00  00  00  00  00  00  00  00  00  00  00  00  00  00  00  
00  00  00  00  00  00  00  6D  31  20  00  03  00  00  00  B1  F5  00  00  D9  96  FF  FF  3B  1D  
01  00  93  EF  07  00  2E  6C  06  00  EA  18  70  FF  84  60  07  00  6D  32  24  00  03  00  00  
00  A6  3E  0C  00  73  09  CD  7B  01  00  00  00  5E  00  09  1B  8D  05  00  00  00  FB  FF  FF  
FF  01  00  00  00  01  00  00  00  6D  33  10  00  03  00  00  00  E3  07  02  19  12  29  32  00  
01  00  12  00  6D  34  14  00  03  00  00  00  A0  57  03  00  BB  47  FF  FF  9F  4E  04  00  60  
3D  08  00  6D  35  0C  00  03  00  00  F2  47  4E  00  00  BE  83  02  00  00  00  00  00  00  00  
28  01  6D  15  14  00  02  01  00  00  03  04  03  00  00  00  00  00  00  00  00  00  00  00  00  
00  6D  16  10  00  03  00  00  00  E3  07  02  19  12  29  32  00  5F  02  00  00  6D  21  1C  00  
03  00  00  00  37  00  00  00  85  FF  FF  FF  94  FF  FF  FF  E5  FF  FF  FF  FE  FF  FF  FF  3D  
00  00  00  6D  22  10  00  03  00  00  00  3A  FE  FF  FF  26  02  00  00  BF  06  00  00  6D  23  
14  00  03  00  00  00  8E  F1  AE  76  8F  57  06  FD  E9  8C  07  03  C0  18  59  0A  6D  24  24  
00  02  00  00  00  00  00  00  00  00  00  00  00  00  00  00  00  00  00  00  00  00  00  00  00  
00  00  00  00  00  00  00  00  00  00  00  00  6D  31  20  00  03  00  00  00  9E  7D  00  00  9D  
5D  FF  FF  84  E4  00  00  61  8A  07  00  87  82  06  00  11  53  70  FF  C6  61  07  00  6D  32  
24  00  03  00  00  00  A6  3E  0C  00  73  09  CD  7B  01  00  00  00  5E  09  1B  8D  05  00  00  
00  FB  FF  FF  FF  01  00  00  00  01  00  00  00  6D  33  10  00  03  00  00  00  E3  07  02  19  
12  29  32  00  01  00  12  00  6D  34  14  00  03  00  00  00  B9  34  03  00  35  3C  FF  FF  81  
4E  04  00  7C  E5  07  00  6D  35  0C  00  03  00  00  00  25  8D  01  00  0F  12  07  00  41  53  
AF  0F  47  4E  00  00  BF  83  02  00  00  00  00  00  00  00  28  01  6D  15  14  00  02  01  00  
00  03  04  03  00  00  00  00  00  00  00  00  00  00  00  00  00  6D  16  10  00  03  00  00  00  
00  E3  07  02  19  12  29  32  00  69  02  00  00  6D  21  1C  00  03  00  00  00  1B  00  00  00  
82  00  00  00  4E  00  00  00  0F  00  00  00  FB  FF  FF  FF  3A  00  00  00  6D  22  10  00  03  
00  00  00  3A  FE  FF  FF  26  02  00  00  BF  00  06  00  00  6D  23  14  00  03  00  00  00  95  
ED  AE  76  0A  59  06  FD  A3  C1  07  03  4C  37  59  0A  6D  24  24  00  02  00  00  00  00  00  
00  00  00  00  00  00  00  00  00  00  00  00  00  00  00  00  00  00  00  00  00  00  00  00  00  
00  00  00  00  00  00  6D  31  20  00  03  00  00  00  8F  72  00  00  39  C0  FF  FF  5D  2D  01  
00  35  30  08  00  9D  77  06  00  22  45  70  FF  73  61  07  00  6D  32  24  00  03  00  00  00  
A6  3E  0C  00  73  09  CD  7B  01  00  00  00  5E  00  09  1B  8D  05  00  00  00  FB  FF  FF  FF  
01  00  00  00  01  00  00  00  6D  33  10  00  03  00  00  00  E3  07  02  19  12  29  32  00  01  
00  12  00  6D  34  14  00  03  00  00  00  B8  4F  03  00  9C  38  FF  FF  99  4E  04  00  5E  EA  
07  00  6D  35  0C  00  03  00  00  F8  47  4E  00  00  C0  83  02  00  AA  AA  AA  AA  00  00  28  
01  6D  15  14  00  02  01  00  00  03  04  03  00  00  00  00  00  00  00  00  00  00  00  00  00  
6D  16  10  00  03  00  00  00  E3  07  02  19  12  29  32  00  73  02  00  00  6D  21  1C  00  03  
00  00  00  AE  00  00  00  E3  FF  FF  FF  0B  00  00  00  10  00  00  00  FC  FF  FF  FF  6A  00  
00  00  6D  22  10  00  03  00  00  00  3B  FE  FF  FF  26  02  00  00  BF  06  00  00  6D  23  14  
00  03  00  00  00  B6  EE  AE  76  9F  99  06  FD  94  BD  07  03  1E  3E  59  0A  6D  24  24  00  
02  00  00  00  00  00  00  00  00  00  00  00  00  00  00  00  00  00  00  00  00  00  00  00  00  
00  00  00  00  00  00  00  00  00  00  00  6D  31  20  00  03  00  00  00  33  AC  00  00  1D  82  
FF  FF  27  13  01  00  B9  33  08  00  B1  79  06  00  37  01  71  FF  F3  61  07  00  6D  32  24  
00  03  00  00  00  A6  3E  0C  00  73  09  CD  7B  01  00  00  00  5E  09  1B  8D  05  00  00  00  
FB  FF  FF  FF  01  00  00  00  01  00  00  00  6D  33  10  00  03  00  00  00  E3  07  02  19  12  
29  32  00  01  00  12  00  6D  34  14  00  03  00  00  00  58  76  03  00  DB  38  FF  FF  BB  4E  
04  00  8C  0C  08  00  6D  35  0C  00  03  00  00  00  27  8D  01  00  28  12  07  00  41  53  C9  
34  47  4E  00  00  C1  83  02  00  02  03  90  01  00  00  28  01  6D  15  14  00  02  01  00  00  
03  04  03  00  00  00  00  00  00  00  00  00  00  00  00  00  6D  16  10  00  03  00  00  00  00  
E3  07  02  19  12  29  32  00  7D  02  00  00  6D  21  1C  00  03  00  00  00  94  00  00  00  51  
FF  FF  FF  42  00  00  00  F0  FF  FF  FF  17  00  00  00  3F  00  00  00  6D  22  10  00  03  00  
00  00  3B  FE  FF  FF  26  02  00  00  BF  00  06  00  00  6D  23  14  00  03  00  00  00  F5  EE  
AE  76  6C  D4  06  FD  E0  80  07  03  F3  5D  59  0A  6D  24  24  00  02  00  00  00  00  00  00  
00  00  00  00  00  00  00  00  00  00  00  00  00  00  00  00  00  00  00  00  00  00  00  00  00  
00  00  00  00  00  6D  31  20  00  03  00  00  00  F0  A1  00  00  FB  48  FF  FF  4C  28  01  00  
88  B6  07  00  7D  E2  06  00  D6  59  70  FF  4E  61  07  00  6D  32  24  00  03  00  00  00  A6  
3E  0C  00  73  09  CD  7B  01  00  00  00  5E  00  09  1B  8D  05  00  00  00  FB  FF  FF  FF  01  
00  00  00  01  00  00  00  6D  33  10  00  03  00  00  00  E3  07  02  19  12  29  32  00  01  00  
12  00  6D  34  14  00  03  00  00  00  B0  48  03  00  D8  74  FF  FF  90  4E  04  00  6C  BE  07  
00  6D  35  0C  00  03  00  00  A8  47  4E  00  00  C2  83  02  00  04  00  01  00  00  00  28  01  
6D  15  14  00  02  01  00  00  03  04  03  00  00  00  00  00  00  00  00  00  00  00  00  00  6D  
16  10  00  03  00  00  00  E3  07  02  19  12  29  32  00  87  02  00  00  6D  21  1C  00  03  00  
00  00  42  01  00  00  5F  FF  FF  FF  FE  FF  FF  FF  EE  FF  FF  FF  E3  FF  FF  FF  3D  00  00  
00  6D  22  10  00  03  00  00  00  3B  FE  FF  FF  25  02  00  00  BF  06  00  00  6D  23  14  00  
03  00  00  00  59  F3  AE  76  5B  52  07  FD  06  4E  07  03  AA  5E  59  0A  6D  24  24  00  02  
00  00  00  00  00  00  00  00  00  00  00  00  00  00  00  00  00  00  00  00  00  00  00  00  00  
00  00  00  00  00  00  00  00  00  00  6D  31  20  00  03  00  00  00  F1  E5  00  00  4E  4E  FF  
FF  D2  0D  01  00  CE  AD  07  00  2C  15  06  00  3B  53  70  FF  A0  61  07  00  6D  32  24  00  
03  00  00  00  A6  3E  0C  00  73  09  CD  7B  01  00  00  00  5E  09  1B  8D  05  00  00  00  FB  
FF  FF  FF  01  00  00  00  01  00  00  00  6D  33  10  00  03  00  00  00  E3  07  02  19  12  29  
32  00  01  00  12  00  6D  34  14  00  03  00  00  00  8F  3C  03  00  31  3C  FF  FF  D0  42  04  
00  27  8B  07  00  6D  35  0C  00  03  00  00  00  29  8D  01  00  28  12  07  00  41  53  51  F4  
47  4E  00  00  C3  83  02  00  C0  C6  2D  00  00  00  28  01  6D  15  14  00  02  01  00  00  03  
04  03  00  00  00  00  00  00  00  00  00  00  00  00  00  6D  16  10  00  03  00  00  00  00  E3  
07  02  19  12  29  32  00  91  02  00  00  6D  21  1C  00  03  00  00  00  CE  FE  FF  FF  00  FF  
FF  FF  B1  FF  FF  FF  05  00  00  00  0C  00  00  00  40  00  00  00  6D  22  10  00  03  00  00  
00  3B  FE  FF  FF  25  02  00  00  BF  00  06  00  00  6D  23  14  00  03  00  00  00  53  F5  AE  
76  C8  DE  06  FD  09  E0  06  03  F7  46  59  0A  6D  24  24  00  02  00  00  00  00  00  00  00  
00  00  00  00  00  00  00  00  00  00  00  00  00  00  00  00  00  00  00  00  00  00  00  00  00  
00  00  00  00  6D  31  20  00  03  00  00  00  A8  F0  FF  FF  66  29  FF  FF  DE  EF  00  00  E4  
05  08  00  6B  B6  06  00  8F  5E  70  FF  6C  61  07  00  6D  32  24  00  03  00  00  00  A6  3E  
0C  00  73  09  CD  7B  01  00  00  00  5E  00  09  1B  8D  05  00  00  00  FB  FF  FF  FF  01  00  
00  00  01  00  00  00  6D  33  10  00  03  00  00  00  E3  07  02  19  12  29  32  00  01  00  12  
00  6D  34  14  00  03  00  00  00  6E  44  03  00  F1  3F  FF  FF  21  37  04  00  CD  99  07  00  
6D  35  0C  00  03  00  00  FE  47  4E  00  00  C4  83  02  00  00  10  0E  00  00  00  28  01  6D  
15  14  00  02  01  00  00  03  04  03  00  00  00  00  00  00  00  00  00  00  00  00  00  6D  16  
10  00  03  00  00  00  E3  07  02  19  12  29  32  00  9B  02  00  00  6D  21  1C  00  03  00  00  
00  4F  01  00  00  83  00  00  00  D5  FF  FF  FF  05  00  00  00  E9  FF  FF  FF  4C  00  00  00  
6D  22  10  00  03  00  00  00  3B  FE  FF  FF  25  02  00  00  BF  06  00  00  6D  23  14  00  03  
00  00  00  5B  F8  AE  76  2C  58  07  FD  FC  1E  07  03  A4  34  59  0A  6D  24  24  00  02  00  
00  00  00  00  00  00  00  00  00  00  00  00  00  00  00  00  00  00  00  00  00  00  00  00  00  
00  00  00  00  00  00  00  00  00  6D  31  20  00  03  00  00  00  07  EB  00  00  66  C0  FF  FF  
BC  FD  00  00  13  06  08  00  22  2F  06  00  E4  8A  70  FF  99  61  07  00  6D  32  24  00  03  
00  00  00  2A  3D  0C  00  85  09  CD  7B  01  00  00  00  6F  09  1B  8D  05  00  00  00  03  00  
00  00  FF  FF  FF  FF  01  00  00  00  6D  33  10  00  03  00  00  00  E3  07  02  19  12  29  32  
00  01  00  12  00  6D  34  14  00  03  00  00  00  2B  68  03  00  D7  83  FF  FF  D3  1F  04  00  
04  F9  07  00  6D  35  0C  00  03  00  00  00  22  8D  01  00  28  12  07  00  41  53  17  B1  47  
4E  00  00  C5  83  02  00  01  00  00  01  00  00  28  01  6D  15  14  00  02  01  00  00  03  04  
03  00  00  00  00  00  00  00  00  00  00  00  00  00  6D  16  10  00  03  00  00  00  00  E3  07  
02  19  12  29  32  00  A5  02  00  00  6D  21  1C  00  03  00  00  00  F1  00  00  00  52  FF  FF  
FF  77  00  00  00  01  00  00  00  03  00  00  00  42  00  00  00  6D  22  10  00  03  00  00  00  
3B  FE  FF  FF  25  02  00  00  BF  00  06  00  00  6D  23  14  00  03  00  00  00  FC  F7  AE  76  
E2  B8  07  FD  A2  E5  06  03  6C  65  59  0A  6D  24  24  00  02  00  00  00  00  00  00  00  00  
00  00  00  00  00  00  00  00  00  00  00  00  00  00  00  00  00  00  00  00  00  00  00  00  00  
00  00  00  6D  31  20  00  03  00  00  00  6B  C6  00  00  0A  49  FF  FF  0B  3D  01  00  CA  F5  
07  00  89  93  06  00  88  65  70  FF  21  61  07  00  6D  32  24  00  03  00  00  00  2A  3D  0C  
00  85  09  CD  7B  01  00  00  00  6F  00  09  1B  8D  05  00  00  00  03  00  00  00  FF  FF  FF  
FF  01  00  00  00  6D  33  10  00  03  00  00  00  E3  07  02  19  12  29  32  00  01  00  12  00  
6D  34  14  00  03  00  00  00  F0  57  03  00  B7  56  FF  FF  00  3F  04  00  6C  BE  07  00  6D  
35  0C  00  03  00  00  20  47  4E  00  00  C6  83  02  00  30  0F  1F  00  00  00  28  01  6D  15  
14  00  02  01  00  00  03  04  03  00  00  00  00  00  00  00  00  00  00  00  00  00  6D  16  10  
00  03  00  00  00  E3  07  02  19  12  29  32  00  AF  02  00  00  6D  21  1C  00  03  00  00  00  
87  00  00  00  87  FF  FF  FF  F2  FF  FF  FF  F2  FF  FF  FF  F4  FF  FF  FF  2E  00  00  00  6D  
22  10  00  03  00  00  00  3B  FE  FF  FF  25  02  00  00  BF  06  00  00  6D  23  14  00  03  00  
00  00  B9  FA  AE  76  62  ED  07  FD  97  BB  06  03  69  61  59  0A  6D  24  24  00  02  00  00  
00  00  00  00  00  00  00  00  00  00  00  00  00  00  00  00  00  00  00  00  00  00  00  00  00  
00  00  00  00  00  00  00  00  6D  31  20  00  03  00  00  00  CE  9C  00  00  AC  5D  FF  FF  F1  
08  01  00  93  B9  07  00  8C  56  06  00  C0  16  70  FF  82  61  07  00  6D  32  24  00  03  00  
00  00  2A  3D  0C  00  85  09  CD  7B  01  00  00  00  6F  09  1B  8D  05  00  00  00  03  00  00  
00  FF  FF  FF  FF  01  00  00  00  6D  33  10  00  03  00  00  00  E3  07  02  19  12  29  32  00  
01  00  12  00  6D  34  14  00  03  00  00  00  FC  56  03  00  64  1E  FF  FF  2C  62  04  00  B8  
DB  07  00  6D  35  0C  00  03  00  00  00  2C  8D  01  00  41  12  07  00  41  53  54  98  47  4E  
00  00  C7  83  02  00  00  00  00  00  00  00  28  01  6D  15  14  00  02  01  00  00  03  04  03  
00  00  00  00  00  00  00  00  00  00  00  00  00  6D  16  10  00  03  00  00  00  00  E3  07  02  
19  12  29  32  00  B9  02  00  00  6D  21  1C  00  03  00  00  00  76  02  00  00  38  FF  FF  FF  
0A  00  00  00  0A  00  00  00  F2  FF  FF  FF  46  00  00  00  6D  22  10  00  03  00  00  00  3C  
FE  FF  FF  25  02  00  00  BF  00  06  00  00  6D  23  14  00  03  00  00  00  2A  02  AF  76  F8  
E5  08  FD  31  84  06  03  86  63  59  0A  6D  24  24  00  02  00  00  00  00  00  00  00  00  00  
00  00  00  00  00  00  00  00  00  00  00  00  00  00  00  00  00  00  00  00  00  00  00  00  00  
00  00  6D  31  20  00  03  00  00  00  58  5E  01  00  E8  3E  FF  FF  8D  12  01  00  02  19  08  
00  C9  4D  06  00  E2  75  70  FF  FC  60  07  00  6D  32  24  00  03  00  00  00  2A  3D  0C  00  
85  09  CD  7B  01  00  00  00  6F  00  09  1B  8D  05  00  00  00  03  00  00  00  FF  FF  FF  FF  
01  00  00  00  6D  33  10  00  03  00  00  00  E3  07  02  19  12  29  32  00  01  00  12  00  6D  
34  14  00  03  00  00  00  0C  53  03  00  9F  1A  FF  FF  11  66  04  00  47  D9  07  00  6D  35  
0C  00  03  00  00  DB  47  4E  00  00  C8  83  02  00  03  00  00  00  00  00  28  01  6D  15  14  
00  02  01  00  00  03  04  03  00  00  00  00  00  00  00  00  00  00  00  00  00  6D  16  10  00  
03  00  00  00  E3  07  02  19  12  29  32  00  C3  02  00  00  6D  21  1C  00  03  00  00  00  DB  
FE  FF  FF  36  FF  FF  FF  29  00  00  00  FD  FF  FF  FF  F9  FF  FF  FF  36  00  00  00  6D  22  
10  00  03  00  00  00  3C  FE  FF  FF  25  02  00  00  BF  06  00  00  6D  23  14  00  03  00  00  
00  83  FF  AE  76  0C  78  08  FD  53  2D  06  03  DB  7B  59  0A  6D  24  24  00  02  00  00  00  
00  00  00  00  00  00  00  00  00  00  00  00  00  00  00  00  00  00  00  00  00  00  00  00  00  
00  00  00  00  00  00  00  6D  31  20  00  03  00  00  00  9E  F5  FF  FF  2F  3E  FF  FF  CF  1E  
01  00  8F  E3  07  00  37  67  06  00  D8  34  70  FF  0B  61  07  00  6D  32  24  00  03  00  00  
00  2A  3D  0C  00  85  09  CD  7B  01  00  00  00  6F  09  1B  8D  05  00  00  00  03  00  00  00  
FF  FF  FF  FF  01  00  00  00  6D  33  10  00  03  00  00  00  E3  07  02  19  12  29  32  00  01  
00  12  00  6D  34  14  00  03  00  00  00  2D  48  03  00  A2  47  FF  FF  92  4E  04  00  A8  B4  
07  00  6D  35  0C  00  03  00  00  00  27  8D  01  00  28  12  07  00  41  53  99  13  47  4E  00  
00  C9  83  02  00  00  00  12  00  00  00  28  01  6D  15  14  00  02  01  00  00  03  04  03  00  
00  00  00  00  00  00  00  00  00  00  00  00  6D  16  10  00  03  00  00  00  00  E3  07  02  19  
12  29  32  00  CD  02  00  00  6D  21  1C  00  03  00  00  00  F4  FF  FF  FF  D2  00  00  00  94  
FF  FF  FF  0F  00  00  00  02  00  00  00  33  00  00  00  6D  22  10  00  03  00  00  00  3C  FE  
FF  FF  25  02  00  00  BF  00  06  00  00  6D  23  14  00  03  00  00  00  93  00  AF  76  7B  67  
08  FD  CE  7E  06  03  18  53  59  0A  6D  24  24  00  02  00  00  00  00  00  00  00  00  00  00  
00  00  00  00  00  00  00  00  00  00  00  00  00  00  00  00  00  00  00  00  00  00  00  00  00  
00  6D  31  20  00  03  00  00  00  68  63  00  00  2F  DF  FF  FF  44  E4  00  00  C6  2B  08  00  
C7  8C  06  00  88  2B  70  FF  0B  61  07  00  6D  32  24  00  03  00  00  00  2A  3D  0C  00  85  
09  CD  7B  01  00  00  00  6F  00  09  1B  8D  05  00  00  00  03  00  00  00  FF  FF  FF  FF  01  
00  00  00  6D  33  10  00  03  00  00  00  E3  07  02  19  12  29  32  00  01  00  12  00  6D  34  
14  00  03  00  00  00  B0  38  03  00  61  38  FF  FF  E5  3E  04  00  7C  E5  07  00  6D  35  0C  
00  03  00  00  E5  47  4E  00  00  CA  83  02  00  00  00  00  00  00  00  28  01  6D  15  14  00  
02  01  00  00  03  04  03  00  00  00  00  00  00  00  00  00  00  00  00  00  6D  16  10  00  03  
00  00  00  E3  07  02  19  12  29  32  00  D7  02  00  00  6D  21  1C  00  03  00  00  00  2D  FD  
FF  FF  9C  00  00  00  45  00  00  00  01  00  00  00  10  00  00  00  4A  00  00  00  6D  22  10  
00  03  00  00  00  3B  FE  FF  FF  25  02  00  00  BF  06  00  00  6D  23  14  00  03  00  00  00  
08  F5  AE  76  F8  45  07  FD  69  A5  06  03  1A  79  59  0A  6D  24  24  00  02  00  00  00  00  
00  00  00  00  00  00  00  00  00  00  00  00  00  00  00  00  00  00  00  00  00  00  00  00  00  
00  00  00  00  00  00  6D  31  20  00  03  00  00  00  DD  4D  FF  FF  F6  C9  FF  FF  91  29  01  
00  A3  F7  07  00  A7  C6  06  00  FF  85  70  FF  73  61  07  00  6D  32  24  00  03  00  00  00  
2A  3D  0C  00  85  09  CD  7B  01  00  00  00  6F  09  1B  8D  05  00  00  00  03  00  00  00  FF  
FF  FF  FF  01  00  00  00  6D  33  10  00  03  00  00  00  E3  07  02  19  12  29  32  00  01  00  
12  00  6D  34  14  00  03  00  00  00  05  2D  03  00  BC  43  FF  FF  4B  56  04  00  75  FB  07  
00  6D  35  0C  00  03  00  00  00  27  8D  01  00  73  12  07  00  41  53  CA  5F  47  4E  00  00  
CB  83  02  00  00  00  00  00  00  00  28  01  6D  15  14  00  02  01  00  00  03  04  03  00  00  
00  00  00  00  00  00  00  00  00  00  00  6D  16  10  00  03  00  00  00  00  E3  07  02  19  12  
29  32  00  E1  02  00  00  6D  21  1C  00  03  00  00  00  A0  01  00  00  F2  FF  FF  FF  0A  00  
00  00  14  00  00  00  05  00  00  00  3F  00  00  00  6D  22  10  00  03  00  00  00  3B  FE  FF  
FF  25  02  00  00  BF  00  06  00  00  6D  23  14  00  03  00  00  00  16  F8  AE  76  DA  E3  07  
FD  32  B0  06  03  42  80  59  0A  6D  24  24  00  02  00  00  00  00  00  00  00  00  00  00  00  
00  00  00  00  00  00  00  00  00  00  00  00  00  00  00  00  00  00  00  00  00  00  00  00  00  
6D  31  20  00  03  00  00  00  9C  0A  01  00  5F  87  FF  FF  B6  12  01  00  96  40  08  00  EA  
9A  06  00  93  57  70  FF  D6  60  07  00  6D  32  24  00  03  00  00  00  2A  3D  0C  00  85  09  
CD  7B  01  00  00  00  6F  00  09  1B  8D  05  00  00  00  03  00  00  00  FF  FF  FF  FF  01  00  
00  00  6D  33  10  00  03  00  00  00  E3  07  02  19  12  29  32  00  01  00  12  00  6D  34  14  
00  03  00  00  00  1B  2D  03  00  45  4B  FF  FF  4A  56  04  00  B1  F1  07  00  6D  35  0C  00  
03  00  00  13  47  4E  00  00  CC  83  02  00  00  00  00  00  00  00  28  01  6D  15  14  00  02  
01  00  00  03  04  03  00  00  00  00  00  00  00  00  00  00  00  00  00  6D  16  10  00  03  00  
00  00  E3  07  02  19  12  00  29  32  00  EB  02  00  00  6D  21  1C  00  03  00  00  00  B1  FF  
FF  FF  D6  FF  FF  FF  28  00  00  00  01  00  00  00  FD  FF  FF  FF  1D  00  00  00  6D  22  10  
00  03  00  00  00  3B  FE  FF  FF  25  02  00  00  BF  06  00  00  6D  23  14  00  00  03  00  00  
00  3E  F5  AE  76  3E  C2  07  FD  E6  A0  06  03  B0  9B  59  0A  6D  24  24  00  02  00  00  00  
00  00  00  00  00  00  00  00  00  00  00  00  00  00  00  00  00  00  00  00  00  00  00  00  00  
00  00  00  00  00  00  00  6D  00  31  20  00  03  00  00  00  1A  49  00  00  99  7C  FF  FF  2D  
1E  01  00  9B  F6  07  00  EF  79  06  00  5A  D3  6F  FF  12  61  07  00  6D  32  24  00  03  00  
00  00  2A  3D  0C  00  85  09  CD  7B  01  00  00  00  6F  09  1B  8D  05  00  00  00  00  03  00  
00  00  FF  FF  FF  FF  01  00  00  00  6D  33  10  00  03  00  00  00  E3  07  02  19  12  29  32  
00  01  00  12  00  6D  34  14  00  03  00  00  00  08  39  03  00  85  56  FF  FF  E4  3E  04  00  
6C  BE  07  00  6D  35  0C  00  03  00  00  00  00  27  8D  01  00  BE  FC  47  4E  00  00  E1  83  
02  00  3D  87  01  00  00  00  28  01  6D  15  14  00  02  01  00  00  03  04  03  00  00  00  00  
00  00  00  00  00  00  00  00  00  6D  16  10  00  03  00  00  00  E3  07  02  19  12  00  29  32  
00  BD  03  00  00  6D  21  1C  00  03  00  00  00  93  01  00  00  7A  FF  FF  FF  B4  FF  FF  FF  
EA  FF  FF  FF  15  00  00  00  20  00  00  00  6D  22  10  00  03  00  00  00  3E  FE  FF  FF  26  
02  00  00  C1  06  00  00  6D  23  14  00  00  03  00  00  00  7F  D3  AE  76  74  74  0B  FD  41  
DA  07  03  8C  D1  5B  0A  6D  24  24  00  02  00  00  00  00  00  00  00  00  00  00  00  00  00  
00  00  00  00  00  00  00  00  00  00  00  00  00  00  00  00  00  00  00  00  00  00  6D  00  31  
20  00  03  00  00  00  69  05  01  00  BA  58  FF  FF  7F  F3  00  00  A3  9F  07  00  93  CF  06  
00  37  E1  6F  FF  C6  61  07  00  6D  32  24  00  03  00  00  00  84  38  0C  00  62  09  CD  7B  
01  00  00  00  92  09  1B  8D  05  00  00  00  00  00  00  00  FC  FF  FF  34  47  4E  00  00  E2  
83  02  00  01  16  01  60  00  00  28  01  6D  15  14  00  02  01  00  00  03  04  03  00  00  00  
00  00  00  00  00  00  00  00  00  00  6D  16  10  00  03  00  00  00  E3  07  02  19  12  29  32  
00  C7  03  00  00  6D  21  1C  00  03  00  00  00  B0  FF  FF  FF  A2  FF  FF  FF  2F  00  00  00  
21  00  00  00  FC  FF  FF  FF  29  00  00  00  6D  22  10  00  03  00  00  00  3E  FE  FF  FF  25  
02  00  00  C1  06  00  00  6D  23  14  00  03  00  00  00  08  D1  AE  76  E1  51  0B  FD  E3  B5  
07  03  8E  EE  5B  0A  6D  24  24  00  02  00  00  00  00  00  00  00  00  00  00  00  00  00  00  
00  00  00  00  00  00  00  00  00  00  00  00  00  00  00  00  00  00  00  00  00  6D  31  20  00  
03  00  00  00  EE  48  00  00  F0  67  FF  FF  68  23  01  00  67  76  08  00  1B  6C  06  00  E6  
01  70  FF  B7  61  07  00  6D  32  24  00  03  00  00  00  7C  36  0C  00  62  09  CD  7B  01  00  
00  00  B5  09  1B  8D  05  00  00  00  02  00  00  00  01  00  00  00  00  00  00  00  6D  33  10  
00  03  00  00  00  E3  07  02  19  12  29  32  00  01  00  12  00  6D  34  14  00  03  00  00  00  
60  40  03  00  46  29  FF  FF  52  2F  04  00  F4  D1  07  00  6D  35  0C  00  03  00  00  00  00  
25  8D  01  00  8C  12  07  00  41  53  B7  C3  47  4E  00  00  E3  83  02  00  2A  00  00  00  00  
00  28  01  6D  15  14  00  02  01  00  00  03  04  03  00  00  00  00  00  00  00  00  00  00  00  
00  00  6D  16  10  00  03  00  00  00  00  E3  07  02  19  12  29  32  00  D1  03  00  00  6D  21  
1C  00  03  00  00  00  5C  01  00  00  7B  FF  FF  FF  05  00  00  00  07  00  00  00  22  00  00  
00  29  00  00  00  6D  22  10  00  03  00  00  00  3E  FE  FF  FF  25  02  00  00  C1  00  06  00  
00  6D  23  14  00  03  00  00  00  4A  D4  AE  76  7F  D5  0B  FD  44  91  07  03  7E  F9  5B  0A  
6D  24  24  00  02  00  00  00  00  00  00  00  00  00  00  00  00  00  00  00  00  00  00  00  00  
00  00  00  00  00  00  00  00  00  00  00  00  00  00  00  00  6D  31  20  00  03  00  00  00  2E  
F0  00  00  C9  58  FF  FF  E6  12  01  00  0C  0F  08  00  BB  00  07  00  B2  01  70  FF  2F  62  
07  00  6D  32  24  00  03  00  00  00  7C  36  0C  00  62  09  CD  7B  01  00  00  00  B5  09  1B  
8D  05  00  00  00  02  AD  47  4E  00  00  E4  83  02  00  10  05  00  00  00  00  28  01  6D  15  
14  00  02  01  00  00  03  04  03  00  00  00  00  00  00  00  00  00  00  00  00  00  6D  16  10  
00  03  00  00  00  E3  07  02  19  12  29  32  00  DB  03  00  00  6D  21  1C  00  03  00  00  00  
41  01  00  00  0E  00  00  00  2C  00  00  00  F8  FF  FF  FF  F6  FF  FF  FF  55  00  00  00  6D  
22  10  00  03  00  00  00  3E  FE  FF  FF  25  02  00  00  C1  06  00  00  6D  23  14  00  03  00  
00  00  66  D4  AE  76  38  49  0C  FD  58  A5  07  03  5D  13  5C  0A  6D  24  24  00  02  00  00  
00  00  00  00  00  00  00  00  00  00  00  00  00  00  00  00  00  00  00  00  00  00  00  00  00  
00  00  00  00  00  00  00  00  6D  31  20  00  03  00  00  00  59  E5  00  00  EE  91  FF  FF  69  
22  01  00  54  D4  07  00  CD  53  06  00  CE  AD  70  FF  9F  62  07  00  6D  32  24  00  03  00  
00  00  7C  36  0C  00  62  09  CD  7B  01  00  00  00  B5  09  1B  8D  05  00  00  00  02  00  00  
00  01  00  00  00  00  00  00  00  6D  33  10  00  03  00  00  00  E3  07  02  19  12  29  32  00  
01  00  12  00  6D  34  14  00  03  00  00  00  BC  66  03  00  B0  29  FF  FF  AE  4E  04  00  14  
20  08  00  6D  35  0C  00  03  00  00  00  00  22  8D  01  00  D7  12  07  00  41  53  D1  77  47  
4E  00  00  E5  83  02  00  00  00  00  00  00  00  28  01  6D  15  14  00  02  01  00  00  03  04  
03  00  00  00  00  00  00  00  00  00  00  00  00  00  6D  16  10  00  03  00  00  00  E3  07  02  
19  12  29  32  00  E5  03  00  00  6D  21  1C  00  03  00  00  00  F7  FD  FF  FF  E0  00  00  00  
09  FF  FF  FF  FF  FF  FF  FF  FF  FF  FF  FF  2C  00  00  00  6D  22  10  00  03  00  00  00  3E  
FE  FF  FF  26  02  00  00  C1  06  00  00  6D  23  14  00  03  00  00  00  53  D4  AE  76  33  6C  
0B  FD  63  EB  07  03  B2  C0  5B  0A  6D  24  24  00  02  00  00  00  00  00  00  00  00  00  00  
00  00  00  00  00  00  00  00  00  00  00  00  00  00  00  00  00  00  00  00  00  00  00  00  00  
6D  31  20  00  03  00  00  00  CB  9C  FF  FF  FB  E3  FF  FF  EA  B0  00  00  1E  F1  07  00  0B  
77  06  00  8B  0D  70  FF  45  62  07  00  6D  32  24  00  03  00  00  00  7C  36  0C  00  62  09  
CD  7B  01  00  00  00  B5  09  1B  8D  05  00  00  00  02  00  29  8D  01  00  0F  12  07  00  41  
53  15  EA  47  4E  00  00  E6  83  02  00  00  00  00  00  00  00  28  01  6D  15  14  00  02  01  
00  00  03  04  03  00  00  00  00  00  00  00  00  00  00  00  00  00  6D  16  10  00  03  00  00  
00  E3  07  02  19  12  29  33  00  07  00  00  00  6D  21  1C  00  03  00  00  00  CC  FF  FF  FF  
4F  00  00  00  B5  FF  FF  FF  F8  FF  FF  FF  00  00  00  00  2C  00  00  00  6D  22  10  00  03  
00  00  00  3E  FE  FF  FF  26  02  00  00  C1  06  00  00  6D  23  14  00  03  00  00  00  8C  D4  
AE  76  D8  4B  0B  FD  27  0A  08  03  E6  AB  5B  0A  6D  24  24  00  02  00  00  00  00  00  00  
00  00  00  00  00  00  00  00  00  00  00  00  00  00  00  00  00  00  00  00  00  00  00  00  00  
00  00  00  00  6D  31  20  00  03  00  00  00  A8  53  00  00  55  AB  FF  FF  2D  F4  00  00  8D  
D5  07  00  01  7C  06  00  66  0D  70  FF  5D  61  07  00  6D  32  24  00  03  00  00  00  7C  36  
0C  00  62  09  CD  7B  01  00  00  00  B5  09  1B  8D  05  00  00  00  02  00  00  00  01  00  00  
00  00  00  00  00  6D  33  10  00  03  00  01  00  E3  07  02  19  12  29  32  00  01  00  12  00  
6D  34  14  00  03  00  00  00  DB  4F  03  00  F3  30  FF  FF  2D  00  37  04  00  E6  FD  07  00  
6D  35  0C  00  03  00  00  00  26  8D  01  00  F6  11  07  00  41  53  4D  A9  47  4E  00  00  E7  
83  02  00  00  00  00  00  00  00  28  01  6D  15  14  00  02  01  00  00  03  04  03  00  00  00  
00  00  00  00  00  00  00  00  00  00  6D  16  10  00  03  00  00  00  E3  07  02  19  12  29  33  
00  11  00  00  00  6D  21  1C  00  03  00  00  00  E8  FE  FF  FF  E5  FF  FF  FF  B6  FF  FF  FF  
06  00  00  00  16  00  00  00  3F  00  00  00  6D  22  10  00  03  00  00  00  3D  FE  FF  FF  26  
02  00  00  C1  06  00  00  6D  23  14  00  03  00  00  00  88  D3  AE  76  E0  D6  0A  FD  F1  F7  
07  03  79  9B  5B  0A  6D  24  24  00  02  00  00  00  00  00  00  00  00  00  00  00  00  00  00  
00  00  00  00  00  00  00  00  00  00  00  00  00  00  00  00  00  00  00  00  00  6D  31  20  00  
03  00  00  00  C2  FA  FF  FF  AD  81  FF  FF  B9  F4  00  00  97  0C  08  00  8A  D4  06  00  9F  
57  70  FF  E4  61  07  00  6D  32  24  00  03  00  00  00  7C  36  0C  00  62  09  CD  7B  01  01  
00  12  00  6D  34  14  00  03  00  00  00  D7  38  03  00  B2  30  FF  FF  93  23  04  00  B8  DB  
07  00  6D  35  0C  00  03  00  00  00  25  8D  01  00  28  12  07  00  41  53  70  E4  47  4E  00  
00  E8  83  02  00  00  04  00  00  00  00  28  01  6D  15  14  00  02  01  00  00  03  04  03  00  
00  00  00  00  00  00  00  00  00  00  00  00  6D  16  10  00  03  00  00  00  E3  07  02  19  12  
29  33  00  1B  00  00  00  6D  21  1C  00  03  00  00  00  E3  00  00  00  A4  FF  FF  FF  54  00  
00  00  F5  FF  FF  FF  09  00  00  00  3F  00  00  00  6D  22  10  00  03  00  00  00  3E  FE  FF  
FF  26  02  00  00  C1  06  00  00  6D  23  14  00  03  00  00  00  B0  D2  AE  76  E7  29  0B  FD  
31  DF  07  03  14  C4  5B  0A  6D  24  24  00  02  00  00  00  00  00  00  00  00  00  00  00  00  
00  00  00  00  00  00  00  00  00  00  00  00  00  00  00  00  00  00  00  00  00  00  00  6D  31  
20  00  03  00  00  00  D6  C0  00  00  56  68  FF  FF  67  32  01  00  42  CB  07  00  CF  A0  06  
00  10  5A  70  FF  5B  62  07  00  6D  32  24  00  03  00  00  00  7C  36  0C  00  62  09  CD  7B  
01  00  00  00  B5  09  1B  8D  05  00  00  00  02  00  00  00  01  00  00  00  00  00  00  00  6D  
33  10  00  03  00  00  00  E3  07  02  19  12  29  32  00  01  00  12  00  6D  34  14  00  03  00  
00  00  98  0A  03  00  12  47  FF  FF  1E  2F  04  00  B8  DB  07  00  6D  35  0C  00  03  00  00  
00  25  8D  01  00  28  12  07  00  41  53  E1  98  47  4E  00  00  E9  83  02  00  CB  BF  21  00  
00  00  28  01  6D  15  14  00  02  01  00  00  03  04  03  00  00  00  00  00  00  00  00  00  00  
00  00  00  6D  16  10  00  03  00  00  00  E3  07  02  19  12  29  33  00  25  00  00  00  6D  21  
1C  00  03  00  00  00  82  02  00  00  79  00  00  00  E6  FF  FF  FF  F8  FF  FF  FF  04  00  00  
00  57  00  00  00  6D  22  10  00  03  00  00  00  3E  FE  FF  FF  26  02  00  00  C1  06  00  00  
6D  23  14  00  03  00  00  00  74  D7  AE  76  E4  15  0C  FD  77  26  08  03  F0  BB  5B  0A  6D  
24  24  00  02  00  00  00  00  00  00  00  00  00  00  00  00  00  00  00  00  00  00  00  00  00  
00  00  00  00  00  00  00  00  00  00  00  00  00  00  6D  31  20  00  03  00  00  00  0D  63  01  
00  98  BB  FF  FF  8E  07  01  00  5D  D4  07  00  A5  89  06  00  98  B4  70  FF  18  62  07  00  
6D  32  24  00  03  00  00  00  7C  36  0C  00  62  09  CD  7B  01  00  00  00  B5  09  1B  8D  05  
00  00  00  02  00  00  00  01  00  00  00  00  00  00  00  6D  33  10  00  00  12  00  6D  34  14  
00  03  00  00  00  E8  57  03  00  8F  47  FF  FF  62  2F  04  00  B8  DB  07  00  6D  35  0C  00  
03  00  00  00  29  8D  01  00  28  12  07  00  41  53  01  88  47  4E  00  00  EA  83  02  00  CE  
20  00  00  00  00  28  01  6D  15  14  00  02  01  00  00  03  04  03  00  00  00  00  00  00  00  
00  00  00  00  00  00  6D  16  10  00  03  00  00  00  E3  07  02  19  12  29  33  00  2F  00  00  
00  6D  21  1C  00  03  00  00  00  2A  FF  FF  FF  E5  FF  FF  FF  2E  00  00  00  04  00  00  00  
14  00  00  00  3B  00  00  00  6D  22  10  00  03  00  00  00  3E  FE  FF  FF  26  02  00  00  C1  
06  00  00  6D  23  14  00  03  00  00  00  0F  D3  AE  76  52  BA  0B  FD  9A  17  08  03  8C  D8  
5B  0A  6D  24  24  00  02  00  00  00  00  00  00  00  00  00  00  00  00  00  00  00  00  00  00  
00  00  00  00  00  00  00  00  00  00  00  00  00  00  00  00  00  6D  31  20  00  03  00  00  00  
66  14  00  00  DE  81  FF  FF  82  23  01  00  7B  05  08  00  A8  C8  06  00  C6  49  70  FF  5B  
62  07  00  6D  32  24  00  03  00  00  00  7C  36  0C  00  62  09  CD  7B  01  00  00  00  B5  09  
1B  8D  05  00  00  00  02  00  00  00  01  00  00  00  00  00  00  00  6D  33  10  00  00  03  00  
00  00  E3  07  02  19  12  29  32  00  01  00  12  00  6D  34  14  00  03  00  00  00  00  41  03  
00  99  65  FF  FF  1C  37  04  00  F4  D1  07  00  6D  35  0C  00  03  00  00  00  27  8D  01  00  
73  12  07  00  41  53  C1  A0  47  4E  00  00  EB  83  02  00  00  00  00  00  00  00  28  01  6D  
15  14  00  02  01  00  00  03  04  03  00  00  00  00  00  00  00  00  00  00  00  00  00  6D  16  
10  00  03  00  00  00  E3  07  02  19  12  29  33  00  39  00  00  00  6D  21  1C  00  03  00  00  
00  4F  00  00  00  D5  00  00  00  CC  00  00  00  08  00  00  00  04  00  00  00  42  00  00  00  
6D  22  10  00  03  00  00  00  3E  FE  FF  FF  26  02  00  00  C1  06  00  00  6D  23  14  00  03  
00  00  00  9D  C9  AE  76  75  C9  0B  FD  C4  71  08  03  B2  2E  5C  0A  6D  24  24  00  02  00  
00  00  00  00  00  00  00  00  00  00  00  00  00  00  00  00  00  00  00  00  00  00  00  00  00  
00  00  00  00  00  00  00  00  00  6D  31  20  00  03  00  00  00  05  87  00  00  7E  DF  FF  FF  
5C  61  01  1B  8D  05  00  00  00  02  00  00  00  01  00  00  00  00  00  00  00  6D  33  10  00  
03  00  00  00  E3  07  02  19  12  29  32  00  01  00  12  00  6D  34  14  00  03  00  00  00  D8  
29  03  00  D1  70  FF  FF  BE  42  04  00  9A  E0  07  00  6D  35  0C  00  03  00  00  00  27  8D  
01  00  41  12  07  00  41  53  5B  3F  47  4E  00  00  EC  83  02  00  00  00  00  00  00  00  28  
01  6D  15  14  00  02  01  00  00  03  04  03  00  00  00  00  00  00  00  00  00  00  00  00  00  
00  6D  16  10  00  03  00  00  00  E3  07  02  19  12  29  33  00  43  00  00  00  6D  21  1C  00  
03  00  00  00  7B  FF  FF  FF  D4  00  00  00  A7  FF  FF  FF  02  00  00  00  04  00  00  00  58  
00  00  00  6D  22  10  00  00  03  00  00  00  3E  FE  FF  FF  26  02  00  00  C1  06  00  00  6D  
23  14  00  03  00  00  00  08  C8  AE  76  AF  83  0B  FD  A2  C1  08  03  88  15  5C  0A  6D  24  
24  00  02  00  00  00  00  00  00  00  00  00  00  00  00  00  00  00  00  00  00  00  00  00  00  
00  00  00  00  00  00  00  00  00  00  00  00  00  00  6D  31  20  00  03  00  00  00  52  34  00  
00  14  DF  FF  FF  E8  EE  00  00  66  FC  07  00  37  8A  06  00  71  BB  70  FF  21  61  07  00  
6D  32  24  00  03  00  00  00  00  7A  33  0C  00  50  09  CD  7B  01  00  00  00  D8  09  1B  8D  
05  00  00  00  01  00  00  00  00  00  00  00  01  00  00  00  6D  33  10  00  03  00  00  00  E3  
07  02  19  12  29  33  00  01  00  12  00  6D  34  14  00  03  00  00  00  17  29  03  00  5D  38  
FF  FF  77  4E  F1  47  4E  00  00  ED  83  02  00  00  00  00  00  00  00  28  01  6D  15  14  00  
02  01  00  00  03  04  03  00  00  00  00  00  00  00  00  00  00  00  00  00  6D  16  10  00  03  
00  00  00  E3  07  02  19  12  29  33  00  4D  00  00  00  6D  21  1C  00  03  00  00  00  68  01  
00  00  36  00  00  00  CA  00  00  00  06  00  00  00  FE  FF  FF  FF  35  00  00  00  6D  22  10  
00  03  00  00  00  3E  FE  FF  FF  26  02  00  00  C1  06  00  00  6D  23  14  00  03  00  00  00  
E4  C2  AE  76  EE  05  0C  FD  8D  E7  08  03  72  6A  5C  0A  6D  24  24  00  02  00  00  00  00  
00  00  00  00  00  00  00  00  00  00  00  00  00  00  00  00  00  00  00  00  00  00  00  00  00  
00  00  00  00  00  00  6D  31  20  00  03  00  00  00  E7  F4  00  00  76  A1  FF  FF  05  61  01  
00  A4  0F  08  00  29  75  06  00  91  32  70  FF  82  61  07  00  6D  32  24  00  03  00  00  00  
7A  33  0C  00  50  09  CD  7B  01  00  00  00  D8  09  1B  8D  05  00  00  00  01  00  00  00  00  
00  00  00  01  00  00  00  6D  33  10  00  03  00  00  00  E3  07  02  19  12  29  33  00  01  00  
12  00  6D  34  14  00  03  00  00  00  11  1A  03  00  2B  47  FF  FF  2C  2F  04  00  D4  83  07  
00  6D  35  0C  00  03  00  00  00  24  8D  01  00  73  12  07  00  41  53  E2  89  47  4E  00  00  
EE  83  02  00  00  00  00  00  00  00  28  01  6D  15  14  00  02  01  00  00  03  04  03  00  00  
00  00  00  00  00  00  00  00  00  00  00  6D  16  10  00  03  00  00  00  00  E3  07  02  19  12  
29  33  00  57  00  00  00  6D  21  1C  00  03  00  00  00  03  FF  FF  FF  B8  00  00  00  CF  FF  
FF  FF  06  00  00  00  FF  FF  FF  FF  59  00  00  00  6D  22  10  00  03  00  00  00  3E  FE  FF  
FF  26  02  00  00  C1  00  06  00  00  6D  23  14  00  03  00  00  00  D7  BE  AE  76  AE  92  0B  
FD  A6  29  09  03  A0  64  5C  0A  6D  24  24  00  02  00  00  00  00  00  00  00  00  00  00  00  
00  00  00  00  00  00  00  00  00  00  00  00  00  00  00  00  00  00  00  00  00  00  00  00  00  
6D  31  20  00  03  00  00  00  46  05  00  00  95  D4  FF  FF  EA  FE  00  00  42  0F  08  00  C6  
77  06  00  C0  BD  70  FF  CF  60  07  00  6D  32  24  00  03  00  00  00  7A  33  0C  00  50  09  
CD  7B  01  00  00  00  D8  00  09  1B  8D  05  00  00  00  01  00  00  00  00  00  00  00  01  00  
00  00  6D  33  10  00  03  00  00  00  E3  07  02  19  12  29  33  00  01  00  12  00  6D  34  14  
00  03  00  00  00  AF  4F  03  00  09  31  FF  FF  CC  46  04  00  9A  E0  07  00  6D  35  0C  00  
03  00  00  2D  47  4E  00  00  EF  83  02  00  00  00  00  00  00  00  28  01  6D  15  14  00  02  
01  00  00  03  04  03  00  00  00  00  00  00  00  00  00  00  00  00  00  6D  16  10  00  03  00  
00  00  E3  07  02  19  12  29  33  00  61  00  00  00  6D  21  1C  00  03  00  00  00  CB  FF  FF  
FF  0C  00  00  00  2B  00  00  00  F4  FF  FF  FF  05  00  00  00  38  00  00  00  6D  22  10  00  
03  00  00  00  3E  FE  FF  FF  26  02  00  00  C1  06  00  00  6D  23  14  00  03  00  00  00  6A  
BB  AE  76  CA  73  0B  FD  3A  30  09  03  1D  81  5C  0A  6D  24  24  00  02  00  00  00  00  00  
00  00  00  00  00  00  00  00  00  00  00  00  00  00  00  00  00  00  00  00  00  00  00  00  00  
00  00  00  00  00  6D  31  20  00  03  00  00  00  4F  53  00  00  81  91  FF  FF  2E  23  01  00  
65  C9  07  00  C5  90  06  00  D5  3B  70  FF  C6  61  07  00  6D  32  24  00  03  00  00  00  7A  
33  0C  00  50  09  CD  7B  01  00  00  00  D8  09  1B  8D  05  00  00  00  01  00  00  00  00  00  
00  00  01  00  00  00  6D  33  10  00  03  00  00  00  E3  07  02  19  12  29  33  00  01  00  12  
00  6D  34  14  00  03  00  00  00  50  72  03  00  8E  2D  FF  FF  A2  52  04  00  C1  18  08  00  
6D  35  0C  00  03  00  00  00  2B  8D  01  00  8C  12  07  00  41  53  EA  AB  47  4E  00  00  F0  
83  02  00  00  00  00  00  00  00  28  01  6D  15  14  00  02  01  00  00  03  04  03  00  00  00  
00  00  00  00  00  00  00  00  00  00  6D  16  10  00  03  00  00  00  00  E3  07  02  19  12  29  
33  00  6B  00  00  00  6D  21  1C  00  03  00  00  00  44  00  00  00  B9  00  00  00  7C  FF  FF  
FF  FC  FF  FF  FF  F8  FF  FF  FF  4F  00  00  00  6D  22  10  00  03  00  00  00  3E  FE  FF  FF  
27  02  00  00  C1  00  06  00  00  6D  23  14  00  03  00  00  00  94  BD  AE  76  73  7C  0B  FD  
C9  7B  09  03  A2  54  5C  0A  6D  24  24  00  02  00  00  00  00  00  00  00  00  00  00  00  00  
00  00  00  00  00  00  00  00  00  00  00  00  00  00  00  00  00  00  00  00  00  00  00  00  6D  
31  20  00  03  00  00  00  9F  82  00  00  F1  D4  FF  FF  E0  DE  00  00  67  E7  07  00  88  5D  
06  00  78  96  70  FF  DC  61  07  00  6D  32  24  00  03  00  00  00  7A  33  0C  00  50  09  CD  
7B  01  00  00  00  D8  00  09  1B  8D  05  00  00  00  01  00  00  00  00  00  00  00  01  00  00  
00  6D  33  10  00  03  00  00  00  E3  07  02  19  12  29  33  00  01  00  12  00  6D  34  14  00  
03  00  00  00  58  39  03  00  81  65  FF  FF  47  2F  04  00  E4  AA  07  00  6D  35  0C  00  03  
00  00  12  47  4E  00  00  F1  83  02  00  00  00  00  00  00  00  28  01  6D  15  14  00  02  01  
00  00  03  04  03  00  00  00  00  00  00  00  00  00  00  00  00  00  6D  16  10  00  03  00  00  
00  E3  07  02  19  12  29  33  00  75  00  00  00  6D  21  1C  00  03  00  00  00  1C  00  00  00  
AF  FF  FF  FF  B2  FF  FF  FF  1B  00  00  00  06  00  00  00  45  00  00  00  6D  22  10  00  03  
00  00  00  3E  FE  FF  FF  27  02  00  00  C1  06  00  00  6D  23  14  00  03  00  00  00  F9  BF  
AE  76  CF  7F  0B  FD  CE  5F  09  03  61  42  5C  0A  6D  24  24  00  02  00  00  00  00  00  00  
00  00  00  00  00  00  00  00  00  00  00  00  00  00  00  00  00  00  00  00  00  00  00  00  00  
00  00  00  00  6D  31  20  00  03  00  00  00  47  73  00  00  0C  6D  FF  FF  3A  F4  00  00  72  
63  08  00  01  94  06  00  20  71  70  FF  E5  60  07  00  6D  32  24  00  03  00  00  00  7A  33  
0C  00  50  09  CD  7B  01  00  00  00  D8  09  1B  8D  05  00  00  00  01  00  00  00  00  00  00  
00  01  00  00  00  6D  33  10  00  03  00  00  00  E3  07  02  19  12  29  33  00  01  00  12  00  
6D  34  14  00  03  00  00  00  E5  19  03  00  18  38  FF  FF  2C  2F  04  00  F4  D1  07  00  6D  
35  0C  00  03  00  00  00  24  8D  01  00  28  12  07  00  41  53  93  E5  47  4E  00  00  F2  83  
02  00  00  00  00  00  00  00  28  01  6D  15  14  00  02  01  00  00  03  04  03  00  00  00  00  
00  00  00  00  00  00  00  00  00  6D  16  10  00  03  00  00  00  00  E3  07  02  19  12  29  33  
00  7F  00  00  00  6D  21  1C  00  03  00  00  00  77  01  00  00  50  00  00  00  1B  00  00  00  
F7  FF  FF  FF  F9  FF  FF  FF  3F  00  00  00  6D  22  10  00  03  00  00  00  3E  FE  FF  FF  27  
02  00  00  C1  00  06  00  00  6D  23  14  00  03  00  00  00  60  C0  AE  76  AC  04  0C  FD  9F  
8F  09  03  A8  55  5C  0A  6D  24  24  00  02  00  00  00  00  00  00  00  00  00  00  00  00  00  
00  00  00  00  00  00  00  00  00  00  00  00  00  00  00  00  00  00  00  00  00  00  00  6D  31  
20  00  03  00  00  00  7D  FA  00  00  CA  AB  FF  FF  0A  1D  01  00  14  D5  07  00  D1  5F  06  
00  C8  57  70  FF  D5  61  07  00  6D  32  24  00  03  00  00  00  7A  33  0C  00  50  09  CD  7B  
01  00  00  00  D8  00  09  1B  8D  05  00  00  00  01  00  00  00  00  00  00  00  01  00  00  00  
6D  33  10  00  03  00  00  00  E3  07  02  19  12  29  33  00  01  00  12  00  6D  34  14  00  03  
00  00  00  13  50  03  00  8D  47  FF  FF  2A  37  04  00  F4  D1  07  00  6D  35  0C  00  03  00  
00  98  47  4E  00  00  F3  83  02  00  00  00  00  00  00  00  28  01  6D  15  14  00  02  01  00  
00  03  04  03  00  00  00  00  00  00  00  00  00  00  00  00  00  6D  16  10  00  03  00  00  00  
E3  07  02  19  12  29  33  00  89  00  00  00  6D  21  1C  00  03  00  00  00  44  00  00  00  88  
FF  FF  FF  8A  FF  FF  FF  07  00  00  00  F2  FF  FF  FF  49  00  00  00  6D  22  10  00  03  00  
00  00  3E  FE  FF  FF  27  02  00  00  C1  06  00  00  6D  23  14  00  03  00  00  00  AC  C4  AE  
76  11  19  0C  FD  31  66  09  03  63  36  5C  0A  6D  24  24  00  02  00  00  00  00  00  00  00  
00  00  00  00  00  00  00  00  00  00  00  00  00  00  00  00  00  00  00  00  00  00  00  00  00  
00  00  00  6D  31  20  00  03  00  00  00  E3  82  00  00  9D  5D  FF  FF  7E  E4  00  00  00  14  
08  00  CD  41  06  00  98  81  70  FF  AF  61  07  00  6D  32  24  00  03  00  00  00  7A  33  0C  
00  50  09  CD  7B  01  00  00  00  D8  09  1B  8D  05  00  00  00  01  00  00  00  00  00  00  00  
01  00  00  00  6D  33  10  00  03  00  00  00  E3  07  02  19  12  29  33  00  01  00  12  00  6D  
34  14  00  03  00  00  00  79  7E  03  00  CA  5A  FF  FF  DA  4A  04  00  0B  E3  07  00  6D  35  
0C  00  03  00  00  00  2A  8D  01  00  41  12  07  00  41  53  31  69  47  4E  00  00  F4  83  02  
00  00  00  00  00  00  00  28  01  6D  15  14  00  02  01  00  00  03  04  03  00  00  00  00  00  
00  00  00  00  00  00  00  00  6D  16  10  00  03  00  00  00  00  E3  07  02  19  12  29  33  00  
93  00  00  00  6D  21  1C  00  03  00  00  00  B1  FF  FF  FF  7A  FF  FF  FF  E8  FF  FF  FF  0C  
00  00  00  1C  00  00  00  3B  00  00  00  6D  22  10  00  03  00  00  00  3E  FE  FF  FF  26  02  
00  00  C1  00  06  00  00  6D  23  14  00  03  00  00  00  7B  C4  AE  76  D9  F4  0B  FD  37  33  
09  03  2D  3D  5C  0A  6D  24  24  00  02  00  00  00  00  00  00  00  00  00  00  00  00  00  00  
00  00  00  00  00  00  00  00  00  00  00  00  00  00  00  00  00  00  00  00  00  00  6D  31  20  
00  03  00  00  00  25  49  00  00  58  58  FF  FF  5E  09  01  00  B1  28  08  00  63  E7  06  00  
58  47  70  FF  AF  61  07  00  6D  32  24  00  03  00  00  00  7A  33  0C  00  50  09  CD  7B  01  
00  00  00  D8  00  09  1B  8D  05  00  00  00  01  00  00  00  00  00  00  00  01  00  00  00  6D  
33  10  00  03  00  00  00  E3  07  02  19  12  29  33  00  01  00  12  00  6D  34  14  00  03  00  
00  00  1F  67  03  00  24  66  FF  FF  F0  6D  04  00  50  16  08  00  6D  35  0C  00  03  00  00  
3F  47  4E  00  00  F5  83  02  00  00  00  00  00  00  00  28  01  6D  15  14  00  02  01  00  00  
03  04  03  00  00  00  00  00  00  00  00  00  00  00  00  00  6D  16  10  00  03  00  00  00  E3  
07  02  19  12  29  33  00  9D  00  00  00  6D  21  1C  00  03  00  00  00  AE  00  00  00  E1  00  
00  00  BD  FF  FF  FF  10  00  00  00  FD  FF  FF  FF  5B  00  00  00  6D  22  10  00  03  00  00  
00  3E  FE  FF  FF  27  02  00  00  C1  06  00  00  6D  23  14  00  03  00  00  00  66  C4  AE  76  
5D  26  0C  FD  AC  94  09  03  A9  2F  5C  0A  6D  24  24  00  02  00  00  00  00  00  00  00  00  
00  00  00  00  00  00  00  00  00  00  00  00  00  00  00  00  00  00  00  00  00  00  00  00  00  
00  00  6D  31  20  00  03  00  00  00  25  AC  00  00  A5  E4  FF  FF  B1  F8  00  00  A8  38  08  
00  08  6E  06  00  3A  C7  70  FF  09  62  07  00  6D  32  24  00  03  00  00  00  7A  33  0C  00  
50  09  CD  7B  01  00  00  00  D8  09  1B  8D  05  00  00  00  01  00  00  00  00  00  00  00  01  
00  00  00  6D  33  10  00  03  00  00  00  E3  07  02  19  12  29  33  00  01  00  12  00  6D  34  
14  00  03  00  00  00  1F  50  03  00  21  4F  FF  FF  FC  3E  04  00  0B  E3  07  00  6D  35  0C  
00  03  00  00  00  25  8D  01  00  28  12  07  00  41  53  AA  1A  47  4E  00  00  F6  83  02  00  
00  00  00  00  00  00  28  01  6D  15  14  00  02  01  00  00  03  04  03  00  00  00  00  00  00  
00  00  00  00  00  00  00  6D  16  10  00  03  00  00  00  00  E3  07  02  19  12  29  33  00  A7  
00  00  00  6D  21  1C  00  03  00  00  00  99  FD  FF  FF  18  00  00  00  DD  FF  FF  FF  03  00  
00  00  17  00  00  00  45  00  00  00  6D  22  10  00  03  00  00  00  3E  FE  FF  FF  27  02  00  
00  C1  00  06  00  00  6D  23  14  00  03  00  00  00  87  BD  AE  76  9F  2B  0B  FD  9D  8D  09  
03  F7  38  5C  0A  6D  24  24  00  02  00  00  00  00  00  00  00  00  00  00  00  00  00  00  00  
00  00  00  00  00  00  00  00  00  00  00  00  00  00  00  00  00  00  00  00  00  6D  31  20  00  
03  00  00  00  F3  77  FF  FF  32  96  FF  FF  FF  04  01  00  26  03  08  00  DC  D6  06  00  24  
71  70  FF  D5  61  07  00  6D  32  24  00  03  00  00  00  C2  31  0C  00  50  09  CD  7B  01  00  
00  00  C7  00  09  1B  8D  05  00  00  00  FE  FF  FF  FF  FB  FF  FF  FF  00  00  00  00  6D  33  
10  00  03  00  00  00  E3  07  02  19  12  29  33  00  01  00  12  00  6D  34  14  00  03  00  00  
00  55  40  03  00  E4  30  FF  FF  ED  3E  04  00  04  F9  07  00  6D  35  0C  00  03  00  00  7C  
47  4E  00  00  F7  83  02  00  00  00  00  00  00  00  28  01  6D  15  14  00  02  01  00  00  03  
04  03  00  00  00  00  00  00  00  00  00  00  00  00  00  6D  16  10  00  03  00  00  00  E3  07  
02  19  12  29  33  00  B1  00  00  00  6D  21  1C  00  03  00  00  00  5E  00  00  00  D6  FF  FF  
FF  02  00  00  00  10  00  00  00  F3  FF  FF  FF  39  00  00  00  6D  22  10  00  03  00  00  00  
3E  FE  FF  FF  27  02  00  00  C1  06  00  00  6D  23  14  00  03  00  00  00  FE  BC  AE  76  8F  
47  0B  FD  7D  85  09  03  6E  49  5C  0A  6D  24  24  00  02  00  00  00  00  00  00  00  00  00  
00  00  00  00  00  00  00  00  00  00  00  00  00  00  00  00  00  00  00  00  00  00  00  00  00  
00  6D  31  20  00  03  00  00  00  EF  8C  00  00  CE  7C  FF  FF  59  13  01  00  43  37  08  00  
F0  48  06  00  E8  42  70  FF  A8  61  07  00  6D  32  24  00  03  00  00  00  C2  31  0C  00  50  
09  CD  7B  01  00  00  00  C7  09  1B  8D  05  00  00  00  FE  FF  FF  FF  FB  FF  FF  FF  00  00  
00  00  6D  33  10  00  03  00  00  00  E3  07  02  19  12  29  33  00  01  00  12  00  6D  34  14  
00  03  00  00  00  37  3C  03  00  3A  2D  FF  FF  59  56  04  00  C1  18  08  00  6D  35  0C  00  
03  00  00  00  26  8D  01  00  73  12  07  00  41  53  0D  66  47  4E  00  00  F8  83  02  00  00  
00  00  00  00  00  28  01  6D  15  14  00  02  01  00  00  03  04  03  00  00  00  00  00  00  00  
00  00  00  00  00  00  6D  16  10  00  03  00  00  00  00  E3  07  02  19  12  29  33  00  BB  00  
00  00  6D  21  1C  00  03  00  00  00  F9  FC  FF  FF  A8  00  00  00  A8  FF  FF  FF  FE  FF  FF  
FF  05  00  00  00  6C  00  00  00  6D  22  10  00  03  00  00  00  3D  FE  FF  FF  27  02  00  00  
C1  00  06  00  00  6D  23  14  00  03  00  00  00  E4  B4  AE  76  29  09  0A  FD  F0  B0  09  03  
98  3E  5C  0A  6D  24  24  00  02  00  00  00  00  00  00  00  00  00  00  00  00  00  00  00  00  
00  00  00  00  00  00  00  00  00  00  00  00  00  00  00  00  00  00  00  00  6D  31  20  00  03  
00  00  00  7F  39  FF  FF  F9  CE  FF  FF  45  F0  00  00  6B  F0  07  00  35  91  06  00  57  0A  
71  FF  FC  60  07  00  6D  32  24  00  03  00  00  00  C2  31  0C  00  50  09  CD  7B  01  00  00  
00  C7  00  09  1B  8D  05  00  00  00  FE  FF  FF  FF  FB  FF  FF  FF  00  00  00  00  6D  33  10  
00  03  00  00  00  E3  07  02  19  12  29  33  00  01  00  12  00  6D  34  14  00  03  00  00  00  
3E  48  03  00  F2  65  FF  FF  D5  6D  04  00  C8  02  08  00  6D  35  0C  00  03  00  00  09  47  
4E  00  00  F9  83  02  00  00  00  00  00  00  00  28  01  6D  15  14  00  02  01  00  00  03  04  
03  00  00  00  00  00  00  00  00  00  00  00  00  00  6D  16  10  00  03  00  00  00  E3  07  02  
19  12  29  33  00  C5  00  00  00  6D  21  1C  00  03  00  00  00  B5  FD  FF  FF  66  00  00  00  
57  FF  FF  FF  F6  FF  FF  FF  10  00  00  00  2D  00  00  00  6D  22  10  00  03  00  00  00  3C  
FE  FF  FF  27  02  00  00  C1  06  00  00  6D  23  14  00  03  00  00  00  0F  B2  AE  76  D6  14  
09  FD  EA  C7  09  03  71  12  5C  0A  6D  24  24  00  02  00  00  00  00  00  00  00  00  00  00  
00  00  00  00  00  00  00  00  00  00  00  00  00  00  00  00  00  00  00  00  00  00  00  00  00  
6D  31  20  00  03  00  00  00  E8  82  FF  FF  23  B5  FF  FF  A6  D0  00  00  BB  D0  07  00  BB  
BF  06  00  3A  14  70  FF  12  61  07  00  6D  32  24  00  03  00  00  00  C2  31  0C  00  50  09  
CD  7B  01  00  00  00  C7  09  1B  8D  05  00  00  00  FE  FF  FF  FF  FB  FF  FF  FF  00  00  00  
00  6D  33  10  00  03  00  00  00  E3  07  02  19  12  29  33  00  01  00  12  00  6D  34  14  00  
03  00  00  00  88  48  03  00  62  5A  FF  FF  F4  3E  04  00  91  A3  07  00  6D  35  0C  00  03  
00  00  00  25  8D  01  00  28  12  07  00  41  53  BA  57  47  4E  00  00  FA  83  02  00  00  00  
00  00  00  00  28  01  6D  15  14  00  02  01  00  00  03  04  03  00  00  00  00  00  00  00  00  
00  00  00  00  00  6D  16  10  00  03  00  00  00  00  E3  07  02  19  12  29  33  00  CF  00  00  
00  6D  21  1C  00  03  00  00  00  BD  FF  FF  FF  B7  00  00  00  B2  FF  FF  FF  0D  00  00  00  
F3  FF  FF  FF  37  00  00  00  6D  22  10  00  03  00  00  00  3C  FE  FF  FF  27  02  00  00  C1  
00  06  00  00  6D  23  14  00  03  00  00  00  49  B0  AE  76  5C  E9  08  FD  6B  11  0A  03  B9  
04  5C  0A  6D  24  24  00  02  00  00  00  00  00  00  00  00  00  00  00  00  00  00  00  00  00  
00  00  00  00  00  00  00  00  00  00  00  00  00  00  00  00  00  00  00  6D  31  20  00  03  00  
00  00  30  4E  00  00  DD  D4  FF  FF  FF  F3  00  00  88  2B  08  00  C7  4F  06  00  A1  39  70  
FF  DC  61  07  00  6D  32  24  00  03  00  00  00  C2  31  0C  00  50  09  CD  7B  01  00  00  00  
C7  00  09  1B  8D  05  00  00  00  FE  FF  FF  FF  FB  FF  FF  FF  00  00  00  00  6D  33  10  00  
03  00  00  00  E3  07  02  19  12  29  33  00  01  00  12  00  6D  34  14  00  03  00  00  00  92  
40  03  00  EB  3F  FF  FF  1D  37  04  00  C6  AF  07  00  6D  35  0C  00  03  00  00  FD  47  4E  
00  00  FB  83  02  00  00  00  00  00  00  00  28  01  6D  15  14  00  02  01  00  00  03  04  03  
00  00  00  00  00  00  00  00  00  00  00  00  00  6D  16  10  00  03  00  00  00  E3  07  02  19  
12  29  33  00  D9  00  00  00  6D  21  1C  00  03  00  00  00  42  01  00  00  62  FE  FF  FF  38  
00  00  00  E9  FF  FF  FF  19  00  00  00  43  00  00  00  6D  22  10  00  03  00  00  00  3C  FE  
FF  FF  27  02  00  00  C1  06  00  00  6D  23  14  00  03  00  00  00  ED  B3  AE  76  B5  6A  09  
FD  77  80  09  03  90  2A  5C  0A  6D  24  24  00  02  00  00  00  00  00  00  00  00  00  00  00  
00  00  00  00  00  00  00  00  00  00  00  00  00  00  00  00  00  00  00  00  00  00  00  00  6D  
31  20  00  03  00  00  00  1D  E6  00  00  B0  EB  FE  FF  48  28  01  00  34  9F  07  00  7B  E2  
06  00  BD  67  70  FF  21  61  07  00  6D  32  24  00  03  00  00  00  C2  31  0C  00  50  09  CD  
7B  01  00  00  00  C7  09  1B  8D  05  00  00  00  FE  FF  FF  FF  FB  FF  FF  FF  00  00  00  00  
6D  33  10  00  03  00  00  00  E3  07  02  19  12  29  33  00  01  00  12  00  6D  34  14  00  03  
00  00  00  C3  34  03  00  02  2D  FF  FF  14  37  04  00  B8  DB  07  00  6D  35  0C  00  03  00  
00  00  24  8D  01  00  F6  11  07  00  41  53  BC  BB  47  4E  00  00  FC  83  02  00  00  00  00  
00  00  00  28  01  6D  15  14  00  02  01  00  00  03  04  03  00  00  00  00  00  00  00  00  00  
00  00  00  00  6D  16  10  00  03  00  00  00  00  E3  07  02  19  12  29  33  00  E3  00  00  00  
6D  21  1C  00  03  00  00  00  B2  FE  FF  FF  74  00  00  00  8C  FF  FF  FF  01  00  00  00  E6  
FF  FF  FF  36  00  00  00  6D  22  10  00  03  00  00  00  3C  FE  FF  FF  27  02  00  00  C1  00  
06  00  00  6D  23  14  00  03  00  00  00  D3  B1  AE  76  06  D9  08  FD  48  A5  09  03  1F  0E  
5C  0A  6D  24  24  00  02  00  00  00  00  00  00  00  00  00  00  00  00  00  00  00  00  00  00  
00  00  00  00  00  00  00  00  00  00  00  00  00  00  00  00  00  00  6D  31  20  00  03  00  00  
00  DB  E5  FF  FF  AF  BA  FF  FF  FE  E4  00  00  1F  FD  07  00  5A  1C  06  00  14  35  70  FF  
D5  61  07  00  6D  32  24  00  03  00  00  00  C2  31  0C  00  50  09  CD  7B  01  00  00  00  C7  
00  09  1B  8D  05  00  00  00  FE  FF  FF  FF  FB  FF  FF  FF  00  00  00  00  6D  33  10  00  03  
00  00  00  E3  07  02  19  12  29  33  00  01  00  12  00  6D  34  14  00  03  00  00  00  7F  29  
03  00  1C  38  FF  FF  9E  1F  04  00  B8  DB  07  00  6D  35  0C  00  03  00  00  1E  47  4E  00  
00  FD  83  02  00  00  00  00  00  00  00  28  01  6D  15  14  00  02  01  00  00  03  04  03  00  
00  00  00  00  00  00  00  00  00  00  00  00  6D  16  10  00  03  00  00  00  E3  07  02  19  12  
29  33  00  ED  00  00  00  6D  21  1C  00  03  00  00  00  F6  FE  FF  FF  3E  00  00  00  2F  FF  
FF  FF  02  00  00  00  04  00  00  00  46  00  00  00  6D  22  10  00  03  00  00  00  3C  FE  FF  
FF  27  02  00  00  C1  06  00  00  6D  23  14  00  03  00  00  00  03  B4  AE  76  A3  63  08  FD  
19  B7  09  03  39  CE  5B  0A  6D  24  24  00  02  00  00  00  00  00  00  00  00  00  00  00  00  
00  00  00  00  00  00  00  00  00  00  00  00  00  00  00  00  00  00  00  00  00  00  00  6D  31  
20  00  03  00  00  00  4C  00  00  00  E7  A5  FF  FF  61  C0  00  00  2C  01  08  00  07  91  06  
00  89  73  70  FF  99  61  07  00  6D  32  24  00  03  00  00  00  C2  31  0C  00  50  09  CD  7B  
01  00  00  00  C7  09  1B  8D  05  00  00  00  FE  FF  FF  FF  FB  FF  FF  FF  00  00  00  00  6D  
33  10  00  03  00  00  00  E3  07  02  19  12  29  33  00  01  00  12  00  6D  34  14  00  03  00  
00  00  43  4C  03  00  F7  2C  FF  FF  09  14  04  00  C6  AF  07  00  6D  35  0C  00  03  00  00  
00  00  2A  8D  01  00  41  12  07  00  41  53  F5  32  47  4E  00  00  FE  83  02  00  00  00  00  
00  00  00  28  01  6D  15  14  00  02  01  00  00  03  04  03  00  00  00  00  00  00  00  00  00  
00  00  00  00  6D  16  10  00  03  00  00  00  00  E3  07  02  19  12  29  33  00  F7  00  00  00  
6D  21  1C  00  03  00  00  00  C7  01  00  00  79  FF  FF  FF  37  00  00  00  04  00  00  00  0C  
00  00  00  48  00  00  00  6D  22  10  00  03  00  00  00  3C  FE  FF  FF  27  02  00  00  C1  00  
06  00  00  6D  23  14  00  03  00  00  00  36  B6  AE  76  82  0F  09  FD  E2  96  09  03  B9  EF  
5B  0A  6D  24  24  00  02  00  00  00  00  00  00  00  00  00  00  00  00  00  00  00  00  00  00  
00  00  00  00  00  00  00  00  00  00  00  00  00  00  00  00  00  00  6D  31  20  00  03  00  00  
00  2E  1A  01  00  C4  58  FF  FF  AF  27  01  00  41  08  08  00  E3  B1  06  00  65  7A  70  FF  
21  61  07  00  6D  32  24  00  03  00  00  00  C2  31  0C  00  50  09  CD  7B  01  00  00  00  C7  
09  1B  8D  05  00  00  00  FE  BE  47  4E  00  00  FF  83  02  00  00  00  00  00  00  00  28  01  
6D  15  14  00  02  01  00  00  03  04  03  00  00  00  00  00  00  00  00  00  00  00  00  00  6D  
16  10  00  03  00  00  00  E3  07  02  19  12  29  33  00  01  01  00  00  6D  21  1C  00  03  00  
00  00  EF  00  00  00  0A  00  00  00  00  01  00  00  F9  FF  FF  FF  F7  FF  FF  FF  5B  00  00  
00  6D  22  10  00  03  00  00  00  3C  FE  FF  FF  27  02  00  00  C1  06  00  00  6D  23  14  00  
03  00  00  00  FC  AD  AE  76  DE  64  09  FD  2A  AA  09  03  B9  60  5C  0A  6D  24  24  00  02  
00  00  00  00  00  00  00  00  00  00  00  00  00  00  00  00  00  00  00  00  00  00  00  00  00  
00  00  00  00  00  00  00  00  00  00  6D  31  20  00  03  00  00  00  E0  C5  00  00  C4  91  FF  
FF  30  76  01  00  2C  DE  07  00  1F  60  06  00  1F  C7  70  FF  28  61  07  00  6D  32  24  00  
03  00  00  00  C2  31  0C  00  50  09  CD  7B  01  00  00  00  C7  09  1B  8D  05  00  00  00  FE  
FF  FF  FF  FB  FF  FF  FF  00  00  00  00  6D  33  10  00  03  00  00  00  E3  07  02  19  12  29  
33  00  01  00  12  00  6D  34  14  00  03  00  00  00  32  44  03  00  EB  30  FF  FF  EF  3E  04  
00  D4  83  07  00  6D  35  0C  00  03  00  00  00  00  25  8D  01  00  41  12  07  00  41  53  61  
87  47  4E  00  00  00  84  02  00  AA  AA  AA  AA  00  00  28  01  6D  15  14  00  02  01  00  00  
03  04  03  00  00  00  00  00  00  00  00  00  00  00  00  00  6D  16  10  00  03  00  00  00  00  
E3  07  02  19  12  29  33  00  0B  01  00  00  6D  21  1C  00  03  00  00  00  47  FE  FF  FF  08  
00  00  00  A9  FF  FF  FF  FE  FF  FF  FF  07  00  00  00  3B  00  00  00  6D  22  10  00  03  00  
00  00  3C  FE  FF  FF  27  02  00  00  C1  00  06  00  00  6D  23  14  00  03  00  00  00  EC  AA  
AE  76  AF  AE  08  FD  06  A2  09  03  09  52  5C  0A  6D  24  24  00  02  00  00  00  00  00  00  
00  00  00  00  00  00  00  00  00  00  00  00  00  00  00  00  00  00  00  00  00  00  00  00  00  
00  00  00  00  00  6D  31  20  00  03  00  00  00  17  BC  FF  FF  14  91  FF  FF  C5  EF  00  00  
54  F3  07  00  A1  9C  06  00  BD  49  70  FF  A0  61  07  00  6D  32  24  00  03  00  00  00  06  
2F  0C  00  3F  09  CD  7B  01  00  00  00  E9  09  1B  8D  05  00  00  00  00  FD  47  4E  00  00  
01  84  02  00  02  03  90  01  00  00  28  01  6D  15  14  00  02  01  00  00  03  04  03  00  00  
00  00  00  00  00  00  00  00  00  00  00  6D  16  10  00  03  00  00  00  E3  07  02  19  12  29  
33  00  15  01  00  00  6D  21  1C  00  03  00  00  00  D9  FF  FF  FF  E1  FF  FF  FF  A7  FF  FF  
FF  EF  FF  FF  FF  FF  FF  FF  FF  5D  00  00  00  6D  22  10  00  03  00  00  00  3C  FE  FF  FF  
27  02  00  00  C1  06  00  00  6D  23  14  00  03  00  00  00  63  AC  AE  76  A5  95  08  FD  A4  
97  09  03  27  3D  5C  0A  6D  24  24  00  02  00  00  00  00  00  00  00  00  00  00  00  00  00  
00  00  00  00  00  00  00  00  00  00  00  00  00  00  00  00  00  00  00  00  00  00  6D  31  20  
00  03  00  00  00  C6  58  00  00  E6  81  FF  FF  FF  EE  00  00  46  B8  07  00  DC  7D  06  00  
25  CE  70  FF  20  62  07  00  6D  32  24  00  03  00  00  00  06  2F  0C  00  3F  09  CD  7B  01  
00  00  00  E9  09  1B  8D  05  00  00  00  00  00  00  00  FC  FF  FF  FF  01  00  00  00  6D  33  
10  00  03  00  00  00  E3  07  02  19  12  29  33  00  01  00  12  00  6D  34  14  00  03  00  00  
00  07  22  03  00  D8  5D  FF  FF  1A  33  04  00  12  CD  07  00  6D  35  0C  00  03  00  00  00  
00  27  8D  01  00  8C  12  07  00  41  53  B0  6F  47  4E  00  00  02  84  02  00  04  00  01  00  
00  00  28  01  6D  15  14  00  02  01  00  00  03  04  03  00  00  00  00  00  00  00  00  00  00  
00  00  00  6D  16  10  00  03  00  00  00  00  E3  07  02  19  12  29  33  00  1F  01  00  00  6D  
21  1C  00  03  00  00  00  71  FD  FF  FF  07  00  00  00  ED  FF  FF  FF  E3  FF  FF  FF  0C  00  
00  00  25  00  00  00  6D  22  10  00  03  00  00  00  3B  FE  FF  FF  27  02  00  00  C1  00  06  
00  00  6D  23  14  00  03  00  00  00  4F  A5  AE  76  D8  8C  07  FD  32  87  09  03  2F  47  5C  
0A  6D  24  24  00  02  00  00  00  00  00  00  00  00  00  00  00  00  00  00  00  00  00  00  00  
00  00  00  00  00  00  00  00  00  00  00  00  00  00  00  00  00  6D  31  20  00  03  00  00  00  
56  68  FF  FF  E6  90  FF  FF  52  0A  01  00  69  88  07  00  A0  B3  06  00  CD  F3  6F  FF  91  
61  07  00  6D  32  24  00  03  00  00  00  06  2F  0C  00  3F  09  CD  7B  01  00  00  00  E9  09  
1B  8D  05  00  00  00  00  74  47  4E  00  00  03  84  02  00  C0  C6  2D  00  00  00  28  01  6D  
15  14  00  02  01  00  00  03  04  03  00  00  00  00  00  00  00  00  00  00  00  00  00  6D  16  
10  00  03  00  00  00  E3  07  02  19  12  29  33  00  29  01  00  00  6D  21  1C  00  03  00  00  
00  E5  00  00  00  D4  FF  FF  FF  E9  FF  FF  FF  00  00  00  00  F6  FF  FF  FF  46  00  00  00  
6D  22  10  00  03  00  00  00  3B  FE  FF  FF  27  02  00  00  C1  06  00  00  6D  23  14  00  03  
00  00  00  C1  A7  AE  76  5C  DD  07  FD  A8  7F  09  03  6F  44  5C  0A  6D  24  24  00  02  00  
00  00  00  00  00  00  00  00  00  00  00  00  00  00  00  00  00  00  00  00  00  00  00  00  00  
00  00  00  00  00  00  00  00  00  6D  31  20  00  03  00  00  00  79  C1  00  00  D9  7C  FF  FF  
B0  08  01  00  47  F8  07  00  4D  60  06  00  8C  73  70  FF  0B  61  07  00  6D  32  24  00  03  
00  00  00  06  2F  0C  00  3F  09  CD  7B  01  00  00  00  E9  09  1B  8D  05  00  00  00  00  00  
00  00  FC  FF  FF  FF  01  00  00  00  6D  33  10  00  03  00  00  00  E3  07  02  19  12  29  33  
00  01  00  12  00  6D  34  14  00  03  00  00  00  DA  38  03  00  A9  43  FF  FF  FF  3A  04  00  
A1  CA  07  00  6D  35  0C  00  03  00  00  00  00  28  8D  01  00  8C  12  07  00  41  53  CC  C8  
47  4E  00  00  04  84  02  00  00  10  0E  00  00  00  28  01  6D  15  14  00  02  01  00  00  03  
04  03  00  00  00  00  00  00  00  00  00  00  00  00  00  6D  16  10  00  03  00  00  00  E3  07  
02  19  12  29  33  00  33  01  00  00  6D  21  1C  00  03  00  00  00  F1  00  00  00  D4  FF  FF  
FF  04  00  00  00  01  00  00  00  EE  FF  FF  FF  6C  00  00  00  6D  22  10  00  03  00  00  00  
3C  FE  FF  FF  27  02  00  00  C1  06  00  00  6D  23  14  00  03  00  00  00  63  A9  AE  76  F5  
33  08  FD  30  79  09  03  74  4C  5C  0A  6D  24  24  00  02  00  00  00  00  00  00  00  00  00  
00  00  00  00  00  00  00  00  00  00  00  00  00  00  00  00  00  00  00  00  00  00  00  00  00  
00  6D  31  20  00  03  00  00  00  56  C6  00  00  FA  7C  FF  FF  08  13  01  00  E4  FB  07  00  
2D  3F  06  00  47  08  71  FF  09  62  07  00  6D  32  24  00  03  00  00  00  06  2F  0C  00  3F  
09  CD  7B  01  00  00  00  E9  09  1B  8D  05  00  00  00  00  6D  35  0C  00  03  00  00  00  25  
8D  01  00  28  12  07  00  41  53  F3  19  47  4E  00  00  05  84  02  00  01  00  00  01  00  00  
28  01  6D  15  14  00  02  01  00  00  03  04  03  00  00  00  00  00  00  00  00  00  00  00  00  
00  6D  16  10  00  03  00  00  00  E3  07  02  19  12  29  33  00  3D  01  00  00  6D  21  1C  00  
03  00  00  00  F1  00  00  00  A3  FE  FF  FF  7E  00  00  00  F8  FF  FF  FF  0A  00  00  00  2C  
00  00  00  6D  22  10  00  03  00  00  00  3C  FE  FF  FF  26  02  00  00  C1  06  00  00  6D  23  
14  00  03  00  00  00  E8  A9  AE  76  E3  95  08  FD  36  FD  08  03  E2  86  5C  0A  6D  24  24  
00  02  00  00  00  00  00  00  00  00  00  00  00  00  00  00  00  00  00  00  00  00  00  00  00  
00  00  00  00  00  00  00  00  00  00  00  00  6D  31  20  00  03  00  00  00  40  C6  00  00  BE  
05  FF  FF  68  42  01  00  B3  D9  07  00  AA  AC  06  00  BF  0F  70  FF  18  62  07  00  6D  32  
24  00  03  00  00  00  06  2F  0C  00  3F  09  CD  7B  01  00  00  00  E9  09  1B  8D  05  00  00  
00  00  00  00  00  FC  FF  FF  FF  01  00  00  00  6D  33  10  00  03  00  00  00  E3  07  02  19  
12  29  33  00  01  00  12  00  6D  34  14  00  03  00  00  00  2A  5C  00  03  00  D2  87  FF  FF  
89  52  04  00  9A  E0  07  00  6D  35  0C  00  03  00  00  00  28  8D  01  00  0F  12  07  00  41  
53  5A  5A  47  4E  00  00  06  84  02  00  30  0F  1F  00  00  00  28  01  6D  15  14  00  02  01  
00  00  03  04  03  00  00  00  00  00  00  00  00  00  00  00  00  00  6D  16  10  00  03  00  00  
00  E3  07  02  19  12  29  33  00  47  01  00  00  6D  21  1C  00  03  00  00  00  45  00  00  00  
1F  01  00  00  3C  FF  FF  FF  F8  FF  FF  FF  F2  FF  FF  FF  49  00  00  00  6D  22  10  00  03  
00  00  00  3C  FE  FF  FF  27  02  00  00  C1  06  00  00  6D  23  14  00  03  00  00  00  5D  AD  
AE  76  34  9C  08  FD  C9  6F  09  03  85  3F  5C  0A  6D  24  24  00  02  00  00  00  00  00  00  
00  00  00  00  00  00  00  00  00  00  00  00  00  00  00  00  00  00  00  00  00  00  00  00  00  
00  00  00  00  6D  31  20  00  03  00  00  00  E4  82  00  00  53  FE  FF  FF  A9  C4  00  00  E7  
D9  07  00  20  4B  06  00  7F  81  70  FF  37  61  07  00  6D  32  24  00  03  00  00  00  06  2F  
07  02  19  12  29  33  00  01  00  12  00  6D  34  14  00  03  00  00  00  32  50  03  00  A9  56  
FF  FF  F9  3E  04  00  7A  92  07  00  6D  35  0C  00  03  00  00  00  27  8D  01  00  A5  12  07  
00  41  53  E0  E4  47  4E  00  00  07  84  02  00  00  00  00  00  00  00  28  01  6D  15  14  00  
02  01  00  00  03  04  03  00  00  00  00  00  00  00  00  00  00  00  00  00  6D  16  10  00  03  
00  00  00  E3  07  02  19  12  29  33  00  51  01  00  00  6D  21  1C  00  03  00  00  00  B6  FD  
FF  FF  4D  FF  FF  FF  E2  FF  FF  FF  F8  FF  FF  FF  0C  00  00  00  43  00  00  00  6D  22  10  
00  03  00  00  00  3B  FE  FF  FF  27  02  00  00  C1  06  00  00  6D  23  14  00  03  00  00  00  
7D  A9  AE  76  56  B5  07  FD  73  18  09  03  5B  43  5C  0A  6D  24  24  00  02  00  00  00  00  
00  00  00  00  00  00  00  00  00  00  00  00  00  00  00  00  00  00  00  00  00  00  00  00  00  
00  00  00  00  00  00  6D  31  20  00  03  00  00  00  D5  82  FF  FF  39  48  FF  FF  3E  05  01  
00  75  D7  07  00  28  B4  06  00  1B  6A  70  FF  E5  60  07  00  6D  32  24  00  03  00  00  00  
06  2F  0C  00  3F  09  CD  7B  01  00  00  00  E9  09  1B  8D  05  00  00  00  00  00  00  00  FC  
FF  FF  FF  01  00  00  00  6D  33  10  00  03  00  00  00  E3  07  02  19  12  29  33  00  01  00  
12  00  6D  34  14  00  03  00  00  00  65  38  03  00  CB  21  FF  FF  D1  42  04  00  2E  75  07  
00  6D  35  0C  00  03  00  00  00  28  8D  01  00  8C  12  07  00  41  53  BA  27  47  4E  00  00  
08  84  02  00  03  00  00  00  00  00  28  01  6D  15  14  00  02  01  00  00  03  04  03  00  00  
00  00  00  00  00  00  00  00  00  00  00  6D  16  10  00  03  00  00  00  E3  07  02  19  12  29  
33  00  5B  01  00  00  6D  21  1C  00  03  00  00  00  46  FF  FF  FF  3E  00  00  00  C4  FF  FF  
FF  06  00  00  00  FA  FF  FF  FF  34  00  00  00  6D  22  10  00  03  00  00  00  3B  FE  FF  FF  
27  02  00  00  C1  06  00  00  6D  23  14  00  03  00  00  00  2E  A8  AE  76  A9  61  07  FD  A9  
2B  09  03  BC  34  5C  0A  6D  24  24  00  02  00  00  00  00  00  00  00  00  00  00  00  00  00  
00  00  00  00  00  00  00  00  00  00  00  00  00  00  00  00  00  00  00  00  00  00  6D  31  20  
00  03  00  00  00  44  1F  00  00  16  A6  FF  FF  A1  F9  00  00  87  0F  08  00  01  6E  06  00  
FD  2D  70  FF  D5  61  07  00  6D  32  24  00  03  00  00  00  06  2F  0C  00  3F  09  CD  7B  01  
00  00  00  E9  09  1B  8D  05  00  00  00  00  00  00  00  FC  FF  FF  FF  01  E3  07  02  19  12  
29  33  00  01  00  12  00  6D  34  14  00  03  00  00  00  23  38  03  00  B8  38  FF  FF  6D  7D  
04  00  B8  DB  07  00  6D  35  0C  00  03  00  00  00  2A  8D  01  00  28  12  07  00  41  53  0C  
2F  47  4E  00  00  09  84  02  00  00  00  12  00  00  00  28  01  6D  15  14  00  02  01  00  00  
03  04  03  00  00  00  00  00  00  00  00  00  00  00  00  00  6D  16  10  00  03  00  00  00  E3  
07  02  19  12  29  33  00  65  01  00  00  6D  21  1C  00  03  00  00  00  63  FE  FF  FF  4E  FF  
FF  FF  91  FF  FF  FF  E4  FF  FF  FF  14  00  00  00  47  00  00  00  6D  22  10  00  03  00  00  
00  3B  FE  FF  FF  26  02  00  00  C1  06  00  00  6D  23  14  00  03  00  00  00  E2  A8  AE  76  
AA  BD  06  FD  28  D9  08  03  CE  15  5C  0A  6D  24  24  00  02  00  00  00  00  00  00  00  00  
00  00  00  00  00  00  00  00  00  00  00  00  00  00  00  00  00  00  00  00  00  00  00  00  00  
00  00  6D  31  20  00  03  00  00  00  BD  C6  FF  FF  6E  48  FF  FF  83  E5  00  00  44  8C  07  
00  2D  D4  06  00  65  7A  70  FF  B7  61  07  00  6D  32  24  00  03  00  00  00  06  2F  0C  00  
3F  09  CD  7B  01  00  00  00  E9  09  1B  8D  05  00  00  00  00  00  00  00  FC  FF  FF  FF  01  
00  00  00  6D  33  10  00  03  00  00  00  E3  07  02  19  12  29  33  00  01  00  12  00  6D  34  
14  00  03  00  00  00  66  44  03  00  24  4F  FF  FF  91  4E  04  00  12  CD  07  00  6D  35  0C  
00  03  00  00  00  28  8D  01  00  41  12  07  00  41  53  25  EA  47  4E  00  00  0A  84  02  00  
00  00  00  00  00  00  28  01  6D  15  14  00  02  01  00  00  03  04  03  00  00  00  00  00  00  
00  00  00  00  00  00  00  6D  16  10  00  03  00  00  00  E3  07  02  19  12  29  33  00  6F  01  
00  00  6D  21  1C  00  03  00  00  00  E6  FF  FF  FF  8E  00  00  00  F9  FF  FF  FF  0F  00  00  
00  00  00  00  00  2D  00  00  00  6D  22  10  00  03  00  00  00  3B  FE  FF  FF  27  02  00  00  
C1  06  00  00  6D  23  14  00  03  00  00  00  9F  A6  AE  76  FB  A5  06  FD  39  11  09  03  7B  
18  5C  0A  6D  24  24  00  02  00  00  00  00  00  00  00  00  00  00  00  00  00  00  00  00  00  
00  00  00  00  00  00  00  00  00  00  00  00  00  00  00  00  00  00  6D  31  20  00  03  00  00  
00  C9  5D  00  00  59  C5  FF  FF  18  0E  01  00  8B  32  08  00  25  8A  06  00  18  12  70  FF  
CD  61  07  00  6D  32  24  00  03  00  00  00  4A  2C  0C  00  3F  09  CD  7B  01  00  00  00  0C  
0A  1B  8D  05  00  00  00  02  00  00  00  00  00  00  00  07  02  19  12  29  33  00  01  00  12  
00  6D  34  14  00  03  00  00  00  6F  40  03  00  01  40  FF  FF  BB  46  04  00  30  C8  07  00  
6D  35  0C  00  03  00  00  00  28  8D  01  00  8C  12  07  00  41  53  F4  68  47  4E  00  00  0B  
84  02  00  00  00  00  00  00  00  28  01  6D  15  14  00  02  01  00  00  03  04  03  00  00  00  
00  00  00  00  00  00  00  00  00  00  6D  16  10  00  03  00  00  00  E3  07  02  19  12  29  33  
00  79  01  00  00  6D  21  1C  00  03  00  00  00  CA  00  00  00  A9  00  00  00  DE  FF  FF  FF  
FE  FF  FF  FF  F0  FF  FF  FF  58  00  00  00  6D  22  10  00  03  00  00  00  3B  FE  FF  FF  27  
02  00  00  C1  06  00  00  6D  23  14  00  03  00  00  00  2E  A7  AE  76  97  E5  06  FD  93  5B  
09  03  88  0E  5C  0A  6D  24  24  00  02  00  00  00  00  00  00  00  00  00  00  00  00  00  00  
00  00  00  00  00  00  00  00  00  00  00  00  00  00  00  00  00  00  00  00  00  6D  31  20  00  
03  00  00  00  A9  B6  00  00  EB  CF  FF  FF  25  03  01  00  B3  F0  07  00  A2  48  06  00  A1  
BB  70  FF  B7  61  07  00  6D  32  24  00  03  00  00  00  4A  2C  0C  00  3F  09  CD  7B  01  00  
00  00  0C  0A  1B  8D  05  00  00  00  02  00  00  00  00  00  00  00  01  00  00  00  6D  33  10  
00  03  00  00  00  E3  07  02  19  12  29  33  00  01  00  12  00  6D  34  14  00  03  00  00  00  
2B  40  03  00  9C  25  FF  FF  D5  42  04  00  30  C8  07  00  6D  35  0C  00  03  00  00  00  25  
8D  01  00  41  12  07  00  41  53  B8  0D  47  4E  00  00  0C  84  02  00  00  00  00  00  00  00  
28  01  6D  15  14  00  02  01  00  00  03  04  03  00  00  00  00  00  00  00  00  00  00  00  00  
00  6D  16  10  00  03  00  00  00  E3  07  02  19  12  29  33  00  83  01  00  00  6D  21  1C  00  
03  00  00  00  BE  FF  FF  FF  0D  FF  FF  FF  31  00  00  00  F9  FF  FF  FF  03  00  00  00  48  
00  00  00  6D  22  10  00  03  00  00  00  3B  FE  FF  FF  27  02  00  00  C1  06  00  00  6D  23  
14  00  03  00  00  00  61  A6  AE  76  53  CC  06  FD  84  FD  08  03  0B  2C  5C  0A  6D  24  24  
00  02  00  00  00  00  00  00  00  00  00  00  00  00  00  00  00  00  00  00  00  00  00  00  00  
00  00  00  00  00  00  00  00  00  00  00  00  6D  31  20  00  03  00  00  00  49  4E  00  00  E9  
2E  FF  FF  94  23  01  00  26  DE  07  00  39  93  06  00  D0  7C  70  FF  A0  61  07  00  6D  32  
24  00  03  00  00  00  4A  2C  0C  00  3F  09  CD  7B  01  00  00  00  0C  0A  1B  8D  05  00  00  
00  02  00  00  00  00  00  00  00  01  00  E3  07  02  19  12  29  33  00  01  00  12  00  6D  34  
14  00  03  00  00  00  8B  57  03  00  44  1A  FF  FF  C7  1F  04  00  30  C8  07  00  6D  35  0C  
00  03  00  00  00  27  8D  01  00  8C  12  07  00  41  00  53  BB  07  47  4E  00  00  0D  84  02  
00  00  00  00  00  00  00  28  01  6D  15  14  00  02  01  00  00  03  04  03  00  00  00  00  00  
00  00  00  00  00  00  00  00  6D  16  10  00  03  00  00  00  E3  07  02  19  12  29  33  00  8D  
01  00  00  00  6D  21  1C  00  03  00  00  00  AB  02  00  00  94  FF  FF  FF  48  00  00  00  04  
00  00  00  FB  FF  FF  FF  47  00  00  00  6D  22  10  00  03  00  00  00  3B  FE  FF  FF  26  02  
00  00  C1  06  00  00  6D  23  14  00  03  00  00  00  E5  00  AA  AE  76  DF  D1  07  FD  F2  EC  
08  03  2D  48  5C  0A  6D  24  24  00  02  00  00  00  00  00  00  00  00  00  00  00  00  00  00  
00  00  00  00  00  00  00  00  00  00  00  00  00  00  00  00  00  00  00  00  00  6D  31  20  00  
03  00  00  00  00  AF  72  01  00  78  63  FF  FF  56  2C  01  00  0B  08  08  00  85  72  06  00  
4B  78  70  FF  18  62  07  00  6D  32  24  00  03  00  00  00  4A  2C  0C  00  3F  09  CD  7B  01  
00  00  00  0C  0A  1B  8D  05  00  00  00  02  00  00  00  00  00  00  00  01  00  00  00  6D  38  
47  4E  00  00  21  84  02  00  3D  87  01  00  00  00  28  01  6D  15  14  00  02  01  00  00  03  
04  03  00  00  00  00  00  00  00  00  00  00  00  00  00  6D  16  10  00  03  00  00  00  E3  07  
02  19  12  00  29  33  00  55  02  00  00  6D  21  1C  00  03  00  00  00  1B  00  00  00  1D  00  
00  00  14  00  00  00  01  00  00  00  F7  FF  FF  FF  43  00  00  00  6D  22  10  00  03  00  00  
00  3A  FE  FF  FF  26  02  00  00  C1  06  00  00  6D  23  14  00  00  03  00  00  00  0D  9E  AE  
76  72  00  06  FD  F2  4D  08  03  53  84  5C  0A  6D  24  24  00  02  00  00  00  00  00  00  00  
00  00  00  00  00  00  00  00  00  00  00  00  00  00  00  00  00  00  00  00  00  00  00  00  00  
00  00  00  6D  00  31  20  00  03  00  00  00  81  72  00  00  C9  96  FF  FF  8B  18  01  00  51  
FC  07  00  AC  66  06  00  1C  68  70  FF  72  62  07  00  6D  32  24  00  03  00  00  00  2C  27  
0C  00  1C  09  CD  7B  01  00  00  00  2F  0A  1B  8D  05  00  00  00  00  FC  FF  FF  FF  01  00  
00  00  02  00  00  00  6D  33  10  00  03  00  00  00  E3  07  02  19  12  29  33  00  01  00  12  
00  6D  34  14  00  03  00  00  00  EC  4F  03  00  15  40  FF  FF  E2  42  04  00  FD  0E  08  00  
6D  35  0C  00  03  00  00  00  25  8D  01  00  28  AD  47  4E  00  00  22  84  02  00  01  16  01  
60  00  00  28  01  6D  15  14  00  02  01  00  00  03  04  03  00  00  00  00  00  00  00  00  00  
00  00  00  00  6D  16  10  00  03  00  00  00  E3  07  02  19  12  29  33  00  5F  02  00  00  6D  
21  1C  00  03  00  00  00  2B  FF  FF  FF  E7  FF  FF  FF  9B  00  00  00  F1  FF  FF  FF  0D  00  
00  00  35  00  00  00  6D  22  10  00  03  00  00  00  3A  FE  FF  FF  26  02  00  00  C1  06  00  
00  6D  23  14  00  03  00  00  00  EC  95  AE  76  24  A9  05  FD  BF  41  08  03  E9  CB  5C  0A  
6D  24  24  00  02  00  00  00  00  00  00  00  00  00  00  00  00  00  00  00  00  00  00  00  00  
00  00  00  00  00  00  00  00  00  00  00  00  00  00  00  6D  31  20  00  03  00  00  00  7B  14  
00  00  BF  81  FF  FF  6D  4D  01  00  E9  BD  07  00  45  BD  06  00  6C  32  70  FF  30  61  07  
00  6D  32  24  00  03  00  00  00  2C  27  0C  00  1C  09  CD  7B  01  00  00  00  2F  0A  1B  8D  
05  00  00  00  FC  FF  FF  FF  01  00  00  00  03  00  00  00  E3  07  02  19  12  29  33  00  01  
00  12  00  6D  34  14  00  03  00  00  00  74  57  03  00  A9  38  FF  FF  A0  4E  04  00  E6  FD  
07  00  6D  35  0C  00  03  00  00  00  27  8D  01  00  5A  12  07  00  41  53  63  F4  47  4E  00  
00  23  84  02  00  2A  00  00  00  00  00  28  01  6D  15  14  00  02  01  00  00  03  04  03  00  
00  00  00  00  00  00  00  00  00  00  00  00  6D  16  10  00  03  00  00  00  E3  07  02  19  12  
29  33  00  00  69  02  00  00  6D  21  1C  00  03  00  00  00  42  01  00  00  7B  00  00  00  2D  
00  00  00  03  00  00  00  F2  FF  FF  FF  50  00  00  00  6D  22  10  00  03  00  00  00  3A  FE  
FF  FF  26  02  00  00  C1  06  00  00  6D  23  14  00  03  00  00  00  00  68  95  AE  76  D6  1B  
06  FD  8C  7F  08  03  AE  E0  5C  0A  6D  24  24  00  02  00  00  00  00  00  00  00  00  00  00  
00  00  00  00  00  00  00  00  00  00  00  00  00  00  00  00  00  00  00  00  00  00  00  00  00  
6D  31  20  00  00  03  00  00  00  8A  E5  00  00  52  BB  FF  FF  56  22  01  00  76  03  08  00  
55  54  06  00  1E  9B  70  FF  BE  61  07  00  6D  32  24  00  03  00  00  00  2C  27  0C  00  1C  
09  CD  7B  01  00  00  00  2F  0A  1B  8D  05  00  00  00  FC  00  FF  FF  FF  01  00  00  00  02  
00  00  00  6D  33  10  00  03  00  00  00  E3  07  02  19  12  29  33  00  01  00  12  00  6D  34  
14  00  03  00  00  00  E7  66  03  00  C2  38  FF  FF  AD  4E  04  00  A8  B4  07  00  6D  35  0C  
00  03  00  00  00  21  8D  01  00  F6  11  07  7C  47  4E  00  00  24  84  02  00  10  05  00  00  
00  00  28  01  6D  15  14  00  02  01  00  00  03  04  03  00  00  00  00  00  00  00  00  00  00  
00  00  00  6D  16  10  00  03  00  00  00  E3  07  02  19  12  29  33  00  73  02  00  00  6D  21  
1C  00  03  00  00  00  F5  FF  FF  FF  14  FF  FF  FF  58  00  00  00  F1  FF  FF  FF  F6  FF  FF  
FF  59  00  00  00  6D  22  10  00  03  00  00  00  3A  FE  FF  FF  26  02  00  00  C2  06  00  00  
6D  23  14  00  03  00  00  00  DF  93  AE  76  2E  1A  06  FD  52  26  08  03  E0  0B  5D  0A  6D  
24  24  00  02  00  00  00  00  00  00  00  00  00  00  00  00  00  00  00  00  00  00  00  00  00  
00  00  00  00  00  00  00  00  00  00  00  00  00  00  6D  31  20  00  03  00  00  00  40  63  00  
00  DF  2E  FF  FF  2A  33  01  00  9B  BD  07  00  BB  64  06  00  CD  BD  70  FF  0B  61  07  00  
6D  32  24  00  03  00  00  00  2C  27  0C  00  1C  09  CD  7B  01  00  00  00  2F  0A  1B  8D  05  
00  00  00  FC  FF  FF  FF  01  00  00  00  03  00  00  00  E3  07  02  19  12  29  33  00  01  00  
12  00  6D  34  14  00  03  00  00  00  44  67  03  00  0E  66  FF  FF  4D  5E  04  00  9C  33  08  
00  6D  35  0C  00  03  00  00  00  26  8D  01  00  73  12  07  00  41  53  96  D0  47  4E  00  00  
25  84  02  00  00  00  00  00  00  00  28  01  6D  15  14  00  02  01  00  00  03  04  03  00  00  
00  00  00  00  00  00  00  00  00  00  00  6D  16  10  00  03  00  00  00  E3  07  02  19  12  29  
33  00  00  7D  02  00  00  6D  21  1C  00  03  00  00  00  7B  00  00  00  14  FF  FF  FF  FA  FF  
FF  FF  0A  00  00  00  01  00  00  00  23  00  00  00  6D  22  10  00  03  00  00  00  3A  FE  FF  
FF  26  02  00  00  C2  06  00  00  6D  23  14  00  03  00  00  00  00  D0  96  AE  76  16  4C  06  
FD  10  D1  07  03  7B  11  5D  0A  6D  24  24  00  02  00  00  00  00  00  00  00  00  00  00  00  
00  00  00  00  00  00  00  00  00  00  00  00  00  00  00  00  00  00  00  00  00  00  00  00  6D  
31  20  00  00  03  00  00  00  C8  97  00  00  EF  2E  FF  FF  5D  0E  01  00  B9  1B  08  00  BD  
8C  06  00  D7  EC  6F  FF  12  61  07  00  6D  32  24  00  03  00  00  00  2C  27  0C  00  1C  09  
CD  7B  01  00  00  00  2F  0A  1B  8D  05  00  00  00  FC  00  FF  FF  FF  01  00  00  00  02  00  
00  00  6D  33  10  00  03  00  00  00  E3  07  02  19  12  29  33  00  01  00  12  00  6D  34  14  
00  03  00  00  00  6E  5B  03  00  60  4F  FF  FF  44  5E  04  00  BF  C5  07  00  6D  35  0C  00  
03  00  00  00  25  8D  01  00  28  12  07  24  47  4E  00  00  26  84  02  00  00  00  00  00  00  
00  28  01  6D  15  14  00  02  01  00  00  03  04  03  00  00  00  00  00  00  00  00  00  00  00  
00  00  6D  16  10  00  03  00  00  00  E3  07  02  19  12  29  33  00  87  02  00  00  6D  21  1C  
00  03  00  00  00  DB  FE  FF  FF  2A  00  00  00  09  00  00  00  F4  FF  FF  FF  EF  FF  FF  FF  
4B  00  00  00  6D  22  10  00  03  00  00  00  3A  FE  FF  FF  26  02  00  00  C2  06  00  00  6D  
23  14  00  03  00  00  00  5C  92  AE  76  2B  D3  05  FD  8F  DA  07  03  EF  1E  5D  0A  6D  24  
24  00  02  00  00  00  00  00  00  00  00  00  00  00  00  00  00  00  00  00  00  00  00  00  00  
00  00  00  00  00  00  00  00  00  00  00  00  00  6D  31  20  00  03  00  00  00  45  F5  FF  FF  
A9  9B  FF  FF  F7  13  01  00  EC  C6  07  00  73  48  06  00  8E  88  70  FF  D5  61  07  00  6D  
32  24  00  03  00  00  00  2C  27  0C  00  1C  09  CD  7B  01  00  00  00  2F  0A  1B  8D  05  00  
00  00  FC  FF  FF  FF  01  00  00  6D  33  10  00  03  00  00  00  E3  07  02  19  12  29  33  00  
01  00  12  00  6D  34  14  00  03  00  00  00  CC  57  03  00  CD  56  FF  FF  A0  4E  04  00  20  
A1  07  00  6D  35  0C  00  03  00  00  00  25  8D  01  00  73  12  07  00  41  53  79  91  47  4E  
00  00  27  84  02  00  00  00  00  00  00  00  28  01  6D  15  14  00  02  01  00  00  03  04  03  
00  00  00  00  00  00  00  00  00  00  00  00  00  6D  16  10  00  03  00  00  00  E3  07  02  19  
00  12  29  33  00  91  02  00  00  6D  21  1C  00  03  00  00  00  7D  FF  FF  FF  CE  FF  FF  FF  
23  00  00  00  FB  FF  FF  FF  11  00  00  00  36  00  00  00  6D  22  10  00  03  00  00  00  3A  
FE  FF  FF  26  02  00  00  C2  06  00  00  6D  23  00  14  00  03  00  00  00  7B  8F  AE  76  EF  
9B  05  FD  CC  C5  07  03  24  36  5D  0A  6D  24  24  00  02  00  00  00  00  00  00  00  00  00  
00  00  00  00  00  00  00  00  00  00  00  00  00  00  00  00  00  00  00  00  00  00  00  00  00  
00  00  6D  31  20  00  03  00  00  00  4A  34  00  00  63  77  FF  FF  48  1E  01  00  44  E3  07  
00  DD  CD  06  00  02  37  70  FF  E5  60  07  00  6D  32  24  00  03  00  00  00  2C  27  0C  00  
1C  09  CD  7B  01  00  00  00  2F  0A  1B  8D  05  00  00  00  00  FC  FF  FF  FF  01  00  00  00  
02  00  00  00  6D  33  10  00  03  00  00  00  E3  07  02  19  12  29  33  00  01  00  12  00  6D  
34  14  00  03  00  00  00  1B  58  03  00  C8  65  FF  FF  FF  3E  04  00  20  A1  07  00  6D  35  
0C  00  03  00  00  00  28  8D  01  00  28  47  4E  00  00  28  84  02  00  00  04  00  00  00  00  
28  01  6D  15  14  00  02  01  00  00  03  04  03  00  00  00  00  00  00  00  00  00  00  00  00  
00  6D  16  10  00  03  00  00  00  E3  07  02  19  12  29  33  00  9B  02  00  00  6D  21  1C  00  
03  00  00  00  D8  00  00  00  12  00  00  00  EC  FF  FF  FF  0B  00  00  00  06  00  00  00  53  
00  00  00  6D  22  10  00  03  00  00  00  3A  FE  FF  FF  26  02  00  00  C2  06  00  00  6D  23  
14  00  03  00  00  00  50  91  AE  76  84  E8  05  FD  11  D6  07  03  64  32  5D  0A  6D  24  24  
00  02  00  00  00  00  00  00  00  00  00  00  00  00  00  00  00  00  00  00  00  00  00  00  00  
00  00  00  00  00  00  00  00  00  00  00  00  6D  31  20  00  03  00  00  00  F3  BB  00  00  AC  
91  FF  FF  8D  08  01  00  08  1F  08  00  A0  A3  06  00  EF  A8  70  FF  E4  61  07  00  6D  32  
24  00  03  00  00  00  7A  24  0C  00  1C  09  CD  7B  01  00  00  00  41  0A  1B  8D  05  00  00  
00  00  00  00  00  FF  FF  FF  6D  33  10  00  03  00  00  00  E3  07  02  19  12  29  33  00  01  
00  12  00  6D  34  14  00  03  00  00  00  52  76  03  00  B4  29  FF  FF  1C  3F  04  00  B8  DB  
07  00  6D  35  0C  00  03  00  00  00  29  8D  01  00  28  12  07  00  41  53  D5  E7  47  4E  00  
00  29  84  02  00  CB  BF  21  00  00  00  28  01  6D  15  14  00  02  01  00  00  03  04  03  00  
00  00  00  00  00  00  00  00  00  00  00  00  6D  16  10  00  03  00  00  00  E3  07  02  19  00  
12  29  33  00  A5  02  00  00  6D  21  1C  00  03  00  00  00  DA  FF  FF  FF  6E  00  00  00  ED  
FF  FF  FF  03  00  00  00  F0  FF  FF  FF  5A  00  00  00  6D  22  10  00  03  00  00  00  3A  FE  
FF  FF  26  02  00  00  C2  06  00  00  6D  23  00  14  00  03  00  00  00  91  8F  AE  76  E7  CF  
05  FD  8D  02  08  03  4E  32  5D  0A  6D  24  24  00  02  00  00  00  00  00  00  00  00  00  00  
00  00  00  00  00  00  00  00  00  00  00  00  00  00  00  00  00  00  00  00  00  00  00  00  00  
00  6D  31  20  00  03  00  00  00  BF  58  00  00  AC  B5  FF  FF  03  09  01  00  8A  03  08  00  
96  4D  06  00  84  C2  70  FF  37  61  07  00  6D  32  24  00  03  00  00  00  7A  24  0C  00  1C  
09  CD  7B  01  00  00  00  41  0A  1B  8D  05  00  00  00  00  00  00  00  00  FF  FF  FF  FF  03  
00  00  00  6D  33  10  00  03  00  00  00  E3  07  02  19  12  29  33  00  01  00  12  00  6D  34  
14  00  03  00  00  00  A9  25  03  00  08  4B  FF  FF  1E  33  04  00  20  A1  07  00  6D  35  0C  
00  03  00  00  00  27  8D  01  00  5D  47  4E  00  00  2A  84  02  00  CE  20  00  00  00  00  28  
01  6D  15  14  00  02  01  00  00  03  04  03  00  00  00  00  00  00  00  00  00  00  00  00  00  
6D  16  10  00  03  00  00  00  E3  07  02  19  12  29  33  00  AF  02  00  00  6D  21  1C  00  03  
00  00  00  2A  00  00  00  F8  FF  FF  FF  73  00  00  00  03  00  00  00  0C  00  00  00  40  00  
00  00  6D  22  10  00  03  00  00  00  3A  FE  FF  FF  26  02  00  00  C2  06  00  00  6D  23  14  
00  03  00  00  00  2C  8B  AE  76  37  DB  05  FD  1B  05  08  03  1C  67  5D  0A  6D  24  24  00  
02  00  00  00  00  00  00  00  00  00  00  00  00  00  00  00  00  00  00  00  00  00  00  00  00  
00  00  00  00  00  00  00  00  00  00  00  6D  31  20  00  03  00  00  00  C4  77  00  00  3A  87  
FF  FF  2A  3D  01  00  6E  03  08  00  F9  BA  06  00  94  5E  70  FF  A0  61  07  00  6D  32  24  
00  03  00  00  00  7A  24  0C  00  1C  09  CD  7B  01  00  00  00  41  0A  1B  8D  05  00  00  00  
00  00  00  00  FF  FF  FF  6D  33  10  00  03  00  00  00  E3  07  02  19  12  29  33  00  01  00  
12  00  6D  34  14  00  03  00  00  00  4F  12  03  00  EE  4A  FF  FF  F4  36  04  00  CD  99  07  
00  6D  35  0C  00  03  00  00  00  27  8D  01  00  8C  12  07  00  41  53  9A  94  47  4E  00  00  
2B  84  02  00  00  00  00  00  00  00  28  01  6D  15  14  00  02  01  00  00  03  04  03  00  00  
00  00  00  00  00  00  00  00  00  00  00  6D  16  10  00  03  00  00  00  E3  07  02  19  00  12  
29  33  00  B9  02  00  00  6D  21  1C  00  03  00  00  00  01  01  00  00  70  00  00  00  06  00  
00  00  0F  00  00  00  FD  FF  FF  FF  48  00  00  00  6D  22  10  00  03  00  00  00  3A  FE  FF  
FF  26  02  00  00  C2  06  00  00  6D  23  00  14  00  03  00  00  00  4F  8B  AE  76  53  35  06  
FD  F7  3C  08  03  19  6F  5D  0A  6D  24  24  00  02  00  00  00  00  00  00  00  00  00  00  00  
00  00  00  00  00  00  00  00  00  00  00  00  00  00  00  00  00  00  00  00  00  00  00  00  00  
6D  31  20  00  03  00  00  00  A4  CB  00  00  01  B6  FF  FF  D6  12  01  00  57  32  08  00  B0  
7E  06  00  7F  7A  70  FF  46  61  07  00  6D  32  24  00  03  00  00  00  7A  24  0C  00  1C  09  
CD  7B  01  00  00  00  41  0A  1B  8D  05  00  00  00  00  00  00  00  00  FF  FF  FF  FF  03  00  
00  00  6D  33  10  00  03  00  00  00  E3  07  02  19  12  29  33  00  01  00  12  00  6D  34  14  
00  03  00  00  00  EB  28  03  00  4B  29  FF  FF  77  4E  04  00  6C  BE  07  00  6D  35  0C  00  
03  00  00  00  27  8D  01  00  10  47  4E  00  00  2C  84  02  00  00  00  00  00  00  00  28  01  
6D  15  14  00  02  01  00  00  03  04  03  00  00  00  00  00  00  00  00  00  00  00  00  00  6D  
16  10  00  03  00  00  00  E3  07  02  19  12  29  33  00  C3  02  00  00  6D  21  1C  00  03  00  
00  00  A7  FF  FF  FF  AC  FE  FF  FF  D4  FF  FF  FF  01  00  00  00  07  00  00  00  51  00  00  
00  6D  22  10  00  03  00  00  00  3A  FE  FF  FF  26  02  00  00  C2  06  00  00  6D  23  14  00  
03  00  00  00  32  8E  AE  76  2A  17  06  FD  CA  B8  07  03  0A  6C  5D  0A  6D  24  24  00  02  
00  00  00  00  00  00  00  00  00  00  00  00  00  00  00  00  00  00  00  00  00  00  00  00  00  
00  00  00  00  00  00  00  00  00  00  6D  31  20  00  03  00  00  00  6B  44  00  00  31  05  FF  
FF  43  FF  00  00  EF  F7  07  00  F7  A3  06  00  86  9F  70  FF  D6  60  07  00  6D  32  24  00  
03  00  00  00  7A  24  0C  00  1C  09  CD  7B  01  00  00  00  41  0A  1B  8D  05  00  00  00  00  
00  00  00  FF  FF  FF  6D  33  10  00  03  00  00  00  E3  07  02  19  12  29  33  00  01  00  12  
00  6D  34  14  00  03  00  00  00  1C  77  03  00  BC  56  FF  FF  E1  1F  04  00  6C  BE  07  00  
6D  35  0C  00  03  00  00  00  24  8D  01  00  41  12  07  00  41  53  41  C8  47  4E  00  00  2D  
84  02  00  00  00  00  00  00  00  28  01  6D  15  14  00  02  01  00  00  03  04  03  00  00  00  
00  00  00  00  00  00  00  00  00  00  6D  16  10  00  03  00  00  00  E3  07  02  19  00  12  29  
33  00  CD  02  00  00  6D  21  1C  00  03  00  00  00  7C  FF  FF  FF  A5  00  00  00  3D  00  00  
00  F7  FF  FF  FF  FE  FF  FF  FF  3D  00  00  00  6D  22  10  00  03  00  00  00  3A  FE  FF  FF  
26  02  00  00  C2  06  00  00  6D  23  00  14  00  03  00  00  00  12  88  AE  76  C4  D7  05  FD  
AD  F8  07  03  44  8D  5D  0A  6D  24  24  00  02  00  00  00  00  00  00  00  00  00  00  00  00  
00  00  00  00  00  00  00  00  00  00  00  00  00  00  00  00  00  00  00  00  00  00  00  00  6D  
31  20  00  03  00  00  00  91  33  00  00  90  CA  FF  FF  5D  28  01  00  5A  D2  07  00  D4  84  
06  00  D7  50  70  FF  79  62  07  00  6D  32  24  00  03  00  00  00  7A  24  0C  00  1C  09  CD  
7B  01  00  00  00  41  0A  1B  8D  05  00  00  00  00  00  00  00  00  FF  FF  FF  FF  03  00  00  
00  6D  33  10  00  03  00  00  00  E3  07  02  19  12  29  33  00  01  00  12  00  6D  34  14  00  
03  00  00  00  FC  5F  03  00  53  6D  FF  FF  37  37  04  00  65  D4  07  00  6D  35  0C  00  03  
00  00  00  2A  8D  01  00  4E  47  4E  00  00  2E  84  02  00  00  00  00  00  00  00  28  01  6D  
15  14  00  02  01  00  00  03  04  03  00  00  00  00  00  00  00  00  00  00  00  00  00  6D  16  
10  00  03  00  00  00  E3  07  02  19  12  29  33  00  D7  02  00  00  6D  21  1C  00  03  00  00  
00  DE  FE  FF  FF  97  00  00  00  68  FF  FF  FF  F9  FF  FF  FF  F0  FF  FF  FF  3F  00  00  00  
6D  22  10  00  03  00  00  00  3A  FE  FF  FF  26  02  00  00  C2  06  00  00  6D  23  14  00  03  
00  00  00  E0  87  AE  76  E1  59  05  FD  95  2B  08  03  78  5C  5D  0A  6D  24  24  00  02  00  
00  00  00  00  00  00  00  00  00  00  00  00  00  00  00  00  00  00  00  00  00  00  00  00  00  
00  00  00  00  00  00  00  00  00  6D  31  20  00  03  00  00  00  87  F5  FF  FF  1B  C5  FF  FF  
26  D5  00  00  AC  D9  07  00  68  4F  06  00  2A  5A  70  FF  18  62  07  00  6D  32  24  00  03  
00  00  00  7A  24  0C  00  1C  09  CD  7B  01  00  00  00  41  0A  1B  8D  05  00  00  00  00  00  
00  00  FF  FF  FF  00  6D  33  10  00  03  00  00  00  E3  07  02  19  12  29  33  00  01  00  12  
00  6D  34  14  00  03  00  00  00  1D  54  03  00  75  5A  FF  FF  FC  3E  04  00  B8  DB  07  00  
6D  35  0C  00  03  00  00  00  2C  8D  01  00  5A  12  07  00  41  53  D0  7B  47  4E  00  00  2F  
84  02  00  00  00  00  00  00  00  28  01  6D  15  14  00  02  01  00  00  03  04  03  00  00  00  
00  00  00  00  00  00  00  00  00  00  6D  16  10  00  03  00  00  00  E3  07  02  00  19  12  29  
33  00  E1  02  00  00  6D  21  1C  00  03  00  00  00  39  00  00  00  EC  FF  FF  FF  ED  FF  FF  
FF  0C  00  00  00  10  00  00  00  33  00  00  00  6D  22  10  00  03  00  00  00  3A  FE  FF  FF  
26  02  00  00  C2  06  00  00  6D  00  23  14  00  03  00  00  00  4F  88  AE  76  D1  69  05  FD  
93  28  08  03  F7  5C  5D  0A  6D  24  24  00  02  00  00  00  00  00  00  00  00  00  00  00  00  
00  00  00  00  00  00  00  00  00  00  00  00  00  00  00  00  00  00  00  00  00  00  00  00  6D  
31  20  00  03  00  00  00  2C  7D  00  00  08  82  FF  FF  E6  08  01  00  59  26  08  00  2E  CB  
06  00  93  2B  70  FF  36  62  07  00  6D  32  24  00  03  00  00  00  7A  24  0C  00  1C  09  CD  
7B  01  00  00  00  41  0A  1B  8D  05  00  00  00  00  00  00  00  00  FF  FF  FF  FF  03  00  00  
00  6D  33  10  00  03  00  00  00  E3  07  02  19  12  29  33  00  01  00  12  00  6D  34  14  00  
03  00  00  00  A2  47  03  00  44  0B  FF  FF  F4  3E  04  00  B8  DB  07  00  6D  35  0C  00  03  
00  00  00  2B  8D  01  5C  47  4E  00  00  30  84  02  00  00  00  00  00  00  00  28  01  6D  15  
14  00  02  01  00  00  03  04  03  00  00  00  00  00  00  00  00  00  00  00  00  00  6D  16  10  
00  03  00  00  00  E3  07  02  19  12  29  33  00  EB  02  00  00  6D  21  1C  00  03  00  00  00  
38  01  00  00  07  00  00  00  57  00  00  00  FD  FF  FF  FF  F1  FF  FF  FF  7F  00  00  00  6D  
22  10  00  03  00  00  00  3A  FE  FF  FF  26  02  00  00  C2  06  00  00  6D  23  14  00  03  00  
00  00  28  87  AE  76  3C  DD  05  FD  C9  3A  08  03  F8  85  5D  0A  6D  24  24  00  02  00  00  
00  00  00  00  00  00  00  00  00  00  00  00  00  00  00  00  00  00  00  00  00  00  00  00  00  
00  00  00  00  00  00  00  00  6D  31  20  00  03  00  00  00  81  E0  00  00  8A  8C  FF  FF  37  
32  01  00  92  EB  07  00  2C  52  06  00  65  52  71  FF  19  61  07  00  6D  32  24  00  03  00  
00  00  7A  24  0C  00  1C  09  CD  7B  01  00  00  00  41  0A  1B  8D  05  00  00  00  00  00  00  
00  FF  FF  FF  00  6D  33  10  00  03  00  00  00  E3  07  02  19  12  29  33  00  01  00  12  00  
6D  34  14  00  03  00  00  00  CE  47  03  00  56  1A  FF  FF  F3  3E  04  00  98  8D  07  00  6D  
35  0C  00  03  00  00  00  29  8D  01  00  73  12  07  00  41  53  12  41  47  4E  00  00  31  84  
02  00  00  00  00  00  00  00  28  01  6D  15  14  00  02  01  00  00  03  04  03  00  00  00  00  
00  00  00  00  00  00  00  00  00  6D  16  10  00  03  00  00  00  E3  07  02  00  19  12  29  33  
00  F5  02  00  00  6D  21  1C  00  03  00  00  00  2B  00  00  00  FD  FE  FF  FF  74  00  00  00  
E9  FF  FF  FF  1D  00  00  00  49  00  00  00  6D  22  10  00  03  00  00  00  3A  FE  FF  FF  26  
02  00  00  C2  06  00  00  6D  00  23  14  00  03  00  00  00  50  85  AE  76  73  F1  05  FD  AE  
DB  07  03  B8  BC  5D  0A  6D  24  24  00  02  00  00  00  00  00  00  00  00  00  00  00  00  00  
00  00  00  00  00  00  00  00  00  00  00  00  00  00  00  00  00  00  00  00  00  00  00  6D  31  
20  00  03  00  00  00  A3  77  00  00  C7  24  FF  FF  72  3D  01  00  F5  9B  07  00  69  FB  06  
00  1D  7F  70  FF  B5  62  07  00  6D  32  24  00  03  00  00  00  7A  24  0C  00  1C  09  CD  7B  
01  00  00  00  41  0A  1B  8D  05  00  00  00  00  00  00  00  00  FF  FF  FF  FF  03  00  00  00  
6D  33  10  00  03  00  00  00  E3  07  02  19  12  29  33  00  01  00  12  00  6D  34  14  00  03  
00  00  00  45  48  03  00  D0  30  FF  FF  88  27  04  00  DD  C0  07  00  6D  35  0C  00  03  00  
00  00  27  8D  01  34  47  4E  00  00  32  84  02  00  00  00  00  00  00  00  28  01  6D  15  14  
00  02  01  00  00  03  04  03  00  00  00  00  00  00  00  00  00  00  00  00  00  6D  16  10  00  
03  00  00  00  E3  07  02  19  12  29  33  00  FF  02  00  00  6D  21  1C  00  03  00  00  00  32  
03  00  00  24  00  00  00  B1  00  00  00  00  00  00  00  E3  FF  FF  FF  35  00  00  00  6D  22  
10  00  03  00  00  00  3B  FE  FF  FF  26  02  00  00  C2  06  00  00  6D  23  14  00  03  00  00  
00  04  86  AE  76  85  29  07  FD  D6  09  08  03  B8  00  5E  0A  6D  24  24  00  02  00  00  00  
00  00  00  00  00  00  00  00  00  00  00  00  00  00  00  00  00  00  00  00  00  00  00  00  00  
00  00  00  00  00  00  00  6D  31  20  00  03  00  00  00  55  A6  01  00  9F  97  FF  FF  97  55  
01  00  B4  F5  07  00  3E  17  06  00  E0  32  70  FF  CC  62  07  00  6D  32  24  00  03  00  00  
00  D2  21  0C  00  1C  09  CD  7B  01  00  00  00  52  0A  1B  8D  05  00  00  00  01  00  00  00  
FE  FF  FF  00  00  6D  33  10  00  03  00  00  00  E3  07  02  19  12  29  33  00  01  00  12  00  
6D  34  14  00  03  00  00  00  A0  40  03  00  4D  38  FF  FF  81  27  04  00  4E  C3  07  00  6D  
35  0C  00  03  00  00  00  2A  8D  01  00  41  12  07  00  41  53  8D  29  47  4E  00  00  33  84  
02  00  00  00  00  00  00  00  28  01  6D  15  14  00  02  01  00  00  03  04  03  00  00  00  00  
00  00  00  00  00  00  00  00  00  6D  16  10  00  03  00  00  00  E3  07  00  02  19  12  29  33  
00  09  03  00  00  6D  21  1C  00  03  00  00  00  2C  00  00  00  18  FF  FF  FF  73  00  00  00  
F8  FF  FF  FF  16  00  00  00  4E  00  00  00  6D  22  10  00  03  00  00  00  3B  FE  FF  FF  26  
02  00  00  C2  06  00  00  00  6D  23  14  00  03  00  00  00  F9  83  AE  76  72  3D  07  FD  15  
B5  07  03  92  36  5E  0A  6D  24  24  00  02  00  00  00  00  00  00  00  00  00  00  00  00  00  
00  00  00  00  00  00  00  00  00  00  00  00  00  00  00  00  00  00  00  00  00  00  00  6D  31  
20  00  03  00  00  00  DA  77  00  00  07  2F  FF  FF  6F  3D  01  00  9D  D6  07  00  9E  DD  06  
00  FB  93  70  FF  FA  61  07  00  6D  32  24  00  03  00  00  00  D2  21  0C  00  1C  09  CD  7B  
01  00  00  00  52  0A  1B  8D  00  05  00  00  00  01  00  00  00  FE  FF  FF  FF  03  00  00  00  
6D  33  10  00  03  00  00  00  E3  07  02  19  12  29  33  00  01  00  12  00  6D  34  14  00  03  
00  00  00  3A  29  03  00  47  38  FF  FF  D7  3E  04  00  5C  97  07  00  6D  35  0C  00  03  00  
00  00  25  8D  60  47  4E  00  00  34  84  02  00  00  00  00  00  00  00  28  01  6D  15  14  00  
02  01  00  00  03  04  03  00  00  00  00  00  00  00  00  00  00  00  00  00  6D  16  10  00  03  
00  00  00  E3  07  02  19  12  29  33  00  13  03  00  00  6D  21  1C  00  03  00  00  00  39  00  
00  00  2F  00  00  00  A7  00  00  00  E6  FF  FF  FF  F7  FF  FF  FF  2F  00  00  00  6D  22  10  
00  03  00  00  00  3B  FE  FF  FF  26  02  00  00  C2  06  00  00  6D  23  14  00  03  00  00  00  
A9  7D  AE  76  71  4C  07  FD  D2  CC  07  03  2D  7C  5E  0A  6D  24  24  00  02  00  00  00  00  
00  00  00  00  00  00  00  00  00  00  00  00  00  00  00  00  00  00  00  00  00  00  00  00  00  
00  00  00  00  00  00  6D  31  20  00  03  00  00  00  F1  7C  00  00  EC  9B  FF  FF  06  52  01  
00  BE  8F  07  00  96  64  06  00  FE  18  70  FF  19  61  07  00  6D  32  24  00  03  00  00  00  
D2  21  0C  00  1C  09  CD  7B  01  00  00  00  52  0A  1B  8D  05  00  00  00  01  00  00  00  FE  
FF  FF  00  00  6D  33  10  00  03  00  00  00  E3  07  02  19  12  29  33  00  01  00  12  00  6D  
34  14  00  03  00  00  00  14  58  03  00  A1  56  FF  FF  62  2F  04  00  7C  E5  07  00  6D  35  
0C  00  03  00  00  00  2A  8D  01  00  8C  12  07  00  41  53  69  AE  47  4E  00  00  35  84  02  
00  00  00  00  00  00  00  28  01  6D  15  14  00  02  01  00  00  03  04  03  00  00  00  00  00  
00  00  00  00  00  00  00  00  6D  16  10  00  03  00  00  00  E3  07  00  02  19  12  29  33  00  
1D  03  00  00  6D  21  1C  00  03  00  00  00  34  FC  FF  FF  DA  00  00  00  BB  FF  FF  FF  0F  
00  00  00  E4  FF  FF  FF  64  00  00  00  6D  22  10  00  03  00  00  00  3A  FE  FF  FF  26  02  
00  00  C2  06  00  00  00  6D  23  14  00  03  00  00  00  AD  73  AE  76  4F  C4  05  FD  E1  01  
08  03  7C  6E  5E  0A  6D  24  24  00  02  00  00  00  00  00  00  00  00  00  00  00  00  00  00  
00  00  00  00  00  00  00  00  00  00  00  00  00  00  00  00  00  00  00  00  00  00  6D  31  20  
00  03  00  00  00  13  EB  FE  FF  5D  DE  FF  FF  D5  F5  00  00  61  32  08  00  FE  1C  06  00  
FE  E9  70  FF  C7  60  07  00  6D  32  24  00  03  00  00  00  D2  21  0C  00  1C  09  CD  7B  01  
00  00  00  52  0A  1B  8D  00  05  00  00  00  01  00  00  00  FE  FF  FF  FF  03  00  00  00  6D  
33  10  00  03  00  00  00  E3  07  02  19  12  29  33  00  01  00  12  00  6D  34  14  00  03  00  
00  00  9B  58  03  00  33  8F  FF  FF  17  3B  04  00  7C  E5  07  00  6D  35  0C  00  03  00  00  
00  29  8D  87  47  4E  00  00  36  84  02  00  00  00  00  00  00  00  28  01  6D  15  14  00  02  
01  00  00  03  04  03  00  00  00  00  00  00  00  00  00  00  00  00  00  6D  16  10  00  03  00  
00  00  E3  07  02  19  12  29  33  00  27  03  00  00  6D  21  1C  00  03  00  00  00  7E  FF  FF  
FF  23  00  00  00  C4  FF  FF  FF  ED  FF  FF  FF  FE  FF  FF  FF  45  00  00  00  6D  22  10  00  
03  00  00  00  3A  FE  FF  FF  26  02  00  00  C2  06  00  00  6D  23  14  00  03  00  00  00  85  
73  AE  76  91  8A  05  FD  06  0C  08  03  B5  5C  5E  0A  6D  24  24  00  02  00  00  00  00  00  
00  00  00  00  00  00  00  00  00  00  00  00  00  00  00  00  00  00  00  00  00  00  00  00  00  
00  00  00  00  00  6D  31  20  00  03  00  00  00  F3  33  00  00  A4  96  FF  FF  87  F9  00  00  
89  AA  07  00  52  82  06  00  58  71  70  FF  81  62  07  00  6D  32  24  00  03  00  00  00  D2  
21  0C  00  1C  09  CD  7B  01  00  00  00  52  0A  1B  8D  05  00  00  00  01  00  00  00  FE  FF  
FF  00  00  6D  33  10  00  03  00  00  00  E3  07  02  19  12  29  33  00  01  00  12  00  6D  34  
14  00  03  00  00  00  66  5C  03  00  44  8F  FF  FF  E9  42  04  00  7C  E5  07  00  6D  35  0C  
00  03  00  00  00  27  8D  01  00  28  12  07  00  41  53  52  05  47  4E  00  00  37  84  02  00  
00  00  00  00  00  00  28  01  6D  15  14  00  02  01  00  00  03  04  03  00  00  00  00  00  00  
00  00  00  00  00  00  00  6D  16  10  00  03  00  00  00  E3  07  00  02  19  12  29  33  00  31  
03  00  00  6D  21  1C  00  03  00  00  00  F1  02  00  00  E3  FF  FF  FF  2A  00  00  00  0C  00  
00  00  F0  FF  FF  FF  49  00  00  00  6D  22  10  00  03  00  00  00  3B  FE  FF  FF  26  02  00  
00  C2  06  00  00  00  6D  23  14  00  03  00  00  00  2D  79  AE  76  1E  AB  06  FD  0F  1C  08  
03  19  6A  5E  0A  6D  24  24  00  02  00  00  00  00  00  00  00  00  00  00  00  00  00  00  00  
00  00  00  00  00  00  00  00  00  00  00  00  00  00  00  00  00  00  00  00  00  6D  31  20  00  
03  00  00  00  9F  8C  01  00  8F  7D  FF  FF  9F  21  01  00  CA  23  08  00  FF  4C  06  00  BA  
81  70  FF  CC  62  07  00  6D  32  24  00  03  00  00  00  D2  21  0C  00  1C  09  CD  7B  01  00  
00  00  52  0A  1B  8D  00  05  00  00  00  01  00  00  00  FE  FF  FF  FF  03  00  00  00  6D  33  
10  00  03  00  00  00  E3  07  02  19  12  29  33  00  01  00  12  00  6D  34  14  00  03  00  00  
00  3D  67  03  00  E6  56  FF  FF  AD  4E  04  00  7C  E5  07  00  6D  35  0C  00  03  00  00  00  
29  8D  4F  47  4E  00  00  38  84  02  00  00  00  00  00  00  00  28  01  6D  15  14  00  02  01  
00  00  03  04  03  00  00  00  00  00  00  00  00  00  00  00  00  00  6D  16  10  00  03  00  00  
00  E3  07  02  19  12  29  33  00  3B  03  00  00  6D  21  1C  00  03  00  00  00  14  FF  FF  FF  
ED  FF  FF  FF  FA  FF  FF  FF  FE  FF  FF  FF  0D  00  00  00  63  00  00  00  6D  22  10  00  03  
00  00  00  3A  FE  FF  FF  26  02  00  00  C2  06  00  00  6D  23  14  00  03  00  00  00  94  76  
AE  76  61  4A  06  FD  02  0F  08  03  E2  6F  5E  0A  6D  24  24  00  02  00  00  00  00  00  00  
00  00  00  00  00  00  00  00  00  00  00  00  00  00  00  00  00  00  00  00  00  00  00  00  00  
00  00  00  00  6D  31  20  00  03  00  00  00  51  0A  00  00  B4  81  FF  FF  C3  0E  01  00  32  
F0  07  00  ED  BA  06  00  37  E5  70  FF  8A  61  07  00  6D  32  24  00  03  00  00  00  D2  21  
0C  00  1C  09  CD  7B  01  00  00  00  52  0A  1B  8D  05  00  00  00  01  00  00  00  FE  FF  FF  
00  00  00  6D  33  10  00  03  00  00  00  E3  07  02  19  12  29  33  00  01  00  12  00  6D  34  
14  00  03  00  00  00  D6  47  03  00  7E  29  FF  FF  92  4E  04  00  C8  02  08  00  6D  35  0C  
00  03  00  00  00  29  8D  01  00  41  12  07  00  41  53  FF  15  47  4E  00  00  39  84  02  00  
00  00  00  00  00  00  28  01  6D  15  14  00  02  01  00  00  03  04  03  00  00  00  00  00  00  
00  00  00  00  00  00  00  6D  16  10  00  03  00  00  00  E3  00  07  02  19  12  29  33  00  45  
03  00  00  6D  21  1C  00  03  00  00  00  BF  00  00  00  81  00  00  00  F6  FF  FF  FF  EE  FF  
FF  FF  0D  00  00  00  3C  00  00  00  6D  22  10  00  03  00  00  00  3B  FE  FF  FF  26  02  00  
00  C2  06  00  00  00  6D  23  14  00  03  00  00  00  D5  76  AE  76  51  8A  06  FD  73  49  08  
03  3C  6E  5E  0A  6D  24  24  00  02  00  00  00  00  00  00  00  00  00  00  00  00  00  00  00  
00  00  00  00  00  00  00  00  00  00  00  00  00  00  00  00  00  00  00  00  00  6D  31  20  00  
03  00  00  00  40  B1  00  00  39  BB  FF  FF  AB  0D  01  00  41  AF  07  00  62  BA  06  00  6D  
4E  70  FF  54  62  07  00  6D  32  24  00  03  00  00  00  D2  21  0C  00  1C  09  CD  7B  01  00  
00  00  52  0A  1B  00  8D  05  00  00  00  01  00  00  00  FE  FF  FF  FF  03  00  00  00  6D  33  
10  00  03  00  00  00  E3  07  02  19  12  29  33  00  01  00  12  00  6D  34  14  00  03  00  00  
00  8F  48  03  00  92  56  FF  FF  24  37  04  00  91  A3  07  00  6D  35  0C  00  03  00  00  00  
2D  2A  47  4E  00  00  3A  84  02  00  00  00  00  00  00  00  28  01  6D  15  14  00  02  01  00  
00  03  04  03  00  00  00  00  00  00  00  00  00  00  00  00  00  6D  16  10  00  03  00  00  00  
E3  07  02  19  12  29  33  00  4F  03  00  00  6D  21  1C  00  03  00  00  00  B2  FF  FF  FF  EB  
00  00  00  8A  00  00  00  FA  FF  FF  FF  05  00  00  00  63  00  00  00  6D  22  10  00  03  00  
00  00  3B  FE  FF  FF  26  02  00  00  C3  06  00  00  6D  23  14  00  03  00  00  00  66  6E  AE  
76  4D  5F  06  FD  48  A5  08  03  99  A7  5E  0A  6D  24  24  00  02  00  00  00  00  00  00  00  
00  00  00  00  00  00  00  00  00  00  00  00  00  00  00  00  00  00  00  00  00  00  00  00  00  
00  00  00  6D  31  20  00  03  00  00  00  62  48  00  00  8F  E4  FF  FF  84  47  01  00  23  E2  
07  00  70  9C  06  00  99  E7  70  FF  DC  61  07  00  6D  32  24  00  03  00  00  00  D2  21  0C  
00  1C  09  CD  7B  01  00  00  00  52  0A  1B  8D  05  00  00  00  01  00  00  00  FE  FF  FF  03  
00  00  00  6D  33  10  00  03  00  00  00  E3  07  02  19  12  29  33  00  01  00  12  00  6D  34  
14  00  03  00  00  00  BA  48  03  00  A4  65  FF  FF  23  37  04  00  3E  9C  07  00  6D  35  0C  
00  03  00  00  00  29  8D  01  00  5A  12  07  00  41  53  CE  BF  47  4E  00  00  3B  84  02  00  
00  00  00  00  00  00  28  01  6D  15  14  00  02  01  00  00  03  04  03  00  00  00  00  00  00  
00  00  00  00  00  00  00  6D  16  10  00  03  00  00  00  00  E3  07  02  19  12  29  33  00  59  
03  00  00  6D  21  1C  00  03  00  00  00  C0  FF  FF  FF  B5  00  00  00  7D  00  00  00  F9  FF  
FF  FF  15  00  00  00  3D  00  00  00  6D  22  10  00  03  00  00  00  3A  FE  FF  FF  27  02  00  
00  C3  06  00  00  00  6D  23  14  00  03  00  00  00  1B  67  AE  76  10  3B  06  FD  4E  EC  08  
03  E0  DB  5E  0A  6D  24  24  00  02  00  00  00  00  00  00  00  00  00  00  00  00  00  00  00  
00  00  00  00  00  00  00  00  00  00  00  00  00  00  00  00  00  00  00  00  00  6D  31  20  00  
03  00  00  00  03  4E  00  00  9F  CF  FF  FF  70  42  01  00  85  DE  07  00  96  D9  06  00  CC  
52  70  FF  A9  60  07  00  6D  32  24  00  03  00  00  00  D2  21  0C  00  1C  09  CD  7B  01  00  
00  00  52  0A  00  1B  8D  05  00  00  00  01  00  00  00  FE  FF  FF  FF  03  00  00  00  6D  33  
10  00  03  00  00  00  E3  07  02  19  12  29  33  00  01  00  12  00  6D  34  14  00  03  00  00  
00  85  48  03  00  C6  65  FF  FF  91  4E  04  00  7C  E5  07  00  6D  35  0C  00  03  00  00  00  
E3  47  4E  00  00  3C  84  02  00  00  00  00  00  00  00  28  01  6D  15  14  00  02  01  00  00  
03  04  03  00  00  00  00  00  00  00  00  00  00  00  00  00  6D  16  10  00  03  00  00  00  E3  
07  02  19  12  29  33  00  63  03  00  00  6D  21  1C  00  03  00  00  00  F6  FF  FF  FF  69  FF  
FF  FF  F7  FF  FF  FF  0E  00  00  00  DC  FF  FF  FF  39  00  00  00  6D  22  10  00  03  00  00  
00  3A  FE  FF  FF  26  02  00  00  C3  06  00  00  6D  23  14  00  03  00  00  00  3A  68  AE  76  
CF  35  06  FD  6E  B2  08  03  72  DE  5E  0A  6D  24  24  00  02  00  00  00  00  00  00  00  00  
00  00  00  00  00  00  00  00  00  00  00  00  00  00  00  00  00  00  00  00  00  00  00  00  00  
00  00  6D  31  20  00  03  00  00  00  4C  63  00  00  0E  4E  FF  FF  7B  0E  01  00  8F  30  08  
00  FF  FB  05  00  05  43  70  FF  A0  61  07  00  6D  32  24  00  03  00  00  00  DE  1F  0C  00  
1C  09  CD  7B  01  00  00  00  75  0A  1B  8D  05  00  00  00  00  00  00  00  FE  FF  FF  03  00  
00  00  6D  33  10  00  03  00  00  00  E3  07  02  19  12  29  33  00  01  00  12  00  6D  34  14  
00  03  00  00  00  5B  47  03  00  6F  0B  FF  FF  35  5E  04  00  7C  E5  07  00  6D  35  0C  00  
03  00  00  00  26  8D  01  00  73  12  07  00  41  53  14  30  47  4E  00  00  3D  84  02  00  00  
00  00  00  00  00  28  01  6D  15  14  00  02  01  00  00  03  04  03  00  00  00  00  00  00  00  
00  00  00  00  00  00  6D  16  10  00  03  00  00  00  00  E3  07  02  19  12  29  33  00  6D  03  
00  00  6D  21  1C  00  03  00  00  00  99  FE  FF  FF  B7  FF  FF  FF  71  00  00  00  EA  FF  FF  
FF  0D  00  00  00  57  00  00  00  6D  22  10  00  03  00  00  00  3A  FE  FF  FF  26  02  00  00  
C3  06  00  00  00  6D  23  14  00  03  00  00  00  07  61  AE  76  8C  A8  05  FD  E5  8C  08  03  
49  13  5F  0A  6D  24  24  00  02  00  00  00  00  00  00  00  00  00  00  00  00  00  00  00  00  
00  00  00  00  00  00  00  00  00  00  00  00  00  00  00  00  00  00  00  00  6D  31  20  00  03  
00  00  00  0C  DB  FF  FF  E9  6C  FF  FF  16  3E  01  00  7E  A3  07  00  0A  BD  06  00  C0  B6  
70  FF  73  61  07  00  6D  32  24  00  03  00  00  00  DE  1F  0C  00  1C  09  CD  7B  01  00  00  
00  75  0A  00  1B  8D  05  00  00  00  00  00  00  00  FE  FF  FF  FF  03  00  00  00  6D  33  10  
00  03  00  00  00  E3  07  02  19  12  29  33  00  01  00  12  00  6D  34  14  00  03  00  00  00  
7F  53  03  00  8F  16  FF  FF  62  2F  04  00  37  B2  07  00  6D  35  0C  00  03  00  00  00  45  
47  4E  00  00  3E  84  02  00  00  00  00  00  00  00  28  01  6D  15  14  00  02  01  00  00  03  
04  03  00  00  00  00  00  00  00  00  00  00  00  00  00  6D  16  10  00  03  00  00  00  E3  07  
02  19  12  29  33  00  77  03  00  00  6D  21  1C  00  03  00  00  00  0E  01  00  00  16  00  00  
00  02  00  00  00  0C  00  00  00  07  00  00  00  4A  00  00  00  6D  22  10  00  03  00  00  00  
3A  FE  FF  FF  26  02  00  00  C3  06  00  00  6D  23  14  00  03  00  00  00  C6  62  AE  76  72  
0A  06  FD  07  A0  08  03  D0  15  5F  0A  6D  24  24  00  02  00  00  00  00  00  00  00  00  00  
00  00  00  00  00  00  00  00  00  00  00  00  00  00  00  00  00  00  00  00  00  00  00  00  00  
00  6D  31  20  00  03  00  00  00  A9  D0  00  00  D2  91  FF  FF  E3  12  01  00  53  28  08  00  
CE  A5  06  00  2D  86  70  FF  54  62  07  00  6D  32  24  00  03  00  00  00  DE  1F  0C  00  1C  
09  CD  7B  01  00  00  00  75  0A  1B  8D  05  00  00  00  00  00  00  00  FE  FF  FF  FF  03  00  
00  00  6D  33  10  00  03  00  00  00  E3  07  02  19  12  29  33  00  01  00  12  00  6D  34  14  
00  03  00  00  00  95  57  03  00  09  1E  FF  FF  C7  1F  04  00  C6  AF  07  00  6D  35  0C  00  
03  00  00  00  26  8D  01  00  41  12  07  00  41  53  35  3A  47  4E  00  00  3F  84  02  00  00  
00  00  00  00  00  28  01  6D  15  14  00  02  01  00  00  03  04  03  00  00  00  00  00  00  00  
00  00  00  00  00  00  6D  16  10  00  03  00  00  00  00  E3  07  02  19  12  29  33  00  81  03  
00  00  6D  21  1C  00  03  00  00  00  02  01  00  00  5B  FF  FF  FF  C0  FF  FF  FF  F8  FF  FF  
FF  EC  FF  FF  FF  38  00  00  00  6D  22  10  00  03  00  00  00  3B  FE  FF  FF  26  02  00  00  
C3  00  06  00  00  6D  23  14  00  03  00  00  00  6D  68  AE  76  81  6D  06  FD  17  6A  08  03  
4D  01  5F  0A  6D  24  24  00  02  00  00  00  00  00  00  00  00  00  00  00  00  00  00  00  00  
00  00  00  00  00  00  00  00  00  00  00  00  00  00  00  00  00  00  00  00  6D  31  20  00  03  
00  00  00  D6  CB  00  00  18  49  FF  FF  16  F9  00  00  EB  D9  07  00  78  3A  06  00  55  3E  
70  FF  02  62  07  00  6D  32  24  00  03  00  00  00  DE  1F  0C  00  1C  09  CD  7B  01  00  00  
00  75  00  0A  1B  8D  05  00  00  00  00  00  00  00  FE  FF  FF  FF  03  00  00  00  6D  33  10  
00  03  00  00  00  E3  07  02  19  12  29  33  00  01  00  12  00  6D  34  14  00  03  00  00  00  
B6  57  03  00  56  29  FF  FF  C7  1F  04  00  B8  DB  07  00  6D  35  0C  00  03  00  00  83  47  
4E  00  00  40  84  02  00  AA  AA  AA  AA  00  00  28  01  6D  15  14  00  02  01  00  00  03  04  
03  00  00  00  00  00  00  00  00  00  00  00  00  00  6D  16  10  00  03  00  00  00  E3  07  02  
19  12  29  33  00  8B  03  00  00  6D  21  1C  00  03  00  00  00  B1  00  00  00  22  00  00  00  
38  00  00  00  F4  FF  FF  FF  09  00  00  00  5A  00  00  00  6D  22  10  00  03  00  00  00  3B  
FE  FF  FF  26  02  00  00  C3  06  00  00  6D  23  14  00  03  00  00  00  6B  67  AE  76  E8  AB  
06  FD  29  7F  08  03  9A  18  5F  0A  6D  24  24  00  02  00  00  00  00  00  00  00  00  00  00  
00  00  00  00  00  00  00  00  00  00  00  00  00  00  00  00  00  00  00  00  00  00  00  00  00  
6D  31  20  00  03  00  00  00  66  AC  00  00  B8  96  FF  FF  09  28  01  00  33  C9  07  00  3B  
AD  06  00  49  C2  70  FF  9A  60  07  00  6D  32  24  00  03  00  00  00  DE  1F  0C  00  1C  09  
CD  7B  01  00  00  00  75  0A  1B  8D  05  00  00  00  00  00  00  00  FE  FF  FF  FF  03  00  00  
00  6D  33  10  00  03  00  00  00  E3  07  02  19  12  29  33  00  01  00  12  00  6D  34  14  00  
03  00  00  00  59  48  03  00  B4  56  FF  FF  91  4E  04  00  B8  DB  07  00  6D  35  0C  00  03  
00  00  00  29  8D  01  00  5A  12  07  00  41  53  3C  F1  47  4E  00  00  41  84  02  00  02  03  
90  01  00  00  28  01  6D  15  14  00  02  01  00  00  03  04  03  00  00  00  00  00  00  00  00  
00  00  00  00  00  6D  16  10  00  03  00  00  00  00  E3  07  02  19  12  29  33  00  95  03  00  
00  6D  21  1C  00  03  00  00  00  D9  00  00  00  B5  00  00  00  1C  00  00  00  1A  00  00  00  
F0  FF  FF  FF  4D  00  00  00  6D  22  10  00  03  00  00  00  3B  FE  FF  FF  27  02  00  00  C3  
00  06  00  00  6D  23  14  00  03  00  00  00  30  66  AE  76  41  F4  06  FD  B0  CE  08  03  25  
24  5F  0A  6D  24  24  00  02  00  00  00  00  00  00  00  00  00  00  00  00  00  00  00  00  00  
00  00  00  00  00  00  00  00  00  00  00  00  00  00  00  00  00  00  00  6D  31  20  00  03  00  
00  00  DC  BB  00  00  E9  CF  FF  FF  46  1D  01  00  BC  5E  08  00  41  49  06  00  76  8F  70  
FF  3F  61  07  00  6D  32  24  00  03  00  00  00  DE  1F  0C  00  1C  09  CD  7B  01  00  00  00  
75  00  0A  1B  8D  05  00  00  00  00  00  00  00  FE  FF  FF  FF  03  00  00  00  6D  33  10  00  
03  00  00  00  E3  07  02  19  12  29  33  00  01  00  12  00  6D  34  14  00  03  00  00  00  10  
67  03  00  D4  47  FF  FF  AD  4E  04  00  8C  0C  08  00  6D  35  0C  00  03  00  00  88  47  4E  
00  00  42  84  02  00  04  00  01  00  00  00  28  01  6D  15  14  00  02  01  00  00  03  04  03  
00  00  00  00  00  00  00  00  00  00  00  00  00  6D  16  10  00  03  00  00  00  E3  07  02  19  
12  29  33  00  9F  03  00  00  6D  21  1C  00  03  00  00  00  B5  FE  FF  FF  DF  FF  FF  FF  99  
FF  FF  FF  FD  FF  FF  FF  0F  00  00  00  59  00  00  00  6D  22  10  00  03  00  00  00  3B  FE  
FF  FF  26  02  00  00  C3  06  00  00  6D  23  14  00  03  00  00  00  EF  65  AE  76  99  6D  06  
FD  68  B8  08  03  F7  06  5F  0A  6D  24  24  00  02  00  00  00  00  00  00  00  00  00  00  00  
00  00  00  00  00  00  00  00  00  00  00  00  00  00  00  00  00  00  00  00  00  00  00  00  6D  
31  20  00  03  00  00  00  EE  E5  FF  FF  66  7C  FF  FF  69  EA  00  00  92  EB  07  00  CD  C1  
06  00  14  C0  70  FF  CD  61  07  00  6D  32  24  00  03  00  00  00  DE  1F  0C  00  1C  09  CD  
7B  01  00  00  00  75  0A  1B  8D  05  00  00  00  00  00  00  00  FE  FF  FF  03  00  00  00  6D  
33  10  00  03  00  00  00  E3  07  02  19  12  29  33  00  01  00  12  00  6D  34  14  00  03  00  
00  00  D1  6A  03  00  88  3C  FF  FF  C9  4A  04  00  67  27  08  00  6D  35  0C  00  03  00  00  
00  2A  8D  01  00  3B  13  07  00  41  53  53  52  47  4E  00  00  43  84  02  00  C0  C6  2D  00  
00  00  28  01  6D  15  14  00  02  01  00  00  03  04  03  00  00  00  00  00  00  00  00  00  00  
00  00  00  6D  16  10  00  03  00  00  00  00  E3  07  02  19  12  29  33  00  A9  03  00  00  6D  
21  1C  00  03  00  00  00  C1  FF  FF  FF  CE  00  00  00  1E  FF  FF  FF  09  00  00  00  0B  00  
00  00  36  00  00  00  6D  22  10  00  03  00  00  00  3A  FE  FF  FF  27  02  00  00  C3  06  00  
00  00  6D  23  14  00  03  00  00  00  0F  6A  AE  76  10  45  06  FD  DC  06  09  03  2C  B5  5E  
0A  6D  24  24  00  02  00  00  00  00  00  00  00  00  00  00  00  00  00  00  00  00  00  00  00  
00  00  00  00  00  00  00  00  00  00  00  00  00  00  00  00  00  6D  31  20  00  03  00  00  00  
C6  4E  00  00  D9  D9  FF  FF  9C  BA  00  00  8C  1D  08  00  53  B4  06  00  11  37  70  FF  19  
61  07  00  6D  32  24  00  03  00  00  00  DE  1F  0C  00  1C  09  CD  7B  01  00  00  00  75  0A  
00  1B  8D  05  00  00  00  00  00  00  00  FE  FF  FF  FF  03  00  00  00  6D  33  10  00  03  00  
00  00  E3  07  02  19  12  29  33  00  01  00  12  00  6D  34  14  00  03  00  00  00  EF  19  03  
00  41  47  FF  FF  C9  3E  04  00  7C  E5  07  00  6D  35  0C  00  03  00  00  00  64  47  4E  00  
00  44  84  02  00  00  10  0E  00  00  00  28  01  6D  15  14  00  02  01  00  00  03  04  03  00  
00  00  00  00  00  00  00  00  00  00  00  00  6D  16  10  00  03  00  00  00  E3  07  02  19  12  
29  33  00  B3  03  00  00  6D  21  1C  00  03  00  00  00  D0  FE  FF  FF  F9  FF  FF  FF  2D  FF  
FF  FF  E8  FF  FF  FF  FF  FF  FF  FF  66  00  00  00  6D  22  10  00  03  00  00  00  3A  FE  FF  
FF  27  02  00  00  C2  06  00  00  6D  23  14  00  03  00  00  00  8A  6D  AE  76  88  C6  05  FD  
01  FA  08  03  C1  6C  5E  0A  6D  24  24  00  02  00  00  00  00  00  00  00  00  00  00  00  00  
00  00  00  00  00  00  00  00  00  00  00  00  00  00  00  00  00  00  00  00  00  00  00  6D  31  
20  00  03  00  00  00  B9  F0  FF  FF  BA  86  FF  FF  92  C0  00  00  0D  9A  07  00  5B  87  06  
00  E2  F0  70  FF  82  61  07  00  6D  32  24  00  03  00  00  00  DE  1F  0C  00  1C  09  CD  7B  
01  00  00  00  75  0A  1B  8D  05  00  00  00  00  00  00  00  FE  FF  FF  FF  03  00  00  00  6D  
33  10  00  03  00  00  00  E3  07  02  19  12  29  33  00  01  00  12  00  6D  34  14  00  03  00  
00  00  67  57  03  00  5A  1A  FF  FF  63  2F  04  00  C8  02  08  00  6D  35  0C  00  03  00  00  
00  28  8D  01  00  28  12  07  00  41  53  46  D0  47  4E  00  00  45  84  02  00  01  00  00  01  
00  00  28  01  6D  15  14  00  02  01  00  00  03  04  03  00  00  00  00  00  00  00  00  00  00  
00  00  00  6D  16  10  00  03  00  00  00  00  E3  07  02  19  12  29  33  00  BD  03  00  00  6D  
21  1C  00  03  00  00  00  47  FF  FF  FF  DE  FF  FF  FF  03  00  00  00  FF  FF  FF  FF  FE  FF  
FF  FF  44  00  00  00  6D  22  10  00  03  00  00  00  3A  FE  FF  FF  27  02  00  00  C2  00  06  
00  00  6D  23  14  00  03  00  00  00  46  6B  AE  76  5A  79  05  FD  C5  E8  08  03  9A  75  5E  
0A  6D  24  24  00  02  00  00  00  00  00  00  00  00  00  00  00  00  00  00  00  00  00  00  00  
00  00  00  00  00  00  00  00  00  00  00  00  00  00  00  00  00  6D  31  20  00  03  00  00  00  
21  1F  00  00  A5  7C  FF  FF  E1  13  01  00  66  F5  07  00  D1  82  06  00  F6  6E  70  FF  02  
62  07  00  6D  32  24  00  03  00  00  00  DE  1F  0C  00  1C  09  CD  7B  01  00  00  00  75  00  
0A  1B  8D  05  00  00  00  00  00  00  00  FE  FF  FF  FF  03  00  00  00  6D  33  10  00  03  00  
00  00  E3  07  02  19  12  29  33  00  01  00  12  00  6D  34  14  00  03  00  00  00  03  50  03  
00  71  38  FF  FF  5C  2F  04  00  12  CD  07  00  6D  35  0C  00  03  00  00  4B  47  4E  00  00  
46  84  02  00  30  0F  1F  00  00  00  28  01  6D  15  14  00  02  01  00  00  03  04  03  00  00  
00  00  00  00  00  00  00  00  00  00  00  6D  16  10  00  03  00  00  00  E3  07  02  19  12  29  
33  00  C7  03  00  00  6D  21  1C  00  03  00  00  00  E1  02  00  00  3D  00  00  00  84  00  00  
00  06  00  00  00  FC  FF  FF  FF  60  00  00  00  6D  22  10  00  03  00  00  00  3B  FE  FF  FF  
27  02  00  00  C3  06  00  00  6D  23  14  00  03  00  00  00  A0  6C  AE  76  5E  90  06  FD  FE  
1C  09  03  F1  A6  5E  0A  6D  24  24  00  02  00  00  00  00  00  00  00  00  00  00  00  00  00  
00  00  00  00  00  00  00  00  00  00  00  00  00  00  00  00  00  00  00  00  00  00  6D  31  20  
00  03  00  00  00  70  87  01  00  B3  A1  FF  FF  29  46  01  00  28  11  08  00  D1  79  06  00  
B0  D9  70  FF  73  61  07  00  6D  32  24  00  03  00  00  00  C2  1D  0C  00  1C  09  CD  7B  01  
00  00  00  87  0A  1B  8D  05  00  00  00  03  00  00  00  FE  FF  FF  FF  03  00  00  00  6D  33  
10  00  03  00  00  00  E3  07  02  19  12  29  33  00  01  00  12  00  6D  34  14  00  03  00  00  
00  BC  40  03  00  33  4B  FF  FF  35  33  04  00  AF  9E  07  00  6D  35  0C  00  03  00  00  00  
29  8D  01  00  5A  12  07  00  41  53  00  34  47  4E  00  00  47  84  02  00  00  00  00  00  00  
00  28  01  6D  15  14  00  02  01  00  00  03  04  03  00  00  00  00  00  00  00  00  00  00  00  
00  00  6D  16  10  00  03  00  00  00  00  E3  07  02  19  12  29  33  00  D1  03  00  00  6D  21  
1C  00  03  00  00  00  73  FE  FF  FF  BF  00  00  00  20  FF  FF  FF  F9  FF  FF  FF  1D  00  00  
00  30  00  00  00  6D  22  10  00  03  00  00  00  3A  FE  FF  FF  27  02  00  00  C2  00  06  00  
00  6D  23  14  00  03  00  00  00  A9  6D  AE  76  28  E6  05  FD  BB  59  09  03  72  58  5E  0A  
6D  24  24  00  02  00  00  00  00  00  00  00  00  00  00  00  00  00  00  00  00  00  00  00  00  
00  00  00  00  00  00  00  00  00  00  00  00  00  00  00  00  6D  31  20  00  03  00  00  00  2D  
CC  FF  FF  61  D4  FF  FF  44  BB  00  00  2C  DC  07  00  6B  FC  06  00  BB  1F  70  FF  FC  60  
07  00  6D  32  24  00  03  00  00  00  C2  1D  0C  00  1C  09  CD  7B  01  00  00  00  87  00  0A  
1B  8D  05  00  00  00  03  00  00  00  FE  FF  FF  FF  03  00  00  00  6D  33  10  00  03  00  00  
00  E3  07  02  19  12  29  33  00  01  00  12  00  6D  34  14  00  03  00  00  00  0D  29  03  00  
35  29  FF  FF  D8  3E  04  00  A8  B4  07  00  6D  35  0C  00  03  00  00  40  47  4E  00  00  48  
84  02  00  03  00  00  00  00  00  28  01  6D  15  14  00  02  01  00  00  03  04  03  00  00  00  
00  00  00  00  00  00  00  00  00  00  6D  16  10  00  03  00  00  00  E3  07  02  19  12  00  29  
33  00  DB  03  00  00  6D  21  1C  00  03  00  00  00  CC  FF  FF  FF  70  00  00  00  1D  00  00  
00  0A  00  00  00  DE  FF  FF  FF  4E  00  00  00  6D  22  10  00  03  00  00  00  3A  FE  FF  FF  
27  02  00  00  C2  06  00  00  6D  23  14  00  00  03  00  00  00  52  6A  AE  76  02  C7  05  FD  
90  85  09  03  DF  68  5E  0A  6D  24  24  00  02  00  00  00  00  00  00  00  00  00  00  00  00  
00  00  00  00  00  00  00  00  00  00  00  00  00  00  00  00  00  00  00  00  00  00  00  6D  00  
31  20  00  03  00  00  00  41  53  00  00  CA  B5  FF  FF  DB  1D  01  00  1C  22  08  00  89  07  
06  00  43  94  70  FF  B7  61  07  00  6D  32  24  00  03  00  00  00  C2  1D  0C  00  1C  09  CD  
7B  01  00  00  00  87  0A  1B  8D  05  00  00  00  00  03  00  00  00  FE  FF  FF  FF  03  00  00  
00  6D  33  10  00  03  00  00  00  E3  07  02  19  12  29  33  00  01  00  12  00  6D  34  14  00  
03  00  00  00  C8  28  03  00  61  29  FF  FF  18  5E  04  00  88  66  07  00  6D  35  0C  00  03  
00  00  00  00  25  8D  01  00  5A  B9  47  4E  00  00  5D  84  02  00  00  00  00  00  00  00  28  
01  6D  15  14  00  02  01  00  00  03  04  03  00  00  00  00  00  00  00  00  00  00  00  00  00  
6D  16  10  00  03  00  00  00  E3  07  02  19  12  00  29  34  00  C5  00  00  00  6D  21  1C  00  
03  00  00  00  DB  FE  FF  FF  52  00  00  00  C1  FF  FF  FF  F2  FF  FF  FF  F7  FF  FF  FF  34  
00  00  00  6D  22  10  00  03  00  00  00  39  FE  FF  FF  27  02  00  00  C2  06  00  00  6D  23  
14  00  00  03  00  00  00  4B  6A  AE  76  AD  71  04  FD  DE  5D  09  03  BB  12  5E  0A  6D  24  
24  00  02  00  00  00  00  00  00  00  00  00  00  00  00  00  00  00  00  00  00  00  00  00  00  
00  00  00  00  00  00  00  00  00  00  00  00  00  6D  00  31  20  00  03  00  00  00  7D  F5  FF  
FF  23  AB  FF  FF  CF  F9  00  00  0A  C5  07  00  35  69  06  00  F3  2D  70  FF  91  61  07  00  
6D  32  24  00  03  00  00  00  B2  19  0C  00  F9  08  CD  7B  01  00  00  00  BB  0A  1B  8D  05  
00  00  00  FF  FF  FF  FF  02  00  00  91  47  4E  00  00  5E  84  02  00  00  00  00  00  00  00  
28  01  6D  15  14  00  02  01  00  00  03  04  03  00  00  00  00  00  00  00  00  00  00  00  00  
00  6D  16  10  00  03  00  00  00  E3  07  02  19  12  29  34  00  CF  00  00  00  6D  21  1C  00  
03  00  00  00  59  02  00  00  80  FF  FF  FF  FE  00  00  00  F2  FF  FF  FF  00  00  00  00  3B  
00  00  00  6D  22  10  00  03  00  00  00  3A  FE  FF  FF  27  02  00  00  C2  06  00  00  6D  23  
14  00  03  00  00  00  F4  68  AE  76  6F  5E  05  FD  97  41  09  03  67  6E  5E  0A  6D  24  24  
00  02  00  00  00  00  00  00  00  00  00  00  00  00  00  00  00  00  00  00  00  00  00  00  00  
00  00  00  00  00  00  00  00  00  00  00  00  6D  31  20  00  03  00  00  00  D6  52  01  00  1B  
59  FF  FF  A2  75  01  00  8C  C4  07  00  48  8E  06  00  D0  49  70  FF  11  62  07  00  6D  32  
24  00  03  00  00  00  B2  19  0C  00  F9  08  CD  7B  01  00  00  00  BB  0A  1B  8D  05  00  00  
00  FF  FF  FF  FF  02  00  00  00  02  00  00  00  6D  33  10  00  03  00  00  00  E3  07  02  19  
12  29  34  00  01  00  12  00  6D  34  14  00  03  00  00  00  15  67  03  00  A7  38  FF  FF  28  
3B  04  00  B8  DB  07  00  6D  35  0C  00  03  00  00  00  00  26  8D  01  00  28  12  07  00  41  
53  D6  E6  47  4E  00  00  5F  84  02  00  00  00  00  00  00  00  28  01  6D  15  14  00  02  01  
00  00  03  04  03  00  00  00  00  00  00  00  00  00  00  00  00  00  6D  16  10  00  03  00  00  
00  00  E3  07  02  19  12  29  34  00  D9  00  00  00  6D  21  1C  00  03  00  00  00  2E  FE  FF  
FF  A1  00  00  00  F9  FE  FF  FF  FB  FF  FF  FF  00  00  00  00  5C  00  00  00  6D  22  10  00  
03  00  00  00  39  FE  FF  FF  27  02  00  00  C2  00  06  00  00  6D  23  14  00  03  00  00  00  
F6  6B  AE  76  2E  9D  04  FD  F3  6B  09  03  03  08  5E  0A  6D  24  24  00  02  00  00  00  00  
00  00  00  00  00  00  00  00  00  00  00  00  00  00  00  00  00  00  00  00  00  00  00  00  00  
00  00  00  00  00  00  00  6D  31  20  00  03  00  00  00  E5  B1  FF  FF  16  CA  FF  FF  B5  AB  
00  00  9C  E4  07  00  0E  8C  06  00  CD  CB  70  FF  02  62  07  00  6D  32  24  00  03  00  00  
00  B2  19  0C  00  F9  08  CD  7B  01  00  00  00  BB  0A  1B  8D  05  00  00  00  FF  DE  47  4E  
00  00  60  84  02  00  14  00  00  00  00  00  28  01  6D  15  14  00  02  01  00  00  03  04  03  
00  00  00  00  00  00  00  00  00  00  00  00  00  6D  16  10  00  03  00  00  00  E3  07  02  19  
12  29  34  00  E3  00  00  00  6D  21  1C  00  03  00  00  00  D8  FF  FF  FF  07  FF  FF  FF  62  
00  00  00  FE  FF  FF  FF  FA  FF  FF  FF  24  00  00  00  6D  22  10  00  03  00  00  00  39  FE  
FF  FF  27  02  00  00  C2  06  00  00  6D  23  14  00  03  00  00  00  EF  6A  AE  76  8F  93  04  
FD  09  09  09  03  F6  2D  5E  0A  6D  24  24  00  02  00  00  00  00  00  00  00  00  00  00  00  
00  00  00  00  00  00  00  00  00  00  00  00  00  00  00  00  00  00  00  00  00  00  00  00  6D  
31  20  00  03  00  00  00  73  58  00  00  DA  29  FF  FF  61  38  01  00  96  F3  07  00  0F  77  
06  00  AE  F1  6F  FF  4C  62  07  00  6D  32  24  00  03  00  00  00  B2  19  0C  00  F9  08  CD  
7B  01  00  00  00  BB  0A  1B  8D  05  00  00  00  FF  FF  FF  FF  02  00  00  00  02  00  00  00  
6D  33  10  00  03  00  00  00  E3  07  02  19  12  29  34  00  01  00  12  00  6D  34  14  00  03  
00  00  00  0E  50  03  00  2C  4F  FF  FF  C9  46  04  00  B8  DB  07  00  6D  35  0C  00  03  00  
00  00  00  29  8D  01  00  28  12  07  00  41  53  84  3E  47  4E  00  00  61  84  02  00  3D  87  
01  00  00  00  28  01  6D  15  14  00  02  01  00  00  03  04  03  00  00  00  00  00  00  00  00  
00  00  00  00  00  6D  16  10  00  03  00  00  00  E3  07  02  19  12  29  34  00  ED  00  00  00  
6D  21  1C  00  03  00  00  00  86  01  00  00  2B  00  00  00  89  FF  FF  FF  01  00  00  00  F7  
FF  FF  FF  56  00  00  00  6D  22  10  00  03  00  00  00  3A  FE  FF  FF  27  02  00  00  C2  06  
00  00  6D  23  14  00  03  00  00  00  84  72  AE  76  CA  24  05  FD  88  24  09  03  E3  F8  5D  
0A  6D  24  24  00  02  00  00  00  00  00  00  00  00  00  00  00  00  00  00  00  00  00  00  00  
00  00  00  00  00  00  00  00  00  00  00  00  00  00  00  00  6D  31  20  00  03  00  00  00  2A  
00  01  00  27  9C  FF  FF  A5  E3  00  00  99  FE  07  00  4C  69  06  00  4C  B2  70  FF  C6  61  
07  00  6D  32  24  00  03  00  00  00  B2  19  0C  00  F9  08  CD  7B  01  00  00  00  BB  0A  1B  
8D  05  00  00  00  FF  F6  11  07  00  41  53  D9  3C  47  4E  00  00  62  84  02  00  01  16  01  
60  00  00  28  01  6D  15  14  00  02  01  00  00  03  04  03  00  00  00  00  00  00  00  00  00  
00  00  00  00  6D  16  10  00  03  00  00  00  E3  07  02  19  12  29  34  00  F7  00  00  00  6D  
21  1C  00  03  00  00  00  6D  00  00  00  7E  FF  FF  FF  C1  FF  FF  FF  E5  FF  FF  FF  1D  00  
00  00  43  00  00  00  6D  22  10  00  03  00  00  00  3A  FE  FF  FF  27  02  00  00  C2  06  00  
00  6D  23  14  00  03  00  00  00  35  77  AE  76  53  4F  05  FD  76  F3  08  03  C3  DD  5D  0A  
6D  24  24  00  02  00  00  00  00  00  00  00  00  00  00  00  00  00  00  00  00  00  00  00  00  
00  00  00  00  00  00  00  00  00  00  00  00  00  00  00  6D  31  20  00  03  00  00  00  87  92  
00  00  75  58  FF  FF  60  F9  00  00  BC  8E  07  00  00  FC  06  00  B8  67  70  FF  4E  61  07  
00  6D  32  24  00  03  00  00  00  B2  19  0C  00  F9  08  CD  7B  01  00  00  00  BB  0A  1B  8D  
05  00  00  00  FF  FF  FF  FF  02  00  00  00  02  00  00  00  6D  33  10  00  03  00  00  00  E3  
07  02  19  12  29  34  00  01  00  12  00  6D  34  14  00  03  00  00  00  B6  4F  03  00  08  31  
FF  FF  CA  46  04  00  91  A3  00  07  00  6D  35  0C  00  03  00  00  00  21  8D  01  00  0F  12  
07  00  41  53  AE  E7  47  4E  00  00  63  84  02  00  2A  00  00  00  00  00  28  01  6D  15  14  
00  02  01  00  00  03  04  03  00  00  00  00  00  00  00  00  00  00  00  00  00  6D  16  10  00  
03  00  00  00  E3  07  02  19  12  29  34  00  01  01  00  00  6D  21  1C  00  03  00  00  00  26  
02  00  00  1F  00  00  00  0F  00  00  00  F9  FF  FF  FF  FC  FF  FF  FF  3A  00  00  00  6D  22  
10  00  03  00  00  00  3A  FE  FF  FF  27  02  00  00  C2  06  00  00  6D  23  14  00  03  00  00  
00  05  7C  AE  76  D1  1F  06  FD  FC  0F  09  03  34  DA  5D  0A  6D  24  24  00  02  00  00  00  
00  00  00  00  00  00  00  00  00  00  00  00  00  00  00  00  00  00  00  00  00  00  00  00  00  
00  00  00  00  00  00  00  6D  31  20  00  03  00  00  00  95  3E  01  00  1D  97  FF  FF  93  17  
01  00  7D  DE  07  00  EB  7B  06  00  73  47  70  FF  A0  61  07  00  6D  32  24  00  03  00  00  
00  B2  19  0C  00  F9  08  CD  7B  01  00  00  00  BB  0A  6D  34  14  00  03  00  00  00  EF  67  
03  00  54  A2  FF  FF  4B  5E  04  00  30  C8  07  00  6D  35  0C  00  03  00  00  00  25  8D  01  
00  73  12  07  00  41  53  C7  B4  47  4E  00  00  64  84  02  00  10  05  00  00  00  00  28  01  
6D  15  14  00  02  01  00  00  03  04  03  00  00  00  00  00  00  00  00  00  00  00  00  00  6D  
16  10  00  03  00  00  00  E3  07  02  19  12  29  34  00  0B  01  00  00  6D  21  1C  00  03  00  
00  00  B5  FD  FF  FF  6C  00  00  00  4C  FF  FF  FF  FD  FF  FF  FF  E4  FF  FF  FF  1D  00  00  
00  6D  22  10  00  03  00  00  00  3A  FE  FF  FF  27  02  00  00  C2  06  00  00  6D  23  14  00  
03  00  00  00  91  7B  AE  76  F7  31  05  FD  46  22  09  03  B4  95  5D  0A  6D  24  24  00  02  
00  00  00  00  00  00  00  00  00  00  00  00  00  00  00  00  00  00  00  00  00  00  00  00  00  
00  00  00  00  00  00  00  00  00  00  6D  31  20  00  03  00  00  00  A8  82  FF  FF  42  B5  FF  
FF  57  CB  00  00  22  ED  07  00  90  1E  06  00  9A  D3  6F  FF  11  62  07  00  6D  32  24  00  
03  00  00  00  50  17  0C  00  F9  08  CD  7B  01  00  00  00  CC  0A  1B  8D  05  00  00  00  01  
00  00  00  FC  FF  FF  FF  02  00  00  00  6D  33  10  00  03  00  00  00  00  E3  07  02  19  12  
29  34  00  01  00  12  00  6D  34  14  00  03  00  00  00  18  50  03  00  F0  52  FF  FF  C9  46  
04  00  0D  36  08  00  6D  35  0C  00  03  00  00  00  28  8D  01  00  5A  12  07  00  41  53  C4  
1A  47  4E  00  00  65  84  02  00  00  00  00  00  00  00  28  01  6D  15  14  00  02  01  00  00  
03  04  03  00  00  00  00  00  00  00  00  00  00  00  00  00  6D  16  10  00  03  00  00  00  E3  
07  02  19  12  29  34  00  15  01  00  00  6D  21  1C  00  03  00  00  00  C1  FE  FF  FF  7D  FF  
FF  FF  81  FF  FF  FF  04  00  00  00  FE  FF  FF  FF  28  00  00  00  6D  22  10  00  03  00  00  
00  39  FE  FF  FF  27  02  00  00  C2  06  00  00  6D  23  14  00  03  00  00  00  42  7E  AE  76  
FF  B5  04  FD  FB  E1  08  03  18  66  5D  0A  6D  24  24  00  02  00  00  00  00  00  00  00  00  
00  00  00  00  00  00  00  00  00  00  00  00  00  00  00  00  00  00  00  00  00  00  00  00  00  
00  00  6D  31  20  00  03  00  00  00  6C  EB  FF  FF  0B  58  FF  FF  17  E0  00  00  D7  08  00  
00  00  01  00  00  00  FC  FF  FF  FF  02  00  00  00  6D  33  10  00  03  00  00  00  E3  07  02  
19  12  29  34  00  01  00  12  00  6D  34  14  00  03  00  00  00  AB  38  03  00  CD  30  FF  FF  
16  37  04  00  14  20  08  00  6D  35  0C  00  03  00  00  00  2C  8D  01  00  8C  12  07  00  41  
53  FB  A6  47  4E  00  00  66  84  02  00  00  00  00  00  00  00  28  01  6D  15  14  00  02  01  
00  00  03  04  03  00  00  00  00  00  00  00  00  00  00  00  00  00  00  6D  16  10  00  03  00  
00  00  E3  07  02  19  12  29  34  00  1F  01  00  00  6D  21  1C  00  03  00  00  00  EE  01  00  
00  B2  00  00  00  6C  00  00  00  FA  FF  FF  FF  F6  FF  FF  FF  3C  00  00  00  6D  22  10  00  
03  00  00  00  00  3A  FE  FF  FF  27  02  00  00  C2  06  00  00  6D  23  14  00  03  00  00  00  
D0  7D  AE  76  D7  6D  05  FD  78  37  09  03  FC  86  5D  0A  6D  24  24  00  02  00  00  00  00  
00  00  00  00  00  00  00  00  00  00  00  00  00  00  00  00  00  00  00  00  00  00  00  00  00  
00  00  00  00  00  00  00  6D  31  20  00  03  00  00  00  EB  28  01  00  62  D0  FF  FF  EE  3B  
01  00  9A  E2  07  00  0C  64  06  00  A4  4E  70  FF  EA  62  07  00  6D  32  24  00  03  00  00  
00  50  17  0C  00  00  F9  08  CD  7B  01  00  00  00  CC  0A  1B  8D  05  00  00  00  01  00  00  
00  FC  FF  FF  FF  02  00  00  00  6D  33  10  00  03  00  00  00  E3  07  02  19  12  29  34  00  
01  00  12  00  6D  34  14  00  03  00  00  00  7A  3C  03  00  0E  2D  FF  FF  1A  37  04  00  7C  
38  47  4E  00  00  67  84  02  00  00  00  00  00  00  00  28  01  6D  15  14  00  02  01  00  00  
03  04  03  00  00  00  00  00  00  00  00  00  00  00  00  00  6D  16  10  00  03  00  00  00  E3  
07  02  19  12  29  34  00  29  01  00  00  6D  21  1C  00  03  00  00  00  38  FF  FF  FF  64  FF  
FF  FF  8C  00  00  00  FC  FF  FF  FF  03  00  00  00  34  00  00  00  6D  22  10  00  03  00  00  
00  3A  FE  FF  FF  27  02  00  00  C2  06  00  00  6D  23  14  00  03  00  00  00  F2  78  AE  76  
D8  23  05  FD  6F  F3  08  03  67  BD  5D  0A  6D  24  24  00  02  00  00  00  00  00  00  00  00  
00  00  00  00  00  00  00  00  00  00  00  00  00  00  00  00  00  00  00  00  00  00  00  00  00  
00  00  6D  31  20  00  03  00  00  00  C2  19  00  00  F2  4D  FF  FF  4F  48  01  00  DB  E7  07  
00  9F  95  06  00  E3  2D  70  FF  91  61  07  00  6D  32  24  00  03  00  00  00  50  17  0C  00  
F9  08  CD  7B  01  00  00  00  CC  0A  1B  8D  05  00  00  00  01  00  00  00  FC  FF  FF  FF  02  
00  00  00  6D  33  10  00  03  00  00  00  E3  07  02  19  12  29  34  00  01  00  12  00  6D  34  
14  00  03  00  00  00  58  76  03  00  DB  38  FF  FF  BB  4E  04  00  7C  E5  07  00  6D  35  0C  
00  03  00  00  00  2A  8D  01  00  5A  12  07  00  41  53  AC  F7  47  4E  00  00  68  84  02  00  
00  04  00  00  00  00  28  01  6D  15  14  00  02  01  00  00  03  04  03  00  00  00  00  00  00  
00  00  00  00  00  00  00  6D  16  10  00  03  00  00  00  00  E3  07  02  19  12  29  34  00  33  
01  00  00  6D  21  1C  00  03  00  00  00  15  03  00  00  12  00  00  00  87  00  00  00  FD  FF  
FF  FF  FA  FF  FF  FF  37  00  00  00  6D  22  10  00  03  00  00  00  3A  FE  FF  FF  27  02  00  
00  C2  00  06  00  00  6D  23  14  00  03  00  00  00  39  7C  AE  76  7B  54  06  FD  91  14  09  
03  A8  E5  5D  0A  6D  24  24  00  02  00  00  00  00  00  00  00  00  00  00  00  00  00  00  00  
00  00  00  00  00  00  00  00  00  00  00  00  00  00  00  00  00  00  00  00  00  6D  31  20  00  
03  00  00  00  55  9C  01  00  36  92  FF  FF  19  46  01  00  8B  EC  07  00  FB  74  06  00  DE  
3B  70  FF  99  61  07  00  6D  32  24  00  03  00  00  00  50  17  0C  00  F9  08  CD  7B  01  00  
00  00  CC  00  0A  1B  8D  05  00  00  00  01  00  00  00  FC  FF  FF  FF  02  00  00  00  6D  33  
10  00  03  00  00  00  E3  07  02  19  12  29  34  00  01  00  12  00  6D  34  14  00  03  00  00  
00  DE  3C  03  00  F7  4E  FF  FF  1A  37  04  00  3E  9C  07  00  6D  35  0C  00  03  00  00  D6  
47  4E  00  00  69  84  02  00  CC  BF  21  00  00  00  28  01  6D  15  14  00  02  01  00  00  03  
04  03  00  00  00  00  00  00  00  00  00  00  00  00  00  6D  16  10  00  03  00  00  00  E3  07  
02  19  12  29  34  00  3D  01  00  00  6D  21  1C  00  03  00  00  00  7E  FE  FF  FF  52  00  00  
00  AA  FF  FF  FF  0A  00  00  00  E7  FF  FF  FF  78  00  00  00  6D  22  10  00  03  00  00  00  
3A  FE  FF  FF  27  02  00  00  C2  06  00  00  6D  23  14  00  03  00  00  00  D1  7A  AE  76  D3  
B7  05  FD  FF  24  09  03  F6  C3  5D  0A  6D  24  24  00  02  00  00  00  00  00  00  00  00  00  
00  00  00  00  00  00  00  00  00  00  00  00  00  00  00  00  00  00  00  00  00  00  00  00  00  
00  6D  31  20  00  03  00  00  00  0E  D1  FF  FF  FB  AA  FF  FF  99  EF  00  00  0A  1F  08  00  
F3  25  06  00  FB  38  71  FF  55  61  07  00  6D  32  24  00  03  00  00  00  50  17  0C  00  F9  
08  CD  7B  01  00  00  00  CC  0A  1B  8D  05  00  00  00  01  00  00  00  FC  FF  FF  FF  02  00  
00  00  6D  33  10  00  03  00  00  00  E3  07  02  19  12  29  34  00  01  00  12  00  6D  34  14  
00  03  00  00  00  D8  38  03  00  DF  3F  FF  FF  16  37  04  00  12  CD  07  00  6D  35  0C  00  
03  00  00  00  2B  8D  01  00  28  12  07  00  41  53  1F  63  47  4E  00  00  6A  84  02  00  CE  
20  00  00  00  00  28  01  6D  15  14  00  02  01  00  00  03  04  03  00  00  00  00  00  00  00  
00  00  00  00  00  00  6D  16  10  00  03  00  00  00  00  E3  07  02  19  12  29  34  00  47  01  
00  00  6D  21  1C  00  03  00  00  00  02  00  00  00  8C  FF  FF  FF  C3  FF  FF  FF  F6  FF  FF  
FF  0F  00  00  00  33  00  00  00  6D  22  10  00  03  00  00  00  3A  FE  FF  FF  27  02  00  00  
C2  00  06  00  00  6D  23  14  00  03  00  00  00  4B  7E  AE  76  08  B9  05  FD  B7  F5  08  03  
59  AA  5D  0A  6D  24  24  00  02  00  00  00  00  00  00  00  00  00  00  00  00  00  00  00  00  
00  00  00  00  00  00  00  00  00  00  00  00  00  00  00  00  00  00  00  00  6D  31  20  00  03  
00  00  00  C5  68  00  00  82  5D  FF  FF  8F  F9  00  00  A1  D0  07  00  68  C4  06  00  6D  2B  
70  FF  12  61  07  00  6D  32  24  00  03  00  00  00  50  17  0C  00  F9  08  CD  7B  01  00  00  
00  CC  00  0A  1B  8D  05  00  00  00  01  00  00  00  FC  FF  FF  FF  02  00  00  00  6D  33  10  
00  03  00  00  00  E3  07  02  19  12  29  34  00  01  00  12  00  6D  34  14  00  03  00  00  00  
FA  47  03  00  68  29  FF  FF  F3  3E  04  00  50  16  08  00  6D  35  0C  00  03  00  00  0F  47  
4E  00  00  6B  84  02  00  00  00  00  00  00  00  28  01  6D  15  14  00  02  01  00  00  03  04  
03  00  00  00  00  00  00  00  00  00  00  00  00  00  6D  16  10  00  03  00  00  00  E3  07  02  
19  12  29  34  00  51  01  00  00  6D  21  1C  00  03  00  00  00  28  00  00  00  1E  00  00  00  
2E  00  00  00  04  00  00  00  EC  FF  FF  FF  45  00  00  00  6D  22  10  00  03  00  00  00  3A  
FE  FF  FF  27  02  00  00  C2  06  00  00  6D  23  14  00  03  00  00  00  F2  7C  AE  76  0E  C5  
05  FD  68  02  09  03  83  B9  5D  0A  6D  24  24  00  02  00  00  00  00  00  00  00  00  00  00  
00  00  00  00  00  00  00  00  00  00  00  00  00  00  00  00  00  00  00  00  00  00  00  00  00  
6D  31  20  00  03  00  00  00  ED  77  00  00  BA  96  FF  FF  06  23  01  00  80  08  08  00  D4  
3A  06  00  5A  71  70  FF  91  61  07  00  6D  32  24  00  03  00  00  00  50  17  0C  00  F9  08  
CD  7B  01  00  00  00  CC  0A  1B  8D  05  00  00  00  01  00  00  00  FC  FF  FF  FF  02  00  00  
00  6D  33  10  00  03  00  00  00  E3  07  02  19  12  29  34  00  01  00  12  00  6D  34  14  00  
03  00  00  00  B6  66  03  00  89  1A  FF  FF  0F  3F  04  00  F4  D1  07  00  6D  35  0C  00  03  
00  00  00  2F  8D  01  00  8C  12  07  00  41  53  90  48  47  4E  00  00  6C  84  02  00  00  00  
00  00  00  00  28  01  6D  15  14  00  02  01  00  00  03  04  03  00  00  00  00  00  00  00  00  
00  00  00  00  00  6D  16  10  00  03  00  00  00  00  E3  07  02  19  12  29  34  00  5B  01  00  
00  6D  21  1C  00  03  00  00  00  50  00  00  00  C2  FF  FF  FF  B5  FF  FF  FF  08  00  00  00  
F1  FF  FF  FF  1A  00  00  00  6D  22  10  00  03  00  00  00  3A  FE  FF  FF  27  02  00  00  C2  
00  06  00  00  6D  23  14  00  03  00  00  00  02  81  AE  76  98  E3  05  FD  BA  EB  08  03  6C  
9A  5D  0A  6D  24  24  00  02  00  00  00  00  00  00  00  00  00  00  00  00  00  00  00  00  00  
00  00  00  00  00  00  00  00  00  00  00  00  00  00  00  00  00  00  00  6D  31  20  00  03  00  
00  00  86  87  00  00  9D  72  FF  FF  F6  F3  00  00  C6  18  08  00  1D  4F  06  00  18  C8  6F  
FF  4B  63  07  00  6D  32  24  00  03  00  00  00  50  17  0C  00  F9  08  CD  7B  01  00  00  00  
CC  00  0A  1B  8D  05  00  00  00  01  00  00  00  FC  FF  FF  FF  02  00  00  00  6D  33  10  00  
03  00  00  00  E3  07  02  19  12  29  34  00  01  00  12  00  6D  34  14  00  03  00  00  00  96  
5B  03  00  F0  30  FF  FF  99  27  04  00  5C  97  07  00  6D  35  0C  00  03  00  00  31  47  4E  
00  00  6D  84  02  00  00  00  00  00  00  00  28  01  6D  15  14  00  02  01  00  00  03  04  03  
00  00  00  00  00  00  00  00  00  00  00  00  00  6D  16  10  00  03  00  00  00  E3  07  02  19  
12  29  34  00  65  01  00  00  6D  21  1C  00  03  00  00  00  08  02  00  00  13  00  00  00  CC  
00  00  00  EA  FF  FF  FF  EE  FF  FF  FF  2D  00  00  00  6D  22  10  00  03  00  00  00  3B  FE  
FF  FF  27  02  00  00  C2  06  00  00  6D  23  14  00  03  00  00  00  19  7F  AE  76  84  AD  06  
FD  1F  06  09  03  83  E2  5D  0A  6D  24  24  00  02  00  00  00  00  00  00  00  00  00  00  00  
00  00  00  00  00  00  00  00  00  00  00  00  00  00  00  00  00  00  00  00  00  00  00  00  6D  
31  20  00  03  00  00  00  92  33  01  00  12  92  FF  FF  B9  60  01  00  7F  A4  07  00  A7  43  
06  00  7E  14  70  FF  EB  61  07  00  6D  32  24  00  03  00  00  00  50  17  0C  00  F9  08  CD  
7B  01  00  00  00  CC  0A  1B  8D  05  00  00  00  01  00  00  00  FC  FF  FF  FF  02  00  00  00  
6D  33  10  00  03  00  00  00  E3  07  02  19  12  29  34  00  01  00  12  00  6D  34  14  00  03  
00  00  00  ED  4F  03  00  E8  30  FF  FF  5D  2F  04  00  3E  9C  07  00  6D  35  0C  00  03  00  
00  00  28  8D  01  00  28  12  07  00  41  53  07  AE  47  4E  00  00  6E  84  02  00  00  00  00  
00  00  00  28  01  6D  15  14  00  02  01  00  00  03  04  03  00  00  00  00  00  00  00  00  00  
00  00  00  00  6D  16  10  00  03  00  00  00  00  E3  07  02  19  12  29  34  00  6F  01  00  00  
6D  21  1C  00  03  00  00  00  B0  FF  FF  FF  2C  00  00  00  81  FF  FF  FF  18  00  00  00  F1  
FF  FF  FF  5A  00  00  00  6D  22  10  00  03  00  00  00  3B  FE  FF  FF  27  02  00  00  C2  00  
06  00  00  6D  23  14  00  03  00  00  00  58  82  AE  76  B3  8A  06  FD  FA  12  09  03  9E  AF  
5D  0A  6D  24  24  00  02  00  00  00  00  00  00  00  00  00  00  00  00  00  00  00  00  00  00  
00  00  00  00  00  00  00  00  00  00  00  00  00  00  00  00  00  00  6D  31  20  00  03  00  00  
00  10  49  00  00  CD  9B  FF  FF  4A  DF  00  00  9F  54  08  00  B1  4F  06  00  FB  C4  70  FF  
5B  62  07  00  6D  32  24  00  03  00  00  00  6C  14  0C  00  F9  08  CD  7B  01  00  00  00  01  
00  0B  1B  8D  05  00  00  00  01  00  00  00  06  00  00  00  03  00  00  00  6D  33  10  00  03  
00  00  00  E3  07  02  19  12  29  34  00  01  00  12  00  6D  34  14  00  03  00  00  00  FA  47  
03  00  68  29  FF  FF  F3  3E  04  00  A8  B4  07  00  6D  35  0C  00  03  00  00  D8  47  4E  00  
00  6F  84  02  00  00  00  00  00  00  00  28  01  6D  15  14  00  02  01  00  00  03  04  03  00  
00  00  00  00  00  00  00  00  00  00  00  00  6D  16  10  00  03  00  00  00  E3  07  02  19  12  
29  34  00  79  01  00  00  6D  21  1C  00  03  00  00  00  84  01  00  00  D0  FF  FF  FF  EA  FF  
FF  FF  FC  FF  FF  FF  1A  00  00  00  29  00  00  00  6D  22  10  00  03  00  00  00  3B  FE  FF  
FF  27  02  00  00  C2  06  00  00  6D  23  14  00  03  00  00  00  70  87  AE  76  F2  21  07  FD  
4C  0D  09  03  54  A2  5D  0A  6D  24  24  00  02  00  00  00  00  00  00  00  00  00  00  00  00  
00  00  00  00  00  00  00  00  00  00  00  00  00  00  00  00  00  00  00  00  00  00  00  6D  31  
20  00  03  00  00  00  E8  FF  00  00  E7  77  FF  FF  4A  08  01  00  E6  E9  07  00  B9  EB  06  
00  08  04  70  FF  FA  61  07  00  6D  32  24  00  03  00  00  00  6C  14  0C  00  F9  08  CD  7B  
01  00  00  00  01  0B  1B  8D  05  00  00  00  01  00  00  00  06  00  00  00  03  00  00  00  6D  
33  10  00  03  00  00  00  E3  07  02  19  12  29  34  00  01  00  12  00  6D  34  14  00  03  00  
00  00  F0  57  03  00  B7  56  FF  FF  00  3F  04  00  4C  70  07  00  6D  35  0C  00  03  00  00  
00  24  8D  01  00  41  12  07  00  41  53  7E  7B  47  4E  00  00  70  84  02  00  00  00  00  00  
00  00  28  01  6D  15  14  00  02  01  00  00  03  04  03  00  00  00  00  00  00  00  00  00  00  
00  00  00  6D  16  10  00  03  00  00  00  00  E3  07  02  19  12  29  34  00  83  01  00  00  6D  
21  1C  00  03  00  00  00  1B  00  00  00  7C  00  00  00  81  FF  FF  FF  01  00  00  00  FF  FF  
FF  FF  38  00  00  00  6D  22  10  00  03  00  00  00  3B  FE  FF  FF  27  02  00  00  C2  00  06  
00  00  6D  23  14  00  03  00  00  00  DF  8A  AE  76  DE  24  07  FD  CE  3C  09  03  EE  6D  5D  
0A  6D  24  24  00  02  00  00  00  00  00  00  00  00  00  00  00  00  00  00  00  00  00  00  00  
00  00  00  00  00  00  00  00  00  00  00  00  00  00  00  00  00  6D  31  20  00  03  00  00  00  
E6  72  00  00  FA  BA  FF  FF  07  DF  00  00  9F  FC  07  00  D4  82  06  00  3B  3E  70  FF  09  
62  07  00  6D  32  24  00  03  00  00  00  6C  14  0C  00  F9  08  CD  7B  01  00  00  00  01  00  
0B  1B  8D  05  00  00  00  01  00  00  00  06  00  00  00  03  00  00  00  6D  33  10  00  03  00  
00  00  E3  07  02  19  12  29  34  00  01  00  12  00  6D  34  14  00  03  00  00  00  DD  40  03  
00  81  56  FF  FF  35  33  04  00  EB  94  07  00  6D  35  0C  00  03  00  00  6D  47  4E  00  00  
71  84  02  00  00  00  00  00  00  00  28  01  6D  15  14  00  02  01  00  00  03  04  03  00  00  
00  00  00  00  00  00  00  00  00  00  00  6D  16  10  00  03  00  00  00  E3  07  02  19  12  29  
34  00  8D  01  00  00  6D  21  1C  00  03  00  00  00  A4  FE  FF  FF  B8  FE  FF  FF  EF  FF  FF  
FF  F3  FF  FF  FF  0B  00  00  00  33  00  00  00  6D  22  10  00  03  00  00  00  3B  FE  FF  FF  
26  02  00  00  C2  06  00  00  6D  23  14  00  03  00  00  00  45  8B  AE  76  55  A6  06  FD  82  
B1  08  03  E0  6D  5D  0A  6D  24  24  00  02  00  00  00  00  00  00  00  00  00  00  00  00  00  
00  00  00  00  00  00  00  00  00  00  00  00  00  00  00  00  00  00  00  00  00  00  6D  31  20  
00  03  00  00  00  8C  E0  FF  FF  63  0A  FF  FF  19  0A  01  00  5C  C4  07  00  66  B3  06  00  
A4  2B  70  FF  81  62  07  00  6D  32  24  00  03  00  00  00  6C  14  0C  00  F9  08  CD  7B  01  
00  00  00  01  0B  1B  8D  05  00  00  00  01  00  00  00  06  00  00  00  03  00  00  00  6D  33  
10  00  03  00  00  00  E3  07  02  19  12  29  34  00  01  00  12  00  6D  34  14  00  03  00  00  
00  04  39  03  00  F1  4E  FF  FF  16  37  04  00  A8  B4  07  00  6D  35  0C  00  03  00  00  00  
25  8D  01  00  28  12  07  00  41  53  FA  38  47  4E  00  00  72  84  02  00  00  00  00  00  00  
00  28  01  6D  15  14  00  02  01  00  00  03  04  03  00  00  00  00  00  00  00  00  00  00  00  
00  00  6D  16  10  00  03  00  00  00  00  E3  07  02  19  12  29  34  00  97  01  00  00  6D  21  
1C  00  03  00  00  00  6D  FF  FF  FF  2C  00  00  00  AA  FF  FF  FF  04  00  00  00  FA  FF  FF  
FF  1B  00  00  00  6D  22  10  00  03  00  00  00  3B  FE  FF  FF  26  02  00  00  C2  00  06  00  
00  6D  23  14  00  03  00  00  00  6E  8C  AE  76  47  68  06  FD  E3  BB  08  03  BD  4B  5D  0A  
6D  24  24  00  02  00  00  00  00  00  00  00  00  00  00  00  00  00  00  00  00  00  00  00  00  
00  00  00  00  00  00  00  00  00  00  00  00  00  00  00  00  6D  31  20  00  03  00  00  00  3E  
2F  00  00  A0  9B  FF  FF  32  EF  00  00  04  07  08  00  05  73  06  00  63  CC  6F  FF  0B  61  
07  00  6D  32  24  00  03  00  00  00  6C  14  0C  00  F9  08  CD  7B  01  00  00  00  01  00  0B  
1B  8D  05  00  00  00  01  00  00  00  06  00  00  00  03  00  00  00  6D  33  10  00  03  00  00  
00  E3  07  02  19  12  29  34  00  01  00  12  00  6D  34  14  00  03  00  00  00  DC  38  03  00  
73  47  FF  FF  E5  3E  04  00  30  C8  07  00  6D  35  0C  00  03  00  00  E4  47  4E  00  00  73  
84  02  00  00  00  00  00  00  00  28  01  6D  15  14  00  02  01  00  00  03  04  03  00  00  00  
00  00  00  00  00  00  00  00  00  00  6D  16  10  00  03  00  00  00  E3  07  02  19  12  29  34  
00  A1  01  00  00  6D  21  1C  00  03  00  00  00  6B  FF  FF  FF  55  00  00  00  66  00  00  00  
04  00  00  00  07  00  00  00  58  00  00  00  6D  22  10  00  03  00  00  00  3A  FE  FF  FF  27  
02  00  00  C2  06  00  00  6D  23  14  00  03  00  00  00  9D  86  AE  76  70  29  06  FD  E5  D8  
08  03  D2  73  5D  0A  6D  24  24  00  02  00  00  00  00  00  00  00  00  00  00  00  00  00  00  
00  00  00  00  00  00  00  00  00  00  00  00  00  00  00  00  00  00  00  00  00  6D  31  20  00  
03  00  00  00  5E  2E  00  00  78  AB  FF  FF  32  38  01  00  7D  07  08  00  C1  A5  06  00  8A  
BB  70  FF  2F  62  07  00  6D  32  24  00  03  00  00  00  6C  14  0C  00  F9  08  CD  7B  01  00  
00  00  01  0B  1B  8D  05  00  00  00  01  00  00  00  06  00  00  00  03  00  00  00  6D  33  10  
00  03  00  00  00  E3  07  02  19  12  29  34  00  01  00  12  00  6D  34  14  00  03  00  00  00  
58  38  03  00  3D  1A  FF  FF  E6  3E  04  00  14  20  08  00  6D  35  0C  00  03  00  00  00  2B  
8D  01  00  28  12  07  00  41  53  4D  77  47  4E  00  00  74  84  02  00  00  00  00  00  00  00  
28  01  6D  15  14  00  02  01  00  00  03  04  03  00  00  00  00  00  00  00  00  00  00  00  00  
00  6D  16  10  00  03  00  00  00  00  E3  07  02  19  12  29  34  00  AB  01  00  00  6D  21  1C  
00  03  00  00  00  B9  00  00  00  B6  FF  FF  FF  D0  00  00  00  F9  FF  FF  FF  04  00  00  00  
3C  00  00  00  6D  22  10  00  03  00  00  00  3B  FE  FF  FF  26  02  00  00  C2  00  06  00  00  
6D  23  14  00  03  00  00  00  02  82  AE  76  BB  72  06  FD  7D  C4  08  03  91  C3  5D  0A  6D  
24  24  00  02  00  00  00  00  00  00  00  00  00  00  00  00  00  00  00  00  00  00  00  00  00  
00  00  00  00  00  00  00  00  00  00  00  00  00  00  00  6D  31  20  00  03  00  00  00  39  B1  
00  00  5E  6D  FF  FF  92  61  01  00  48  DC  07  00  81  9A  06  00  4B  4E  70  FF  03  61  07  
00  6D  32  24  00  03  00  00  00  6C  14  0C  00  F9  08  CD  7B  01  00  00  00  01  00  0B  1B  
8D  05  00  00  00  01  00  00  00  06  00  00  00  03  00  00  00  6D  33  10  00  03  00  00  00  
E3  07  02  19  12  29  34  00  01  00  12  00  6D  34  14  00  03  00  00  00  94  38  03  00  7A  
25  FF  FF  2F  33  04  00  83  CF  07  00  6D  35  0C  00  03  00  00  BD  47  4E  00  00  75  84  
02  00  00  00  00  00  00  00  28  01  6D  15  14  00  02  01  00  00  03  04  03  00  00  00  00  
00  00  00  00  00  00  00  00  00  6D  16  10  00  03  00  00  00  E3  07  02  19  12  29  34  00  
B5  01  00  00  6D  21  1C  00  03  00  00  00  90  01  00  00  D1  FF  FF  FF  06  00  00  00  01  
00  00  00  F5  FF  FF  FF  27  00  00  00  6D  22  10  00  03  00  00  00  3B  FE  FF  FF  26  02  
00  00  C2  06  00  00  6D  23  14  00  03  00  00  00  10  86  AE  76  FE  0C  07  FD  2F  C0  08  
03  A0  C2  5D  0A  6D  24  24  00  02  00  00  00  00  00  00  00  00  00  00  00  00  00  00  00  
00  00  00  00  00  00  00  00  00  00  00  00  00  00  00  00  00  00  00  00  6D  31  20  00  03  
00  00  00  34  05  01  00  DF  77  FF  FF  C5  12  01  00  4B  FD  07  00  CB  5D  06  00  3C  FD  
6F  FF  8A  61  07  00  6D  32  24  00  03  00  00  00  6C  14  0C  00  F9  08  CD  7B  01  00  00  
00  01  0B  1B  8D  05  00  00  00  01  00  00  00  06  00  00  00  03  00  00  00  6D  33  10  00  
03  00  00  00  E3  07  02  19  12  29  34  00  01  00  12  00  6D  34  14  00  03  00  00  00  0F  
40  03  00  B6  12  FF  FF  1E  37  04  00  5C  97  07  00  6D  35  0C  00  03  00  00  00  2C  8D  
01  00  8C  12  07  00  41  53  B8  BB  47  4E  00  00  76  84  02  00  00  00  00  00  00  00  28  
01  6D  15  14  00  02  01  00  00  03  04  03  00  00  00  00  00  00  00  00  00  00  00  00  00  
6D  16  10  00  03  00  00  00  00  E3  07  02  19  12  29  34  00  BF  01  00  00  6D  21  1C  00  
03  00  00  00  BF  FD  FF  FF  DD  FF  FF  FF  BB  FF  FF  FF  F3  FF  FF  FF  00  00  00  00  53  
00  00  00  6D  22  10  00  03  00  00  00  3A  FE  FF  FF  26  02  00  00  C2  00  06  00  00  6D  
23  14  00  03  00  00  00  16  83  AE  76  C3  2A  06  FD  7F  9E  08  03  AF  AD  5D  0A  6D  24  
24  00  02  00  00  00  00  00  00  00  00  00  00  00  00  00  00  00  00  00  00  00  00  00  00  
00  00  00  00  00  00  00  00  00  00  00  00  00  00  6D  31  20  00  03  00  00  00  AD  87  FF  
FF  4B  7C  FF  FF  45  F5  00  00  10  C4  07  00  34  87  06  00  FE  A8  70  FF  2F  62  07  00  
6D  32  24  00  03  00  00  00  6C  14  0C  00  F9  08  CD  7B  01  00  00  00  01  00  0B  1B  8D  
05  00  00  00  01  00  00  00  06  00  00  00  03  00  00  00  6D  33  10  00  03  00  00  00  E3  
07  02  19  12  29  34  00  01  00  12  00  6D  34  14  00  03  00  00  00  77  47  03  00  32  FC  
FE  FF  F4  3E  04  00  10  7A  07  00  6D  35  0C  00  03  00  00  80  47  4E  00  00  77  84  02  
00  00  00  00  00  00  00  28  01  6D  15  14  00  02  01  00  00  03  04  03  00  00  00  00  00  
00  00  00  00  00  00  00  00  6D  16  10  00  03  00  00  00  E3  07  02  19  12  29  34  00  C9  
01  00  00  6D  21  1C  00  03  00  00  00  14  02  00  00  7F  00  00  00  05  00  00  00  F3  FF  
FF  FF  02  00  00  00  28  00  00  00  6D  22  10  00  03  00  00  00  3B  FE  FF  FF  27  02  00  
00  C2  06  00  00  6D  23  14  00  03  00  00  00  D6  86  AE  76  2F  F2  06  FD  A8  E1  08  03  
53  A8  5D  0A  6D  24  24  00  02  00  00  00  00  00  00  00  00  00  00  00  00  00  00  00  00  
00  00  00  00  00  00  00  00  00  00  00  00  00  00  00  00  00  00  00  6D  31  20  00  03  00  
00  00  0E  39  01  00  8C  BB  FF  FF  2D  12  01  00  04  C7  07  00  76  90  06  00  97  FF  6F  
FF  81  62  07  00  6D  32  24  00  03  00  00  00  6C  14  0C  00  F9  08  CD  7B  01  00  00  00  
01  0B  1B  8D  05  00  00  00  01  00  00  00  06  00  00  00  03  00  00  00  6D  33  10  00  03  
00  00  00  E3  07  02  19  12  29  34  00  01  00  12  00  6D  34  14  00  03  00  00  00  30  67  
03  00  96  38  FF  FF  70  2F  04  00  50  16  08  00  6D  35  0C  00  03  00  00  00  27  8D  01  
00  28  12  07  00  41  53  8C  29  47  4E  00  00  78  84  02  00  00  00  00  00  00  00  28  01  
6D  15  14  00  02  01  00  00  03  04  03  00  00  00  00  00  00  00  00  00  00  00  00  00  6D  
16  10  00  03  00  00  00  00  E3  07  02  19  12  29  34  00  D3  01  00  00  6D  21  1C  00  03  
00  00  00  AF  FE  FF  FF  55  00  00  00  67  00  00  00  F6  FF  FF  FF  00  00  00  00  59  00  
00  00  6D  22  10  00  03  00  00  00  3B  FE  FF  FF  27  02  00  00  C2  00  06  00  00  6D  23  
14  00  03  00  00  00  37  7F  AE  76  0B  6A  06  FD  FD  F7  08  03  F3  D1  5D  0A  6D  24  24  
00  02  00  00  00  00  00  00  00  00  00  00  00  00  00  00  00  00  00  00  00  00  00  00  00  
00  00  00  00  00  00  00  00  00  00  00  00  00  6D  31  20  00  03  00  00  00  52  E5  FF  FF  
39  AB  FF  FF  91  38  01  00  25  D2  07  00  C4  89  06  00  D7  BD  70  FF  BE  61  07  00  6D  
32  24  00  03  00  00  00  CE  11  0C  00  E8  08  CD  7B  01  00  00  00  EF  00  0A  1B  8D  05  
00  00  00  FF  FF  FF  FF  00  00  00  00  04  00  00  00  6D  33  10  00  03  00  00  00  E3  07  
02  19  12  29  34  00  01  00  12  00  6D  34  14  00  03  00  00  00  43  5B  03  00  57  2D  FF  
FF  D4  46  04  00  50  16  08  00  6D  35  0C  00  03  00  00  D7  47  4E  00  00  79  84  02  00  
00  00  00  00  00  00  28  01  6D  15  14  00  02  01  00  00  03  04  03  00  00  00  00  00  00  
00  00  00  00  00  00  00  6D  16  10  00  03  00  00  00  E3  07  02  19  12  29  34  00  DD  01  
00  00  6D  21  1C  00  03  00  00  00  1D  FE  FF  FF  E1  FE  FF  FF  28  FF  FF  FF  DF  FF  FF  
FF  FB  FF  FF  FF  3C  00  00  00  6D  22  10  00  03  00  00  00  3A  FE  FF  FF  26  02  00  00  
C2  06  00  00  6D  23  14  00  03  00  00  00  D7  84  AE  76  FA  B2  05  FD  D5  74  08  03  63  
83  5D  0A  6D  24  24  00  02  00  00  00  00  00  00  00  00  00  00  00  00  00  00  00  00  00  
00  00  00  00  00  00  00  00  00  00  00  00  00  00  00  00  00  00  6D  31  20  00  03  00  00  
00  B3  AC  FF  FF  C5  19  FF  FF  F3  BB  00  00  FC  74  07  00  B8  78  06  00  41  4C  70  FF  
C4  62  07  00  6D  32  24  00  03  00  00  00  CE  11  0C  00  E8  08  CD  7B  01  00  00  00  EF  
0A  1B  8D  05  00  00  00  FF  FF  FF  FF  00  00  00  00  04  00  00  00  6D  33  10  00  03  00  
00  00  E3  07  02  19  12  29  34  00  01  00  12  00  6D  34  14  00  03  00  00  00  C8  57  03  
00  39  4F  FF  FF  CF  46  04  00  22  F4  07  00  6D  35  0C  00  03  00  00  00  2A  8D  01  00  
5A  12  07  00  41  53  6D  97  47  4E  00  00  7A  84  02  00  00  00  00  00  00  00  28  01  6D  
15  14  00  02  01  00  00  03  04  03  00  00  00  00  00  00  00  00  00  00  00  00  00  6D  16  
10  00  03  00  00  00  00  E3  07  02  19  12  29  34  00  E7  01  00  00  6D  21  1C  00  03  00  
00  00  D4  00  00  00  14  00  00  00  C4  FF  FF  FF  00  00  00  00  E5  FF  FF  FF  4F  00  00  
00  6D  22  10  00  03  00  00  00  3A  FE  FF  FF  26  02  00  00  C2  00  06  00  00  6D  23  14  
00  03  00  00  00  0E  89  AE  76  FC  01  06  FD  87  81  08  03  17  66  5D  0A  6D  24  24  00  
02  00  00  00  00  00  00  00  00  00  00  00  00  00  00  00  00  00  00  00  00  00  00  00  00  
00  00  00  00  00  00  00  00  00  00  00  00  6D  31  20  00  03  00  00  00  12  BC  00  00  A4  
91  FF  FF  E8  F8  00  00  A6  F5  07  00  FC  20  06  00  8F  96  70  FF  D5  61  07  00  6D  32  
24  00  03  00  00  00  CE  11  0C  00  E8  08  CD  7B  01  00  00  00  EF  00  0A  1B  8D  05  00  
00  00  FF  FF  FF  FF  00  00  00  00  04  00  00  00  6D  33  10  00  03  00  00  00  E3  07  02  
19  12  29  34  00  01  00  12  00  6D  34  14  00  03  00  00  00  46  58  03  00  DA  74  FF  FF  
FF  3E  04  00  F4  D1  07  00  6D  35  0C  00  03  00  00  6C  47  4E  00  00  7B  84  02  00  00  
00  00  00  00  00  28  01  6D  15  14  00  02  01  00  00  03  04  03  00  00  00  00  00  00  00  
00  00  00  00  00  00  6D  16  10  00  03  00  00  00  E3  07  02  19  12  29  34  00  F1  01  00  
00  6D  21  1C  00  03  00  00  00  9F  00  00  00  93  FE  FF  FF  31  00  00  00  F8  FF  FF  FF  
07  00  00  00  2B  00  00  00  6D  22  10  00  03  00  00  00  3A  FE  FF  FF  26  02  00  00  C2  
06  00  00  6D  23  14  00  03  00  00  00  E8  8C  AE  76  24  4A  06  FD  87  F7  07  03  14  77  
5D  0A  6D  24  24  00  02  00  00  00  00  00  00  00  00  00  00  00  00  00  00  00  00  00  00  
00  00  00  00  00  00  00  00  00  00  00  00  00  00  00  00  00  6D  31  20  00  03  00  00  00  
47  A7  00  00  2A  FB  FE  FF  49  23  01  00  5D  D5  07  00  F0  A5  06  00  59  0D  70  FF  73  
61  07  00  6D  32  24  00  03  00  00  00  CE  11  0C  00  E8  08  CD  7B  01  00  00  00  EF  0A  
1B  8D  05  00  00  00  FF  FF  FF  FF  00  00  00  00  04  00  00  00  6D  33  10  00  03  00  00  
00  E3  07  02  19  12  29  34  00  01  00  12  00  6D  34  14  00  03  00  00  00  D0  66  03  00  
28  57  FF  FF  96  7D  04  00  5C  97  07  00  6D  35  0C  00  03  00  00  00  29  8D  01  00  73  
12  07  00  41  53  39  8A  47  4E  00  00  7C  84  02  00  00  00  00  00  00  00  28  01  6D  15  
14  00  02  01  00  00  03  04  03  00  00  00  00  00  00  00  00  00  00  00  00  00  6D  16  10  
00  03  00  00  00  00  E3  07  02  19  12  29  34  00  FB  01  00  00  6D  21  1C  00  03  00  00  
00  AB  01  00  00  C5  FF  FF  FF  21  00  00  00  06  00  00  00  06  00  00  00  33  00  00  00  
6D  22  10  00  03  00  00  00  3B  FE  FF  FF  26  02  00  00  C2  00  06  00  00  6D  23  14  00  
03  00  00  00  C1  90  AE  76  57  EF  06  FD  E7  ED  07  03  43  7D  5D  0A  6D  24  24  00  02  
00  00  00  00  00  00  00  00  00  00  00  00  00  00  00  00  00  00  00  00  00  00  00  00  00  
00  00  00  00  00  00  00  00  00  00  00  6D  31  20  00  03  00  00  00  B1  0F  01  00  AD  72  
FF  FF  29  1D  01  00  44  0D  08  00  8A  A1  06  00  84  2B  70  FF  4E  61  07  00  6D  32  24  
00  03  00  00  00  CE  11  0C  00  E8  08  CD  7B  01  00  00  00  EF  00  0A  1B  8D  05  00  00  
00  FF  FF  FF  FF  00  00  00  00  04  00  00  00  6D  33  10  00  03  00  00  00  E3  07  02  19  
12  29  34  00  01  00  12  00  6D  34  14  00  03  00  00  00  53  44  03  00  02  40  FF  FF  DB  
42  04  00  F4  D1  07  00  6D  35  0C  00  03  00  00  21  47  4E  00  00  7D  84  02  00  00  00  
00  00  00  00  28  01  6D  15  14  00  02  01  00  00  03  04  03  00  00  00  00  00  00  00  00  
00  00  00  00  00  6D  16  10  00  03  00  00  00  E3  07  02  19  12  29  34  00  05  02  00  00  
6D  21  1C  00  03  00  00  00  9E  00  00  00  0B  FF  FF  FF  81  00  00  00  09  00  00  00  05  
00  00  00  17  00  00  00  6D  22  10  00  03  00  00  00  3B  FE  FF  FF  26  02  00  00  C2  06  
00  00  6D  23  14  00  03  00  00  00  7E  90  AE  76  58  33  07  FD  3E  94  07  03  FA  AD  5D  
0A  6D  24  24  00  02  00  00  00  00  00  00  00  00  00  00  00  00  00  00  00  00  00  00  00  
00  00  00  00  00  00  00  00  00  00  00  00  00  00  00  00  6D  31  20  00  03  00  00  00  DC  
A6  00  00  FD  29  FF  FF  74  42  01  00  2D  19  08  00  55  9A  06  00  86  BE  6F  FF  F3  61  
07  00  6D  32  24  00  03  00  00  00  CE  11  0C  00  E8  08  CD  7B  01  00  00  00  EF  0A  1B  
8D  05  00  00  00  FF  FF  FF  FF  00  00  00  00  04  00  00  00  6D  33  10  00  03  00  00  00  
E3  07  02  19  12  29  34  00  01  00  12  00  6D  34  14  00  03  00  00  00  E3  47  03  00  DF  
21  FF  FF  F4  3E  04  00  B8  DB  07  00  6D  35  0C  00  03  00  00  00  2C  8D  01  00  73  12  
07  00  41  53  2D  9C  47  4E  00  00  7E  84  02  00  00  00  00  00  00  00  28  01  6D  15  14  
00  02  01  00  00  03  04  03  00  00  00  00  00  00  00  00  00  00  00  00  00  6D  16  10  00  
03  00  00  00  00  E3  07  02  19  12  29  34  00  0F  02  00  00  6D  21  1C  00  03  00  00  00  
F2  FE  FF  FF  7E  00  00  00  E1  FF  FF  FF  07  00  00  00  09  00  00  00  35  00  00  00  6D  
22  10  00  03  00  00  00  3B  FE  FF  FF  26  02  00  00  C2  00  06  00  00  6D  23  14  00  03  
00  00  00  B3  8D  AE  76  C5  C1  06  FD  D7  BA  07  03  18  A2  5D  0A  6D  24  24  00  02  00  
00  00  00  00  00  00  00  00  00  00  00  00  00  00  00  00  00  00  00  00  00  00  00  00  00  
00  00  00  00  00  00  00  00  00  00  6D  31  20  00  03  00  00  00  C0  FF  FF  FF  C7  BA  FF  
FF  26  04  01  00  8B  11  08  00  92  AA  06  00  8C  32  70  FF  FA  61  07  00  6D  32  24  00  
03  00  00  00  CE  11  0C  00  E8  08  CD  7B  01  00  00  00  EF  00  0A  1B  8D  05  00  00  00  
FF  FF  FF  FF  00  00  00  00  04  00  00  00  6D  33  10  00  03  00  00  00  E3  07  02  19  12  
29  34  00  01  00  12  00  6D  34  14  00  03  00  00  00  F3  56  03  00  73  0B  FF  FF  A1  4E  
04  00  F4  D1  07  00  6D  35  0C  00  03  00  00  2F  47  4E  00  00  7F  84  02  00  00  00  00  
00  00  00  28  01  6D  15  14  00  02  01  00  00  03  04  03  00  00  00  00  00  00  00  00  00  
00  00  00  00  6D  16  10  00  03  00  00  00  E3  07  02  19  12  29  34  00  19  02  00  00  6D  
21  1C  00  03  00  00  00  49  03  00  00  59  00  00  00  8C  FF  FF  FF  05  00  00  00  EB  FF  
FF  FF  52  00  00  00  6D  22  10  00  03  00  00  00  3C  FE  FF  FF  26  02  00  00  C2  06  00  
00  6D  23  14  00  03  00  00  00  F0  98  AE  76  3D  01  08  FD  7B  F8  07  03  F7  6A  5D  0A  
6D  24  24  00  02  00  00  00  00  00  00  00  00  00  00  00  00  00  00  00  00  00  00  00  00  
00  00  00  00  00  00  00  00  00  00  00  00  00  00  00  6D  31  20  00  03  00  00  00  A0  B1  
01  00  2E  AC  FF  FF  A5  E2  00  00  30  0A  08  00  63  33  06  00  88  A4  70  FF  81  62  07  
00  6D  32  24  00  03  00  00  00  CE  11  0C  00  E8  08  CD  7B  01  00  00  00  EF  0A  1B  8D  
05  00  00  00  FF  FF  FF  FF  00  00  00  00  04  00  00  00  6D  33  10  00  03  00  00  00  E3  
07  02  19  12  29  34  00  01  00  12  00  6D  34  14  00  03  00  00  00  FA  47  03  00  68  29  
FF  FF  F3  3E  04  00  C8  02  08  00  6D  35  0C  00  03  00  00  00  26  8D  01  00  28  12  07  
00  41  53  E1  00  47  4E  00  00  80  84  02  00  AA  AA  AA  AA  00  00  28  01  6D  15  14  00  
02  01  00  00  03  04  03  00  00  00  00  00  00  00  00  00  00  00  00  00  6D  16  10  00  03  
00  00  00  00  E3  07  02  19  12  29  34  00  23  02  00  00  6D  21  1C  00  03  00  00  00  9E  
00  00  00  90  FF  FF  FF  4B  00  00  00  F2  FF  FF  FF  FD  FF  FF  FF  20  00  00  00  6D  22  
10  00  03  00  00  00  3C  FE  FF  FF  26  02  00  00  C2  00  06  00  00  6D  23  14  00  03  00  
00  00  0A  99  AE  76  E7  40  08  FD  ED  D2  07  03  FD  86  5D  0A  6D  24  24  00  02  00  00  
00  00  00  00  00  00  00  00  00  00  00  00  00  00  00  00  00  00  00  00  00  00  00  00  00  
00  00  00  00  00  00  00  00  00  6D  31  20  00  03  00  00  00  08  A7  00  00  BA  5D  FF  FF  
70  2D  01  00  71  BE  07  00  A1  79  06  00  4B  E1  6F  FF  55  61  07  00  6D  32  24  00  03  
00  00  00  CE  11  0C  00  E8  08  CD  7B  01  00  00  00  EF  00  0A  1B  8D  05  00  00  00  FF  
FF  FF  FF  00  00  00  00  04  00  00  00  6D  33  10  00  03  00  00  00  E3  07  02  19  12  29  
34  00  01  00  12  00  6D  34  14  00  03  00  00  00  DF  3C  03  00  2D  4B  FF  FF  32  33  04  
00  E4  AA  07  00  6D  35  0C  00  03  00  00  2F  47  4E  00  00  81  84  02  00  02  03  90  01  
00  00  28  01  6D  15  14  00  02  01  00  00  03  04  03  00  00  00  00  00  00  00  00  00  00  
00  00  00  6D  16  10  00  03  00  00  00  E3  07  02  19  12  29  34  00  2D  02  00  00  6D  21  
1C  00  03  00  00  00  99  02  00  00  16  00  00  00  E8  00  00  00  0A  00  00  00  DC  FF  FF  
FF  38  00  00  00  6D  22  10  00  03  00  00  00  3C  FE  FF  FF  26  02  00  00  C2  06  00  00  
6D  23  14  00  03  00  00  00  74  97  AE  76  96  42  09  FD  0B  F4  07  03  32  D9  5D  0A  6D  
24  24  00  02  00  00  00  00  00  00  00  00  00  00  00  00  00  00  00  00  00  00  00  00  00  
00  00  00  00  00  00  00  00  00  00  00  00  00  00  6D  31  20  00  03  00  00  00  EA  6C  01  
00  45  92  FF  FF  DD  6A  01  00  65  1B  08  00  B3  F4  05  00  23  3C  70  FF  20  62  07  00  
6D  32  24  00  03  00  00  00  CE  11  0C  00  E8  08  CD  7B  01  00  00  00  EF  0A  1B  8D  05  
00  00  00  FF  FF  FF  FF  00  00  00  00  04  00  00  00  6D  33  10  00  03  00  00  00  E3  07  
02  19  12  29  34  00  01  00  12  00  6D  34  14  00  03  00  00  00  F2  40  03  00  0A  5E  FF  
FF  35  33  04  00  73  A8  07  00  6D  35  0C  00  03  00  00  00  27  8D  01  00  28  12  07  00  
41  53  37  86  47  4E  00  00  82  84  02  00  04  00  01  00  00  00  28  01  6D  15  14  00  02  
01  00  00  03  04  03  00  00  00  00  00  00  00  00  00  00  00  00  00  6D  16  10  00  03  00  
00  00  00  E3  07  02  19  12  29  34  00  37  02  00  00  6D  21  1C  00  03  00  00  00  D9  FD  
FF  FF  70  00  00  00  D5  FF  FF  FF  F1  FF  FF  FF  FA  FF  FF  FF  32  00  00  00  6D  22  10  
00  03  00  00  00  3C  FE  FF  FF  26  02  00  00  C2  00  06  00  00  6D  23  14  00  03  00  00  
00  7A  92  AE  76  5A  67  08  FD  E7  0C  08  03  33  CC  5D  0A  6D  24  24  00  02  00  00  00  
00  00  00  00  00  00  00  00  00  00  00  00  00  00  00  00  00  00  00  00  00  00  00  00  00  
00  00  00  00  00  00  00  00  6D  31  20  00  03  00  00  00  1D  92  FF  FF  4F  B5  FF  FF  83  
FF  00  00  BD  BB  07  00  83  6B  06  00  A7  24  70  FF  91  61  07  00  6D  32  24  00  03  00  
00  00  1C  0F  0C  00  D6  08  CD  7B  01  00  00  00  12  00  0B  1B  8D  05  00  00  00  FC  FF  
FF  FF  04  00  00  00  04  00  00  00  6D  33  10  00  03  00  00  00  E3  07  02  19  12  29  34  
00  01  00  12  00  6D  34  14  00  03  00  00  00  46  58  03  00  DA  74  FF  FF  FF  3E  04  00  
04  F9  07  00  6D  35  0C  00  03  00  00  57  47  4E  00  00  83  84  02  00  C0  C6  2D  00  00  
00  28  01  6D  15  14  00  02  01  00  00  03  04  03  00  00  00  00  00  00  00  00  00  00  00  
00  00  6D  16  10  00  03  00  00  00  E3  07  02  19  12  29  34  00  41  02  00  00  6D  21  1C  
00  03  00  00  00  FB  00  00  00  D3  FF  FF  FF  72  00  00  00  FD  FF  FF  FF  F7  FF  FF  FF  
18  00  00  00  6D  22  10  00  03  00  00  00  3C  FE  FF  FF  26  02  00  00  C2  06  00  00  6D  
23  14  00  03  00  00  00  A1  91  AE  76  37  CA  08  FD  D0  04  08  03  8C  F4  5D  0A  6D  24  
24  00  02  00  00  00  00  00  00  00  00  00  00  00  00  00  00  00  00  00  00  00  00  00  00  
00  00  00  00  00  00  00  00  00  00  00  00  00  6D  31  20  00  03  00  00  00  23  CB  00  00  
F2  77  FF  FF  BA  3C  01  00  1E  E8  07  00  F0  61  06  00  01  C1  6F  FF  88  62  07  00  6D  
32  24  00  03  00  00  00  1C  0F  0C  00  D6  08  CD  7B  01  00  00  00  12  0B  1B  8D  05  00  
00  00  FC  FF  FF  FF  04  00  00  00  04  00  00  00  6D  33  10  00  03  00  00  00  E3  07  02  
19  12  29  34  00  01  00  12  00  6D  34  14  00  03  00  00  00  D8  76  03  00  10  66  FF  FF  
BA  4E  04  00  14  20  08  00  6D  35  0C  00  03  00  00  00  26  8D  01  00  0F  12  07  00  41  
53  7C  9B  47  4E  00  00  84  84  02  00  00  10  0E  00  00  00  28  01  6D  15  14  00  02  01  
00  00  03  04  03  00  00  00  00  00  00  00  00  00  00  00  00  00  6D  16  10  00  03  00  00  
00  00  E3  07  02  19  12  29  34  00  4B  02  00  00  6D  21  1C  00  03  00  00  00  9F  00  00  
00  E1  FF  FF  FF  9C  FF  FF  FF  0C  00  00  00  F5  FF  FF  FF  5B  00  00  00  6D  22  10  00  
03  00  00  00  3C  FE  FF  FF  26  02  00  00  C2  00  06  00  00  6D  23  14  00  03  00  00  00  
F5  96  AE  76  44  07  09  FD  22  FD  07  03  40  CB  5D  0A  6D  24  24  00  02  00  00  00  00  
00  00  00  00  00  00  00  00  00  00  00  00  00  00  00  00  00  00  00  00  00  00  00  00  00  
00  00  00  00  00  00  00  6D  31  20  00  03  00  00  00  29  A7  00  00  E0  7C  FF  FF  66  E9  
00  00  A8  23  08  00  E1  58  06  00  F7  C4  70  FF  45  62  07  00  6D  32  24  00  03  00  00  
00  1C  0F  0C  00  D6  08  CD  7B  01  00  00  00  12  00  0B  1B  8D  05  00  00  00  FC  FF  FF  
FF  04  00  00  00  04  00  00  00  6D  33  10  00  03  00  00  00  E3  07  02  19  12  29  34  00  
01  00  12  00  6D  34  14  00  03  00  00  00  FF  47  03  00  8F  38  FF  FF  92  4E  04  00  14  
20  08  00  6D  35  0C  00  03  00  00  32  47  4E  00  00  85  84  02  00  01  00  00  01  00  00  
28  01  6D  15  14  00  02  01  00  00  03  04  03  00  00  00  00  00  00  00  00  00  00  00  00  
00  6D  16  10  00  03  00  00  00  E3  07  02  19  12  29  34  00  55  02  00  00  6D  21  1C  00  
03  00  00  00  C9  FE  FF  FF  9E  FF  FF  FF  17  00  00  00  F0  FF  FF  FF  12  00  00  00  4C  
00  00  00  6D  22  10  00  03  00  00  00  3C  FE  FF  FF  26  02  00  00  C2  06  00  00  6D  23  
14  00  03  00  00  00  22  94  AE  76  94  90  08  FD  06  CD  07  03  B9  D7  5D  0A  6D  24  24  
00  02  00  00  00  00  00  00  00  00  00  00  00  00  00  00  00  00  00  00  00  00  00  00  00  
00  00  00  00  00  00  00  00  00  00  00  00  6D  31  20  00  03  00  00  00  F4  EF  FF  FF  A9  
62  FF  FF  5F  19  01  00  24  B8  07  00  A0  CA  06  00  1B  8D  70  FF  81  62  07  00  6D  32  
24  00  03  00  00  00  1C  0F  0C  00  D6  08  CD  7B  01  00  00  00  12  0B  1B  8D  05  00  00  
00  FC  FF  FF  FF  04  00  00  00  04  00  00  00  6D  33  10  00  03  00  00  00  E3  07  02  19  
12  29  34  00  01  00  12  00  6D  34  14  00  03  00  00  00  B7  30  03  00  4D  29  FF  FF  AF  
46  04  00  57  00  08  00  6D  35  0C  00  03  00  00  00  29  8D  01  00  5A  12  07  00  41  53  
30  0D  47  4E  00  00  86  84  02  00  30  0F  1F  00  00  00  28  01  6D  15  14  00  02  01  00  
00  03  04  03  00  00  00  00  00  00  00  00  00  00  00  00  00  6D  16  10  00  03  00  00  00  
00  E3  07  02  19  12  29  34  00  5F  02  00  00  6D  21  1C  00  03  00  00  00  FA  01  00  00  
25  00  00  00  EA  FF  FF  FF  FD  FF  FF  FF  E3  FF  FF  FF  4B  00  00  00  6D  22  10  00  03  
00  00  00  3C  FE  FF  FF  26  02  00  00  C2  00  06  00  00  6D  23  14  00  03  00  00  00  94  
99  AE  76  42  52  09  FD  BA  EB  07  03  CF  C7  5D  0A  6D  24  24  00  02  00  00  00  00  00  
00  00  00  00  00  00  00  00  00  00  00  00  00  00  00  00  00  00  00  00  00  00  00  00  00  
00  00  00  00  00  00  6D  31  20  00  03  00  00  00  D4  2E  01  00  2A  97  FF  FF  F6  07  01  
00  EB  E9  07  00  CA  12  06  00  B3  88  70  FF  36  62  07  00  6D  32  24  00  03  00  00  00  
1C  0F  0C  00  D6  08  CD  7B  01  00  00  00  12  00  0B  1B  8D  05  00  00  00  FC  FF  FF  FF  
04  00  00  00  04  00  00  00  6D  33  10  00  03  00  00  00  E3  07  02  19  12  29  34  00  01  
00  12  00  6D  34  14  00  03  00  00  00  B8  19  03  00  06  29  FF  FF  2D  2F  04  00  20  A1  
07  00  00  6D  35  0C  00  03  00  00  BB  47  4E  00  00  87  84  02  00  00  00  00  00  00  00  
28  01  6D  15  14  00  02  01  00  00  03  04  03  00  00  00  00  00  00  00  00  00  00  00  00  
00  6D  16  10  00  03  00  00  00  E3  07  02  19  12  00  29  34  00  69  02  00  00  6D  21  1C  
00  03  00  00  00  17  01  00  00  B1  FE  FF  FF  22  00  00  00  FB  FF  FF  FF  FC  FF  FF  FF  
40  00  00  00  6D  22  10  00  03  00  00  00  3D  FE  FF  FF  25  02  00  00  C2  06  00  00  6D  
23  14  00  03  00  00  00  A3  9E  AE  49  47  4E  00  00  9B  84  02  00  02  01  00  00  00  00  
28  01  6D  15  14  00  02  01  00  00  03  04  03  00  00  00  00  00  00  00  00  00  00  00  00  
00  6D  16  10  00  03  00  00  00  E3  07  02  19  12  00  29  34  00  31  03  00  00  6D  21  1C  
00  03  00  00  00  E4  FD  FF  FF  59  00  00  00  79  00  00  00  F5  FF  FF  FF  F7  FF  FF  FF  
3A  00  00  00  6D  22  10  00  03  00  00  00  3C  FE  FF  FF  26  02  00  00  C1  06  00  00  6D  
23  14  00  00  03  00  00  00  14  AD  AE  76  9C  54  09  FD  42  25  08  03  5B  D8  5C  0A  6D  
24  24  00  02  00  00  00  00  00  00  00  00  00  00  00  00  00  00  00  00  00  00  00  00  00  
00  00  00  00  00  00  00  00  00  00  00  00  00  00  6D  00  31  20  00  03  00  00  00  E1  96  
FF  FF  17  AB  FF  FF  2F  3E  01  00  C3  CB  07  00  BC  5F  06  00  39  45  70  FF  F3  61  07  
00  6D  32  24  00  03  00  00  00  42  0C  0C  00  D6  08  CD  7B  01  00  00  00  47  0B  1B  8D  
05  00  00  00  00  03  00  00  00  FA  FF  FF  FF  02  00  00  00  6D  33  10  00  03  00  00  00  
E3  07  02  19  12  29  34  00  01  00  12  00  6D  34  14  00  03  00  00  00  09  38  03  00  40  
0B  FF  FF  86  4E  04  00  7C  E5  07  00  6D  35  0C  00  03  00  00  00  29  8D  01  00  28  11  
47  4E  00  00  9C  84  02  00  03  04  03  00  00  00  28  01  6D  15  14  00  02  01  00  00  03  
04  03  00  00  00  00  00  00  00  00  00  00  00  00  00  6D  16  10  00  03  00  00  00  E3  07  
02  19  12  29  34  00  3B  03  00  00  6D  21  1C  00  03  00  00  00  4E  FF  FF  FF  3F  00  00  
00  E4  FF  FF  FF  E8  FF  FF  FF  FF  FF  FF  FF  2A  00  00  00  6D  22  10  00  03  00  00  00  
3C  FE  FF  FF  26  02  00  00  C1  06  00  00  6D  23  14  00  03  00  00  00  6C  AB  AE  76  0C  
0A  09  FD  A4  38  08  03  55  D0  5C  0A  6D  24  24  00  02  00  00  00  00  00  00  00  00  00  
00  00  00  00  00  00  00  00  00  00  00  00  00  00  00  00  00  00  00  00  00  00  00  00  00  
00  6D  31  20  00  03  00  00  00  60  24  00  00  E6  A0  FF  FF  15  04  01  00  54  96  07  00  
DF  7D  06  00  83  06  70  FF  FA  61  07  00  6D  32  24  00  03  00  00  00  42  0C  0C  00  D6  
08  CD  7B  01  00  00  00  47  0B  1B  8D  05  00  00  00  03  00  00  00  FA  FF  FF  00  07  02  
19  12  29  34  00  01  00  12  00  6D  34  14  00  03  00  00  00  3B  40  03  00  C7  21  FF  FF  
1F  37  04  00  8A  B9  07  00  6D  35  0C  00  03  00  00  00  2D  8D  01  00  D7  12  07  00  41  
53  87  28  47  4E  00  00  9D  84  02  00  00  00  00  00  00  00  28  01  6D  15  14  00  02  01  
00  00  03  04  03  00  00  00  00  00  00  00  00  00  00  00  00  00  6D  16  10  00  03  00  00  
00  E3  07  02  19  12  29  34  00  45  03  00  00  6D  21  1C  00  03  00  00  00  FD  FE  FF  FF  
74  00  00  00  27  00  00  00  13  00  00  00  FF  FF  FF  FF  3C  00  00  00  6D  22  10  00  03  
00  00  00  3C  FE  FF  FF  26  02  00  00  C1  06  00  00  6D  23  14  00  03  00  00  00  2D  A6  
AE  76  D1  9E  08  FD  84  5E  08  03  A2  E2  5C  0A  6D  24  24  00  02  00  00  00  00  00  00  
00  00  00  00  00  00  00  00  00  00  00  00  00  00  00  00  00  00  00  00  00  00  00  00  00  
00  00  00  00  6D  31  20  00  03  00  00  00  94  04  00  00  BF  B5  FF  FF  37  1E  01  00  3C  
42  08  00  79  80  06  00  40  4C  70  FF  A6  62  07  00  6D  32  24  00  03  00  00  00  42  0C  
0C  00  D6  08  CD  7B  01  00  00  00  47  0B  1B  8D  05  00  00  00  03  00  00  00  FA  FF  FF  
FF  02  00  00  00  6D  33  10  00  03  00  00  00  E3  07  02  19  12  29  34  00  01  00  12  00  
6D  34  14  00  03  00  00  00  71  48  03  00  E2  3F  FF  FF  87  27  04  00  5C  97  07  00  6D  
35  0C  00  03  00  00  00  26  8D  01  00  5A  12  07  00  41  53  F3  0F  47  4E  00  00  9E  84  
02  00  00  00  00  00  00  00  28  01  6D  15  14  00  02  01  00  00  03  04  03  00  00  00  00  
00  00  00  00  00  00  00  00  00  6D  16  10  00  03  00  00  00  E3  07  02  19  12  29  34  00  
4F  03  00  00  6D  21  1C  00  03  00  00  00  74  00  00  00  28  FF  FF  FF  84  00  00  00  FB  
FF  FF  FF  1D  00  00  00  32  00  00  00  6D  22  10  00  03  00  00  00  3C  FE  FF  FF  26  02  
00  00  C2  06  00  00  6D  23  14  00  03  00  00  00  9D  A4  AE  76  F0  D0  08  FD  67  11  08  
03  6C  19  5D  0A  6D  24  24  00  02  00  00  00  00  00  00  00  00  00  00  00  00  00  00  00  
00  00  00  00  00  00  00  00  00  00  00  00  00  00  00  00  00  00  00  00  6D  31  20  00  03  
00  00  00  05  97  00  00  64  34  FF  FF  77  42  01  00  86  E2  07  00  CF  F4  06  00  E2  26  
70  FF  63  62  07  00  6D  32  24  00  03  00  00  00  42  0C  0C  00  D6  08  CD  7B  01  00  00  
00  47  0B  1B  8D  05  00  00  00  03  00  00  00  FA  FF  FF  FF  00  E3  07  02  19  12  29  34  
00  01  00  12  00  6D  34  14  00  03  00  00  00  7D  48  03  00  9E  56  FF  FF  F2  3E  04  00  
A8  B4  07  00  6D  35  0C  00  03  00  00  00  29  8D  01  00  73  12  07  00  41  53  33  07  47  
4E  00  00  9F  84  02  00  00  00  00  00  00  00  28  01  6D  15  14  00  02  01  00  00  03  04  
03  00  00  00  00  00  00  00  00  00  00  00  00  00  6D  16  10  00  03  00  00  00  E3  07  02  
19  12  29  34  00  59  03  00  00  6D  21  1C  00  03  00  00  00  27  FF  FF  FF  58  00  00  00  
A2  FF  FF  FF  0F  00  00  00  F5  FF  FF  FF  6F  00  00  00  6D  22  10  00  03  00  00  00  3C  
FE  FF  FF  26  02  00  00  C2  06  00  00  6D  23  14  00  03  00  00  00  68  A4  AE  76  64  74  
08  FD  49  2D  08  03  25  F9  5C  0A  6D  24  24  00  02  00  00  00  00  00  00  00  00  00  00  
00  00  00  00  00  00  00  00  00  00  00  00  00  00  00  00  00  00  00  00  00  00  00  00  00  
6D  31  20  00  03  00  00  00  CB  14  00  00  48  AB  FF  FF  FE  E9  00  00  03  2F  08  00  FB  
58  06  00  E0  13  71  FF  20  62  07  00  6D  32  24  00  03  00  00  00  42  0C  0C  00  D6  08  
CD  7B  01  00  00  00  47  0B  1B  8D  05  00  00  00  03  00  00  00  FA  FF  FF  FF  02  00  00  
00  6D  33  10  00  03  00  00  00  E3  07  02  19  12  29  34  00  01  00  12  00  6D  34  14  00  
03  00  00  00  FA  47  03  00  68  29  FF  FF  F3  3E  04  00  40  EF  07  00  6D  35  0C  00  03  
00  00  00  22  8D  01  00  28  12  07  00  41  53  D4  3B  47  4E  00  00  A0  84  02  00  14  00  
00  00  00  00  28  01  6D  15  14  00  02  01  00  00  03  04  03  00  00  00  00  00  00  00  00  
00  00  00  00  00  6D  16  10  00  03  00  00  00  E3  07  02  19  12  29  34  00  63  03  00  00  
6D  21  1C  00  03  00  00  00  87  FE  FF  FF  E4  FE  FF  FF  CC  FF  FF  FF  F2  FF  FF  FF  0F  
00  00  00  29  00  00  00  6D  22  10  00  03  00  00  00  3B  FE  FF  FF  26  02  00  00  C1  06  
00  00  6D  23  14  00  03  00  00  00  D9  A4  AE  76  E8  E6  07  FD  9F  B3  07  03  29  EF  5C  
0A  6D  24  24  00  02  00  00  00  00  00  00  00  00  00  00  00  00  00  00  00  00  00  00  00  
00  00  00  00  00  00  00  00  00  00  00  00  00  00  00  00  6D  31  20  00  03  00  00  00  66  
D6  FF  FF  D0  19  FF  FF  7A  FA  00  00  E2  BD  07  00  BA  C1  06  00  B7  01  70  FF  AF  61  
07  00  6D  32  24  00  03  00  00  00  1C  0A  0C  00  C5  08  CD  7B  01  00  00  00  7B  0B  1B  
8D  05  00  00  00  FE  FF  FF  FF  FD  FF  FF  00  00  00  E3  07  02  19  12  29  34  00  01  00  
12  00  6D  34  14  00  03  00  00  00  9A  38  03  00  D8  30  FF  FF  E5  3E  04  00  9A  E0  07  
00  6D  35  0C  00  03  00  00  00  22  8D  01  00  28  12  07  00  41  53  D5  D5  47  4E  00  00  
A1  84  02  00  3D  87  01  00  00  00  28  01  6D  15  14  00  02  01  00  00  03  04  03  00  00  
00  00  00  00  00  00  00  00  00  00  00  6D  16  10  00  03  00  00  00  E3  07  02  19  12  29  
34  00  6D  00  03  00  00  6D  21  1C  00  03  00  00  00  ED  00  00  00  A9  00  00  00  9E  00  
00  00  09  00  00  00  04  00  00  00  33  00  00  00  6D  22  10  00  03  00  00  00  3C  FE  FF  
FF  26  02  00  00  C2  06  00  00  6D  23  14  00  03  00  00  00  00  B8  9F  AE  76  4E  3A  08  
FD  64  00  08  03  58  2B  5D  0A  6D  24  24  00  02  00  00  00  00  00  00  00  00  00  00  00  
00  00  00  00  00  00  00  00  00  00  00  00  00  00  00  00  00  00  00  00  00  00  00  00  6D  
31  20  00  03  00  00  00  00  09  C6  00  00  C6  CA  FF  FF  44  4C  01  00  C2  16  08  00  B0  
93  06  00  81  2B  70  FF  0B  61  07  00  6D  32  24  00  03  00  00  00  1C  0A  0C  00  C5  08  
CD  7B  01  00  00  00  7B  0B  1B  8D  05  00  00  00  FE  FF  FF  00  FF  FD  FF  FF  FF  02  00  
00  00  6D  33  10  00  03  00  00  00  E3  07  02  19  12  29  34  00  01  00  12  00  6D  34  14  
00  03  00  00  00  41  2D  03  00  96  43  FF  FF  F3  3A  04  00  30  C8  07  00  6D  35  0C  00  
03  00  00  00  25  8D  01  00  28  12  07  00  41  E3  47  4E  00  00  A2  84  02  00  01  16  01  
60  00  00  28  01  6D  15  14  00  02  01  00  00  03  04  03  00  00  00  00  00  00  00  00  00  
00  00  00  00  6D  16  10  00  03  00  00  00  E3  07  02  19  12  29  34  00  77  03  00  00  6D  
21  1C  00  03  00  00  00  74  01  00  00  FD  FF  FF  FF  F0  FF  FF  FF  07  00  00  00  E6  FF  
FF  FF  34  00  00  00  6D  22  10  00  03  00  00  00  3C  FE  FF  FF  26  02  00  00  C2  06  00  
00  6D  23  14  00  03  00  00  00  6E  A3  AE  76  E1  C6  08  FD  C2  0D  08  03  31  25  5D  0A  
6D  24  24  00  02  00  00  00  00  00  00  00  00  00  00  00  00  00  00  00  00  00  00  00  00  
00  00  00  00  00  00  00  00  00  00  00  00  00  00  00  6D  31  20  00  03  00  00  00  B2  FA  
00  00  75  87  FF  FF  45  08  01  00  CB  0F  08  00  BD  1E  06  00  1C  2E  70  FF  DC  61  07  
00  6D  32  24  00  03  00  00  00  1C  0A  0C  00  C5  08  CD  7B  01  00  00  00  7B  0B  1B  8D  
05  00  00  00  FE  FF  FF  FF  FD  FF  FF  00  00  E3  07  02  19  12  29  34  00  01  00  12  00  
6D  34  14  00  03  00  00  00  58  39  03  00  81  65  FF  FF  47  2F  04  00  E4  AA  07  00  6D  
35  0C  00  03  00  00  00  22  8D  01  00  0F  12  07  00  41  53  B9  76  47  4E  00  00  A3  84  
02  00  2A  00  00  00  00  00  28  01  6D  15  14  00  02  01  00  00  03  04  03  00  00  00  00  
00  00  00  00  00  00  00  00  00  6D  16  10  00  03  00  00  00  E3  07  02  19  12  29  34  00  
81  03  00  00  00  6D  21  1C  00  03  00  00  00  8F  00  00  00  35  FF  FF  FF  F0  00  00  00  
ED  FF  FF  FF  08  00  00  00  42  00  00  00  6D  22  10  00  03  00  00  00  3C  FE  FF  FF  26  
02  00  00  C2  06  00  00  6D  23  14  00  03  00  00  00  00  52  9E  AE  76  CA  03  09  FD  B0  
C7  07  03  9D  85  5D  0A  6D  24  24  00  02  00  00  00  00  00  00  00  00  00  00  00  00  00  
00  00  00  00  00  00  00  00  00  00  00  00  00  00  00  00  00  00  00  00  00  00  6D  31  20  
00  03  00  00  00  00  36  A1  00  00  A6  39  FF  FF  2B  6C  01  00  E6  AC  07  00  B4  A0  06  
00  5F  63  70  FF  63  62  07  00  6D  32  24  00  03  00  00  00  1C  0A  0C  00  C5  08  CD  7B  
01  00  00  00  7B  0B  1B  8D  05  00  00  00  FE  FF  FF  FF  00  FD  FF  FF  FF  02  00  00  00  
6D  33  10  00  03  00  00  00  E3  07  02  19  12  29  34  00  01  00  12  00  6D  34  14  00  03  
00  00  00  0A  48  03  00  B8  47  FF  FF  33  5E  04  00  34  6E  08  00  6D  35  0C  00  03  00  
00  00  29  8D  01  00  F6  11  07  00  41  53  9C  47  4E  00  00  A4  84  02  00  10  05  00  00  
00  00  28  01  6D  15  14  00  02  01  00  00  03  04  03  00  00  00  00  00  00  00  00  00  00  
00  00  00  6D  16  10  00  03  00  00  00  E3  07  02  19  12  29  34  00  8B  03  00  00  6D  21  
1C  00  03  00  00  00  66  01  00  00  D5  FF  FF  FF  76  00  00  00  0F  00  00  00  DA  FF  FF  
FF  60  00  00  00  6D  22  10  00  03  00  00  00  3D  FE  FF  FF  26  02  00  00  C2  06  00  00  
6D  23  14  00  03  00  00  00  C7  9D  AE  76  01  8E  09  FD  4D  C6  07  03  BB  B3  5D  0A  6D  
24  24  00  02  00  00  00  00  00  00  00  00  00  00  00  00  00  00  00  00  00  00  00  00  00  
00  00  00  00  00  00  00  00  00  00  00  00  00  00  6D  31  20  00  03  00  00  00  41  F5  00  
00  E4  77  FF  FF  98  3C  01  00  F7  2F  08  00  0C  EE  05  00  E7  D9  70  FF  73  61  07  00  
6D  32  24  00  03  00  00  00  1C  0A  0C  00  C5  08  CD  7B  01  00  00  00  7B  0B  1B  8D  05  
00  00  00  FE  FF  FF  FF  FD  FF  FF  03  00  00  00  E3  07  02  19  12  29  34  00  01  00  12  
00  6D  34  14  00  03  00  00  00  80  40  03  00  F6  3F  FF  FF  EF  3E  04  00  14  20  08  00  
6D  35  0C  00  03  00  00  00  27  8D  01  00  73  12  07  00  41  53  2D  32  47  4E  00  00  A5  
84  02  00  00  00  00  00  00  00  28  01  6D  15  14  00  02  01  00  00  03  04  03  00  00  00  
00  00  00  00  00  00  00  00  00  00  6D  16  10  00  03  00  00  00  E3  07  02  19  12  29  34  
00  00  95  03  00  00  6D  21  1C  00  03  00  00  00  0E  FE  FF  FF  AB  FF  FF  FF  DA  FF  FF  
FF  E7  FF  FF  FF  EA  FF  FF  FF  5C  00  00  00  6D  22  10  00  03  00  00  00  3C  FE  FF  FF  
26  02  00  00  C2  06  00  00  6D  23  14  00  03  00  00  00  00  C9  9A  AE  76  6D  CC  08  FD  
BB  95  07  03  DA  AC  5D  0A  6D  24  24  00  02  00  00  00  00  00  00  00  00  00  00  00  00  
00  00  00  00  00  00  00  00  00  00  00  00  00  00  00  00  00  00  00  00  00  00  00  6D  31  
20  00  00  03  00  00  00  1F  A7  FF  FF  8A  67  FF  FF  A7  FF  00  00  74  93  07  00  4E  2C  
06  00  95  C9  70  FF  C6  61  07  00  6D  32  24  00  03  00  00  00  1C  0A  0C  00  C5  08  CD  
7B  01  00  00  00  7B  0B  1B  8D  05  00  00  00  FE  FF  00  FF  FF  FD  FF  FF  FF  02  00  00  
00  6D  33  10  00  03  00  00  00  E3  07  02  19  12  29  34  00  01  00  12  00  6D  34  14  00  
03  00  00  00  0E  35  03  00  6A  34  FF  FF  A8  1F  04  00  30  C8  07  00  6D  35  0C  00  03  
00  00  00  25  8D  01  00  73  12  07  00  6F  47  4E  00  00  A6  84  02  00  00  00  00  00  00  
00  28  01  6D  15  14  00  02  01  00  00  03  04  03  00  00  00  00  00  00  00  00  00  00  00  
00  00  6D  16  10  00  03  00  00  00  E3  07  02  19  12  29  34  00  9F  03  00  00  6D  21  1C  
00  03  00  00  00  3A  02  00  00  F5  FE  FF  FF  FA  00  00  00  F9  FF  FF  FF  F8  FF  FF  FF  
41  00  00  00  6D  22  10  00  03  00  00  00  3D  FE  FF  FF  25  02  00  00  C2  06  00  00  6D  
23  14  00  03  00  00  00  3B  9A  AE  76  A6  B3  09  FD  0E  45  07  03  E4  0C  5E  0A  6D  24  
24  00  02  00  00  00  00  00  00  00  00  00  00  00  00  00  00  00  00  00  00  00  00  00  00  
00  00  00  00  00  00  00  00  00  00  00  00  00  6D  31  20  00  03  00  00  00  3B  48  01  00  
29  20  FF  FF  90  70  01  00  C2  D6  07  00  E6  63  06  00  EC  5E  70  FF  26  63  07  00  6D  
32  24  00  03  00  00  00  1C  0A  0C  00  C5  08  CD  7B  01  00  00  00  7B  0B  1B  8D  05  00  
00  00  FE  FF  FF  FF  FD  FF  FF  00  00  00  E3  07  02  19  12  29  34  00  01  00  12  00  6D  
34  14  00  03  00  00  00  53  29  03  00  0A  29  FF  FF  9E  1F  04  00  E4  AA  07  00  6D  35  
0C  00  03  00  00  00  26  8D  01  00  28  12  07  00  41  53  17  C5  47  4E  00  00  A7  84  02  
00  00  00  00  00  00  00  28  01  6D  15  14  00  02  01  00  00  03  04  03  00  00  00  00  00  
00  00  00  00  00  00  00  00  6D  16  10  00  03  00  00  00  E3  07  02  19  12  29  34  00  A9  
00  03  00  00  6D  21  1C  00  03  00  00  00  AC  FF  FF  FF  35  FF  FF  FF  85  00  00  00  F6  
FF  FF  FF  F3  FF  FF  FF  45  00  00  00  6D  22  10  00  03  00  00  00  3D  FE  FF  FF  25  02  
00  00  C2  06  00  00  6D  23  14  00  03  00  00  00  00  A9  96  AE  76  95  99  09  FD  5A  F6  
06  03  41  45  5E  0A  6D  24  24  00  02  00  00  00  00  00  00  00  00  00  00  00  00  00  00  
00  00  00  00  00  00  00  00  00  00  00  00  00  00  00  00  00  00  00  00  00  6D  31  20  00  
03  00  00  00  00  B5  48  00  00  5B  39  FF  FF  DD  42  01  00  E9  CD  07  00  04  4D  06  00  
0D  6F  70  FF  18  62  07  00  6D  32  24  00  03  00  00  00  1C  0A  0C  00  C5  08  CD  7B  01  
00  00  00  7B  0B  1B  8D  05  00  00  00  FE  FF  FF  00  FF  FD  FF  FF  FF  02  00  00  00  6D  
33  10  00  03  00  00  00  E3  07  02  19  12  29  34  00  01  00  12  00  6D  34  14  00  03  00  
00  00  E1  66  03  00  9B  29  FF  FF  0E  3F  04  00  98  8D  07  00  6D  35  0C  00  03  00  00  
00  22  8D  01  00  73  12  07  00  41  01  47  4E  00  00  A8  84  02  00  00  04  00  00  00  00  
28  01  6D  15  14  00  02  01  00  00  03  04  03  00  00  00  00  00  00  00  00  00  00  00  00  
00  6D  16  10  00  03  00  00  00  E3  07  02  19  12  29  34  00  B3  03  00  00  6D  21  1C  00  
03  00  00  00  41  00  00  00  AD  FF  FF  FF  36  FF  FF  FF  FA  FF  FF  FF  15  00  00  00  23  
00  00  00  6D  22  10  00  03  00  00  00  3D  FE  FF  FF  25  02  00  00  C2  06  00  00  6D  23  
14  00  03  00  00  00  C8  9E  AE  76  96  B1  09  FD  83  D7  06  03  27  F8  5D  0A  6D  24  24  
00  02  00  00  00  00  00  00  00  00  00  00  00  00  00  00  00  00  00  00  00  00  00  00  00  
00  00  00  00  00  00  00  00  00  00  00  00  6D  31  20  00  03  00  00  00  0B  83  00  00  F7  
67  FF  FF  E0  BF  00  00  D0  D9  07  00  0F  D2  06  00  84  EA  6F  FF  EB  61  07  00  6D  32  
24  00  03  00  00  00  1C  0A  0C  00  C5  08  CD  7B  01  00  00  00  7B  0B  1B  8D  05  00  00  
00  FE  FF  FF  FF  FD  FF  FF  03  00  00  00  E3  07  02  19  12  29  34  00  01  00  12  00  6D  
34  14  00  03  00  00  00  71  57  03  00  15  31  FF  FF  D0  46  04  00  C6  AF  07  00  6D  35  
0C  00  03  00  00  00  26  8D  01  00  73  12  07  00  41  53  16  5F  47  4E  00  00  A9  84  02  
00  CD  BF  21  00  00  00  28  01  6D  15  14  00  02  01  00  00  03  04  03  00  00  00  00  00  
00  00  00  00  00  00  00  00  6D  16  10  00  03  00  00  00  E3  07  02  19  12  29  34  00  00  
BD  03  00  00  6D  21  1C  00  03  00  00  00  68  00  00  00  21  01  00  00  4F  FF  FF  FF  08  
00  00  00  F0  FF  FF  FF  3E  00  00  00  6D  22  10  00  03  00  00  00  3D  FE  FF  FF  25  02  
00  00  C2  06  00  00  6D  23  14  00  03  00  00  00  00  BC  A2  AE  76  78  CC  09  FD  DD  4A  
07  03  E5  B0  5D  0A  6D  24  24  00  02  00  00  00  00  00  00  00  00  00  00  00  00  00  00  
00  00  00  00  00  00  00  00  00  00  00  00  00  00  00  00  00  00  00  00  00  6D  31  20  00  
00  03  00  00  00  8C  92  00  00  33  F9  FF  FF  CD  C9  00  00  67  14  08  00  FB  41  06  00  
73  55  70  FF  46  61  07  00  6D  32  24  00  03  00  00  00  1C  0A  0C  00  C5  08  CD  7B  01  
00  00  00  7B  0B  1B  8D  05  00  00  00  FE  FF  00  FF  FF  FD  FF  FF  FF  02  00  00  00  6D  
33  10  00  03  00  00  00  E3  07  02  19  12  29  34  00  01  00  12  00  6D  34  14  00  03  00  
00  00  F2  4B  03  00  55  3C  FF  FF  AE  4A  04  00  0B  E3  07  00  6D  35  0C  00  03  00  00  
00  26  8D  01  00  5A  12  07  00  63  47  4E  00  00  AA  84  02  00  CE  20  00  00  00  00  28  
01  6D  15  14  00  02  01  00  00  03  04  03  00  00  00  00  00  00  00  00  00  00  00  00  00  
6D  16  10  00  03  00  00  00  E3  07  02  19  12  29  34  00  C7  03  00  00  6D  21  1C  00  03  
00  00  00  A1  FE  FF  FF  BA  FF  FF  FF  A2  FF  FF  FF  EB  FF  FF  FF  FD  FF  FF  FF  3A  00  
00  00  6D  22  10  00  03  00  00  00  3C  FE  FF  FF  25  02  00  00  C2  06  00  00  6D  23  14  
00  03  00  00  00  0A  A3  AE  76  97  43  09  FD  C2  23  07  03  B3  91  5D  0A  6D  24  24  00  
02  00  00  00  00  00  00  00  00  00  00  00  00  00  00  00  00  00  00  00  00  00  00  00  00  
00  00  00  00  00  00  00  00  00  00  00  6D  31  20  00  03  00  00  00  C8  E0  FF  FF  D3  6C  
FF  FF  7F  EA  00  00  D4  A1  07  00  03  77  06  00  26  45  70  FF  AF  61  07  00  6D  32  24  
00  03  00  00  00  7E  07  0C  00  C5  08  CD  7B  01  00  00  00  9E  0B  1B  8D  05  00  00  00  
FF  FF  FF  FF  00  00  00  00  03  00  00  00  E3  07  02  19  12  29  34  00  01  00  12  00  6D  
34  14  00  03  00  00  00  C4  57  03  00  A5  47  FF  FF  00  3F  04  00  50  16  08  00  6D  35  
0C  00  03  00  00  00  24  8D  01  00  41  12  07  00  41  53  FA  5E  47  4E  00  00  AB  84  02  
00  00  00  00  00  00  00  28  01  6D  15  14  00  02  01  00  00  03  04  03  00  00  00  00  00  
00  00  00  00  00  00  00  00  6D  16  10  00  03  00  00  00  E3  07  02  19  12  29  34  00  00  
D1  03  00  00  6D  21  1C  00  03  00  00  00  4C  00  00  00  33  00  00  00  92  FF  FF  FF  01  
00  00  00  11  00  00  00  18  00  00  00  6D  22  10  00  03  00  00  00  3C  FE  FF  FF  25  02  
00  00  C2  06  00  00  6D  23  14  00  03  00  00  00  00  EC  A6  AE  76  0D  5C  09  FD  80  39  
07  03  E9  65  5D  0A  6D  24  24  00  02  00  00  00  00  00  00  00  00  00  00  00  00  00  00  
00  00  00  00  00  00  00  00  00  00  00  00  00  00  00  00  00  00  00  00  00  6D  31  20  00  
00  03  00  00  00  CC  87  00  00  FA  9B  FF  FF  35  E4  00  00  2C  F8  07  00  50  C6  06  00  
D3  C0  6F  FF  63  62  07  00  6D  32  24  00  03  00  00  00  7E  07  0C  00  C5  08  CD  7B  01  
00  00  00  9E  0B  1B  8D  05  00  00  00  FF  00  FF  FF  FF  00  00  00  00  03  00  00  00  6D  
33  10  00  03  00  00  00  E3  07  02  19  12  29  34  00  01  00  12  00  6D  34  14  00  03  00  
00  00  69  19  03  00  09  1A  FF  FF  CA  3E  04  00  6C  BE  07  00  6D  35  0C  00  03  00  00  
00  28  8D  01  00  A5  12  07  EC  47  4E  00  00  AC  84  02  00  00  00  00  00  00  00  28  01  
6D  15  14  00  02  01  00  00  03  04  03  00  00  00  00  00  00  00  00  00  00  00  00  00  6D  
16  10  00  03  00  00  00  E3  07  02  19  12  29  34  00  DB  03  00  00  6D  21  1C  00  03  00  
00  00  FE  FE  FF  FF  E3  FF  FF  FF  FF  FF  FF  FF  02  00  00  00  E5  FF  FF  FF  6F  00  00  
00  6D  22  10  00  03  00  00  00  3C  FE  FF  FF  25  02  00  00  C2  06  00  00  6D  23  14  00  
03  00  00  00  9C  A4  AE  76  EA  F6  08  FD  2E  26  07  03  1A  69  5D  0A  6D  24  24  00  02  
00  00  00  00  00  00  00  00  00  00  00  00  00  00  00  00  00  00  00  00  00  00  00  00  00  
00  00  00  00  00  00  00  00  00  00  6D  31  20  00  03  00  00  00  2C  05  00  00  82  7C  FF  
FF  D8  0E  01  00  3E  FC  07  00  D0  17  06  00  DD  13  71  FF  73  61  07  00  6D  32  24  00  
03  00  00  00  7E  07  0C  00  C5  08  CD  7B  01  00  00  00  9E  0B  1B  8D  05  00  00  00  FF  
FF  FF  FF  00  00  00  00  03  00  00  00  E3  07  02  19  12  29  34  00  01  00  12  00  6D  34  
14  00  03  00  00  00  12  40  03  00  DD  21  FF  FF  BC  46  04  00  04  F9  07  00  6D  35  0C  
00  03  00  00  00  2C  8D  01  00  BE  12  07  00  41  53  82  1E  47  4E  00  00  AD  84  02  00  
00  00  00  00  00  00  28  01  6D  15  14  00  02  01  00  00  03  04  03  00  00  00  00  00  00  
00  00  00  00  00  00  00  6D  16  10  00  03  00  00  00  E3  07  02  19  12  29  34  00  00  E5  
03  00  00  6D  21  1C  00  03  00  00  00  68  FF  FF  FF  33  00  00  00  F1  FF  FF  FF  F9  FF  
FF  FF  05  00  00  00  35  00  00  00  6D  22  10  00  03  00  00  00  3C  FE  FF  FF  25  02  00  
00  C2  06  00  00  6D  23  14  00  03  00  00  00  00  FF  A2  AE  76  0F  B8  08  FD  BF  35  07  
03  0C  65  5D  0A  6D  24  24  00  02  00  00  00  00  00  00  00  00  00  00  00  00  00  00  00  
00  00  00  00  00  00  00  00  00  00  00  00  00  00  00  00  00  00  00  00  6D  31  20  00  00  
03  00  00  00  AF  2E  00  00  D5  9B  FF  FF  33  09  01  00  2E  D7  07  00  E7  99  06  00  50  
30  70  FF  4C  62  07  00  6D  32  24  00  03  00  00  00  7E  07  0C  00  C5  08  CD  7B  01  00  
00  00  9E  0B  1B  8D  05  00  00  00  FF  00  FF  FF  FF  00  00  00  00  03  00  00  00  6D  33  
10  00  03  00  00  00  E3  07  02  19  12  29  34  00  01  00  12  00  6D  34  14  00  03  00  00  
00  55  57  03  00  26  31  FF  FF  88  52  04  00  50  16  08  00  6D  35  0C  00  03  00  00  00  
2B  8D  01  00  41  12  07  E1  47  4E  00  00  AE  84  02  00  00  00  00  00  00  00  28  01  6D  
15  14  00  02  01  00  00  03  04  03  00  00  00  00  00  00  00  00  00  00  00  00  00  6D  16  
10  00  03  00  00  00  E3  07  02  19  12  29  35  00  07  00  00  00  6D  21  1C  00  03  00  00  
00  E1  FF  FF  FF  0C  00  00  00  F1  FF  FF  FF  0F  00  00  00  FD  FF  FF  FF  64  00  00  00  
6D  22  10  00  03  00  00  00  3C  FE  FF  FF  25  02  00  00  C2  06  00  00  6D  23  14  00  03  
00  00  00  EA  A2  AE  76  05  A9  08  FD  2B  3A  07  03  67  60  5D  0A  6D  24  24  00  02  00  
00  00  00  00  00  00  00  00  00  00  00  00  00  00  00  00  00  00  00  00  00  00  00  00  00  
00  00  00  00  00  00  00  00  00  6D  31  20  00  03  00  00  00  D8  5D  00  00  4D  8C  FF  FF  
0B  09  01  00  2E  2F  08  00  B2  79  06  00  FD  E9  70  FF  EB  61  07  00  6D  32  24  00  03  
00  00  00  7E  07  0C  00  C5  08  CD  7B  01  00  00  00  9E  0B  1B  8D  05  00  00  00  FF  FF  
FF  FF  00  00  00  00  03  00  01  00  E3  07  02  19  12  29  34  00  01  00  12  00  6D  34  14  
00  03  00  00  00  21  29  03  00  86  47  FF  FF  17  5E  04  00  6C  BE  07  00  6D  35  0C  00  
03  00  00  00  2A  8D  01  00  41  12  07  00  41  53  42  7C  47  4E  00  00  AF  84  02  00  00  
00  00  00  00  00  28  01  6D  15  14  00  02  01  00  00  03  04  03  00  00  00  00  00  00  00  
00  00  00  00  00  00  6D  16  10  00  03  00  00  00  E3  07  02  19  12  29  35  00  00  11  00  
00  00  6D  21  1C  00  03  00  00  00  26  FF  FF  FF  E4  FF  FF  FF  5F  FF  FF  FF  EA  FF  FF  
FF  00  00  00  00  5B  00  00  00  6D  22  10  00  03  00  00  00  3C  FE  FF  FF  25  02  00  00  
C2  06  00  00  6D  23  14  00  03  00  00  00  00  57  A6  AE  76  BB  51  08  FD  9C  27  07  03  
97  25  5D  0A  6D  24  24  00  02  00  00  00  00  00  00  00  00  00  00  00  00  00  00  00  00  
00  00  00  00  00  00  00  00  00  00  00  00  00  00  00  00  00  00  00  6D  31  20  00  00  03  
00  00  00  D5  14  00  00  9C  7C  FF  FF  F7  CF  00  00  F0  9B  07  00  66  84  06  00  48  C7  
70  FF  F1  62  07  00  6D  32  24  00  03  00  00  00  7E  07  0C  00  C5  08  CD  7B  01  00  00  
00  9E  0B  1B  8D  05  00  00  00  FF  00  FF  FF  FF  00  00  00  00  03  00  00  00  6D  33  10  
00  03  00  00  00  E3  07  02  19  12  29  34  00  01  00  12  00  6D  34  14  00  03  00  00  00  
05  67  03  00  85  29  FF  FF  70  2F  04  00  6C  BE  07  00  6D  35  0C  00  03  00  00  00  2B  
8D  01  00  BE  12  07  C0  47  4E  00  00  B0  84  02  00  00  00  00  00  00  00  28  01  6D  15  
14  00  02  01  00  00  03  04  03  00  00  00  00  00  00  00  00  00  00  00  00  00  6D  16  10  
00  03  00  00  00  E3  07  02  19  12  29  35  00  1B  00  00  00  6D  21  1C  00  03  00  00  00  
E1  FF  FF  FF  D4  00  00  00  0B  00  00  00  F4  FF  FF  FF  FD  FF  FF  FF  41  00  00  00  6D  
22  10  00  03  00  00  00  3C  FE  FF  FF  26  02  00  00  C2  06  00  00  6D  23  14  00  03  00  
00  00  77  A3  AE  76  B8  3B  08  FD  5F  79  07  03  57  28  5D  0A  6D  24  24  00  02  00  00  
00  00  00  00  00  00  00  00  00  00  00  00  00  00  00  00  00  00  00  00  00  00  00  00  00  
00  00  00  00  00  00  00  00  6D  31  20  00  03  00  00  00  A0  5D  00  00  26  DA  FF  FF  36  
13  01  00  D5  C6  07  00  4D  79  06  00  0F  61  70  FF  18  62  07  00  6D  32  24  00  03  00  
00  00  7E  07  0C  00  C5  08  CD  7B  01  00  00  00  9E  0B  1B  8D  05  00  00  00  FF  FF  FF  
FF  00  00  00  10  00  03  00  00  00  E3  07  02  19  12  29  34  00  01  00  12  00  6D  34  14  
00  03  00  00  00  60  57  03  00  20  31  FF  FF  A3  4E  04  00  12  CD  07  00  6D  35  0C  00  
03  00  00  00  2A  8D  01  00  5A  12  07  00  41  53  2C  FD  47  4E  00  00  B1  84  02  00  00  
00  00  00  00  00  28  01  6D  15  14  00  02  01  00  00  03  04  03  00  00  00  00  00  00  00  
00  00  00  00  00  00  6D  16  10  00  03  00  00  00  E3  07  02  19  12  29  00  35  00  25  00  
00  00  6D  21  1C  00  03  00  00  00  1D  FE  FF  FF  26  00  00  00  DB  FE  FF  FF  F8  FF  FF  
FF  E4  FF  FF  FF  47  00  00  00  6D  22  10  00  03  00  00  00  3B  FE  FF  FF  26  02  00  00  
C1  06  00  00  6D  23  14  00  00  03  00  00  00  37  A8  AE  76  FB  79  07  FD  B3  75  07  03  
7C  BB  5C  0A  6D  24  24  00  02  00  00  00  00  00  00  00  00  00  00  00  00  00  00  00  00  
00  00  00  00  00  00  00  00  00  00  00  00  00  00  00  00  00  00  00  6D  31  00  20  00  03  
00  00  00  E8  AC  FF  FF  1F  96  FF  FF  4D  9C  00  00  24  D5  07  00  DD  19  06  00  64  78  
70  FF  DC  61  07  00  6D  32  24  00  03  00  00  00  7E  07  0C  00  C5  08  CD  7B  01  00  00  
00  9E  0B  1B  8D  05  00  00  00  00  FF  FF  FF  FF  00  00  00  00  03  00  00  00  6D  33  10  
00  03  00  00  00  E3  07  02  19  12  29  34  00  01  00  12  00  6D  34  14  00  03  00  00  00  
34  3C  03  00  9E  38  FF  FF  FB  65  04  00  B8  DB  07  00  6D  35  0C  00  03  00  00  00  28  
8D  01  00  73  12  4B  47  4E  00  00  B2  84  02  00  00  00  00  00  00  00  28  01  6D  15  14  
00  02  01  00  00  03  04  03  00  00  00  00  00  00  00  00  00  00  00  00  00  6D  16  10  00  
03  00  00  00  E3  07  02  19  12  29  35  00  2F  00  00  00  6D  21  1C  00  03  00  00  00  3E  
01  00  00  1E  FF  FF  FF  34  00  00  00  F9  FF  FF  FF  0B  00  00  00  4C  00  00  00  6D  22  
10  00  03  00  00  00  3B  FE  FF  FF  25  02  00  00  C1  06  00  00  6D  23  14  00  03  00  00  
00  CC  AB  AE  76  52  FC  07  FD  80  29  07  03  19  CE  5C  0A  6D  24  24  00  02  00  00  00  
00  00  00  00  00  00  00  00  00  00  00  00  00  00  00  00  00  00  00  00  00  00  00  00  00  
00  00  00  00  00  00  00  6D  31  20  00  03  00  00  00  D7  E5  00  00  38  2F  FF  FF  C7  22  
01  00  3E  D9  07  00  78  B1  06  00  07  8D  70  FF  B7  61  07  00  6D  32  24  00  03  00  00  
00  7E  07  0C  00  C5  08  CD  7B  01  00  00  00  9E  0B  1B  8D  05  00  00  00  FF  FF  FF  FF  
00  00  00  10  00  03  00  00  00  E3  07  02  19  12  29  34  00  01  00  12  00  6D  34  14  00  
03  00  00  00  A0  19  03  00  44  38  FF  FF  69  4E  04  00  B8  DB  07  00  6D  35  0C  00  03  
00  00  00  26  8D  01  00  5A  12  07  00  41  53  C7  BD  47  4E  00  00  B3  84  02  00  00  00  
00  00  00  00  28  01  6D  15  14  00  02  01  00  00  03  04  03  00  00  00  00  00  00  00  00  
00  00  00  00  00  6D  16  10  00  03  00  00  00  E3  07  02  19  12  29  00  35  00  39  00  00  
00  6D  21  1C  00  03  00  00  00  74  01  00  00  6A  00  00  00  6A  FF  FF  FF  06  00  00  00  
E3  FF  FF  FF  57  00  00  00  6D  22  10  00  03  00  00  00  3C  FE  FF  FF  25  02  00  00  C1  
06  00  00  6D  23  14  00  00  03  00  00  00  4C  B3  AE  76  DF  85  08  FD  0D  5F  07  03  EE  
8F  5C  0A  6D  24  24  00  02  00  00  00  00  00  00  00  00  00  00  00  00  00  00  00  00  00  
00  00  00  00  00  00  00  00  00  00  00  00  00  00  00  00  00  00  6D  31  00  20  00  03  00  
00  00  EE  FA  00  00  DA  B0  FF  FF  EB  D3  00  00  80  0A  08  00  62  15  06  00  11  B7  70  
FF  DC  61  07  00  6D  32  24  00  03  00  00  00  7E  07  0C  00  C5  08  CD  7B  01  00  00  00  
9E  0B  1B  8D  05  00  00  00  00  FF  FF  FF  FF  00  00  00  00  03  00  00  00  6D  33  10  00  
03  00  00  00  E3  07  02  19  12  29  34  00  01  00  12  00  6D  34  14  00  03  00  00  00  07  
31  03  00  49  38  FF  FF  10  37  04  00  5E  EA  07  00  6D  35  0C  00  03  00  00  00  2A  8D  
01  00  8C  12  BE  47  4E  00  00  B4  84  02  00  00  00  00  00  00  00  28  01  6D  15  14  00  
02  01  00  00  03  04  03  00  00  00  00  00  00  00  00  00  00  00  00  00  6D  16  10  00  03  
00  00  00  E3  07  02  19  12  29  35  00  43  00  00  00  6D  21  1C  00  03  00  00  00  F4  FD  
FF  FF  2A  FF  FF  FF  C0  FF  FF  FF  E8  FF  FF  FF  07  00  00  00  39  00  00  00  6D  22  10  
00  03  00  00  00  3B  FE  FF  FF  25  02  00  00  C1  06  00  00  6D  23  14  00  03  00  00  00  
71  B2  AE  76  C7  BF  07  FD  45  FA  06  03  68  7E  5C  0A  6D  24  24  00  02  00  00  00  00  
00  00  00  00  00  00  00  00  00  00  00  00  00  00  00  00  00  00  00  00  00  00  00  00  00  
00  00  00  00  00  00  6D  31  20  00  03  00  00  00  BD  9C  FF  FF  B7  33  FF  FF  67  F5  00  
00  CB  95  07  00  AF  A0  06  00  87  40  70  FF  45  62  07  00  6D  32  24  00  03  00  00  00  
DA  05  0C  00  C5  08  CD  7B  01  00  00  00  AF  0B  1B  8D  05  00  00  00  01  00  00  00  01  
00  00  6D  33  10  00  03  00  00  00  E3  07  02  19  12  29  35  00  01  00  12  00  6D  34  14  
00  03  00  00  00  92  40  03  00  EB  3F  FF  FF  1D  37  04  00  40  EF  07  00  6D  35  0C  00  
03  00  00  00  27  8D  01  00  8C  12  07  00  41  53  99  BF  47  4E  00  00  B5  84  02  00  00  
00  00  00  00  00  28  01  6D  15  14  00  02  01  00  00  03  04  03  00  00  00  00  00  00  00  
00  00  00  00  00  00  6D  16  10  00  03  00  00  00  E3  07  02  19  00  12  29  35  00  4D  00  
00  00  6D  21  1C  00  03  00  00  00  66  01  00  00  29  00  00  00  A0  FF  FF  FF  F7  FF  FF  
FF  EB  FF  FF  FF  32  00  00  00  6D  22  10  00  03  00  00  00  3C  FE  FF  FF  25  02  00  00  
C1  06  00  00  6D  23  00  14  00  03  00  00  00  E4  B8  AE  76  EF  47  08  FD  45  15  07  03  
A9  53  5C  0A  6D  24  24  00  02  00  00  00  00  00  00  00  00  00  00  00  00  00  00  00  00  
00  00  00  00  00  00  00  00  00  00  00  00  00  00  00  00  00  00  00  00  6D  31  20  00  03  
00  00  00  58  F5  00  00  1D  97  FF  FF  DF  E8  00  00  51  D0  07  00  10  33  06  00  3D  27  
70  FF  E2  62  07  00  6D  32  24  00  03  00  00  00  DA  05  0C  00  C5  08  CD  7B  01  00  00  
00  AF  0B  1B  8D  05  00  00  00  00  01  00  00  00  01  00  00  00  02  00  00  00  6D  33  10  
00  03  00  00  00  E3  07  02  19  12  29  35  00  01  00  12  00  6D  34  14  00  03  00  00  00  
7B  48  03  00  D4  52  FF  FF  0B  3B  04  00  D6  D6  07  00  6D  35  0C  00  03  00  00  00  29  
8D  01  00  F4  47  4E  00  00  B6  84  02  00  00  00  00  00  00  00  28  01  6D  15  14  00  02  
01  00  00  03  04  03  00  00  00  00  00  00  00  00  00  00  00  00  00  6D  16  10  00  03  00  
00  00  E3  07  02  19  12  29  35  00  57  00  00  00  6D  21  1C  00  03  00  00  00  40  00  00  
00  35  00  00  00  78  00  00  00  08  00  00  00  01  00  00  00  2C  00  00  00  6D  22  10  00  
03  00  00  00  3C  FE  FF  FF  25  02  00  00  C1  06  00  00  6D  23  14  00  03  00  00  00  F2  
B4  AE  76  85  5F  08  FD  C7  2D  07  03  7A  80  5C  0A  6D  24  24  00  02  00  00  00  00  00  
00  00  00  00  00  00  00  00  00  00  00  00  00  00  00  00  00  00  00  00  00  00  00  00  00  
00  00  00  00  00  6D  31  20  00  03  00  00  00  5E  82  00  00  DE  9B  FF  FF  21  3D  01  00  
B2  14  08  00  76  8A  06  00  A3  0F  70  FF  D6  60  07  00  6D  32  24  00  03  00  00  00  DA  
05  0C  00  C5  08  CD  7B  01  00  00  00  AF  0B  1B  8D  05  00  00  00  01  00  00  00  01  00  
00  00  6D  33  10  00  03  00  00  00  E3  07  02  19  12  29  35  00  01  00  12  00  6D  34  14  
00  03  00  00  00  F8  48  03  00  AB  74  FF  FF  54  2F  04  00  98  8D  07  00  6D  35  0C  00  
03  00  00  00  2D  8D  01  00  73  12  07  00  41  53  A8  35  47  4E  00  00  B7  84  02  00  00  
00  00  00  00  00  28  01  6D  15  14  00  02  01  00  00  03  04  03  00  00  00  00  00  00  00  
00  00  00  00  00  00  6D  16  10  00  03  00  00  00  E3  07  02  00  19  12  29  35  00  61  00  
00  00  6D  21  1C  00  03  00  00  00  8D  01  00  00  5F  00  00  00  C6  00  00  00  02  00  00  
00  19  00  00  00  1F  00  00  00  6D  22  10  00  03  00  00  00  3C  FE  FF  FF  25  02  00  00  
C1  06  00  00  6D  00  23  14  00  03  00  00  00  22  B1  AE  76  35  F7  08  FD  52  62  07  03  
2D  C8  5C  0A  6D  24  24  00  02  00  00  00  00  00  00  00  00  00  00  00  00  00  00  00  00  
00  00  00  00  00  00  00  00  00  00  00  00  00  00  00  00  00  00  00  00  6D  31  20  00  03  
00  00  00  8B  04  01  00  E9  AB  FF  FF  AC  5B  01  00  D7  FC  07  00  D6  E4  06  00  8F  DC  
6F  FF  DC  61  07  00  6D  32  24  00  03  00  00  00  DA  05  0C  00  C5  08  CD  7B  01  00  00  
00  AF  0B  1B  8D  05  00  00  00  00  01  00  00  00  01  00  00  00  02  00  00  00  6D  33  10  
00  03  00  00  00  E3  07  02  19  12  29  35  00  01  00  12  00  6D  34  14  00  03  00  00  00  
FC  6A  03  00  72  3C  FF  FF  2A  3B  04  00  7C  E5  07  00  6D  35  0C  00  03  00  00  00  29  
8D  01  2C  47  4E  00  00  B8  84  02  00  00  00  00  00  00  00  28  01  6D  15  14  00  02  01  
00  00  03  04  03  00  00  00  00  00  00  00  00  00  00  00  00  00  6D  16  10  00  03  00  00  
00  E3  07  02  19  12  29  35  00  6B  00  00  00  6D  21  1C  00  03  00  00  00  A1  FE  FF  FF  
E2  00  00  00  88  FF  FF  FF  FB  FF  FF  FF  EC  FF  FF  FF  49  00  00  00  6D  22  10  00  03  
00  00  00  3C  FE  FF  FF  26  02  00  00  C1  06  00  00  6D  23  14  00  03  00  00  00  82  AF  
AE  76  CD  63  08  FD  5D  AD  07  03  AD  9A  5C  0A  6D  24  24  00  02  00  00  00  00  00  00  
00  00  00  00  00  00  00  00  00  00  00  00  00  00  00  00  00  00  00  00  00  00  00  00  00  
00  00  00  00  6D  31  20  00  03  00  00  00  40  E0  FF  FF  1E  DF  FF  FF  94  DF  00  00  2C  
E0  07  00  60  35  06  00  78  7F  70  FF  F9  62  07  00  6D  32  24  00  03  00  00  00  DA  05  
0C  00  C5  08  CD  7B  01  00  00  00  AF  0B  1B  8D  05  00  00  00  01  00  00  00  01  00  00  
6D  33  10  00  03  00  00  00  E3  07  02  19  12  29  35  00  01  00  12  00  6D  34  14  00  03  
00  00  00  64  7E  03  00  0B  57  FF  FF  C2  4E  04  00  C8  02  08  00  6D  35  0C  00  03  00  
00  00  2A  8D  01  00  8C  12  07  00  41  53  22  0F  47  4E  00  00  B9  84  02  00  00  00  00  
00  00  00  28  01  6D  15  14  00  02  01  00  00  03  04  03  00  00  00  00  00  00  00  00  00  
00  00  00  00  6D  16  10  00  03  00  00  00  E3  07  02  19  00  12  29  35  00  75  00  00  00  
6D  21  1C  00  03  00  00  00  D7  FE  FF  FF  F3  FF  FF  FF  1D  00  00  00  EE  FF  FF  FF  10  
00  00  00  2E  00  00  00  6D  22  10  00  03  00  00  00  3B  FE  FF  FF  26  02  00  00  C1  06  
00  00  6D  23  00  14  00  03  00  00  00  D4  AB  AE  76  55  EF  07  FD  30  9E  07  03  E5  A7  
5C  0A  6D  24  24  00  02  00  00  00  00  00  00  00  00  00  00  00  00  00  00  00  00  00  00  
00  00  00  00  00  00  00  00  00  00  00  00  00  00  00  00  00  00  6D  31  20  00  03  00  00  
00  7D  F5  FF  FF  9F  81  FF  FF  5F  19  01  00  B8  AD  07  00  3C  C4  06  00  88  16  70  FF  
21  61  07  00  6D  32  24  00  03  00  00  00  DA  05  0C  00  C5  08  CD  7B  01  00  00  00  AF  
0B  1B  8D  05  00  00  00  00  01  00  00  00  01  00  00  00  02  00  00  00  6D  33  10  00  03  
00  00  00  E3  07  02  19  12  29  35  00  01  00  12  00  6D  34  14  00  03  00  00  00  C3  76  
03  00  E4  69  FF  FF  73  5A  04  00  40  EF  07  00  6D  35  0C  00  03  00  00  00  27  8D  01  
00  E7  47  4E  00  00  BA  84  02  00  00  00  00  00  00  00  28  01  6D  15  14  00  02  01  00  
00  03  04  03  00  00  00  00  00  00  00  00  00  00  00  00  00  6D  16  10  00  03  00  00  00  
E3  07  02  19  12  29  35  00  7F  00  00  00  6D  21  1C  00  03  00  00  00  66  01  00  00  FE  
00  00  00  5B  00  00  00  F0  FF  FF  FF  FF  FF  FF  FF  45  00  00  00  6D  22  10  00  03  00  
00  00  3C  FE  FF  FF  26  02  00  00  C1  06  00  00  6D  23  14  00  03  00  00  00  BD  A9  AE  
76  26  70  08  FD  74  0D  08  03  30  C4  5C  0A  6D  24  24  00  02  00  00  00  00  00  00  00  
00  00  00  00  00  00  00  00  00  00  00  00  00  00  00  00  00  00  00  00  00  00  00  00  00  
00  00  00  6D  31  20  00  03  00  00  00  11  F5  00  00  0A  EA  FF  FF  CA  31  01  00  9D  B6  
07  00  73  80  06  00  E9  6E  70  FF  A0  61  07  00  6D  32  24  00  03  00  00  00  DA  05  0C  
00  C5  08  CD  7B  01  00  00  00  AF  0B  1B  8D  05  00  00  00  01  00  00  00  01  00  00  6D  
33  10  00  03  00  00  00  E3  07  02  19  12  29  35  00  01  00  12  00  6D  34  14  00  03  00  
00  00  AA  47  03  00  6C  1A  FF  FF  93  4E  04  00  A8  B4  07  00  6D  35  0C  00  03  00  00  
00  27  8D  01  00  8C  12  07  00  41  53  66  2D  47  4E  00  00  BB  84  02  00  00  00  00  00  
00  00  28  01  6D  15  14  00  02  01  00  00  03  04  03  00  00  00  00  00  00  00  00  00  00  
00  00  00  6D  16  10  00  03  00  00  00  E3  07  02  19  00  12  29  35  00  89  00  00  00  6D  
21  1C  00  03  00  00  00  4F  00  00  00  A4  FF  FF  FF  60  FF  FF  FF  E5  FF  FF  FF  E9  FF  
FF  FF  34  00  00  00  6D  22  10  00  03  00  00  00  3C  FE  FF  FF  26  02  00  00  C1  06  00  
00  6D  23  00  14  00  03  00  00  00  0C  B1  AE  76  D0  8E  08  FD  BD  E9  07  03  B5  83  5C  
0A  6D  24  24  00  02  00  00  00  00  00  00  00  00  00  00  00  00  00  00  00  00  00  00  00  
00  00  00  00  00  00  00  00  00  00  00  00  00  00  00  00  00  6D  31  20  00  03  00  00  00  
F0  87  00  00  EE  62  FF  FF  7D  CF  00  00  6F  8A  07  00  E9  2B  06  00  30  2E  70  FF  B5  
62  07  00  6D  32  24  00  03  00  00  00  DA  05  0C  00  C5  08  CD  7B  01  00  00  00  AF  0B  
1B  8D  05  00  00  00  00  01  00  00  00  01  00  00  00  02  00  00  00  6D  33  10  00  03  00  
00  00  E3  07  02  19  12  29  35  00  01  00  12  00  6D  34  14  00  03  00  00  00  3C  48  03  
00  D6  30  FF  FF  70  2B  04  00  A1  CA  07  00  6D  35  0C  00  03  00  00  00  28  8D  01  00  
7E  47  4E  00  00  BC  84  02  00  00  00  00  00  00  00  28  01  6D  15  14  00  02  01  00  00  
03  04  03  00  00  00  00  00  00  00  00  00  00  00  00  00  6D  16  10  00  03  00  00  00  E3  
07  02  19  12  29  35  00  93  00  00  00  6D  21  1C  00  03  00  00  00  FA  01  00  00  6F  FF  
FF  FF  6A  00  00  00  FF  FF  FF  FF  12  00  00  00  37  00  00  00  6D  22  10  00  03  00  00  
00  3C  FE  FF  FF  26  02  00  00  C1  06  00  00  6D  23  14  00  03  00  00  00  29  B4  AE  76  
BC  57  09  FD  B9  C1  07  03  3C  A5  5C  0A  6D  24  24  00  02  00  00  00  00  00  00  00  00  
00  00  00  00  00  00  00  00  00  00  00  00  00  00  00  00  00  00  00  00  00  00  00  00  00  
00  00  6D  31  20  00  03  00  00  00  BD  2E  01  00  95  4E  FF  FF  31  37  01  00  0A  F3  07  
00  10  CB  06  00  7A  39  70  FF  11  62  07  00  6D  32  24  00  03  00  00  00  DA  05  0C  00  
C5  08  CD  7B  01  00  00  00  AF  0B  1B  8D  05  00  00  00  01  00  00  00  01  00  00  00  6D  
33  10  00  03  00  00  00  E3  07  02  19  12  29  35  00  01  00  12  00  6D  34  14  00  03  00  
00  00  25  40  03  00  3E  1A  FF  FF  20  37  04  00  C8  02  08  00  6D  35  0C  00  03  00  00  
00  26  8D  01  00  73  12  07  00  41  53  72  5A  47  4E  00  00  BD  84  02  00  00  00  00  00  
00  00  28  01  6D  15  14  00  02  01  00  00  03  04  03  00  00  00  00  00  00  00  00  00  00  
00  00  00  6D  16  10  00  03  00  00  00  E3  07  02  00  19  12  29  35  00  9D  00  00  00  6D  
21  1C  00  03  00  00  00  D3  00  00  00  5D  00  00  00  00  00  00  00  F1  FF  FF  FF  F8  FF  
FF  FF  4D  00  00  00  6D  22  10  00  03  00  00  00  3D  FE  FF  FF  26  02  00  00  C1  06  00  
00  6D  00  23  14  00  03  00  00  00  8E  B5  AE  76  A9  A4  09  FD  AE  EB  07  03  00  9F  5C  
0A  6D  24  24  00  02  00  00  00  00  00  00  00  00  00  00  00  00  00  00  00  00  00  00  00  
00  00  00  00  00  00  00  00  00  00  00  00  00  00  00  00  00  6D  31  20  00  03  00  00  00  
D8  BB  00  00  A5  AB  FF  FF  B2  0D  01  00  C6  B8  07  00  A7  5F  06  00  80  8F  70  FF  F3  
61  07  00  6D  32  24  00  03  00  00  00  DA  05  0C  00  C5  08  CD  7B  01  00  00  00  AF  0B  
1B  8D  05  00  00  00  00  01  00  00  00  01  00  00  00  02  00  00  00  6D  33  10  00  03  00  
00  00  E3  07  02  19  12  29  35  00  01  00  12  00  6D  34  14  00  03  00  00  00  EC  3F  03  
00  94  16  FF  FF  A4  4A  04  00  85  22  08  00  6D  35  0C  00  03  00  00  00  25  8D  01  0F  
47  4E  00  00  BE  84  02  00  00  00  00  00  00  00  28  01  6D  15  14  00  02  01  00  00  03  
04  03  00  00  00  00  00  00  00  00  00  00  00  00  00  6D  16  10  00  03  00  00  00  E3  07  
02  19  12  29  35  00  A7  00  00  00  6D  21  1C  00  03  00  00  00  27  FF  FF  FF  FF  FF  FF  
FF  10  00  00  00  F7  FF  FF  FF  17  00  00  00  57  00  00  00  6D  22  10  00  03  00  00  00  
3C  FE  FF  FF  26  02  00  00  C1  06  00  00  6D  23  14  00  03  00  00  00  3A  B3  AE  76  8B  
4E  09  FD  6C  E2  07  03  C1  A3  5C  0A  6D  24  24  00  02  00  00  00  00  00  00  00  00  00  
00  00  00  00  00  00  00  00  00  00  00  00  00  00  00  00  00  00  00  00  00  00  00  00  00  
00  6D  31  20  00  03  00  00  00  B4  14  00  00  F6  86  FF  FF  EB  13  01  00  EE  D1  07  00  
64  DB  06  00  6F  B4  70  FF  B7  61  07  00  6D  32  24  00  03  00  00  00  D8  02  0C  00  B3  
08  CD  7B  01  00  00  00  C1  0B  1B  8D  05  00  00  00  FF  FF  FF  FF  FD  FF  FF  00  6D  33  
10  00  03  00  00  00  E3  07  02  19  12  29  35  00  01  00  12  00  6D  34  14  00  03  00  00  
00  1B  58  03  00  C8  65  FF  FF  FF  3E  04  00  40  EF  07  00  6D  35  0C  00  03  00  00  00  
25  8D  01  00  8C  12  07  00  41  53  22  A3  47  4E  00  00  BF  84  02  00  00  00  00  00  00  
00  28  01  6D  15  14  00  02  01  00  00  03  04  03  00  00  00  00  00  00  00  00  00  00  00  
00  00  6D  16  10  00  03  00  00  00  E3  07  02  00  19  12  29  35  00  B1  00  00  00  6D  21  
1C  00  03  00  00  00  B4  02  00  00  36  00  00  00  19  00  00  00  0E  00  00  00  F5  FF  FF  
FF  4A  00  00  00  6D  22  10  00  03  00  00  00  3D  FE  FF  FF  26  02  00  00  C1  06  00  00  
6D  00  23  14  00  03  00  00  00  DC  B8  AE  76  45  57  0A  FD  70  0D  08  03  4B  A2  5C  0A  
6D  24  24  00  02  00  00  00  00  00  00  00  00  00  00  00  00  00  00  00  00  00  00  00  00  
00  00  00  00  00  00  00  00  00  00  00  00  00  00  00  00  6D  31  20  00  03  00  00  00  BC  
77  01  00  97  9C  FF  FF  28  17  01  00  CA  2A  08  00  61  56  06  00  B5  81  70  FF  BD  62  
07  00  6D  32  24  00  03  00  00  00  D8  02  0C  00  B3  08  CD  7B  01  00  00  00  C1  0B  1B  
8D  05  00  00  00  00  FF  FF  FF  FF  FD  FF  FF  FF  03  00  00  00  6D  33  10  00  03  00  00  
00  E3  07  02  19  12  29  35  00  01  00  12  00  6D  34  14  00  03  00  00  00  72  1D  03  00  
88  21  FF  FF  18  33  04  00  47  D9  07  00  6D  35  0C  00  03  00  00  00  27  8D  01  F0  47  
4E  00  00  C0  84  02  00  AA  AA  AA  AA  00  00  28  01  6D  15  14  00  02  01  00  00  03  04  
03  00  00  00  00  00  00  00  00  00  00  00  00  00  6D  16  10  00  03  00  00  00  E3  07  02  
19  12  29  35  00  BB  00  00  00  6D  21  1C  00  03  00  00  00  FF  FE  FF  FF  6C  FF  FF  FF  
11  00  00  00  FB  FF  FF  FF  03  00  00  00  46  00  00  00  6D  22  10  00  03  00  00  00  3D  
FE  FF  FF  26  02  00  00  C1  06  00  00  6D  23  14  00  03  00  00  00  71  B7  AE  76  03  F6  
09  FD  51  CA  07  03  64  AA  5C  0A  6D  24  24  00  02  00  00  00  00  00  00  00  00  00  00  
00  00  00  00  00  00  00  00  00  00  00  00  00  00  00  00  00  00  00  00  00  00  00  00  00  
6D  31  20  00  03  00  00  00  3A  05  00  00  CB  4D  FF  FF  2E  14  01  00  FB  E2  07  00  60  
8C  06  00  82  73  70  FF  5D  61  07  00  6D  32  24  00  03  00  00  00  D8  02  0C  00  B3  08  
CD  7B  01  00  00  00  C1  0B  1B  8D  05  00  00  00  FF  FF  FF  FF  FD  FF  FF  00  00  6D  33  
10  00  03  00  00  00  E3  07  02  19  12  29  35  00  01  00  12  00  6D  34  14  00  03  00  00  
00  B2  11  03  00  CA  0A  FF  FF  59  27  04  00  3E  9C  07  00  6D  35  0C  00  03  00  00  00  
25  8D  01  00  A5  12  07  00  41  53  91  2D  47  4E  00  00  C1  84  02  00  02  03  90  01  00  
00  28  01  6D  15  14  00  02  01  00  00  03  04  03  00  00  00  00  00  00  00  00  00  00  00  
00  00  6D  16  10  00  03  00  00  00  E3  07  00  02  19  12  29  35  00  C5  00  00  00  6D  21  
1C  00  03  00  00  00  06  02  00  00  36  00  00  00  4F  00  00  00  10  00  00  00  0D  00  00  
00  43  00  00  00  6D  22  10  00  03  00  00  00  3D  FE  FF  FF  26  02  00  00  C1  06  00  00  
00  6D  23  14  00  03  00  00  00  5F  B9  AE  76  9D  BA  0A  FD  6A  F0  07  03  48  C1  5C  0A  
6D  24  24  00  02  00  00  00  00  00  00  00  00  00  00  00  00  00  00  00  00  00  00  00  00  
00  00  00  00  00  00  00  00  00  00  00  00  00  00  00  00  6D  31  20  00  03  00  00  00  9A  
33  01  00  89  9C  FF  FF  66  2C  01  00  CB  33  08  00  37  B1  06  00  12  68  70  FF  F9  62  
07  00  6D  32  24  00  03  00  00  00  D8  02  0C  00  B3  08  CD  7B  01  00  00  00  C1  0B  1B  
8D  00  05  00  00  00  FF  FF  FF  FF  FD  FF  FF  FF  03  00  00  00  6D  33  10  00  03  00  00  
00  E3  07  02  19  12  29  35  00  01  00  12  00  6D  34  14  00  03  00  00  00  44  21  03  00  
37  16  FF  FF  4E  2B  04  00  EB  94  07  00  6D  35  0C  00  03  00  00  00  24  8D  FA  47  4E  
00  00  C2  84  02  00  04  00  01  00  00  00  28  01  6D  15  14  00  02  01  00  00  03  04  03  
00  00  00  00  00  00  00  00  00  00  00  00  00  6D  16  10  00  03  00  00  00  E3  07  02  19  
12  00  29  35  00  CF  00  00  00  6D  21  1C  00  03  00  00  00  61  FD  FF  FF  A0  FF  FF  FF  
D0  FF  FF  FF  0C  00  00  00  FC  FF  FF  FF  4A  00  00  00  6D  22  10  00  03  00  00  00  3D  
FE  FF  FF  26  02  00  00  C1  06  00  00  6D  23  14  00  00  03  00  00  00  5A  B5  AE  76  36  
B4  09  FD  D3  B3  07  03  16  B6  5C  0A  6D  24  24  00  02  00  00  00  00  00  00  00  00  00  
00  00  00  00  00  00  00  00  00  00  00  00  00  00  00  00  00  00  00  00  00  00  00  00  00  
00  6D  00  31  20  00  03  00  00  00  5D  63  FF  FF  28  62  FF  FF  DF  FA  00  00  FD  21  08  
00  9E  70  06  00  77  81  70  FF  55  61  07  00  6D  32  24  00  03  00  00  00  D8  02  0C  00  
B3  08  CD  7B  01  00  00  00  C1  0B  1B  8D  05  00  00  00  00  FF  FF  FF  FF  FD  FF  FF  00  
00  6D  33  10  00  03  00  00  00  E3  07  02  19  12  29  35  00  01  00  12  00  6D  34  14  00  
03  00  00  00  8D  38  03  00  77  38  FF  FF  84  4E  04  00  14  20  08  00  6D  35  0C  00  03  
00  00  00  26  8D  01  00  8C  12  07  00  30  47  4E  00  00  D7  84  02  00  00  00  00  00  00  
00  28  01  6D  15  14  00  02  01  00  00  03  04  03  00  00  00  00  00  00  00  00  00  00  00  
00  00  6D  16  10  00  03  00  00  00  E3  07  02  19  12  00  29  35  00  A1  01  00  00  6D  21  
1C  00  03  00  00  00  8D  01  00  00  03  FF  FF  FF  98  00  00  00  F8  FF  FF  FF  11  00  00  
00  26  00  00  00  6D  22  10  00  03  00  00  00  3C  FE  FF  FF  26  02  00  00  C1  06  00  00  
6D  23  14  00  00  03  00  00  00  68  B4  AE  76  AE  37  09  FD  1E  AF  07  03  AD  9E  5C  0A  
6D  24  24  00  02  00  00  00  00  00  00  00  00  00  00  00  00  00  00  00  00  00  00  00  00  
00  00  00  00  00  00  00  00  00  00  00  00  00  00  00  6D  00  31  20  00  03  00  00  00  FB  
04  01  00  F3  24  FF  FF  3A  47  01  00  47  D5  07  00  88  C6  06  00  20  F6  6F  FF  99  61  
07  00  6D  32  24  00  03  00  00  00  E6  FE  0B  00  B3  08  CD  7B  01  00  00  00  07  0C  1B  
8D  05  00  00  00  00  FF  FF  FF  FF  01  00  00  00  03  00  00  00  6D  33  10  00  03  00  00  
00  E3  07  02  19  12  29  35  00  01  00  12  00  6D  34  14  00  03  00  00  00  C5  4B  03  00  
79  29  FF  FF  C7  46  04  00  CF  EC  07  00  6D  35  0C  00  03  00  00  00  2A  8D  01  00  73  
83  47  4E  00  00  D8  84  02  00  00  00  00  00  00  00  28  01  6D  15  14  00  02  01  00  00  
03  04  03  00  00  00  00  00  00  00  00  00  00  00  00  00  6D  16  10  00  03  00  00  00  E3  
07  02  19  12  29  35  00  AB  01  00  00  6D  21  1C  00  03  00  00  00  B7  00  00  00  EE  00  
00  00  DC  FF  FF  FF  05  00  00  00  E2  FF  FF  FF  4B  00  00  00  6D  22  10  00  03  00  00  
00  3C  FE  FF  FF  26  02  00  00  C1  06  00  00  6D  23  14  00  03  00  00  00  A2  B4  AE  76  
5D  6F  09  FD  7A  12  08  03  FB  8E  5C  0A  6D  24  24  00  02  00  00  00  00  00  00  00  00  
00  00  00  00  00  00  00  00  00  00  00  00  00  00  00  00  00  00  00  00  00  00  00  00  00  
00  00  6D  31  20  00  03  00  00  00  64  B1  00  00  AD  E4  FF  FF  E2  FD  00  00  6B  08  08  
00  0A  0C  06  00  5A  86  70  FF  E4  61  07  00  6D  32  24  00  03  00  00  00  E6  FE  0B  00  
B3  08  CD  7B  01  00  00  00  07  0C  1B  8D  05  00  00  00  FF  FF  FF  FF  01  00  00  00  03  
00  00  00  6D  33  10  00  03  00  00  00  E3  07  02  19  12  29  35  00  01  00  12  00  6D  34  
14  00  03  00  00  00  F8  3F  03  00  86  29  FF  FF  31  5E  04  00  04  F9  07  00  6D  35  0C  
00  03  00  00  00  2A  8D  01  00  A5  12  07  00  41  53  BB  74  47  4E  00  00  D9  84  02  00  
64  00  00  00  00  00  28  01  6D  15  14  00  02  01  00  00  03  04  03  00  00  00  00  00  00  
00  00  00  00  00  00  00  6D  16  10  00  03  00  00  00  00  E3  07  02  19  12  29  35  00  B5  
01  00  00  6D  21  1C  00  03  00  00  00  9F  FF  FF  FF  86  FF  FF  FF  3C  00  00  00  05  00  
00  00  0A  00  00  00  38  00  00  00  6D  22  10  00  03  00  00  00  3C  FE  FF  FF  26  02  00  
00  C1  00  06  00  00  6D  23  14  00  03  00  00  00  76  B2  AE  76  C8  47  09  FD  98  E1  07  
03  D8  AA  5C  0A  6D  24  24  00  02  00  00  00  00  00  00  00  00  00  00  00  00  00  00  00  
00  00  00  00  00  00  00  00  00  00  00  00  00  00  00  00  00  00  00  00  00  6D  31  20  00  
03  00  00  00  C1  43  00  00  54  58  FF  FF  7E  23  01  00  5A  08  08  00  B5  AA  06  00  CE  
3B  70  FF  99  61  07  00  6D  32  24  00  03  00  00  00  E6  FE  0B  00  B3  08  CD  7B  01  00  
00  00  07  00  0C  1B  8D  05  00  00  00  FF  FF  FF  FF  01  00  00  00  03  00  00  00  6D  33  
10  00  03  00  00  00  E3  07  02  19  12  29  35  00  01  00  12  00  6D  34  14  00  03  00  00  
00  CB  37  03  00  93  1A  FF  FF  6F  7D  04  00  04  F9  07  00  6D  35  0C  00  03  00  00  ED  
47  4E  00  00  DA  84  02  00  00  00  00  00  00  00  28  01  6D  15  14  00  02  01  00  00  03  
04  03  00  00  00  00  00  00  00  00  00  00  00  00  00  6D  16  10  00  03  00  00  00  E3  07  
02  19  12  29  35  00  BF  01  00  00  6D  21  1C  00  03  00  00  00  99  02  00  00  00  00  00  
00  7A  00  00  00  F9  FF  FF  FF  FE  FF  FF  FF  3E  00  00  00  6D  22  10  00  03  00  00  00  
3D  FE  FF  FF  26  02  00  00  C1  06  00  00  6D  23  14  00  03  00  00  00  56  B4  AE  76  97  
44  0A  FD  72  FA  07  03  5B  D6  5C  0A  6D  24  24  00  02  00  00  00  00  00  00  00  00  00  
00  00  00  00  00  00  00  00  00  00  00  00  00  00  00  00  00  00  00  00  00  00  00  00  00  
00  6D  31  20  00  03  00  00  00  62  6D  01  00  C6  87  FF  FF  F2  3B  01  00  AD  D9  07  00  
83  79  06  00  17  53  70  FF  C6  61  07  00  6D  32  24  00  03  00  00  00  E6  FE  0B  00  B3  
08  CD  7B  01  00  00  00  07  0C  1B  8D  05  00  00  00  FF  FF  FF  FF  01  00  00  00  03  00  
00  00  6D  33  10  00  03  00  00  00  E3  07  02  19  12  29  35  00  01  00  12  00  6D  34  14  
00  03  00  00  00  0D  68  03  00  15  93  FF  FF  0C  3F  04  00  A8  B4  07  00  6D  35  0C  00  
03  00  00  00  26  8D  01  00  8C  12  07  00  41  53  BA  41  47  4E  00  00  DB  84  02  00  02  
01  00  00  00  00  28  01  6D  15  14  00  02  01  00  00  03  04  03  00  00  00  00  00  00  00  
00  00  00  00  00  00  6D  16  10  00  03  00  00  00  00  E3  07  02  19  12  29  35  00  C9  01  
00  00  6D  21  1C  00  03  00  00  00  27  FF  FF  FF  82  00  00  00  D0  FF  FF  FF  0C  00  00  
00  E8  FF  FF  FF  4E  00  00  00  6D  22  10  00  03  00  00  00  3D  FE  FF  FF  26  02  00  00  
C1  00  06  00  00  6D  23  14  00  03  00  00  00  0B  B2  AE  76  AB  E4  09  FD  19  27  08  03  
22  C8  5C  0A  6D  24  24  00  02  00  00  00  00  00  00  00  00  00  00  00  00  00  00  00  00  
00  00  00  00  00  00  00  00  00  00  00  00  00  00  00  00  00  00  00  00  6D  31  20  00  03  
00  00  00  DF  14  00  00  C1  BA  FF  FF  AD  F9  00  00  7D  24  08  00  AD  23  06  00  DE  91  
70  FF  5D  61  07  00  6D  32  24  00  03  00  00  00  E6  FE  0B  00  B3  08  CD  7B  01  00  00  
00  07  00  0C  1B  8D  05  00  00  00  FF  FF  FF  FF  01  00  00  00  03  00  00  00  6D  33  10  
00  03  00  00  00  E3  07  02  19  12  29  35  00  01  00  12  00  6D  34  14  00  03  00  00  00  
A9  44  03  00  5B  5A  FF  FF  EE  3E  04  00  A1  CA  07  00  6D  35  0C  00  03  00  00  88  47  
4E  00  00  DC  84  02  00  03  04  03  00  00  00  28  01  6D  15  14  00  02  01  00  00  03  04  
03  00  00  00  00  00  00  00  00  00  00  00  00  00  6D  16  10  00  03  00  00  00  E3  07  02  
19  12  29  35  00  D3  01  00  00  6D  21  1C  00  03  00  00  00  5E  FE  FF  FF  B7  00  00  00  
73  FF  FF  FF  FA  FF  FF  FF  25  00  00  00  22  00  00  00  6D  22  10  00  03  00  00  00  3C  
FE  FF  FF  26  02  00  00  C1  06  00  00  6D  23  14  00  03  00  00  00  6D  B0  AE  76  83  33  
09  FD  83  60  08  03  37  97  5C  0A  6D  24  24  00  02  00  00  00  00  00  00  00  00  00  00  
00  00  00  00  00  00  00  00  00  00  00  00  00  00  00  00  00  00  00  00  00  00  00  00  00  
6D  31  20  00  03  00  00  00  63  C6  FF  FF  62  CF  FF  FF  5E  D5  00  00  6C  E0  07  00  2A  
13  07  00  D7  E5  6F  FF  54  62  07  00  6D  32  24  00  03  00  00  00  DE  FC  0B  00  A2  08  
CD  7B  01  00  00  00  29  0C  1B  8D  05  00  00  00  01  00  00  00  04  00  00  00  03  00  00  
00  6D  33  10  00  03  00  00  00  E3  07  02  19  12  29  35  00  01  00  12  00  6D  34  14  00  
03  00  00  00  7C  48  03  00  9E  56  FF  FF  F2  3E  04  00  F4  D1  07  00  6D  35  0C  00  03  
00  00  00  26  8D  01  00  8C  12  07  00  41  53  BB  4B  47  4E  00  00  DD  84  02  00  00  00  
00  00  00  00  28  01  6D  15  14  00  02  01  00  00  03  04  03  00  00  00  00  00  00  00  00  
00  00  00  00  00  6D  16  10  00  03  00  00  00  00  E3  07  02  19  12  29  35  00  DD  01  00  
00  6D  21  1C  00  03  00  00  00  F6  02  00  00  50  00  00  00  43  00  00  00  15  00  00  00  
F3  FF  FF  FF  46  00  00  00  6D  22  10  00  03  00  00  00  3D  FE  FF  FF  26  02  00  00  C1  
00  06  00  00  6D  23  14  00  03  00  00  00  0F  B4  AE  76  09  51  0A  FD  3C  9C  08  03  BA  
AD  5C  0A  6D  24  24  00  02  00  00  00  00  00  00  00  00  00  00  00  00  00  00  00  00  00  
00  00  00  00  00  00  00  00  00  00  00  00  00  00  00  00  00  00  00  6D  31  20  00  03  00  
00  00  EC  91  01  00  F8  A6  FF  FF  BE  26  01  00  75  49  08  00  6F  4D  06  00  B8  73  70  
FF  27  62  07  00  6D  32  24  00  03  00  00  00  DE  FC  0B  00  A2  08  CD  7B  01  00  00  00  
29  00  0C  1B  8D  05  00  00  00  01  00  00  00  04  00  00  00  03  00  00  00  6D  33  10  00  
03  00  00  00  E3  07  02  19  12  29  35  00  01  00  12  00  6D  34  14  00  03  00  00  00  1B  
58  03  00  C8  65  FF  FF  FF  3E  04  00  F4  D1  07  00  6D  35  0C  00  03  00  00  E1  47  4E  
00  00  DE  84  02  00  00  00  00  00  00  00  28  01  6D  15  14  00  02  01  00  00  03  04  03  
00  00  00  00  00  00  00  00  00  00  00  00  00  6D  16  10  00  03  00  00  00  E3  07  02  19  
12  29  35  00  E7  01  00  00  6D  21  1C  00  03  00  00  00  AC  FE  FF  FF  0B  00  00  00  3B  
00  00  00  F9  FF  FF  FF  FC  FF  FF  FF  3B  00  00  00  6D  22  10  00  03  00  00  00  3D  FE  
FF  FF  26  02  00  00  C1  06  00  00  6D  23  14  00  03  00  00  00  11  AE  AE  76  E6  C6  09  
FD  AF  97  08  03  39  CC  5C  0A  6D  24  24  00  02  00  00  00  00  00  00  00  00  00  00  00  
00  00  00  00  00  00  00  00  00  00  00  00  00  00  00  00  00  00  00  00  00  00  00  00  6D  
31  20  00  03  00  00  00  47  E5  FF  FF  35  8C  FF  FF  B1  23  01  00  B8  DB  07  00  28  72  
06  00  F2  49  70  FF  9F  62  07  00  6D  32  24  00  03  00  00  00  DE  FC  0B  00  A2  08  CD  
7B  01  00  00  00  29  0C  1B  8D  05  00  00  00  01  00  00  00  04  00  00  00  03  00  00  00  
6D  33  10  00  03  00  00  00  E3  07  02  19  12  29  35  00  01  00  12  00  6D  34  14  00  03  
00  00  00  37  67  03  00  BE  47  FF  FF  0E  3F  04  00  D8  29  08  00  6D  35  0C  00  03  00  
00  00  2B  8D  01  00  8C  12  07  00  41  53  04  6A  47  4E  00  00  DF  84  02  00  00  00  00  
00  00  00  28  01  6D  15  14  00  02  01  00  00  03  04  03  00  00  00  00  00  00  00  00  00  
00  00  00  00  6D  16  10  00  03  00  00  00  00  E3  07  02  19  12  29  35  00  F1  01  00  00  
6D  21  1C  00  03  00  00  00  AC  FF  FF  FF  8F  00  00  00  A7  FF  FF  FF  03  00  00  00  0B  
00  00  00  54  00  00  00  6D  22  10  00  03  00  00  00  3D  FE  FF  FF  26  02  00  00  C1  00  
06  00  00  6D  23  14  00  03  00  00  00  4C  AE  AE  76  5A  99  09  FD  AA  CD  08  03  BF  AC  
5C  0A  6D  24  24  00  02  00  00  00  00  00  00  00  00  00  00  00  00  00  00  00  00  00  00  
00  00  00  00  00  00  00  00  00  00  00  00  00  00  00  00  00  00  6D  31  20  00  03  00  00  
00  FF  48  00  00  20  C0  FF  FF  A0  E9  00  00  DF  02  08  00  BB  AC  06  00  47  AB  70  FF  
2F  62  07  00  6D  32  24  00  03  00  00  00  DE  FC  0B  00  A2  08  CD  7B  01  00  00  00  29  
00  0C  1B  8D  05  00  00  00  01  00  00  00  04  00  00  00  03  00  00  00  6D  33  10  00  03  
00  00  00  E3  07  02  19  12  29  35  00  01  00  12  00  6D  34  14  00  03  00  00  00  E4  4F  
03  00  ED  30  FF  FF  43  33  04  00  40  EF  07  00  6D  35  0C  00  03  00  00  34  47  4E  00  
00  E0  84  02  00  14  00  00  00  00  00  28  01  6D  15  14  00  02  01  00  00  03  04  03  00  
00  00  00  00  00  00  00  00  00  00  00  00  6D  16  10  00  03  00  00  00  E3  07  02  19  12  
29  35  00  FB  01  00  00  6D  21  1C  00  03  00  00  00  9E  FF  FF  FF  82  00  00  00  CF  FF  
FF  FF  00  00  00  00  FD  FF  FF  FF  67  00  00  00  6D  22  10  00  03  00  00  00  3C  FE  FF  
FF  26  02  00  00  C1  06  00  00  6D  23  14  00  03  00  00  00  0D  AD  AE  76  56  67  09  FD  
F7  FE  08  03  4C  9E  5C  0A  6D  24  24  00  02  00  00  00  00  00  00  00  00  00  00  00  00  
00  00  00  00  00  00  00  00  00  00  00  00  00  00  00  00  00  00  00  00  00  00  00  6D  31  
20  00  03  00  00  00  C6  43  00  00  ED  BA  FF  FF  5E  F9  00  00  30  F7  07  00  DB  74  06  
00  48  F3  70  FF  E4  61  07  00  6D  32  24  00  03  00  00  00  DE  FC  0B  00  A2  08  CD  7B  
01  00  00  00  29  0C  1B  8D  05  00  00  00  01  00  00  00  04  00  00  00  03  00  00  00  6D  
33  10  00  03  00  00  00  E3  07  02  19  12  29  35  00  01  00  12  00  6D  34  14  00  03  00  
00  00  2A  48  03  00  E1  30  FF  FF  3D  33  04  00  9A  E0  07  00  6D  35  0C  00  03  00  00  
00  2B  8D  01  00  28  12  07  00  41  53  BC  1D  47  4E  00  00  E1  84  02  00  3D  87  01  00  
00  00  28  01  6D  15  14  00  02  01  00  00  03  04  03  00  00  00  00  00  00  00  00  00  00  
00  00  00  6D  16  10  00  03  00  00  00  00  E3  07  02  19  12  29  35  00  05  02  00  00  6D  
21  1C  00  03  00  00  00  D6  FE  FF  FF  CB  FE  FF  FF  A9  FF  FF  FF  F7  FF  FF  FF  08  00  
00  00  2B  00  00  00  6D  22  10  00  03  00  00  00  3C  FE  FF  FF  26  02  00  00  C1  00  06  
00  00  6D  23  14  00  03  00  00  00  9B  AF  AE  76  ED  F5  08  FD  DC  7D  08  03  67  86  5C  
0A  6D  24  24  00  02  00  00  00  00  00  00  00  00  00  00  00  00  00  00  00  00  00  00  00  
00  00  00  00  00  00  00  00  00  00  00  00  00  00  00  00  00  6D  31  20  00  03  00  00  00  
B4  F5  FF  FF  90  0F  FF  FF  A0  EA  00  00  F7  D4  07  00  36  A3  06  00  28  0B  70  FF  54  
62  07  00  6D  32  24  00  03  00  00  00  DE  FC  0B  00  A2  08  CD  7B  01  00  00  00  29  00  
0C  1B  8D  05  00  00  00  01  00  00  00  04  00  00  00  03  00  00  00  6D  33  10  00  03  00  
00  00  E3  07  02  19  12  29  35  00  01  00  12  00  6D  34  14  00  03  00  00  00  51  48  03  
00  8C  47  FF  FF  F2  3E  04  00  40  EF  07  00  6D  35  0C  00  03  00  00  60  47  4E  00  00  
E2  84  02  00  01  16  01  60  00  00  28  01  6D  15  14  00  02  01  00  00  03  04  03  00  00  
00  00  00  00  00  00  00  00  00  00  00  6D  16  10  00  03  00  00  00  E3  07  02  19  12  29  
35  00  0F  02  00  00  6D  21  1C  00  03  00  00  00  05  02  00  00  FA  00  00  00  A3  FF  FF  
FF  0E  00  00  00  04  00  00  00  68  00  00  00  6D  22  10  00  03  00  00  00  3D  FE  FF  FF  
26  02  00  00  C1  06  00  00  6D  23  14  00  03  00  00  00  9F  B4  AE  76  71  AD  09  FD  18  
F2  08  03  66  5F  5C  0A  6D  24  24  00  02  00  00  00  00  00  00  00  00  00  00  00  00  00  
00  00  00  00  00  00  00  00  00  00  00  00  00  00  00  00  00  00  00  00  00  00  6D  31  20  
00  03  00  00  00  31  34  01  00  16  EA  FF  FF  5B  E8  00  00  BE  2C  08  00  63  93  06  00  
33  FA  70  FF  CD  61  07  00  6D  32  24  00  03  00  00  00  DE  FC  0B  00  A2  08  CD  7B  01  
00  00  00  29  0C  1B  8D  05  00  00  00  01  00  00  00  04  00  00  00  03  00  00  00  6D  33  
10  00  03  00  00  00  E3  07  02  19  12  29  35  00  01  00  12  00  6D  34  14  00  03  00  00  
00  F0  57  03  00  B7  56  FF  FF  00  3F  04  00  40  EF  07  00  6D  35  0C  00  03  00  00  00  
2A  8D  01  00  28  12  07  00  41  53  2C  26  47  4E  00  00  E3  84  02  00  2A  00  00  00  00  
00  28  01  6D  15  14  00  02  01  00  00  03  04  03  00  00  00  00  00  00  00  00  00  00  00  
00  00  6D  16  10  00  03  00  00  00  00  E3  07  02  19  12  29  35  00  19  02  00  00  6D  21  
1C  00  03  00  00  00  74  00  00  00  D8  FE  FF  FF  2D  00  00  00  F2  FF  FF  FF  15  00  00  
00  40  00  00  00  6D  22  10  00  03  00  00  00  3D  FE  FF  FF  26  02  00  00  C1  00  06  00  
00  6D  23  14  00  03  00  00  00  73  B6  AE  76  E0  DC  09  FD  1C  86  08  03  A0  77  5C  0A  
6D  24  24  00  02  00  00  00  00  00  00  00  00  00  00  00  00  00  00  00  00  00  00  00  00  
00  00  00  00  00  00  00  00  00  00  00  00  00  00  00  00  6D  31  20  00  03  00  00  00  96  
97  00  00  16  15  FF  FF  12  1E  01  00  22  C2  07  00  77  D4  06  00  34  5C  70  FF  7B  61  
07  00  6D  32  24  00  03  00  00  00  DE  FC  0B  00  A2  08  CD  7B  01  00  00  00  29  00  0C  
1B  8D  05  00  00  00  01  00  00  00  04  00  00  00  03  00  00  00  6D  33  10  00  03  00  00  
00  E3  07  02  19  12  29  35  00  01  00  12  00  6D  34  14  00  03  00  00  00  66  4C  03  00  
60  6D  FF  FF  65  56  04  00  39  05  08  00  6D  35  0C  00  03  00  00  21  47  4E  00  00  E4  
84  02  00  10  05  00  00  00  00  28  01  6D  15  14  00  02  01  00  00  03  04  03  00  00  00  
00  00  00  00  00  00  00  00  00  00  6D  16  10  00  03  00  00  00  E3  07  02  19  12  29  35  
00  23  02  00  00  6D  21  1C  00  03  00  00  00  A7  01  00  00  4D  00  00  00  02  00  00  00  
FB  FF  FF  FF  14  00  00  00  47  00  00  00  6D  22  10  00  03  00  00  00  3D  FE  FF  FF  26  
02  00  00  C1  06  00  00  6D  23  14  00  03  00  00  00  06  B9  AE  76  D0  75  0A  FD  98  B4  
08  03  3C  78  5C  0A  6D  24  24  00  02  00  00  00  00  00  00  00  00  00  00  00  00  00  00  
00  00  00  00  00  00  00  00  00  00  00  00  00  00  00  00  00  00  00  00  00  6D  31  20  00  
03  00  00  00  8D  0F  01  00  96  A6  FF  FF  48  0D  01  00  EA  E4  07  00  7C  CD  06  00  16  
78  70  FF  AF  61  07  00  6D  32  24  00  03  00  00  00  DE  FC  0B  00  A2  08  CD  7B  01  00  
00  00  29  0C  1B  8D  05  00  00  00  01  00  00  00  04  00  00  00  03  00  00  00  6D  33  10  
00  03  00  00  00  E3  07  02  19  12  29  35  00  01  00  12  00  6D  34  14  00  03  00  00  00  
6F  4C  03  00  5B  6D  FF  FF  7D  52  04  00  39  05  08  00  6D  35  0C  00  03  00  00  00  25  
8D  01  00  8C  12  07  00  41  53  02  40  47  4E  00  00  E5  84  02  00  00  00  00  00  00  00  
28  01  6D  15  14  00  02  01  00  00  03  04  03  00  00  00  00  00  00  00  00  00  00  00  00  
00  6D  16  10  00  03  00  00  00  00  E3  07  02  19  12  29  35  00  2D  02  00  00  6D  21  1C  
00  03  00  00  00  EF  FE  FF  FF  84  FF  FF  FF  F9  FF  FF  FF  F8  FF  FF  FF  EA  FF  FF  FF  
66  00  00  00  6D  22  10  00  03  00  00  00  3D  FE  FF  FF  26  02  00  00  C1  00  06  00  00  
6D  23  14  00  03  00  00  00  2A  B7  AE  76  7C  07  0A  FD  70  7D  08  03  28  7E  5C  0A  6D  
24  24  00  02  00  00  00  00  00  00  00  00  00  00  00  00  00  00  00  00  00  00  00  00  00  
00  00  00  00  00  00  00  00  00  00  00  00  00  00  00  6D  31  20  00  03  00  00  00  CF  FF  
FF  FF  43  58  FF  FF  B2  09  01  00  FC  D8  07  00  FC  29  06  00  21  F1  70  FF  45  62  07  
00  6D  32  24  00  03  00  00  00  DE  FC  0B  00  A2  08  CD  7B  01  00  00  00  29  00  0C  1B  
8D  05  00  00  00  01  00  00  00  04  00  00  00  03  00  00  00  6D  33  10  00  03  00  00  00  
E3  07  02  19  12  29  35  00  01  00  12  00  6D  34  14  00  03  00  00  00  14  58  03  00  A1  
56  FF  FF  62  2F  04  00  40  EF  07  00  6D  35  0C  00  03  00  00  06  47  4E  00  00  E6  84  
02  00  00  00  00  00  00  00  28  01  6D  15  14  00  02  01  00  00  03  04  03  00  00  00  00  
00  00  00  00  00  00  00  00  00  6D  16  10  00  03  00  00  00  E3  07  02  19  12  29  35  00  
37  02  00  00  6D  21  1C  00  03  00  00  00  FC  FF  FF  FF  95  FE  FF  FF  21  00  00  00  00  
00  00  00  0A  00  00  00  21  00  00  00  6D  22  10  00  03  00  00  00  3D  FE  FF  FF  26  02  
00  00  C1  06  00  00  6D  23  14  00  03  00  00  00  FF  B8  AE  76  84  0A  0A  FD  B2  F2  07  
03  A2  92  5C  0A  6D  24  24  00  02  00  00  00  00  00  00  00  00  00  00  00  00  00  00  00  
00  00  00  00  00  00  00  00  00  00  00  00  00  00  00  00  00  00  00  00  6D  31  20  00  03  
00  00  00  9B  68  00  00  07  FB  FE  FF  2F  19  01  00  D7  F3  07  00  59  A8  06  00  41  E1  
6F  FF  8A  61  07  00  6D  32  24  00  03  00  00  00  44  FB  0B  00  A2  08  CD  7B  01  00  00  
00  4C  0C  1B  8D  05  00  00  00  FE  FF  FF  FF  05  00  00  00  02  00  00  00  6D  33  10  00  
03  00  00  00  E3  07  02  19  12  29  35  00  01  00  12  00  6D  34  14  00  03  00  00  00  9C  
76  03  00  89  29  FF  FF  E2  1F  04  00  20  A1  07  00  6D  35  0C  00  03  00  00  00  29  8D  
01  00  5A  12  07  00  41  53  15  49  47  4E  00  00  E7  84  02  00  00  00  00  00  00  00  28  
01  6D  15  14  00  02  01  00  00  03  04  03  00  00  00  00  00  00  00  00  00  00  00  00  00  
6D  16  10  00  03  00  00  00  00  E3  07  02  19  12  29  35  00  41  02  00  00  6D  21  1C  00  
03  00  00  00  B4  02  00  00  40  00  00  00  7C  FF  FF  FF  05  00  00  00  F9  FF  FF  FF  37  
00  00  00  6D  22  10  00  03  00  00  00  3D  FE  FF  FF  26  02  00  00  C1  00  06  00  00  6D  
23  14  00  03  00  00  00  EF  C2  AE  76  E8  0B  0B  FD  F7  23  08  03  EB  5B  5C  0A  6D  24  
24  00  02  00  00  00  00  00  00  00  00  00  00  00  00  00  00  00  00  00  00  00  00  00  00  
00  00  00  00  00  00  00  00  00  00  00  00  00  00  6D  31  20  00  03  00  00  00  6F  78  01  
00  90  A1  FF  FF  95  D8  00  00  E3  0A  08  00  BB  64  06  00  44  37  70  FF  B7  61  07  00  
6D  32  24  00  03  00  00  00  44  FB  0B  00  A2  08  CD  7B  01  00  00  00  4C  00  0C  1B  8D  
05  00  00  00  FE  FF  FF  FF  05  00  00  00  02  00  00  00  6D  33  10  00  03  00  00  00  E3  
07  02  19  12  29  35  00  01  00  12  00  6D  34  14  00  03  00  00  00  89  76  03  00  54  40  
FF  FF  04  43  04  00  65  D4  07  00  6D  35  0C  00  03  00  00  FF  47  4E  00  00  E8  84  02  
00  00  04  00  00  00  00  28  01  6D  15  14  00  02  01  00  00  03  04  03  00  00  00  00  00  
00  00  00  00  00  00  00  00  6D  16  10  00  03  00  00  00  E3  07  02  19  12  29  35  00  4B  
02  00  00  6D  21  1C  00  03  00  00  00  9F  FE  FF  FF  81  00  00  00  8E  FF  FF  FF  05  00  
00  00  21  00  00  00  48  00  00  00  6D  22  10  00  03  00  00  00  3D  FE  FF  FF  26  02  00  
00  C1  06  00  00  6D  23  14  00  03  00  00  00  7D  C1  AE  76  96  74  0A  FD  DF  4A  08  03  
D8  35  5C  0A  6D  24  24  00  02  00  00  00  00  00  00  00  00  00  00  00  00  00  00  00  00  
00  00  00  00  00  00  00  00  00  00  00  00  00  00  00  00  00  00  00  6D  31  20  00  03  00  
00  00  7E  E0  FF  FF  BD  BA  FF  FF  BE  DF  00  00  65  07  08  00  40  FE  06  00  72  7A  70  
FF  63  62  07  00  6D  32  24  00  03  00  00  00  44  FB  0B  00  A2  08  CD  7B  01  00  00  00  
4C  0C  1B  8D  05  00  00  00  FE  FF  FF  FF  05  00  00  00  02  00  00  00  6D  33  10  00  03  
00  00  00  E3  07  02  19  12  29  35  00  01  00  12  00  6D  34  14  00  03  00  00  00  30  63  
03  00  04  44  FF  FF  C2  4A  04  00  D6  D6  07  00  6D  35  0C  00  03  00  00  00  25  8D  01  
00  5A  12  07  00  41  53  24  99  47  4E  00  00  E9  84  02  00  CD  BF  21  00  00  00  28  01  
6D  15  14  00  02  01  00  00  03  04  03  00  00  00  00  00  00  00  00  00  00  00  00  00  6D  
16  10  00  03  00  00  00  00  E3  07  02  19  12  29  35  00  55  02  00  00  6D  21  1C  00  03  
00  00  00  F7  01  00  00  5B  00  00  00  38  00  00  00  FB  FF  FF  FF  F7  FF  FF  FF  34  00  
00  00  6D  22  10  00  03  00  00  00  3E  FE  FF  FF  26  02  00  00  C1  00  06  00  00  6D  23  
14  00  03  00  00  00  DB  C2  AE  76  38  2C  0B  FD  27  82  08  03  72  4A  5C  0A  6D  24  24  
00  02  00  00  00  00  00  00  00  00  00  00  00  00  00  00  00  00  00  00  00  00  00  00  00  
00  00  00  00  00  00  00  00  00  00  00  00  00  6D  31  20  00  03  00  00  00  BC  2E  01  00  
EE  AB  FF  FF  04  22  01  00  53  E3  07  00  3D  5B  06  00  AE  2B  70  FF  C6  61  07  00  6D  
32  24  00  03  00  00  00  44  FB  0B  00  A2  08  CD  7B  01  00  00  00  4C  00  0C  1B  8D  05  
00  00  00  FE  FF  FF  FF  05  00  00  00  02  00  00  00  6D  33  10  00  03  00  00  00  E3  07  
02  19  12  29  35  00  01  00  12  00  6D  34  14  00  03  00  00  00  3A  29  03  00  47  38  FF  
FF  D7  3E  04  00  E4  AA  07  00  6D  35  0C  00  03  00  00  F0  47  4E  00  00  EA  84  02  00  
CE  20  00  00  00  00  28  01  6D  15  14  00  02  01  00  00  03  04  03  00  00  00  00  00  00  
00  00  00  00  00  00  00  6D  16  10  00  03  00  00  00  E3  07  02  19  12  29  35  00  5F  02  
00  00  6D  21  1C  00  03  00  00  00  82  FF  FF  FF  32  00  00  00  56  00  00  00  FD  FF  FF  
FF  FB  FF  FF  FF  35  00  00  00  6D  22  10  00  03  00  00  00  3D  FE  FF  FF  26  02  00  00  
C1  06  00  00  6D  23  14  00  03  00  00  00  89  BD  AE  76  AB  F1  0A  FD  4E  94  08  03  58  
71  5C  0A  6D  24  24  00  02  00  00  00  00  00  00  00  00  00  00  00  00  00  00  00  00  00  
00  00  00  00  00  00  00  00  00  00  00  00  00  00  00  00  00  00  6D  31  20  00  03  00  00  
00  3E  39  00  00  C2  9B  FF  FF  CC  2D  01  00  D6  EC  07  00  E1  6B  06  00  8B  32  70  FF  
28  61  07  00  6D  32  24  00  03  00  00  00  44  FB  0B  00  A2  08  CD  7B  01  00  00  00  4C  
0C  1B  8D  05  00  00  00  FE  FF  FF  FF  05  00  00  00  02  00  00  00  6D  33  10  00  03  00  
00  00  E3  07  02  19  12  29  35  00  01  00  12  00  6D  34  14  00  03  00  00  00  CE  47  03  
00  56  1A  FF  FF  F3  3E  04  00  8C  0C  08  00  6D  35  0C  00  03  00  00  00  2A  8D  01  00  
73  12  07  00  41  53  2D  23  47  4E  00  00  EB  84  02  00  00  00  00  00  00  00  28  01  6D  
15  14  00  02  01  00  00  03  04  03  00  00  00  00  00  00  00  00  00  00  00  00  00  6D  16  
10  00  03  00  00  00  00  E3  07  02  19  12  29  35  00  69  02  00  00  6D  21  1C  00  03  00  
00  00  31  00  00  00  D5  FF  FF  FF  EB  FF  FF  FF  F7  FF  FF  FF  08  00  00  00  3E  00  00  
00  6D  22  10  00  03  00  00  00  3D  FE  FF  FF  26  02  00  00  C1  00  06  00  00  6D  23  14  
00  03  00  00  00  9D  BE  AE  76  CF  FC  0A  FD  65  86  08  03  43  6C  5C  0A  6D  24  24  00  
02  00  00  00  00  00  00  00  00  00  00  00  00  00  00  00  00  00  00  00  00  00  00  00  00  
00  00  00  00  00  00  00  00  00  00  00  00  6D  31  20  00  03  00  00  00  5A  7D  00  00  97  
77  FF  FF  C2  03  01  00  8D  D2  07  00  72  9C  06  00  5C  55  70  FF  C6  61  07  00  6D  32  
24  00  03  00  00  00  44  FB  0B  00  A2  08  CD  7B  01  00  00  00  4C  00  0C  1B  8D  05  00  
00  00  FE  FF  FF  FF  05  00  00  00  02  00  00  00  6D  33  10  00  03  00  00  00  E3  07  02  
19  12  29  35  00  01  00  12  00  6D  34  14  00  03  00  00  00  36  48  03  00  9C  47  FF  FF  
AA  4A  04  00  02  A6  07  00  6D  35  0C  00  03  00  00  54  47  4E  00  00  EC  84  02  00  00  
00  00  00  00  00  28  01  6D  15  14  00  02  01  00  00  03  04  03  00  00  00  00  00  00  00  
00  00  00  00  00  00  6D  16  10  00  03  00  00  00  E3  07  02  19  12  29  35  00  73  02  00  
00  6D  21  1C  00  03  00  00  00  FA  00  00  00  FD  FF  FF  FF  CF  FF  FF  FF  FF  FF  FF  FF  
FE  FF  FF  FF  3D  00  00  00  6D  22  10  00  03  00  00  00  3E  FE  FF  FF  26  02  00  00  C1  
06  00  00  6D  23  14  00  03  00  00  00  17  C2  AE  76  25  54  0B  FD  15  8F  08  03  CD  5A  
5C  0A  6D  24  24  00  02  00  00  00  00  00  00  00  00  00  00  00  00  00  00  00  00  00  00  
00  00  00  00  00  00  00  00  00  00  00  00  00  00  00  00  00  6D  31  20  00  03  00  00  00  
D7  CB  00  00  4A  87  FF  FF  E2  F8  00  00  7D  F3  07  00  07  75  06  00  C2  50  70  FF  8A  
61  07  00  6D  32  24  00  03  00  00  00  44  FB  0B  00  A2  08  CD  7B  01  00  00  00  4C  0C  
1B  8D  05  00  00  00  FE  FF  FF  FF  05  00  00  00  02  00  00  00  6D  33  10  00  03  00  00  
00  E3  07  02  19  12  29  35  00  01  00  12  00  6D  34  14  00  03  00  00  00  7E  40  03  00  
5A  4B  FF  FF  8B  4E  04  00  5C  97  07  00  6D  35  0C  00  03  00  00  00  29  8D  01  00  5A  
12  07  00  41  53  E3  A2  47  4E  00  00  ED  84  02  00  00  00  00  00  00  00  28  01  6D  15  
14  00  02  01  00  00  03  04  03  00  00  00  00  00  00  00  00  00  00  00  00  00  6D  16  10  
00  03  00  00  00  00  E3  07  02  19  12  29  35  00  7D  02  00  00  6D  21  1C  00  03  00  00  
00  42  FE  FF  FF  E1  FF  FF  FF  76  FF  FF  FF  FC  FF  FF  FF  01  00  00  00  32  00  00  00  
6D  22  10  00  03  00  00  00  3D  FE  FF  FF  26  02  00  00  C1  00  06  00  00  6D  23  14  00  
03  00  00  00  29  C2  AE  76  DA  9D  0A  FD  A8  74  08  03  B9  2D  5C  0A  6D  24  24  00  02  
00  00  00  00  00  00  00  00  00  00  00  00  00  00  00  00  00  00  00  00  00  00  00  00  00  
00  00  00  00  00  00  00  00  00  00  00  6D  31  20  00  03  00  00  00  22  BC  FF  FF  5E  7C  
FF  FF  B4  D5  00  00  A8  E7  07  00  AF  82  06  00  B6  24  70  FF  3E  62  07  00  6D  32  24  
00  03  00  00  00  44  FB  0B  00  A2  08  CD  7B  01  00  00  00  4C  00  0C  1B  8D  05  00  00  
00  FE  FF  FF  FF  05  00  00  00  02  00  00  00  6D  33  10  00  03  00  00  00  E3  07  02  19  
12  29  35  00  01  00  12  00  6D  34  14  00  03  00  00  00  EB  28  03  00  4B  29  FF  FF  77  
4E  04  00  F4  D1  07  00  6D  35  0C  00  03  00  00  73  47  4E  00  00  EE  84  02  00  00  00  
00  00  00  00  28  01  6D  15  14  00  02  01  00  00  03  04  03  00  00  00  00  00  00  00  00  
00  00  00  00  00  6D  16  10  00  03  00  00  00  E3  07  02  19  12  29  35  00  87  02  00  00  
6D  21  1C  00  03  00  00  00  B5  00  00  00  EC  00  00  00  8B  00  00  00  FD  FF  FF  FF  F5  
FF  FF  FF  40  00  00  00  6D  22  10  00  03  00  00  00  3D  FE  FF  FF  26  02  00  00  C1  06  
00  00  6D  23  14  00  03  00  00  00  41  BC  AE  76  BB  D4  0A  FD  D8  D9  08  03  6A  63  5C  
0A  6D  24  24  00  02  00  00  00  00  00  00  00  00  00  00  00  00  00  00  00  00  00  00  00  
00  00  00  00  00  00  00  00  00  00  00  00  00  00  00  00  6D  31  20  00  03  00  00  00  21  
B1  00  00  A9  E4  FF  FF  DC  41  01  00  5F  EA  07  00  87  54  06  00  5E  5C  70  FF  37  61  
07  00  6D  32  24  00  03  00  00  00  44  FB  0B  00  A2  08  CD  7B  01  00  00  00  4C  0C  1B  
8D  05  00  00  00  FE  FF  FF  FF  05  00  00  00  02  00  00  00  6D  33  10  00  03  00  00  00  
E3  07  02  19  12  29  35  00  01  00  12  00  6D  34  14  00  03  00  00  00  49  48  03  00  64  
38  FF  FF  55  2F  04  00  F4  D1  07  00  6D  35  0C  00  03  00  00  00  2B  8D  01  00  8C  12  
07  00  41  53  2A  FB  47  4E  00  00  EF  84  02  00  00  00  00  00  00  00  28  01  6D  15  14  
00  02  01  00  00  03  04  03  00  00  00  00  00  00  00  00  00  00  00  00  00  6D  16  10  00  
03  00  00  00  00  E3  07  02  19  12  29  35  00  91  02  00  00  6D  21  1C  00  03  00  00  00  
E7  FC  FF  FF  9E  FF  FF  FF  AE  FF  FF  FF  FD  FF  FF  FF  E8  FF  FF  FF  5D  00  00  00  6D  
22  10  00  03  00  00  00  3D  FE  FF  FF  26  02  00  00  C1  00  06  00  00  6D  23  14  00  03  
00  00  00  CF  B7  AE  76  7C  9B  09  FD  A3  99  08  03  A9  4F  5C  0A  6D  24  24  00  02  00  
00  00  00  00  00  00  00  00  00  00  00  00  00  00  00  00  00  00  00  00  00  00  00  00  00  
00  00  00  00  00  00  00  00  00  00  6D  31  20  00  03  00  00  00  82  34  FF  FF  FD  61  FF  
FF  73  EB  00  00  6E  EC  07  00  4A  21  06  00  D5  CB  70  FF  03  61  07  00  6D  32  24  00  
03  00  00  00  44  FB  0B  00  A2  08  CD  7B  01  00  00  00  4C  00  0C  1B  8D  05  00  00  00  
FE  FF  FF  FF  05  00  00  00  02  00  00  00  6D  33  10  00  03  00  00  00  E3  07  02  19  12  
29  35  00  01  00  12  00  6D  34  14  00  03  00  00  00  42  54  03  00  5F  5A  FF  FF  5E  2F  
04  00  9A  E0  07  00  6D  35  0C  00  03  00  00  98  47  4E  00  00  F0  84  02  00  00  00  00  
00  00  00  28  01  6D  15  14  00  02  01  00  00  03  04  03  00  00  00  00  00  00  00  00  00  
00  00  00  00  6D  16  10  00  03  00  00  00  E3  07  02  19  12  29  35  00  9B  02  00  00  6D  
21  1C  00  03  00  00  00  9C  00  00  00  E6  FE  FF  FF  DF  FF  FF  FF  F4  FF  FF  FF  15  00  
00  00  15  00  00  00  6D  22  10  00  03  00  00  00  3D  FE  FF  FF  26  02  00  00  C1  06  00  
00  6D  23  14  00  03  00  00  00  BD  BC  AE  76  A5  D9  09  FD  89  32  08  03  1C  47  5C  0A  
6D  24  24  00  02  00  00  00  00  00  00  00  00  00  00  00  00  00  00  00  00  00  00  00  00  
00  00  00  00  00  00  00  00  00  00  00  00  00  00  00  6D  31  20  00  03  00  00  00  29  A7  
00  00  69  1A  FF  FF  99  FE  00  00  28  C7  07  00  BB  D1  06  00  3A  B5  6F  FF  81  62  07  
00  6D  32  24  00  03  00  00  00  A6  F8  0B  00  90  08  CD  7B  01  00  00  00  6F  0C  1B  8D  
05  00  00  00  FD  FF  FF  FF  06  00  00  00  03  00  00  00  6D  33  10  00  03  00  00  00  E3  
07  02  19  12  29  35  00  01  00  12  00  6D  34  14  00  03  00  00  00  62  50  03  00  8E  56  
FF  FF  74  2B  04  00  F4  D1  07  00  6D  35  0C  00  03  00  00  00  28  8D  01  00  28  12  07  
00  41  53  BB  66  47  4E  00  00  F1  84  02  00  00  00  00  00  00  00  28  01  6D  15  14  00  
02  01  00  00  03  04  03  00  00  00  00  00  00  00  00  00  00  00  00  00  6D  16  10  00  03  
00  00  00  00  E3  07  02  19  12  29  35  00  A5  02  00  00  6D  21  1C  00  03  00  00  00  D2  
00  00  00  3F  00  00  00  9B  FF  FF  FF  1E  00  00  00  DF  FF  FF  FF  37  00  00  00  6D  22  
10  00  03  00  00  00  3D  FE  FF  FF  26  02  00  00  C1  00  06  00  00  6D  23  14  00  03  00  
00  00  0A  C1  AE  76  BC  20  0A  FD  13  53  08  03  A6  20  5C  0A  6D  24  24  00  02  00  00  
00  00  00  00  00  00  00  00  00  00  00  00  00  00  00  00  00  00  00  00  00  00  00  00  00  
00  00  00  00  00  00  00  00  00  6D  31  20  00  03  00  00  00  51  BC  00  00  1C  A1  FF  FF  
FF  E3  00  00  FA  6A  08  00  EF  00  06  00  B7  39  70  FF  73  61  07  00  6D  32  24  00  03  
00  00  00  A6  F8  0B  00  90  08  CD  7B  01  00  00  00  6F  00  0C  1B  8D  05  00  00  00  FD  
FF  FF  FF  06  00  00  00  03  00  00  00  6D  33  10  00  03  00  00  00  E3  07  02  19  12  29  
35  00  01  00  12  00  6D  34  14  00  03  00  00  00  CB  38  03  00  23  29  FF  FF  AC  1F  04  
00  5C  97  07  00  6D  35  0C  00  03  00  00  3E  47  4E  00  00  F2  84  02  00  00  00  00  00  
00  00  28  01  6D  15  14  00  02  01  00  00  03  04  03  00  00  00  00  00  00  00  00  00  00  
00  00  00  6D  16  10  00  03  00  00  00  E3  07  02  19  12  29  35  00  AF  02  00  00  6D  21  
1C  00  03  00  00  00  BC  FD  FF  FF  AC  FF  FF  FF  C8  FF  FF  FF  FF  FF  FF  FF  FE  FF  FF  
FF  41  00  00  00  6D  22  10  00  03  00  00  00  3C  FE  FF  FF  26  02  00  00  C1  06  00  00  
6D  23  14  00  03  00  00  00  85  BD  AE  76  39  3B  09  FD  C4  20  08  03  10  16  5C  0A  6D  
24  24  00  02  00  00  00  00  00  00  00  00  00  00  00  00  00  00  00  00  00  00  00  00  00  
00  00  00  00  00  00  00  00  00  00  00  00  00  00  6D  31  20  00  03  00  00  00  F7  87  FF  
FF  65  67  FF  FF  67  F5  00  00  2D  F1  07  00  CD  79  06  00  A5  5E  70  FF  4E  61  07  00  
6D  32  24  00  03  00  00  00  A6  F8  0B  00  90  08  CD  7B  01  00  00  00  6F  0C  1B  8D  05  
00  00  00  FD  FF  FF  FF  06  00  00  00  03  00  00  00  6D  33  10  00  03  00  00  00  E3  07  
02  19  12  29  35  00  01  00  12  00  6D  34  14  00  03  00  00  00  1D  48  03  00  52  29  FF  
FF  55  2F  04  00  6C  BE  07  00  6D  35  0C  00  03  00  00  00  22  8D  01  00  28  12  07  00  
41  53  9E  E4  47  4E  00  00  F3  84  02  00  00  00  00  00  00  00  28  01  6D  15  14  00  02  
01  00  00  03  04  03  00  00  00  00  00  00  00  00  00  00  00  00  00  6D  16  10  00  03  00  
00  00  00  E3  07  02  19  12  29  35  00  B9  02  00  00  6D  21  1C  00  03  00  00  00  07  01  
00  00  A1  FF  FF  FF  D2  FF  FF  FF  07  00  00  00  04  00  00  00  0C  00  00  00  6D  22  10  
00  03  00  00  00  3D  FE  FF  FF  26  02  00  00  C1  00  06  00  00  6D  23  14  00  03  00  00  
00  F3  C1  AE  76  2C  9D  09  FD  D1  06  08  03  E9  06  5C  0A  6D  24  24  00  02  00  00  00  
00  00  00  00  00  00  00  00  00  00  00  00  00  00  00  00  00  00  00  00  00  00  00  00  00  
00  00  00  00  00  00  00  00  6D  31  20  00  03  00  00  00  08  D1  00  00  0E  63  FF  FF  F2  
F8  00  00  18  10  08  00  F7  90  06  00  1D  90  6F  FF  FA  61  07  00  6D  32  24  00  03  00  
00  00  A6  F8  0B  00  90  08  CD  7B  01  00  00  00  6F  00  0C  1B  8D  05  00  00  00  FD  FF  
FF  FF  06  00  00  00  03  00  00  00  6D  33  10  00  03  00  00  00  E3  07  02  19  12  29  35  
00  01  00  12  00  6D  34  14  00  03  00  00  00  D1  5F  03  00  0A  62  FF  FF  1F  3B  04  00  
FD  0E  08  00  6D  35  0C  00  03  00  00  A5  47  4E  00  00  F4  84  02  00  00  00  00  00  00  
00  28  01  6D  15  14  00  02  01  00  00  03  04  03  00  00  00  00  00  00  00  00  00  00  00  
00  00  6D  16  10  00  03  00  00  00  E3  07  02  19  12  29  35  00  C3  02  00  00  6D  21  1C  
00  03  00  00  00  F1  FE  FF  FF  C8  FF  FF  FF  BA  FF  FF  FF  F0  FF  FF  FF  07  00  00  00  
3F  00  00  00  6D  22  10  00  03  00  00  00  3C  FE  FF  FF  26  02  00  00  C1  06  00  00  6D  
23  14  00  03  00  00  00  A3  C1  AE  76  45  2E  09  FD  8B  E9  07  03  5E  F3  5B  0A  6D  24  
24  00  02  00  00  00  00  00  00  00  00  00  00  00  00  00  00  00  00  00  00  00  00  00  00  
00  00  00  00  00  00  00  00  00  00  00  00  00  6D  31  20  00  03  00  00  00  3C  00  00  00  
0D  72  FF  FF  8E  EF  00  00  C2  B6  07  00  E1  9E  06  00  EC  59  70  FF  4E  61  07  00  6D  
32  24  00  03  00  00  00  A6  F8  0B  00  90  08  CD  7B  01  00  00  00  6F  0C  1B  8D  05  00  
00  00  FD  FF  FF  FF  06  00  00  00  03  00  00  00  6D  33  10  00  03  00  00  00  E3  07  02  
19  12  29  35  00  01  00  12  00  6D  34  14  00  03  00  00  00  D9  5B  03  00  14  62  FF  FF  
D3  46  04  00  50  16  08  00  6D  35  0C  00  03  00  00  00  24  8D  01  00  28  12  07  00  41  
53  8D  04  47  4E  00  00  F5  84  02  00  00  00  00  00  00  00  28  01  6D  15  14  00  02  01  
00  00  03  04  03  00  00  00  00  00  00  00  00  00  00  00  00  00  6D  16  10  00  03  00  00  
00  00  E3  07  02  19  12  29  35  00  CD  02  00  00  6D  21  1C  00  03  00  00  00  07  01  00  
00  1D  FF  FF  FF  4B  00  00  00  FE  FF  FF  FF  21  00  00  00  1F  00  00  00  6D  22  10  00  
03  00  00  00  3C  FE  FF  FF  26  02  00  00  C1  00  06  00  00  6D  23  14  00  03  00  00  00  
4F  C3  AE  76  ED  94  09  FD  CB  9C  07  03  05  14  5C  0A  6D  24  24  00  02  00  00  00  00  
00  00  00  00  00  00  00  00  00  00  00  00  00  00  00  00  00  00  00  00  00  00  00  00  00  
00  00  00  00  00  00  00  6D  31  20  00  03  00  00  00  CD  D0  00  00  3E  2F  FF  FF  15  28  
01  00  39  EC  07  00  49  05  07  00  91  DC  6F  FF  2F  62  07  00  6D  32  24  00  03  00  00  
00  A6  F8  0B  00  90  08  CD  7B  01  00  00  00  6F  00  0C  1B  8D  05  00  00  00  FD  FF  FF  
FF  06  00  00  00  03  00  00  00  6D  33  10  00  03  00  00  00  E3  07  02  19  12  29  35  00  
01  00  12  00  6D  34  14  00  03  00  00  00  3E  38  03  00  7A  29  FF  FF  26  5E  04  00  B8  
DB  07  00  6D  35  0C  00  03  00  00  9D  47  4E  00  00  F6  84  02  00  00  00  00  00  00  00  
28  01  6D  15  14  00  02  01  00  00  03  04  03  00  00  00  00  00  00  00  00  00  00  00  00  
00  6D  16  10  00  03  00  00  00  E3  07  02  19  12  29  35  00  D7  02  00  00  6D  21  1C  00  
03  00  00  00  8E  00  00  00  69  00  00  00  B8  FF  FF  FF  08  00  00  00  EE  FF  FF  FF  35  
00  00  00  6D  22  10  00  03  00  00  00  3D  FE  FF  FF  26  02  00  00  C1  06  00  00  6D  23  
14  00  03  00  00  00  75  C5  AE  76  DD  BF  09  FD  D4  CB  07  03  ED  F9  5B  0A  6D  24  24  
00  02  00  00  00  00  00  00  00  00  00  00  00  00  00  00  00  00  00  00  00  00  00  00  00  
00  00  00  00  00  00  00  00  00  00  00  00  6D  31  20  00  03  00  00  00  BB  A1  00  00  CA  
B0  FF  FF  78  EE  00  00  08  14  08  00  6D  3A  06  00  CA  32  70  FF  88  62  07  00  6D  32  
24  00  03  00  00  00  A6  F8  0B  00  90  08  CD  7B  01  00  00  00  6F  0C  1B  8D  05  00  00  
00  FD  FF  FF  FF  06  00  00  00  03  00  00  00  6D  33  10  00  03  00  00  00  E3  07  02  19  
12  29  35  00  01  00  12  00  6D  34  14  00  03  00  00  00  26  57  03  00  AD  29  FF  FF  42  
5E  04  00  50  16  08  00  6D  35  0C  00  03  00  00  00  29  8D  01  00  8C  12  07  00  41  53  
E9  63  47  4E  00  00  F7  84  02  00  00  00  00  00  00  00  28  01  6D  15  14  00  02  01  00  
00  03  04  03  00  00  00  00  00  00  00  00  00  00  00  00  00  6D  16  10  00  03  00  00  00  
00  E3  07  02  19  12  29  35  00  E1  02  00  00  6D  21  1C  00  03  00  00  00  DC  FB  FF  FF  
5C  FF  FF  FF  B2  FF  FF  FF  01  00  00  00  01  00  00  00  31  00  00  00  6D  22  10  00  03  
00  00  00  3C  FE  FF  FF  25  02  00  00  C1  00  06  00  00  6D  23  14  00  03  00  00  00  D7  
BE  AE  76  9B  21  08  FD  B3  69  07  03  DF  EB  5B  0A  6D  24  24  00  02  00  00  00  00  00  
00  00  00  00  00  00  00  00  00  00  00  00  00  00  00  00  00  00  00  00  00  00  00  00  00  
00  00  00  00  00  00  6D  31  20  00  03  00  00  00  10  CC  FE  FF  D6  47  FF  FF  11  EC  00  
00  89  F8  07  00  F6  87  06  00  E9  1F  70  FF  03  61  07  00  6D  32  24  00  03  00  00  00  
A6  F8  0B  00  90  08  CD  7B  01  00  00  00  6F  00  0C  1B  8D  05  00  00  00  FD  FF  FF  FF  
06  00  00  00  03  00  00  00  6D  33  10  00  03  00  00  00  E3  07  02  19  12  29  35  00  01  
00  12  00  6D  34  14  00  03  00  00  00  C8  34  03  00  33  29  FF  FF  47  2F  04  00  B8  DB  
07  00  6D  35  0C  00  03  00  00  56  47  4E  00  00  F8  84  02  00  00  00  00  00  00  00  28  
01  6D  15  14  00  02  01  00  00  03  04  03  00  00  00  00  00  00  00  00  00  00  00  00  00  
6D  16  10  00  03  00  00  00  E3  07  02  19  12  29  35  00  EB  02  00  00  6D  21  1C  00  03  
00  00  00  A9  00  00  00  91  00  00  00  FB  FF  FF  FF  10  00  00  00  F2  FF  FF  FF  27  00  
00  00  6D  22  10  00  03  00  00  00  3C  FE  FF  FF  26  02  00  00  C1  06  00  00  6D  23  14  
00  03  00  00  00  86  BE  AE  76  3A  57  08  FD  BA  AA  07  03  D1  EB  5B  0A  6D  24  24  00  
02  00  00  00  00  00  00  00  00  00  00  00  00  00  00  00  00  00  00  00  00  00  00  00  00  
00  00  00  00  00  00  00  00  00  00  00  6D  31  20  00  03  00  00  00  FD  AB  00  00  79  C0  
FF  FF  6C  08  01  00  D8  34  08  00  80  4F  06  00  C1  F8  6F  FF  97  62  07  00  6D  32  24  
00  03  00  00  00  A6  F8  0B  00  90  08  CD  7B  01  00  00  00  6F  0C  1B  8D  05  00  00  00  
FD  FF  FF  FF  06  00  00  00  03  00  00  00  6D  33  10  00  03  00  00  00  E3  07  02  19  12  
29  35  00  01  00  12  00  6D  34  14  00  03  00  00  00  05  35  03  00  39  38  FF  FF  77  27  
04  00  F4  D1  07  00  6D  35  0C  00  03  00  00  00  21  8D  01  00  BE  12  07  00  41  53  F2  
29  47  4E  00  00  F9  84  02  00  00  00  00  00  00  00  28  01  6D  15  14  00  02  01  00  00  
03  04  03  00  00  00  00  00  00  00  00  00  00  00  00  00  6D  16  10  00  03  00  00  00  00  
E3  07  02  19  12  29  35  00  F5  02  00  00  6D  21  1C  00  03  00  00  00  BB  FE  FF  FF  33  
00  00  00  BC  FF  FF  FF  E1  FF  FF  FF  E2  FF  FF  FF  4B  00  00  00  6D  22  10  00  03  00  
00  00  3B  FE  FF  FF  26  02  00  00  C1  00  06  00  00  6D  23  14  00  03  00  00  00  88  BC  
AE  76  65  D0  07  FD  DA  B5  07  03  C6  D8  5B  0A  6D  24  24  00  02  00  00  00  00  00  00  
00  00  00  00  00  00  00  00  00  00  00  00  00  00  00  00  00  00  00  00  00  00  00  00  00  
00  00  00  00  00  6D  31  20  00  03  00  00  00  18  EB  FF  FF  91  9B  FF  FF  7E  EF  00  00  
92  7C  07  00  F7  0D  06  00  A1  88  70  FF  B7  61  07  00  6D  32  24  00  03  00  00  00  A6  
F8  0B  00  90  08  CD  7B  01  00  00  00  6F  00  0C  1B  8D  05  00  00  00  FD  FF  FF  FF  06  
00  00  00  03  00  00  00  6D  33  10  00  03  00  00  00  E3  07  02  19  12  29  35  00  01  00  
12  00  6D  34  14  00  03  00  00  00  1B  58  03  00  C8  65  FF  FF  FF  3E  04  00  40  EF  07  
00  6D  35  0C  00  03  00  00  F6  47  4E  00  00  FA  84  02  00  00  00  00  00  00  00  28  01  
6D  15  14  00  02  01  00  00  03  04  03  00  00  00  00  00  00  00  00  00  00  00  00  00  6D  
16  10  00  03  00  00  00  E3  07  02  19  12  29  35  00  FF  02  00  00  6D  21  1C  00  03  00  
00  00  9E  FF  FF  FF  0C  00  00  00  F1  FF  FF  FF  00  00  00  00  1F  00  00  00  34  00  00  
00  6D  22  10  00  03  00  00  00  3B  FE  FF  FF  26  02  00  00  C1  06  00  00  6D  23  14  00  
03  00  00  00  70  BB  AE  76  B7  A3  07  FD  73  B9  07  03  70  D7  5B  0A  6D  24  24  00  02  
00  00  00  00  00  00  00  00  00  00  00  00  00  00  00  00  00  00  00  00  00  00  00  00  00  
00  00  00  00  00  00  00  00  00  00  6D  31  20  00  03  00  00  00  C8  43  00  00  42  8C  FF  
FF  F9  03  01  00  59  F5  07  00  C7  00  07  00  C4  2D  70  FF  DC  61  07  00  6D  32  24  00  
03  00  00  00  A8  F6  0B  00  A2  08  CD  7B  01  00  00  00  81  0C  1B  8D  05  00  00  00  05  
00  00  00  04  00  00  00  03  00  00  00  6D  33  10  00  03  00  00  00  E3  07  02  19  12  29  
35  00  01  00  12  00  6D  34  14  00  03  00  00  00  C4  57  03  00  A5  47  FF  FF  00  3F  04  
00  D8  29  08  00  6D  35  0C  00  03  00  00  00  26  8D  01  00  BE  12  07  00  41  53  F8  61  
47  4E  00  00  FB  84  02  00  00  00  00  00  00  00  28  01  6D  15  14  00  02  01  00  00  03  
04  03  00  00  00  00  00  00  00  00  00  00  00  00  00  6D  16  10  00  03  00  00  00  00  E3  
07  02  19  12  29  35  00  09  03  00  00  6D  21  1C  00  03  00  00  00  55  02  00  00  BB  00  
00  00  4B  00  00  00  0B  00  00  00  E4  FF  FF  FF  4D  00  00  00  6D  22  10  00  03  00  00  
00  3C  FE  FF  FF  26  02  00  00  C1  00  06  00  00  6D  23  14  00  03  00  00  00  48  BC  AE  
76  7C  80  08  FD  89  19  08  03  EF  F0  5B  0A  6D  24  24  00  02  00  00  00  00  00  00  00  
00  00  00  00  00  00  00  00  00  00  00  00  00  00  00  00  00  00  00  00  00  00  00  00  00  
00  00  00  00  6D  31  20  00  03  00  00  00  76  53  01  00  2D  D0  FF  FF  FA  26  01  00  6E  
22  08  00  E1  15  06  00  7D  8F  70  FF  ED  60  07  00  6D  32  24  00  03  00  00  00  A8  F6  
0B  00  A2  08  CD  7B  01  00  00  00  81  00  0C  1B  8D  05  00  00  00  05  00  00  00  04  00  
00  00  03  00  00  00  6D  33  10  00  03  00  00  00  E3  07  02  19  12  29  35  00  01  00  12  
00  6D  34  14  00  03  00  00  00  B2  57  03  00  B0  47  FF  FF  D0  46  04  00  C8  02  08  00  
6D  35  0C  00  03  00  00  4D  47  4E  00  00  FC  84  02  00  00  00  00  00  00  00  28  01  6D  
15  14  00  02  01  00  00  03  04  03  00  00  00  00  00  00  00  00  00  00  00  00  00  6D  16  
10  00  03  00  00  00  E3  07  02  19  12  29  35  00  13  03  00  00  6D  21  1C  00  03  00  00  
00  0C  FF  FF  FF  7A  FF  FF  FF  7B  FF  FF  FF  03  00  00  00  1D  00  00  00  4E  00  00  00  
6D  22  10  00  03  00  00  00  3C  FE  FF  FF  26  02  00  00  C1  06  00  00  6D  23  14  00  03  
00  00  00  2D  BF  AE  76  10  1F  08  FD  8A  DE  07  03  18  C5  5B  0A  6D  24  24  00  02  00  
00  00  00  00  00  00  00  00  00  00  00  00  00  00  00  00  00  00  00  00  00  00  00  00  00  
00  00  00  00  00  00  00  00  00  6D  31  20  00  03  00  00  00  D6  0A  00  00  EB  52  FF  FF  
7D  D5  00  00  FA  02  08  00  95  F7  06  00  E2  93  70  FF  A0  61  07  00  6D  32  24  00  03  
00  00  00  A8  F6  0B  00  A2  08  CD  7B  01  00  00  00  81  0C  1B  8D  05  00  00  00  05  00  
00  00  04  00  00  00  03  00  00  00  6D  33  10  00  03  00  00  00  E3  07  02  19  12  29  35  
00  01  00  12  00  6D  34  14  00  03  00  00  00  D5  4F  03  00  8C  38  FF  FF  E3  42  04  00  
BF  C5  07  00  6D  35  0C  00  03  00  00  00  25  8D  01  00  41  12  07  00  41  53  34  98  47  
4E  00  00  FD  84  02  00  00  00  00  00  00  00  28  01  6D  15  14  00  02  01  00  00  03  04  
03  00  00  00  00  00  00  00  00  00  00  00  00  00  6D  16  10  00  03  00  00  00  00  E3  07  
02  19  12  29  35  00  1D  03  00  00  6D  21  1C  00  03  00  00  00  14  01  00  00  BB  00  00  
00  FD  FF  FF  FF  F6  FF  FF  FF  F5  FF  FF  FF  42  00  00  00  6D  22  10  00  03  00  00  00  
3C  FE  FF  FF  26  02  00  00  C1  00  06  00  00  6D  23  14  00  03  00  00  00  7B  BF  AE  76  
29  7D  08  FD  2B  33  08  03  CE  C3  5B  0A  6D  24  24  00  02  00  00  00  00  00  00  00  00  
00  00  00  00  00  00  00  00  00  00  00  00  00  00  00  00  00  00  00  00  00  00  00  00  00  
00  00  00  6D  31  20  00  03  00  00  00  B0  D5  00  00  22  D0  FF  FF  26  08  01  00  F3  CF  
07  00  64  58  06  00  81  63  70  FF  C4  62  07  00  6D  32  24  00  03  00  00  00  A8  F6  0B  
00  A2  08  CD  7B  01  00  00  00  81  00  0C  1B  8D  05  00  00  00  05  00  00  00  04  00  00  
00  03  00  00  00  6D  33  10  00  03  00  00  00  E3  07  02  19  12  29  35  00  01  00  12  00  
6D  34  14  00  03  00  00  00  72  38  03  00  00  0B  FF  FF  AC  1F  04  00  D4  83  07  00  6D  
35  0C  00  03  00  00  20  47  4E  00  00  FE  84  02  00  00  00  00  00  00  00  28  01  6D  15  
14  00  02  01  00  00  03  04  03  00  00  00  00  00  00  00  00  00  00  00  00  00  6D  16  10  
00  03  00  00  00  E3  07  02  19  12  00  29  35  00  27  03  00  00  6D  21  1C  00  03  00  00  
00  FE  FE  FF  FF  46  FF  FF  FF  6D  00  00  00  F5  FF  FF  FF  02  00  00  00  52  00  00  00  
6D  22  10  00  03  00  00  00  3C  FE  FF  FF  26  02  00  00  C1  06  00  00  6D  23  14  00  00  
03  00  00  00  98  BA  AE  76  4E  1A  08  FD  5C  E5  07  03  3D  F6  5B  0A  6D  24  24  00  02  
00  00  00  00  00  00  00  00  00  00  00  00  00  00  00  00  00  00  00  00  00  00  00  00  00  
00  00  00  00  00  00  00  00  00  00  6D  00  31  20  00  03  00  00  00  08  05  00  00  49  3E  
FF  FF  8D  33  01  00  5D  CB  07  00  33  8C  06  00  F5  A1  70  FF  8A  61  07  00  6D  32  24  
00  03  00  00  00  A8  F6  0B  00  A2  08  CD  7B  01  00  00  00  81  0C  1B  8D  05  00  00  00  
00  05  00  00  00  04  00  00  00  03  00  00  00  6D  33  10  00  03  00  00  00  E3  07  02  19  
12  29  35  00  01  00  12  00  6D  34  14  00  03  00  00  00  A0  48  03  00  88  56  FF  FF  54  
2F  04  00  F4  D1  07  00  6D  35  0C  00  03  00  00  00  21  8D  01  00  5A  DA  47  4E  00  00  
13  85  02  00  00  00  00  00  00  00  28  01  6D  15  14  00  02  01  00  00  03  04  03  00  00  
00  00  00  00  00  00  00  00  00  00  00  6D  16  10  00  03  00  00  00  E3  07  02  19  12  29  
36  00  11  00  00  00  6D  21  1C  00  03  00  00  00  9E  00  00  00  F1  FF  FF  FF  2C  00  00  
00  FB  FF  FF  FF  F2  FF  FF  FF  2E  00  00  00  6D  22  10  00  03  00  00  00  3A  FE  FF  FF  
26  02  00  00  C1  06  00  00  6D  23  14  00  03  00  00  00  A6  9F  AE  76  AB  BE  05  FD  B5  
A8  08  03  89  44  5C  0A  6D  24  24  00  02  00  00  00  00  00  00  00  00  00  00  00  00  00  
00  00  00  00  00  00  00  00  00  00  00  00  00  00  00  00  00  00  00  00  00  00  6D  31  20  
00  03  00  00  00  EC  A6  00  00  20  82  FF  FF  60  18  01  00  A5  E5  07  00  22  54  06  00  
85  14  70  FF  11  62  07  00  6D  32  24  00  03  00  00  00  FC  F2  0B  00  90  08  CD  7B  01  
00  00  00  C7  0C  1B  8D  05  00  00  00  FE  FF  FF  FF  06  00  00  00  02  00  00  00  6D  33  
10  00  03  00  00  00  E3  07  02  19  12  29  35  00  01  00  12  00  6D  34  14  00  03  00  00  
00  EE  4F  03  00  E8  30  FF  FF  5D  2F  04  00  5C  97  07  00  6D  35  0C  00  03  00  00  00  
00  25  8D  01  00  73  12  07  00  41  53  F0  28  47  4E  00  00  14  85  02  00  00  00  00  00  
00  00  28  01  6D  15  14  00  02  01  00  00  03  04  03  00  00  00  00  00  00  00  00  00  00  
00  00  00  6D  16  10  00  03  00  00  00  00  E3  07  02  19  12  29  36  00  1B  00  00  00  6D  
21  1C  00  03  00  00  00  FC  00  00  00  18  00  00  00  1E  00  00  00  0A  00  00  00  E5  FF  
FF  FF  40  00  00  00  6D  22  10  00  03  00  00  00  3A  FE  FF  FF  26  02  00  00  C1  00  06  
00  00  6D  23  14  00  03  00  00  00  67  A0  AE  76  D8  1C  06  FD  C9  BD  08  03  CC  50  5C  
0A  6D  24  24  00  02  00  00  00  00  00  00  00  00  00  00  00  00  00  00  00  00  00  00  00  
00  00  00  00  00  00  00  00  00  00  00  00  00  00  00  00  00  6D  31  20  00  03  00  00  00  
C6  CB  00  00  A9  91  FF  FF  FF  12  01  00  34  20  08  00  1A  1F  06  00  73  5C  70  FF  30  
61  07  00  6D  32  24  00  03  00  00  00  FC  F2  0B  00  90  08  CD  7B  01  00  00  00  C7  0C  
1B  8D  05  00  00  00  FE  63  47  4E  00  00  15  85  02  00  00  00  00  00  00  00  28  01  6D  
15  14  00  02  01  00  00  03  04  03  00  00  00  00  00  00  00  00  00  00  00  00  00  6D  16  
10  00  03  00  00  00  E3  07  02  19  12  29  36  00  25  00  00  00  6D  21  1C  00  03  00  00  
00  5C  00  00  00  B1  FE  FF  FF  EA  FF  FF  FF  E6  FF  FF  FF  0F  00  00  00  48  00  00  00  
6D  22  10  00  03  00  00  00  3A  FE  FF  FF  26  02  00  00  C1  06  00  00  6D  23  14  00  03  
00  00  00  00  A5  AE  76  F3  47  06  FD  91  40  08  03  22  4D  5C  0A  6D  24  24  00  02  00  
00  00  00  00  00  00  00  00  00  00  00  00  00  00  00  00  00  00  00  00  00  00  00  00  00  
00  00  00  00  00  00  00  00  00  6D  31  20  00  03  00  00  00  16  8D  00  00  92  05  FF  FF  
CD  FE  00  00  9A  90  07  00  85  C3  06  00  D9  7C  70  FF  81  62  07  00  6D  32  24  00  03  
00  00  00  FC  F2  0B  00  90  08  CD  7B  01  00  00  00  C7  0C  1B  8D  05  00  00  00  FE  FF  
FF  FF  06  00  00  00  02  00  00  00  6D  33  10  00  03  00  00  00  E3  07  02  19  12  29  35  
00  01  00  12  00  6D  34  14  00  03  00  00  00  1C  86  03  00  17  57  FF  FF  C8  4E  04  00  
04  F9  07  00  6D  35  0C  00  03  00  00  00  00  28  8D  01  00  BE  12  07  00  41  53  7E  F4  
47  4E  00  00  16  85  02  00  02  01  01  01  00  00  28  01  6D  15  14  00  02  01  00  00  03  
04  03  00  00  00  00  00  00  00  00  00  00  00  00  00  6D  16  10  00  03  00  00  00  00  E3  
07  02  19  12  29  36  00  2F  00  00  00  6D  21  1C  00  03  00  00  00  74  01  00  00  90  00  
00  00  2A  00  00  00  0C  00  00  00  E8  FF  FF  FF  45  00  00  00  6D  22  10  00  03  00  00  
00  3B  FE  FF  FF  26  02  00  00  C1  00  06  00  00  6D  23  14  00  03  00  00  00  65  A5  AE  
76  77  D0  06  FD  B1  87  08  03  01  5B  5C  0A  6D  24  24  00  02  00  00  00  00  00  00  00  
00  00  00  00  00  00  00  00  00  00  00  00  00  00  00  00  00  00  00  00  00  00  00  00  00  
00  00  00  00  6D  31  20  00  03  00  00  00  8C  FA  00  00  80  C0  FF  FF  C7  17  01  00  DF  
26  08  00  97  2A  06  00  0C  6F  70  FF  99  61  07  00  6D  32  24  00  03  00  00  00  FC  F2  
0B  00  90  08  CD  7B  01  00  00  00  C7  0C  1B  8D  05  00  00  00  FE  C2  47  4E  00  00  17  
85  02  00  00  00  00  00  00  00  28  01  6D  15  14  00  02  01  00  00  03  04  03  00  00  00  
00  00  00  00  00  00  00  00  00  00  6D  16  10  00  03  00  00  00  E3  07  02  19  12  29  36  
00  39  00  00  00  6D  21  1C  00  03  00  00  00  28  FF  FF  FF  0A  00  00  00  B5  FF  FF  FF  
0F  00  00  00  FD  FF  FF  FF  52  00  00  00  6D  22  10  00  03  00  00  00  3B  FE  FF  FF  26  
02  00  00  C1  06  00  00  6D  23  14  00  03  00  00  00  4A  A5  AE  76  FB  77  06  FD  6B  86  
08  03  34  43  5C  0A  6D  24  24  00  02  00  00  00  00  00  00  00  00  00  00  00  00  00  00  
00  00  00  00  00  00  00  00  00  00  00  00  00  00  00  00  00  00  00  00  00  6D  31  20  00  
03  00  00  00  96  14  00  00  40  8C  FF  FF  FF  E9  00  00  4B  31  08  00  DC  7D  06  00  84  
A4  70  FF  17  63  07  00  6D  32  24  00  03  00  00  00  FC  F2  0B  00  90  08  CD  7B  01  00  
00  00  C7  0C  1B  8D  05  00  00  00  FE  FF  FF  FF  06  00  00  00  02  00  00  00  6D  33  10  
00  03  00  00  00  E3  07  02  19  12  29  35  00  01  00  12  00  6D  34  14  00  03  00  00  00  
7E  57  03  00  76  29  FF  FF  32  37  04  00  40  EF  07  00  6D  35  0C  00  03  00  00  00  00  
2A  8D  01  00  8C  12  07  00  41  53  5E  D3  47  4E  00  00  18  85  02  00  00  00  00  00  00  
00  28  01  6D  15  14  00  02  01  00  00  03  04  03  00  00  00  00  00  00  00  00  00  00  00  
00  00  6D  16  10  00  03  00  00  00  E3  07  02  19  12  29  36  00  43  00  00  00  6D  21  1C  
00  03  00  00  00  C8  FF  FF  FF  C4  00  00  00  A7  FF  FF  FF  FD  FF  FF  FF  08  00  00  00  
15  00  00  00  6D  22  10  00  03  00  00  00  3A  FE  FF  FF  27  02  00  00  C1  06  00  00  6D  
23  14  00  03  00  00  00  5C  A5  AE  76  29  57  06  FD  F0  D2  08  03  91  22  5C  0A  6D  24  
24  00  02  00  00  00  00  00  00  00  00  00  00  00  00  00  00  00  00  00  00  00  00  00  00  
00  00  00  00  00  00  00  00  00  00  00  00  00  6D  31  20  00  03  00  00  00  56  53  00  00  
F1  D4  FF  FF  45  E4  00  00  91  EC  07  00  E0  A7  06  00  4D  B5  6F  FF  90  62  07  00  6D  
32  24  00  03  00  00  00  54  F0  0B  00  90  08  CD  7B  01  00  00  00  B5  0C  1B  8D  05  00  
00  00  04  35  0C  00  03  00  00  00  2A  8D  01  00  8C  12  07  00  41  53  37  A0  47  4E  00  
00  19  85  02  00  64  00  00  00  00  00  28  01  6D  15  14  00  02  01  00  00  03  04  03  00  
00  00  00  00  00  00  00  00  00  00  00  00  6D  16  10  00  03  00  00  00  E3  07  02  19  12  
29  36  00  4D  00  00  00  6D  21  1C  00  03  00  00  00  89  FE  FF  FF  F8  00  00  00  80  FF  
FF  FF  FA  FF  FF  FF  CD  FF  FF  FF  35  00  00  00  6D  22  10  00  03  00  00  00  3A  FE  FF  
FF  27  02  00  00  C1  06  00  00  6D  23  14  00  03  00  00  00  15  A3  AE  76  09  B9  05  FD  
E4  28  09  03  03  F6  5B  0A  6D  24  24  00  02  00  00  00  00  00  00  00  00  00  00  00  00  
00  00  00  00  00  00  00  00  00  00  00  00  00  00  00  00  00  00  00  00  00  00  00  6D  31  
20  00  03  00  00  00  43  D6  FF  FF  38  E9  FF  FF  44  D5  00  00  AB  E1  07  00  8D  C1  05  
00  82  30  70  FF  64  61  07  00  6D  32  24  00  03  00  00  00  54  F0  0B  00  90  08  CD  7B  
01  00  00  00  B5  0C  1B  8D  05  00  00  00  04  00  00  00  01  00  00  00  03  00  00  00  6D  
33  10  00  03  00  00  00  E3  07  02  19  12  29  36  00  01  00  12  00  6D  34  14  00  03  00  
00  00  12  67  03  00  00  D4  47  FF  FF  AD  4E  04  00  04  F9  07  00  6D  35  0C  00  03  00  
00  00  27  8D  01  00  8C  12  07  00  41  53  8E  A3  47  4E  00  00  1A  85  02  00  00  00  00  
00  00  00  28  01  6D  15  14  00  02  01  00  00  03  04  03  00  00  00  00  00  00  00  00  00  
00  00  00  00  6D  16  10  00  03  00  00  00  E3  07  02  19  12  29  36  00  57  00  00  00  6D  
21  1C  00  03  00  00  00  F3  FE  FF  FF  67  00  00  00  F9  FF  FF  FF  01  00  00  00  07  00  
00  00  31  00  00  00  6D  22  10  00  03  00  00  00  3A  FE  FF  FF  27  02  00  00  C1  06  00  
00  6D  23  14  00  03  00  00  00  48  9F  AE  76  63  4B  05  FD  C9  4A  09  03  1E  F8  5B  0A  
6D  24  24  00  02  00  00  00  00  00  00  00  00  00  00  00  00  00  00  00  00  00  00  00  00  
00  00  00  00  00  00  00  00  00  00  00  00  00  00  00  6D  31  20  00  03  00  00  00  BA  FF  
FF  FF  71  B0  FF  FF  36  04  01  00  F8  FE  07  00  23  A8  06  00  FF  1F  70  FF  09  62  07  
00  6D  32  24  00  03  00  00  00  54  F0  0B  02  19  12  29  36  00  01  00  12  00  6D  34  14  
00  03  00  00  00  3D  50  03  00  DB  52  FF  FF  2B  37  04  00  BF  C5  07  00  6D  35  0C  00  
03  00  00  00  24  8D  01  00  41  12  07  00  41  53  5A  FD  47  4E  00  00  1B  85  02  00  02  
01  00  00  00  00  28  01  6D  15  14  00  02  01  00  00  03  04  03  00  00  00  00  00  00  00  
00  00  00  00  00  00  6D  16  10  00  03  00  00  00  E3  07  02  19  12  29  36  00  61  00  00  
00  6D  21  1C  00  03  00  00  00  0E  FF  FF  FF  9C  00  00  00  A9  FF  FF  FF  F1  FF  FF  FF  
EF  FF  FF  FF  47  00  00  00  6D  22  10  00  03  00  00  00  3A  FE  FF  FF  27  02  00  00  C1  
06  00  00  6D  23  14  00  03  00  00  00  FB  9D  AE  76  55  E5  04  FD  EF  80  09  03  C6  D9  
5B  0A  6D  24  24  00  02  00  00  00  00  00  00  00  00  00  00  00  00  00  00  00  00  00  00  
00  00  00  00  00  00  00  00  00  00  00  00  00  00  00  00  00  6D  31  20  00  03  00  00  00  
67  0A  00  00  1C  C5  FF  FF  BE  E4  00  00  AE  BD  07  00  C1  4A  06  00  FD  75  70  FF  D5  
61  07  00  6D  32  24  00  03  00  00  00  54  F0  0B  00  90  08  CD  7B  01  00  00  00  B5  0C  
1B  8D  05  00  00  00  04  00  00  00  01  00  00  00  03  00  00  00  6D  33  10  00  03  00  00  
00  E3  07  02  19  12  29  36  00  01  00  12  00  6D  34  14  00  03  00  00  00  5F  48  03  00  
ED  3F  FF  FF  55  2F  04  00  A8  B4  07  00  6D  35  0C  00  03  00  00  00  26  8D  01  00  8C  
12  07  00  41  53  BA  92  47  4E  00  00  1C  85  02  00  03  04  03  00  00  00  28  01  6D  15  
14  00  02  01  00  00  03  04  03  00  00  00  00  00  00  00  00  00  00  00  00  00  6D  16  10  
00  03  00  00  00  E3  07  02  19  12  29  36  00  6B  00  00  00  6D  21  1C  00  03  00  00  00  
45  FE  FF  FF  31  00  00  00  E0  FF  FF  FF  F6  FF  FF  FF  FA  FF  FF  FF  52  00  00  00  6D  
22  10  00  03  00  00  00  39  FE  FF  FF  27  02  00  00  C1  06  00  00  6D  23  14  00  03  00  
00  00  03  9A  AE  76  B7  35  04  FD  D3  86  09  03  F2  D2  5B  0A  6D  24  24  00  02  00  00  
00  00  00  00  00  00  00  00  00  00  00  00  00  00  00  00  00  00  00  00  00  00  00  00  00  
00  00  00  00  00  00  00  00  6D  31  20  00  03  00  00  00  BF  BB  FF  FF  92  9B  FF  FF  1B  
FA  00  00  E9  D1  07  00  12  79  06  00  70  A4  70  FF  9F  62  07  00  6D  32  24  00  03  00  
00  00  54  F0  0B  00  90  08  CD  7B  01  00  00  00  B5  0C  1B  8D  05  00  00  00  04  00  00  
00  01  00  00  00  03  00  19  12  29  36  00  01  00  12  00  6D  34  14  00  03  00  00  00  CD  
3C  03  00  0B  3C  FF  FF  7D  27  04  00  7A  92  07  00  6D  35  0C  00  03  00  00  00  2A  8D  
01  00  8C  12  07  00  41  53  5E  CE  47  4E  00  00  1D  85  02  00  00  00  00  00  00  00  28  
01  6D  15  14  00  02  01  00  00  03  04  03  00  00  00  00  00  00  00  00  00  00  00  00  00  
6D  16  10  00  03  00  00  00  E3  07  02  19  12  29  36  00  75  00  00  00  6D  21  1C  00  03  
00  00  00  A1  FF  FF  FF  4D  00  00  00  06  00  00  00  FD  FF  FF  FF  F7  FF  FF  FF  36  00  
00  00  6D  22  10  00  03  00  00  00  39  FE  FF  FF  27  02  00  00  C1  06  00  00  6D  23  14  
00  03  00  00  00  DD  97  AE  76  9F  0C  04  FD  73  A3  09  03  5F  D7  5B  0A  6D  24  24  00  
02  00  00  00  00  00  00  00  00  00  00  00  00  00  00  00  00  00  00  00  00  00  00  00  00  
00  00  00  00  00  00  00  00  00  00  00  6D  31  20  00  03  00  00  00  88  43  00  00  41  A6  
FF  FF  0B  09  01  00  89  EE  07  00  96  6D  06  00  08  35  70  FF  88  62  07  00  6D  32  24  
00  03  00  00  00  54  F0  0B  00  90  08  CD  7B  01  00  00  00  B5  0C  1B  8D  05  00  00  00  
04  00  00  00  01  00  00  00  03  00  00  00  6D  33  10  00  03  00  00  00  E3  07  02  19  12  
29  36  00  01  00  12  00  6D  34  14  00  03  00  00  00  DC  1A  03  00  34  74  FF  FF  F6  0F  
04  00  F0  2B  07  00  6D  35  0C  00  03  00  00  00  25  8D  01  00  41  12  07  00  41  53  BD  
2D  47  4E  00  00  1E  85  02  00  00  00  00  00  00  00  28  01  6D  15  14  00  02  01  00  00  
03  04  03  00  00  00  00  00  00  00  00  00  00  00  00  00  6D  16  10  00  03  00  00  00  E3  
07  02  19  12  29  36  00  7F  00  00  00  6D  21  1C  00  03  00  00  00  FB  00  00  00  33  00  
00  00  98  00  00  00  0F  00  00  00  F1  FF  FF  FF  48  00  00  00  6D  22  10  00  03  00  00  
00  39  FE  FF  FF  27  02  00  00  C1  06  00  00  6D  23  14  00  03  00  00  00  5D  94  AE  76  
ED  6C  04  FD  C5  C3  09  03  B0  11  5C  0A  6D  24  24  00  02  00  00  00  00  00  00  00  00  
00  00  00  00  00  00  00  00  00  00  00  00  00  00  00  00  00  00  00  00  00  00  00  00  00  
00  00  6D  31  20  00  03  00  00  00  F3  CA  00  00  56  9C  FF  FF  D9  41  01  00  5E  36  08  
00  02  54  06  00  16  7D  70  FF  EA  62  07  00  6D  32  24  00  03  00  00  00  54  F0  0B  00  
90  08  CD  7B  01  00  00  00  B5  0C  1B  8D  05  00  00  00  04  00  00  00  01  00  00  00  03  
00  00  02  19  12  29  36  00  01  00  12  00  6D  34  14  00  03  00  00  00  4F  48  03  00  8C  
47  FF  FF  F5  3E  04  00  81  7C  07  00  6D  35  0C  00  03  00  00  00  2A  8D  01  00  5A  12  
07  00  41  53  AF  3C  47  4E  00  00  1F  85  02  00  00  00  00  00  00  00  28  01  6D  15  14  
00  02  01  00  00  03  04  03  00  00  00  00  00  00  00  00  00  00  00  00  00  6D  16  10  00  
03  00  00  00  E3  07  02  19  12  29  36  00  89  00  00  00  6D  21  1C  00  03  00  00  00  6E  
FE  FF  FF  59  00  00  00  B9  FF  FF  FF  ED  FF  FF  FF  23  00  00  00  32  00  00  00  6D  22  
10  00  03  00  00  00  39  FE  FF  FF  27  02  00  00  C1  06  00  00  6D  23  14  00  03  00  00  
00  B0  91  AE  76  AC  CB  03  FD  6D  DA  09  03  46  FB  5B  0A  6D  24  24  00  02  00  00  00  
00  00  00  00  00  00  00  00  00  00  00  00  00  00  00  00  00  00  00  00  00  00  00  00  00  
00  00  00  00  00  00  00  6D  31  20  00  03  00  00  00  D4  CB  FF  FF  07  AB  FF  FF  6A  EA  
00  00  DE  B1  07  00  0F  18  07  00  B1  26  70  FF  64  61  07  00  6D  32  24  00  03  00  00  
00  54  F0  0B  00  90  08  CD  7B  01  00  00  00  B5  0C  1B  8D  05  00  00  00  04  00  00  00  
01  00  00  00  03  00  00  00  6D  33  10  00  03  00  00  00  E3  07  02  19  12  29  36  00  01  
00  12  00  6D  34  14  00  03  00  00  00  71  57  03  00  15  31  FF  FF  D0  46  04  00  6C  BE  
07  00  6D  35  0C  00  03  00  00  00  27  8D  01  00  DD  11  07  00  41  53  D5  44  47  4E  00  
00  20  85  02  00  14  00  00  00  00  00  28  01  6D  15  14  00  02  01  00  00  03  04  03  00  
00  00  00  00  00  00  00  00  00  00  00  00  6D  16  10  00  03  00  00  00  E3  07  02  19  12  
29  36  00  93  00  00  00  6D  21  1C  00  03  00  00  00  EE  00  00  00  DF  00  00  00  7E  00  
00  00  FE  FF  FF  FF  FE  FF  FF  FF  38  00  00  00  6D  22  10  00  03  00  00  00  39  FE  FF  
FF  28  02  00  00  C1  06  00  00  6D  23  14  00  03  00  00  00  3D  8D  AE  76  92  1F  04  FD  
A7  3C  0A  03  9C  29  5C  0A  6D  24  24  00  02  00  00  00  00  00  00  00  00  00  00  00  00  
00  00  00  00  00  00  00  00  00  00  00  00  00  00  00  00  00  00  00  00  00  00  00  6D  31  
20  00  03  00  00  00  EF  C5  00  00  9A  DF  FF  FF  38  37  01  00  5E  F3  07  00  39  85  06  
00  E1  3B  70  FF  DC  61  07  00  6D  32  24  00  03  00  00  00  54  F0  0B  00  90  08  CD  7B  
01  00  00  00  B5  0C  1B  8D  05  00  00  00  04  00  00  00  01  00  00  00  03  00  07  02  19  
12  29  36  00  01  00  12  00  6D  34  14  00  03  00  00  00  91  53  03  00  7B  29  FF  FF  FD  
3E  04  00  D6  D6  07  00  6D  35  0C  00  03  00  00  00  27  8D  01  00  A5  12  07  00  41  53  
4A  15  47  4E  00  00  21  85  02  00  3D  87  01  00  00  00  28  01  6D  15  14  00  02  01  00  
00  03  04  03  00  00  00  00  00  00  00  00  00  00  00  00  00  6D  16  10  00  03  00  00  00  
E3  07  02  19  12  29  36  00  9D  00  00  00  6D  21  1C  00  03  00  00  00  33  01  00  00  C8  
FF  FF  FF  F9  FF  FF  FF  FC  FF  FF  FF  01  00  00  00  3E  00  00  00  6D  22  10  00  03  00  
00  00  39  FE  FF  FF  28  02  00  00  C1  06  00  00  6D  23  14  00  03  00  00  00  B4  90  AE  
76  93  96  04  FD  E1  33  0A  03  C0  26  5C  0A  6D  24  24  00  02  00  00  00  00  00  00  00  
00  00  00  00  00  00  00  00  00  00  00  00  00  00  00  00  00  00  00  00  00  00  00  00  00  
00  00  00  6D  31  20  00  03  00  00  00  A3  E0  00  00  A3  72  FF  FF  45  03  01  00  8D  EE  
07  00  DA  90  06  00  63  55  70  FF  D5  61  07  00  6D  32  24  00  03  00  00  00  54  F0  0B  
00  90  08  CD  7B  01  00  00  00  B5  0C  1B  8D  05  00  00  00  04  00  00  00  01  00  00  00  
03  00  00  00  6D  33  10  00  03  00  00  00  E3  07  02  19  12  29  36  00  01  00  12  00  6D  
34  14  00  03  00  00  00  FA  47  03  00  68  29  FF  FF  F3  3E  04  00  E4  AA  07  00  6D  35  
0C  00  03  00  00  00  25  8D  01  00  F0  12  07  00  41  53  F5  C6  47  4E  00  00  22  85  02  
00  01  16  01  60  00  00  28  01  6D  15  14  00  02  01  00  00  03  04  03  00  00  00  00  00  
00  00  00  00  00  00  00  00  6D  16  10  00  03  00  00  00  E3  07  02  19  12  29  36  00  A7  
00  00  00  6D  21  1C  00  03  00  00  00  E6  FE  FF  FF  67  00  00  00  B8  FF  FF  FF  F8  FF  
FF  FF  0C  00  00  00  2C  00  00  00  6D  22  10  00  03  00  00  00  39  FE  FF  FF  28  02  00  
00  C1  06  00  00  6D  23  14  00  03  00  00  00  17  8F  AE  76  3F  22  04  FD  52  53  0A  03  
82  0E  5C  0A  6D  24  24  00  02  00  00  00  00  00  00  00  00  00  00  00  00  00  00  00  00  
00  00  00  00  00  00  00  00  00  00  00  00  00  00  00  00  00  00  00  6D  31  20  00  03  00  
00  00  A7  FA  FF  FF  5D  B0  FF  FF  15  EA  00  00  52  DE  07  00  00  BD  06  00  65  0D  70  
FF  11  62  07  00  6D  32  24  00  03  00  00  00  BE  EF  0B  00  7F  08  CD  7B  01  00  00  00  
B5  0C  1B  8D  05  00  00  00  FC  FF  FF  FF  00  00  00  00  02  07  02  19  12  29  36  00  01  
00  12  00  6D  34  14  00  03  00  00  00  C9  30  03  00  42  29  FF  FF  DF  3E  04  00  EB  94  
07  00  6D  35  0C  00  03  00  00  00  27  8D  01  00  5A  12  07  00  41  53  7B  11  47  4E  00  
00  23  85  02  00  2A  00  00  00  00  00  28  01  6D  15  14  00  02  01  00  00  03  04  03  00  
00  00  00  00  00  00  00  00  00  00  00  00  6D  16  10  00  03  00  00  00  E3  07  02  19  12  
29  36  00  B1  00  00  00  6D  21  1C  00  03  00  00  00  0E  FF  FF  FF  74  00  00  00  C6  FF  
FF  FF  07  00  00  00  FD  FF  FF  FF  67  00  00  00  6D  22  10  00  03  00  00  00  39  FE  FF  
FF  28  02  00  00  C1  06  00  00  6D  23  14  00  03  00  00  00  43  8D  AE  76  15  BD  03  FD  
97  79  0A  03  13  FB  5B  0A  6D  24  24  00  02  00  00  00  00  00  00  00  00  00  00  00  00  
00  00  00  00  00  00  00  00  00  00  00  00  00  00  00  00  00  00  00  00  00  00  00  6D  31  
20  00  03  00  00  00  4D  0A  00  00  9F  B5  FF  FF  3B  EF  00  00  C3  17  08  00  EE  82  06  
00  98  F5  70  FF  F3  61  07  00  6D  32  24  00  03  00  00  00  BE  EF  0B  00  7F  08  CD  7B  
01  00  00  00  B5  0C  1B  8D  05  00  00  00  FC  FF  FF  FF  00  00  00  00  02  00  00  00  6D  
33  10  00  03  00  00  00  E3  07  02  19  12  29  36  00  01  00  12  00  6D  34  14  00  03  00  
00  00  26  38  03  00  F1  21  FF  FF  2A  5E  04  00  6C  BE  07  00  6D  35  0C  00  03  00  00  
00  26  8D  01  00  A5  12  07  00  41  53  37  06  47  4E  00  00  24  85  02  00  10  05  00  00  
00  00  28  01  6D  15  14  00  02  01  00  00  03  04  03  00  00  00  00  00  00  00  00  00  00  
00  00  00  6D  16  10  00  03  00  00  00  E3  07  02  19  12  29  36  00  BB  00  00  00  6D  21  
1C  00  03  00  00  00  42  00  00  00  78  FF  FF  FF  08  00  00  00  EA  FF  FF  FF  1B  00  00  
00  59  00  00  00  6D  22  10  00  03  00  00  00  39  FE  FF  FF  28  02  00  00  C1  06  00  00  
6D  23  14  00  03  00  00  00  B5  8E  AE  76  D3  D7  03  FD  AB  48  0A  03  94  00  5C  0A  6D  
24  24  00  02  00  00  00  00  00  00  00  00  00  00  00  00  00  00  00  00  00  00  00  00  00  
00  00  00  00  00  00  00  00  00  00  00  00  00  00  6D  31  20  00  03  00  00  00  8E  82  00  
00  58  53  FF  FF  09  09  01  00  9B  A7  07  00  64  F9  06  00  09  C0  70  FF  11  62  07  00  
6D  32  24  00  03  00  00  00  BE  EF  0B  00  7F  08  CD  7B  01  00  00  00  B5  0C  1B  8D  05  
00  00  00  FC  FF  FF  FF  00  00  00  00  02  E3  07  02  19  12  29  36  00  01  00  12  00  6D  
34  14  00  03  00  00  00  9C  47  03  00  0A  22  FF  FF  3F  5E  04  00  47  D9  07  00  6D  35  
0C  00  03  00  00  00  29  8D  01  00  F0  12  07  00  41  53  C1  EB  47  4E  00  00  25  85  02  
00  00  00  00  00  00  00  28  01  6D  15  14  00  02  01  00  00  03  04  03  00  00  00  00  00  
00  00  00  00  00  00  00  00  6D  16  10  00  03  00  00  00  E3  07  02  19  12  29  36  00  C5  
00  00  00  6D  21  1C  00  03  00  00  00  82  01  00  00  A7  01  00  00  EA  FF  FF  FF  09  00  
00  00  EB  FF  FF  FF  52  00  00  00  6D  22  10  00  03  00  00  00  39  FE  FF  FF  28  02  00  
00  C1  06  00  00  6D  23  14  00  03  00  00  00  AF  8E  AE  76  03  5B  04  FD  7E  FB  0A  03  
1B  F2  5B  0A  6D  24  24  00  02  00  00  00  00  00  00  00  00  00  00  00  00  00  00  00  00  
00  00  00  00  00  00  00  00  00  00  00  00  00  00  00  00  00  00  00  6D  31  20  00  03  00  
00  00  9F  FF  00  00  73  2D  00  00  46  FD  00  00  C5  21  08  00  BF  3A  06  00  1F  A2  70  
FF  E4  61  07  00  6D  32  24  00  03  00  00  00  BE  EF  0B  00  7F  08  CD  7B  01  00  00  00  
B5  0C  1B  8D  05  00  00  00  FC  FF  FF  FF  00  00  00  00  02  00  00  00  6D  33  10  00  03  
00  00  00  E3  07  02  19  12  29  36  00  01  00  12  00  6D  34  14  00  03  00  00  00  B4  48  
03  00  23  38  FF  FF  86  00  04  00  5C  97  07  00  6D  35  0C  00  03  00  00  00  2B  8D  01  
00  5A  12  07  00  41  53  85  93  47  4E  00  00  26  85  02  00  00  00  00  00  00  00  28  01  
6D  15  14  00  02  01  00  00  03  04  03  00  00  00  00  00  00  00  00  00  00  00  00  00  6D  
16  10  00  03  00  00  00  E3  07  02  19  12  29  36  00  CF  00  00  00  6D  21  1C  00  03  00  
00  00  34  00  00  00  6B  FF  FF  FF  8E  00  00  00  E2  FF  FF  FF  EF  FF  FF  FF  68  00  00  
00  6D  22  10  00  03  00  00  00  39  FE  FF  FF  28  02  00  00  C1  06  00  00  6D  23  14  00  
03  00  00  00  9E  8B  AE  76  AF  72  04  FD  23  C6  0A  03  BF  2B  5C  0A  6D  24  24  00  02  
00  00  00  00  00  00  00  00  00  00  00  00  00  00  00  00  00  00  00  00  00  00  00  00  00  
00  00  00  00  00  00  00  00  00  00  6D  31  20  00  03  00  00  00  05  7D  00  00  2C  4E  FF  
FF  55  3D  01  00  53  87  07  00  C6  4C  06  00  50  FA  70  FF  02  62  07  00  6D  32  24  00  
03  00  00  00  BE  EF  0B  00  7F  08  CD  7B  01  00  00  00  B5  0C  1B  8D  05  00  00  00  FC  
FF  FF  FF  00  00  00  00  E3  07  02  19  12  29  36  00  01  00  12  00  6D  34  14  00  03  00  
00  00  E9  30  03  00  35  16  FF  FF  D9  17  04  00  5C  97  07  00  6D  35  0C  00  03  00  00  
00  29  8D  01  00  41  12  07  00  41  53  B1  E3  47  4E  00  00  27  85  02  00  00  00  00  00  
00  00  28  01  6D  15  14  00  02  01  00  00  03  04  03  00  00  00  00  00  00  00  00  00  00  
00  00  00  6D  16  10  00  03  00  00  00  E3  07  02  19  12  29  36  00  D9  00  00  00  6D  21  
1C  00  03  00  00  00  41  00  00  00  C8  FF  FF  FF  66  00  00  00  03  00  00  00  F1  FF  FF  
FF  27  00  00  00  6D  22  10  00  03  00  00  00  39  FE  FF  FF  28  02  00  00  C1  06  00  00  
6D  23  14  00  03  00  00  00  36  89  AE  76  F6  8B  04  FD  74  B4  0A  03  C1  53  5C  0A  6D  
24  24  00  02  00  00  00  00  00  00  00  00  00  00  00  00  00  00  00  00  00  00  00  00  00  
00  00  00  00  00  00  00  00  00  00  00  00  00  00  6D  31  20  00  03  00  00  00  0C  82  00  
00  9B  72  FF  FF  75  2D  01  00  CE  0A  08  00  FE  53  06  00  13  FB  6F  FF  A6  62  07  00  
6D  32  24  00  03  00  00  00  BE  EF  0B  00  7F  08  CD  7B  01  00  00  00  B5  0C  1B  8D  05  
00  00  00  FC  FF  FF  FF  00  00  00  00  02  00  00  00  6D  33  10  00  03  00  00  00  E3  07  
02  19  12  29  36  00  01  00  12  00  6D  34  14  00  03  00  00  00  7E  38  03  00  BB  21  FF  
FF  18  37  04  00  12  CD  07  00  6D  35  0C  00  03  00  00  00  29  8D  01  00  5A  12  07  00  
41  53  4C  C1  47  4E  00  00  28  85  02  00  00  04  00  00  00  00  28  01  6D  15  14  00  02  
01  00  00  03  04  03  00  00  00  00  00  00  00  00  00  00  00  00  00  6D  16  10  00  03  00  
00  00  E3  07  02  19  12  29  36  00  E3  00  00  00  6D  21  1C  00  03  00  00  00  97  FE  FF  
FF  EF  FF  FF  FF  AD  FF  FF  FF  0B  00  00  00  F1  FF  FF  FF  4F  00  00  00  6D  22  10  00  
03  00  00  00  39  FE  FF  FF  28  02  00  00  C1  06  00  00  6D  23  14  00  03  00  00  00  76  
88  AE  76  FA  FC  03  FD  30  A2  0A  03  90  38  5C  0A  6D  24  24  00  02  00  00  00  00  00  
00  00  00  00  00  00  00  00  00  00  00  00  00  00  00  00  00  00  00  00  00  00  00  00  00  
00  00  00  00  00  6D  31  20  00  03  00  00  00  97  DB  FF  FF  88  81  FF  FF  3B  E5  00  00  
EC  28  08  00  43  52  06  00  C0  98  70  FF  7B  61  07  00  6D  32  24  00  03  00  00  00  BE  
EF  0B  00  7F  08  CD  7B  01  00  00  00  B5  0C  1B  8D  05  00  00  00  FC  FF  FF  FF  00  00  
00  00  00  E3  07  02  19  12  29  36  00  01  00  12  00  6D  34  14  00  03  00  00  00  02  48  
03  00  90  38  FF  FF  92  4E  04  00  C8  02  08  00  6D  35  0C  00  03  00  00  00  27  8D  01  
00  73  12  07  00  41  53  B3  C9  47  4E  00  00  29  85  02  00  CE  BF  21  00  00  00  28  01  
6D  15  14  00  02  01  00  00  03  04  03  00  00  00  00  00  00  00  00  00  00  00  00  00  6D  
16  10  00  03  00  00  00  E3  07  02  19  12  29  36  00  ED  00  00  00  6D  21  1C  00  03  00  
00  00  A4  FE  FF  FF  BA  FF  FF  FF  85  FF  FF  FF  E1  FF  FF  FF  0B  00  00  00  4E  00  00  
00  6D  22  10  00  03  00  00  00  39  FE  FF  FF  28  02  00  00  C1  06  00  00  6D  23  14  00  
03  00  00  00  D4  89  AE  76  CE  74  03  FD  EC  7A  0A  03  32  0D  5C  0A  6D  24  24  00  02  
00  00  00  00  00  00  00  00  00  00  00  00  00  00  00  00  00  00  00  00  00  00  00  00  00  
00  00  00  00  00  00  00  00  00  00  6D  31  20  00  03  00  00  00  76  E0  FF  FF  FA  6C  FF  
FF  76  D5  00  00  7C  84  07  00  1A  BC  06  00  2F  94  70  FF  53  63  07  00  6D  32  24  00  
03  00  00  00  BE  EF  0B  00  7F  08  CD  7B  01  00  00  00  B5  0C  1B  8D  05  00  00  00  FC  
FF  FF  FF  00  00  00  00  02  00  00  00  6D  33  10  00  03  00  00  00  E3  07  02  19  12  29  
36  00  01  00  12  00  6D  34  14  00  03  00  00  00  FF  66  03  00  5E  1A  FF  FF  D4  1F  04  
00  C8  02  08  00  6D  35  0C  00  03  00  00  00  25  8D  01  00  73  12  07  00  41  53  DB  A4  
47  4E  00  00  2A  85  02  00  CE  20  00  00  00  00  28  01  6D  15  14  00  02  01  00  00  03  
04  03  00  00  00  00  00  00  00  00  00  00  00  00  00  6D  16  10  00  03  00  00  00  E3  07  
02  19  12  29  36  00  F7  00  00  00  6D  21  1C  00  03  00  00  00  68  01  00  00  65  01  00  
00  2E  00  00  00  F7  FF  FF  FF  F7  FF  FF  FF  48  00  00  00  6D  22  10  00  03  00  00  00  
39  FE  FF  FF  28  02  00  00  C1  06  00  00  6D  23  14  00  03  00  00  00  28  88  AE  76  73  
F2  03  FD  AF  12  0B  03  FC  17  5C  0A  6D  24  24  00  02  00  00  00  00  00  00  00  00  00  
00  00  00  00  00  00  00  00  00  00  00  00  00  00  00  00  00  00  00  00  00  00  00  00  00  
00  6D  31  20  00  03  00  00  00  F9  F4  00  00  94  13  00  00  7D  17  01  00  5E  D9  07  00  
A6  6D  06  00  A1  7A  70  FF  27  62  07  00  6D  32  24  00  03  00  00  00  BE  EF  0B  00  7F  
08  CD  7B  01  00  00  00  B5  0C  1B  8D  05  00  00  00  FC  FF  FF  FF  00  00  00  00  00  E3  
07  02  19  12  29  36  00  01  00  12  00  6D  34  14  00  03  00  00  00  C1  4F  03  00  03  31  
FF  FF  E3  42  04  00  6E  11  08  00  6D  35  0C  00  03  00  00  00  27  8D  01  00  5A  12  07  
00  41  53  18  36  47  4E  00  00  2B  85  02  00  00  00  00  00  00  00  28  01  6D  15  14  00  
02  01  00  00  03  04  03  00  00  00  00  00  00  00  00  00  00  00  00  00  6D  16  10  00  03  
00  00  00  E3  07  02  19  12  29  36  00  01  01  00  00  00  6D  21  1C  00  03  00  00  00  21  
FD  FF  FF  66  00  00  00  51  FF  FF  FF  1A  00  00  00  02  00  00  00  40  00  00  00  6D  22  
10  00  03  00  00  00  38  FE  FF  FF  28  02  00  00  C1  06  00  00  6D  23  14  00  03  00  00  
00  00  BD  85  AE  76  77  CD  02  FD  B4  20  0B  03  1A  DB  5B  0A  6D  24  24  00  02  00  00  
00  00  00  00  00  00  00  00  00  00  00  00  00  00  00  00  00  00  00  00  00  00  00  00  00  
00  00  00  00  00  00  00  00  6D  31  20  00  03  00  00  00  00  4E  49  FF  FF  ED  AF  FF  FF  
37  C1  00  00  62  65  08  00  36  98  06  00  B2  5E  70  FF  EB  61  07  00  6D  32  24  00  03  
00  00  00  BE  EF  0B  00  7F  08  CD  7B  01  00  00  00  B5  0C  1B  8D  05  00  00  00  FC  FF  
FF  FF  00  00  00  00  00  02  00  00  00  6D  33  10  00  03  00  00  00  E3  07  02  19  12  29  
36  00  01  00  12  00  6D  34  14  00  03  00  00  00  4D  31  03  00  79  56  FF  FF  DF  3E  04  
00  30  C8  07  00  6D  35  0C  00  03  00  00  00  2B  8D  01  00  41  12  07  00  41  53  A4  47  
4E  00  00  2C  85  02  00  00  00  00  00  00  00  28  01  6D  15  14  00  02  01  00  00  03  04  
03  00  00  00  00  00  00  00  00  00  00  00  00  00  6D  16  10  00  03  00  00  00  E3  07  02  
19  12  29  36  00  0B  01  00  00  6D  21  1C  00  03  00  00  00  92  01  00  00  FE  FF  FF  FF  
3F  FF  FF  FF  EB  FF  FF  FF  FD  FF  FF  FF  1D  00  00  00  6D  22  10  00  03  00  00  00  39  
FE  FF  FF  28  02  00  00  C0  06  00  00  6D  23  14  00  03  00  00  00  1C  90  AE  76  CD  65  
03  FD  A1  2C  0B  03  AC  8C  5B  0A  6D  24  24  00  02  00  00  00  00  00  00  00  00  00  00  
00  00  00  00  00  00  00  00  00  00  00  00  00  00  00  00  00  00  00  00  00  00  00  00  00  
6D  31  20  00  03  00  00  00  9E  05  01  00  5B  87  FF  FF  E5  B9  00  00  CD  AD  07  00  3C  
87  06  00  C3  D5  6F  FF  11  62  07  00  6D  32  24  00  03  00  00  00  F8  EC  0B  00  7F  08  
CD  7B  01  00  00  00  0C  0D  1B  8D  05  00  00  00  01  00  00  00  06  00  00  00  00  E3  07  
02  19  12  29  36  00  01  00  12  00  6D  34  14  00  03  00  00  00  98  1A  03  00  61  74  FF  
FF  2B  2F  04  00  10  7A  07  00  6D  35  0C  00  03  00  00  00  26  8D  01  00  D7  12  07  00  
41  53  62  7F  47  4E  00  00  2D  85  02  00  00  00  00  00  00  00  28  01  6D  15  14  00  02  
01  00  00  03  04  03  00  00  00  00  00  00  00  00  00  00  00  00  00  6D  16  10  00  03  00  
00  00  E3  07  02  19  12  29  36  00  15  01  00  00  00  6D  21  1C  00  03  00  00  00  0D  00  
00  00  67  00  00  00  31  00  00  00  1A  00  00  00  01  00  00  00  28  00  00  00  6D  22  10  
00  03  00  00  00  39  FE  FF  FF  28  02  00  00  C0  06  00  00  6D  23  14  00  03  00  00  00  
00  66  8D  AE  76  B6  65  03  FD  B8  56  0B  03  58  9F  5B  0A  6D  24  24  00  02  00  00  00  
00  00  00  00  00  00  00  00  00  00  00  00  00  00  00  00  00  00  00  00  00  00  00  00  00  
00  00  00  00  00  00  00  6D  31  20  00  03  00  00  00  00  83  6D  00  00  A2  B0  FF  FF  8D  
18  01  00  0C  66  08  00  21  96  06  00  73  FF  6F  FF  7B  61  07  00  6D  32  24  00  03  00  
00  00  F8  EC  0B  00  7F  08  CD  7B  01  00  00  00  0C  0D  1B  8D  05  00  00  00  01  00  00  
00  00  06  00  00  00  03  00  00  00  6D  33  10  00  03  00  00  00  E3  07  02  19  12  29  36  
00  01  00  12  00  6D  34  14  00  03  00  00  00  02  48  03  00  90  38  FF  FF  92  4E  04  00  
B8  DB  07  00  6D  35  0C  00  03  00  00  00  26  8D  01  00  BE  12  07  00  41  53  41  47  4E  
00  00  2E  85  02  00  00  00  00  00  00  00  28  01  6D  15  14  00  02  01  00  00  03  04  03  
00  00  00  00  00  00  00  00  00  00  00  00  00  6D  16  10  00  03  00  00  00  E3  07  02  19  
12  29  36  00  1F  01  00  00  6D  21  1C  00  03  00  00  00  FF  FF  FF  FF  93  FF  FF  FF  68  
00  00  00  FF  FF  FF  FF  0C  00  00  00  25  00  00  00  6D  22  10  00  03  00  00  00  39  FE  
FF  FF  28  02  00  00  C1  06  00  00  6D  23  14  00  03  00  00  00  A8  8A  AE  76  25  67  03  
FD  34  2F  0B  03  D0  CA  5B  0A  6D  24  24  00  02  00  00  00  00  00  00  00  00  00  00  00  
00  00  00  00  00  00  00  00  00  00  00  00  00  00  00  00  00  00  00  00  00  00  00  00  6D  
31  20  00  03  00  00  00  15  68  00  00  B7  5D  FF  FF  B0  2D  01  00  57  FA  07  00  B2  C1  
06  00  90  F1  6F  FF  45  62  07  00  6D  32  24  00  03  00  00  00  F8  EC  0B  00  7F  08  CD  
7B  01  00  00  00  0C  0D  1B  8D  05  00  00  00  01  00  00  00  06  00  00  00  00  E3  07  02  
19  12  29  36  00  01  00  12  00  6D  34  14  00  03  00  00  00  AE  53  03  00  35  2D  FF  FF  
2F  37  04  00  F6  24  08  00  6D  35  0C  00  03  00  00  00  28  8D  01  00  F0  12  07  00  41  
53  C1  81  47  4E  00  00  2F  85  02  00  00  00  00  00  00  00  28  01  6D  15  14  00  02  01  
00  00  03  04  03  00  00  00  00  00  00  00  00  00  00  00  00  00  6D  16  10  00  03  00  00  
00  E3  07  02  19  12  29  36  00  29  01  00  00  00  6D  21  1C  00  03  00  00  00  25  01  00  
00  F1  FF  FF  FF  82  00  00  00  0A  00  00  00  EA  FF  FF  FF  54  00  00  00  6D  22  10  00  
03  00  00  00  39  FE  FF  FF  28  02  00  00  C1  06  00  00  6D  23  14  00  03  00  00  00  00  
F8  88  AE  76  6B  D7  03  FD  37  36  0B  03  70  FC  5B  0A  6D  24  24  00  02  00  00  00  00  
00  00  00  00  00  00  00  00  00  00  00  00  00  00  00  00  00  00  00  00  00  00  00  00  00  
00  00  00  00  00  00  6D  31  20  00  03  00  00  00  00  04  DB  00  00  44  82  FF  FF  7C  37  
01  00  60  26  08  00  BC  3A  06  00  19  A9  70  FF  EB  61  07  00  6D  32  24  00  03  00  00  
00  F8  EC  0B  00  7F  08  CD  7B  01  00  00  00  0C  0D  1B  8D  05  00  00  00  01  00  00  00  
00  06  00  00  00  03  00  00  00  6D  33  10  00  03  00  00  00  E3  07  02  19  12  29  36  00  
01  00  12  00  6D  34  14  00  03  00  00  00  5C  57  03  00  8C  29  FF  FF  D2  46  04  00  22  
F4  07  00  6D  35  0C  00  03  00  00  00  27  8D  01  00  A5  12  07  00  41  53  11  47  4E  00  
00  30  85  02  00  00  00  00  00  00  00  28  01  6D  15  14  00  02  01  00  00  03  04  03  00  
00  00  00  00  00  00  00  00  00  00  00  00  6D  16  10  00  03  00  00  00  E3  07  02  19  12  
29  36  00  33  01  00  00  6D  21  1C  00  03  00  00  00  7C  FF  FF  FF  35  FF  FF  FF  79  FF  
FF  FF  E9  FF  FF  FF  0A  00  00  00  48  00  00  00  6D  22  10  00  03  00  00  00  39  FE  FF  
FF  28  02  00  00  C1  06  00  00  6D  23  14  00  03  00  00  00  0C  8E  AE  76  D5  A6  03  FD  
13  E3  0A  03  AC  CC  5B  0A  6D  24  24  00  02  00  00  00  00  00  00  00  00  00  00  00  00  
00  00  00  00  00  00  00  00  00  00  00  00  00  00  00  00  00  00  00  00  00  00  00  6D  31  
20  00  03  00  00  00  B0  34  00  00  14  39  FF  FF  20  D0  00  00  06  A6  07  00  4B  B8  06  
00  73  7A  70  FF  AF  61  07  00  6D  32  24  00  03  00  00  00  F8  EC  0B  00  7F  08  CD  7B  
01  00  00  00  0C  0D  1B  8D  05  00  00  00  01  00  00  00  06  00  00  00  00  00  E3  07  02  
19  12  29  36  00  01  00  12  00  6D  34  14  00  03  00  00  00  26  57  03  00  AD  29  FF  FF  
42  5E  04  00  E4  AA  07  00  6D  35  0C  00  03  00  00  00  27  8D  01  00  8C  12  07  00  41  
53  B0  F0  47  4E  00  00  31  85  02  00  00  00  00  00  00  00  28  01  6D  15  14  00  02  01  
00  00  03  04  03  00  00  00  00  00  00  00  00  00  00  00  00  00  6D  16  10  00  03  00  00  
00  E3  07  02  19  12  29  36  00  3D  00  01  00  00  6D  21  1C  00  03  00  00  00  07  03  00  
00  69  00  00  00  49  00  00  00  ED  FF  FF  FF  0F  00  00  00  46  00  00  00  6D  22  10  00  
03  00  00  00  3A  FE  FF  FF  28  02  00  00  C1  06  00  00  6D  23  14  00  03  00  00  00  00  
E4  91  AE  76  15  CE  04  FD  F4  27  0B  03  71  E1  5B  0A  6D  24  24  00  02  00  00  00  00  
00  00  00  00  00  00  00  00  00  00  00  00  00  00  00  00  00  00  00  00  00  00  00  00  00  
00  00  00  00  00  00  6D  31  20  00  03  00  00  00  00  F3  96  01  00  75  B1  FF  FF  67  21  
01  00  7D  B3  07  00  86  CA  06  00  EE  75  70  FF  BD  62  07  00  6D  32  24  00  03  00  00  
00  F8  EC  0B  00  7F  08  CD  7B  01  00  00  00  0C  0D  1B  8D  05  00  00  00  01  00  00  00  
00  06  00  00  00  03  00  00  00  6D  33  10  00  03  00  00  00  E3  07  02  19  12  29  36  00  
01  00  12  00  6D  34  14  00  03  00  00  00  00  49  03  00  D3  83  FF  FF  F1  3E  04  00  40  
EF  07  00  6D  35  0C  00  03  00  00  00  28  8D  01  00  73  12  07  00  41  A1  47  4E  00  00  
32  85  02  00  00  00  00  00  00  00  28  01  6D  15  14  00  02  01  00  00  03  04  03  00  00  
00  00  00  00  00  00  00  00  00  00  00  6D  16  10  00  03  00  00  00  E3  07  02  19  12  29  
36  00  47  01  00  00  6D  21  1C  00  03  00  00  00  AF  00  00  00  81  00  00  00  BA  FF  FF  
FF  F2  FF  FF  FF  ED  FF  FF  FF  4F  00  00  00  6D  22  10  00  03  00  00  00  3A  FE  FF  FF  
28  02  00  00  C1  06  00  00  6D  23  14  00  03  00  00  00  87  94  AE  76  21  09  05  FD  09  
60  0B  03  C3  C3  5B  0A  6D  24  24  00  02  00  00  00  00  00  00  00  00  00  00  00  00  00  
00  00  00  00  00  00  00  00  00  00  00  00  00  00  00  00  00  00  00  00  00  00  6D  31  20  
00  03  00  00  00  7E  AC  00  00  0B  BB  FF  FF  31  E9  00  00  5B  C9  07  00  F2  43  06  00  
C7  98  70  FF  7B  61  07  00  6D  32  24  00  03  00  00  00  F8  EC  0B  00  7F  08  CD  7B  01  
00  00  00  0C  0D  1B  8D  05  00  00  00  01  00  00  00  06  00  00  00  00  E3  07  02  19  12  
29  36  00  01  00  12  00  6D  34  14  00  03  00  00  00  00  48  03  00  C6  34  FF  FF  AA  4A  
04  00  32  1B  08  00  6D  35  0C  00  03  00  00  00  23  8D  01  00  8C  12  07  00  41  53  98  
01  47  4E  00  00  33  85  02  00  00  00  00  00  00  00  28  01  6D  15  14  00  02  01  00  00  
03  04  03  00  00  00  00  00  00  00  00  00  00  00  00  00  6D  16  10  00  03  00  00  00  E3  
07  02  19  12  29  36  00  51  01  00  00  00  6D  21  1C  00  03  00  00  00  CA  00  00  00  89  
FE  FF  FF  34  00  00  00  F5  FF  FF  FF  FB  FF  FF  FF  42  00  00  00  6D  22  10  00  03  00  
00  00  3A  FE  FF  FF  28  02  00  00  C1  06  00  00  6D  23  14  00  03  00  00  00  00  66  98  
AE  76  8F  61  05  FD  9C  D5  0A  03  85  D9  5B  0A  6D  24  24  00  02  00  00  00  00  00  00  
00  00  00  00  00  00  00  00  00  00  00  00  00  00  00  00  00  00  00  00  00  00  00  00  00  
00  00  00  00  6D  31  20  00  03  00  00  00  00  FE  B6  00  00  02  F6  FE  FF  CC  18  01  00  
AA  D2  07  00  86  79  06  00  53  63  70  FF  A8  61  07  00  6D  32  24  00  03  00  00  00  F8  
EC  0B  00  7F  08  CD  7B  01  00  00  00  0C  0D  1B  8D  05  00  00  00  01  00  00  00  00  06  
00  00  00  03  00  00  00  6D  33  10  00  03  00  00  00  E3  07  02  19  12  29  36  00  01  00  
12  00  6D  34  14  00  03  00  00  00  10  29  03  00  CA  30  FF  FF  A7  46  04  00  22  F4  07  
00  6D  35  0C  00  03  00  00  00  2A  8D  01  00  8C  12  07  00  41  53  64  47  4E  00  00  34  
85  02  00  00  00  00  00  00  00  28  01  6D  15  14  00  02  01  00  00  03  04  03  00  00  00  
00  00  00  00  00  00  00  00  00  00  6D  16  10  00  03  00  00  00  E3  07  02  19  12  29  36  
00  5B  01  00  00  6D  21  1C  00  03  00  00  00  B9  01  00  00  5A  00  00  00  74  00  00  00  
10  00  00  00  F2  FF  FF  FF  4B  00  00  00  6D  22  10  00  03  00  00  00  3A  FE  FF  FF  28  
02  00  00  C1  06  00  00  6D  23  14  00  03  00  00  00  B0  97  AE  76  B6  07  06  FD  81  09  
0B  03  26  02  5C  0A  6D  24  24  00  02  00  00  00  00  00  00  00  00  00  00  00  00  00  00  
00  00  00  00  00  00  00  00  00  00  00  00  00  00  00  00  00  00  00  00  00  6D  31  20  00  
03  00  00  00  79  14  01  00  D7  AB  FF  FF  D3  31  01  00  DB  3D  08  00  32  52  06  00  3D  
86  70  FF  CD  61  07  00  6D  32  24  00  03  00  00  00  F8  EC  0B  00  7F  08  CD  7B  01  00  
00  00  0C  0D  1B  8D  05  00  00  00  01  00  00  00  06  00  00  00  00  00  E3  07  02  19  12  
29  36  00  01  00  12  00  6D  34  14  00  03  00  00  00  77  0A  03  00  28  47  FF  FF  BC  3E  
04  00  6C  BE  07  00  6D  35  0C  00  03  00  00  00  27  8D  01  00  8C  12  07  00  41  53  CF  
88  47  4E  00  00  35  85  02  00  00  00  00  00  00  00  28  01  6D  15  14  00  02  01  00  00  
03  04  03  00  00  00  00  00  00  00  00  00  00  00  00  00  6D  16  10  00  03  00  00  00  E3  
07  02  19  12  29  36  00  65  00  01  00  00  6D  21  1C  00  03  00  00  00  7C  FE  FF  FF  E1  
FF  FF  FF  1B  00  00  00  F7  FF  FF  FF  FE  FF  FF  FF  48  00  00  00  6D  22  10  00  03  00  
00  00  3A  FE  FF  FF  28  02  00  00  C1  06  00  00  6D  23  14  00  03  00  00  00  00  20  93  
AE  76  E2  6F  05  FD  AA  F1  0A  03  D1  11  5C  0A  6D  24  24  00  02  00  00  00  00  00  00  
00  00  00  00  00  00  00  00  00  00  00  00  00  00  00  00  00  00  00  00  00  00  00  00  00  
00  00  00  00  6D  31  20  00  03  00  00  00  00  AE  D0  FF  FF  75  7C  FF  FF  07  0F  01  00  
4B  D9  07  00  A7  82  06  00  99  7A  70  FF  27  62  07  00  6D  32  24  00  03  00  00  00  F8  
EC  0B  00  7F  08  CD  7B  01  00  00  00  0C  0D  1B  8D  05  00  00  00  01  00  00  00  00  06  
00  00  00  03  00  00  00  6D  33  10  00  03  00  00  00  E3  07  02  19  12  29  36  00  01  00  
12  00  6D  34  14  00  03  00  00  00  DE  47  03  00  A6  38  FF  FF  33  5E  04  00  5C  97  07  
00  6D  35  0C  00  03  00  00  00  28  8D  01  00  8C  12  07  00  41  3F  47  4E  00  00  36  85  
02  00  00  00  00  00  00  00  28  01  6D  15  14  00  02  01  00  00  03  04  03  00  00  00  00  
00  00  00  00  00  00  00  00  00  6D  16  10  00  03  00  00  00  E3  07  02  19  12  29  36  00  
6F  01  00  00  6D  21  1C  00  03  00  00  00  1B  00  00  00  DD  00  00  00  BB  FF  FF  FF  FA  
FF  FF  FF  EC  FF  FF  FF  58  00  00  00  6D  22  10  00  03  00  00  00  3A  FE  FF  FF  28  02  
00  00  C1  06  00  00  6D  23  14  00  03  00  00  00  76  93  AE  76  4F  70  05  FD  A1  48  0B  
03  8A  F4  5B  0A  6D  24  24  00  02  00  00  00  00  00  00  00  00  00  00  00  00  00  00  00  
00  00  00  00  00  00  00  00  00  00  00  00  00  00  00  00  00  00  00  00  6D  31  20  00  03  
00  00  00  F5  72  00  00  3E  DF  FF  FF  65  E9  00  00  91  E7  07  00  15  3D  06  00  45  B9  
70  FF  6C  61  07  00  6D  32  24  00  03  00  00  00  0E  EB  0B  00  7F  08  CD  7B  01  00  00  
00  1E  0D  1B  8D  05  00  00  00  FF  FF  FF  FF  04  00  00  03  00  00  00  E3  07  02  19  12  
29  36  00  01  00  12  00  6D  34  14  00  03  00  00  00  96  3C  03  00  62  38  FF  FF  02  3B  
04  00  FB  BB  07  00  6D  35  0C  00  03  00  00  00  29  8D  01  00  8C  12  07  00  41  53  D4  
32  47  4E  00  00  37  85  02  00  00  00  00  00  00  00  28  01  6D  15  14  00  02  01  00  00  
03  04  03  00  00  00  00  00  00  00  00  00  00  00  00  00  6D  16  10  00  03  00  00  00  E3  
07  02  19  12  29  36  00  00  79  01  00  00  6D  21  1C  00  03  00  00  00  87  00  00  00  E1  
FF  FF  FF  BB  FF  FF  FF  FE  FF  FF  FF  F8  FF  FF  FF  6B  00  00  00  6D  22  10  00  03  00  
00  00  3A  FE  FF  FF  28  02  00  00  C1  06  00  00  6D  23  14  00  03  00  00  00  00  5D  97  
AE  76  49  A3  05  FD  36  41  0B  03  AC  D8  5B  0A  6D  24  24  00  02  00  00  00  00  00  00  
00  00  00  00  00  00  00  00  00  00  00  00  00  00  00  00  00  00  00  00  00  00  00  00  00  
00  00  00  00  6D  31  20  00  00  03  00  00  00  CF  9C  00  00  DA  7C  FF  FF  71  E9  00  00  
1B  F7  07  00  77  6B  06  00  E2  05  71  FF  02  62  07  00  6D  32  24  00  03  00  00  00  0E  
EB  0B  00  7F  08  CD  7B  01  00  00  00  1E  0D  1B  8D  05  00  00  00  FF  FF  00  FF  FF  04  
00  00  00  02  00  00  00  6D  33  10  00  03  00  00  00  E3  07  02  19  12  29  36  00  01  00  
12  00  6D  34  14  00  03  00  00  00  36  48  03  00  6F  38  FF  FF  24  37  04  00  8A  B9  07  
00  6D  35  0C  00  03  00  00  00  2B  8D  01  00  8C  12  07  00  E6  47  4E  00  00  38  85  02  
00  00  00  00  00  00  00  28  01  6D  15  14  00  02  01  00  00  03  04  03  00  00  00  00  00  
00  00  00  00  00  00  00  00  6D  16  10  00  03  00  00  00  E3  07  02  19  12  29  36  00  83  
01  00  00  6D  21  1C  00  03  00  00  00  C1  FD  FF  FF  D2  FF  FF  FF  89  FF  FF  FF  FA  FF  
FF  FF  15  00  00  00  39  00  00  00  6D  22  10  00  03  00  00  00  3A  FE  FF  FF  28  02  00  
00  C1  06  00  00  6D  23  14  00  03  00  00  00  23  96  AE  76  C9  C1  04  FD  61  1B  0B  03  
F7  B0  5B  0A  6D  24  24  00  02  00  00  00  00  00  00  00  00  00  00  00  00  00  00  00  00  
00  00  00  00  00  00  00  00  00  00  00  00  00  00  00  00  00  00  00  6D  31  20  00  03  00  
00  00  D0  87  FF  FF  15  77  FF  FF  F7  D5  00  00  19  E7  07  00  7D  DD  06  00  C5  42  70  
FF  79  62  07  00  6D  32  24  00  03  00  00  00  0E  EB  0B  00  7F  08  CD  7B  01  00  00  00  
1E  0D  1B  8D  05  00  00  00  FF  FF  FF  FF  04  00  00  10  00  03  00  00  00  E3  07  02  19  
12  29  36  00  01  00  12  00  6D  34  14  00  03  00  00  00  99  57  03  00  93  38  FF  FF  00  
3F  04  00  E4  AA  07  00  6D  35  0C  00  03  00  00  00  28  8D  01  00  BE  12  07  00  41  53  
8D  71  47  4E  00  00  39  85  02  00  00  00  00  00  00  00  28  01  6D  15  14  00  02  01  00  
00  03  04  03  00  00  00  00  00  00  00  00  00  00  00  00  00  6D  16  10  00  03  00  00  00  
E3  07  02  19  12  29  00  36  00  8D  01  00  00  6D  21  1C  00  03  00  00  00  95  FF  FF  FF  
4A  00  00  00  1A  00  00  00  03  00  00  00  00  00  00  00  3E  00  00  00  6D  22  10  00  03  
00  00  00  39  FE  FF  FF  28  02  00  00  C1  06  00  00  6D  23  14  00  00  03  00  00  00  4D  
93  AE  76  A2  92  04  FD  BE  35  0B  03  21  BC  5B  0A  6D  24  24  00  02  00  00  00  00  00  
00  00  00  00  00  00  00  00  00  00  00  00  00  00  00  00  00  00  00  00  00  00  00  00  00  
00  00  00  00  00  6D  31  00  20  00  03  00  00  00  70  3E  00  00  2A  A6  FF  FF  5A  0E  01  
00  8C  0A  08  00  49  8C  06  00  18  53  70  FF  E4  61  07  00  6D  32  24  00  03  00  00  00  
0E  EB  0B  00  7F  08  CD  7B  01  00  00  00  1E  0D  1B  8D  05  00  00  00  00  FF  FF  FF  FF  
04  00  00  00  02  00  00  00  6D  33  10  00  03  00  00  00  E3  07  02  19  12  29  36  00  01  
00  12  00  6D  34  14  00  03  00  00  00  AB  28  03  00  E9  FB  FE  FF  3B  2F  04  00  78  3F  
07  00  6D  35  0C  00  03  00  00  00  2C  8D  01  00  BE  12  8B  47  4E  00  00  3A  85  02  00  
00  00  00  00  00  00  28  01  6D  15  14  00  02  01  00  00  03  04  03  00  00  00  00  00  00  
00  00  00  00  00  00  00  6D  16  10  00  03  00  00  00  E3  07  02  19  12  29  36  00  97  01  
00  00  6D  21  1C  00  03  00  00  00  7A  FF  FF  FF  4A  00  00  00  1A  00  00  00  06  00  00  
00  F8  FF  FF  FF  3B  00  00  00  6D  22  10  00  03  00  00  00  39  FE  FF  FF  28  02  00  00  
C1  06  00  00  6D  23  14  00  03  00  00  00  2D  90  AE  76  58  59  04  FD  51  4F  0B  03  E9  
C7  5B  0A  6D  24  24  00  02  00  00  00  00  00  00  00  00  00  00  00  00  00  00  00  00  00  
00  00  00  00  00  00  00  00  00  00  00  00  00  00  00  00  00  00  6D  31  20  00  03  00  00  
00  F1  33  00  00  29  A6  FF  FF  65  0E  01  00  4A  16  08  00  F1  6D  06  00  E2  49  70  FF  
09  62  07  00  6D  32  24  00  03  00  00  00  0E  EB  0B  00  7F  08  CD  7B  01  00  00  00  1E  
0D  1B  8D  05  00  00  00  FF  FF  FF  FF  04  00  00  00  03  00  00  00  E3  07  02  19  12  29  
36  00  01  00  12  00  6D  34  14  00  03  00  00  00  4D  40  03  00  B4  34  FF  FF  BC  46  04  
00  02  A6  07  00  6D  35  0C  00  03  00  00  00  27  8D  01  00  28  12  07  00  41  53  11  12  
47  4E  00  00  3B  85  02  00  00  00  00  00  00  00  28  01  6D  15  14  00  02  01  00  00  03  
04  03  00  00  00  00  00  00  00  00  00  00  00  00  00  6D  16  10  00  03  00  00  00  E3  07  
02  19  12  29  36  00  00  A1  01  00  00  6D  21  1C  00  03  00  00  00  69  01  00  00  9A  00  
00  00  E2  FF  FF  FF  0E  00  00  00  FB  FF  FF  FF  2B  00  00  00  6D  22  10  00  03  00  00  
00  3A  FE  FF  FF  28  02  00  00  C1  06  00  00  6D  23  14  00  03  00  00  00  00  EC  92  AE  
76  4B  DD  04  FD  E5  98  0B  03  CD  B8  5B  0A  6D  24  24  00  02  00  00  00  00  00  00  00  
00  00  00  00  00  00  00  00  00  00  00  00  00  00  00  00  00  00  00  00  00  00  00  00  00  
00  00  00  6D  31  20  00  00  03  00  00  00  58  F5  00  00  B4  C5  FF  FF  61  F8  00  00  BF  
34  08  00  F2  7B  06  00  34  0B  70  FF  45  62  07  00  6D  32  24  00  03  00  00  00  0E  EB  
0B  00  7F  08  CD  7B  01  00  00  00  1E  0D  1B  8D  05  00  00  00  FF  00  FF  FF  FF  04  00  
00  00  02  00  00  00  6D  33  10  00  03  00  00  00  E3  07  02  19  12  29  36  00  01  00  12  
00  6D  34  14  00  03  00  00  00  A7  38  03  00  94  47  FF  FF  54  56  04  00  9A  E0  07  00  
6D  35  0C  00  03  00  00  00  2A  8D  01  00  73  12  07  5A  47  4E  00  00  3C  85  02  00  00  
00  00  00  00  00  28  01  6D  15  14  00  02  01  00  00  03  04  03  00  00  00  00  00  00  00  
00  00  00  00  00  00  6D  16  10  00  03  00  00  00  E3  07  02  19  12  29  36  00  AB  01  00  
00  6D  21  1C  00  03  00  00  00  46  FF  FF  FF  56  00  00  00  BE  FF  FF  FF  F0  FF  FF  FF  
F3  FF  FF  FF  2A  00  00  00  6D  22  10  00  03  00  00  00  39  FE  FF  FF  28  02  00  00  C1  
06  00  00  6D  23  14  00  00  03  00  00  00  3C  92  AE  76  9B  8E  04  FD  31  B5  0B  03  BE  
A1  5B  0A  6D  24  24  00  02  00  00  00  00  00  00  00  00  00  00  00  00  00  00  00  00  00  
00  00  00  00  00  00  00  00  00  00  00  00  00  00  00  00  00  00  6D  00  31  20  00  03  00  
00  00  7E  1F  00  00  29  AB  FF  FF  01  EA  00  00  C2  C0  07  00  60  5B  06  00  75  06  70  
FF  3F  61  07  00  6D  32  24  00  03  00  00  00  0E  EB  0B  00  7F  08  CD  7B  01  00  00  00  
1E  0D  1B  8D  05  00  00  00  00  FF  FF  FF  FF  04  00  00  10  00  03  00  00  00  E3  07  02  
19  12  29  36  00  01  00  12  00  6D  34  14  00  03  00  00  00  21  29  03  00  86  47  FF  FF  
17  5E  04  00  04  F9  07  00  6D  35  0C  00  03  00  00  00  28  8D  01  00  00  28  12  07  00  
41  53  33  B0  47  4E  00  00  3D  85  02  00  00  00  00  00  00  00  28  01  6D  15  14  00  02  
01  00  00  03  04  03  00  00  00  00  00  00  00  00  00  00  00  00  00  6D  16  10  00  03  00  
00  00  E3  07  02  19  12  29  36  00  B5  01  00  00  6D  21  15  47  4E  00  00  51  85  02  00  
00  00  00  00  00  00  28  01  6D  15  14  00  02  01  00  00  03  04  03  00  00  00  00  00  00  
00  00  00  00  00  00  00  6D  16  10  00  03  00  00  00  E3  07  02  19  12  29  36  00  7D  02  
00  00  6D  21  1C  00  03  00  00  00  E6  FF  FF  FF  D0  FF  FF  FF  00  00  00  00  01  00  00  
00  0C  00  00  00  2D  00  00  00  6D  22  10  00  03  00  00  00  39  FE  FF  FF  28  02  00  00  
C2  06  00  00  6D  23  14  00  03  00  00  00  97  72  AE  76  73  45  04  FD  E2  DC  0A  03  AD  
36  5D  0A  6D  24  24  00  02  00  00  00  00  00  00  00  00  00  00  00  00  00  00  00  00  00  
00  00  00  00  00  00  00  00  00  00  00  00  00  00  00  00  00  00  6D  31  20  00  03  00  00  
00  C6  5D  00  00  9C  77  FF  FF  DE  03  01  00  6A  03  08  00  F5  BC  06  00  6E  14  70  FF  
72  62  07  00  6D  32  24  00  03  00  00  00  CC  E6  0B  00  6D  08  CD  7B  01  00  00  00  52  
0D  1B  8D  05  00  00  00  FE  FF  FF  FF  FF  FF  FF  FF  03  00  00  00  6D  33  10  00  03  00  
00  00  E3  07  02  19  12  29  36  00  01  00  12  00  6D  34  14  00  03  00  00  00  E8  57  03  
00  8F  47  FF  FF  62  2F  04  00  D4  83  07  00  6D  35  0C  00  03  00  00  00  00  25  8D  01  
00  5A  12  07  00  41  53  8D  DF  47  4E  00  00  52  85  02  00  00  00  00  00  00  00  28  01  
6D  15  14  00  02  01  00  00  03  04  03  00  00  00  00  00  00  00  00  00  00  00  00  00  6D  
16  10  00  03  00  00  00  00  E3  07  02  19  12  29  36  00  87  02  00  00  6D  21  1C  00  03  
00  00  00  94  00  00  00  98  00  00  00  E4  FF  FF  FF  F5  FF  FF  FF  FA  FF  FF  FF  42  00  
00  00  6D  22  10  00  03  00  00  00  39  FE  FF  FF  28  02  00  00  C2  00  06  00  00  6D  23  
14  00  03  00  00  00  92  73  AE  76  78  75  04  FD  4C  1B  0B  03  FB  26  5D  0A  6D  24  24  
00  02  00  00  00  00  00  00  00  00  00  00  00  00  00  00  00  00  00  00  00  00  00  00  00  
00  00  00  00  00  00  00  00  00  00  00  00  00  6D  31  20  00  03  00  00  00  C5  A1  00  00  
88  C5  FF  FF  D8  F8  00  00  CE  D4  07  00  00  77  06  00  63  63  70  FF  18  62  07  00  6D  
32  24  00  03  00  00  00  CC  E6  0B  00  6D  08  CD  7B  01  00  00  00  52  0D  1B  8D  05  00  
00  00  FE  CE  47  4E  00  00  53  85  02  00  00  00  00  00  00  00  28  01  6D  15  14  00  02  
01  00  00  03  04  03  00  00  00  00  00  00  00  00  00  00  00  00  00  6D  16  10  00  03  00  
00  00  E3  07  02  19  12  29  36  00  91  02  00  00  6D  21  1C  00  03  00  00  00  A8  FD  FF  
FF  65  FF  FF  FF  11  00  00  00  F0  FF  FF  FF  11  00  00  00  2C  00  00  00  6D  22  10  00  
03  00  00  00  39  FE  FF  FF  28  02  00  00  C2  06  00  00  6D  23  14  00  03  00  00  00  C9  
6E  AE  76  FC  8D  03  FD  6B  C9  0A  03  25  33  5D  0A  6D  24  24  00  02  00  00  00  00  00  
00  00  00  00  00  00  00  00  00  00  00  00  00  00  00  00  00  00  00  00  00  00  00  00  00  
00  00  00  00  00  6D  31  20  00  03  00  00  00  7F  7D  FF  FF  72  4D  FF  FF  7A  0A  01  00  
63  C0  07  00  54  D2  06  00  3A  0D  70  FF  12  61  07  00  6D  32  24  00  03  00  00  00  CC  
E6  0B  00  6D  08  CD  7B  01  00  00  00  52  0D  1B  8D  05  00  00  00  FE  FF  FF  FF  FF  FF  
FF  FF  03  00  00  00  6D  33  10  00  03  00  00  00  E3  07  02  19  12  29  36  00  01  00  12  
00  6D  34  14  00  03  00  00  00  14  48  03  00  58  29  FF  FF  3D  33  04  00  22  F4  07  00  
6D  35  0C  00  03  00  00  00  00  26  8D  01  00  28  12  07  00  41  53  29  13  47  4E  00  00  
54  85  02  00  00  00  00  00  00  00  28  01  6D  15  14  00  02  01  00  00  03  04  03  00  00  
00  00  00  00  00  00  00  00  00  00  00  6D  16  10  00  03  00  00  00  E3  07  02  19  12  29  
36  00  9B  02  00  00  6D  21  1C  00  03  00  00  00  75  02  00  00  08  00  00  00  DF  00  00  
00  02  00  00  00  ED  FF  FF  FF  32  00  00  00  6D  22  10  00  03  00  00  00  39  FE  FF  FF  
28  02  00  00  C2  06  00  00  6D  23  14  00  03  00  00  00  70  6D  AE  76  5D  80  04  FD  E4  
E1  0A  03  2E  81  5D  0A  6D  24  24  00  02  00  00  00  00  00  00  00  00  00  00  00  00  00  
00  00  00  00  00  00  00  00  00  00  00  00  00  00  00  00  00  00  00  00  00  00  6D  31  20  
00  03  00  00  00  8D  5D  01  00  EC  8C  FF  FF  53  5B  01  00  35  04  08  00  2E  44  06  00  
B9  24  70  FF  7B  61  07  00  6D  32  24  00  03  00  00  00  5A  E5  0B  00  6D  08  CD  7B  01  
00  00  00  BB  0D  1B  8D  05  00  00  00  01  03  00  68  29  FF  FF  F3  3E  04  00  7C  E5  07  
00  6D  35  0C  00  03  00  00  00  26  8D  01  00  5A  12  07  00  41  53  E1  2C  47  4E  00  00  
55  85  02  00  00  00  00  00  00  00  28  01  6D  15  14  00  02  01  00  00  03  04  03  00  00  
00  00  00  00  00  00  00  00  00  00  00  6D  16  10  00  03  00  00  00  E3  07  02  19  12  29  
36  00  A5  02  00  00  6D  21  1C  00  03  00  00  00  93  01  00  00  33  FF  FF  FF  19  00  00  
00  11  00  00  00  E5  FF  FF  FF  38  00  00  00  6D  22  10  00  03  00  00  00  3A  FE  FF  FF  
28  02  00  00  C2  06  00  00  6D  23  14  00  03  00  00  00  AE  72  AE  76  83  21  05  FD  E9  
9E  0A  03  2B  87  5D  0A  6D  24  24  00  02  00  00  00  00  00  00  00  00  00  00  00  00  00  
00  00  00  00  00  00  00  00  00  00  00  00  00  00  00  00  00  00  00  00  00  00  6D  31  20  
00  03  00  00  00  80  05  01  00  8B  39  FF  FF  C6  0D  01  00  B6  3E  08  00  EC  23  06  00  
F1  3B  70  FF  12  61  07  00  6D  32  24  00  03  00  00  00  5A  E5  0B  00  6D  08  CD  7B  01  
00  00  00  BB  0D  1B  8D  05  00  00  00  01  00  00  00  08  00  00  00  02  00  00  00  6D  33  
10  00  03  00  00  00  E3  07  02  19  12  29  36  00  00  01  00  12  00  6D  34  14  00  03  00  
00  00  13  49  03  00  6D  65  FF  FF  1E  10  04  00  5C  97  07  00  6D  35  0C  00  03  00  00  
00  2A  8D  01  00  8C  12  07  00  41  53  38  B1  47  4E  00  00  56  85  02  00  02  01  01  01  
00  00  28  01  6D  15  14  00  02  01  00  00  03  04  03  00  00  00  00  00  00  00  00  00  00  
00  00  00  6D  16  10  00  03  00  00  00  E3  07  02  19  12  29  36  00  AF  02  00  00  6D  21  
1C  00  03  00  00  00  E8  FE  FF  FF  3F  FF  FF  FF  E6  FF  FF  FF  F2  FF  FF  FF  13  00  00  
00  38  00  00  00  6D  22  10  00  03  00  00  00  39  FE  FF  FF  28  02  00  00  C2  06  00  00  
6D  23  14  00  03  00  00  00  D2  72  AE  76  17  B8  04  FD  28  49  0A  03  60  80  5D  0A  6D  
24  24  00  02  00  00  00  00  00  00  00  00  00  00  00  00  00  00  00  00  00  00  00  00  00  
00  00  00  00  00  00  00  00  00  00  00  00  00  00  6D  31  20  00  03  00  00  00  B5  FA  FF  
FF  4F  3E  FF  FF  20  FA  00  00  8C  C6  07  00  6D  D6  06  00  1F  3E  70  FF  02  00  00  00  
6D  33  10  00  03  00  00  00  E3  07  02  19  12  29  36  00  01  00  12  00  6D  34  14  00  03  
00  00  00  49  39  03  00  C4  4E  FF  FF  DE  17  04  00  02  A6  07  00  6D  35  0C  00  03  00  
00  00  27  8D  01  00  28  12  07  00  41  53  3A  8F  47  4E  00  00  57  85  02  00  00  00  00  
00  00  00  28  01  6D  15  14  00  02  01  00  00  03  04  03  00  00  00  00  00  00  00  00  00  
00  00  00  00  6D  16  10  00  03  00  00  00  00  E3  07  02  19  12  29  36  00  B9  02  00  00  
6D  21  1C  00  03  00  00  00  5D  00  00  00  A6  00  00  00  69  00  00  00  1A  00  00  00  DD  
FF  FF  FF  56  00  00  00  6D  22  10  00  03  00  00  00  3A  FE  FF  FF  28  02  00  00  C2  06  
00  00  00  6D  23  14  00  03  00  00  00  8E  6E  AE  76  BD  D4  04  FD  52  8D  0A  03  79  A5  
5D  0A  6D  24  24  00  02  00  00  00  00  00  00  00  00  00  00  00  00  00  00  00  00  00  00  
00  00  00  00  00  00  00  00  00  00  00  00  00  00  00  00  00  00  6D  31  20  00  03  00  00  
00  86  8C  00  00  B8  CA  FF  FF  31  2D  01  00  2A  63  08  00  58  05  06  00  7A  B2  70  FF  
EB  61  07  00  6D  32  24  00  03  00  00  00  5A  E5  0B  00  6D  08  CD  7B  01  00  00  00  BB  
0D  00  1B  8D  05  00  00  00  01  00  00  00  08  00  00  00  02  00  00  00  6D  33  10  00  03  
00  00  00  E3  07  02  19  12  29  36  00  01  00  12  00  6D  34  14  00  03  00  00  00  25  35  
03  00  BD  3F  FF  FF  8F  23  04  00  47  D9  07  00  6D  35  0C  00  03  00  00  00  3F  47  4E  
00  00  58  85  02  00  00  00  00  00  00  00  28  01  6D  15  14  00  02  01  00  00  03  04  03  
00  00  00  00  00  00  00  00  00  00  00  00  00  6D  16  10  00  03  00  00  00  E3  07  02  19  
12  29  36  00  C3  02  00  00  6D  21  1C  00  03  00  00  00  A5  FE  FF  FF  14  00  00  00  46  
FF  FF  FF  E7  FF  FF  FF  FB  FF  FF  FF  4C  00  00  00  6D  22  10  00  03  00  00  00  39  FE  
FF  FF  28  02  00  00  C2  06  00  00  6D  23  14  00  03  00  00  00  5E  71  AE  76  61  49  04  
FD  D5  86  0A  03  0F  5F  5D  0A  6D  24  24  00  02  00  00  00  00  00  00  00  00  00  00  00  
00  00  00  00  00  00  00  00  00  00  00  00  00  00  00  00  00  00  00  00  00  00  00  00  6D  
31  20  00  03  00  00  00  BB  E0  FF  FF  30  91  FF  FF  52  BB  00  00  5B  9C  07  00  33  7B  
06  00  E9  8A  70  FF  B5  62  07  00  6D  32  24  00  03  00  00  00  5A  E5  0B  00  6D  08  CD  
7B  01  00  00  00  BB  0D  1B  8D  05  00  00  00  01  00  00  00  08  00  00  00  02  00  00  00  
6D  33  10  00  03  00  00  00  E3  07  02  19  12  29  36  00  01  00  12  00  6D  34  14  00  03  
00  00  00  14  58  03  00  A1  56  FF  FF  62  2F  04  00  24  47  08  00  6D  35  0C  00  03  00  
00  00  24  8D  01  00  5A  12  07  00  41  53  4E  21  47  4E  00  00  59  85  02  00  64  00  00  
00  00  00  28  01  6D  15  14  00  02  01  00  00  03  04  03  00  00  00  00  00  00  00  00  00  
00  00  00  00  6D  16  10  00  03  00  00  00  00  E3  07  02  19  12  29  36  00  CD  02  00  00  
6D  21  1C  00  03  00  00  00  C6  01  00  00  16  00  00  00  17  00  00  00  F0  FF  FF  FF  04  
00  00  00  5B  00  00  00  6D  22  10  00  03  00  00  00  3A  FE  FF  FF  28  02  00  00  C2  00  
06  00  00  6D  23  14  00  03  00  00  00  04  75  AE  76  32  F7  04  FD  40  9D  0A  03  B8  60  
5D  0A  6D  24  24  00  02  00  00  00  00  00  00  00  00  00  00  00  00  00  00  00  00  00  00  
00  00  00  00  00  00  00  00  00  00  00  00  00  00  00  00  00  00  6D  31  20  00  03  00  00  
00  D7  19  01  00  F4  91  FF  FF  46  0D  01  00  15  BF  07  00  0C  9C  06  00  2E  C7  70  FF  
6A  62  07  00  6D  32  24  00  03  00  00  00  5A  E5  0B  00  6D  08  CD  7B  01  00  00  00  BB  
00  0D  1B  8D  05  00  00  00  01  00  00  00  08  00  00  00  02  00  00  00  6D  33  10  00  03  
00  00  00  E3  07  02  19  12  29  36  00  01  00  12  00  6D  34  14  00  03  00  00  00  B9  38  
03  00  89  47  FF  FF  84  4E  04  00  A8  B4  07  00  6D  35  0C  00  03  00  00  A8  47  4E  00  
00  5A  85  02  00  00  00  00  00  00  00  28  01  6D  15  14  00  02  01  00  00  03  04  03  00  
00  00  00  00  00  00  00  00  00  00  00  00  6D  16  10  00  03  00  00  00  E3  07  02  19  12  
29  36  00  D7  02  00  00  6D  21  1C  00  03  00  00  00  F7  FD  FF  FF  49  00  00  00  39  FF  
FF  FF  EE  FF  FF  FF  E1  FF  FF  FF  38  00  00  00  6D  22  10  00  03  00  00  00  39  FE  FF  
FF  28  02  00  00  C1  06  00  00  6D  23  14  00  03  00  00  00  28  76  AE  76  7B  26  04  FD  
A6  A4  0A  03  6E  15  5D  0A  6D  24  24  00  02  00  00  00  00  00  00  00  00  00  00  00  00  
00  00  00  00  00  00  00  00  00  00  00  00  00  00  00  00  00  00  00  00  00  00  00  6D  31  
20  00  03  00  00  00  1A  9D  FF  FF  AD  A5  FF  FF  70  B6  00  00  42  B7  07  00  E1  12  06  
00  04  3C  70  FF  A0  61  07  00  6D  32  24  00  03  00  00  00  5A  E5  0B  00  6D  08  CD  7B  
01  00  00  00  BB  0D  1B  8D  05  00  00  00  01  00  00  00  08  00  00  00  00  00  00  6D  33  
10  00  03  00  00  00  E3  07  02  19  12  29  36  00  01  00  12  00  6D  34  14  00  03  00  00  
00  9A  38  03  00  D8  30  FF  FF  E6  3E  04  00  A8  B4  07  00  6D  35  0C  00  03  00  00  00  
27  8D  01  00  8C  12  07  00  41  53  36  3D  47  4E  00  00  5B  85  02  00  02  01  00  00  00  
00  28  01  6D  15  14  00  02  01  00  00  03  04  03  00  00  00  00  00  00  00  00  00  00  00  
00  00  6D  16  10  00  03  00  00  00  00  E3  07  02  19  12  29  36  00  E1  02  00  00  6D  21  
1C  00  03  00  00  00  5F  FF  FF  FF  0C  FF  FF  FF  36  00  00  00  ED  FF  FF  FF  1D  00  00  
00  4C  00  00  00  6D  22  10  00  03  00  00  00  39  FE  FF  FF  28  02  00  00  C2  06  00  00  
00  6D  23  14  00  03  00  00  00  76  75  AE  76  74  EE  03  FD  9C  3E  0A  03  3A  2B  5D  0A  
6D  24  24  00  02  00  00  00  00  00  00  00  00  00  00  00  00  00  00  00  00  00  00  00  00  
00  00  00  00  00  00  00  00  00  00  00  00  00  00  00  00  6D  31  20  00  03  00  00  00  AA  
29  00  00  AD  29  FF  FF  4D  19  01  00  7C  B3  07  00  6B  00  07  00  F8  8C  70  FF  18  62  
07  00  6D  32  24  00  03  00  00  00  5A  E5  0B  00  6D  08  CD  7B  01  00  00  00  BB  0D  00  
1B  8D  05  00  00  00  01  00  00  00  08  00  00  00  02  00  00  00  6D  33  10  00  03  00  00  
00  E3  07  02  19  12  29  36  00  01  00  12  00  6D  34  14  00  03  00  00  00  89  38  03  00  
B5  21  FF  FF  2F  33  04  00  6C  BE  07  00  6D  35  0C  00  03  00  00  00  C3  47  4E  00  00  
5C  85  02  00  03  04  03  00  00  00  28  01  6D  15  14  00  02  01  00  00  03  04  03  00  00  
00  00  00  00  00  00  00  00  00  00  00  6D  16  10  00  03  00  00  00  E3  07  02  19  12  29  
36  00  EB  02  00  00  6D  21  1C  00  03  00  00  00  8D  03  00  00  18  00  00  00  65  00  00  
00  18  00  00  00  EF  FF  FF  FF  2E  00  00  00  6D  22  10  00  03  00  00  00  3A  FE  FF  FF  
28  02  00  00  C2  06  00  00  6D  23  14  00  03  00  00  00  EA  7A  AE  76  F6  4D  05  FD  FB  
65  0A  03  57  46  5D  0A  6D  24  24  00  02  00  00  00  00  00  00  00  00  00  00  00  00  00  
00  00  00  00  00  00  00  00  00  00  00  00  00  00  00  00  00  00  00  00  00  00  6D  31  20  
00  03  00  00  00  7A  CB  01  00  5C  92  FF  FF  BD  2B  01  00  4C  5A  08  00  E6  48  06  00  
D7  16  70  FF  02  62  07  00  6D  32  24  00  03  00  00  00  5A  E5  0B  00  6D  08  CD  7B  01  
00  00  00  BB  0D  1B  8D  05  00  00  00  01  00  00  00  08  00  00  00  02  00  00  00  6D  33  
10  00  03  00  00  00  E3  07  02  19  12  29  36  00  01  00  12  00  6D  34  14  00  03  00  00  
00  B0  38  03  00  61  38  FF  FF  E5  3E  04  00  B8  DB  07  00  6D  35  0C  00  03  00  00  00  
2B  8D  01  00  8C  12  07  00  41  53  1B  61  47  4E  00  00  5D  85  02  00  00  00  00  00  00  
00  28  01  6D  15  14  00  02  01  00  00  03  04  03  00  00  00  00  00  00  00  00  00  00  00  
00  00  6D  16  10  00  03  00  00  00  00  E3  07  02  19  12  29  36  00  F5  02  00  00  6D  21  
1C  00  03  00  00  00  A2  FF  FF  FF  D7  FE  FF  FF  50  00  00  00  DE  FF  FF  FF  0C  00  00  
00  4E  00  00  00  6D  22  10  00  03  00  00  00  3A  FE  FF  FF  27  02  00  00  C2  00  06  00  
00  6D  23  14  00  03  00  00  00  72  7A  AE  76  81  32  05  FD  A6  EE  09  03  CE  66  5D  0A  
6D  24  24  00  02  00  00  00  00  00  00  00  00  00  00  00  00  00  00  00  00  00  00  00  00  
00  00  00  00  00  00  00  00  00  00  00  00  00  00  00  00  6D  31  20  00  03  00  00  00  E9  
43  00  00  EC  14  FF  FF  B9  23  01  00  4C  77  07  00  DB  BC  06  00  EF  93  70  FF  8A  61  
07  00  6D  32  24  00  03  00  00  00  5A  E5  0B  00  6D  08  CD  7B  01  00  00  00  BB  00  0D  
1B  8D  05  00  00  00  01  00  00  00  08  00  00  00  02  00  00  00  6D  33  10  00  03  00  00  
00  E3  07  02  19  12  29  36  00  01  00  12  00  6D  34  14  00  03  00  00  00  02  57  03  00  
C3  29  FF  FF  E5  6D  04  00  D8  29  08  00  6D  35  0C  00  03  00  00  4C  47  4E  00  00  5E  
85  02  00  00  00  00  00  00  00  28  01  6D  15  14  00  02  01  00  00  03  04  03  00  00  00  
00  00  00  00  00  00  00  00  00  00  6D  16  10  00  03  00  00  00  E3  07  02  19  12  29  36  
00  FF  02  00  00  6D  21  1C  00  03  00  00  00  33  01  00  00  6A  FF  FF  FF  4D  00  00  00  
FC  FF  FF  FF  F7  FF  FF  FF  0F  00  00  00  6D  22  10  00  03  00  00  00  3A  FE  FF  FF  27  
02  00  00  C2  06  00  00  6D  23  14  00  03  00  00  00  9E  7C  AE  76  66  AD  05  FD  40  BD  
09  03  C4  7F  5D  0A  6D  24  24  00  02  00  00  00  00  00  00  00  00  00  00  00  00  00  00  
00  00  00  00  00  00  00  00  00  00  00  00  00  00  00  00  00  00  00  00  00  6D  31  20  00  
03  00  00  00  7E  E0  00  00  5F  4E  FF  FF  B6  22  01  00  DE  EA  07  00  E0  66  06  00  C7  
9B  6F  FF  FA  61  07  00  6D  32  24  00  03  00  00  00  02  E3  0B  00  6D  08  CD  7B  01  00  
00  00  DE  0D  1B  8D  05  00  00  00  FE  FF  FF  FF  08  00  00  00  02  00  00  00  6D  33  10  
00  03  00  00  00  E3  07  02  19  12  29  36  00  01  00  12  00  6D  34  14  00  03  00  00  00  
79  57  03  00  3D  40  FF  FF  72  56  04  00  C8  02  08  00  6D  35  0C  00  03  00  00  00  27  
8D  01  00  8C  12  07  00  41  53  AA  45  47  4E  00  00  5F  85  02  00  00  00  00  00  00  00  
28  01  6D  15  14  00  02  01  00  00  03  04  03  00  00  00  00  00  00  00  00  00  00  00  00  
00  6D  16  10  00  03  00  00  00  00  E3  07  02  19  12  29  36  00  09  03  00  00  6D  21  1C  
00  03  00  00  00  85  00  00  00  66  00  00  00  17  00  00  00  0D  00  00  00  E3  FF  FF  FF  
45  00  00  00  6D  22  10  00  03  00  00  00  3A  FE  FF  FF  27  02  00  00  C2  00  06  00  00  
6D  23  14  00  03  00  00  00  5A  7C  AE  76  A7  DC  05  FD  2B  E8  09  03  CB  83  5D  0A  6D  
24  24  00  02  00  00  00  00  00  00  00  00  00  00  00  00  00  00  00  00  00  00  00  00  00  
00  00  00  00  00  00  00  00  00  00  00  00  00  00  00  6D  31  20  00  03  00  00  00  9B  9C  
00  00  B8  B0  FF  FF  D7  0D  01  00  FC  2D  08  00  03  18  06  00  5E  71  70  FF  7B  61  07  
00  6D  32  24  00  03  00  00  00  02  E3  0B  00  6D  08  CD  7B  01  00  00  00  DE  00  0D  1B  
8D  05  00  00  00  FE  FF  FF  FF  08  00  00  00  02  00  00  00  6D  33  10  00  03  00  00  00  
E3  07  02  19  12  29  36  00  01  00  12  00  6D  34  14  00  03  00  00  00  FD  53  03  00  27  
4F  FF  FF  FC  3E  04  00  12  CD  07  00  6D  35  0C  00  03  00  00  74  47  4E  00  00  60  85  
02  00  14  00  00  00  00  00  28  01  6D  15  14  00  02  01  00  00  03  04  03  00  00  00  00  
00  00  00  00  00  00  00  00  00  6D  16  10  00  03  00  00  00  E3  07  02  19  12  29  36  00  
13  03  00  00  6D  21  1C  00  03  00  00  00  90  01  00  00  92  FF  FF  FF  C4  00  00  00  F4  
FF  FF  FF  0D  00  00  00  2A  00  00  00  6D  22  10  00  03  00  00  00  3B  FE  FF  FF  27  02  
00  00  C2  06  00  00  6D  23  14  00  03  00  00  00  F0  7A  AE  76  F2  7C  06  FD  88  CB  09  
03  62  CA  5D  0A  6D  24  24  00  02  00  00  00  00  00  00  00  00  00  00  00  00  00  00  00  
00  00  00  00  00  00  00  00  00  00  00  00  00  00  00  00  00  00  00  00  6D  31  20  00  03  
00  00  00  DB  04  01  00  05  5E  FF  FF  87  51  01  00  04  CC  07  00  44  BD  06  00  57  06  
70  FF  5D  61  07  00  6D  32  24  00  03  00  00  00  02  E3  0B  00  6D  08  CD  7B  01  00  00  
00  DE  0D  1B  8D  05  00  00  00  FE  FF  FF  FF  08  00  00  00  02  00  00  00  6D  33  10  00  
03  00  00  00  E3  07  02  19  12  29  36  00  01  00  12  00  6D  34  14  00  03  00  00  00  25  
48  03  00  7A  38  FF  FF  F3  3E  04  00  20  A1  07  00  6D  35  0C  00  03  00  00  00  2A  8D  
01  00  5A  12  07  00  41  53  CC  B7  47  4E  00  00  61  85  02  00  3D  87  01  00  00  00  28  
01  6D  15  14  00  02  01  00  00  03  04  03  00  00  00  00  00  00  00  00  00  00  00  00  00  
6D  16  10  00  03  00  00  00  00  E3  07  02  19  12  29  36  00  1D  03  00  00  6D  21  1C  00  
03  00  00  00  0D  00  00  00  D0  00  00  00  D4  FF  FF  FF  F7  FF  FF  FF  FA  FF  FF  FF  4F  
00  00  00  6D  22  10  00  03  00  00  00  3B  FE  FF  FF  27  02  00  00  C2  00  06  00  00  6D  
23  14  00  03  00  00  00  B9  7A  AE  76  8F  78  06  FD  B8  1A  0A  03  5C  B4  5D  0A  6D  24  
24  00  02  00  00  00  00  00  00  00  00  00  00  00  00  00  00  00  00  00  00  00  00  00  00  
00  00  00  00  00  00  00  00  00  00  00  00  00  00  6D  31  20  00  03  00  00  00  97  6D  00  
00  17  DA  FF  FF  D3  F3  00  00  10  D7  07  00  7C  72  06  00  BF  98  70  FF  C6  61  07  00  
6D  32  24  00  03  00  00  00  02  E3  0B  00  6D  08  CD  7B  01  00  00  00  DE  00  0D  1B  8D  
05  00  00  00  FE  FF  FF  FF  08  00  00  00  02  00  00  00  6D  33  10  00  03  00  00  00  E3  
07  02  19  12  29  36  00  01  00  12  00  6D  34  14  00  03  00  00  00  7B  39  03  00  6A  65  
FF  FF  AB  1F  04  00  20  A1  07  00  6D  35  0C  00  03  00  00  A0  47  4E  00  00  62  85  02  
00  01  16  01  60  00  00  28  01  6D  15  14  00  02  01  00  00  03  04  03  00  00  00  00  00  
00  00  00  00  00  00  00  00  6D  16  10  00  03  00  00  00  E3  07  02  19  12  29  36  00  27  
03  00  00  6D  21  1C  00  03  00  00  00  B3  FD  FF  FF  B8  FF  FF  FF  E5  FF  FF  FF  F0  FF  
FF  FF  07  00  00  00  40  00  00  00  6D  22  10  00  03  00  00  00  3A  FE  FF  FF  27  02  00  
00  C2  06  00  00  6D  23  14  00  03  00  00  00  FF  76  AE  76  52  94  05  FD  EA  E7  09  03  
6B  AC  5D  0A  6D  24  24  00  02  00  00  00  00  00  00  00  00  00  00  00  00  00  00  00  00  
00  00  00  00  00  00  00  00  00  00  00  00  00  00  00  00  00  00  00  6D  31  20  00  03  00  
00  00  98  82  FF  FF  A6  6C  FF  FF  97  FA  00  00  89  BD  07  00  B8  A5  06  00  4E  5C  70  
FF  B7  61  07  00  6D  32  24  00  03  00  00  00  02  E3  0B  00  6D  08  CD  7B  01  00  00  00  
DE  0D  1B  8D  05  00  00  00  FE  FF  FF  FF  08  00  00  00  02  00  00  00  6D  33  10  00  03  
00  00  00  E3  07  02  19  12  29  36  00  01  00  12  00  6D  34  14  00  03  00  00  00  6B  40  
03  00  6D  38  FF  FF  F0  3E  04  00  8A  B9  07  00  6D  35  0C  00  03  00  00  00  25  8D  01  
00  73  12  07  00  41  53  8A  AD  47  4E  00  00  63  85  02  00  2A  00  00  00  00  00  28  01  
6D  15  14  00  02  01  00  00  03  04  03  00  00  00  00  00  00  00  00  00  00  00  00  00  6D  
16  10  00  03  00  00  00  00  E3  07  02  19  12  29  36  00  31  03  00  00  6D  21  1C  00  03  
00  00  00  72  03  00  00  19  00  00  00  C0  00  00  00  01  00  00  00  0A  00  00  00  3F  00  
00  00  6D  22  10  00  03  00  00  00  3B  FE  FF  FF  27  02  00  00  C2  00  06  00  00  6D  23  
14  00  03  00  00  00  1D  79  AE  76  B9  E9  06  FD  EF  0E  0A  03  B6  EA  5D  0A  6D  24  24  
00  02  00  00  00  00  00  00  00  00  00  00  00  00  00  00  00  00  00  00  00  00  00  00  00  
00  00  00  00  00  00  00  00  00  00  00  00  00  6D  31  20  00  03  00  00  00  1E  C1  01  00  
38  92  FF  FF  6C  50  01  00  46  FF  07  00  13  B2  06  00  D2  59  70  FF  B1  60  07  00  6D  
32  24  00  03  00  00  00  02  E3  0B  00  6D  08  CD  7B  01  00  00  00  DE  00  0D  1B  8D  05  
00  00  00  FE  FF  FF  FF  08  00  00  00  02  00  00  00  6D  33  10  00  03  00  00  00  E3  07  
02  19  12  29  36  00  01  00  12  00  6D  34  14  00  03  00  00  00  78  47  03  00  29  0F  FF  
FF  64  56  04  00  A1  CA  07  00  6D  35  0C  00  03  00  00  52  47  4E  00  00  64  85  02  00  
10  05  00  00  00  00  28  01  6D  15  14  00  02  01  00  00  03  04  03  00  00  00  00  00  00  
00  00  00  00  00  00  00  6D  16  10  00  03  00  00  00  E3  07  02  19  12  29  36  00  3B  03  
00  00  6D  21  1C  00  03  00  00  00  07  FD  FF  FF  58  00  00  00  E7  FE  FF  FF  F3  FF  FF  
FF  E5  FF  FF  FF  23  00  00  00  6D  22  10  00  03  00  00  00  3A  FE  FF  FF  27  02  00  00  
C2  06  00  00  6D  23  14  00  03  00  00  00  B4  7A  AE  76  E5  B9  05  FD  E0  11  0A  03  76  
80  5D  0A  6D  24  24  00  02  00  00  00  00  00  00  00  00  00  00  00  00  00  00  00  00  00  
00  00  00  00  00  00  00  00  00  00  00  00  00  00  00  00  00  00  6D  31  20  00  03  00  00  
00  5E  3F  FF  FF  88  AA  FF  FF  92  97  00  00  26  C8  07  00  D9  1E  06  00  B2  EA  6F  FF  
21  61  07  00  6D  32  24  00  03  00  00  00  02  E3  0B  00  6D  08  CD  7B  01  00  00  00  DE  
0D  1B  8D  05  00  00  00  FE  FF  FF  FF  08  00  00  00  02  00  00  00  6D  33  10  00  03  00  
00  00  E3  07  02  19  12  29  36  00  01  00  12  00  6D  34  14  00  03  00  00  00  CE  47  03  
00  56  1A  FF  FF  F3  3E  04  00  A8  B4  07  00  6D  35  0C  00  03  00  00  00  28  8D  01  00  
8C  12  07  00  41  53  18  B7  47  4E  00  00  65  85  02  00  00  00  00  00  00  00  28  01  6D  
15  14  00  02  01  00  00  03  04  03  00  00  00  00  00  00  00  00  00  00  00  00  00  6D  16  
10  00  03  00  00  00  00  E3  07  02  19  12  29  36  00  45  03  00  00  6D  21  1C  00  03  00  
00  00  77  00  00  00  D6  FF  FF  FF  D1  00  00  00  FB  FF  FF  FF  29  00  00  00  3B  00  00  
00  6D  22  10  00  03  00  00  00  3A  FE  FF  FF  27  02  00  00  C2  00  06  00  00  6D  23  14  
00  03  00  00  00  7D  75  AE  76  25  E9  05  FD  FA  04  0A  03  80  CD  5D  0A  6D  24  24  00  
02  00  00  00  00  00  00  00  00  00  00  00  00  00  00  00  00  00  00  00  00  00  00  00  00  
00  00  00  00  00  00  00  00  00  00  00  00  6D  31  20  00  03  00  00  00  24  97  00  00  B2  
77  FF  FF  3B  57  01  00  7A  E7  07  00  16  2B  07  00  70  49  70  FF  F4  60  07  00  6D  32  
24  00  03  00  00  00  02  E3  0B  00  6D  08  CD  7B  01  00  00  00  DE  00  0D  1B  8D  05  00  
00  00  FE  FF  FF  FF  08  00  00  00  02  00  00  00  6D  33  10  00  03  00  00  00  E3  07  02  
19  12  29  36  00  01  00  12  00  6D  34  14  00  03  00  00  00  6E  57  03  00  81  29  FF  FF  
01  3F  04  00  B8  DB  07  00  6D  35  0C  00  03  00  00  A1  47  4E  00  00  66  85  02  00  00  
00  00  00  00  00  28  01  6D  15  14  00  02  01  00  00  03  04  03  00  00  00  00  00  00  00  
00  00  00  00  00  00  6D  16  10  00  03  00  00  00  E3  07  02  19  12  29  36  00  4F  03  00  
00  6D  21  1C  00  03  00  00  00  17  01  00  00  5B  00  00  00  07  00  00  00  F0  FF  FF  FF  
EA  FF  FF  FF  28  00  00  00  6D  22  10  00  03  00  00  00  3B  FE  FF  FF  27  02  00  00  C2  
06  00  00  6D  23  14  00  03  00  00  00  62  77  AE  76  F3  4F  06  FD  5E  2F  0A  03  E8  C8  
5D  0A  6D  24  24  00  02  00  00  00  00  00  00  00  00  00  00  00  00  00  00  00  00  00  00  
00  00  00  00  00  00  00  00  00  00  00  00  00  00  00  00  00  6D  31  20  00  03  00  00  00  
F3  D5  00  00  BA  AB  FF  FF  57  08  01  00  28  BE  07  00  4C  33  06  00  B0  FF  6F  FF  36  
62  07  00  6D  32  24  00  03  00  00  00  02  E3  0B  00  6D  08  CD  7B  01  00  00  00  DE  0D  
1B  8D  05  00  00  00  FE  FF  FF  FF  08  00  00  00  02  00  00  00  6D  33  10  00  03  00  00  
00  E3  07  02  19  12  29  36  00  01  00  12  00  6D  34  14  00  03  00  00  00  76  38  03  00  
EE  30  FF  FF  85  4E  04  00  5E  EA  07  00  6D  35  0C  00  03  00  00  00  25  8D  01  00  5A  
12  07  00  41  53  9E  9E  47  4E  00  00  67  85  02  00  00  00  00  00  00  00  28  01  6D  15  
14  00  02  01  00  00  03  04  03  00  00  00  00  00  00  00  00  00  00  00  00  00  6D  16  10  
00  03  00  00  00  00  E3  07  02  19  12  29  36  00  59  03  00  00  6D  21  1C  00  03  00  00  
00  1D  FE  FF  FF  92  FF  FF  FF  4E  00  00  00  E2  FF  FF  FF  06  00  00  00  3B  00  00  00  
6D  22  10  00  03  00  00  00  3A  FE  FF  FF  27  02  00  00  C2  00  06  00  00  6D  23  14  00  
03  00  00  00  7D  71  AE  76  2C  96  05  FD  10  F2  09  03  06  E9  5D  0A  6D  24  24  00  02  
00  00  00  00  00  00  00  00  00  00  00  00  00  00  00  00  00  00  00  00  00  00  00  00  00  
00  00  00  00  00  00  00  00  00  00  00  6D  31  20  00  03  00  00  00  48  AC  FF  FF  2A  5D  
FF  FF  4C  24  01  00  E1  85  07  00  68  A3  06  00  59  47  70  FF  46  61  07  00  6D  32  24  
00  03  00  00  00  02  E3  0B  00  6D  08  CD  7B  01  00  00  00  DE  00  0D  1B  8D  05  00  00  
00  FE  FF  FF  FF  08  00  00  00  02  00  00  00  6D  33  10  00  03  00  00  00  E3  07  02  19  
12  29  36  00  01  00  12  00  6D  34  14  00  03  00  00  00  0D  29  03  00  63  38  FF  FF  60  
52  04  00  22  F4  07  00  6D  35  0C  00  03  00  00  D8  47  4E  00  00  68  85  02  00  00  04  
00  00  00  00  28  01  6D  15  14  00  02  01  00  00  03  04  03  00  00  00  00  00  00  00  00  
00  00  00  00  00  6D  16  10  00  03  00  00  00  E3  07  02  19  12  29  36  00  63  03  00  00  
6D  21  1C  00  03  00  00  00  8D  02  00  00  D8  FF  FF  FF  B3  00  00  00  FE  FF  FF  FF  F4  
FF  FF  FF  38  00  00  00  6D  22  10  00  03  00  00  00  3B  FE  FF  FF  27  02  00  00  C2  06  
00  00  6D  23  14  00  03  00  00  00  B2  72  AE  76  9B  94  06  FD  4B  F6  09  03  FD  22  5E  
0A  6D  24  24  00  02  00  00  00  00  00  00  00  00  00  00  00  00  00  00  00  00  00  00  00  
00  00  00  00  00  00  00  00  00  00  00  00  00  00  00  00  6D  31  20  00  03  00  00  00  16  
68  01  00  2F  78  FF  FF  AF  4B  01  00  A4  F3  07  00  5E  5B  06  00  37  3E  70  FF  99  61  
07  00  6D  32  24  00  03  00  00  00  A0  E0  0B  00  6D  08  CD  7B  01  00  00  00  EF  0D  1B  
8D  05  00  00  00  02  00  00  00  07  00  00  00  03  00  00  00  6D  33  10  00  03  00  00  00  
E3  07  02  19  12  29  36  00  01  00  12  00  6D  34  14  00  03  00  00  00  BD  57  03  00  7D  
38  FF  FF  63  2F  04  00  7C  E5  07  00  6D  35  0C  00  03  00  00  00  27  8D  01  00  41  12  
07  00  41  53  07  2E  47  4E  00  00  69  85  02  00  CF  BF  21  00  00  00  28  01  6D  15  14  
00  02  01  00  00  03  04  03  00  00  00  00  00  00  00  00  00  00  00  00  00  6D  16  10  00  
03  00  00  00  00  E3  07  02  19  12  29  36  00  6D  03  00  00  6D  21  1C  00  03  00  00  00  
5A  01  00  00  FF  FF  FF  FF  3C  00  00  00  F1  FF  FF  FF  EF  FF  FF  FF  3D  00  00  00  6D  
22  10  00  03  00  00  00  3B  FE  FF  FF  27  02  00  00  C2  00  06  00  00  6D  23  14  00  03  
00  00  00  75  74  AE  76  09  1A  07  FD  55  FF  09  03  71  32  5E  0A  6D  24  24  00  02  00  
00  00  00  00  00  00  00  00  00  00  00  00  00  00  00  00  00  00  00  00  00  00  00  00  00  
00  00  00  00  00  00  00  00  00  00  6D  31  20  00  03  00  00  00  1C  F0  00  00  76  87  FF  
FF  3E  1D  01  00  8D  C2  07  00  1D  46  06  00  8E  4E  70  FF  D5  61  07  00  6D  32  24  00  
03  00  00  00  A0  E0  0B  00  6D  08  CD  7B  01  00  00  00  EF  00  0D  1B  8D  05  00  00  00  
02  00  00  00  07  00  00  00  03  00  00  00  6D  33  10  00  03  00  00  00  E3  07  02  19  12  
29  36  00  01  00  12  00  6D  34  14  00  03  00  00  00  07  1A  03  00  03  38  FF  FF  91  1F  
04  00  7C  E5  07  00  6D  35  0C  00  03  00  00  8D  47  4E  00  00  6A  85  02  00  CE  20  00  
00  00  00  28  01  6D  15  14  00  02  01  00  00  03  04  03  00  00  00  00  00  00  00  00  00  
00  00  00  00  6D  16  10  00  03  00  00  00  E3  07  02  19  12  29  36  00  77  03  00  00  6D  
21  1C  00  03  00  00  00  0C  00  00  00  A2  FF  FF  FF  90  FF  FF  FF  FA  FF  FF  FF  0B  00  
00  00  3E  00  00  00  6D  22  10  00  03  00  00  00  3B  FE  FF  FF  27  02  00  00  C2  06  00  
00  6D  23  14  00  03  00  00  00  DD  79  AE  76  D9  1E  07  FD  F4  D5  09  03  17  02  5E  0A  
6D  24  24  00  02  00  00  00  00  00  00  00  00  00  00  00  00  00  00  00  00  00  00  00  00  
00  00  00  00  00  00  00  00  00  00  00  00  00  00  00  6D  31  20  00  03  00  00  00  D6  6D  
00  00  CF  62  FF  FF  18  DA  00  00  E4  E4  07  00  95  B3  06  00  65  55  70  FF  4C  62  07  
00  6D  32  24  00  03  00  00  00  A0  E0  0B  00  6D  08  CD  7B  01  00  00  00  EF  0D  1B  8D  
05  00  00  00  02  00  00  00  07  00  00  00  03  00  00  00  6D  33  10  00  03  00  00  00  E3  
07  02  19  12  29  36  00  01  00  12  00  6D  34  14  00  03  00  00  00  46  31  03  00  E4  4E  
FF  FF  11  37  04  00  30  C8  07  00  6D  35  0C  00  03  00  00  00  28  8D  01  00  0F  12  07  
00  41  53  E4  D5  47  4E  00  00  6B  85  02  00  00  00  00  00  00  00  28  01  6D  15  14  00  
02  01  00  00  03  04  03  00  00  00  00  00  00  00  00  00  00  00  00  00  6D  16  10  00  03  
00  00  00  00  E3  07  02  19  12  29  36  00  81  03  00  00  6D  21  1C  00  03  00  00  00  32  
01  00  00  E2  00  00  00  8D  FF  FF  FF  04  00  00  00  DA  FF  FF  FF  2A  00  00  00  6D  22  
10  00  03  00  00  00  3B  FE  FF  FF  27  02  00  00  C2  00  06  00  00  6D  23  14  00  03  00  
00  00  FE  7E  AE  76  52  8B  07  FD  61  33  0A  03  10  CB  5D  0A  6D  24  24  00  02  00  00  
00  00  00  00  00  00  00  00  00  00  00  00  00  00  00  00  00  00  00  00  00  00  00  00  00  
00  00  00  00  00  00  00  00  00  6D  31  20  00  03  00  00  00  87  E0  00  00  99  DF  FF  FF  
15  D9  00  00  33  0B  08  00  27  F2  05  00  7B  04  70  FF  81  62  07  00  6D  32  24  00  03  
00  00  00  A0  E0  0B  00  6D  08  CD  7B  01  00  00  00  EF  00  0D  1B  8D  05  00  00  00  02  
00  00  00  07  00  00  00  03  00  00  00  6D  33  10  00  03  00  00  00  E3  07  02  19  12  29  
36  00  01  00  12  00  6D  34  14  00  03  00  00  00  85  48  03  00  C6  65  FF  FF  91  4E  04  
00  E4  AA  07  00  6D  35  0C  00  03  00  00  06  47  4E  00  00  6C  85  02  00  00  00  00  00  
00  00  28  01  6D  15  14  00  02  01  00  00  03  04  03  00  00  00  00  00  00  00  00  00  00  
00  00  00  6D  16  10  00  03  00  00  00  E3  07  02  19  12  29  36  00  8B  03  00  00  6D  21  
1C  00  03  00  00  00  B9  00  00  00  17  01  00  00  A8  FF  FF  FF  DD  FF  FF  FF  04  00  00  
00  54  00  00  00  6D  22  10  00  03  00  00  00  3C  FE  FF  FF  28  02  00  00  C2  06  00  00  
6D  23  14  00  03  00  00  00  A0  81  AE  76  D2  C7  07  FD  E4  A0  0A  03  23  9E  5D  0A  6D  
24  24  00  02  00  00  00  00  00  00  00  00  00  00  00  00  00  00  00  00  00  00  00  00  00  
00  00  00  00  00  00  00  00  00  00  00  00  00  00  6D  31  20  00  03  00  00  00  63  B1  00  
00  41  F4  FF  FF  B3  E3  00  00  9F  74  07  00  21  97  06  00  01  A9  70  FF  6A  62  07  00  
6D  32  24  00  03  00  00  00  A0  E0  0B  00  6D  08  CD  7B  01  00  00  00  EF  0D  1B  8D  05  
00  00  00  02  00  00  00  07  00  00  00  03  00  00  00  6D  33  10  00  03  00  00  00  E3  07  
02  19  12  29  36  00  01  00  12  00  6D  34  14  00  03  00  00  00  85  48  03  00  C6  65  FF  
FF  91  4E  04  00  E4  AA  07  00  6D  35  0C  00  03  00  00  00  26  8D  01  00  8C  12  07  00  
41  53  30  98  47  4E  00  00  6D  85  02  00  00  00  00  00  00  00  28  01  6D  15  14  00  02  
01  00  00  03  04  03  00  00  00  00  00  00  00  00  00  00  00  00  00  6D  16  10  00  03  00  
00  00  00  E3  07  02  19  12  29  36  00  95  03  00  00  6D  21  1C  00  03  00  00  00  ED  01  
00  00  0E  00  00  00  98  00  00  00  FE  FF  FF  FF  04  00  00  00  4D  00  00  00  6D  22  10  
00  03  00  00  00  3C  FE  FF  FF  28  02  00  00  C2  00  06  00  00  6D  23  14  00  03  00  00  
00  D1  81  AE  76  F3  86  08  FD  70  B3  0A  03  34  CD  5D  0A  6D  24  24  00  02  00  00  00  
00  00  00  00  00  00  00  00  00  00  00  00  00  00  00  00  00  00  00  00  00  00  00  00  00  
00  00  00  00  00  00  00  00  6D  31  20  00  03  00  00  00  67  29  01  00  CC  8C  FF  FF  83  
41  01  00  53  F5  07  00  94  95  06  00  64  8F  70  FF  AF  61  07  00  6D  32  24  00  03  00  
00  00  A0  E0  0B  00  6D  08  CD  7B  01  00  00  00  EF  00  0D  1B  8D  05  00  00  00  02  00  
00  00  07  00  00  00  03  00  00  00  6D  33  10  00  03  00  00  00  E3  07  02  19  12  29  36  
00  01  00  12  00  6D  34  14  00  03  00  00  00  6D  53  03  00  9B  16  FF  FF  2F  37  04  00  
30  C8  07  00  6D  35  0C  00  03  00  00  6C  47  4E  00  00  6E  85  02  00  00  00  00  00  00  
00  28  01  6D  15  14  00  02  01  00  00  03  04  03  00  00  00  00  00  00  00  00  00  00  00  
00  00  6D  16  10  00  03  00  00  00  E3  07  02  19  12  29  36  00  9F  03  00  00  6D  21  1C  
00  03  00  00  00  60  FF  FF  FF  CD  FE  FF  FF  69  FF  FF  FF  FC  FF  FF  FF  F5  FF  FF  FF  
3F  00  00  00  6D  22  10  00  03  00  00  00  3C  FE  FF  FF  27  02  00  00  C2  06  00  00  6D  
23  14  00  03  00  00  00  08  89  AE  76  58  50  08  FD  05  31  0A  03  38  91  5D  0A  6D  24  
24  00  02  00  00  00  00  00  00  00  00  00  00  00  00  00  00  00  00  00  00  00  00  00  00  
00  00  00  00  00  00  00  00  00  00  00  00  00  6D  31  20  00  03  00  00  00  8A  2A  00  00  
75  0F  FF  FF  28  CB  00  00  C7  EC  07  00  44  59  06  00  B1  57  70  FF  0B  61  07  00  6D  
32  24  00  03  00  00  00  A0  E0  0B  00  6D  08  CD  7B  01  00  00  00  EF  0D  1B  8D  05  00  
00  00  02  00  00  00  07  00  00  00  03  00  00  00  6D  33  10  00  03  00  00  00  E3  07  02  
19  12  29  36  00  01  00  12  00  6D  34  14  00  03  00  00  00  DC  47  03  00  B8  12  FF  FF  
56  2F  04  00  8A  B9  07  00  6D  35  0C  00  03  00  00  00  28  8D  01  00  28  12  07  00  41  
53  EE  AD  47  4E  00  00  6F  85  02  00  00  00  00  00  00  00  28  01  6D  15  14  00  02  01  
00  00  03  04  03  00  00  00  00  00  00  00  00  00  00  00  00  00  6D  16  10  00  03  00  00  
00  00  E3  07  02  19  12  29  36  00  A9  03  00  00  6D  21  1C  00  03  00  00  00  C9  FF  FF  
FF  95  FF  FF  FF  07  00  00  00  02  00  00  00  0B  00  00  00  2B  00  00  00  6D  22  10  00  
03  00  00  00  3C  FE  FF  FF  27  02  00  00  C2  00  06  00  00  6D  23  14  00  03  00  00  00  
E2  89  AE  76  D2  3C  08  FD  73  01  0A  03  DD  8F  5D  0A  6D  24  24  00  02  00  00  00  00  
00  00  00  00  00  00  00  00  00  00  00  00  00  00  00  00  00  00  00  00  00  00  00  00  00  
00  00  00  00  00  00  00  6D  31  20  00  03  00  00  00  57  53  00  00  AF  5D  FF  FF  34  09  
01  00  26  01  08  00  F1  AE  06  00  DA  08  70  FF  90  62  07  00  6D  32  24  00  03  00  00  
00  A0  E0  0B  00  6D  08  CD  7B  01  00  00  00  EF  00  0D  1B  8D  05  00  00  00  02  00  00  
00  07  00  00  00  03  00  00  00  6D  33  10  00  03  00  00  00  E3  07  02  19  12  29  36  00  
01  00  12  00  6D  34  14  00  03  00  00  00  C4  3C  03  00  10  3C  FF  FF  64  2B  04  00  A8  
B4  07  00  6D  35  0C  00  03  00  00  49  47  4E  00  00  70  85  02  00  00  00  00  00  00  00  
28  01  6D  15  14  00  02  01  00  00  03  04  03  00  00  00  00  00  00  00  00  00  00  00  00  
00  6D  16  10  00  03  00  00  00  E3  07  02  19  12  29  36  00  B3  03  00  00  6D  21  1C  00  
03  00  00  00  77  00  00  00  C7  00  00  00  80  FF  FF  FF  F9  FF  FF  FF  EE  FF  FF  FF  50  
00  00  00  6D  22  10  00  03  00  00  00  3C  FE  FF  FF  27  02  00  00  C2  06  00  00  6D  23  
14  00  03  00  00  00  E9  8D  AE  76  87  61  08  FD  F1  4D  0A  03  CC  55  5D  0A  6D  24  24  
00  02  00  00  00  00  00  00  00  00  00  00  00  00  00  00  00  00  00  00  00  00  00  00  00  
00  00  00  00  00  00  00  00  00  00  00  00  6D  31  20  00  03  00  00  00  7E  97  00  00  02  
D5  FF  FF  4F  D4  00  00  66  E0  07  00  C0  3C  06  00  33  9B  70  FF  20  62  07  00  6D  32  
24  00  03  00  00  00  A0  E0  0B  00  6D  08  CD  7B  01  00  00  00  EF  0D  1B  8D  05  00  00  
00  02  00  00  00  07  00  00  00  03  00  00  00  6D  33  10  00  03  00  00  00  E3  07  02  19  
12  29  36  00  01  00  12  00  6D  34  14  00  03  00  00  00  1B  49  03  00  95  74  FF  FF  B8  
1F  04  00  40  EF  07  00  6D  35  0C  00  03  00  00  00  2A  8D  01  00  73  12  07  00  41  53  
D6  83  47  4E  00  00  71  85  02  00  00  00  00  00  00  00  28  01  6D  15  14  00  02  01  00  
00  03  04  03  00  00  00  00  00  00  00  00  00  00  00  00  00  6D  16  10  00  03  00  00  00  
00  E3  07  02  19  12  29  36  00  BD  03  00  00  6D  21  1C  00  03  00  00  00  F3  FE  FF  FF  
CD  FE  FF  FF  EE  FF  FF  FF  F1  FF  FF  FF  0E  00  00  00  51  00  00  00  6D  22  10  00  03  
00  00  00  3C  FE  FF  FF  27  02  00  00  C2  00  06  00  00  6D  23  14  00  03  00  00  00  7C  
8F  AE  76  F7  01  08  FD  A2  C9  09  03  3C  4F  5D  0A  6D  24  24  00  02  00  00  00  00  00  
00  00  00  00  00  00  00  00  00  00  00  00  00  00  00  00  00  00  00  00  00  00  00  00  00  
00  00  00  00  00  00  6D  31  20  00  03  00  00  00  10  00  00  00  91  0F  FF  FF  81  FF  00  
00  49  BF  07  00  7B  BA  06  00  A4  9F  70  FF  27  62  07  00  6D  32  24  00  03  00  00  00  
A0  E0  0B  00  6D  08  CD  7B  01  00  00  00  EF  00  0D  1B  8D  05  00  00  00  02  00  00  00  
07  00  00  00  03  00  00  00  6D  33  10  00  03  00  00  00  E3  07  02  19  12  29  36  00  01  
00  12  00  6D  34  14  00  03  00  00  00  AB  5F  03  00  96  47  FF  FF  82  2B  04  00  4E  C3  
07  00  6D  35  0C  00  03  00  00  9B  47  4E  00  00  72  85  02  00  00  00  00  00  00  00  28  
01  6D  15  14  00  02  01  00  00  03  04  03  00  00  00  00  00  00  00  00  00  00  00  00  00  
6D  16  10  00  03  00  00  00  E3  07  02  19  12  29  36  00  C7  03  00  00  6D  21  1C  00  03  
00  00  00  9F  00  00  00  50  00  00  00  DE  FF  FF  FF  02  00  00  00  F5  FF  FF  FF  29  00  
00  00  6D  22  10  00  03  00  00  00  3C  FE  FF  FF  27  02  00  00  C2  06  00  00  6D  23  14  
00  03  00  00  00  EC  91  AE  76  15  3B  08  FD  07  EA  09  03  2A  3A  5D  0A  6D  24  24  00  
02  00  00  00  00  00  00  00  00  00  00  00  00  00  00  00  00  00  00  00  00  00  00  00  00  
00  00  00  00  00  00  00  00  00  00  00  6D  31  20  00  03  00  00  00  FF  A6  00  00  70  A6  
FF  FF  E1  F8  00  00  F1  03  08  00  D2  58  06  00  F9  01  70  FF  45  62  07  00  6D  32  24  
00  03  00  00  00  C6  DD  0B  00  5C  08  CD  7B  01  00  00  00  24  0E  1B  8D  05  00  00  00  
00  00  00  00  07  00  00  00  03  00  00  00  6D  33  10  00  03  00  00  00  E3  07  02  19  12  
29  36  00  01  00  12  00  6D  34  14  00  03  00  00  00  1A  48  03  00  52  29  FF  FF  55  2F  
04  00  E4  AA  07  00  6D  35  0C  00  03  00  00  00  2A  8D  01  00  8C  12  07  00  41  53  E5  
B9  47  4E  00  00  73  85  02  00  00  00  00  00  00  00  28  01  6D  15  14  00  02  01  00  00  
03  04  03  00  00  00  00  00  00  00  00  00  00  00  00  00  6D  16  10  00  03  00  00  00  00  
E3  07  02  19  12  29  36  00  D1  03  00  00  6D  21  1C  00  03  00  00  00  6F  FD  FF  FF  91  
00  00  00  92  FF  FF  FF  09  00  00  00  F3  FF  FF  FF  54  00  00  00  6D  22  10  00  03  00  
00  00  3B  FE  FF  FF  27  02  00  00  C2  00  06  00  00  6D  23  14  00  03  00  00  00  41  8E  
AE  76  5F  34  07  FD  0D  08  0A  03  14  10  5D  0A  6D  24  24  00  02  00  00  00  00  00  00  
00  00  00  00  00  00  00  00  00  00  00  00  00  00  00  00  00  00  00  00  00  00  00  00  00  
00  00  00  00  00  6D  31  20  00  03  00  00  00  74  68  FF  FF  9D  BF  FF  FF  29  DB  00  00  
4E  1F  08  00  07  52  06  00  0F  A9  70  FF  EB  61  07  00  6D  32  24  00  03  00  00  00  C6  
DD  0B  00  5C  08  CD  7B  01  00  00  00  24  00  0E  1B  8D  05  00  00  00  00  00  00  00  07  
00  00  00  03  00  00  00  6D  33  10  00  03  00  00  00  E3  07  02  19  12  29  36  00  01  00  
12  00  6D  34  14  00  03  00  00  00  D5  30  03  00  A3  21  FF  FF  41  2F  04  00  02  A6  07  
00  6D  35  0C  00  03  00  00  04  47  4E  00  00  74  85  02  00  00  00  00  00  00  00  28  01  
6D  15  14  00  02  01  00  00  03  04  03  00  00  00  00  00  00  00  00  00  00  00  00  00  6D  
16  10  00  03  00  00  00  E3  07  02  19  12  29  36  00  DB  03  00  00  6D  21  1C  00  03  00  
00  00  10  FE  FF  FF  83  00  00  00  76  FF  FF  FF  FE  FF  FF  FF  11  00  00  00  25  00  00  
00  6D  22  10  00  03  00  00  00  3B  FE  FF  FF  27  02  00  00  C1  06  00  00  6D  23  14  00  
03  00  00  00  2E  8D  AE  76  FB  6B  06  FD  36  26  0A  03  09  DA  5C  0A  6D  24  24  00  02  
00  00  00  00  00  00  00  00  00  00  00  00  00  00  00  00  00  00  00  00  00  00  00  00  00  
00  00  00  00  00  00  00  00  00  00  6D  31  20  00  03  00  00  00  61  A7  FF  FF  6D  BA  FF  
FF  65  D0  00  00  B4  F3  07  00  B7  CD  06  00  BC  F3  6F  FF  5D  61  07  00  6D  32  24  00  
03  00  00  00  C6  DD  0B  00  5C  08  CD  7B  01  00  00  00  24  0E  1B  8D  05  00  00  00  00  
00  00  00  07  00  00  00  03  00  00  00  6D  33  10  00  03  00  00  00  E3  07  02  19  12  29  
36  00  01  00  12  00  6D  34  14  00  03  00  00  00  49  48  03  00  64  38  FF  FF  55  2F  04  
00  A8  B4  07  00  6D  35  0C  00  03  00  00  00  29  8D  01  00  28  12  07  00  41  53  5F  99  
47  4E  00  00  75  85  02  00  00  00  00  00  00  00  28  01  6D  15  14  00  02  01  00  00  03  
04  03  00  00  00  00  00  00  00  00  00  00  00  00  00  6D  16  10  00  03  00  00  00  00  E3  
07  02  19  12  29  36  00  E5  03  00  00  6D  21  1C  00  03  00  00  00  AD  00  00  00  BA  00  
00  00  9B  FF  FF  FF  17  00  00  00  EC  FF  FF  FF  3A  00  00  00  6D  22  10  00  03  00  00  
00  3B  FE  FF  FF  28  02  00  00  C1  00  06  00  00  6D  23  14  00  03  00  00  00  BE  90  AE  
76  20  A6  06  FD  4C  71  0A  03  E8  AB  5C  0A  6D  24  24  00  02  00  00  00  00  00  00  00  
00  00  00  00  00  00  00  00  00  00  00  00  00  00  00  00  00  00  00  00  00  00  00  00  00  
00  00  00  00  6D  31  20  00  03  00  00  00  7A  AC  00  00  D4  CF  FF  FF  B3  DE  00  00  A7  
55  08  00  BC  38  06  00  44  45  70  FF  A0  61  07  00  6D  32  24  00  03  00  00  00  C6  DD  
0B  00  5C  08  CD  7B  01  00  00  00  24  00  0E  1B  8D  05  00  00  00  00  00  00  00  07  00  
00  00  03  00  00  00  6D  33  10  00  03  00  00  00  E3  07  02  19  12  29  36  00  01  00  12  
00  6D  34  14  00  03  00  00  00  7E  25  03  00  2B  38  FF  FF  36  2F  04  00  A8  B4  07  00  
6D  35  0C  00  03  00  00  7A  47  4E  00  00  76  85  02  00  00  00  00  00  00  00  28  01  6D  
15  14  00  02  01  00  00  03  04  03  00  00  00  00  00  00  00  00  00  00  00  00  00  6D  16  
10  00  03  00  00  00  E3  07  02  19  12  29  37  00  07  00  00  00  6D  21  1C  00  03  00  00  
00  DA  FE  FF  FF  03  FF  FF  FF  92  FF  FF  FF  E6  FF  FF  FF  F6  FF  FF  FF  45  00  00  00  
6D  22  10  00  03  00  00  00  3A  FE  FF  FF  27  02  00  00  C1  06  00  00  6D  23  14  00  03  
00  00  00  7D  94  AE  76  FC  39  06  FD  55  01  0A  03  CB  82  5C  0A  6D  24  24  00  02  00  
00  00  00  00  00  00  00  00  00  00  00  00  00  00  00  00  00  00  00  00  00  00  00  00  00  
00  00  00  00  00  00  00  00  00  6D  31  20  00  03  00  00  00  DF  F5  FF  FF  3E  24  FF  FF  
EF  DA  00  00  EB  95  07  00  38  64  06  00  54  71  70  FF  F3  61  07  00  6D  32  24  00  03  
00  00  00  C6  DD  0B  00  5C  08  CD  7B  01  00  00  00  24  0E  1B  8D  05  00  00  00  00  00  
00  00  07  00  00  00  03  00  00  00  6D  33  10  00  03  00  01  00  E3  07  02  19  12  29  36  
00  01  00  12  00  6D  34  14  00  03  00  00  00  DF  19  03  00  84  30  FF  FF  5F  27  04  00  
30  C8  07  00  6D  35  0C  00  03  00  00  00  28  8D  01  00  41  12  07  00  41  53  E2  FF  47  
4E  00  00  77  85  02  00  00  00  00  00  00  00  28  01  6D  15  14  00  02  01  00  00  03  04  
03  00  00  00  00  00  00  00  00  00  00  00  00  00  6D  16  10  00  03  00  00  00  00  E3  07  
02  19  12  29  37  00  11  00  00  00  6D  21  1C  00  03  00  00  00  ED  01  00  00  E6  FF  FF  
FF  49  00  00  00  FC  FF  FF  FF  F3  FF  FF  FF  37  00  00  00  6D  22  10  00  03  00  00  00  
3B  FE  FF  FF  27  02  00  00  C1  00  06  00  00  6D  23  14  00  03  00  00  00  84  97  AE  76  
1D  FA  06  FD  DD  05  0A  03  F1  95  5C  0A  6D  24  24  00  02  00  00  00  00  00  00  00  00  
00  00  00  00  00  00  00  00  00  00  00  00  00  00  00  00  00  00  00  00  00  00  00  00  00  
00  00  00  6D  31  20  00  03  00  00  00  79  29  01  00  40  7D  FF  FF  21  22  01  00  05  EA  
07  00  62  56  06  00  B2  39  70  FF  4C  62  07  00  6D  32  24  00  03  00  00  00  C6  DD  0B  
00  5C  08  CD  7B  01  00  00  00  24  00  0E  1B  8D  05  00  00  00  00  00  00  00  07  00  00  
00  03  00  00  00  6D  33  10  00  03  00  00  00  E3  07  02  19  12  29  36  00  01  00  12  00  
6D  34  14  00  03  00  00  00  73  21  03  00  13  29  FF  FF  36  2F  04  00  9A  E0  07  00  6D  
35  0C  00  03  00  00  C8  47  4E  00  00  78  85  02  00  00  00  00  00  00  00  28  01  6D  15  
14  00  02  01  00  00  03  04  03  00  00  00  00  00  00  00  00  00  00  00  00  00  6D  16  10  
00  03  00  00  00  E3  07  02  19  12  29  37  00  1B  00  00  00  6D  21  1C  00  03  00  00  00  
F3  FE  FF  FF  53  FF  FF  FF  4E  00  00  00  F9  FF  FF  FF  F4  FF  FF  FF  5C  00  00  00  6D  
22  10  00  03  00  00  00  3B  FE  FF  FF  27  02  00  00  C1  06  00  00  6D  23  14  00  03  00  
00  00  5E  94  AE  76  70  97  06  FD  A0  B7  09  03  A5  B4  5C  0A  6D  24  24  00  02  00  00  
00  00  00  00  00  00  00  00  00  00  00  00  00  00  00  00  00  00  00  00  00  00  00  00  00  
00  00  00  00  00  00  00  00  6D  31  20  00  03  00  00  00  C5  FF  FF  FF  82  43  FF  FF  E1  
23  01  00  D1  DD  07  00  19  5B  06  00  8B  C9  70  FF  F3  61  07  00  6D  32  24  00  03  00  
00  00  C6  DD  0B  00  5C  08  CD  7B  01  00  00  00  24  0E  1B  8D  05  00  00  00  00  00  00  
00  07  00  00  00  03  00  00  00  6D  33  10  00  03  00  00  00  E3  07  02  19  12  29  36  00  
01  00  12  00  6D  34  14  00  03  00  00  00  3E  38  03  00  7A  29  FF  FF  26  5E  04  00  40  
EF  07  00  6D  35  0C  00  03  00  00  00  28  8D  01  00  28  12  07  00  41  53  58  8E  47  4E  
00  00  79  85  02  00  00  00  00  00  00  00  28  01  6D  15  14  00  02  01  00  00  03  04  03  
00  00  00  00  00  00  00  00  00  00  00  00  00  6D  16  10  00  03  00  00  00  00  E3  07  02  
19  12  29  37  00  25  00  00  00  6D  21  1C  00  03  00  00  00  C9  FF  FF  FF  53  FF  FF  FF  
82  00  00  00  ED  FF  FF  FF  18  00  00  00  44  00  00  00  6D  22  10  00  03  00  00  00  3B  
FE  FF  FF  27  02  00  00  C1  00  06  00  00  6D  23  14  00  03  00  00  00  86  91  AE  76  38  
88  06  FD  35  71  09  03  7D  E5  5C  0A  6D  24  24  00  02  00  00  00  00  00  00  00  00  00  
00  00  00  00  00  00  00  00  00  00  00  00  00  00  00  00  00  00  00  00  00  00  00  00  00  
00  00  6D  31  20  00  03  00  00  00  31  53  00  00  BF  43  FF  FF  5C  38  01  00  03  AF  07  
00  14  E9  06  00  7F  6C  70  FF  27  62  07  00  6D  32  24  00  03  00  00  00  C6  DD  0B  00  
5C  08  CD  7B  01  00  00  00  24  00  0E  1B  8D  05  00  00  00  00  00  00  00  07  00  00  00  
03  00  00  00  6D  33  10  00  03  00  00  00  E3  07  02  19  12  29  36  00  01  00  12  00  6D  
34  14  00  03  00  00  00  F6  43  03  00  DB  34  FF  FF  30  5E  04  00  40  EF  07  00  6D  35  
0C  00  03  00  00  BD  47  4E  00  00  7A  85  02  00  00  00  00  00  00  00  28  01  6D  15  14  
00  02  01  00  00  03  04  03  00  00  00  00  00  00  00  00  00  00  00  00  00  6D  16  10  00  
03  00  00  00  E3  07  02  19  12  00  29  37  00  2F  00  00  00  6D  21  1C  00  03  00  00  00  
D6  00  00  00  FD  00  00  00  8F  FF  FF  FF  01  00  00  00  E9  FF  FF  FF  56  00  00  00  6D  
22  10  00  03  00  00  00  3B  FE  FF  FF  27  02  00  00  C1  06  00  00  6D  23  14  00  00  03  
00  00  00  51  95  AE  76  ED  CF  06  FD  DB  D6  09  03  D1  B0  5C  0A  6D  24  24  00  02  00  
00  00  00  00  00  00  00  00  00  00  00  00  00  00  00  00  00  00  00  00  00  00  00  00  00  
00  00  00  00  00  00  00  00  00  6D  00  31  20  00  03  00  00  00  14  BC  00  00  D1  E9  FF  
FF  47  D9  00  00  72  FC  07  00  A0  2C  06  00  18  B0  70  FF  E4  61  07  00  6D  32  24  00  
03  00  00  00  C6  DD  0B  00  5C  08  CD  7B  01  00  00  00  24  0E  1B  8D  05  00  00  00  00  
00  00  00  00  07  00  00  00  03  00  00  00  6D  33  10  00  03  00  00  00  E3  07  02  19  12  
29  36  00  01  00  12  00  6D  34  14  00  03  00  00  00  05  40  03  00  E8  21  FF  FF  8D  4E  
04  00  30  C8  07  00  6D  35  0C  00  03  00  00  00  28  8D  01  00  28  9E  47  4E  00  00  8F  
85  02  00  01  01  00  00  00  00  28  01  6D  15  14  00  02  01  00  00  03  04  03  00  00  00  
00  00  00  00  00  00  00  00  00  00  6D  16  10  00  03  00  00  00  E3  07  02  19  12  29  37  
00  01  01  00  00  6D  21  1C  00  03  00  00  00  50  FF  FF  FF  56  FF  FF  FF  4F  00  00  00  
FF  FF  FF  FF  0A  00  00  00  44  00  00  00  6D  22  10  00  03  00  00  00  3C  FE  FF  FF  27  
02  00  00  C2  06  00  00  6D  23  14  00  03  00  00  00  E8  89  AE  76  CE  4F  08  FD  74  31  
09  03  F3  D1  5D  0A  6D  24  24  00  02  00  00  00  00  00  00  00  00  00  00  00  00  00  00  
00  00  00  00  00  00  00  00  00  00  00  00  00  00  00  00  00  00  00  00  00  6D  31  20  00  
03  00  00  00  72  24  00  00  89  43  FF  FF  B1  23  01  00  75  F5  07  00  A8  AA  06  00  85  
6C  70  FF  91  61  07  00  6D  32  24  00  03  00  00  00  02  D9  0B  00  5C  08  CD  7B  01  00  
00  00  69  0E  1B  8D  05  00  00  00  FD  FF  FF  FF  09  00  00  00  04  00  00  00  6D  33  10  
00  03  00  00  00  E3  07  02  19  12  29  37  00  01  00  12  00  6D  34  14  00  03  00  00  00  
75  57  03  00  A9  38  FF  FF  A0  4E  04  00  50  16  08  00  6D  35  0C  00  03  00  00  00  00  
24  8D  01  00  28  12  07  00  41  53  CB  69  47  4E  00  00  90  85  02  00  00  00  00  00  00  
00  28  01  6D  15  14  00  02  01  00  00  03  04  03  00  00  00  00  00  00  00  00  00  00  00  
00  00  6D  16  10  00  03  00  00  00  E3  07  02  19  12  29  37  00  0B  01  00  00  6D  21  1C  
00  03  00  00  00  22  02  00  00  01  01  00  00  C4  FF  FF  FF  11  00  00  00  0A  00  00  00  
46  00  00  00  6D  22  10  00  03  00  00  00  3C  FE  FF  FF  27  02  00  00  C2  06  00  00  6D  
23  14  00  03  00  00  00  D3  8E  AE  76  2C  19  09  FD  77  A6  09  03  01  B1  5D  0A  6D  24  
24  00  02  00  00  00  00  00  00  00  00  00  00  00  00  00  00  00  00  00  00  00  00  00  00  
00  00  00  00  00  00  00  00  00  00  00  00  00  6D  31  20  00  03  00  00  00  80  3E  01  00  
2F  EA  FF  FF  81  ED  00  00  68  3D  08  00  93  AA  06  00  9C  73  70  FF  4C  62  07  00  6D  
32  24  00  03  00  00  00  0E  D7  0B  00  5C  08  CD  7B  01  00  00  00  8C  0E  1B  8D  05  00  
00  00  02  37  00  01  00  12  00  6D  34  14  00  03  00  00  00  DC  38  03  00  73  47  FF  FF  
E5  3E  04  00  50  16  08  00  6D  35  0C  00  03  00  00  00  29  8D  01  00  28  12  07  00  41  
53  51  BC  47  4E  00  00  91  85  02  00  00  00  00  00  00  00  28  01  6D  15  14  00  02  01  
00  00  03  04  03  00  00  00  00  00  00  00  00  00  00  00  00  00  6D  16  10  00  03  00  00  
00  E3  07  02  19  12  29  37  00  15  01  00  00  6D  21  1C  00  03  00  00  00  4F  FF  FF  FF  
2C  00  00  00  69  00  00  00  F1  FF  FF  FF  F0  FF  FF  FF  34  00  00  00  6D  22  10  00  03  
00  00  00  3C  FE  FF  FF  27  02  00  00  C2  06  00  00  6D  23  14  00  03  00  00  00  2A  89  
AE  76  5A  D2  08  FD  07  B2  09  03  2B  DA  5D  0A  6D  24  24  00  02  00  00  00  00  00  00  
00  00  00  00  00  00  00  00  00  00  00  00  00  00  00  00  00  00  00  00  00  00  00  00  00  
00  00  00  00  6D  31  20  00  03  00  00  00  FD  23  00  00  AA  96  FF  FF  D5  2D  01  00  D1  
BD  07  00  8D  43  06  00  C9  2B  70  FF  54  62  07  00  6D  32  24  00  03  00  00  00  0E  D7  
0B  00  5C  08  CD  7B  01  00  00  00  8C  0E  1B  8D  05  00  00  00  02  00  00  00  02  00  00  
00  04  00  00  00  6D  33  10  00  03  00  00  00  E3  07  02  19  12  29  37  00  01  00  12  00  
6D  34  14  00  03  00  00  00  6E  44  03  00  28  3C  FF  FF  39  33  04  00  B8  DB  07  00  6D  
35  0C  00  03  00  00  00  27  8D  01  00  73  12  07  00  41  53  00  9C  8A  47  4E  00  00  92  
85  02  00  00  00  00  00  00  00  28  01  6D  15  14  00  02  01  00  00  03  04  03  00  00  00  
00  00  00  00  00  00  00  00  00  00  6D  16  10  00  03  00  00  00  E3  07  02  19  12  29  37  
00  1F  01  00  00  6D  21  1C  00  03  00  00  00  D1  01  00  00  EB  FF  FF  FF  81  00  00  00  
EC  FF  FF  FF  0F  00  00  00  38  00  00  00  6D  22  10  00  03  00  00  00  3D  FE  FF  FF  27  
02  00  00  C2  06  00  00  6D  23  14  00  03  00  00  00  BA  89  AE  76  FE  86  09  FD  49  B9  
09  03  3C  05  5E  0A  6D  24  24  00  02  00  00  00  00  00  00  00  00  00  00  00  00  00  00  
00  00  00  00  00  00  00  00  00  00  00  00  00  00  00  00  00  00  00  00  00  6D  31  20  00  
03  00  00  00  CA  1E  01  00  51  7D  FF  FF  16  37  01  00  EE  AC  07  00  F4  BE  06  00  DF  
3B  70  FF  81  62  07  00  6D  32  24  00  03  00  00  00  0E  D7  0B  00  5C  08  CD  7B  01  00  
00  00  8C  0E  1B  8D  05  00  00  00  02  00  00  00  02  00  00  00  04  00  00  00  6D  33  01  
00  12  00  6D  34  14  00  03  00  00  00  9B  40  03  00  B9  30  FF  FF  B3  1F  04  00  02  A6  
07  00  6D  35  0C  00  03  00  00  00  27  8D  01  00  8C  12  07  00  41  53  50  E6  47  4E  00  
00  93  85  02  00  00  00  00  00  00  00  28  01  6D  15  14  00  02  01  00  00  03  04  03  00  
00  00  00  00  00  00  00  00  00  00  00  00  6D  16  10  00  03  00  00  00  E3  07  02  19  12  
29  37  00  29  01  00  00  6D  21  1C  00  03  00  00  00  93  FF  FF  FF  DC  FF  FF  FF  19  00  
00  00  FD  FF  FF  FF  03  00  00  00  3F  00  00  00  6D  22  10  00  03  00  00  00  3D  FE  FF  
FF  27  02  00  00  C2  06  00  00  6D  23  14  00  03  00  00  00  73  88  AE  76  B8  5B  09  FD  
D6  A5  09  03  32  0D  5E  0A  6D  24  24  00  02  00  00  00  00  00  00  00  00  00  00  00  00  
00  00  00  00  00  00  00  00  00  00  00  00  00  00  00  00  00  00  00  00  00  00  00  6D  31  
20  00  03  00  00  00  84  3E  00  00  7E  77  FF  FF  89  0E  01  00  81  EE  07  00  7B  8E  06  
00  68  55  70  FF  F3  61  07  00  6D  32  24  00  03  00  00  00  0E  D7  0B  00  5C  08  CD  7B  
01  00  00  00  8C  0E  1B  8D  05  00  00  00  02  00  00  00  02  00  00  00  04  00  00  00  6D  
33  10  00  03  00  00  00  E3  07  02  19  12  29  37  00  01  00  12  00  6D  34  14  00  03  00  
00  00  EE  38  03  00  0E  29  FF  FF  12  10  04  00  D4  83  07  00  6D  35  0C  00  03  00  00  
00  28  8D  01  00  5A  12  07  00  41  53  68  6B  47  4E  00  00  94  85  02  00  00  00  00  00  
00  00  28  01  6D  15  14  00  02  01  00  00  03  04  03  00  00  00  00  00  00  00  00  00  00  
00  00  00  6D  16  10  00  03  00  00  00  E3  07  02  19  12  29  37  00  33  01  00  00  6D  21  
1C  00  03  00  00  00  5D  FF  FF  FF  CF  FF  FF  FF  41  00  00  00  F4  FF  FF  FF  07  00  00  
00  5A  00  00  00  6D  22  10  00  03  00  00  00  3C  FE  FF  FF  27  02  00  00  C2  06  00  00  
6D  23  14  00  03  00  00  00  5B  85  AE  76  FD  1B  09  FD  27  8C  09  03  E6  25  5E  0A  6D  
24  24  00  02  00  00  00  00  00  00  00  00  00  00  00  00  00  00  00  00  00  00  00  00  00  
00  00  00  00  00  00  00  00  00  00  00  00  00  00  6D  31  20  00  03  00  00  00  69  29  00  
00  52  72  FF  FF  40  1E  01  00  CA  CA  07  00  7A  9E  06  00  36  C0  70  FF  54  62  07  00  
6D  32  24  00  03  00  00  00  0E  D7  0B  00  5C  08  CD  7B  01  00  00  00  8C  0E  1B  8D  05  
00  00  00  02  00  00  00  02  00  00  00  04  00  00  00  6D  33  10  00  00  01  00  12  00  6D  
34  14  00  03  00  00  00  CE  47  03  00  56  1A  FF  FF  F3  3E  04  00  AC  5A  08  00  6D  35  
0C  00  03  00  00  00  28  8D  01  00  28  12  07  00  41  53  BC  C8  47  4E  00  00  95  85  02  
00  00  00  00  00  00  00  28  01  6D  15  14  00  02  01  00  00  03  04  03  00  00  00  00  00  
00  00  00  00  00  00  00  00  6D  16  10  00  03  00  00  00  E3  07  02  19  12  29  37  00  3D  
01  00  00  6D  21  1C  00  03  00  00  00  91  00  00  00  E6  00  00  00  09  00  00  00  EC  FF  
FF  FF  F8  FF  FF  FF  27  00  00  00  6D  22  10  00  03  00  00  00  3C  FE  FF  FF  27  02  00  
00  C2  06  00  00  6D  23  14  00  03  00  00  00  78  84  AE  76  8F  49  09  FD  5B  E8  09  03  
11  22  5E  0A  6D  24  24  00  02  00  00  00  00  00  00  00  00  00  00  00  00  00  00  00  00  
00  00  00  00  00  00  00  00  00  00  00  00  00  00  00  00  00  00  00  6D  31  20  00  03  00  
00  00  B8  A1  00  00  6F  DF  FF  FF  6F  08  01  00  99  AB  07  00  6A  64  06  00  94  F8  6F  
FF  B7  61  07  00  6D  32  24  00  03  00  00  00  0E  D7  0B  00  5C  08  CD  7B  01  00  00  00  
8C  0E  1B  8D  05  00  00  00  02  00  00  00  02  00  00  00  04  00  00  00  6D  33  10  00  03  
00  00  00  E3  07  02  19  12  29  37  00  01  00  12  00  6D  34  14  00  03  00  00  00  86  53  
03  00  B7  25  FF  FF  FD  3E  04  00  C1  18  08  00  6D  35  0C  00  03  00  00  00  24  8D  01  
00  28  12  07  00  41  53  26  C7  47  4E  00  00  96  85  02  00  02  01  01  01  00  00  28  01  
6D  15  14  00  02  01  00  00  03  04  03  00  00  00  00  00  00  00  00  00  00  00  00  00  6D  
16  10  00  03  00  00  00  E3  07  02  19  12  29  37  00  47  01  00  00  6D  21  1C  00  03  00  
00  00  7A  FE  FF  FF  1E  00  00  00  F2  FF  FF  FF  0D  00  00  00  0C  00  00  00  50  00  00  
00  6D  22  10  00  03  00  00  00  3C  FE  FF  FF  27  02  00  00  C2  06  00  00  6D  23  14  00  
03  00  00  00  2A  81  AE  76  D2  AD  08  FD  4B  E4  09  03  8B  1C  5E  0A  6D  24  24  00  02  
00  00  00  00  00  00  00  00  00  00  00  00  00  00  00  00  00  00  00  00  00  00  00  00  00  
00  00  00  00  00  00  00  00  00  00  6D  31  20  00  03  00  00  00  CE  D0  FF  FF  28  91  FF  
FF  53  FF  00  00  0D  2D  08  00  AB  B1  06  00  AE  98  70  FF  EB  61  07  00  6D  32  24  00  
03  00  00  00  0E  D7  0B  00  5C  08  CD  7B  01  00  00  00  8C  0E  1B  8D  05  00  00  00  02  
00  00  00  02  00  00  00  04  00  00  00  6D  33  10  01  00  12  00  6D  34  14  00  03  00  00  
00  0F  48  03  00  F1  30  FF  FF  F3  3E  04  00  8C  0C  08  00  6D  35  0C  00  03  00  00  00  
26  8D  01  00  28  12  07  00  41  53  CF  7C  47  4E  00  00  97  85  02  00  00  00  00  00  00  
00  28  01  6D  15  14  00  02  01  00  00  03  04  03  00  00  00  00  00  00  00  00  00  00  00  
00  00  6D  16  10  00  03  00  00  00  E3  07  02  19  12  29  37  00  51  01  00  00  6D  21  1C  
00  03  00  00  00  9B  02  00  00  8A  00  00  00  8F  FF  FF  FF  E6  FF  FF  FF  FE  FF  FF  FF  
3A  00  00  00  6D  22  10  00  03  00  00  00  3D  FE  FF  FF  27  02  00  00  C2  06  00  00  6D  
23  14  00  03  00  00  00  6C  8A  AE  76  67  A8  09  FD  58  2D  0A  03  D3  E4  5D  0A  6D  24  
24  00  02  00  00  00  00  00  00  00  00  00  00  00  00  00  00  00  00  00  00  00  00  00  00  
00  00  00  00  00  00  00  00  00  00  00  00  00  6D  31  20  00  03  00  00  00  D8  6D  01  00  
89  BB  FF  FF  87  D8  00  00  05  96  07  00  82  7B  06  00  32  45  70  FF  02  62  07  00  6D  
32  24  00  03  00  00  00  0E  D7  0B  00  5C  08  CD  7B  01  00  00  00  8C  0E  1B  8D  05  00  
00  00  02  00  00  00  02  00  00  00  04  00  00  00  6D  33  10  00  03  00  00  00  E3  07  02  
19  12  29  37  00  01  00  12  00  6D  34  14  00  03  00  00  00  B0  38  03  00  61  38  FF  FF  
E5  3E  04  00  50  16  08  00  6D  35  0C  00  03  00  00  00  22  8D  01  00  28  12  07  00  41  
53  35  15  47  4E  00  00  98  85  02  00  00  00  00  00  00  00  28  01  6D  15  14  00  02  01  
00  00  03  04  03  00  00  00  00  00  00  00  00  00  00  00  00  00  6D  16  10  00  03  00  00  
00  E3  07  02  19  12  29  37  00  5B  01  00  00  6D  21  1C  00  03  00  00  00  4A  02  00  00  
C3  FF  FF  FF  8D  00  00  00  F3  FF  FF  FF  F1  FF  FF  FF  47  00  00  00  6D  22  10  00  03  
00  00  00  3D  FE  FF  FF  27  02  00  00  C2  06  00  00  6D  23  14  00  03  00  00  00  39  8C  
AE  76  F4  8C  0A  FD  9C  28  0A  03  DD  12  5E  0A  6D  24  24  00  02  00  00  00  00  00  00  
00  00  00  00  00  00  00  00  00  00  00  00  00  00  00  00  00  00  00  00  00  00  00  00  00  
00  00  00  00  6D  31  20  00  03  00  00  00  E4  4D  01  00  D3  6D  FF  FF  1E  3C  01  00  CE  
C6  07  00  E6  45  06  00  10  76  70  FF  54  62  07  00  6D  32  24  00  03  00  00  00  0E  D7  
0B  00  5C  08  CD  7B  01  00  00  00  8C  0E  1B  8D  05  00  00  00  02  00  00  00  02  00  00  
00  04  00  00  00  6D  33  10  00  00  01  00  12  00  6D  34  14  00  03  00  00  00  E7  66  03  
00  C2  38  FF  FF  AD  4E  04  00  50  16  08  00  6D  35  0C  00  03  00  00  00  25  8D  01  00  
73  12  07  00  41  53  79  48  47  4E  00  00  99  85  02  00  64  00  00  00  00  00  28  01  6D  
15  14  00  02  01  00  00  03  04  03  00  00  00  00  00  00  00  00  00  00  00  00  00  6D  16  
10  00  03  00  00  00  E3  07  02  19  12  29  37  00  65  01  00  00  6D  21  1C  00  03  00  00  
00  20  FD  FF  FF  48  FF  FF  FF  53  FF  FF  FF  04  00  00  00  1E  00  00  00  54  00  00  00  
6D  22  10  00  03  00  00  00  3D  FE  FF  FF  27  02  00  00  C2  06  00  00  6D  23  14  00  03  
00  00  00  28  8D  AE  76  CB  6F  09  FD  6A  C3  09  03  64  D4  5D  0A  6D  24  24  00  02  00  
00  00  00  00  00  00  00  00  00  00  00  00  00  00  00  00  00  00  00  00  00  00  00  00  00  
00  00  00  00  00  00  00  00  00  6D  31  20  00  03  00  00  00  90  49  FF  FF  BB  3D  FF  FF  
9C  C1  00  00  D6  09  08  00  33  F5  06  00  1D  AB  70  FF  BE  61  07  00  6D  32  24  00  03  
00  00  00  0E  D7  0B  00  5C  08  CD  7B  01  00  00  00  8C  0E  1B  8D  05  00  00  00  02  00  
00  00  02  00  00  00  04  00  00  00  6D  33  10  00  03  00  00  00  E3  07  02  19  12  29  37  
00  01  00  12  00  6D  34  14  00  03  00  00  00  A6  43  03  00  B1  16  FF  FF  49  5A  04  00  
04  F9  07  00  6D  35  0C  00  03  00  00  00  26  8D  01  00  28  12  07  00  41  53  58  15  47  
4E  00  00  9A  85  02  00  00  00  00  00  00  00  28  01  6D  15  14  00  02  01  00  00  03  04  
03  00  00  00  00  00  00  00  00  00  00  00  00  00  6D  16  10  00  03  00  00  00  E3  07  02  
19  12  29  37  00  6F  01  00  00  6D  21  1C  00  03  00  00  00  EE  00  00  00  05  00  00  00  
4C  00  00  00  19  00  00  00  F9  FF  FF  FF  3A  00  00  00  6D  22  10  00  03  00  00  00  3D  
FE  FF  FF  27  02  00  00  C2  06  00  00  6D  23  14  00  03  00  00  00  15  8D  AE  76  F7  C8  
09  FD  13  CC  09  03  2A  EC  5D  0A  6D  24  24  00  02  00  00  00  00  00  00  00  00  00  00  
00  00  00  00  00  00  00  00  00  00  00  00  00  00  00  00  00  00  00  00  00  00  00  00  00  
6D  31  20  00  03  00  00  00  1D  C6  00  00  77  87  FF  FF  A5  22  01  00  C1  59  08  00  02  
67  06  00  4C  45  70  FF  79  62  07  00  6D  32  24  00  03  00  00  00  38  D5  0B  00  4B  08  
CD  7B  01  00  00  00  D2  0E  1B  8D  05  00  00  00  FE  FF  FF  FF  07  00  00  00  03  00  00  
00  6D  33  10  29  37  00  01  00  12  00  6D  34  14  00  03  00  00  00  BC  47  03  00  60  1A  
FF  FF  C5  46  04  00  30  C8  07  00  6D  35  0C  00  03  00  00  00  2B  8D  01  00  28  12  07  
00  41  53  15  90  47  4E  00  00  9B  85  02  00  02  01  00  00  00  00  28  01  6D  15  14  00  
02  01  00  00  03  04  03  00  00  00  00  00  00  00  00  00  00  00  00  00  6D  16  10  00  03  
00  00  00  E3  07  02  19  12  29  37  00  79  01  00  00  6D  21  1C  00  03  00  00  00  5A  01  
00  00  7C  00  00  00  08  00  00  00  FC  FF  FF  FF  FB  FF  FF  FF  49  00  00  00  6D  22  10  
00  03  00  00  00  3D  FE  FF  FF  27  02  00  00  C2  06  00  00  6D  23  14  00  03  00  00  00  
0A  8F  AE  76  1D  47  0A  FD  09  07  0A  03  7D  E8  5D  0A  6D  24  24  00  02  00  00  00  00  
00  00  00  00  00  00  00  00  00  00  00  00  00  00  00  00  00  00  00  00  00  00  00  00  00  
00  00  00  00  00  00  6D  31  20  00  03  00  00  00  45  F0  00  00  0E  B6  FF  FF  33  08  01  
00  57  EC  07  00  12  6E  06  00  2E  7F  70  FF  6C  61  07  00  6D  32  24  00  03  00  00  00  
38  D5  0B  00  4B  08  CD  7B  01  00  00  00  D2  0E  1B  8D  05  00  00  00  FE  FF  FF  FF  07  
00  00  00  03  00  00  00  6D  33  10  00  03  00  00  00  E3  07  02  19  12  29  37  00  01  00  
12  00  6D  34  14  00  03  00  00  00  92  57  03  00  6C  29  FF  FF  63  2F  04  00  20  A1  07  
00  6D  35  0C  00  03  00  00  00  25  8D  01  00  41  12  07  00  41  53  05  89  47  4E  00  00  
9C  85  02  00  03  04  03  00  00  00  28  01  6D  15  14  00  02  01  00  00  03  04  03  00  00  
00  00  00  00  00  00  00  00  00  00  00  6D  16  10  00  03  00  00  00  E3  07  02  19  12  29  
37  00  83  01  00  00  6D  21  1C  00  03  00  00  00  4B  01  00  00  73  FF  FF  FF  8E  00  00  
00  0B  00  00  00  09  00  00  00  49  00  00  00  6D  22  10  00  03  00  00  00  3D  FE  FF  FF  
27  02  00  00  C2  06  00  00  6D  23  14  00  03  00  00  00  EF  8E  AE  76  82  C9  0A  FD  B4  
DB  09  03  A4  1B  5E  0A  6D  24  24  00  02  00  00  00  00  00  00  00  00  00  00  00  00  00  
00  00  00  00  00  00  00  00  00  00  00  00  00  00  00  00  00  00  00  00  00  00  6D  31  20  
00  03  00  00  00  96  EA  00  00  85  4E  FF  FF  B4  3C  01  00  93  23  08  00  57  A3  06  00  
ED  7C  70  FF  9F  62  07  00  6D  32  24  00  03  00  00  00  38  D5  0B  00  4B  08  CD  7B  01  
00  00  00  D2  0E  1B  8D  05  00  00  00  FE  FF  FF  FF  07  00  00  00  03  00  00  00  6D  12  
29  37  00  01  00  12  00  6D  34  14  00  03  00  00  00  92  57  03  00  6C  29  FF  FF  63  2F  
04  00  B8  DB  07  00  6D  35  0C  00  03  00  00  00  29  8D  01  00  5A  12  07  00  41  53  D5  
50  47  4E  00  00  9D  85  02  00  00  00  00  00  00  00  28  01  6D  15  14  00  02  01  00  00  
03  04  03  00  00  00  00  00  00  00  00  00  00  00  00  00  6D  16  10  00  03  00  00  00  E3  
07  02  19  12  29  37  00  8D  01  00  00  6D  21  1C  00  03  00  00  00  36  FF  FF  FF  E8  FF  
FF  FF  FD  FF  FF  FF  03  00  00  00  EC  FF  FF  FF  3D  00  00  00  6D  22  10  00  03  00  00  
00  3D  FE  FF  FF  27  02  00  00  C2  06  00  00  6D  23  14  00  03  00  00  00  64  8D  AE  76  
95  77  0A  FD  C0  CA  09  03  E6  1A  5E  0A  6D  24  24  00  02  00  00  00  00  00  00  00  00  
00  00  00  00  00  00  00  00  00  00  00  00  00  00  00  00  00  00  00  00  00  00  00  00  00  
00  00  6D  31  20  00  03  00  00  00  2F  1A  00  00  79  7C  FF  FF  40  04  01  00  8D  06  08  
00  4F  2F  06  00  7C  4E  70  FF  37  61  07  00  6D  32  24  00  03  00  00  00  38  D5  0B  00  
4B  08  CD  7B  01  00  00  00  D2  0E  1B  8D  05  00  00  00  FE  FF  FF  FF  07  00  00  00  03  
00  00  00  6D  33  10  00  03  00  00  00  E3  07  02  19  12  29  37  00  01  00  12  00  6D  34  
14  00  03  00  00  00  77  57  03  00  7C  29  FF  FF  19  3B  04  00  C6  AF  07  00  6D  35  0C  
00  03  00  00  00  28  8D  01  00  73  12  07  00  41  53  FD  61  47  4E  00  00  9E  85  02  00  
00  00  00  00  00  00  28  01  6D  15  14  00  02  01  00  00  03  04  03  00  00  00  00  00  00  
00  00  00  00  00  00  00  6D  16  10  00  03  00  00  00  E3  07  02  19  12  29  37  00  97  01  
00  00  6D  21  1C  00  03  00  00  00  BD  FE  FF  FF  2F  FF  FF  FF  41  00  00  00  0A  00  00  
00  05  00  00  00  55  00  00  00  6D  22  10  00  03  00  00  00  3D  FE  FF  FF  27  02  00  00  
C2  06  00  00  6D  23  14  00  03  00  00  00  1E  8A  AE  76  98  FD  09  FD  D9  6E  09  03  77  
38  5E  0A  6D  24  24  00  02  00  00  00  00  00  00  00  00  00  00  00  00  00  00  00  00  00  
00  00  00  00  00  00  00  00  00  00  00  00  00  00  00  00  00  00  6D  31  20  00  03  00  00  
00  CE  EA  FF  FF  EF  33  FF  FF  CD  1E  01  00  2C  21  08  00  1B  93  06  00  AF  AD  70  FF  
63  62  07  00  6D  32  24  00  03  00  00  00  38  D5  0B  00  4B  08  CD  7B  01  00  00  00  D2  
0E  1B  8D  05  00  00  00  FE  FF  FF  FF  07  00  00  00  03  00  00  00  12  29  37  00  01  00  
12  00  6D  34  14  00  03  00  00  00  2A  44  03  00  57  29  FF  FF  21  37  04  00  02  A6  07  
00  6D  35  0C  00  03  00  00  00  25  8D  01  00  41  12  07  00  41  53  C7  84  47  4E  00  00  
9F  85  02  00  00  00  00  00  00  00  28  01  6D  15  14  00  02  01  00  00  03  04  03  00  00  
00  00  00  00  00  00  00  00  00  00  00  6D  16  10  00  03  00  00  00  E3  07  02  19  12  29  
37  00  A1  01  00  00  6D  21  1C  00  03  00  00  00  C6  00  00  00  12  00  00  00  3D  00  00  
00  EB  FF  FF  FF  01  00  00  00  4C  00  00  00  6D  22  10  00  03  00  00  00  3D  FE  FF  FF  
27  02  00  00  C2  06  00  00  6D  23  14  00  03  00  00  00  CD  89  AE  76  0A  46  0A  FD  B1  
7C  09  03  B4  4C  5E  0A  6D  24  24  00  02  00  00  00  00  00  00  00  00  00  00  00  00  00  
00  00  00  00  00  00  00  00  00  00  00  00  00  00  00  00  00  00  00  00  00  00  6D  31  20  
00  03  00  00  00  90  B6  00  00  8F  8C  FF  FF  82  1D  01  00  56  A8  07  00  E7  84  06  00  
79  88  70  FF  F3  61  07  00  6D  32  24  00  03  00  00  00  38  D5  0B  00  4B  08  CD  7B  01  
00  00  00  D2  0E  1B  8D  05  00  00  00  FE  FF  FF  FF  07  00  00  00  03  00  00  00  6D  33  
10  00  03  00  00  00  E3  07  02  19  12  29  37  00  01  00  12  00  6D  34  14  00  03  00  00  
00  60  0A  03  00  D7  28  FF  FF  83  1F  04  00  A8  B4  07  00  6D  35  0C  00  03  00  00  00  
26  8D  01  00  5A  12  07  00  41  53  C6  45  47  4E  00  00  A0  85  02  00  14  00  00  00  00  
00  28  01  6D  15  14  00  02  01  00  00  03  04  03  00  00  00  00  00  00  00  00  00  00  00  
00  00  6D  16  10  00  03  00  00  00  E3  07  02  19  12  29  37  00  AB  01  00  00  6D  21  1C  
00  03  00  00  00  CA  FE  FF  FF  8C  FF  FF  FF  0A  00  00  00  F2  FF  FF  FF  FF  FF  FF  FF  
56  00  00  00  6D  22  10  00  03  00  00  00  3D  FE  FF  FF  27  02  00  00  C2  06  00  00  6D  
23  14  00  03  00  00  00  A7  87  AE  76  90  CD  09  FD  88  44  09  03  54  53  5E  0A  6D  24  
24  00  02  00  00  00  00  00  00  00  00  00  00  00  00  00  00  00  00  00  00  00  00  00  00  
00  00  00  00  00  00  00  00  00  00  00  00  00  6D  31  20  00  03  00  00  00  39  F0  FF  FF  
26  58  FF  FF  CD  09  01  00  31  C4  07  00  AE  7B  06  00  F4  AF  70  FF  E4  61  07  00  6D  
32  24  00  03  00  00  00  38  D5  0B  00  4B  08  CD  7B  01  00  00  00  D2  0E  1B  8D  05  00  
00  00  FE  FF  FF  FF  07  00  00  00  03  00  00  00  19  12  29  37  00  01  00  12  00  6D  34  
14  00  03  00  00  00  4F  39  03  00  59  56  FF  FF  AB  1F  04  00  A8  B4  07  00  6D  35  0C  
00  03  00  00  00  25  8D  01  00  73  12  07  00  41  53  5A  3E  47  4E  00  00  A1  85  02  00  
3D  87  01  00  00  00  28  01  6D  15  14  00  02  01  00  00  03  04  03  00  00  00  00  00  00  
00  00  00  00  00  00  00  6D  16  10  00  03  00  00  00  E3  07  02  19  12  29  37  00  B5  01  
00  00  6D  21  1C  00  03  00  00  00  6A  00  00  00  16  FF  FF  FF  ED  FF  FF  FF  FC  FF  FF  
FF  11  00  00  00  2E  00  00  00  6D  22  10  00  03  00  00  00  3D  FE  FF  FF  26  02  00  00  
C2  06  00  00  6D  23  14  00  03  00  00  00  B9  8B  AE  76  72  F9  09  FD  D5  EB  08  03  3D  
4B  5E  0A  6D  24  24  00  02  00  00  00  00  00  00  00  00  00  00  00  00  00  00  00  00  00  
00  00  00  00  00  00  00  00  00  00  00  00  00  00  00  00  00  00  6D  31  20  00  03  00  00  
00  86  92  00  00  C9  29  FF  FF  B9  FE  00  00  26  EA  07  00  46  C4  06  00  9C  16  70  FF  
8A  61  07  00  6D  32  24  00  03  00  00  00  38  D5  0B  00  4B  08  CD  7B  01  00  00  00  D2  
0E  1B  8D  05  00  00  00  FE  FF  FF  FF  07  00  00  00  03  00  00  00  6D  33  10  00  03  00  
00  00  E3  07  02  19  12  29  37  00  01  00  12  00  6D  34  14  00  03  00  00  00  0D  44  03  
00  09  1E  FF  FF  22  37  04  00  40  EF  07  00  6D  35  0C  00  03  00  00  00  23  8D  01  00  
28  12  07  00  41  53  05  00  47  4E  00  00  A2  85  02  00  01  16  01  60  00  00  28  01  6D  
15  14  00  02  01  00  00  03  04  03  00  00  00  00  00  00  00  00  00  00  00  00  00  6D  16  
10  00  03  00  00  00  E3  07  02  19  12  29  37  00  BF  01  00  00  6D  21  1C  00  03  00  00  
00  59  01  00  00  F9  FF  FF  FF  56  00  00  00  01  00  00  00  E0  FF  FF  FF  3B  00  00  00  
6D  22  10  00  03  00  00  00  3D  FE  FF  FF  26  02  00  00  C2  06  00  00  6D  23  14  00  03  
00  00  00  46  8C  AE  76  94  7C  0A  FD  D2  F4  08  03  C3  67  5E  0A  6D  24  24  00  02  00  
00  00  00  00  00  00  00  00  00  00  00  00  00  00  00  00  00  00  00  00  00  00  00  00  00  
00  00  00  00  00  00  00  00  00  6D  31  20  00  03  00  00  00  FF  EF  00  00  49  82  FF  FF  
B3  27  01  00  11  FD  07  00  AB  02  06  00  B0  47  70  FF  EB  61  07  00  6D  32  24  00  03  
00  00  00  38  D5  0B  00  4B  08  CD  7B  01  00  00  00  D2  0E  1B  8D  05  00  00  00  FE  FF  
FF  FF  07  00  00  00  03  00  00  02  19  12  29  37  00  01  00  12  00  6D  34  14  00  03  00  
00  00  D9  47  03  00  1B  1E  FF  FF  F3  3E  04  00  C8  02  08  00  6D  35  0C  00  03  00  00  
00  23  8D  01  00  28  12  07  00  41  53  5D  BC  47  4E  00  00  A3  85  02  00  2A  00  00  00  
00  00  28  01  6D  15  14  00  02  01  00  00  03  04  03  00  00  00  00  00  00  00  00  00  00  
00  00  00  6D  16  10  00  03  00  00  00  E3  07  02  19  12  29  37  00  C9  01  00  00  6D  21  
1C  00  03  00  00  00  27  FF  FF  FF  54  00  00  00  30  00  00  00  F3  FF  FF  FF  0F  00  00  
00  3D  00  00  00  6D  22  10  00  03  00  00  00  3D  FE  FF  FF  26  02  00  00  C3  06  00  00  
6D  23  14  00  03  00  00  00  C8  87  AE  76  70  22  0A  FD  E9  0D  09  03  1E  7A  5E  0A  6D  
24  24  00  02  00  00  00  00  00  00  00  00  00  00  00  00  00  00  00  00  00  00  00  00  00  
00  00  00  00  00  00  00  00  00  00  00  00  00  00  6D  31  20  00  03  00  00  00  90  14  00  
00  1E  A6  FF  FF  02  19  01  00  75  C4  07  00  55  B8  06  00  63  4E  70  FF  DC  61  07  00  
6D  32  24  00  03  00  00  00  38  D5  0B  00  4B  08  CD  7B  01  00  00  00  D2  0E  1B  8D  05  
00  00  00  FE  FF  FF  FF  07  00  00  00  03  00  00  00  6D  33  10  00  03  00  00  00  E3  07  
02  19  12  29  37  00  01  00  12  00  6D  34  14  00  03  00  00  00  7D  48  03  00  9E  56  FF  
FF  F2  3E  04  00  C8  02  08  00  6D  35  0C  00  03  00  00  00  25  8D  01  00  73  12  00  07  
00  41  53  B0  82  47  4E  00  00  A4  85  02  00  10  05  00  00  00  00  28  01  6D  15  14  00  
02  01  00  00  03  04  03  00  00  00  00  00  00  00  00  00  00  00  00  00  6D  16  10  00  03  
00  00  00  E3  07  02  19  12  29  37  00  D3  01  00  00  6D  21  1C  00  03  00  00  00  A8  02  
00  00  07  00  00  00  1E  00  00  00  FB  FF  FF  FF  FE  FF  FF  FF  45  00  00  00  6D  22  10  
00  03  00  00  00  3E  FE  FF  FF  26  02  00  00  C3  06  00  00  6D  23  14  00  03  00  00  00  
5C  8D  AE  76  FA  25  0B  FD  18  27  09  03  EC  7C  5E  0A  6D  24  24  00  02  00  00  00  00  
00  00  00  00  00  00  00  00  00  00  00  00  00  00  00  00  00  00  00  00  00  00  00  00  00  
00  00  00  00  00  00  6D  31  20  00  03  00  00  00  CD  72  01  00  C1  87  FF  FF  20  12  01  
00  CB  E2  07  00  13  77  06  00  AC  6C  70  FF  09  62  07  00  6D  32  24  00  03  00  00  00  
26  D3  0B  00  4B  08  CD  7B  01  00  00  00  AF  0E  1B  8D  05  00  00  00  FE  FF  FF  FF  05  
00  00  00  04  00  12  29  37  00  01  00  12  00  6D  34  14  00  03  00  00  00  0C  67  03  00  
AC  38  FF  FF  0E  3F  04  00  7C  E5  07  00  6D  35  0C  00  03  00  00  00  2B  8D  01  00  8C  
12  07  00  41  53  17  E8  47  4E  00  00  A5  85  02  00  00  00  00  00  00  00  28  01  6D  15  
14  00  02  01  00  00  03  04  03  00  00  00  00  00  00  00  00  00  00  00  00  00  6D  16  10  
00  03  00  00  00  E3  07  02  19  12  29  37  00  DD  01  00  00  6D  21  1C  00  03  00  00  00  
3E  01  00  00  5A  FF  FF  FF  7E  00  00  00  F1  FF  FF  FF  0C  00  00  00  43  00  00  00  6D  
22  10  00  03  00  00  00  3E  FE  FF  FF  26  02  00  00  C3  06  00  00  6D  23  14  00  03  00  
00  00  F6  8D  AE  76  C8  A4  0B  FD  4A  F1  08  03  EC  A9  5E  0A  6D  24  24  00  02  00  00  
00  00  00  00  00  00  00  00  00  00  00  00  00  00  00  00  00  00  00  00  00  00  00  00  00  
00  00  00  00  00  00  00  00  6D  31  20  00  03  00  00  00  8A  E5  00  00  12  44  FF  FF  96  
37  01  00  39  BD  07  00  25  AA  06  00  F9  67  70  FF  3E  62  07  00  6D  32  24  00  03  00  
00  00  26  D3  0B  00  4B  08  CD  7B  01  00  00  00  AF  0E  1B  8D  05  00  00  00  FE  FF  FF  
FF  05  00  00  00  04  00  00  00  6D  33  10  00  03  00  00  00  E3  07  02  19  12  29  37  00  
01  00  12  00  6D  34  14  00  03  00  00  00  12  44  03  00  94  38  FF  FF  60  56  04  00  C8  
02  08  00  6D  35  0C  00  03  00  00  00  2A  8D  01  00  5A  12  07  00  41  53  EF  C5  47  4E  
00  00  A6  85  02  00  00  00  00  00  00  00  28  01  6D  15  14  00  02  01  00  00  03  04  03  
00  00  00  00  00  00  00  00  00  00  00  00  00  6D  16  10  00  03  00  00  00  E3  07  02  19  
12  29  37  00  E7  01  00  00  6D  21  1C  00  03  00  00  00  A3  FE  FF  FF  B5  FF  FF  FF  E1  
FF  FF  FF  08  00  00  00  01  00  00  00  46  00  00  00  6D  22  10  00  03  00  00  00  3E  FE  
FF  FF  26  02  00  00  C3  06  00  00  6D  23  14  00  03  00  00  00  83  8C  AE  76  AD  1A  0B  
FD  DA  C6  08  03  98  9F  5E  0A  6D  24  24  00  02  00  00  00  00  00  00  00  00  00  00  00  
00  00  00  00  00  00  00  00  00  00  00  00  00  00  00  00  00  00  00  00  00  00  00  00  6D  
31  20  00  03  00  00  00  D9  E0  FF  FF  8E  67  FF  FF  36  FA  00  00  7A  16  08  00  0B  81  
06  00  7C  73  70  FF  03  61  07  00  6D  32  24  00  03  00  00  00  26  D3  0B  00  4B  08  CD  
7B  01  00  00  00  AF  0E  1B  8D  05  00  00  00  FE  FF  FF  FF  05  00  00  00  04  00  00  00  
07  02  19  12  29  37  00  01  00  12  00  6D  34  14  00  03  00  00  00  BA  30  03  00  44  3C  
FF  FF  1E  5E  04  00  32  1B  08  00  6D  35  0C  00  03  00  00  00  25  8D  01  00  28  12  07  
00  41  53  A6  D0  47  4E  00  00  A7  85  02  00  00  00  00  00  00  00  28  01  6D  15  14  00  
02  01  00  00  03  04  03  00  00  00  00  00  00  00  00  00  00  00  00  00  6D  16  10  00  03  
00  00  00  E3  07  02  19  12  29  37  00  F1  01  00  00  6D  21  1C  00  03  00  00  00  0D  FF  
FF  FF  44  01  00  00  66  FF  FF  FF  14  00  00  00  F5  FF  FF  FF  28  00  00  00  6D  22  10  
00  03  00  00  00  3D  FE  FF  FF  27  02  00  00  C2  06  00  00  6D  23  14  00  03  00  00  00  
29  8C  AE  76  23  AB  0A  FD  D4  3A  09  03  D4  61  5E  0A  6D  24  24  00  02  00  00  00  00  
00  00  00  00  00  00  00  00  00  00  00  00  00  00  00  00  00  00  00  00  00  00  00  00  00  
00  00  00  00  00  00  6D  31  20  00  03  00  00  00  4F  0A  00  00  65  03  00  00  68  CA  00  
00  42  45  08  00  09  52  06  00  5D  FD  6F  FF  54  62  07  00  6D  32  24  00  03  00  00  00  
26  D3  0B  00  4B  08  CD  7B  01  00  00  00  AF  0E  1B  8D  05  00  00  00  FE  FF  FF  FF  05  
00  00  00  04  00  00  00  6D  33  10  00  03  00  00  00  E3  07  02  19  12  29  37  00  01  00  
12  00  6D  34  14  00  03  00  00  00  AA  19  03  00  6D  47  FF  FF  09  5E  04  00  24  47  08  
00  6D  35  0C  00  03  00  00  00  23  8D  01  00  41  12  07  00  41  53  4F  6F  47  4E  00  00  
A8  85  02  00  00  04  00  00  00  00  28  01  6D  15  14  00  02  01  00  00  03  04  03  00  00  
00  00  00  00  00  00  00  00  00  00  00  6D  16  10  00  03  00  00  00  E3  07  02  19  12  29  
37  00  FB  01  00  00  6D  21  1C  00  03  00  00  00  F5  FD  FF  FF  73  FF  FF  FF  B9  FF  FF  
FF  FD  FF  FF  FF  FD  FF  FF  FF  3D  00  00  00  6D  22  10  00  03  00  00  00  3D  FE  FF  FF  
26  02  00  00  C2  06  00  00  6D  23  14  00  03  00  00  00  E1  8A  AE  76  12  DF  09  FD  56  
F1  08  03  C3  4B  5E  0A  6D  24  24  00  02  00  00  00  00  00  00  00  00  00  00  00  00  00  
00  00  00  00  00  00  00  00  00  00  00  00  00  00  00  00  00  00  00  00  00  00  6D  31  20  
00  03  00  00  00  DD  9C  FF  FF  8F  4D  FF  FF  E8  EA  00  00  61  EC  07  00  EA  74  06  00  
C6  50  70  FF  C6  61  07  00  6D  32  24  00  03  00  00  00  26  D3  0B  00  4B  08  CD  7B  01  
00  00  00  AF  0E  1B  8D  05  00  00  00  FE  FF  FF  FF  05  00  00  00  04  02  19  12  29  37  
00  01  00  12  00  6D  34  14  00  03  00  00  00  59  48  03  00  B4  56  FF  FF  91  4E  04  00  
E4  AA  07  00  6D  35  0C  00  03  00  00  00  22  8D  01  00  8C  12  07  00  41  53  C5  AD  47  
4E  00  00  A9  85  02  00  CF  BF  21  00  00  00  28  01  6D  15  14  00  02  01  00  00  03  04  
03  00  00  00  00  00  00  00  00  00  00  00  00  00  6D  16  10  00  03  00  00  00  E3  07  02  
19  12  29  37  00  05  02  00  00  6D  21  1C  00  03  00  00  00  19  00  00  00  DF  FF  FF  FF  
14  00  00  00  01  00  00  00  F8  FF  FF  FF  50  00  00  00  6D  22  10  00  03  00  00  00  3D  
FE  FF  FF  26  02  00  00  C2  06  00  00  6D  23  14  00  03  00  00  00  BA  8A  AE  76  6D  E5  
09  FD  86  E5  08  03  CD  52  5E  0A  6D  24  24  00  02  00  00  00  00  00  00  00  00  00  00  
00  00  00  00  00  00  00  00  00  00  00  00  00  00  00  00  00  00  00  00  00  00  00  00  00  
6D  31  20  00  03  00  00  00  21  73  00  00  75  77  FF  FF  4F  0E  01  00  F1  FC  07  00  7D  
60  06  00  F2  9A  70  FF  9A  60  07  00  6D  32  24  00  03  00  00  00  26  D3  0B  00  4B  08  
CD  7B  01  00  00  00  AF  0E  1B  8D  05  00  00  00  FE  FF  FF  FF  05  00  00  00  04  00  00  
00  6D  33  10  00  03  00  00  00  E3  07  02  19  12  29  37  00  01  00  12  00  6D  34  14  00  
03  00  00  00  C9  53  03  00  1B  40  FF  FF  E4  42  04  00  98  8D  07  00  6D  35  0C  00  03  
00  00  00  28  8D  01  00  8C  12  07  00  41  53  F0  1D  47  4E  00  00  AA  85  02  00  CE  20  
00  00  00  00  28  01  6D  15  14  00  02  01  00  00  03  04  03  00  00  00  00  00  00  00  00  
00  00  00  00  00  6D  16  10  00  03  00  00  00  E3  07  02  19  12  29  37  00  0F  02  00  00  
6D  21  1C  00  03  00  00  00  BD  FE  FF  FF  B7  FF  FF  FF  8F  FF  FF  FF  07  00  00  00  FE  
FF  FF  FF  3E  00  00  00  6D  22  10  00  03  00  00  00  3C  FE  FF  FF  26  02  00  00  C2  06  
00  00  6D  23  14  00  03  00  00  00  15  8C  AE  76  D5  64  09  FD  11  BD  08  03  5A  2A  5E  
0A  6D  24  24  00  02  00  00  00  00  00  00  00  00  00  00  00  00  00  00  00  00  00  00  00  
00  00  00  00  00  00  00  00  00  00  00  00  00  00  00  00  6D  31  20  00  03  00  00  00  59  
EB  FF  FF  AA  67  FF  FF  BE  DA  00  00  F7  13  08  00  06  7C  06  00  18  53  70  FF  CD  61  
07  00  6D  32  24  00  03  00  00  00  26  D3  0B  00  4B  08  CD  7B  01  00  00  00  AF  0E  1B  
8D  05  00  00  00  FE  FF  FF  FF  05  00  00  00  04  00  07  02  19  12  29  37  00  01  00  12  
00  6D  34  14  00  03  00  00  00  89  57  03  00  68  3C  FF  FF  B9  4A  04  00  D4  83  07  00  
6D  35  0C  00  03  00  00  00  2B  8D  01  00  41  12  07  00  41  53  42  7A  47  4E  00  00  AB  
85  02  00  00  00  00  00  00  00  28  01  6D  15  14  00  02  01  00  00  03  04  03  00  00  00  
00  00  00  00  00  00  00  00  00  00  6D  16  10  00  03  00  00  00  E3  07  02  19  12  29  37  
00  19  02  00  00  6D  21  1C  00  03  00  00  00  86  FF  FF  FF  2F  00  00  00  F9  FF  FF  FF  
F4  FF  FF  FF  11  00  00  00  1E  00  00  00  6D  22  10  00  03  00  00  00  3C  FE  FF  FF  26  
02  00  00  C2  06  00  00  6D  23  14  00  03  00  00  00  8C  8A  AE  76  89  2E  09  FD  8E  CB  
08  03  2B  28  5E  0A  6D  24  24  00  02  00  00  00  00  00  00  00  00  00  00  00  00  00  00  
00  00  00  00  00  00  00  00  00  00  00  00  00  00  00  00  00  00  00  00  00  6D  31  20  00  
03  00  00  00  72  39  00  00  84  96  FF  FF  06  04  01  00  E2  C9  07  00  42  C4  06  00  E8  
D7  6F  FF  5D  61  07  00  6D  32  24  00  03  00  00  00  26  D3  0B  00  4B  08  CD  7B  01  00  
00  00  AF  0E  1B  8D  05  00  00  00  FE  FF  FF  FF  05  00  00  00  04  00  00  00  6D  33  10  
00  03  00  00  00  E3  07  02  19  12  29  37  00  01  00  12  00  6D  34  14  00  03  00  00  00  
58  57  03  00  E7  47  FF  FF  E4  6D  04  00  D4  83  07  00  6D  35  0C  00  03  00  00  00  28  
8D  01  00  8C  12  07  00  41  53  A2  F4  47  4E  00  00  AC  85  02  00  00  00  00  00  00  00  
28  01  6D  15  14  00  02  01  00  00  03  04  03  00  00  00  00  00  00  00  00  00  00  00  00  
00  6D  16  10  00  03  00  00  00  E3  07  02  19  12  29  37  00  23  02  00  00  6D  21  1C  00  
03  00  00  00  90  01  00  00  AC  FF  FF  FF  F7  FF  FF  FF  FB  FF  FF  FF  02  00  00  00  54  
00  00  00  6D  22  10  00  03  00  00  00  3D  FE  FF  FF  26  02  00  00  C2  06  00  00  6D  23  
14  00  03  00  00  00  7C  8F  AE  76  FD  C7  09  FD  90  B8  08  03  11  21  5E  0A  6D  24  24  
00  02  00  00  00  00  00  00  00  00  00  00  00  00  00  00  00  00  00  00  00  00  00  00  00  
00  00  00  00  00  00  00  00  00  00  00  00  6D  31  20  00  03  00  00  00  6B  05  01  00  11  
63  FF  FF  2D  03  01  00  C8  E2  07  00  B1  87  06  00  E4  A8  70  FF  4E  61  07  00  6D  32  
24  00  03  00  00  00  26  D3  0B  00  4B  08  CD  7B  01  00  00  00  AF  0E  1B  8D  05  00  00  
00  FE  FF  FF  FF  05  00  00  00  04  00  E3  07  02  19  12  29  37  00  01  00  12  00  6D  34  
14  00  03  00  00  00  FE  57  03  00  07  75  FF  FF  3F  5E  04  00  24  47  08  00  6D  35  0C  
00  03  00  00  00  2A  8D  01  00  8C  12  07  00  41  53  AB  D3  47  4E  00  00  AD  85  02  00  
00  00  00  00  00  00  28  01  6D  15  14  00  02  01  00  00  03  04  03  00  00  00  00  00  00  
00  00  00  00  00  00  00  6D  16  10  00  03  00  00  00  E3  07  02  19  12  29  37  00  2D  02  
00  00  6D  21  1C  00  03  00  00  00  1D  FE  FF  FF  B8  FF  FF  FF  23  00  00  00  F9  FF  FF  
FF  09  00  00  00  2E  00  00  00  6D  22  10  00  03  00  00  00  3C  FE  FF  FF  26  02  00  00  
C2  06  00  00  6D  23  14  00  03  00  00  00  49  8A  AE  76  B6  09  09  FD  2C  8C  08  03  34  
33  5E  0A  6D  24  24  00  02  00  00  00  00  00  00  00  00  00  00  00  00  00  00  00  00  00  
00  00  00  00  00  00  00  00  00  00  00  00  00  00  00  00  00  00  6D  31  20  00  03  00  00  
00  59  AC  FF  FF  8E  67  FF  FF  8C  14  01  00  0A  DA  07  00  01  A6  06  00  A0  16  70  FF  
55  61  07  00  6D  32  24  00  03  00  00  00  26  D3  0B  00  4B  08  CD  7B  01  00  00  00  AF  
0E  1B  8D  05  00  00  00  FE  FF  FF  FF  05  00  00  00  04  00  00  00  6D  33  10  00  03  00  
00  00  E3  07  02  19  12  29  37  00  01  00  12  00  6D  34  14  00  03  00  00  00  99  4C  03  
00  75  69  FF  FF  0F  3B  04  00  40  EF  07  00  6D  35  0C  00  03  00  00  00  27  8D  01  00  
00  8C  12  07  00  41  53  55  DD  47  4E  00  00  AE  85  02  00  00  00  00  00  00  00  28  01  
6D  15  14  00  02  01  00  00  03  04  03  00  00  00  00  00  00  00  00  00  00  00  00  00  6D  
16  10  00  03  00  00  00  E3  07  02  19  12  29  37  00  37  02  00  00  6D  21  1C  00  03  00  
00  00  0A  01  00  00  FC  FF  FF  FF  04  00  00  00  0C  00  00  00  FA  FF  FF  FF  47  00  00  
00  6D  22  10  00  03  00  00  00  3C  FE  FF  FF  26  02  00  00  C2  06  00  00  6D  23  14  00  
03  00  00  00  AA  8C  AE  76  90  6B  09  FD  04  94  08  03  A7  31  5E  0A  6D  24  24  00  02  
00  00  00  00  00  00  00  00  00  00  00  00  00  00  00  00  00  00  00  00  00  00  00  00  00  
00  00  00  00  00  00  00  00  00  00  6D  31  20  00  03  00  00  00  D1  D0  00  00  30  82  FF  
FF  7D  08  01  00  68  26  08  00  52  69  06  00  4E  78  70  FF  09  62  07  00  6D  32  24  00  
03  00  00  00  FC  CF  0B  00  4B  08  CD  7B  01  00  00  00  D2  0E  1B  8D  05  00  00  00  00  
00  00  00  02  00  00  07  02  19  12  29  37  00  01  00  12  00  6D  34  14  00  03  00  00  00  
EB  3C  03  00  BB  52  FF  FF  19  37  04  00  D6  D6  07  00  6D  35  0C  00  03  00  00  00  2B  
8D  01  00  8C  12  07  00  41  53  AD  0E  47  4E  00  00  AF  85  02  00  00  00  00  00  00  00  
28  01  6D  15  14  00  02  01  00  00  03  04  03  00  00  00  00  00  00  00  00  00  00  00  00  
00  6D  16  10  00  03  00  00  00  E3  07  02  19  12  29  37  00  41  02  00  00  6D  21  1C  00  
03  00  00  00  5F  FF  FF  FF  4B  00  00  00  66  FF  FF  FF  F8  FF  FF  FF  F4  FF  FF  FF  57  
00  00  00  6D  22  10  00  03  00  00  00  3C  FE  FF  FF  26  02  00  00  C2  06  00  00  6D  23  
14  00  03  00  00  00  74  8F  AE  76  0F  24  09  FD  E0  AA  08  03  93  F6  5D  0A  6D  24  24  
00  02  00  00  00  00  00  00  00  00  00  00  00  00  00  00  00  00  00  00  00  00  00  00  00  
00  00  00  00  00  00  00  00  00  00  00  00  6D  31  20  00  03  00  00  00  EC  29  00  00  E0  
A0  FF  FF  97  CA  00  00  30  D9  07  00  B1  51  06  00  B4  B4  70  FF  27  62  07  00  6D  32  
24  00  03  00  00  00  FC  CF  0B  00  4B  08  CD  7B  01  00  00  00  D2  0E  1B  8D  05  00  00  
00  00  00  00  00  02  00  00  00  05  00  00  00  6D  33  10  00  03  00  00  00  E3  07  02  19  
12  29  37  00  01  00  12  00  6D  34  14  00  03  00  00  00  46  19  03  00  1F  1A  FF  FF  6A  
4E  04  00  7C  E5  07  00  6D  35  0C  00  03  00  00  00  27  8D  01  00  41  12  07  00  41  53  
82  34  47  4E  00  00  B0  85  02  00  00  00  00  00  00  00  28  01  6D  15  14  00  02  01  00  
00  03  04  03  00  00  00  00  00  00  00  00  00  00  00  00  00  6D  16  10  00  03  00  00  00  
E3  07  02  19  12  29  37  00  4B  02  00  00  6D  21  1C  00  03  00  00  00  34  00  00  00  3F  
00  00  00  3B  00  00  00  07  00  00  00  03  00  00  00  3A  00  00  00  6D  22  10  00  03  00  
00  00  3C  FE  FF  FF  26  02  00  00  C2  06  00  00  6D  23  14  00  03  00  00  00  2E  8D  AE  
76  A5  31  09  FD  6C  C6  08  03  73  0C  5E  0A  6D  24  24  00  02  00  00  00  00  00  00  00  
00  00  00  00  00  00  00  00  00  00  00  00  00  00  00  00  00  00  00  00  00  00  00  00  00  
00  00  00  6D  31  20  00  03  00  00  00  1A  7D  00  00  EE  9B  FF  FF  BA  1D  01  00  A6  11  
08  00  AF  8E  06  00  26  45  70  FF  C6  61  07  00  6D  32  24  00  03  00  00  00  FC  CF  0B  
00  4B  08  CD  7B  01  00  00  00  D2  0E  1B  8D  05  00  00  00  00  00  00  00  02  00  00  00  
05  07  02  19  12  29  37  00  01  00  12  00  6D  34  14  00  03  00  00  00  FA  47  03  00  68  
29  FF  FF  F3  3E  04  00  C8  02  08  00  6D  35  0C  00  03  00  00  00  27  8D  01  00  73  12  
07  00  41  53  86  6D  47  4E  00  00  B1  85  02  00  00  00  00  00  00  00  28  01  6D  15  14  
00  02  01  00  00  03  04  03  00  00  00  00  00  00  00  00  00  00  00  00  00  6D  16  10  00  
03  00  00  00  E3  07  02  19  12  29  37  00  55  02  00  00  6D  21  1C  00  03  00  00  00  40  
00  00  00  75  00  00  00  CE  00  00  00  0D  00  00  00  EC  FF  FF  FF  55  00  00  00  6D  22  
10  00  03  00  00  00  3C  FE  FF  FF  26  02  00  00  C2  06  00  00  6D  23  14  00  03  00  00  
00  80  85  AE  76  5D  44  09  FD  BE  F8  08  03  F9  5A  5E  0A  6D  24  24  00  02  00  00  00  
00  00  00  00  00  00  00  00  00  00  00  00  00  00  00  00  00  00  00  00  00  00  00  00  00  
00  00  00  00  00  00  00  6D  31  20  00  03  00  00  00  F4  81  00  00  C1  B0  FF  FF  1A  57  
01  00  38  2B  08  00  F3  33  06  00  B4  AD  70  FF  8A  61  07  00  6D  32  24  00  03  00  00  
00  FC  CF  0B  00  4B  08  CD  7B  01  00  00  00  D2  0E  1B  8D  05  00  00  00  00  00  00  00  
02  00  00  00  05  00  00  00  6D  33  10  00  03  00  00  00  E3  07  02  19  12  29  37  00  01  
00  12  00  6D  34  14  00  03  00  00  00  88  5F  03  00  76  4B  FF  FF  07  3F  04  00  83  CF  
07  00  6D  35  0C  00  03  00  00  00  28  8D  01  00  28  12  07  00  41  53  D0  87  47  4E  00  
00  B2  85  02  00  00  00  00  00  00  00  28  01  6D  15  14  00  02  01  00  00  03  04  03  00  
00  00  00  00  00  00  00  00  00  00  00  00  6D  16  10  00  03  00  00  00  E3  07  02  19  12  
29  37  00  5F  02  00  00  6D  21  1C  00  03  00  00  00  D5  00  00  00  0F  FF  FF  FF  70  00  
00  00  F4  FF  FF  FF  12  00  00  00  4A  00  00  00  6D  22  10  00  03  00  00  00  3D  FE  FF  
FF  26  02  00  00  C3  06  00  00  6D  23  14  00  03  00  00  00  FE  85  AE  76  89  9B  09  FD  
F1  A3  08  03  11  87  5E  0A  6D  24  24  00  02  00  00  00  00  00  00  00  00  00  00  00  00  
00  00  00  00  00  00  00  00  00  00  00  00  00  00  00  00  00  00  00  00  00  00  00  6D  31  
20  00  03  00  00  00  DB  BB  00  00  D1  24  FF  FF  AE  32  01  00  BC  C8  07  00  E5  CA  06  
00  6E  81  70  FF  09  62  07  00  6D  32  24  00  03  00  00  00  FC  CF  0B  00  4B  08  CD  7B  
01  00  00  00  D2  0E  1B  8D  05  00  00  00  00  00  00  00  02  00  00  00  05  00  00  E3  07  
02  19  12  29  37  00  01  00  12  00  6D  34  14  00  03  00  00  00  E3  57  03  00  F2  52  FF  
FF  00  3F  04  00  19  B7  07  00  6D  35  0C  00  03  00  00  00  26  8D  01  00  73  12  07  00  
41  53  EA  66  47  4E  00  00  B3  85  02  00  00  00  00  00  00  00  28  01  6D  15  14  00  02  
01  00  00  03  04  03  00  00  00  00  00  00  00  00  00  00  00  00  00  6D  16  10  00  03  00  
00  00  E3  07  02  19  12  29  37  00  69  02  00  00  00  6D  21  1C  00  03  00  00  00  84  00  
00  00  C5  00  00  00  1F  00  00  00  07  00  00  00  E9  FF  FF  FF  52  00  00  00  6D  22  10  
00  03  00  00  00  3D  FE  FF  FF  26  02  00  00  C3  06  00  00  6D  23  14  00  03  00  00  00  
00  06  84  AE  76  71  C3  09  FD  A6  F6  08  03  C5  90  5E  0A  6D  24  24  00  02  00  00  00  
00  00  00  00  00  00  00  00  00  00  00  00  00  00  00  00  00  00  00  00  00  00  00  00  00  
00  00  00  00  00  00  00  6D  31  20  00  03  00  00  00  00  3C  9C  00  00  F0  CF  FF  FF  EA  
12  01  00  A9  13  08  00  84  25  06  00  E6  9F  70  FF  54  62  07  00  6D  32  24  00  03  00  
00  00  FC  CF  0B  00  4B  08  CD  7B  01  00  00  00  D2  0E  1B  8D  05  00  00  00  00  00  00  
00  00  02  00  00  00  05  00  00  00  6D  33  10  00  03  00  00  00  E3  07  02  19  12  29  37  
00  01  00  12  00  6D  34  14  00  03  00  00  00  66  29  03  00  5A  47  FF  FF  D7  3E  04  00  
20  A1  07  00  6D  35  0C  00  03  00  00  00  28  8D  01  00  BE  12  07  00  41  53  56  47  4E  
00  00  B4  85  02  00  00  00  00  00  00  00  28  01  6D  15  14  00  02  01  00  00  03  04  03  
00  00  00  00  00  00  00  00  00  00  00  00  00  6D  16  10  00  03  00  00  00  E3  07  02  19  
12  29  37  00  73  02  00  00  6D  21  1C  00  03  00  00  00  50  00  00  00  36  FF  FF  FF  70  
00  00  00  F6  FF  FF  FF  00  00  00  00  3C  00  00  00  6D  22  10  00  03  00  00  00  3D  FE  
FF  FF  26  02  00  00  C3  06  00  00  6D  23  14  00  03  00  00  00  B5  82  AE  76  7E  E6  09  
FD  95  AD  08  03  40  BF  5E  0A  6D  24  24  00  02  00  00  00  00  00  00  00  00  00  00  00  
00  00  00  00  00  00  00  00  00  00  00  00  00  00  00  00  00  00  00  00  00  00  00  00  6D  
31  20  00  03  00  00  00  E8  87  00  00  18  34  FF  FF  FA  32  01  00  CE  D0  07  00  E7  80  
06  00  FE  4B  70  FF  CF  60  07  00  6D  32  24  00  03  00  00  00  FC  CF  0B  00  4B  08  CD  
7B  01  00  00  00  D2  0E  1B  8D  05  00  00  00  00  00  00  00  02  00  00  00  E3  07  02  19  
12  29  37  00  01  00  12  00  6D  34  14  00  03  00  00  00  44  29  03  00  70  47  FF  FF  76  
4E  04  00  10  7A  07  00  6D  35  0C  00  03  00  00  00  27  8D  01  00  5A  12  07  00  41  53  
BF  62  47  4E  00  00  B5  85  02  00  00  00  00  00  00  00  28  01  6D  15  14  00  02  01  00  
00  03  04  03  00  00  00  00  00  00  00  00  00  00  00  00  00  6D  16  10  00  03  00  00  00  
E3  07  02  19  12  29  37  00  7D  02  00  00  6D  21  1C  00  03  00  00  00  D8  FE  FF  FF  D5  
FF  FF  FF  21  00  00  00  08  00  00  00  0E  00  00  00  32  00  00  00  6D  22  10  00  03  00  
00  00  3D  FE  FF  FF  26  02  00  00  C3  06  00  00  6D  23  14  00  03  00  00  00  D8  7E  AE  
76  86  70  09  FD  E6  94  08  03  FD  D0  5E  0A  6D  24  24  00  02  00  00  00  00  00  00  00  
00  00  00  00  00  00  00  00  00  00  00  00  00  00  00  00  00  00  00  00  00  00  00  00  00  
00  00  00  6D  31  20  00  03  00  00  00  83  F5  FF  FF  15  72  FF  FF  2D  14  01  00  34  14  
08  00  E2  B8  06  00  82  24  70  FF  46  61  07  00  6D  32  24  00  03  00  00  00  FC  CF  0B  
00  4B  08  CD  7B  01  00  00  00  D2  0E  1B  8D  05  00  00  00  00  00  00  00  02  00  00  00  
05  00  00  00  6D  33  10  00  03  00  00  00  E3  07  02  19  12  29  37  00  01  00  12  00  6D  
34  14  00  03  00  00  00  08  39  03  00  85  56  FF  FF  E5  3E  04  00  7A  92  07  00  6D  35  
0C  00  03  00  00  00  2A  8D  01  00  8C  12  07  00  41  53  FA  CE  47  4E  00  00  B6  85  02  
00  00  00  00  00  00  00  28  01  6D  15  14  00  02  01  00  00  03  04  03  00  00  00  00  00  
00  00  00  00  00  00  00  00  6D  16  10  00  03  00  00  00  E3  07  02  19  12  00  29  37  00  
87  02  00  00  6D  21  1C  00  03  00  00  00  FF  FF  FF  FF  F1  FF  FF  FF  F7  FF  FF  FF  E2  
FF  FF  FF  F7  FF  FF  FF  65  00  00  00  6D  22  10  00  03  00  00  00  3C  FE  FF  FF  26  02  
00  00  C3  06  00  00  6D  23  14  00  03  00  00  00  09  7F  AE  76  55  6B  09  FD  50  90  08  
03  A8  CE  5E  0A  6D  24  24  00  02  00  00  00  00  00  00  00  00  00  00  00  00  00  00  00  
00  00  00  00  00  00  00  00  00  00  00  00  00  00  00  00  00  00  00  00  6D  31  20  00  03  
00  00  00  6B  68  00  00  BD  7C  FF  FF  D5  03  01  00  B5  82  07  00  1B  5D  06  00  5F  EC  
70  FF  F3  61  07  00  6D  32  24  00  03  00  00  00  FC  CF  0B  00  4B  08  CD  7B  01  00  00  
00  D2  0E  1B  8D  05  00  00  00  00  00  00  00  02  00  00  00  00  E3  07  02  19  12  29  37  
00  01  00  12  00  6D  34  14  00  03  00  00  00  7F  4C  03  00  58  5A  FF  FF  3F  33  04  00  
FB  BB  07  00  6D  35  0C  00  03  00  00  00  2B  8D  01  00  41  12  07  00  41  53  68  81  47  
4E  00  00  00  00  00  00  6D  16  10  00  03  00  00  00  E3  07  02  19  12  29  37  00  4F  03  
00  00  6D  21  1C  00  03  00  00  00  89  FE  FF  FF  BB  00  00  00  A6  FF  FF  FF  FF  FF  FF  
FF  01  00  00  00  3F  00  00  00  6D  22  10  00  03  00  00  00  3C  FE  FF  FF  27  02  00  00  
C4  06  00  00  6D  23  14  00  03  00  00  00  1F  4F  AE  76  9F  5E  08  FD  24  EB  08  03  74  
8B  60  0A  6D  24  24  00  02  00  00  00  00  00  00  00  00  00  00  00  00  00  00  00  00  00  
00  00  00  00  00  00  00  00  00  00  00  00  00  00  00  00  00  00  6D  31  20  00  03  00  00  
00  3C  D6  FF  FF  2A  CA  FF  FF  FA  E4  00  00  60  F3  07  00  AA  87  06  00  B1  57  70  FF  
91  61  07  00  6D  32  24  00  03  00  00  00  64  CC  0B  00  4B  08  CD  7B  01  00  00  00  18  
0F  1B  8D  05  00  00  00  02  00  00  00  FF  FF  FF  FF  04  00  00  00  6D  33  10  00  03  00  
00  00  E3  07  02  19  12  29  37  00  01  00  12  00  6D  34  14  00  00  03  00  00  00  80  5F  
03  00  3C  62  FF  FF  47  5E  04  00  39  05  08  00  6D  35  0C  00  03  00  00  00  22  8D  01  
00  41  12  07  00  41  53  5F  DA  47  4E  00  00  CB  85  02  00  00  00  00  00  00  00  28  01  
6D  15  14  00  02  01  00  00  00  03  04  03  00  00  00  00  00  00  00  00  00  00  00  00  00  
6D  16  10  00  03  00  00  00  E3  07  02  19  12  29  37  00  59  03  00  00  6D  21  1C  00  03  
00  00  00  34  00  00  00  CD  FF  FF  FF  1D  00  00  00  EC  FF  FF  FF  00  10  00  00  00  1F  
00  00  00  6D  22  10  00  03  00  00  00  3C  FE  FF  FF  26  02  00  00  C4  06  00  00  6D  23  
14  00  03  00  00  00  17  4F  AE  76  BB  6D  08  FD  91  D9  08  03  3F  95  60  0A  6D  24  24  
00  02  00  00  00  00  00  00  00  00  00  00  00  00  00  00  00  00  00  00  00  00  00  00  00  
00  00  00  00  00  00  00  00  00  00  00  00  00  6D  31  20  00  03  00  00  00  06  7D  00  00  
5A  6D  FF  FF  61  13  01  00  FC  AA  07  00  44  C1  06  00  62  DA  6F  FF  A6  62  07  00  6D  
32  24  00  56  47  4E  00  00  CC  85  02  00  00  00  00  00  00  00  28  01  6D  15  14  00  02  
01  00  00  03  04  03  00  00  00  00  00  00  00  00  00  00  00  00  00  6D  16  10  00  03  00  
00  00  E3  07  02  19  12  29  37  00  63  03  00  00  6D  21  1C  00  03  00  00  00  50  00  00  
00  44  00  00  00  0F  00  00  00  02  00  00  00  05  00  00  00  5F  00  00  00  6D  22  10  00  
03  00  00  00  3C  FE  FF  FF  27  02  00  00  C4  06  00  00  6D  23  14  00  03  00  00  00  B5  
4E  AE  76  E7  82  08  FD  6B  F6  08  03  3E  97  60  0A  6D  24  24  00  02  00  00  00  00  00  
00  00  00  00  00  00  00  00  00  00  00  00  00  00  00  00  00  00  00  00  00  00  00  00  00  
00  00  00  00  00  6D  31  20  00  03  00  00  00  C3  87  00  00  E2  9B  FF  FF  0D  0E  01  00  
73  FE  07  00  13  98  06  00  AE  D2  70  FF  6C  61  07  00  6D  32  24  00  03  00  00  00  DA  
C9  0B  00  39  08  CD  7B  01  00  00  00  29  0F  1B  8D  05  00  00  00  FD  FF  FF  FF  FE  FF  
FF  FF  05  00  00  00  6D  33  10  00  03  00  00  00  E3  07  02  19  12  29  37  00  01  00  12  
00  6D  34  14  00  03  00  00  00  9F  38  03  00  11  1A  FF  FF  AC  1F  04  00  A8  B4  07  00  
6D  35  0C  00  03  00  00  00  00  24  8D  01  00  5A  12  07  00  41  53  F1  CE  47  4E  00  00  
CD  85  02  00  00  00  00  00  00  00  28  01  6D  15  14  00  02  01  00  00  03  04  03  00  00  
00  00  00  00  00  00  00  00  00  00  00  6D  16  10  00  03  00  00  00  E3  07  02  19  12  29  
37  00  6D  03  00  00  6D  21  1C  00  03  00  00  00  05  FE  FF  FF  46  FF  FF  FF  66  FF  FF  
FF  E9  FF  FF  FF  F8  FF  FF  FF  39  00  00  00  6D  22  10  00  03  00  00  00  3B  FE  FF  FF  
26  02  00  00  C4  06  00  00  6D  23  14  00  03  00  00  00  DC  50  AE  76  B2  BB  07  FD  54  
9B  08  03  4E  60  60  0A  6D  24  24  00  02  00  00  00  00  00  00  00  00  00  00  00  00  00  
00  00  00  00  00  00  00  00  00  00  00  00  00  00  00  00  00  00  00  00  00  00  6D  31  20  
00  03  00  00  00  79  A2  FF  FF  C3  38  FF  FF  AC  CB  00  00  B1  9F  07  00  CB  66  06  00  
30  3E  70  FF  7B  61  07  00  6D  32  24  00  03  00  00  00  DA  C9  0B  00  39  08  CD  7B  01  
00  00  00  29  0F  1B  8D  05  00  00  00  FD  FF  FF  56  2F  04  00  22  F4  07  00  6D  35  0C  
00  03  00  00  00  26  8D  01  00  73  12  07  00  41  53  13  29  47  4E  00  00  CE  85  02  00  
00  00  00  00  00  00  28  01  6D  15  14  00  02  01  00  00  03  04  03  00  00  00  00  00  00  
00  00  00  00  00  00  00  6D  16  10  00  03  00  00  00  E3  07  02  19  12  29  37  00  77  03  
00  00  6D  21  1C  00  03  00  00  00  35  00  00  00  AE  00  00  00  97  FF  FF  FF  E7  FF  FF  
FF  07  00  00  00  2F  00  00  00  6D  22  10  00  03  00  00  00  3B  FE  FF  FF  27  02  00  00  
C4  06  00  00  6D  23  14  00  03  00  00  00  6C  53  AE  76  3E  C2  07  FD  64  DE  08  03  42  
31  60  0A  6D  24  24  00  02  00  00  00  00  00  00  00  00  00  00  00  00  00  00  00  00  00  
00  00  00  00  00  00  00  00  00  00  00  00  00  00  00  00  00  00  6D  31  20  00  03  00  00  
00  3F  7D  00  00  76  C5  FF  FF  E1  DE  00  00  E7  95  07  00  9A  A0  06  00  15  19  70  FF  
72  62  07  00  6D  32  24  00  03  00  00  00  DA  C9  0B  00  39  08  CD  7B  01  00  00  00  29  
0F  1B  8D  05  00  00  00  FD  FF  FF  FF  FE  FF  FF  FF  05  00  00  00  6D  33  10  00  03  00  
00  00  E3  07  02  19  12  29  37  00  01  00  12  00  00  6D  34  14  00  03  00  00  00  F7  4F  
03  00  DA  43  FF  FF  E1  42  04  00  32  1B  08  00  6D  35  0C  00  03  00  00  00  26  8D  01  
00  41  12  07  00  41  53  B6  30  47  4E  00  00  CF  85  02  00  01  01  00  00  00  00  28  01  
6D  15  14  00  02  01  00  00  03  04  03  00  00  00  00  00  00  00  00  00  00  00  00  00  6D  
16  10  00  03  00  00  00  E3  07  02  19  12  29  37  00  81  03  00  00  6D  21  1C  00  03  00  
00  00  82  01  00  00  60  00  00  00  78  00  00  00  F6  FF  FF  FF  EA  FF  FF  FF  4F  00  00  
00  6D  22  10  00  03  00  00  00  3C  FE  FF  FF  27  02  00  00  C4  06  00  00  6D  23  14  00  
03  00  00  00  64  52  AE  76  21  50  08  FD  F8  0F  09  03  23  57  60  0A  6D  24  24  00  02  
00  00  00  00  00  00  00  00  00  00  00  00  00  00  00  00  00  00  00  00  00  00  00  00  00  
00  00  00  00  00  00  00  00  00  00  6D  31  20  00  03  00  00  00  6B  FF  00  00  B1  A6  FF  
FF  18  37  01  00  1C  D0  07  00  A4  2E  06  00  96  96  70  FF  3E  62  07  00  10  00  03  00  
00  00  E3  07  02  19  12  29  37  00  01  00  12  00  6D  34  14  00  03  00  00  00  11  39  03  
00  AD  65  FF  FF  83  4E  04  00  F4  D1  07  00  6D  35  0C  00  03  00  00  00  26  8D  01  00  
5A  12  07  00  41  53  ED  FF  47  4E  00  00  D0  85  02  00  00  00  00  00  00  00  28  01  6D  
15  14  00  02  01  00  00  03  04  03  00  00  00  00  00  00  00  00  00  00  00  00  00  6D  16  
10  00  03  00  00  00  E3  07  02  19  12  29  00  37  00  8B  03  00  00  6D  21  1C  00  03  00  
00  00  94  FF  FF  FF  62  FF  FF  FF  7B  00  00  00  EE  FF  FF  FF  F9  FF  FF  FF  3E  00  00  
00  6D  22  10  00  03  00  00  00  3C  FE  FF  FF  26  02  00  00  C4  06  00  00  6D  23  14  00  
00  03  00  00  00  0A  4F  AE  76  10  27  08  FD  AA  CD  08  03  1C  85  60  0A  6D  24  24  00  
02  00  00  00  00  00  00  00  00  00  00  00  00  00  00  00  00  00  00  00  00  00  00  00  00  
00  00  00  00  00  00  00  00  00  00  00  6D  31  00  20  00  03  00  00  00  45  3E  00  00  B6  
43  FF  FF  6E  38  01  00  E6  B1  07  00  31  6B  06  00  2D  53  70  FF  36  62  07  00  6D  32  
24  00  03  00  00  00  DA  C9  0B  00  39  08  CD  7B  01  00  00  00  29  0F  1B  8D  05  00  00  
00  00  FD  FF  FF  FF  FE  FF  FF  FF  05  00  00  00  6D  33  10  00  03  00  00  00  E3  07  02  
19  12  29  37  00  01  00  12  00  6D  34  14  00  03  00  00  00  A8  5B  03  00  DC  43  FF  FF  
35  37  04  00  F4  D1  07  00  6D  35  0C  00  03  00  00  00  28  8D  01  00  BE  12  0A  47  4E  
00  00  D1  85  02  00  00  00  00  00  00  00  28  01  6D  15  14  00  02  01  00  00  03  04  03  
00  00  00  00  00  00  00  00  00  00  00  00  00  6D  16  10  00  03  00  00  00  E3  07  02  19  
12  29  37  00  95  03  00  00  6D  21  1C  00  03  00  00  00  30  03  00  00  45  00  00  00  0A  
00  00  00  03  00  00  00  F3  FF  FF  FF  30  00  00  00  6D  22  10  00  03  00  00  00  3D  FE  
FF  FF  27  02  00  00  C4  06  00  00  6D  23  14  00  03  00  00  00  3E  56  AE  76  3B  5C  09  
FD  18  02  09  03  BD  7B  60  0A  6D  24  24  00  02  00  00  00  00  00  00  00  00  00  00  00  
00  00  00  00  00  00  00  00  00  00  00  00  00  00  00  00  00  00  00  00  00  00  00  00  6D  
31  20  00  03  00  00  00  0D  A7  01  00  92  9C  FF  FF  90  0C  01  00  01  04  08  00  F8  51  
06  00  78  1B  70  FF  F3  61  07  00  6D  32  24  00  03  00  00  00  DA  C9  0B  00  39  08  CD  
7B  01  00  00  00  29  0F  1B  8D  05  00  00  00  FD  FF  FF  FF  FE  FF  FF  6D  33  10  00  03  
00  00  00  E3  07  02  19  12  29  37  00  01  00  12  00  6D  34  14  00  03  00  00  00  13  50  
03  00  66  38  FF  FF  8E  27  04  00  3E  9C  07  00  6D  35  0C  00  03  00  00  00  28  8D  01  
00  28  12  07  00  41  53  16  E4  47  4E  00  00  D2  85  02  00  00  00  00  00  00  00  28  01  
6D  15  14  00  02  01  00  00  03  04  03  00  00  00  00  00  00  00  00  00  00  00  00  00  6D  
16  10  00  03  00  00  00  E3  07  02  19  00  12  29  37  00  9F  03  00  00  6D  21  1C  00  03  
00  00  00  E7  FE  FF  FF  36  00  00  00  CD  FF  FF  FF  0B  00  00  00  F8  FF  FF  FF  7C  00  
00  00  6D  22  10  00  03  00  00  00  3C  FE  FF  FF  27  02  00  00  C4  06  00  00  6D  23  00  
14  00  03  00  00  00  EE  54  AE  76  24  E7  08  FD  4F  0B  09  03  A2  66  60  0A  6D  24  24  
00  02  00  00  00  00  00  00  00  00  00  00  00  00  00  00  00  00  00  00  00  00  00  00  00  
00  00  00  00  00  00  00  00  00  00  00  00  00  6D  31  20  00  03  00  00  00  9A  FA  FF  FF  
78  96  FF  FF  A2  F4  00  00  0D  23  08  00  31  62  06  00  97  44  71  FF  2F  62  07  00  6D  
32  24  00  03  00  00  00  DA  C9  0B  00  39  08  CD  7B  01  00  00  00  29  0F  1B  8D  05  00  
00  00  00  FD  FF  FF  FF  FE  FF  FF  FF  05  00  00  00  6D  33  10  00  03  00  00  00  E3  07  
02  19  12  29  37  00  01  00  12  00  6D  34  14  00  03  00  00  00  12  31  03  00  0E  3C  FF  
FF  15  37  04  00  27  8B  07  00  6D  35  0C  00  03  00  00  00  29  8D  01  00  60  47  4E  00  
00  D3  85  02  00  00  00  00  00  00  00  28  01  6D  15  14  00  02  01  00  00  03  04  03  00  
00  00  00  00  00  00  00  00  00  00  00  00  6D  16  10  00  03  00  00  00  E3  07  02  19  12  
29  37  00  A9  03  00  00  6D  21  1C  00  03  00  00  00  41  01  00  00  37  00  00  00  BC  FF  
FF  FF  F5  FF  FF  FF  07  00  00  00  39  00  00  00  6D  22  10  00  03  00  00  00  3D  FE  FF  
FF  27  02  00  00  C4  06  00  00  6D  23  14  00  03  00  00  00  05  5A  AE  76  1D  5C  09  FD  
3B  29  09  03  15  45  60  0A  6D  24  24  00  02  00  00  00  00  00  00  00  00  00  00  00  00  
00  00  00  00  00  00  00  00  00  00  00  00  00  00  00  00  00  00  00  00  00  00  00  6D  31  
20  00  03  00  00  00  ED  E5  00  00  E9  96  FF  FF  3D  EE  00  00  00  CE  07  00  70  9C  06  
00  7A  40  70  FF  C6  61  07  00  6D  32  24  00  03  00  00  00  DA  C9  0B  00  39  08  CD  7B  
01  00  00  00  29  0F  1B  8D  05  00  00  00  FD  FF  FF  FF  FE  FF  FF  00  00  6D  33  10  00  
03  00  00  00  E3  07  02  19  12  29  37  00  01  00  12  00  6D  34  14  00  03  00  00  00  65  
19  03  00  99  47  FF  FF  51  7D  04  00  04  F9  07  00  6D  35  0C  00  03  00  00  00  27  8D  
01  00  8C  12  07  00  41  53  0E  DB  47  4E  00  00  D4  85  02  00  00  00  00  00  00  00  28  
01  6D  15  14  00  02  01  00  00  03  04  03  00  00  00  00  00  00  00  00  00  00  00  00  00  
6D  16  10  00  03  00  00  00  E3  07  00  02  19  12  29  37  00  B3  03  00  00  6D  21  1C  00  
03  00  00  00  41  01  00  00  5E  00  00  00  C9  FF  FF  FF  FB  FF  FF  FF  02  00  00  00  56  
00  00  00  6D  22  10  00  03  00  00  00  3D  FE  FF  FF  27  02  00  00  C4  06  00  00  00  6D  
23  14  00  03  00  00  00  49  5E  AE  76  7E  CF  09  FD  A0  56  09  03  F1  27  60  0A  6D  24  
24  00  02  00  00  00  00  00  00  00  00  00  00  00  00  00  00  00  00  00  00  00  00  00  00  
00  00  00  00  00  00  00  00  00  00  00  00  00  00  6D  31  20  00  03  00  00  00  B7  E5  00  
00  90  A6  FF  FF  5F  F3  00  00  D1  E6  07  00  87  89  06  00  57  B2  70  FF  81  62  07  00  
6D  32  24  00  03  00  00  00  DA  C9  0B  00  39  08  CD  7B  01  00  00  00  29  0F  1B  8D  00  
05  00  00  00  FD  FF  FF  FF  FE  FF  FF  FF  05  00  00  00  6D  33  10  00  03  00  00  00  E3  
07  02  19  12  29  37  00  01  00  12  00  6D  34  14  00  03  00  00  00  07  48  03  00  F7  30  
FF  FF  DE  42  04  00  04  F9  07  00  6D  35  0C  00  03  00  00  00  24  8D  5B  47  4E  00  00  
D5  85  02  00  00  00  00  00  00  00  28  01  6D  15  14  00  02  01  00  00  03  04  03  00  00  
00  00  00  00  00  00  00  00  00  00  00  6D  16  10  00  03  00  00  00  E3  07  02  19  12  29  
37  00  BD  03  00  00  6D  21  1C  00  03  00  00  00  7C  FE  FF  FF  B0  FF  FF  FF  E8  FF  FF  
FF  05  00  00  00  0A  00  00  00  33  00  00  00  6D  22  10  00  03  00  00  00  3C  FE  FF  FF  
27  02  00  00  C4  06  00  00  6D  23  14  00  03  00  00  00  54  5C  AE  76  87  35  09  FD  8C  
28  09  03  D5  1F  60  0A  6D  24  24  00  02  00  00  00  00  00  00  00  00  00  00  00  00  00  
00  00  00  00  00  00  00  00  00  00  00  00  00  00  00  00  00  00  00  00  00  00  6D  31  20  
00  03  00  00  00  FA  D0  FF  FF  75  62  FF  FF  7E  FF  00  00  B4  0A  08  00  A4  AA  06  00  
EB  26  70  FF  C6  61  07  00  6D  32  24  00  03  00  00  00  E6  C7  0B  00  39  08  CD  7B  01  
00  00  00  81  0F  1B  8D  05  00  00  00  01  00  00  00  00  00  00  00  00  00  6D  33  10  00  
03  00  00  00  E3  07  02  19  12  29  37  00  01  00  12  00  6D  34  14  00  03  00  00  00  1D  
48  03  00  52  29  FF  FF  55  2F  04  00  F6  24  08  00  6D  35  0C  00  03  00  00  00  27  8D  
01  00  8C  12  07  00  41  53  49  41  47  4E  00  00  D6  85  02  00  02  01  01  01  00  00  28  
01  6D  15  14  00  02  01  00  00  03  04  03  00  00  00  00  00  00  00  00  00  00  00  00  00  
6D  16  10  00  03  00  00  00  E3  00  07  02  19  12  29  37  00  C7  03  00  00  6D  21  1C  00  
03  00  00  00  BA  00  00  00  A0  00  00  00  19  00  00  00  F9  FF  FF  FF  F5  FF  FF  FF  52  
00  00  00  6D  22  10  00  03  00  00  00  3D  FE  FF  FF  27  02  00  00  C4  06  00  00  00  6D  
23  14  00  03  00  00  00  D3  5B  AE  76  E6  72  09  FD  37  6C  09  03  52  23  60  0A  6D  24  
24  00  02  00  00  00  00  00  00  00  00  00  00  00  00  00  00  00  00  00  00  00  00  00  00  
00  00  00  00  00  00  00  00  00  00  00  00  00  00  6D  31  20  00  03  00  00  00  5A  B1  00  
00  65  C0  FF  FF  ED  12  01  00  17  DE  07  00  86  56  06  00  13  A2  70  FF  CD  61  07  00  
6D  32  24  00  03  00  00  00  E6  C7  0B  00  39  08  CD  7B  01  00  00  00  81  0F  1B  00  8D  
05  00  00  00  01  00  00  00  00  00  00  00  04  00  00  00  6D  33  10  00  03  00  00  00  E3  
07  02  19  12  29  37  00  01  00  12  00  6D  34  14  00  03  00  00  00  85  3C  03  00  3F  29  
FF  FF  4B  2F  04  00  EF  3A  08  00  6D  35  0C  00  03  00  00  00  29  CD  47  4E  00  00  D7  
85  02  00  00  00  00  00  00  00  28  01  6D  15  14  00  02  01  00  00  03  04  03  00  00  00  
00  00  00  00  00  00  00  00  00  00  6D  16  10  00  03  00  00  00  E3  07  02  19  12  29  37  
00  D1  03  00  00  6D  21  1C  00  03  00  00  00  7B  FE  FF  FF  76  00  00  00  E7  FF  FF  FF  
EF  FF  FF  FF  E6  FF  FF  FF  36  00  00  00  6D  22  10  00  03  00  00  00  3C  FE  FF  FF  27  
02  00  00  C4  06  00  00  6D  23  14  00  03  00  00  00  E2  57  AE  76  B3  D2  08  FD  89  8B  
09  03  76  19  60  0A  6D  24  24  00  02  00  00  00  00  00  00  00  00  00  00  00  00  00  00  
00  00  00  00  00  00  00  00  00  00  00  00  00  00  00  00  00  00  00  00  00  6D  31  20  00  
03  00  00  00  C1  D0  FF  FF  4B  B0  FF  FF  2F  FF  00  00  1C  B7  07  00  0F  1C  06  00  C4  
32  70  FF  FA  61  07  00  6D  32  24  00  03  00  00  00  E6  C7  0B  00  39  08  CD  7B  01  00  
00  00  81  0F  1B  8D  05  00  00  00  01  00  00  00  00  00  00  00  6D  33  10  00  03  00  00  
00  E3  07  02  19  12  29  37  00  01  00  12  00  6D  34  14  00  03  00  00  00  1D  48  03  00  
52  29  FF  FF  55  2F  04  00  04  F9  07  00  6D  35  0C  00  03  00  00  00  24  8D  01  00  73  
12  07  00  41  53  3B  B4  47  4E  00  00  D8  85  02  00  00  00  00  00  00  00  28  01  6D  15  
14  00  02  01  00  00  03  04  03  00  00  00  00  00  00  00  00  00  00  00  00  00  6D  16  10  
00  03  00  00  00  E3  07  02  00  19  12  29  37  00  DB  03  00  00  6D  21  1C  00  03  00  00  
00  C8  00  00  00  28  00  00  00  42  00  00  00  F1  FF  FF  FF  FB  FF  FF  FF  47  00  00  00  
6D  22  10  00  03  00  00  00  3C  FE  FF  FF  27  02  00  00  C4  06  00  00  6D  00  23  14  00  
03  00  00  00  63  57  AE  76  51  1B  09  FD  E4  A0  09  03  AC  2D  60  0A  6D  24  24  00  02  
00  00  00  00  00  00  00  00  00  00  00  00  00  00  00  00  00  00  00  00  00  00  00  00  00  
00  00  00  00  00  00  00  00  00  00  00  6D  31  20  00  03  00  00  00  E1  B6  00  00  8E  91  
FF  FF  C8  22  01  00  59  C0  07  00  35  6E  06  00  1E  78  70  FF  C7  60  07  00  6D  32  24  
00  03  00  00  00  E6  C7  0B  00  39  08  CD  7B  01  00  00  00  81  0F  1B  8D  05  00  00  00  
00  01  00  00  00  00  00  00  00  04  00  00  00  6D  33  10  00  03  00  00  00  E3  07  02  19  
12  29  37  00  01  00  12  00  6D  34  14  00  03  00  00  00  23  48  03  00  B0  34  FF  FF  0B  
3B  04  00  12  CD  07  00  6D  35  0C  00  03  00  00  00  25  8D  01  D1  47  4E  00  00  D9  85  
02  00  64  00  00  00  00  00  28  01  6D  15  14  00  02  01  00  00  03  04  03  00  00  00  00  
00  00  00  00  00  00  00  00  00  6D  16  10  00  03  00  00  00  E3  07  02  19  12  29  37  00  
E5  03  00  00  6D  21  1C  00  03  00  00  00  66  02  00  00  0E  00  00  00  32  00  00  00  05  
00  00  00  E9  FF  FF  FF  47  00  00  00  6D  22  10  00  03  00  00  00  3D  FE  FF  FF  27  02  
00  00  C4  06  00  00  6D  23  14  00  03  00  00  00  C3  5B  AE  76  56  06  0A  FD  B6  B9  09  
03  72  37  60  0A  6D  24  24  00  02  00  00  00  00  00  00  00  00  00  00  00  00  00  00  00  
00  00  00  00  00  00  00  00  00  00  00  00  00  00  00  00  00  00  00  00  6D  31  20  00  03  
00  00  00  D0  58  01  00  93  87  FF  FF  BB  1C  01  00  5C  0D  08  00  56  28  06  00  F8  75  
70  FF  37  61  07  00  6D  32  24  00  03  00  00  00  E6  C7  0B  00  39  08  CD  7B  01  00  00  
00  81  0F  1B  8D  05  00  00  00  01  00  00  00  00  00  00  00  00  00  6D  33  10  00  03  00  
00  00  E3  07  02  19  12  29  37  00  01  00  12  00  6D  34  14  00  03  00  00  00  C0  57  03  
00  11  40  FF  FF  31  37  04  00  D6  D6  07  00  6D  35  0C  00  03  00  00  00  25  8D  01  00  
5A  12  07  00  41  53  1F  07  47  4E  00  00  DA  85  02  00  00  00  00  00  00  00  28  01  6D  
15  14  00  02  01  00  00  03  04  03  00  00  00  00  00  00  00  00  00  00  00  00  00  6D  16  
10  00  03  00  00  00  E3  00  07  02  19  12  29  38  00  07  00  00  00  6D  21  1C  00  03  00  
00  00  34  00  00  00  F6  FE  FF  FF  5D  00  00  00  DB  FF  FF  FF  11  00  00  00  3E  00  00  
00  6D  22  10  00  03  00  00  00  3D  FE  FF  FF  27  02  00  00  C4  06  00  00  00  6D  23  14  
00  03  00  00  00  FC  5B  AE  76  78  20  0A  FD  EF  52  09  03  6E  5A  60  0A  6D  24  24  00  
02  00  00  00  00  00  00  00  00  00  00  00  00  00  00  00  00  00  00  00  00  00  00  00  00  
00  00  00  00  00  00  00  00  00  00  00  00  6D  31  20  00  03  00  00  00  29  7D  00  00  58  
1A  FF  FF  D1  2D  01  00  FB  66  07  00  87  C3  06  00  5A  55  70  FF  27  62  07  00  6D  32  
24  00  03  00  00  00  E6  C7  0B  00  39  08  CD  7B  01  00  00  00  81  0F  1B  00  8D  05  00  
00  00  01  00  00  00  00  00  00  00  04  00  00  00  6D  33  10  00  03  00  01  00  E3  07  02  
19  12  29  37  00  01  00  12  00  6D  34  14  00  03  00  00  00  BE  5B  03  00  65  4B  FF  FF  
35  37  04  00  47  D9  07  00  6D  35  0C  00  03  00  00  00  28  C9  47  4E  00  00  DB  85  02  
00  02  01  00  00  00  00  28  01  6D  15  14  00  02  01  00  00  03  04  03  00  00  00  00  00  
00  00  00  00  00  00  00  00  6D  16  10  00  03  00  00  00  E3  07  02  19  12  29  38  00  11  
00  00  00  6D  21  1C  00  03  00  00  00  84  01  00  00  6A  00  00  00  84  FF  FF  FF  08  00  
00  00  FC  FF  FF  FF  4E  00  00  00  6D  22  10  00  03  00  00  00  3D  FE  FF  FF  27  02  00  
00  C4  06  00  00  6D  23  14  00  03  00  00  00  4F  63  AE  76  36  AE  0A  FD  DE  84  09  03  
7F  20  60  0A  6D  24  24  00  02  00  00  00  00  00  00  00  00  00  00  00  00  00  00  00  00  
00  00  00  00  00  00  00  00  00  00  00  00  00  00  00  00  00  00  00  6D  31  20  00  03  00  
00  00  36  00  01  00  AB  AB  FF  FF  29  D9  00  00  7A  18  08  00  1D  6E  06  00  C9  91  70  
FF  A0  61  07  00  6D  32  24  00  03  00  00  00  E6  C7  0B  00  39  08  CD  7B  01  00  00  00  
81  0F  1B  8D  05  00  00  00  01  00  00  00  00  00  00  00  00  00  6D  33  10  00  03  00  00  
00  E3  07  02  19  12  29  37  00  01  00  12  00  6D  34  14  00  03  00  00  00  E5  38  03  00  
9B  56  FF  FF  83  4E  04  00  5C  97  07  00  6D  35  0C  00  03  00  00  00  29  8D  01  00  28  
12  07  00  41  53  11  0E  47  4E  00  00  DC  85  02  00  03  04  03  00  00  00  28  01  6D  15  
14  00  02  01  00  00  03  04  03  00  00  00  00  00  00  00  00  00  00  00  00  00  6D  16  10  
00  03  00  00  00  E3  00  07  02  19  12  29  38  00  1B  00  00  00  6D  21  1C  00  03  00  00  
00  02  FF  FF  FF  E3  FF  FF  FF  D8  FF  FF  FF  0B  00  00  00  05  00  00  00  4F  00  00  00  
6D  22  10  00  03  00  00  00  3D  FE  FF  FF  27  02  00  00  C4  06  00  00  00  6D  23  14  00  
03  00  00  00  BD  62  AE  76  92  47  0A  FD  95  6E  09  03  40  10  60  0A  6D  24  24  00  02  
00  00  00  00  00  00  00  00  00  00  00  00  00  00  00  00  00  00  00  00  00  00  00  00  00  
00  00  00  00  00  00  00  00  00  00  00  6D  31  20  00  03  00  00  00  6F  05  00  00  3C  77  
FF  FF  FB  F9  00  00  43  24  08  00  C0  93  06  00  46  96  70  FF  F4  60  07  00  6D  32  24  
00  03  00  00  00  E6  C7  0B  00  39  08  CD  7B  01  00  00  00  81  0F  1B  00  8D  05  00  00  
00  01  00  00  00  00  00  00  00  04  00  00  00  6D  33  10  00  03  00  00  00  E3  07  02  19  
12  29  37  00  01  00  12  00  6D  34  14  00  03  00  00  00  DF  38  03  00  3D  4B  FF  FF  CC  
42  04  00  BD  72  07  00  6D  35  0C  00  03  00  00  00  2A  DE  47  4E  00  00  DD  85  02  00  
00  00  00  00  00  00  28  01  6D  15  14  00  02  01  00  00  03  04  03  00  00  00  00  00  00  
00  00  00  00  00  00  00  6D  16  10  00  03  00  00  00  E3  07  02  19  12  29  38  00  25  00  
00  00  6D  21  1C  00  03  00  00  00  F1  FF  FF  FF  76  00  00  00  FE  FF  FF  FF  F2  FF  FF  
FF  01  00  00  00  1A  00  00  00  6D  22  10  00  03  00  00  00  3D  FE  FF  FF  27  02  00  00  
C4  06  00  00  6D  23  14  00  03  00  00  00  B9  61  AE  76  61  38  0A  FD  09  9A  09  03  D7  
0A  60  0A  6D  24  24  00  02  00  00  00  00  00  00  00  00  00  00  00  00  00  00  00  00  00  
00  00  00  00  00  00  00  00  00  00  00  00  00  00  00  00  00  00  6D  31  20  00  03  00  00  
00  C8  62  00  00  B9  B0  FF  FF  DD  08  01  00  8F  C2  07  00  AC  84  06  00  9B  C5  6F  FF  
BD  62  07  00  6D  32  24  00  03  00  00  00  E6  C7  0B  00  39  08  CD  7B  01  00  00  00  81  
0F  1B  8D  05  00  00  00  01  00  00  00  00  00  00  00  00  00  6D  33  10  00  03  00  00  00  
E3  07  02  19  12  29  37  00  01  00  12  00  6D  34  14  00  03  00  00  00  89  38  03  00  E2  
30  FF  FF  B5  46  04  00  6C  BE  07  00  6D  35  0C  00  03  00  00  00  27  8D  01  00  BE  12  
07  00  41  53  7C  16  47  4E  00  00  DE  85  02  00  00  00  00  00  00  00  28  01  6D  15  14  
00  02  01  00  00  03  04  03  00  00  00  00  00  00  00  00  00  00  00  00  00  6D  16  10  00  
03  00  00  00  E3  00  07  02  19  12  29  38  00  2F  00  00  00  6D  21  1C  00  03  00  00  00  
B9  00  00  00  0C  00  00  00  68  00  00  00  FA  FF  FF  FF  01  00  00  00  31  00  00  00  6D  
22  10  00  03  00  00  00  3D  FE  FF  FF  27  02  00  00  C4  06  00  00  00  6D  23  14  00  03  
00  00  00  14  60  AE  76  1C  7C  0A  FD  2F  A4  09  03  FF  2D  60  0A  6D  24  24  00  02  00  
00  00  00  00  00  00  00  00  00  00  00  00  00  00  00  00  00  00  00  00  00  00  00  00  00  
00  00  00  00  00  00  00  00  00  00  6D  31  20  00  03  00  00  00  FE  B0  00  00  70  87  FF  
FF  63  32  01  00  80  E0  07  00  D3  84  06  00  74  22  70  FF  A6  62  07  00  6D  32  24  00  
03  00  00  00  E6  C7  0B  00  39  08  CD  7B  01  00  00  00  81  0F  1B  00  8D  05  00  00  00  
01  00  00  00  00  00  00  00  04  00  00  00  6D  33  10  00  03  00  00  00  E3  07  02  19  12  
29  37  00  01  00  12  00  6D  34  14  00  03  00  00  00  05  40  03  00  E8  21  FF  FF  8C  4E  
04  00  1B  0A  08  00  6D  35  0C  00  03  00  00  00  21  57  47  4E  00  00  DF  85  02  00  00  
00  00  00  00  00  28  01  6D  15  14  00  02  01  00  00  03  04  03  00  00  00  00  00  00  00  
00  00  00  00  00  00  6D  16  10  00  03  00  00  00  E3  07  02  19  12  29  38  00  39  00  00  
00  6D  21  1C  00  03  00  00  00  83  00  00  00  26  00  00  00  B9  00  00  00  EC  FF  FF  FF  
0D  00  00  00  31  00  00  00  6D  22  10  00  03  00  00  00  3D  FE  FF  FF  27  02  00  00  C4  
06  00  00  6D  23  14  00  03  00  00  00  F6  5A  AE  76  53  AB  0A  FD  2B  B7  09  03  6C  70  
60  0A  6D  24  24  00  02  00  00  00  00  00  00  00  00  00  00  00  00  00  00  00  00  00  00  
00  00  00  00  00  00  00  00  00  00  00  00  00  00  00  00  00  6D  31  20  00  03  00  00  00  
F6  9B  00  00  C8  91  FF  FF  C7  51  01  00  21  AD  07  00  60  B3  06  00  57  22  70  FF  63  
62  07  00  6D  32  24  00  03  00  00  00  E6  C7  0B  00  39  08  CD  7B  01  00  00  00  81  0F  
1B  8D  05  00  00  00  01  00  00  00  00  00  00  04  00  00  00  6D  33  10  00  03  00  00  00  
E3  07  02  19  12  29  37  00  01  00  12  00  6D  34  14  00  03  00  00  00  75  57  03  00  A9  
38  FF  FF  A0  4E  04  00  7C  E5  07  00  6D  35  0C  00  03  00  00  00  26  8D  01  00  28  12  
07  00  41  53  EC  05  47  4E  00  00  E0  85  02  00  14  00  00  00  00  00  28  01  6D  15  14  
00  02  01  00  00  03  04  03  00  00  00  00  00  00  00  00  00  00  00  00  00  6D  16  10  00  
03  00  00  00  00  E3  07  02  19  12  29  38  00  43  00  00  00  6D  21  1C  00  03  00  00  00  
E3  00  00  00  18  00  00  00  77  FF  FF  FF  FA  FF  FF  FF  09  00  00  00  33  00  00  00  6D  
22  10  00  03  00  00  00  3E  FE  FF  FF  27  02  00  00  C4  06  00  00  00  6D  23  14  00  03  
00  00  00  F3  61  AE  76  65  FC  0A  FD  16  C4  09  03  CC  33  60  0A  6D  24  24  00  02  00  
00  00  00  00  00  00  00  00  00  00  00  00  00  00  00  00  00  00  00  00  00  00  00  00  00  
00  00  00  00  00  00  00  00  00  00  6D  31  20  00  03  00  00  00  A3  C1  00  00  60  8C  FF  
FF  63  D4  00  00  E6  E0  07  00  52  A1  06  00  E7  26  70  FF  7B  61  07  00  6D  32  24  00  
03  00  00  00  1A  C6  0B  00  39  08  CD  7B  01  00  00  00  A4  0F  00  1B  8D  05  00  00  00  
00  00  00  00  00  00  00  00  04  00  00  00  6D  33  10  00  03  00  00  00  E3  07  02  19  12  
29  38  00  01  00  12  00  6D  34  14  00  03  00  00  00  DF  40  03  00  4B  5A  FF  FF  1D  37  
04  00  83  CF  07  00  6D  35  0C  00  03  00  00  00  39  47  4E  00  00  E1  85  02  00  3D  87  
01  00  00  00  28  01  6D  15  14  00  02  01  00  00  03  04  03  00  00  00  00  00  00  00  00  
00  00  00  00  00  6D  16  10  00  03  00  00  00  E3  07  02  19  12  29  38  00  4D  00  00  00  
6D  21  1C  00  03  00  00  00  DB  FD  FF  FF  9F  FF  FF  FF  BE  FF  FF  FF  01  00  00  00  F7  
FF  FF  FF  49  00  00  00  6D  22  10  00  03  00  00  00  3D  FE  FF  FF  27  02  00  00  C4  06  
00  00  6D  23  14  00  03  00  00  00  37  60  AE  76  74  24  0A  FD  37  88  09  03  95  1B  60  
0A  6D  24  24  00  02  00  00  00  00  00  00  00  00  00  00  00  00  00  00  00  00  00  00  00  
00  00  00  00  00  00  00  00  00  00  00  00  00  00  00  00  6D  31  20  00  03  00  00  00  2B  
92  FF  FF  39  5D  FF  FF  10  F0  00  00  8C  FE  07  00  55  5D  06  00  56  7F  70  FF  81  62  
07  00  6D  32  24  00  03  00  00  00  1A  C6  0B  00  39  08  CD  7B  01  00  00  00  A4  0F  1B  
8D  05  00  00  00  00  00  00  00  00  00  00  04  00  00  00  6D  33  10  00  03  00  00  00  E3  
07  02  19  12  29  38  00  01  00  12  00  6D  34  14  00  03  00  00  00  00  41  03  00  98  65  
FF  FF  1C  37  04  00  30  C8  07  00  6D  35  0C  00  03  00  00  00  27  8D  01  00  5A  12  07  
00  41  53  45  A0  47  4E  00  00  E2  85  02  00  01  16  01  60  00  00  28  01  6D  15  14  00  
02  01  00  00  03  04  03  00  00  00  00  00  00  00  00  00  00  00  00  00  6D  16  10  00  03  
00  00  00  00  E3  07  02  19  12  29  38  00  57  00  00  00  6D  21  1C  00  03  00  00  00  D4  
00  00  00  FE  FF  FF  FF  3F  00  00  00  0D  00  00  00  00  00  00  00  20  00  00  00  6D  22  
10  00  03  00  00  00  3D  FE  FF  FF  27  02  00  00  C4  06  00  00  00  6D  23  14  00  03  00  
00  00  70  60  AE  76  B2  72  0A  FD  DB  8C  09  03  05  2E  60  0A  6D  24  24  00  02  00  00  
00  00  00  00  00  00  00  00  00  00  00  00  00  00  00  00  00  00  00  00  00  00  00  00  00  
00  00  00  00  00  00  00  00  00  6D  31  20  00  03  00  00  00  C7  BB  00  00  31  82  FF  FF  
BE  22  01  00  0E  2E  08  00  58  7E  06  00  C0  DC  6F  FF  18  62  07  00  6D  32  24  00  03  
00  00  00  1A  C6  0B  00  39  08  CD  7B  01  00  00  00  A4  0F  00  1B  8D  05  00  00  00  00  
00  00  00  00  00  00  00  04  00  00  00  6D  33  10  00  03  00  00  00  E3  07  02  19  12  29  
38  00  01  00  12  00  6D  34  14  00  03  00  00  00  EA  3C  03  00  BB  52  FF  FF  19  37  04  
00  30  C8  07  00  6D  35  0C  00  03  00  00  00  C2  47  4E  00  00  E3  85  02  00  2A  00  00  
00  00  00  28  01  6D  15  14  00  02  01  00  00  03  04  03  00  00  00  00  00  00  00  00  00  
00  00  00  00  6D  16  10  00  03  00  00  00  E3  07  02  19  12  29  38  00  61  00  00  00  6D  
21  1C  00  03  00  00  00  9E  00  00  00  90  00  00  00  31  00  00  00  F4  FF  FF  FF  E8  FF  
FF  FF  36  00  00  00  6D  22  10  00  03  00  00  00  3D  FE  FF  FF  27  02  00  00  C4  06  00  
00  6D  23  14  00  03  00  00  00  1D  5F  AE  76  41  A7  0A  FD  8B  C8  09  03  A8  3A  60  0A  
6D  24  24  00  02  00  00  00  00  00  00  00  00  00  00  00  00  00  00  00  00  00  00  00  00  
00  00  00  00  00  00  00  00  00  00  00  00  00  00  00  6D  31  20  00  03  00  00  00  9A  A6  
00  00  4C  BB  FF  FF  61  1D  01  00  6B  C9  07  00  79  20  06  00  29  35  70  FF  A6  62  07  
00  6D  32  24  00  03  00  00  00  1A  C6  0B  00  39  08  CD  7B  01  00  00  00  A4  0F  1B  8D  
05  00  00  00  00  00  00  00  00  00  00  00  00  00  6D  33  10  00  03  00  00  00  E3  07  02  
19  12  29  38  00  01  00  12  00  6D  34  14  00  03  00  00  00  AD  19  03  00  DE  19  FF  FF  
91  1F  04  00  30  C8  07  00  6D  35  0C  00  03  00  00  00  25  8D  01  00  BE  12  07  00  41  
53  28  8C  47  4E  00  00  E4  85  02  00  10  05  00  00  00  00  28  01  6D  15  14  00  02  01  
00  00  03  04  03  00  00  00  00  00  00  00  00  00  00  00  00  00  6D  16  10  00  03  00  00  
00  E3  00  07  02  19  12  29  38  00  6B  00  00  00  6D  21  1C  00  03  00  00  00  4F  00  00  
00  AD  FF  FF  FF  5B  00  00  00  F8  FF  FF  FF  12  00  00  00  38  00  00  00  6D  22  10  00  
03  00  00  00  3D  FE  FF  FF  27  02  00  00  C4  06  00  00  00  6D  23  14  00  03  00  00  00  
E2  5D  AE  76  5E  C5  0A  FD  CC  A9  09  03  53  5A  60  0A  6D  24  24  00  02  00  00  00  00  
00  00  00  00  00  00  00  00  00  00  00  00  00  00  00  00  00  00  00  00  00  00  00  00  00  
00  00  00  00  00  00  00  6D  31  20  00  03  00  00  00  7B  87  00  00  F7  62  FF  FF  86  2D  
01  00  B4  DB  07  00  4D  C6  06  00  CF  3B  70  FF  18  62  07  00  6D  32  24  00  03  00  00  
00  1A  C6  0B  00  39  08  CD  7B  01  00  00  00  A4  0F  1B  00  8D  05  00  00  00  00  00  00  
00  00  00  00  00  04  00  00  00  6D  33  10  00  03  00  00  00  E3  07  02  19  12  29  38  00  
01  00  12  00  6D  34  14  00  03  00  00  00  B4  3C  03  00  DD  52  FF  FF  8A  4E  04  00  E4  
AA  07  00  6D  35  0C  00  03  00  00  00  23  48  47  4E  00  00  E5  85  02  00  00  00  00  00  
00  00  28  01  6D  15  14  00  02  01  00  00  03  04  03  00  00  00  00  00  00  00  00  00  00  
00  00  00  6D  16  10  00  03  00  00  00  E3  07  02  19  12  29  38  00  75  00  00  00  6D  21  
1C  00  03  00  00  00  69  00  00  00  9C  00  00  00  17  00  00  00  FC  FF  FF  FF  FF  FF  FF  
FF  5C  00  00  00  6D  22  10  00  03  00  00  00  3E  FE  FF  FF  27  02  00  00  C4  06  00  00  
6D  23  14  00  03  00  00  00  DC  5C  AE  76  F8  E3  0A  FD  15  E8  09  03  83  5C  60  0A  6D  
24  24  00  02  00  00  00  00  00  00  00  00  00  00  00  00  00  00  00  00  00  00  00  00  00  
00  00  00  00  00  00  00  00  00  00  00  00  00  00  6D  31  20  00  03  00  00  00  F0  91  00  
00  4F  C0  FF  FF  14  13  01  00  68  E9  07  00  79  79  06  00  2B  C7  70  FF  E4  61  07  00  
6D  32  24  00  03  00  00  00  1A  C6  0B  00  39  08  CD  7B  01  00  00  00  A4  0F  1B  8D  05  
00  00  00  00  00  00  00  00  00  00  04  00  00  00  6D  33  10  00  03  00  00  00  E3  07  02  
19  12  29  38  00  01  00  12  00  6D  34  14  00  03  00  00  00  20  48  03  00  41  4F  FF  FF  
33  5E  04  00  A8  B4  07  00  6D  35  0C  00  03  00  00  00  25  8D  01  00  73  12  07  00  41  
53  49  3D  47  4E  00  00  E6  85  02  00  00  00  00  00  00  00  28  01  6D  15  14  00  02  01  
00  00  03  04  03  00  00  00  00  00  00  00  00  00  00  00  00  00  6D  16  10  00  03  00  00  
00  00  E3  07  02  19  12  29  38  00  7F  00  00  00  6D  21  1C  00  03  00  00  00  6B  FF  FF  
FF  AC  FF  FF  FF  5B  00  00  00  FC  FF  FF  FF  F8  FF  FF  FF  36  00  00  00  6D  22  10  00  
03  00  00  00  3D  FE  FF  FF  27  02  00  00  C4  06  00  00  00  6D  23  14  00  03  00  00  00  
6F  59  AE  76  C5  A8  0A  FD  24  C1  09  03  3C  7E  60  0A  6D  24  24  00  02  00  00  00  00  
00  00  00  00  00  00  00  00  00  00  00  00  00  00  00  00  00  00  00  00  00  00  00  00  00  
00  00  00  00  00  00  00  6D  31  20  00  03  00  00  00  A1  2E  00  00  C8  62  FF  FF  F8  2D  
01  00  16  EA  07  00  C1  5F  06  00  AE  32  70  FF  27  62  07  00  6D  32  24  00  03  00  00  
00  1A  C6  0B  00  39  08  CD  7B  01  00  00  00  A4  0F  00  1B  8D  05  00  00  00  00  00  00  
00  00  00  00  00  04  00  00  00  6D  33  10  00  03  00  00  00  E3  07  02  19  12  29  38  00  
01  00  12  00  6D  34  14  00  03  00  00  00  DE  47  03  00  A6  38  FF  FF  33  5E  04  00  30  
C8  07  00  6D  35  0C  00  03  00  00  00  5F  47  4E  00  00  E7  85  02  00  00  00  00  00  00  
00  28  01  6D  15  14  00  02  01  00  00  03  04  03  00  00  00  00  00  00  00  00  00  00  00  
00  00  6D  16  10  00  03  00  00  00  E3  07  02  19  12  29  38  00  89  00  00  00  6D  21  1C  
00  03  00  00  00  B8  01  00  00  32  00  00  00  3D  00  00  00  12  00  00  00  0A  00  00  00  
2A  00  00  00  6D  22  10  00  03  00  00  00  3E  FE  FF  FF  27  02  00  00  C4  06  00  00  6D  
23  14  00  03  00  00  00  64  5B  AE  76  91  4D  0B  FD  28  E2  09  03  23  8D  60  0A  6D  24  
24  00  02  00  00  00  00  00  00  00  00  00  00  00  00  00  00  00  00  00  00  00  00  00  00  
00  00  00  00  00  00  00  00  00  00  00  00  00  6D  31  20  00  03  00  00  00  B2  14  01  00  
1B  97  FF  FF  3A  22  01  00  94  40  08  00  E4  A3  06  00  18  04  70  FF  A8  61  07  00  6D  
32  24  00  03  00  00  00  1A  C6  0B  00  39  08  CD  7B  01  00  00  00  A4  0F  1B  8D  05  00  
00  00  00  00  00  00  00  00  00  04  00  00  00  6D  33  10  00  03  00  00  00  E3  07  02  19  
12  29  38  00  01  00  12  00  6D  34  14  00  03  00  00  00  5D  2A  03  00  75  83  FF  FF  9D  
1F  04  00  20  A1  07  00  6D  35  0C  00  03  00  00  00  27  8D  01  00  5A  12  07  00  41  53  
36  A4  47  4E  00  00  E8  85  02  00  00  04  00  00  00  00  28  01  6D  15  14  00  02  01  00  
00  03  04  03  00  00  00  00  00  00  00  00  00  00  00  00  00  6D  16  10  00  03  00  00  00  
00  E3  07  02  19  12  29  38  00  93  00  00  00  6D  21  1C  00  03  00  00  00  06  02  00  00  
32  00  00  00  8A  01  00  00  04  00  00  00  EC  FF  FF  FF  50  00  00  00  6D  22  10  00  03  
00  00  00  3E  FE  FF  FF  27  02  00  00  C4  06  00  00  00  6D  23  14  00  03  00  00  00  9A  
52  AE  76  70  14  0C  FD  4F  0A  0A  03  80  1E  61  0A  6D  24  24  00  02  00  00  00  00  00  
00  00  00  00  00  00  00  00  00  00  00  00  00  00  00  00  00  00  00  00  00  00  00  00  00  
00  00  00  00  00  00  6D  31  20  00  03  00  00  00  17  33  01  00  5F  97  FF  FF  94  A4  01  
00  3E  08  08  00  B0  2C  06  00  DB  98  70  FF  DC  61  07  00  6D  32  24  00  03  00  00  00  
1A  C6  0B  00  39  08  CD  7B  01  00  00  00  A4  0F  00  1B  8D  05  00  00  00  00  00  00  00  
00  00  00  00  04  00  00  00  6D  33  10  00  03  00  00  00  E3  07  02  19  12  29  38  00  01  
00  12  00  6D  34  14  00  03  00  00  00  CE  40  03  00  28  4B  FF  FF  67  2B  04  00  65  D4  
07  00  6D  35  0C  00  03  00  00  00  9A  47  4E  00  00  E9  85  02  00  D0  BF  21  00  00  00  
28  01  6D  15  14  00  02  01  00  00  03  04  03  00  00  00  00  00  00  00  00  00  00  00  00  
00  6D  16  10  00  03  00  00  00  E3  07  02  19  12  29  38  00  9D  00  00  00  6D  21  1C  00  
03  00  00  00  54  FD  FF  FF  49  00  00  00  0C  00  00  00  F0  FF  FF  FF  07  00  00  00  47  
00  00  00  6D  22  10  00  03  00  00  00  3E  FE  FF  FF  27  02  00  00  C4  06  00  00  6D  23  
14  00  03  00  00  00  E7  4A  AE  76  C3  03  0B  FD  0F  0F  0A  03  87  27  61  0A  6D  24  24  
00  02  00  00  00  00  00  00  00  00  00  00  00  00  00  00  00  00  00  00  00  00  00  00  00  
00  00  00  00  00  00  00  00  00  00  00  00  6D  31  20  00  03  00  00  00  CB  5D  FF  FF  7A  
A0  FF  FF  85  0F  01  00  7F  BD  07  00  15  9A  06  00  D8  75  70  FF  A8  61  07  00  6D  32  
24  00  03  00  00  00  1A  C6  0B  00  39  08  CD  7B  01  00  00  00  A4  0F  1B  8D  05  00  00  
00  00  00  00  00  00  00  00  00  04  00  00  00  6D  33  10  00  03  00  00  00  E3  07  02  19  
12  29  38  00  01  00  12  00  6D  34  14  00  03  00  00  00  EF  30  03  00  C0  30  FF  FF  10  
37  04  00  B8  DB  07  00  6D  35  0C  00  03  00  00  00  25  8D  01  00  F6  11  07  00  41  53  
EA  B3  47  4E  00  00  EA  85  02  00  CE  20  00  00  00  00  28  01  6D  15  14  00  02  01  00  
00  03  04  03  00  00  00  00  00  00  00  00  00  00  00  00  00  6D  16  10  00  03  00  00  00  
00  E3  07  02  19  12  29  38  00  A7  00  00  00  6D  21  1C  00  03  00  00  00  42  00  00  00  
3D  00  00  00  08  00  00  00  F8  FF  FF  FF  10  00  00  00  3A  00  00  00  6D  22  10  00  03  
00  00  00  3E  FE  FF  FF  27  02  00  00  C4  00  06  00  00  6D  23  14  00  03  00  00  00  C9  
4A  AE  76  11  16  0B  FD  0B  28  0A  03  C1  26  61  0A  6D  24  24  00  02  00  00  00  00  00  
00  00  00  00  00  00  00  00  00  00  00  00  00  00  00  00  00  00  00  00  00  00  00  00  00  
00  00  00  00  00  00  6D  31  20  00  03  00  00  00  78  82  00  00  ED  9B  FF  FF  09  0E  01  
00  EB  DB  07  00  30  BD  06  00  0A  45  70  FF  99  61  07  00  6D  32  24  00  03  00  00  00  
9A  C3  0B  00  39  08  CD  7B  01  00  00  00  D8  00  0F  1B  8D  05  00  00  00  01  00  00  00  
03  00  00  00  04  00  00  00  6D  33  10  00  03  00  00  00  E3  07  02  19  12  29  38  00  01  
00  12  00  6D  34  14  00  03  00  00  00  96  19  03  00  1C  29  FF  FF  CA  3E  04  00  F4  D1  
07  00  6D  35  0C  00  03  00  00  FC  47  4E  00  00  EB  85  02  00  00  00  00  00  00  00  28  
01  6D  15  14  00  02  01  00  00  03  04  03  00  00  00  00  00  00  00  00  00  00  00  00  00  
6D  16  10  00  03  00  00  00  E3  07  02  19  12  29  38  00  B1  00  00  00  6D  21  1C  00  03  
00  00  00  E6  FE  FF  FF  ED  FF  FF  FF  4F  FF  FF  FF  05  00  00  00  00  00  00  00  3C  00  
00  00  6D  22  10  00  03  00  00  00  3D  FE  FF  FF  27  02  00  00  C4  06  00  00  6D  23  14  
00  03  00  00  00  5E  4E  AE  76  D1  A1  0A  FD  55  14  0A  03  72  E2  60  0A  6D  24  24  00  
02  00  00  00  00  00  00  00  00  00  00  00  00  00  00  00  00  00  00  00  00  00  00  00  00  
00  00  00  00  00  00  00  00  00  00  00  6D  31  20  00  03  00  00  00  C4  FA  FF  FF  89  7C  
FF  FF  A8  C5  00  00  D7  0E  08  00  DB  7D  06  00  F6  49  70  FF  EA  62  07  00  6D  32  24  
00  03  00  00  00  9A  C3  0B  00  39  08  CD  7B  01  00  00  00  D8  0F  1B  8D  05  00  00  00  
01  00  00  00  03  00  00  00  04  00  00  00  6D  33  10  00  03  00  00  00  E3  07  02  19  12  
29  38  00  01  00  12  00  6D  34  14  00  03  00  00  00  B8  19  03  00  06  29  FF  FF  2D  2F  
04  00  F4  D1  07  00  6D  35  0C  00  03  00  00  00  25  8D  01  00  5A  12  07  00  41  53  9B  
D3  47  4E  00  00  EC  85  02  00  00  00  00  00  00  00  28  01  6D  15  14  00  02  01  00  00  
03  04  03  00  00  00  00  00  00  00  00  00  00  00  00  00  6D  16  10  00  03  00  00  00  00  
E3  07  02  19  12  29  38  00  BB  00  00  00  6D  21  1C  00  03  00  00  00  9E  00  00  00  3D  
00  00  00  72  00  00  00  F8  FF  FF  FF  FB  FF  FF  FF  4E  00  00  00  6D  22  10  00  03  00  
00  00  3E  FE  FF  FF  27  02  00  00  C4  00  06  00  00  6D  23  14  00  03  00  00  00  85  4B  
AE  76  1B  D9  0A  FD  90  31  0A  03  38  0A  61  0A  6D  24  24  00  02  00  00  00  00  00  00  
00  00  00  00  00  00  00  00  00  00  00  00  00  00  00  00  00  00  00  00  00  00  00  00  00  
00  00  00  00  00  6D  31  20  00  03  00  00  00  84  A6  00  00  2A  9C  FF  FF  95  37  01  00  
66  DB  07  00  2A  6B  06  00  E4  91  70  FF  90  62  07  00  6D  32  24  00  03  00  00  00  9A  
C3  0B  00  39  08  CD  7B  01  00  00  00  D8  00  0F  1B  8D  05  00  00  00  01  00  00  00  03  
00  00  00  04  00  00  00  6D  33  10  00  03  00  00  00  E3  07  02  19  12  29  38  00  01  00  
12  00  6D  34  14  00  03  00  00  00  16  48  03  00  F5  1D  FF  FF  A0  23  04  00  F4  D1  07  
00  6D  35  0C  00  03  00  00  2A  47  4E  00  00  ED  85  02  00  00  00  00  00  00  00  28  01  
6D  15  14  00  02  01  00  00  03  04  03  00  00  00  00  00  00  00  00  00  00  00  00  00  6D  
16  10  00  03  00  00  00  E3  07  02  19  12  29  38  00  C5  00  00  00  6D  21  1C  00  03  00  
00  00  7A  FE  FF  FF  DE  FF  FF  FF  18  00  00  00  FF  FF  FF  FF  FD  FF  FF  FF  37  00  00  
00  6D  22  10  00  03  00  00  00  3D  FE  FF  FF  27  02  00  00  C4  06  00  00  6D  23  14  00  
03  00  00  00  71  47  AE  76  D7  3D  0A  FD  13  16  0A  03  A6  14  61  0A  6D  24  24  00  02  
00  00  00  00  00  00  00  00  00  00  00  00  00  00  00  00  00  00  00  00  00  00  00  00  00  
00  00  00  00  00  00  00  00  00  00  6D  31  20  00  03  00  00  00  A7  D0  FF  FF  4B  77  FF  
FF  40  14  01  00  FD  F7  07  00  71  72  06  00  4D  37  70  FF  27  62  07  00  6D  32  24  00  
03  00  00  00  9A  C3  0B  00  39  08  CD  7B  01  00  00  00  D8  0F  1B  8D  05  00  00  00  01  
00  00  00  03  00  00  00  04  00  00  00  6D  33  10  00  03  00  00  00  E3  07  02  19  12  29  
38  00  01  00  12  00  6D  34  14  00  03  00  00  00  68  48  03  00  16  4F  FF  FF  F5  3E  04  
00  7C  E5  07  00  6D  35  0C  00  03  00  00  00  28  8D  01  00  28  12  07  00  41  53  59  99  
47  4E  00  00  EE  85  02  00  00  00  00  00  00  00  28  01  6D  15  14  00  02  01  00  00  03  
04  03  00  00  00  00  00  00  00  00  00  00  00  00  00  6D  16  10  00  03  00  00  00  00  E3  
07  02  19  12  29  38  00  CF  00  00  00  6D  21  1C  00  03  00  00  00  0E  FF  FF  FF  D1  FF  
FF  FF  24  00  00  00  E8  FF  FF  FF  FA  FF  FF  FF  33  00  00  00  6D  22  10  00  03  00  00  
00  3D  FE  FF  FF  27  02  00  00  C4  00  06  00  00  6D  23  14  00  03  00  00  00  73  44  AE  
76  B3  DC  09  FD  B9  FA  09  03  21  23  61  0A  6D  24  24  00  02  00  00  00  00  00  00  00  
00  00  00  00  00  00  00  00  00  00  00  00  00  00  00  00  00  00  00  00  00  00  00  00  00  
00  00  00  00  6D  31  20  00  03  00  00  00  5C  0A  00  00  1E  72  FF  FF  45  19  01  00  33  
9B  07  00  28  69  06  00  46  29  70  FF  5D  61  07  00  6D  32  24  00  03  00  00  00  9A  C3  
0B  00  39  08  CD  7B  01  00  00  00  D8  00  0F  1B  8D  05  00  00  00  01  00  00  00  03  00  
00  00  04  00  00  00  6D  33  10  00  03  00  00  00  E3  07  02  19  12  29  38  00  01  00  12  
00  6D  34  14  00  03  00  00  00  46  39  03  00  E8  83  FF  FF  23  5E  04  00  04  F9  07  00  
6D  35  0C  00  03  00  00  64  47  4E  00  00  EF  85  02  00  00  00  00  00  00  00  28  01  6D  
15  14  00  02  01  00  00  03  04  03  00  00  00  00  00  00  00  00  00  00  00  00  00  6D  16  
10  00  03  00  00  00  E3  07  02  19  12  29  38  00  D9  00  00  00  6D  21  1C  00  03  00  00  
00  41  00  00  00  C4  FF  FF  FF  4B  00  00  00  EC  FF  FF  FF  05  00  00  00  26  00  00  00  
6D  22  10  00  03  00  00  00  3D  FE  FF  FF  27  02  00  00  C4  06  00  00  6D  23  14  00  03  
00  00  00  6D  43  AE  76  DF  F3  09  FD  13  E4  09  03  13  3C  61  0A  6D  24  24  00  02  00  
00  00  00  00  00  00  00  00  00  00  00  00  00  00  00  00  00  00  00  00  00  00  00  00  00  
00  00  00  00  00  00  00  00  00  6D  31  20  00  03  00  00  00  6D  82  00  00  3E  6D  FF  FF  
52  28  01  00  E2  AD  07  00  28  93  06  00  D8  F3  6F  FF  7B  61  07  00  6D  32  24  00  03  
00  00  00  9A  C3  0B  00  39  08  CD  7B  01  00  00  00  D8  0F  1B  8D  05  00  00  00  01  00  
00  00  03  00  00  00  04  00  00  00  6D  33  10  00  03  00  00  00  E3  07  02  19  12  29  38  
00  01  00  12  00  6D  34  14  00  03  00  00  00  4F  38  03  00  15  0B  FF  FF  48  2F  04  00  
D8  29  08  00  6D  35  0C  00  03  00  00  00  28  8D  01  00  BE  12  07  00  41  53  8D  4C  47  
4E  00  00  F0  85  02  00  00  00  00  00  00  00  28  01  6D  15  14  00  02  01  00  00  03  04  
03  00  00  00  00  00  00  00  00  00  00  00  00  00  6D  16  10  00  03  00  00  00  00  E3  07  
02  19  12  29  38  00  E3  00  00  00  6D  21  1C  00  03  00  00  00  0A  01  00  00  AA  FF  FF  
FF  D2  FF  FF  FF  FE  FF  FF  FF  17  00  00  00  47  00  00  00  6D  22  10  00  03  00  00  00  
3D  FE  FF  FF  27  02  00  00  C4  00  06  00  00  6D  23  14  00  03  00  00  00  BD  48  AE  76  
52  58  0A  FD  FD  C8  09  03  E8  23  61  0A  6D  24  24  00  02  00  00  00  00  00  00  00  00  
00  00  00  00  00  00  00  00  00  00  00  00  00  00  00  00  00  00  00  00  00  00  00  00  00  
00  00  00  6D  31  20  00  03  00  00  00  C5  D0  00  00  26  63  FF  FF  E9  F8  00  00  51  F2  
07  00  FC  DA  06  00  EB  75  70  FF  EA  62  07  00  6D  32  24  00  03  00  00  00  9A  C3  0B  
00  39  08  CD  7B  01  00  00  00  D8  00  0F  1B  8D  05  00  00  00  01  00  00  00  03  00  00  
00  04  00  00  00  6D  33  10  00  03  00  00  00  E3  07  02  19  12  29  38  00  01  00  12  00  
6D  34  14  00  03  00  00  00  57  44  03  00  CC  43  FF  FF  BF  46  04  00  93  F6  07  00  6D  
35  0C  00  03  00  00  9C  47  4E  00  00  F1  85  02  00  00  00  00  00  00  00  28  01  6D  15  
14  00  02  01  00  00  03  04  03  00  00  00  00  00  00  00  00  00  00  00  00  00  6D  16  10  
00  03  00  00  00  E3  07  02  19  12  29  38  00  ED  00  00  00  6D  21  1C  00  03  00  00  00  
9D  01  00  00  18  FF  FF  FF  2F  00  00  00  EF  FF  FF  FF  01  00  00  00  37  00  00  00  6D  
22  10  00  03  00  00  00  3E  FE  FF  FF  27  02  00  00  C4  06  00  00  6D  23  14  00  03  00  
00  00  D5  4D  AE  76  15  FB  0A  FD  A5  7A  09  03  00  2F  61  0A  6D  24  24  00  02  00  00  
00  00  00  00  00  00  00  00  00  00  00  00  00  00  00  00  00  00  00  00  00  00  00  00  00  
00  00  00  00  00  00  00  00  6D  31  20  00  03  00  00  00  5D  0A  01  00  2C  2A  FF  FF  5F  
1D  01  00  A3  B6  07  00  8C  82  06  00  97  39  70  FF  27  62  07  00  6D  32  24  00  03  00  
00  00  9A  C3  0B  00  39  08  CD  7B  01  00  00  00  D8  0F  1B  8D  05  00  00  00  00  01  00  
00  00  03  00  00  00  04  00  00  00  6D  33  10  00  03  00  00  00  E3  07  02  19  12  29  38  
00  01  00  12  00  6D  34  14  00  03  00  00  00  28  50  03  00  49  5E  FF  FF  98  4E  04  00  
D6  D6  07  00  6D  35  0C  00  03  00  00  00  00  2A  8D  01  00  8C  12  07  00  41  53  11  8A  
47  4E  00  00  F2  85  02  00  00  00  00  00  00  00  28  01  6D  15  14  00  02  01  00  00  03  
04  03  00  00  00  00  00  00  00  00  00  00  00  00  00  6D  16  10  00  03  00  00  00  00  E3  
07  02  19  12  29  38  00  F7  00  00  00  6D  21  1C  00  03  00  00  00  90  01  00  00  E0  FF  
FF  FF  B6  FF  FF  FF  FF  FF  FF  FF  F1  FF  FF  FF  4D  00  00  00  6D  22  10  00  03  00  00  
00  3E  FE  FF  FF  27  02  00  00  C4  00  06  00  00  6D  23  14  00  03  00  00  00  EB  54  AE  
76  73  91  0B  FD  31  78  09  03  85  09  61  0A  6D  24  24  00  02  00  00  00  00  00  00  00  
00  00  00  00  00  00  00  00  00  00  00  00  00  00  00  00  00  00  00  00  00  00  00  00  00  
00  00  00  00  6D  31  20  DC  47  4E  00  00  06  86  02  00  30  0F  1F  00  00  00  28  01  6D  
15  14  00  02  01  00  00  03  04  03  00  00  00  00  00  00  00  00  00  00  00  00  00  6D  16  
10  00  03  00  00  00  E3  07  02  19  12  29  38  00  BF  01  00  00  6D  21  1C  00  03  00  00  
00  E4  FF  FF  FF  EB  FF  FF  FF  15  00  00  00  F0  FF  FF  FF  EB  FF  FF  FF  52  00  00  00  
6D  22  10  00  03  00  00  00  3C  FE  FF  FF  27  02  00  00  C4  06  00  00  6D  23  14  00  03  
00  00  00  2A  4B  AE  76  3F  58  08  FD  52  C9  09  03  D9  75  60  0A  6D  24  24  00  02  00  
00  00  00  00  00  00  00  00  00  00  00  00  00  00  00  00  00  00  00  00  00  00  00  00  00  
00  00  00  00  00  00  00  00  00  6D  31  20  00  03  00  00  00  D0  5D  00  00  C4  7C  FF  FF  
86  13  01  00  6A  BD  07  00  4B  33  06  00  2E  A2  70  FF  20  62  07  00  6D  32  24  00  03  
00  00  00  B2  BF  0B  00  39  08  CD  7B  01  00  00  00  0C  10  1B  8D  05  00  00  00  01  00  
00  00  02  00  00  5A  12  07  00  41  53  E6  A3  47  4E  00  00  07  86  02  00  00  00  00  00  
00  00  28  01  6D  15  14  00  02  01  00  00  03  04  03  00  00  00  00  00  00  00  00  00  00  
00  00  00  6D  16  10  00  03  00  00  00  E3  07  02  19  12  29  38  00  C9  01  00  00  6D  21  
1C  00  03  00  00  00  47  FE  FF  FF  11  00  00  00  EF  FF  FF  FF  F8  FF  FF  FF  F0  FF  FF  
FF  49  00  00  00  6D  22  10  00  03  00  00  00  3B  FE  FF  FF  27  02  00  00  C4  06  00  00  
6D  23  14  00  03  00  00  00  10  47  AE  76  90  A8  07  FD  56  C2  09  03  90  74  60  0A  6D  
24  24  00  02  00  00  00  00  00  00  00  00  00  00  00  00  00  00  00  00  00  00  00  00  00  
00  00  00  00  00  00  00  00  00  00  00  00  00  00  6D  31  20  00  03  00  00  00  2A  BC  FF  
FF  D3  8B  FF  FF  B0  04  01  00  5B  DC  07  00  8F  46  06  00  2B  7F  70  FF  03  61  07  00  
6D  32  24  00  03  00  00  00  B2  BF  0B  00  39  08  CD  7B  01  00  00  00  0C  10  1B  8D  05  
00  00  00  01  00  00  00  02  00  00  00  04  00  00  00  6D  33  10  00  03  00  00  00  E3  07  
02  19  12  29  38  00  01  00  12  00  6D  34  14  00  03  00  00  00  3F  49  03  00  7E  74  FF  
FF  1E  10  04  00  7C  E5  00  07  00  6D  35  0C  00  03  00  00  00  28  8D  01  00  D7  12  07  
00  41  53  8D  75  47  4E  00  00  08  86  02  00  03  00  00  00  00  00  28  01  6D  15  14  00  
02  01  00  00  03  04  03  00  00  00  00  00  00  00  00  00  00  00  00  00  6D  16  10  00  03  
00  00  00  E3  07  02  19  12  29  38  00  D3  01  00  00  6D  21  1C  00  03  00  00  00  6C  FF  
FF  FF  B2  00  00  00  67  FF  FF  FF  F4  FF  FF  FF  F6  FF  FF  FF  47  00  00  00  6D  22  10  
00  03  00  00  00  3B  FE  FF  FF  27  02  00  00  C4  06  00  00  6D  23  14  00  03  00  00  00  
E9  48  AE  76  79  64  07  FD  C6  01  0A  03  5C  39  60  0A  6D  24  24  00  02  00  00  00  00  
00  00  00  00  00  00  00  00  00  00  00  00  00  00  00  00  00  00  00  00  00  00  00  00  00  
00  00  00  00  00  00  6D  31  20  00  03  00  00  00  9F  2E  00  00  8E  CA  FF  FF  90  CF  00  
00  24  CD  07  00  09  5F  06  00  85  78  70  FF  87  63  07  00  6D  32  24  00  03  00  00  00  
E6  BD  0B  00  39  08  CD  7B  01  00  00  00  41  10  14  00  03  00  00  00  3D  5F  03  00  17  
31  FF  FF  0A  3F  04  00  C1  18  08  00  6D  35  0C  00  03  00  00  00  26  8D  01  00  BE  12  
07  00  41  53  2D  11  47  4E  00  00  09  86  02  00  00  00  12  00  00  00  28  01  6D  15  14  
00  02  01  00  00  03  04  03  00  00  00  00  00  00  00  00  00  00  00  00  00  6D  16  10  00  
03  00  00  00  E3  07  02  19  12  29  38  00  DD  01  00  00  6D  21  1C  00  03  00  00  00  F1  
FF  FF  FF  55  00  00  00  3D  00  00  00  01  00  00  00  03  00  00  00  56  00  00  00  6D  22  
10  00  03  00  00  00  3B  FE  FF  FF  27  02  00  00  C4  06  00  00  6D  23  14  00  03  00  00  
00  B8  45  AE  76  55  59  07  FD  A0  23  0A  03  BA  50  60  0A  6D  24  24  00  02  00  00  00  
00  00  00  00  00  00  00  00  00  00  00  00  00  00  00  00  00  00  00  00  00  00  00  00  00  
00  00  00  00  00  00  00  6D  31  20  00  03  00  00  00  CD  62  00  00  4E  A6  FF  FF  09  23  
01  00  A2  00  08  00  18  93  06  00  F5  AF  70  FF  20  62  07  00  6D  32  24  00  03  00  00  
00  E6  BD  0B  00  39  08  CD  7B  01  00  00  00  41  10  1B  8D  05  00  00  00  FF  FF  FF  FF  
FF  FF  FF  FF  03  00  00  00  6D  33  10  00  03  00  00  00  00  E3  07  02  19  12  29  38  00  
01  00  12  00  6D  34  14  00  03  00  00  00  69  53  03  00  C7  25  FF  FF  B5  4A  04  00  FD  
0E  08  00  6D  35  0C  00  03  00  00  00  26  8D  01  00  F0  12  07  00  41  53  1C  40  47  4E  
00  00  0A  86  02  00  00  00  00  00  00  00  28  01  6D  15  14  00  02  01  00  00  03  04  03  
00  00  00  00  00  00  00  00  00  00  00  00  00  6D  16  10  00  03  00  00  00  E3  07  02  19  
12  29  38  00  E7  01  00  00  6D  21  1C  00  03  00  00  00  0D  00  00  00  65  FF  FF  FF  80  
00  00  00  FD  FF  FF  FF  0D  00  00  00  3D  00  00  00  6D  22  10  00  03  00  00  00  3B  FE  
FF  FF  27  02  00  00  C4  06  00  00  6D  23  14  00  03  00  00  00  D6  42  AE  76  53  61  07  
FD  4C  EA  09  03  C6  84  60  0A  6D  24  24  00  02  00  00  00  00  00  00  00  00  00  00  00  
00  00  00  00  00  00  00  00  00  00  00  00  00  00  00  00  00  00  00  00  00  00  00  00  6D  
31  20  00  03  00  00  00  7A  6D  00  00  E6  48  FF  FF  77  3D  01  00  9B  EE  07  00  00  00  
FF  FF  FF  FF  FF  FF  FF  FF  03  00  00  00  6D  33  10  00  03  00  00  00  E3  07  02  19  12  
29  38  00  01  00  12  00  6D  34  14  00  03  00  00  00  EF  19  03  00  41  47  FF  FF  C9  3E  
04  00  6C  BE  07  00  6D  35  0C  00  03  00  00  00  28  8D  01  00  D7  12  07  00  41  53  18  
DA  47  4E  00  00  0B  86  02  00  00  00  00  00  00  00  28  01  6D  15  14  00  02  01  00  00  
03  04  03  00  00  00  00  00  00  00  00  00  00  00  00  00  00  6D  16  10  00  03  00  00  00  
E3  07  02  19  12  29  38  00  F1  01  00  00  6D  21  1C  00  03  00  00  00  44  FF  FF  FF  CB  
00  00  00  08  00  00  00  F6  FF  FF  FF  00  00  00  00  3E  00  00  00  6D  22  10  00  03  00  
00  00  00  3B  FE  FF  FF  27  02  00  00  C4  06  00  00  6D  23  14  00  03  00  00  00  94  3E  
AE  76  9A  0D  07  FD  E3  33  0A  03  FA  87  60  0A  6D  24  24  00  02  00  00  00  00  00  00  
00  00  00  00  00  00  00  00  00  00  00  00  00  00  00  00  00  00  00  00  00  00  00  00  00  
00  00  00  00  00  6D  31  20  00  03  00  00  00  FC  1E  00  00  D1  D4  FF  FF  59  0E  01  00  
E5  D4  07  00  60  87  06  00  18  53  70  FF  FA  61  07  00  6D  32  24  00  03  00  00  00  E6  
BD  0B  00  00  39  08  CD  7B  01  00  00  00  41  10  1B  8D  05  00  00  00  FF  FF  FF  FF  FF  
FF  FF  FF  03  00  00  00  6D  33  10  00  03  00  00  00  E3  07  02  19  12  29  38  00  01  00  
12  00  6D  34  14  00  03  00  00  00  6E  57  03  00  81  29  FF  FF  01  3F  04  00  6C  BE  5A  
47  4E  00  00  0C  86  02  00  00  00  00  00  00  00  28  01  6D  15  14  00  02  01  00  00  03  
04  03  00  00  00  00  00  00  00  00  00  00  00  00  00  6D  16  10  00  03  00  00  00  E3  07  
02  19  12  29  38  00  FB  01  00  00  6D  21  1C  00  03  00  00  00  05  FD  FF  FF  E8  FF  FF  
FF  F1  FF  FF  FF  EB  FF  FF  FF  FD  FF  FF  FF  60  00  00  00  6D  22  10  00  03  00  00  00  
3A  FE  FF  FF  27  02  00  00  C4  06  00  00  6D  23  14  00  03  00  00  00  D8  37  AE  76  05  
E2  05  FD  A8  10  0A  03  71  89  60  0A  6D  24  24  00  02  00  00  00  00  00  00  00  00  00  
00  00  00  00  00  00  00  00  00  00  00  00  00  00  00  00  00  00  00  00  00  00  00  00  00  
00  6D  31  20  00  03  00  00  00  7E  3E  FF  FF  1E  7C  FF  FF  50  05  01  00  05  A8  07  00  
9A  7B  06  00  BA  D9  70  FF  DC  61  07  00  6D  32  24  00  03  00  00  00  E6  BD  0B  00  39  
08  CD  7B  01  00  00  00  41  10  1B  8D  05  00  00  00  FF  FF  FF  FF  FF  FF  FF  FF  03  00  
00  00  6D  33  10  00  03  00  00  00  E3  07  02  19  12  29  38  00  01  00  12  00  6D  34  14  
00  03  00  00  00  AF  57  03  00  1C  40  FF  FF  00  3F  04  00  50  16  08  00  6D  35  0C  00  
03  00  00  00  24  8D  01  00  73  12  07  00  41  53  72  E6  47  4E  00  00  0D  86  02  00  00  
00  00  00  00  00  28  01  6D  15  14  00  02  01  00  00  03  04  03  00  00  00  00  00  00  00  
00  00  00  00  00  00  6D  16  10  00  03  00  00  00  00  E3  07  02  19  12  29  38  00  05  02  
00  00  6D  21  1C  00  03  00  00  00  04  FE  FF  FF  F1  00  00  00  84  FF  FF  FF  F8  FF  FF  
FF  EB  FF  FF  FF  39  00  00  00  6D  22  10  00  03  00  00  00  3A  FE  FF  FF  28  02  00  00  
C4  00  06  00  00  6D  23  14  00  03  00  00  00  B5  34  AE  76  5E  0F  05  FD  D1  5B  0A  03  
D4  5A  60  0A  6D  24  24  00  02  00  00  00  00  00  00  00  00  00  00  00  00  00  00  00  00  
00  00  00  00  00  00  00  00  00  00  00  00  00  00  00  00  00  00  00  00  6D  31  20  00  03  
00  00  00  F4  A1  FF  FF  FE  E3  FF  FF  BE  DA  00  00  C2  DE  07  00  59  38  06  00  96  40  
70  FF  91  61  07  00  6D  32  24  00  03  00  00  00  E6  BD  0B  00  39  08  CD  7B  01  00  00  
00  41  00  10  1B  8D  05  00  00  00  FF  FF  FF  FF  FF  FF  FF  FF  03  00  00  00  6D  33  10  
00  03  00  00  00  E3  07  02  19  12  29  38  00  01  00  12  00  6D  34  14  00  03  00  00  00  
3F  50  03  00  A5  56  FF  FF  11  3B  04  00  49  2C  08  00  6D  35  0C  00  03  00  00  0F  47  
4E  00  00  0E  86  02  00  00  00  00  00  00  00  28  01  6D  15  14  00  02  01  00  00  03  04  
03  00  00  00  00  00  00  00  00  00  00  00  00  00  6D  16  10  00  03  00  00  00  E3  07  02  
19  12  29  38  00  0F  02  00  00  6D  21  1C  00  03  00  00  00  F0  00  00  00  B4  FF  FF  FF  
57  00  00  00  FC  FF  FF  FF  05  00  00  00  40  00  00  00  6D  22  10  00  03  00  00  00  3A  
FE  FF  FF  28  02  00  00  C4  06  00  00  6D  23  14  00  03  00  00  00  CF  34  AE  76  23  6D  
05  FD  6D  47  0A  03  87  7A  60  0A  6D  24  24  00  02  00  00  00  00  00  00  00  00  00  00  
00  00  00  00  00  00  00  00  00  00  00  00  00  00  00  00  00  00  00  00  00  00  00  00  00  
6D  31  20  00  03  00  00  00  47  C6  00  00  3B  68  FF  FF  36  2D  01  00  2A  EC  07  00  34  
A1  06  00  04  5A  70  FF  C6  61  07  00  6D  32  24  00  03  00  00  00  E6  BD  0B  00  39  08  
CD  7B  01  00  00  00  41  10  1B  8D  05  00  00  00  FF  FF  FF  FF  FF  FF  FF  FF  03  00  00  
00  6D  33  10  00  03  00  00  00  E3  07  02  19  12  29  38  00  01  00  12  00  6D  34  14  00  
03  00  00  00  B0  39  03  00  A4  83  FF  FF  46  2F  04  00  50  16  08  00  6D  35  0C  00  03  
00  00  00  26  8D  01  00  5A  12  07  00  41  53  19  0B  47  4E  00  00  0F  86  02  00  01  01  
00  00  00  00  28  01  6D  15  14  00  02  01  00  00  03  04  03  00  00  00  00  00  00  00  00  
00  00  00  00  00  6D  16  10  00  03  00  00  00  00  E3  07  02  19  12  29  38  00  19  02  00  
00  6D  21  1C  00  03  00  00  00  5F  FF  FF  FF  52  00  00  00  E0  FF  FF  FF  F6  FF  FF  FF  
05  00  00  00  44  00  00  00  6D  22  10  00  03  00  00  00  3A  FE  FF  FF  28  02  00  00  C4  
00  06  00  00  6D  23  14  00  03  00  00  00  8E  33  AE  76  C4  27  05  FD  15  61  0A  03  78  
6D  60  0A  6D  24  24  00  02  00  00  00  00  00  00  00  00  00  00  00  00  00  00  00  00  00  
00  00  00  00  00  00  00  00  00  00  00  00  00  00  00  00  00  00  00  6D  31  20  00  03  00  
00  00  79  29  00  00  28  A6  FF  FF  C6  FE  00  00  D8  D6  07  00  87  9E  06  00  55  6A  70  
FF  5B  62  07  00  6D  32  24  00  03  00  00  00  E6  BD  0B  00  39  08  CD  7B  01  00  00  00  
41  00  10  1B  8D  05  00  00  00  FF  FF  FF  FF  FF  FF  FF  FF  03  00  00  00  6D  33  10  00  
03  00  00  00  E3  07  02  19  12  29  38  00  01  00  12  00  6D  34  14  00  03  00  00  00  4F  
39  03  00  59  56  FF  FF  AB  1F  04  00  10  7A  07  00  6D  35  0C  00  03  00  00  36  47  4E  
00  00  10  86  02  00  00  00  00  00  00  00  28  01  6D  15  14  00  02  01  00  00  03  04  03  
00  00  00  00  00  00  00  00  00  00  00  00  00  6D  16  10  00  03  00  00  00  E3  07  02  19  
12  29  38  00  23  02  00  00  6D  21  1C  00  03  00  00  00  6A  00  00  00  CE  FF  FF  FF  57  
00  00  00  FE  FF  FF  FF  05  00  00  00  47  00  00  00  6D  22  10  00  03  00  00  00  3A  FE  
FF  FF  28  02  00  00  C4  06  00  00  6D  23  14  00  03  00  00  00  25  32  AE  76  CB  4F  05  
FD  B7  51  0A  03  8F  8D  60  0A  6D  24  24  00  02  00  00  00  00  00  00  00  00  00  00  00  
00  00  00  00  00  00  00  00  00  00  00  00  00  00  00  00  00  00  00  00  00  00  00  00  6D  
31  20  00  03  00  00  00  D1  91  00  00  9B  72  FF  FF  66  2D  01  00  15  F5  07  00  9E  9E  
06  00  40  78  70  FF  63  62  07  00  6D  32  24  00  03  00  00  00  E6  BD  0B  00  39  08  CD  
7B  01  00  00  00  41  10  1B  8D  05  00  00  00  FF  FF  FF  FF  FF  FF  FF  FF  03  00  00  00  
6D  33  10  00  03  00  00  00  E3  07  02  19  12  29  38  00  01  00  12  00  6D  34  14  00  03  
00  00  00  34  44  03  00  B4  34  FF  FF  D9  42  04  00  02  A6  07  00  6D  35  0C  00  03  00  
00  00  29  8D  01  00  8C  12  07  00  41  53  53  D6  47  4E  00  00  11  86  02  00  00  00  00  
00  00  00  28  01  6D  15  14  00  02  01  00  00  03  04  03  00  00  00  00  00  00  00  00  00  
00  00  00  00  6D  16  10  00  03  00  00  00  00  E3  07  02  19  12  29  38  00  2D  02  00  00  
6D  21  1C  00  03  00  00  00  AF  FF  FF  FF  EC  FE  FF  FF  E0  FF  FF  FF  E8  FF  FF  FF  08  
00  00  00  32  00  00  00  6D  22  10  00  03  00  00  00  3A  FE  FF  FF  27  02  00  00  C4  00  
06  00  00  6D  23  14  00  03  00  00  00  41  35  AE  76  B6  35  05  FD  72  E2  09  03  1A  83  
60  0A  6D  24  24  00  02  00  00  00  00  00  00  00  00  00  00  00  00  00  00  00  00  00  00  
00  00  00  00  00  00  00  00  00  00  00  00  00  00  00  00  00  00  6D  31  20  00  03  00  00  
00  F3  48  00  00  49  1A  FF  FF  08  FF  00  00  D6  9E  07  00  05  AC  06  00  17  27  70  FF  
17  63  07  00  6D  32  24  00  03  00  00  00  E6  BD  0B  00  39  08  CD  7B  01  00  00  00  41  
00  10  1B  8D  05  00  00  00  FF  FF  FF  FF  FF  FF  FF  FF  03  00  00  00  6D  33  10  00  03  
00  00  00  E3  07  02  19  12  29  38  00  01  00  12  00  6D  34  14  00  03  00  00  00  E1  47  
03  00  42  2D  FF  FF  92  4E  04  00  4E  C3  07  00  6D  35  0C  00  03  00  00  1D  47  4E  00  
00  12  86  02  00  00  00  00  00  00  00  28  01  6D  15  14  00  02  01  00  00  03  04  03  00  
00  00  00  00  00  00  00  00  00  00  00  00  6D  16  10  00  03  00  00  00  E3  07  02  19  12  
29  38  00  37  02  00  00  6D  21  1C  00  03  00  00  00  7A  FF  FF  FF  2A  00  00  00  30  00  
00  00  03  00  00  00  EB  FF  FF  FF  40  00  00  00  6D  22  10  00  03  00  00  00  3A  FE  FF  
FF  27  02  00  00  C4  06  00  00  6D  23  14  00  03  00  00  00  F6  31  AE  76  F2  FC  04  FD  
D7  ED  09  03  29  95  60  0A  6D  24  24  00  02  00  00  00  00  00  00  00  00  00  00  00  00  
00  00  00  00  00  00  00  00  00  00  00  00  00  00  00  00  00  00  00  00  00  00  00  6D  31  
20  00  03  00  00  00  1C  34  00  00  86  96  FF  FF  28  1E  01  00  CA  08  08  00  FA  3A  06  
00  15  5A  70  FF  30  61  07  00  6D  32  24  00  03  00  00  00  24  BC  0B  00  39  08  CD  7B  
01  00  00  00  64  10  1B  8D  05  00  00  00  03  00  00  00  01  00  00  00  03  00  00  00  6D  
33  10  00  03  00  00  00  E3  07  02  19  12  29  38  00  01  00  12  00  6D  34  14  00  03  00  
00  00  02  48  03  00  90  38  FF  FF  92  4E  04  00  40  EF  07  00  6D  35  0C  00  03  00  00  
00  25  8D  01  00  8C  12  07  00  41  53  88  AA  47  4E  00  00  13  86  02  00  00  00  00  00  
00  00  28  01  6D  15  14  00  02  01  00  00  03  04  03  00  00  00  00  00  00  00  00  00  00  
00  00  00  6D  16  10  00  03  00  00  00  00  E3  07  02  19  12  29  38  00  41  02  00  00  6D  
21  1C  00  03  00  00  00  9B  02  00  00  3D  FF  FF  FF  A5  00  00  00  F1  FF  FF  FF  F7  FF  
FF  FF  45  00  00  00  6D  22  10  00  03  00  00  00  3A  FE  FF  FF  27  02  00  00  C4  00  06  
00  00  6D  23  14  00  03  00  00  00  D8  34  AE  76  7D  05  06  FD  B9  B9  09  03  57  CF  60  
0A  6D  24  24  00  02  00  00  00  00  00  00  00  00  00  00  00  00  00  00  00  00  00  00  00  
00  00  00  00  00  00  00  00  00  00  00  00  00  00  00  00  00  6D  31  20  00  03  00  00  00  
2E  6D  01  00  11  3A  FF  FF  CB  4B  01  00  99  BF  07  00  65  66  06  00  17  6F  70  FF  97  
62  07  00  6D  32  24  00  03  00  00  00  24  BC  0B  00  39  08  CD  7B  01  00  00  00  64  00  
10  1B  8D  05  00  00  00  03  00  00  00  01  00  00  00  03  00  00  00  6D  33  10  00  03  00  
00  00  E3  07  02  19  12  29  38  00  01  00  12  00  6D  34  14  00  03  00  00  00  B6  57  03  
00  56  29  FF  FF  C7  1F  04  00  E8  50  08  00  6D  35  0C  00  03  00  00  8E  47  4E  00  00  
14  86  02  00  00  00  00  00  00  00  28  01  6D  15  14  00  02  01  00  00  03  04  03  00  00  
00  00  00  00  00  00  00  00  00  00  00  6D  16  10  00  03  00  00  00  E3  07  02  19  12  29  
38  00  4B  02  00  00  6D  21  1C  00  03  00  00  00  F1  FF  FF  FF  94  00  00  00  3C  00  00  
00  FB  FF  FF  FF  FC  FF  FF  FF  40  00  00  00  6D  22  10  00  03  00  00  00  3A  FE  FF  FF  
27  02  00  00  C4  06  00  00  6D  23  14  00  03  00  00  00  4E  31  AE  76  E7  F7  05  FD  54  
F2  09  03  59  E3  60  0A  6D  24  24  00  02  00  00  00  00  00  00  00  00  00  00  00  00  00  
00  00  00  00  00  00  00  00  00  00  00  00  00  00  00  00  00  00  00  00  00  00  6D  31  20  
00  03  00  00  00  BE  62  00  00  47  C0  FF  FF  F1  22  01  00  6A  E7  07  00  AF  7B  06  00  
72  5C  70  FF  3E  62  07  00  6D  32  24  00  03  00  00  00  24  BC  0B  00  39  08  CD  7B  01  
00  00  00  64  10  1B  8D  05  00  00  00  03  00  00  00  01  00  00  00  03  00  00  00  6D  33  
10  00  03  00  00  00  E3  07  02  19  12  29  38  00  01  00  12  00  6D  34  14  00  03  00  00  
00  16  63  03  00  8A  29  FF  FF  3C  37  04  00  49  2C  08  00  6D  35  0C  00  03  00  00  00  
27  8D  01  00  8C  12  07  00  41  53  97  C0  47  4E  00  00  15  86  02  00  00  00  00  00  00  
00  28  01  6D  15  14  00  02  01  00  00  03  04  03  00  00  00  00  00  00  00  00  00  00  00  
00  00  6D  16  10  00  03  00  00  00  00  E3  07  02  19  12  29  38  00  55  02  00  00  6D  21  
1C  00  03  00  00  00  AA  02  00  00  A6  FF  FF  FF  46  00  00  00  F6  FF  FF  FF  05  00  00  
00  3D  00  00  00  6D  22  10  00  03  00  00  00  3B  FE  FF  FF  27  02  00  00  C4  00  06  00  
00  6D  23  14  00  03  00  00  00  A7  36  AE  76  A1  01  07  FD  94  E5  09  03  20  F6  60  0A  
6D  24  24  00  02  00  00  00  00  00  00  00  00  00  00  00  00  00  00  00  00  00  00  00  00  
00  00  00  00  00  00  00  00  00  00  00  00  00  00  00  00  6D  31  20  00  03  00  00  00  1D  
73  01  00  4E  63  FF  FF  33  27  01  00  1B  D3  07  00  9A  9A  06  00  3F  4E  70  FF  B1  60  
07  00  6D  32  24  00  03  00  00  00  24  BC  0B  00  39  08  CD  7B  01  00  00  00  64  00  10  
1B  8D  05  00  00  00  03  00  00  00  01  00  00  00  03  00  00  00  6D  33  10  00  03  00  00  
00  E3  07  02  19  12  29  38  00  01  00  12  00  6D  34  14  00  03  00  00  00  3F  5B  03  00  
C3  25  FF  FF  04  3F  04  00  93  F6  07  00  6D  35  0C  00  03  00  00  17  47  4E  00  00  16  
86  02  00  02  01  01  01  00  00  28  01  6D  15  14  00  02  01  00  00  03  04  03  00  00  00  
00  00  00  00  00  00  00  00  00  00  6D  16  10  00  03  00  00  00  E3  07  02  19  12  29  38  
00  5F  02  00  00  6D  21  1C  00  03  00  00  00  CB  FE  FF  FF  86  00  00  00  57  00  00  00  
ED  FF  FF  FF  FA  FF  FF  FF  29  00  00  00  6D  22  10  00  03  00  00  00  3B  FE  FF  FF  27  
02  00  00  C4  06  00  00  6D  23  14  00  03  00  00  00  84  2F  AE  76  A6  82  06  FD  69  0E  
0A  03  64  17  61  0A  6D  24  24  00  02  00  00  00  00  00  00  00  00  00  00  00  00  00  00  
00  00  00  00  00  00  00  00  00  00  00  00  00  00  00  00  00  00  00  00  00  6D  31  20  00  
03  00  00  00  C5  EF  FF  FF  D8  BA  FF  FF  00  2E  01  00  08  B0  07  00  F3  6F  06  00  E1  
01  70  FF  02  62  07  00  6D  32  24  00  03  00  00  00  24  BC  0B  00  39  08  CD  7B  01  00  
00  00  64  10  1B  8D  05  00  00  00  03  00  00  00  01  00  00  00  03  00  00  00  6D  33  10  
00  03  00  00  00  E3  07  02  19  12  29  38  00  01  00  12  00  6D  34  14  00  03  00  00  00  
58  38  03  00  3D  1A  FF  FF  E6  3E  04  00  10  7A  07  00  6D  35  0C  00  03  00  00  00  22  
8D  01  00  41  12  07  00  41  53  58  78  47  4E  00  00  17  86  02  00  00  00  00  00  00  00  
28  01  6D  15  14  00  02  01  00  00  03  04  03  00  00  00  00  00  00  00  00  00  00  00  00  
00  6D  16  10  00  03  00  00  00  00  E3  07  02  19  12  29  38  00  69  02  00  00  6D  21  1C  
00  03  00  00  00  0A  01  00  00  B3  FF  FF  FF  F5  00  00  00  16  00  00  00  0A  00  00  00  
3A  00  00  00  6D  22  10  00  03  00  00  00  3B  FE  FF  FF  27  02  00  00  C4  00  06  00  00  
6D  23  14  00  03  00  00  00  AF  2A  AE  76  B1  EB  06  FD  84  FA  09  03  8F  72  61  0A  6D  
24  24  00  02  00  00  00  00  00  00  00  00  00  00  00  00  00  00  00  00  00  00  00  00  00  
00  00  00  00  00  00  00  00  00  00  00  00  00  00  00  6D  31  20  00  03  00  00  00  41  D0  
00  00  64  68  FF  FF  D0  6B  01  00  75  50  08  00  81  AF  06  00  1F  45  70  FF  DC  61  07  
00  6D  32  24  00  03  00  00  00  24  BC  0B  00  39  08  CD  7B  01  00  00  00  64  00  10  1B  
8D  05  00  00  00  03  00  00  00  01  00  00  00  03  00  00  00  6D  33  10  00  03  00  00  00  
E3  07  02  19  12  29  38  00  01  00  12  00  6D  34  14  00  03  00  00  00  4E  58  03  00  02  
84  FF  FF  9E  4E  04  00  04  F9  07  00  6D  35  0C  00  03  00  00  E0  47  4E  00  00  18  86  
02  00  00  00  00  00  00  00  28  01  6D  15  14  00  02  01  00  00  03  04  03  00  00  00  00  
00  00  00  00  00  00  00  00  00  6D  16  10  00  03  00  00  00  E3  07  02  19  12  29  38  00  
73  02  00  00  6D  21  1C  00  03  00  00  00  D7  FF  FF  FF  E4  00  00  00  EA  FF  FF  FF  08  
00  00  00  04  00  00  00  2B  00  00  00  6D  22  10  00  03  00  00  00  3B  FE  FF  FF  28  02  
00  00  C4  06  00  00  6D  23  14  00  03  00  00  00  CB  28  AE  76  AD  CF  06  FD  03  51  0A  
03  CE  66  61  0A  6D  24  24  00  02  00  00  00  00  00  00  00  00  00  00  00  00  00  00  00  
00  00  00  00  00  00  00  00  00  00  00  00  00  00  00  00  00  00  00  00  6D  31  20  00  03  
00  00  00  50  58  00  00  61  DF  FF  FF  89  03  01  00  E3  1A  08  00  5D  95  06  00  E4  08  
70  FF  90  62  07  00  6D  32  24  00  03  00  00  00  24  BC  0B  00  39  08  CD  7B  01  00  00  
00  64  10  1B  8D  05  00  00  00  03  00  00  00  01  00  00  00  03  00  00  00  6D  33  10  00  
03  00  00  00  E3  07  02  19  12  29  38  00  01  00  12  00  6D  34  14  00  03  00  00  00  98  
63  03  00  BE  56  FF  FF  3B  37  04  00  04  F9  07  00  6D  35  0C  00  03  00  00  00  29  8D  
01  00  73  12  07  00  41  53  5E  89  47  4E  00  00  19  86  02  00  64  00  00  00  00  00  28  
01  6D  15  14  00  02  01  00  00  03  04  03  00  00  00  00  00  00  00  00  00  00  00  00  00  
6D  16  10  00  03  00  00  00  00  E3  07  02  19  12  29  38  00  7D  02  00  00  6D  21  1C  00  
03  00  00  00  5B  01  00  00  70  FF  FF  FF  47  00  00  00  E8  FF  FF  FF  05  00  00  00  3E  
00  00  00  6D  22  10  00  03  00  00  00  3B  FE  FF  FF  27  02  00  00  C4  00  06  00  00  6D  
23  14  00  03  00  00  00  5C  2B  AE  76  B2  57  07  FD  35  24  0A  03  8A  7D  61  0A  6D  24  
24  00  02  00  00  00  00  00  00  00  00  00  00  00  00  00  00  00  00  00  00  00  00  00  00  
00  00  00  00  00  00  00  00  00  00  00  00  00  00  6D  31  20  00  03  00  00  00  25  F0  00  
00  5F  4E  FF  FF  E0  27  01  00  DF  9C  07  00  35  9C  06  00  5E  55  70  FF  E4  61  07  00  
6D  32  24  00  03  00  00  00  24  BC  0B  00  39  08  CD  7B  01  00  00  00  64  00  10  1B  8D  
05  00  00  00  03  00  00  00  01  00  00  00  03  00  00  00  6D  33  10  00  03  00  00  00  E3  
07  02  19  12  29  38  00  01  00  12  00  6D  34  14  00  03  00  00  00  9D  5F  03  00  35  4F  
FF  FF  20  3B  04  00  C8  02  08  00  6D  35  0C  00  03  00  00  48  47  4E  00  00  1A  86  02  
00  00  00  00  00  00  00  28  01  6D  15  14  00  02  01  00  00  03  04  03  00  00  00  00  00  
00  00  00  00  00  00  00  00  6D  16  10  00  03  00  00  00  E3  07  02  19  12  29  38  00  87  
02  00  00  6D  21  1C  00  03  00  00  00  0E  00  00  00  F4  FF  FF  FF  9B  FF  FF  FF  FC  FF  
FF  FF  FA  FF  FF  FF  40  00  00  00  6D  22  10  00  03  00  00  00  3B  FE  FF  FF  27  02  00  
00  C4  06  00  00  6D  23  14  00  03  00  00  00  36  2F  AE  76  AE  58  07  FD  AE  1D  0A  03  
B0  53  61  0A  6D  24  24  00  02  00  00  00  00  00  00  00  00  00  00  00  00  00  00  00  00  
00  00  00  00  00  00  00  00  00  00  00  00  00  00  00  00  00  00  00  6D  31  20  00  03  00  
00  00  E9  6D  00  00  E6  81  FF  FF  83  E4  00  00  6B  EC  07  00  4F  70  06  00  0F  5A  70  
FF  A8  61  07  00  6D  32  24  00  03  00  00  00  24  BC  0B  00  39  08  CD  7B  01  00  00  00  
64  10  1B  8D  05  00  00  00  03  00  00  00  01  00  00  00  03  00  00  00  6D  33  10  00  03  
00  00  00  E3  07  02  19  12  29  38  00  01  00  12  00  6D  34  14  00  03  00  00  00  61  48  
03  00  DC  65  FF  FF  32  5E  04  00  14  20  08  00  6D  35  0C  00  03  00  00  00  2B  8D  01  
00  BE  12  07  00  41  53  DD  14  47  4E  00  00  1B  86  02  00  02  01  00  00  00  00  28  01  
6D  15  14  00  02  01  00  00  03  04  03  00  00  00  00  00  00  00  00  00  00  00  00  00  6D  
16  10  00  03  00  00  00  00  E3  07  02  19  12  29  38  00  91  02  00  00  6D  21  1C  00  03  
00  00  00  D1  FC  FF  FF  95  FF  FF  FF  34  FF  FF  FF  F8  FF  FF  FF  1A  00  00  00  67  00  
00  00  6D  22  10  00  03  00  00  00  3A  FE  FF  FF  27  02  00  00  C4  00  06  00  00  6D  23  
14  00  03  00  00  00  67  2F  AE  76  A4  19  06  FD  2B  D5  09  03  55  0B  61  0A  6D  24  24  
00  02  00  00  00  00  00  00  00  00  00  00  00  00  00  00  00  00  00  00  00  00  00  00  00  
00  00  00  00  00  00  00  00  00  00  00  00  00  6D  31  20  00  03  00  00  00  3B  2A  FF  FF  
C6  5C  FF  FF  77  BC  00  00  39  DD  07  00  14  EE  06  00  63  F5  70  FF  A8  61  07  00  6D  
32  24  00  03  00  00  00  24  BC  0B  00  39  08  CD  7B  01  00  00  00  64  00  10  1B  8D  05  
00  00  00  03  00  00  00  01  00  00  00  03  00  00  00  6D  33  10  00  03  00  00  00  E3  07  
02  19  12  29  38  00  01  00  12  00  6D  34  14  00  03  00  00  00  2D  48  03  00  A2  47  FF  
FF  92  4E  04  00  E4  AA  07  00  6D  35  0C  00  03  00  00  B6  47  4E  00  00  1C  86  02  00  
03  04  03  00  00  00  28  01  6D  15  14  00  02  01  00  00  03  04  03  00  00  00  00  00  00  
00  00  00  00  00  00  00  6D  16  10  00  03  00  00  00  E3  07  02  19  12  29  38  00  9B  02  
00  00  6D  21  1C  00  03  00  00  00  5C  00  00  00  AE  00  00  00  54  00  00  00  00  00  00  
00  FB  FF  FF  FF  1C  00  00  00  6D  22  10  00  03  00  00  00  3B  FE  FF  FF  27  02  00  00  
C4  06  00  00  6D  23  14  00  03  00  00  00  EF  2B  AE  76  81  33  06  FD  24  1B  0A  03  EE  
25  61  0A  6D  24  24  00  02  00  00  00  00  00  00  00  00  00  00  00  00  00  00  00  00  00  
00  00  00  00  00  00  00  00  00  00  00  00  00  00  00  00  00  00  6D  31  20  00  03  00  00  
00  71  8C  00  00  C2  CA  FF  FF  24  2D  01  00  CA  FA  07  00  CC  74  06  00  DC  CE  6F  FF  
36  62  07  00  6D  32  24  00  03  00  00  00  54  B9  0B  00  39  08  CD  7B  01  00  00  00  86  
10  1B  8D  05  00  00  00  FF  FF  FF  FF  01  00  00  00  04  00  00  00  6D  33  10  00  03  00  
00  00  E3  07  02  19  12  29  38  00  01  00  12  00  6D  34  14  00  03  00  00  00  5D  48  03  
00  23  3C  FF  FF  6F  2B  04  00  29  DE  07  00  6D  35  0C  00  03  00  00  00  28  8D  01  00  
8C  12  07  00  41  53  37  5E  47  4E  00  00  1D  86  02  00  00  00  00  00  00  00  28  01  6D  
15  14  00  02  01  00  00  03  04  03  00  00  00  00  00  00  00  00  00  00  00  00  00  6D  16  
10  00  03  00  00  00  00  E3  07  02  19  12  29  38  00  A5  02  00  00  6D  21  1C  00  03  00  
00  00  17  01  00  00  5F  00  00  00  88  00  00  00  FC  FF  FF  FF  08  00  00  00  3A  00  00  
00  6D  22  10  00  03  00  00  00  3B  FE  FF  FF  28  02  00  00  C4  00  06  00  00  6D  23  14  
00  03  00  00  00  34  29  AE  76  F3  98  06  FD  05  4A  0A  03  79  54  61  0A  6D  24  24  00  
02  00  00  00  00  00  00  00  00  00  00  00  00  00  00  00  00  00  00  00  00  00  00  00  00  
00  00  00  00  00  00  00  00  00  00  00  00  6D  31  20  00  03  00  00  00  4C  D5  00  00  E6  
AB  FF  FF  AC  41  01  00  AA  EB  07  00  F6  A9  06  00  F0  42  70  FF  0F  63  07  00  6D  32  
24  00  03  00  00  00  54  B9  0B  00  39  08  CD  7B  01  00  00  00  86  00  10  1B  8D  05  00  
00  00  FF  FF  FF  FF  01  00  00  00  04  00  00  00  6D  33  10  00  03  00  00  00  E3  07  02  
19  12  29  38  00  01  00  12  00  6D  34  14  00  03  00  00  00  8B  44  03  00  E1  3F  FF  FF  
6C  2B  04  00  B8  DB  07  00  6D  35  0C  00  03  00  00  AC  47  4E  00  00  1E  86  02  00  00  
00  00  00  00  00  28  01  6D  15  14  00  02  01  00  00  03  04  03  00  00  00  00  00  00  00  
00  00  00  00  00  00  6D  16  10  00  03  00  00  00  E3  07  02  19  12  29  38  00  AF  02  00  
00  6D  21  1C  00  03  00  00  00  ED  01  00  00  49  FF  FF  FF  D8  00  00  00  03  00  00  00  
05  00  00  00  43  00  00  00  6D  22  10  00  03  00  00  00  3B  FE  FF  FF  27  02  00  00  C5  
06  00  00  6D  23  14  00  03  00  00  00  AB  28  AE  76  71  5B  07  FD  5E  14  0A  03  01  A2  
61  0A  6D  24  24  00  02  00  00  00  00  00  00  00  00  00  00  00  00  00  00  00  00  00  00  
00  00  00  00  00  00  00  00  00  00  00  00  00  00  00  00  00  6D  31  20  00  03  00  00  00  
03  29  01  00  27  3F  FF  FF  FE  60  01  00  A0  07  08  00  27  9C  06  00  13  68  70  FF  CC  
62  07  00  6D  32  24  00  03  00  00  00  54  B9  0B  00  39  08  CD  7B  01  00  00  00  86  10  
1B  8D  05  00  00  00  FF  FF  FF  FF  01  00  00  00  04  00  00  00  6D  33  10  00  03  00  00  
00  E3  07  02  19  12  29  38  00  01  00  12  00  6D  34  14  00  03  00  00  00  E5  38  03  00  
9B  56  FF  FF  83  4E  04  00  20  A1  07  00  6D  35  0C  00  03  00  00  00  23  8D  01  00  F6  
11  07  00  41  53  BB  E0  47  4E  00  00  1F  86  02  00  00  00  00  00  00  00  28  01  6D  15  
14  00  02  01  00  00  03  04  03  00  00  00  00  00  00  00  00  00  00  00  00  00  6D  16  10  
00  03  00  00  00  00  E3  07  02  19  12  29  38  00  B9  02  00  00  6D  21  1C  00  03  00  00  
00  A3  FF  FF  FF  FD  00  00  00  48  FF  FF  FF  17  00  00  00  03  00  00  00  42  00  00  00  
6D  22  10  00  03  00  00  00  3B  FE  FF  FF  28  02  00  00  C4  00  06  00  00  6D  23  14  00  
03  00  00  00  90  2B  AE  76  4B  27  07  FD  36  71  0A  03  CE  56  61  0A  6D  24  24  00  02  
00  00  00  00  00  00  00  00  00  00  00  00  00  00  00  00  00  00  00  00  00  00  00  00  00  
00  00  00  00  00  00  00  00  00  00  00  6D  31  20  00  03  00  00  00  FE  43  00  00  8A  E9  
FF  FF  05  C5  00  00  05  55  08  00  24  91  06  00  5C  63  70  FF  02  62  07  00  6D  32  24  
00  03  00  00  00  54  B9  0B  00  39  08  CD  7B  01  00  00  00  86  00  10  1B  8D  05  00  00  
00  FF  FF  FF  FF  01  00  00  00  04  00  00  00  6D  33  10  00  03  00  00  00  E3  07  02  19  
12  29  38  00  01  00  12  00  6D  34  14  00  03  00  00  00  0A  48  03  00  B8  47  FF  FF  33  
5E  04  00  20  A1  07  00  6D  35  0C  00  03  00  00  86  47  4E  00  00  20  86  02  00  14  00  
00  00  00  00  28  01  6D  15  14  00  02  01  00  00  03  04  03  00  00  00  00  00  00  00  00  
00  00  00  00  00  6D  16  10  00  03  00  00  00  E3  07  02  19  12  29  38  00  C3  02  00  00  
6D  21  1C  00  03  00  00  00  04  FE  FF  FF  34  00  00  00  B6  FF  FF  FF  F2  FF  FF  FF  0A  
00  00  00  34  00  00  00  6D  22  10  00  03  00  00  00  3B  FE  FF  FF  28  02  00  00  C4  06  
00  00  6D  23  14  00  03  00  00  00  B1  28  AE  76  33  59  06  FD  1A  73  0A  03  0C  3C  61  
0A  6D  24  24  00  02  00  00  00  00  00  00  00  00  00  00  00  00  00  00  00  00  00  00  00  
00  00  00  00  00  00  00  00  00  00  00  00  00  00  00  00  6D  31  20  00  03  00  00  00  0C  
A2  FF  FF  5A  9B  FF  FF  E5  EF  00  00  F2  C4  07  00  9B  B1  06  00  77  2B  70  FF  46  61  
07  00  6D  32  24  00  03  00  00  00  54  B9  0B  00  39  08  CD  7B  01  00  00  00  86  10  1B  
8D  05  00  00  00  FF  FF  FF  FF  01  00  00  00  04  00  00  00  6D  33  10  00  03  00  00  00  
E3  07  02  19  12  29  38  00  01  00  12  00  6D  34  14  00  03  00  00  00  29  48  03  00  0E  
40  FF  FF  C4  46  04  00  9A  E0  07  00  6D  35  0C  00  03  00  00  00  26  8D  01  00  8C  12  
07  00  41  53  D8  42  47  4E  00  00  21  86  02  00  3D  87  01  00  00  00  28  01  6D  15  14  
00  02  01  00  00  03  04  03  00  00  00  00  00  00  00  00  00  00  00  00  00  6D  16  10  00  
03  00  00  00  00  E3  07  02  19  12  29  38  00  CD  02  00  00  6D  21  1C  00  03  00  00  00  
D8  FE  FF  FF  28  00  00  00  1F  00  00  00  05  00  00  00  F2  FF  FF  FF  4D  00  00  00  6D  
22  10  00  03  00  00  00  3A  FE  FF  FF  28  02  00  00  C4  00  06  00  00  6D  23  14  00  03  
00  00  00  85  24  AE  76  7F  DF  05  FD  97  77  0A  03  88  47  61  0A  6D  24  24  00  02  00  
00  00  00  00  00  00  00  00  00  00  00  00  00  00  00  00  00  00  00  00  00  00  00  00  00  
00  00  00  00  00  00  00  00  00  00  6D  31  20  00  03  00  00  00  0A  F5  FF  FF  90  96  FF  
FF  2B  19  01  00  22  11  08  00  04  54  06  00  9C  8F  70  FF  90  62  07  00  6D  32  24  00  
03  00  00  00  54  B9  0B  00  39  08  CD  7B  01  00  00  00  86  00  10  1B  8D  05  00  00  00  
FF  FF  FF  FF  01  00  00  00  04  00  00  00  6D  33  10  00  03  00  00  00  E3  07  02  19  12  
29  38  00  01  00  12  00  6D  34  14  00  03  00  00  00  47  4C  03  00  B8  43  FF  FF  58  2F  
04  00  1B  0A  08  00  6D  35  0C  00  03  00  00  0A  47  4E  00  00  22  86  02  00  01  16  01  
60  00  00  28  01  6D  15  14  00  02  01  00  00  03  04  03  00  00  00  00  00  00  00  00  00  
00  00  00  00  6D  16  10  00  03  00  00  00  E3  07  02  19  12  29  38  00  D7  02  00  00  6D  
21  1C  00  03  00  00  00  1C  FF  FF  FF  BD  FF  FF  FF  F7  FF  FF  FF  F3  FF  FF  FF  03  00  
00  00  5E  00  00  00  6D  22  10  00  03  00  00  00  3A  FE  FF  FF  28  02  00  00  C4  06  00  
00  6D  23  14  00  03  00  00  00  53  23  AE  76  4E  83  05  FD  7C  55  0A  03  BF  44  61  0A  
6D  24  24  00  02  00  00  00  00  00  00  00  00  00  00  00  00  00  00  00  00  00  00  00  00  
00  00  00  00  00  00  00  00  00  00  00  00  00  00  00  6D  31  20  00  03  00  00  00  83  0F  
00  00  FF  6C  FF  FF  8F  09  01  00  D9  CA  07  00  94  97  06  00  C3  D2  70  FF  18  62  07  
00  6D  32  24  00  03  00  00  00  54  B9  0B  00  39  08  CD  7B  01  00  00  00  86  10  1B  8D  
05  00  00  00  FF  FF  FF  FF  01  00  00  00  04  00  00  00  6D  33  10  00  03  00  00  00  E3  
07  02  19  12  29  38  00  01  00  12  00  6D  34  14  00  03  00  00  00  3F  58  03  00  B2  65  
FF  FF  62  2F  04  00  30  C8  07  00  6D  35  0C  00  03  00  00  00  2A  8D  01  00  DD  11  07  
00  41  53  ED  AB  47  4E  00  00  23  86  02  00  2A  00  00  00  00  00  28  01  6D  15  14  00  
02  01  00  00  03  04  03  00  00  00  00  00  00  00  00  00  00  00  00  00  6D  16  10  00  03  
00  00  00  00  E3  07  02  19  12  29  38  00  E1  02  00  00  6D  21  1C  00  03  00  00  00  AE  
00  00  00  1B  00  00  00  A4  FF  FF  FF  F1  FF  FF  FF  09  00  00  00  33  00  00  00  6D  22  
10  00  03  00  00  00  3A  FE  FF  FF  28  02  00  00  C4  00  06  00  00  6D  23  14  00  03  00  
00  00  03  28  AE  76  15  BF  05  FD  FD  63  0A  03  04  1C  61  0A  6D  24  24  00  02  00  00  
00  00  00  00  00  00  00  00  00  00  00  00  00  00  00  00  00  00  00  00  00  00  00  00  00  
00  00  00  00  00  00  00  00  00  6D  31  20  00  03  00  00  00  51  AC  00  00  B1  91  FF  FF  
4B  E9  00  00  1A  C2  07  00  72  AC  06  00  51  29  70  FF  6A  62  07  00  6D  32  24  00  03  
00  00  00  54  B9  0B  00  39  08  CD  7B  01  00  00  00  86  00  10  1B  8D  05  00  00  00  FF  
FF  FF  FF  01  00  00  00  04  00  00  00  6D  33  10  00  03  00  00  00  E3  07  02  19  12  29  
38  00  01  00  12  00  6D  34  14  00  03  00  00  00  2C  38  03  00  2A  0B  FF  FF  E6  3E  04  
00  20  A1  07  00  6D  35  0C  00  03  00  00  1F  47  4E  00  00  24  86  02  00  10  05  00  00  
00  00  28  01  6D  15  14  00  02  01  00  00  03  04  03  00  00  00  00  00  00  00  00  00  00  
00  00  00  6D  16  10  00  03  00  00  00  E3  07  02  19  12  29  38  00  EB  02  00  00  6D  21  
1C  00  03  00  00  00  77  00  00  00  C7  00  00  00  7A  00  00  00  FF  FF  FF  FF  EF  FF  FF  
FF  43  00  00  00  6D  22  10  00  03  00  00  00  3A  FE  FF  FF  28  02  00  00  C4  06  00  00  
6D  23  14  00  03  00  00  00  27  23  AE  76  18  E2  05  FD  0E  B6  0A  03  99  45  61  0A  6D  
24  24  00  02  00  00  00  00  00  00  00  00  00  00  00  00  00  00  00  00  00  00  00  00  00  
00  00  00  00  00  00  00  00  00  00  00  00  00  00  6D  31  20  00  03  00  00  00  E6  96  00  
00  1A  D5  FF  FF  BA  3C  01  00  5F  FA  07  00  9C  48  06  00  17  68  70  FF  DC  61  07  00  
6D  32  24  00  03  00  00  00  54  B9  0B  00  39  08  CD  7B  01  00  00  00  86  10  1B  8D  05  
00  00  00  FF  FF  FF  FF  01  00  00  00  04  00  00  00  6D  33  10  00  03  00  00  00  E3  07  
02  19  12  29  38  00  01  00  12  00  6D  34  14  00  03  00  00  00  25  40  03  00  3E  1A  FF  
FF  1E  37  04  00  F4  D1  07  00  6D  35  0C  00  03  00  00  00  26  8D  01  00  5A  12  07  00  
41  53  38  E7  47  4E  00  00  25  86  02  00  00  00  00  00  00  00  28  01  6D  15  14  00  02  
01  00  00  03  04  03  00  00  00  00  00  00  00  00  00  00  00  00  00  6D  16  10  00  03  00  
00  00  00  E3  07  02  19  12  29  38  00  F5  02  00  00  6D  21  1C  00  03  00  00  00  B5  FD  
FF  FF  36  FF  FF  FF  4B  FF  FF  FF  FE  FF  FF  FF  EF  FF  FF  FF  53  00  00  00  6D  22  10  
00  03  00  00  00  3A  FE  FF  FF  28  02  00  00  C4  00  06  00  00  6D  23  14  00  03  00  00  
00  9F  25  AE  76  B6  FD  04  FD  C9  51  0A  03  39  05  61  0A  6D  24  24  00  02  00  00  00  
00  00  00  00  00  00  00  00  00  00  00  00  00  00  00  00  00  00  00  00  00  00  00  00  00  
00  00  00  00  00  00  00  00  6D  31  20  00  03  00  00  00  DD  82  FF  FF  CE  38  FF  FF  87  
C6  00  00  2E  F5  07  00  B0  4A  06  00  82  A4  70  FF  63  62  07  00  6D  32  24  00  03  00  
00  00  54  B9  0B  00  39  08  CD  7B  01  00  00  00  86  00  10  1B  8D  05  00  00  00  FF  FF  
FF  FF  01  00  00  00  04  00  00  00  6D  33  10  00  03  00  00  00  E3  07  02  19  12  29  38  
00  01  00  12  00  6D  34  14  00  03  00  00  00  14  4C  03  00  75  38  FF  FF  28  37  04  00  
C8  02  08  00  6D  35  0C  00  03  00  00  FB  47  4E  00  00  26  86  02  00  00  00  00  00  00  
00  28  01  6D  15  14  00  02  01  00  00  03  04  03  00  00  00  00  00  00  00  00  00  00  00  
00  00  6D  16  10  00  03  00  00  00  E3  07  02  19  12  29  38  00  FF  02  00  00  6D  21  1C  
00  03  00  00  00  C5  02  00  00  A3  FF  FF  FF  6A  00  00  00  F5  FF  FF  FF  07  00  00  00  
34  00  00  00  6D  22  10  00  03  00  00  00  3A  FE  FF  FF  28  02  00  00  C4  06  00  00  6D  
23  14  00  03  00  00  00  ED  29  AE  76  F5  10  06  FD  58  46  0A  03  52  26  61  0A  6D  24  
24  00  02  00  00  00  00  00  00  00  00  00  00  00  00  00  00  00  00  00  00  00  00  00  00  
00  00  00  00  00  00  00  00  00  00  00  00  00  6D  31  20  00  03  00  00  00  3D  7D  01  00  
6D  63  FF  FF  C5  36  01  00  DA  D2  07  00  3E  A8  06  00  D5  2D  70  FF  7B  61  07  00  6D  
32  24  00  03  00  00  00  EC  B7  0B  00  39  08  CD  7B  01  00  00  00  A9  10  1B  8D  05  00  
00  00  00  00  00  00  04  00  00  00  04  00  00  00  6D  33  10  00  03  00  00  00  E3  07  02  
19  12  29  38  00  01  00  12  00  6D  34  14  00  03  00  00  00  F7  57  03  00  DF  65  FF  FF  
9E  4E  04  00  C8  02  08  00  6D  35  0C  00  03  00  00  00  2D  8D  01  00  8C  12  07  00  41  
53  DA  F5  47  4E  00  00  27  86  02  00  00  00  00  00  00  00  28  01  6D  15  14  00  02  01  
00  00  03  04  03  00  00  00  00  00  00  00  00  00  00  00  00  00  6D  16  10  00  03  00  00  
00  00  E3  07  02  19  12  29  38  00  09  03  00  00  6D  21  1C  00  03  00  00  00  60  FF  FF  
FF  40  00  00  00  E8  FF  FF  FF  FF  FF  FF  FF  0A  00  00  00  58  00  00  00  6D  22  10  00  
03  00  00  00  3A  FE  FF  FF  28  02  00  00  C4  00  06  00  00  6D  23  14  00  03  00  00  00  
A6  28  AE  76  2D  CB  05  FD  F1  58  0A  03  78  1B  61  0A  6D  24  24  00  02  00  00  00  00  
00  00  00  00  00  00  00  00  00  00  00  00  00  00  00  00  00  00  00  00  00  00  00  00  00  
00  00  00  00  00  00  00  6D  31  20  00  03  00  00  00  94  29  00  00  F2  A0  FF  FF  06  04  
01  00  37  F7  07  00  6E  B1  06  00  83  BB  70  FF  02  62  07  00  6D  32  24  00  03  00  00  
00  EC  B7  0B  00  39  08  CD  7B  01  00  00  00  A9  00  10  1B  8D  05  00  00  00  00  00  00  
00  04  00  00  00  04  00  00  00  6D  33  10  00  03  00  00  00  E3  07  02  19  12  29  38  00  
01  00  12  00  6D  34  14  00  03  00  00  00  B0  38  03  00  61  38  FF  FF  E5  3E  04  00  E4  
AA  07  00  6D  35  0C  00  03  00  00  FE  47  4E  00  00  28  86  02  00  00  04  00  00  00  00  
28  01  6D  15  14  00  02  01  00  00  03  04  03  00  00  00  00  00  00  00  00  00  00  00  00  
00  6D  16  10  00  03  00  00  00  E3  07  02  19  12  29  38  00  13  03  00  00  6D  21  1C  00  
03  00  00  00  5D  01  00  00  94  FF  FF  FF  D8  FF  FF  FF  F7  FF  FF  FF  0F  00  00  00  45  
00  00  00  6D  22  10  00  03  00  00  00  3B  FE  FF  FF  27  02  00  00  C4  06  00  00  6D  23  
14  00  03  00  00  00  98  2E  AE  76  6B  50  06  FD  D8  39  0A  03  C7  06  61  0A  6D  24  24  
00  02  00  00  00  00  00  00  00  00  00  00  00  00  00  00  00  00  00  00  00  00  00  00  00  
00  00  00  00  00  00  00  00  00  00  00  00  6D  31  20  00  03  00  00  00  68  F0  00  00  E1  
5D  FF  FF  06  FE  00  00  45  D9  07  00  0C  C4  06  00  D7  6E  70  FF  D5  61  07  00  6D  32  
24  00  03  00  00  00  EC  B7  0B  00  39  08  CD  7B  01  00  00  00  A9  10  1B  8D  05  00  00  
00  00  00  00  00  04  00  00  00  04  00  00  00  6D  33  10  00  03  00  00  00  E3  07  02  19  
12  29  38  00  01  00  12  00  6D  34  14  00  03  00  00  00  EE  38  03  00  68  47  FF  FF  16  
37  04  00  F4  D1  07  00  6D  35  0C  00  03  00  00  00  25  8D  01  00  28  12  07  00  41  53  
3B  7A  47  4E  00  00  29  86  02  00  D1  BF  21  00  00  00  28  01  6D  15  14  00  02  01  00  
00  03  04  03  00  00  00  00  00  00  00  00  00  00  00  00  00  6D  16  10  00  03  00  00  00  
00  E3  07  02  19  12  29  38  00  1D  03  00  00  6D  21  1C  00  03  00  00  00  E6  FF  FF  FF  
5B  00  00  00  F4  FF  FF  FF  F6  FF  FF  FF  F3  FF  FF  FF  37  00  00  00  6D  22  10  00  03  
00  00  00  3B  FE  FF  FF  28  02  00  00  C4  00  06  00  00  6D  23  14  00  03  00  00  00  09  
2E  AE  76  4A  3D  06  FD  D1  5A  0A  03  0C  FE  60  0A  6D  24  24  00  02  00  00  00  00  00  
00  00  00  00  00  00  00  00  00  00  00  00  00  00  00  00  00  00  00  00  00  00  00  00  00  
00  00  00  00  00  00  6D  31  20  00  03  00  00  00  C5  5D  00  00  73  AB  FF  FF  F5  08  01  
00  26  D5  07  00  BC  58  06  00  4F  37  70  FF  11  62  07  00  6D  32  24  00  03  00  00  00  
EC  B7  0B  00  39  08  CD  7B  01  00  00  00  A9  00  10  1B  8D  05  00  00  00  00  00  00  00  
04  00  00  00  04  00  00  00  6D  33  10  00  03  00  00  00  E3  07  02  19  12  29  38  00  01  
00  12  00  6D  34  14  00  03  00  00  00  F3  3C  03  00  EC  4E  FF  FF  4A  2F  04  00  0B  E3  
07  00  6D  35  0C  00  03  00  00  28  47  4E  00  00  2A  86  02  00  CE  20  00  00  00  00  28  
01  6D  15  14  00  02  01  00  00  03  04  03  00  00  00  00  00  00  00  00  00  00  00  00  00  
6D  16  10  00  03  00  00  00  E3  07  02  19  12  29  38  00  27  03  00  00  6D  21  1C  00  03  
00  00  00  2A  FF  FF  FF  0B  00  00  00  6E  00  00  00  F3  FF  FF  FF  08  00  00  00  56  00  
00  00  6D  22  10  00  03  00  00  00  3A  FE  FF  FF  28  02  00  00  C4  06  00  00  6D  23  14  
00  03  00  00  00  4E  28  AE  76  2F  E5  05  FD  76  57  0A  03  4A  27  61  0A  6D  24  24  00  
02  00  00  00  00  00  00  00  00  00  00  00  00  00  00  00  00  00  00  00  00  00  00  00  00  
00  00  00  00  00  00  00  00  00  00  00  6D  31  20  00  03  00  00  00  73  14  00  00  30  8C  
FF  FF  6F  38  01  00  C5  C8  07  00  11  A8  06  00  30  B2  70  FF  B7  61  07  00  6D  32  24  
00  03  00  00  00  EC  B7  0B  00  39  08  CD  7B  01  00  00  00  A9  10  1B  8D  05  00  00  00  
00  00  00  00  04  00  00  00  04  00  00  00  6D  33  10  00  03  00  00  00  E3  07  02  19  12  
29  38  00  01  00  12  00  6D  34  14  00  03  00  00  00  49  48  03  00  64  38  FF  FF  55  2F  
04  00  20  A1  07  00  6D  35  0C  00  03  00  00  00  2D  8D  01  00  28  12  07  00  41  53  4F  
D4  47  4E  00  00  2B  86  02  00  00  00  00  00  00  00  28  01  6D  15  14  00  02  01  00  00  
03  04  03  00  00  00  00  00  00  00  00  00  00  00  00  00  6D  16  10  00  03  00  00  00  00  
E3  07  02  19  12  29  38  00  31  03  00  00  6D  21  1C  00  03  00  00  00  4A  FD  FF  FF  13  
01  00  00  99  FF  FF  FF  EC  FF  FF  FF  F9  FF  FF  FF  4E  00  00  00  6D  22  10  00  03  00  
00  00  3A  FE  FF  FF  28  02  00  00  C4  00  06  00  00  6D  23  14  00  03  00  00  00  8B  22  
AE  76  00  C7  04  FD  DB  A7  0A  03  73  FF  60  0A  6D  24  24  00  02  00  00  00  00  00  00  
00  00  00  00  00  00  00  00  00  00  00  00  00  00  00  00  00  00  00  00  00  00  00  00  00  
00  00  00  00  00  6D  31  20  00  03  00  00  00  BF  58  FF  FF  5F  F3  FF  FF  85  E5  00  00  
4E  AD  07  00  34  70  06  00  0A  94  70  FF  55  61  07  00  6D  32  24  00  03  00  00  00  EC  
B7  0B  00  39  08  CD  7B  01  00  00  00  A9  00  10  1B  8D  05  00  00  00  00  00  00  00  04  
00  00  00  04  00  00  00  6D  33  10  00  03  00  00  00  E3  07  02  19  12  29  38  00  01  00  
12  00  6D  34  14  00  03  00  00  00  11  39  03  00  AD  65  FF  FF  83  4E  04  00  C8  02  08  
00  6D  35  0C  00  03  00  00  54  47  4E  00  00  2C  86  02  00  00  00  00  00  00  00  28  01  
6D  15  14  00  02  01  00  00  03  04  03  00  00  00  00  00  00  00  00  00  00  00  00  00  6D  
16  10  00  03  00  00  00  E3  07  02  19  12  29  38  00  3B  03  00  00  6D  21  1C  00  03  00  
00  00  39  FF  FF  FF  A0  FF  FF  FF  6E  00  00  00  E8  FF  FF  FF  F1  FF  FF  FF  4B  00  00  
00  6D  22  10  00  03  00  00  00  39  FE  FF  FF  28  02  00  00  C4  06  00  00  6D  23  14  00  
03  00  00  00  21  1E  AE  76  A9  78  04  FD  58  7A  0A  03  C7  28  61  0A  6D  24  24  00  02  
00  00  00  00  00  00  00  00  00  00  00  00  00  00  00  00  00  00  00  00  00  00  00  00  00  
00  00  00  00  00  00  00  00  00  00  6D  31  20  00  03  00  00  00  FF  19  00  00  8C  62  FF  
FF  9C  38  01  00  B5  9F  07  00  69  54  06  00  17  86  70  FF  D6  60  07  00  6D  32  24  00  
03  00  00  00  EC  B7  0B  00  39  08  CD  7B  01  00  00  00  A9  10  1B  8D  05  00  00  00  00  
00  00  00  04  00  00  00  04  00  00  00  6D  33  10  00  03  00  00  00  E3  07  02  19  12  29  
38  00  01  00  12  00  6D  34  14  00  03  00  00  00  97  29  03  00  00  5E  FF  FF  A6  46  04  
00  D6  D6  07  00  6D  35  0C  00  03  00  00  00  2A  8D  01  00  8C  12  07  00  41  53  18  E6  
47  4E  00  00  2D  86  02  00  00  00  00  00  00  00  28  01  6D  15  14  00  02  01  00  00  03  
04  03  00  00  00  00  00  00  00  00  00  00  00  00  00  6D  16  10  00  03  00  00  00  00  E3  
07  02  19  12  29  38  00  45  03  00  00  6D  21  1C  00  03  00  00  00  A5  FE  FF  FF  C7  FF  
FF  FF  89  00  00  00  FC  FF  FF  FF  0B  00  00  00  33  00  00  00  6D  22  10  00  03  00  00  
00  39  FE  FF  FF  28  02  00  00  C4  00  06  00  00  6D  23  14  00  03  00  00  00  FC  16  AE  
76  A0  EF  03  FD  32  57  0A  03  60  5D  61  0A  6D  24  24  00  02  00  00  00  00  00  00  00  
00  00  00  00  00  00  00  00  00  00  00  00  00  00  00  00  00  00  00  00  00  00  00  00  00  
00  00  00  00  6D  31  20  00  03  00  00  00  1E  E0  FF  FF  2D  72  FF  FF  35  43  01  00  37  
EC  07  00  BF  BA  06  00  42  29  70  FF  02  62  07  00  6D  32  24  00  03  00  00  00  EC  B7  
0B  00  39  08  CD  7B  01  00  00  00  A9  00  10  1B  8D  05  00  00  00  00  00  00  00  04  00  
00  00  04  00  00  00  6D  33  10  00  03  00  00  00  E3  07  02  19  12  29  38  00  01  00  12  
00  6D  34  14  00  03  00  00  00  E9  21  03  00  54  56  FF  FF  02  37  04  00  3E  9C  07  00  
6D  35  0C  00  03  00  00  C4  47  4E  00  00  2E  86  02  00  00  00  00  00  00  00  28  01  6D  
15  14  00  02  01  00  00  03  04  03  00  00  00  00  00  00  00  00  00  00  00  00  00  6D  16  
10  00  03  00  00  00  E3  07  02  19  12  29  38  00  4F  03  00  00  6D  21  1C  00  03  00  00  
00  F7  FE  FF  FF  B9  FF  FF  FF  C0  FF  FF  FF  F8  FF  FF  FF  F7  FF  FF  FF  29  00  00  00  
6D  22  10  00  03  00  00  00  39  FE  FF  FF  28  02  00  00  C4  06  00  00  6D  23  14  00  03  
00  00  00  98  17  AE  76  21  85  03  FD  9A  2F  0A  03  58  43  61  0A  6D  24  24  00  02  00  
00  00  00  00  00  00  00  00  00  00  00  00  00  00  00  00  00  00  00  00  00  00  00  00  00  
00  00  00  00  00  00  00  00  00  6D  31  20  00  03  00  00  00  2E  00  00  00  DB  6C  FF  FF  
CF  F4  00  00  03  DF  07  00  C7  6B  06  00  D3  01  70  FF  4E  61  07  00  6D  32  24  00  03  
00  00  00  EC  B7  0B  00  39  08  CD  7B  01  00  00  00  A9  10  1B  8D  05  00  00  00  00  00  
00  00  04  00  00  00  04  00  00  00  6D  33  10  00  03  00  00  00  E3  07  02  19  12  29  38  
00  01  00  12  00  6D  34  14  00  03  00  00  00  4F  39  03  00  59  56  FF  FF  AB  1F  04  00  
4C  70  07  00  6D  35  0C  00  03  00  00  00  2A  8D  01  00  BE  12  07  00  41  53  CE  8E  47  
4E  00  00  2F  86  02  00  00  00  00  00  00  00  28  01  6D  15  14  00  02  01  00  00  03  04  
03  00  00  00  00  00  00  00  00  00  00  00  00  00  6D  16  10  00  03  00  00  00  00  E3  07  
02  19  12  29  38  00  59  03  00  00  6D  21  1C  00  03  00  00  00  B4  FD  FF  FF  EE  FF  FF  
FF  61  00  00  00  E6  FF  FF  FF  16  00  00  00  34  00  00  00  6D  22  10  00  03  00  00  00  
38  FE  FF  FF  28  02  00  00  C4  00  06  00  00  6D  23  14  00  03  00  00  00  15  0F  AE  76  
E0  9C  02  FD  BA  12  0A  03  45  6A  61  0A  6D  24  24  00  02  00  00  00  00  00  00  00  00  
00  00  00  00  00  00  00  00  00  00  00  00  00  00  00  00  00  00  00  00  00  00  00  00  00  
00  00  00  6D  31  20  00  03  00  00  00  37  82  FF  FF  7F  81  FF  FF  FC  33  01  00  4E  98  
07  00  F5  E6  06  00  C1  2D  70  FF  8A  61  07  00  6D  32  24  00  03  00  00  00  EC  B7  0B  
00  39  08  CD  7B  01  00  00  00  A9  00  10  1B  8D  05  00  00  00  00  00  00  00  04  00  00  
00  04  00  00  00  6D  33  10  00  03  00  00  00  E3  07  02  19  12  29  38  00  01  00  12  00  
6D  34  14  00  03  00  00  00  3E  38  03  00  7A  29  FF  FF  26  5E  04  00  30  C8  07  00  6D  
35  0C  00  03  00  00  17  47  4E  00  00  44  86  02  00  00  10  0E  00  00  00  28  01  6D  15  
14  00  02  01  00  00  03  04  03  00  00  00  00  00  00  00  00  00  00  00  00  00  6D  16  10  
00  03  00  00  00  E3  07  02  19  12  00  29  39  00  43  00  00  00  6D  21  1C  00  03  00  00  
00  BF  FF  FF  FF  EF  00  00  00  B8  FF  FF  FF  0F  00  00  00  0C  00  00  00  44  00  00  00  
6D  22  10  00  03  00  00  00  38  FE  FF  FF  27  02  00  00  C4  06  00  00  6D  23  14  00  00  
03  00  00  00  DF  16  AE  76  91  00  03  FD  9F  B7  09  03  98  48  61  0A  6D  24  24  00  02  
00  00  00  00  00  00  00  00  00  00  00  00  00  00  00  00  00  00  00  00  00  00  00  00  00  
00  00  00  00  00  00  00  00  00  00  6D  00  31  20  00  03  00  00  00  3A  4E  00  00  6C  E4  
FF  FF  FC  F3  00  00  4D  34  08  00  1A  C2  06  00  34  6A  70  FF  B7  61  07  00  6D  32  24  
00  03  00  00  00  38  B2  0B  00  28  08  CD  7B  01  00  00  00  35  11  1B  8D  05  00  00  00  
00  FF  FF  FF  FF  04  00  00  00  03  00  00  00  6D  33  10  00  03  00  00  00  E3  07  02  19  
12  29  39  00  01  00  12  00  6D  34  14  00  03  00  00  00  58  57  03  00  F9  21  FF  FF  02  
3F  04  00  6C  BE  07  00  6D  35  0C  00  03  00  00  00  2E  8D  01  00  5A  5A  47  4E  00  00  
45  86  02  00  01  00  00  01  00  00  28  01  6D  15  14  00  02  01  00  00  03  04  03  00  00  
00  00  00  00  00  00  00  00  00  00  00  6D  16  10  00  03  00  00  00  E3  07  02  19  12  29  
39  00  4D  00  00  00  6D  21  1C  00  03  00  00  00  4F  01  00  00  2C  FF  FF  FF  8D  00  00  
00  F7  FF  FF  FF  FE  FF  FF  FF  31  00  00  00  6D  22  10  00  03  00  00  00  39  FE  FF  FF  
27  02  00  00  C4  06  00  00  6D  23  14  00  03  00  00  00  CC  17  AE  76  CA  88  03  FD  C3  
6E  09  03  8B  7A  61  0A  6D  24  24  00  02  00  00  00  00  00  00  00  00  00  00  00  00  00  
00  00  00  00  00  00  00  00  00  00  00  00  00  00  00  00  00  00  00  00  00  00  6D  31  20  
00  03  00  00  00  A7  EA  00  00  92  34  FF  FF  49  47  01  00  99  D9  07  00  91  89  06  00  
63  22  70  FF  54  62  07  00  6D  32  24  00  03  00  00  00  38  B2  0B  00  28  08  CD  7B  01  
00  00  00  35  11  1B  8D  05  00  00  00  FF  FF  FF  FF  04  00  00  00  00  00  E3  07  02  19  
12  29  39  00  01  00  12  00  6D  34  14  00  03  00  00  00  FC  66  03  00  8B  29  FF  FF  58  
33  04  00  A8  B4  07  00  6D  35  0C  00  03  00  00  00  24  8D  01  00  41  12  07  00  41  53  
82  0B  47  4E  00  00  46  86  02  00  30  0F  1F  00  00  00  28  01  6D  15  14  00  02  01  00  
00  03  04  03  00  00  00  00  00  00  00  00  00  00  00  00  00  6D  16  10  00  03  00  00  00  
E3  07  02  19  12  29  39  00  57  00  00  00  00  6D  21  1C  00  03  00  00  00  38  FF  FF  FF  
0D  00  00  00  31  00  00  00  FE  FF  FF  FF  1B  00  00  00  61  00  00  00  6D  22  10  00  03  
00  00  00  39  FE  FF  FF  27  02  00  00  C4  06  00  00  6D  23  14  00  03  00  00  00  00  66  
14  AE  76  B7  37  03  FD  26  6A  09  03  6D  8B  61  0A  6D  24  24  00  02  00  00  00  00  00  
00  00  00  00  00  00  00  00  00  00  00  00  00  00  00  00  00  00  00  00  00  00  00  00  00  
00  00  00  00  00  6D  31  20  00  03  00  00  00  00  BF  19  00  00  35  8C  FF  FF  88  23  01  
00  72  F4  07  00  AA  F9  06  00  33  DE  70  FF  02  62  07  00  6D  32  24  00  03  00  00  00  
38  B2  0B  00  28  08  CD  7B  01  00  00  00  35  11  1B  8D  05  00  00  00  FF  FF  FF  00  FF  
04  00  00  00  03  00  00  00  6D  33  10  00  03  00  00  00  E3  07  02  19  12  29  39  00  01  
00  12  00  6D  34  14  00  03  00  00  00  62  67  03  00  D0  56  FF  FF  0D  3F  04  00  10  7A  
07  00  6D  35  0C  00  03  00  00  00  26  8D  01  00  8C  12  07  00  41  98  47  4E  00  00  47  
86  02  00  00  00  00  00  00  00  28  01  6D  15  14  00  02  01  00  00  03  04  03  00  00  00  
00  00  00  00  00  00  00  00  00  00  6D  16  10  00  03  00  00  00  E3  07  02  19  12  29  39  
00  61  00  00  00  6D  21  1C  00  03  00  00  00  56  FE  FF  FF  9E  00  00  00  FC  FF  FF  FF  
09  00  00  00  04  00  00  00  65  00  00  00  6D  22  10  00  03  00  00  00  38  FE  FF  FF  27  
02  00  00  C4  06  00  00  6D  23  14  00  03  00  00  00  30  0F  AE  76  E9  87  02  FD  C5  95  
09  03  9B  87  61  0A  6D  24  24  00  02  00  00  00  00  00  00  00  00  00  00  00  00  00  00  
00  00  00  00  00  00  00  00  00  00  00  00  00  00  00  00  00  00  00  00  00  6D  31  20  00  
03  00  00  00  10  C1  FF  FF  FF  C4  FF  FF  EA  0E  01  00  96  1C  08  00  77  A1  06  00  87  
EE  70  FF  73  61  07  00  6D  32  24  00  03  00  00  00  38  B2  0B  00  28  08  CD  7B  01  00  
00  00  35  11  1B  8D  05  00  00  00  FF  FF  FF  FF  04  00  00  00  00  00  E3  07  02  19  12  
29  39  00  01  00  12  00  6D  34  14  00  03  00  00  00  F9  2C  03  00  CD  1D  FF  FF  70  27  
04  00  AF  9E  07  00  6D  35  0C  00  03  00  00  00  29  8D  01  00  5A  12  07  00  41  53  E4  
EF  47  4E  00  00  48  86  02  00  03  00  00  00  00  00  28  01  6D  15  14  00  02  01  00  00  
03  04  03  00  00  00  00  00  00  00  00  00  00  00  00  00  6D  16  10  00  03  00  00  00  E3  
07  02  19  12  29  39  00  6B  00  00  00  00  6D  21  1C  00  03  00  00  00  FF  01  00  00  47  
FF  FF  FF  C3  FF  FF  FF  EC  FF  FF  FF  F7  FF  FF  FF  40  00  00  00  6D  22  10  00  03  00  
00  00  39  FE  FF  FF  27  02  00  00  C4  06  00  00  6D  23  14  00  03  00  00  00  00  7E  18  
AE  76  D2  4F  03  FD  75  5B  09  03  D7  67  61  0A  6D  24  24  00  02  00  00  00  00  00  00  
00  00  00  00  00  00  00  00  00  00  00  00  00  00  00  00  00  00  00  00  00  00  00  00  00  
00  00  00  00  6D  31  20  00  03  00  00  00  00  0E  2F  01  00  F9  3E  FF  FF  91  F8  00  00  
22  AD  07  00  C6  6F  06  00  7B  5C  70  FF  54  62  07  00  6D  32  24  00  03  00  00  00  38  
B2  0B  00  28  08  CD  7B  01  00  00  00  35  11  1B  8D  05  00  00  00  FF  FF  FF  00  FF  04  
00  00  00  03  00  00  00  6D  33  10  00  03  00  00  00  E3  07  02  19  12  29  39  00  01  00  
12  00  6D  34  14  00  03  00  00  00  CA  38  03  00  B6  30  FF  FF  7A  27  04  00  E4  AA  07  
00  6D  35  0C  00  03  00  00  00  27  8D  01  00  DD  11  07  00  41  2F  47  4E  00  00  49  86  
02  00  00  00  12  00  00  00  28  01  6D  15  14  00  02  01  00  00  03  04  03  00  00  00  00  
00  00  00  00  00  00  00  00  00  6D  16  10  00  03  00  00  00  E3  07  02  19  12  29  39  00  
75  00  00  00  6D  21  1C  00  03  00  00  00  69  02  00  00  01  00  00  00  47  00  00  00  0E  
00  00  00  04  00  00  00  34  00  00  00  6D  22  10  00  03  00  00  00  39  FE  FF  FF  27  02  
00  00  C4  06  00  00  6D  23  14  00  03  00  00  00  72  1C  AE  76  D7  3B  04  FD  DE  6E  09  
03  D8  78  61  0A  6D  24  24  00  02  00  00  00  00  00  00  00  00  00  00  00  00  00  00  00  
00  00  00  00  00  00  00  00  00  00  00  00  00  00  00  00  00  00  00  00  6D  31  20  00  03  
00  00  00  78  58  01  00  BE  87  FF  FF  51  2C  01  00  E0  2F  08  00  51  A1  06  00  F5  2D  
70  FF  11  62  07  00  6D  32  24  00  03  00  00  00  38  B2  0B  00  28  08  CD  7B  01  00  00  
00  35  11  1B  8D  05  00  00  00  FF  FF  FF  FF  04  00  00  00  00  00  E3  07  02  19  12  29  
39  00  01  00  12  00  6D  34  14  00  03  00  00  00  F3  57  03  00  53  4B  FF  FF  62  2F  04  
00  20  A1  07  00  6D  35  0C  00  03  00  00  00  28  8D  01  00  8C  12  07  00  41  53  F7  1B  
47  4E  00  00  4A  86  02  00  00  00  00  00  00  00  28  01  6D  15  14  00  02  01  00  00  03  
04  03  00  00  00  00  00  00  00  00  00  00  00  00  00  6D  16  10  00  03  00  00  00  E3  07  
02  19  12  29  39  00  7F  00  00  00  00  6D  21  1C  00  03  00  00  00  6F  FF  FF  FF  9F  00  
00  00  22  00  00  00  07  00  00  00  FE  FF  FF  FF  54  00  00  00  6D  22  10  00  03  00  00  
00  39  FE  FF  FF  27  02  00  00  C4  06  00  00  6D  23  14  00  03  00  00  00  00  A1  18  AE  
76  83  F9  03  FD  56  A5  09  03  79  81  61  0A  6D  24  24  00  02  00  00  00  00  00  00  00  
00  00  00  00  00  00  00  00  00  00  00  00  00  00  00  00  00  00  00  00  00  00  00  00  00  
00  00  00  6D  31  20  00  03  00  00  00  00  BD  2E  00  00  3D  C5  FF  FF  05  1E  01  00  10  
16  08  00  E6  87  06  00  39  AB  70  FF  4E  61  07  00  6D  32  24  00  03  00  00  00  38  B2  
0B  00  28  08  CD  7B  01  00  00  00  35  11  1B  8D  05  00  00  00  FF  FF  FF  00  FF  04  00  
00  00  03  00  00  00  6D  33  10  00  03  00  00  00  E3  07  02  19  12  29  39  00  01  00  12  
00  6D  34  14  00  03  00  00  00  92  57  03  00  6C  29  FF  FF  63  2F  04  00  D4  83  07  00  
6D  35  0C  00  03  00  00  00  26  8D  01  00  8C  12  07  00  41  47  47  4E  00  00  4B  86  02  
00  00  00  00  00  00  00  28  01  6D  15  14  00  02  01  00  00  03  04  03  00  00  00  00  00  
00  00  00  00  00  00  00  00  6D  16  10  00  03  00  00  00  E3  07  02  19  12  29  39  00  89  
00  00  00  6D  21  1C  00  03  00  00  00  5D  01  00  00  5E  00  00  00  7D  00  00  00  FA  FF  
FF  FF  02  00  00  00  2E  00  00  00  6D  22  10  00  03  00  00  00  39  FE  FF  FF  27  02  00  
00  C5  06  00  00  6D  23  14  00  03  00  00  00  15  17  AE  76  CD  7A  04  FD  11  D5  09  03  
58  AA  61  0A  6D  24  24  00  02  00  00  00  00  00  00  00  00  00  00  00  00  00  00  00  00  
00  00  00  00  00  00  00  00  00  00  00  00  00  00  00  00  00  00  00  6D  31  20  00  03  00  
00  00  C4  EF  00  00  CE  AB  FF  FF  A7  41  01  00  7D  E5  07  00  CC  97  06  00  66  14  70  
FF  EB  61  07  00  6D  32  24  00  03  00  00  00  38  B2  0B  00  28  08  CD  7B  01  00  00  00  
35  11  1B  8D  05  00  00  00  FF  FF  FF  FF  04  00  00  00  00  00  E3  07  02  19  12  29  39  
00  01  00  12  00  6D  34  14  00  03  00  00  00  4E  40  03  00  B4  34  FF  FF  BC  46  04  00  
C6  AF  07  00  6D  35  0C  00  03  00  00  00  2A  8D  01  00  8C  12  07  00  41  53  01  3A  47  
4E  00  00  4C  86  02  00  00  00  00  00  00  00  28  01  6D  15  14  00  02  01  00  00  03  04  
03  00  00  00  00  00  00  00  00  00  00  00  00  00  6D  16  10  00  03  00  00  00  E3  07  02  
19  12  29  39  00  93  00  00  00  00  6D  21  1C  00  03  00  00  00  4F  02  00  00  E6  FF  FF  
FF  DB  FF  FF  FF  EF  FF  FF  FF  FA  FF  FF  FF  59  00  00  00  6D  22  10  00  03  00  00  00  
3A  FE  FF  FF  27  02  00  00  C4  06  00  00  6D  23  14  00  03  00  00  00  00  9D  1E  AE  76  
A0  5C  05  FD  DA  DC  09  03  D0  92  61  0A  6D  24  24  00  02  00  00  00  00  00  00  00  00  
00  00  00  00  00  00  00  00  00  00  00  00  00  00  00  00  00  00  00  00  00  00  00  00  00  
00  00  6D  31  20  00  03  00  00  00  00  7E  4E  01  00  33  7D  FF  FF  AD  02  01  00  B1  B8  
07  00  D6  74  06  00  D5  BD  70  FF  73  61  07  00  6D  32  24  00  03  00  00  00  38  B2  0B  
00  28  08  CD  7B  01  00  00  00  35  11  1B  8D  05  00  00  00  FF  FF  FF  00  FF  04  00  00  
00  03  00  00  00  6D  33  10  00  03  00  00  00  E3  07  02  19  12  29  39  00  01  00  12  00  
6D  34  14  00  03  00  00  00  A8  4F  03  00  A7  38  FF  FF  6A  56  04  00  40  EF  07  00  6D  
35  0C  00  03  00  00  00  2A  8D  01  00  41  12  07  00  41  DA  47  4E  00  00  4D  86  02  00  
00  00  00  00  00  00  28  01  6D  15  14  00  02  01  00  00  03  04  03  00  00  00  00  00  00  
00  00  00  00  00  00  00  6D  16  10  00  03  00  00  00  E3  07  02  19  12  29  39  00  9D  00  
00  00  6D  21  1C  00  03  00  00  00  A2  00  00  00  BD  FF  FF  FF  48  00  00  00  EC  FF  FF  
FF  F7  FF  FF  FF  40  00  00  00  6D  22  10  00  03  00  00  00  3A  FE  FF  FF  27  02  00  00  
C5  06  00  00  6D  23  14  00  03  00  00  00  BB  1E  AE  76  93  9A  05  FD  8D  C6  09  03  CA  
A9  61  0A  6D  24  24  00  02  00  00  00  00  00  00  00  00  00  00  00  00  00  00  00  00  00  
00  00  00  00  00  00  00  00  00  00  00  00  00  00  00  00  00  00  6D  31  20  00  03  00  00  
00  00  A7  00  00  5A  6D  FF  FF  58  2D  01  00  8D  AD  07  00  D9  66  06  00  5D  5C  70  FF  
73  61  07  00  6D  32  24  00  03  00  00  00  38  B2  0B  00  28  08  CD  7B  01  00  00  00  35  
11  1B  8D  05  00  00  00  FF  FF  FF  FF  04  00  00  00  03  00  00  00  E3  07  02  19  12  29  
39  00  01  00  12  00  6D  34  14  00  03  00  00  00  7F  57  03  00  37  40  FF  FF  89  52  04  
00  E6  FD  07  00  6D  35  0C  00  03  00  00  00  2A  8D  01  00  5A  12  07  00  41  53  09  96  
47  4E  00  00  4E  86  02  00  00  00  00  00  00  00  28  01  6D  15  14  00  02  01  00  00  03  
04  03  00  00  00  00  00  00  00  00  00  00  00  00  00  6D  16  10  00  03  00  00  00  E3  07  
02  19  12  29  39  00  00  A7  00  00  00  6D  21  1C  00  03  00  00  00  10  00  00  00  4F  00  
00  00  C2  FF  FF  FF  F3  FF  FF  FF  FB  FF  FF  FF  34  00  00  00  6D  22  10  00  03  00  00  
00  3A  FE  FF  FF  27  02  00  00  C4  06  00  00  6D  23  14  00  03  00  00  00  00  89  20  AE  
76  60  99  05  FD  4D  E2  09  03  AF  8C  61  0A  6D  24  24  00  02  00  00  00  00  00  00  00  
00  00  00  00  00  00  00  00  00  00  00  00  00  00  00  00  00  00  00  00  00  00  00  00  00  
00  00  00  6D  31  20  00  00  03  00  00  00  A5  6D  00  00  3A  A6  FF  FF  3B  F9  00  00  8D  
C9  07  00  18  77  06  00  A4  2B  70  FF  D5  61  07  00  6D  32  24  00  03  00  00  00  F4  AF  
0B  00  39  08  CD  7B  01  00  00  00  58  11  1B  8D  05  00  00  00  04  00  00  00  00  04  00  
00  00  04  00  00  00  6D  33  10  00  03  00  00  00  E3  07  02  19  12  29  39  00  01  00  12  
00  6D  34  14  00  03  00  00  00  B5  29  03  00  56  56  FF  FF  39  2F  04  00  5C  97  07  00  
6D  35  0C  00  03  00  00  00  2B  8D  01  00  73  12  07  72  47  4E  00  00  4F  86  02  00  01  
01  00  00  00  00  28  01  6D  15  14  00  02  01  00  00  03  04  03  00  00  00  00  00  00  00  
00  00  00  00  00  00  6D  16  10  00  03  00  00  00  E3  07  02  19  12  29  39  00  B1  00  00  
00  6D  21  1C  00  03  00  00  00  C1  FE  FF  FF  68  00  00  00  13  00  00  00  FA  FF  FF  FF  
F0  FF  FF  FF  3B  00  00  00  6D  22  10  00  03  00  00  00  3A  FE  FF  FF  27  02  00  00  C4  
06  00  00  6D  23  14  00  03  00  00  00  0C  1C  AE  76  A3  16  05  FD  35  FD  09  03  94  92  
61  0A  6D  24  24  00  02  00  00  00  00  00  00  00  00  00  00  00  00  00  00  00  00  00  00  
00  00  00  00  00  00  00  00  00  00  00  00  00  00  00  00  00  6D  31  20  00  03  00  00  00  
DD  EA  FF  FF  57  B0  FF  FF  38  19  01  00  67  E3  07  00  6D  4D  06  00  D4  49  70  FF  64  
61  07  00  6D  32  24  00  03  00  00  00  F4  AF  0B  00  39  08  CD  7B  01  00  00  00  58  11  
1B  8D  05  00  00  00  04  00  00  00  04  00  00  03  00  00  00  E3  07  02  19  12  29  39  00  
01  00  12  00  6D  34  14  00  03  00  00  00  2B  63  03  00  DD  34  FF  FF  23  3B  04  00  4E  
C3  07  00  6D  35  0C  00  03  00  00  00  2A  8D  01  00  73  12  07  00  41  53  76  87  47  4E  
00  00  50  86  02  00  00  00  00  00  00  00  28  01  6D  15  14  00  02  01  00  00  03  04  03  
00  00  00  00  00  00  00  00  00  00  00  00  00  6D  16  10  00  03  00  00  00  E3  07  02  19  
12  29  39  00  00  BB  00  00  00  6D  21  1C  00  03  00  00  00  BF  00  00  00  37  FF  FF  FF  
71  FF  FF  FF  F2  FF  FF  FF  06  00  00  00  34  00  00  00  6D  22  10  00  03  00  00  00  3A  
FE  FF  FF  27  02  00  00  C4  06  00  00  6D  23  14  00  03  00  00  00  00  28  25  AE  76  C7  
62  05  FD  E5  B0  09  03  A4  56  61  0A  6D  24  24  00  02  00  00  00  00  00  00  00  00  00  
00  00  00  00  00  00  00  00  00  00  00  00  00  00  00  00  00  00  00  00  00  00  00  00  00  
00  6D  31  20  00  00  03  00  00  00  38  B2  00  00  4A  39  FF  FF  FA  D9  00  00  B7  C2  07  
00  B0  A3  06  00  D1  2D  70  FF  19  61  07  00  6D  32  24  00  03  00  00  00  F4  AF  0B  00  
39  08  CD  7B  01  00  00  00  58  11  1B  8D  05  00  00  00  04  00  00  00  00  04  00  00  00  
04  00  00  00  6D  33  10  00  03  00  00  00  E3  07  02  19  12  29  39  00  01  00  12  00  6D  
34  14  00  03  00  00  00  C0  66  03  00  44  31  FF  FF  80  56  04  00  22  F4  07  00  6D  35  
0C  00  03  00  00  00  26  8D  01  00  5A  12  07  00  36  47  4E  00  00  51  86  02  00  00  00  
00  00  00  00  28  01  6D  15  14  00  02  01  00  00  03  04  03  00  00  00  00  00  00  00  00  
00  00  00  00  00  6D  16  10  00  03  00  00  00  E3  07  02  19  12  29  39  00  C5  00  00  00  
6D  21  1C  00  03  00  00  00  2E  FE  FF  FF  4D  00  00  00  4B  FF  FF  FF  0A  00  00  00  00  
00  00  00  43  00  00  00  6D  22  10  00  03  00  00  00  39  FE  FF  FF  27  02  00  00  C4  06  
00  00  6D  23  14  00  03  00  00  00  5E  26  AE  76  AE  A5  04  FD  07  BA  09  03  D2  0F  61  
0A  6D  24  24  00  02  00  00  00  00  00  00  00  00  00  00  00  00  00  00  00  00  00  00  00  
00  00  00  00  00  00  00  00  00  00  00  00  00  00  00  00  6D  31  20  00  03  00  00  00  BC  
B1  FF  FF  D0  A5  FF  FF  2F  CB  00  00  AA  21  08  00  41  8C  06  00  02  68  70  FF  18  62  
07  00  6D  32  24  00  03  00  00  00  F4  AF  0B  00  39  08  CD  7B  01  00  00  00  58  11  1B  
8D  05  00  00  00  04  00  00  00  04  00  00  00  03  00  00  00  E3  07  02  19  12  29  39  00  
01  00  12  00  6D  34  14  00  03  00  00  00  2D  57  03  00  D5  38  FF  FF  E4  6D  04  00  50  
16  08  00  6D  35  0C  00  03  00  00  00  2A  8D  01  00  8C  12  07  00  41  53  6E  ED  47  4E  
00  00  52  86  02  00  00  00  00  00  00  00  28  01  6D  15  14  00  02  01  00  00  03  04  03  
00  00  00  00  00  00  00  00  00  00  00  00  00  6D  16  10  00  03  00  00  00  E3  07  02  19  
12  29  39  00  00  CF  00  00  00  6D  21  1C  00  03  00  00  00  0D  01  00  00  CA  FF  FF  FF  
96  00  00  00  0B  00  00  00  F0  FF  FF  FF  47  00  00  00  6D  22  10  00  03  00  00  00  3A  
FE  FF  FF  27  02  00  00  C4  06  00  00  6D  23  14  00  03  00  00  00  00  BD  24  AE  76  B9  
0D  05  FD  FF  AC  09  03  27  44  61  0A  6D  24  24  00  02  00  00  00  00  00  00  00  00  00  
00  00  00  00  00  00  00  00  00  00  00  00  00  00  00  00  00  00  00  00  00  00  00  00  00  
00  6D  31  20  00  00  03  00  00  00  D1  D0  00  00  92  72  FF  FF  87  4C  01  00  C7  24  08  
00  41  50  06  00  DA  75  70  FF  C0  60  07  00  6D  32  24  00  03  00  00  00  F4  AF  0B  00  
39  08  CD  7B  01  00  00  00  58  11  1B  8D  05  00  00  00  04  00  00  00  00  04  00  00  00  
04  00  00  00  6D  33  10  00  03  00  00  00  E3  07  02  19  12  29  39  00  01  00  12  00  6D  
34  14  00  03  00  00  00  A0  48  03  00  88  56  FF  FF  54  2F  04  00  5C  97  07  00  6D  35  
0C  00  03  00  00  00  28  8D  01  00  73  12  07  E1  47  4E  00  00  53  86  02  00  00  00  00  
00  00  00  28  01  6D  15  14  00  02  01  00  00  03  04  03  00  00  00  00  00  00  00  00  00  
00  00  00  00  6D  16  10  00  03  00  00  00  E3  07  02  19  12  29  39  00  D9  00  00  00  6D  
21  1C  00  03  00  00  00  27  01  00  00  91  00  00  00  5F  00  00  00  E8  FF  FF  FF  FF  FF  
FF  FF  29  00  00  00  6D  22  10  00  03  00  00  00  3A  FE  FF  FF  27  02  00  00  C4  06  00  
00  6D  23  14  00  03  00  00  00  40  23  AE  76  AB  78  05  FD  95  ED  09  03  F7  60  61  0A  
6D  24  24  00  02  00  00  00  00  00  00  00  00  00  00  00  00  00  00  00  00  00  00  00  00  
00  00  00  00  00  00  00  00  00  00  00  00  00  00  00  6D  31  20  00  03  00  00  00  C3  DA  
00  00  95  C0  FF  FF  36  37  01  00  1F  9D  07  00  61  89  06  00  EA  01  70  FF  5B  62  07  
00  6D  32  24  00  03  00  00  00  F4  AF  0B  00  39  08  CD  7B  01  00  00  00  58  11  1B  8D  
05  00  00  00  04  00  00  00  04  00  00  00  03  00  00  00  E3  07  02  19  12  29  39  00  01  
00  12  00  6D  34  14  00  03  00  00  00  01  6B  03  00  D9  34  FF  FF  74  2F  04  00  5C  97  
07  00  6D  35  0C  00  03  00  00  00  28  8D  01  00  28  12  07  00  41  53  0C  2E  47  4E  00  
00  54  86  02  00  00  00  00  00  00  00  28  01  6D  15  14  00  02  01  00  00  03  04  03  00  
00  00  00  00  00  00  00  00  00  00  00  00  6D  16  10  00  03  00  00  00  E3  07  02  19  12  
29  39  00  00  E3  00  00  00  6D  21  1C  00  03  00  00  00  53  FF  FF  FF  51  FF  FF  FF  70  
00  00  00  F8  FF  FF  FF  F0  FF  FF  FF  47  00  00  00  6D  22  10  00  03  00  00  00  3A  FE  
FF  FF  27  02  00  00  C4  06  00  00  6D  23  14  00  03  00  00  00  00  D2  1F  AE  76  42  39  
05  FD  D7  A1  09  03  25  8C  61  0A  6D  24  24  00  02  00  00  00  00  00  00  00  00  00  00  
00  00  00  00  00  00  00  00  00  00  00  00  00  00  00  00  00  00  00  00  00  00  00  00  00  
6D  31  20  00  00  03  00  00  00  25  24  00  00  A6  43  FF  FF  C7  3D  01  00  D7  DB  07  00  
10  4D  06  00  03  76  70  FF  20  62  07  00  6D  32  24  00  03  00  00  00  F4  AF  0B  00  39  
08  CD  7B  01  00  00  00  58  11  1B  8D  05  00  00  00  04  00  00  00  00  04  00  00  00  04  
00  00  00  6D  33  10  00  03  00  00  00  E3  07  02  19  12  29  39  00  01  00  12  00  6D  34  
14  00  03  00  00  00  7E  5F  03  00  B2  47  FF  FF  07  3F  04  00  C6  AF  07  00  6D  35  0C  
00  03  00  00  00  22  8D  01  00  28  12  07  25  47  4E  00  00  55  86  02  00  00  00  00  00  
00  00  28  01  6D  15  14  00  02  01  00  00  03  04  03  00  00  00  00  00  00  00  00  00  00  
00  00  00  6D  16  10  00  03  00  00  00  E3  07  02  19  12  29  39  00  ED  00  00  00  6D  21  
1C  00  03  00  00  00  D0  FD  FF  FF  0A  00  00  00  8E  FF  FF  FF  05  00  00  00  0B  00  00  
00  1C  00  00  00  6D  22  10  00  03  00  00  00  39  FE  FF  FF  27  02  00  00  C4  06  00  00  
6D  23  14  00  03  00  00  00  66  1E  AE  76  21  5B  04  FD  02  8F  09  03  1B  62  61  0A  6D  
24  24  00  02  00  00  00  00  00  00  00  00  00  00  00  00  00  00  00  00  00  00  00  00  00  
00  00  00  00  00  00  00  00  00  00  00  00  00  00  6D  31  20  00  03  00  00  00  12  8D  FF  
FF  CB  8B  FF  FF  90  E5  00  00  58  0D  08  00  9B  B8  06  00  B5  CE  6F  FF  E4  61  07  00  
6D  32  24  00  03  00  00  00  F4  AF  0B  00  39  08  CD  7B  01  00  00  00  58  11  1B  8D  05  
00  00  00  04  00  00  00  04  00  00  00  03  00  00  00  E3  07  02  19  12  29  39  00  01  00  
12  00  6D  34  14  00  03  00  00  00  85  48  03  00  C6  65  FF  FF  91  4E  04  00  30  C8  07  
00  6D  35  0C  00  03  00  00  00  2A  8D  01  00  A5  12  07  00  41  53  3C  80  47  4E  00  00  
56  86  02  00  02  01  01  01  00  00  28  01  6D  15  14  00  02  01  00  00  03  04  03  00  00  
00  00  00  00  00  00  00  00  00  00  00  6D  16  10  00  03  00  00  00  E3  07  02  19  12  29  
39  00  00  F7  00  00  00  6D  21  1C  00  03  00  00  00  D6  00  00  00  76  00  00  00  2A  00  
00  00  F6  FF  FF  FF  F3  FF  FF  FF  29  00  00  00  6D  22  10  00  03  00  00  00  39  FE  FF  
FF  27  02  00  00  C4  06  00  00  6D  23  14  00  03  00  00  00  00  29  1E  AE  76  E1  A7  04  
FD  3F  C2  09  03  E4  6B  61  0A  6D  24  24  00  02  00  00  00  00  00  00  00  00  00  00  00  
00  00  00  00  00  00  00  00  00  00  00  00  00  00  00  00  00  00  00  00  00  00  00  00  6D  
31  20  00  00  03  00  00  00  8A  BB  00  00  22  B6  FF  FF  81  22  01  00  28  D5  07  00  DC  
5A  06  00  00  02  70  FF  90  62  07  00  6D  32  24  00  03  00  00  00  F4  AF  0B  00  39  08  
CD  7B  01  00  00  00  58  11  1B  8D  05  00  00  00  04  00  00  00  00  04  00  00  00  04  00  
00  00  6D  33  10  00  03  00  00  00  E3  07  02  19  12  29  39  00  01  00  12  00  6D  34  14  
00  03  00  00  00  52  76  03  00  B4  29  FF  FF  1C  3F  04  00  8C  0C  08  00  6D  35  0C  00  
03  00  00  00  27  8D  01  00  BE  12  07  18  47  4E  00  00  57  86  02  00  00  00  00  00  00  
00  28  01  6D  15  14  00  02  01  00  00  03  04  03  00  00  00  00  00  00  00  00  00  00  00  
00  00  6D  16  10  00  03  00  00  00  E3  07  02  19  12  29  39  00  01  01  00  00  6D  21  1C  
00  03  00  00  00  CE  FE  FF  FF  14  01  00  00  70  FF  FF  FF  FA  FF  FF  FF  FB  FF  FF  FF  
2C  00  00  00  6D  22  10  00  03  00  00  00  39  FE  FF  FF  28  02  00  00  C4  06  00  00  6D  
23  14  00  03  00  00  00  88  1D  AE  76  6F  23  04  FD  51  1F  0A  03  C5  31  61  0A  6D  24  
24  00  02  00  00  00  00  00  00  00  00  00  00  00  00  00  00  00  00  00  00  00  00  00  00  
00  00  00  00  00  00  00  00  00  00  00  00  00  6D  31  20  00  03  00  00  00  54  F0  FF  FF  
AB  F3  FF  FF  4D  DA  00  00  D2  E5  07  00  06  7C  06  00  6A  0D  70  FF  7B  61  07  00  6D  
32  24  00  03  00  00  00  00  AE  0B  00  28  08  CD  7B  01  00  00  00  8C  11  1B  8D  05  00  
00  00  FE  FF  FF  FF  02  00  00  33  10  00  03  00  00  00  E3  07  02  19  12  29  39  00  01  
00  12  00  6D  34  14  00  03  00  00  00  9D  6A  03  00  54  1E  FF  FF  12  3F  04  00  8C  0C  
08  00  6D  35  0C  00  03  00  00  00  28  8D  01  00  41  12  07  00  41  53  48  6B  47  4E  00  
00  58  86  02  00  00  00  00  00  00  00  28  01  6D  15  14  00  02  01  00  00  03  04  03  00  
00  00  00  00  00  00  00  00  00  00  00  00  6D  16  10  00  03  00  00  00  E3  07  02  19  12  
00  29  39  00  0B  01  00  00  6D  21  1C  00  03  00  00  00  1C  00  00  00  AE  FF  FF  FF  2B  
00  00  00  E5  FF  FF  FF  FC  FF  FF  FF  27  00  00  00  6D  22  10  00  03  00  00  00  39  FE  
FF  FF  27  02  00  00  C4  06  00  00  6D  23  14  00  00  03  00  00  00  75  1D  AE  76  84  2E  
04  FD  E8  FD  09  03  9C  3F  61  0A  6D  24  24  00  02  00  00  00  00  00  00  00  00  00  00  
00  00  00  00  00  00  00  00  00  00  00  00  00  00  00  00  00  00  00  00  00  00  00  00  00  
6D  00  31  20  00  03  00  00  00  AF  72  00  00  0E  68  FF  FF  2E  23  01  00  13  94  07  00  
E1  7D  06  00  E7  FA  6F  FF  EB  61  07  00  6D  32  24  00  03  00  00  00  00  AE  0B  00  28  
08  CD  7B  01  00  00  00  8C  11  1B  8D  05  00  00  00  00  FE  FF  FF  FF  02  00  00  00  04  
00  00  00  6D  33  10  00  03  00  00  00  E3  07  02  19  12  29  39  00  01  00  12  00  6D  34  
14  00  03  00  00  00  E1  66  03  00  9B  29  FF  FF  0E  3F  04  00  8C  0C  08  00  6D  35  0C  
00  03  00  00  00  26  8D  01  00  28  F6  47  4E  00  00  59  86  02  00  64  00  00  00  00  00  
28  01  6D  15  14  00  02  01  00  00  03  04  03  00  00  00  00  00  00  00  00  00  00  00  00  
00  6D  16  10  00  03  00  00  00  E3  07  02  19  12  29  39  00  15  01  00  00  6D  21  1C  00  
03  00  00  00  D9  FF  FF  FF  E2  FF  FF  FF  1E  00  00  00  11  00  00  00  07  00  00  00  58  
00  00  00  6D  22  10  00  03  00  00  00  39  FE  FF  FF  27  02  00  00  C4  06  00  00  6D  23  
14  00  03  00  00  00  A6  1C  AE  76  2F  1E  04  FD  77  EE  09  03  AE  48  61  0A  6D  24  24  
00  02  00  00  00  00  00  00  00  00  00  00  00  00  00  00  00  00  00  00  00  00  00  00  00  
00  00  00  00  00  00  00  00  00  00  00  00  6D  31  20  00  03  00  00  00  AF  58  00  00  B3  
7C  FF  FF  14  1E  01  00  D2  3F  08  00  FC  AA  06  00  6B  BB  70  FF  5D  61  07  00  6D  32  
24  00  03  00  00  00  00  AE  0B  00  28  08  CD  7B  01  00  00  00  8C  11  1B  8D  05  00  00  
00  FE  FF  FF  FF  02  00  00  33  10  00  03  00  00  00  E3  07  02  19  12  29  39  00  01  00  
12  00  6D  34  14  00  03  00  00  00  0C  67  03  00  AC  38  FF  FF  0E  3F  04  00  8C  0C  08  
00  6D  35  0C  00  03  00  00  00  28  8D  01  00  5A  12  07  00  41  53  8D  48  47  4E  00  00  
5A  86  02  00  00  00  00  00  00  00  28  01  6D  15  14  00  02  01  00  00  03  04  03  00  00  
00  00  00  00  00  00  00  00  00  00  00  6D  16  10  00  03  00  00  00  E3  07  02  19  12  00  
29  39  00  1F  01  00  00  6D  21  1C  00  03  00  00  00  47  FF  FF  FF  78  FF  FF  FF  A6  FF  
FF  FF  09  00  00  00  09  00  00  00  41  00  00  00  6D  22  10  00  03  00  00  00  39  FE  FF  
FF  27  02  00  00  C4  06  00  00  6D  23  14  00  00  03  00  00  00  84  1F  AE  76  68  D6  03  
FD  C3  AF  09  03  97  25  61  0A  6D  24  24  00  02  00  00  00  00  00  00  00  00  00  00  00  
00  00  00  00  00  00  00  00  00  00  00  00  00  00  00  00  00  00  00  00  00  00  00  00  6D  
00  31  20  00  03  00  00  00  6C  1F  00  00  0A  53  FF  FF  75  EF  00  00  FC  1C  08  00  F5  
B3  06  00  F4  60  70  FF  EB  61  07  00  6D  32  24  00  03  00  00  00  00  AE  0B  00  28  08  
CD  7B  01  00  00  00  8C  11  1B  8D  05  00  00  00  00  FE  FF  FF  FF  02  00  00  00  04  00  
00  00  6D  33  10  00  03  00  00  00  E3  07  02  19  12  29  39  00  01  00  12  00  6D  34  14  
00  03  00  00  00  E9  75  03  00  1D  39  FF  FF  A5  7D  04  00  D8  29  08  00  6D  35  0C  00  
03  00  00  00  2B  8D  01  00  8C  BA  47  4E  00  00  5B  86  02  00  02  01  00  00  00  00  28  
01  6D  15  14  00  02  01  00  00  03  04  03  00  00  00  00  00  00  00  00  00  00  00  00  00  
6D  16  10  00  03  00  00  00  E3  07  02  19  12  29  39  00  29  01  00  00  6D  21  1C  00  03  
00  00  00  93  01  00  00  90  00  00  00  B0  FF  FF  FF  FB  FF  FF  FF  F3  FF  FF  FF  5D  00  
00  00  6D  22  10  00  03  00  00  00  39  FE  FF  FF  27  02  00  00  C4  06  00  00  6D  23  14  
00  03  00  00  00  FB  24  AE  76  32  6A  04  FD  70  F2  09  03  14  FE  60  0A  6D  24  24  00  
02  00  00  00  00  00  00  00  00  00  00  00  00  00  00  00  00  00  00  00  00  00  00  00  00  
00  00  00  00  00  00  00  00  00  00  00  6D  31  20  00  03  00  00  00  10  05  01  00  86  C0  
FF  FF  25  F3  00  00  FC  E6  07  00  59  5D  06  00  E7  CB  70  FF  3E  62  07  00  6D  32  24  
00  03  00  00  00  00  AE  0B  00  28  08  CD  7B  01  00  00  00  8C  11  1B  8D  05  00  00  00  
FE  FF  FF  FF  02  00  00  00  33  10  00  03  00  00  00  E3  07  02  19  12  29  39  00  01  00  
12  00  6D  34  14  00  03  00  00  00  2D  5F  03  00  B6  38  FF  FF  A9  4E  04  00  E6  FD  07  
00  6D  35  0C  00  03  00  00  00  23  8D  01  00  8C  12  07  00  41  53  08  52  47  4E  00  00  
5C  86  02  00  03  04  03  00  00  00  28  01  6D  15  14  00  02  01  00  00  03  04  03  00  00  
00  00  00  00  00  00  00  00  00  00  00  6D  16  10  00  03  00  00  00  E3  07  02  19  00  12  
29  39  00  33  01  00  00  6D  21  1C  00  03  00  00  00  20  FE  FF  FF  91  FF  FF  FF  98  00  
00  00  07  00  00  00  0A  00  00  00  58  00  00  00  6D  22  10  00  03  00  00  00  39  FE  FF  
FF  27  02  00  00  C4  06  00  00  6D  23  00  14  00  03  00  00  00  68  1C  AE  76  53  B1  03  
FD  AB  B6  09  03  7A  3C  61  0A  6D  24  24  00  02  00  00  00  00  00  00  00  00  00  00  00  
00  00  00  00  00  00  00  00  00  00  00  00  00  00  00  00  00  00  00  00  00  00  00  00  00  
6D  31  20  00  03  00  00  00  FE  AB  FF  FF  3C  5D  FF  FF  09  4E  01  00  CF  15  08  00  81  
B6  06  00  66  BB  70  FF  4E  61  07  00  6D  32  24  00  03  00  00  00  00  AE  0B  00  28  08  
CD  7B  01  00  00  00  8C  11  1B  8D  05  00  00  00  00  FE  FF  FF  FF  02  00  00  00  04  00  
00  00  6D  33  10  00  03  00  00  00  E3  07  02  19  12  29  39  00  01  00  12  00  6D  34  14  
00  03  00  00  00  63  57  03  00  B4  38  FF  FF  72  56  04  00  E6  FD  07  00  6D  35  0C  00  
03  00  00  00  26  8D  01  00  BC  47  4E  00  00  5D  86  02  00  00  00  00  00  00  00  28  01  
6D  15  14  00  02  01  00  00  03  04  03  00  00  00  00  00  00  00  00  00  00  00  00  00  6D  
16  10  00  03  00  00  00  E3  07  02  19  12  29  39  00  3D  01  00  00  6D  21  1C  00  03  00  
00  00  F3  FF  FF  FF  5A  00  00  00  45  00  00  00  F7  FF  FF  FF  0C  00  00  00  5E  00  00  
00  6D  22  10  00  03  00  00  00  39  FE  FF  FF  27  02  00  00  C4  06  00  00  6D  23  14  00  
03  00  00  00  3B  19  AE  76  FD  A5  03  FD  5C  D8  09  03  A7  53  61  0A  6D  24  24  00  02  
00  00  00  00  00  00  00  00  00  00  00  00  00  00  00  00  00  00  00  00  00  00  00  00  00  
00  00  00  00  00  00  00  00  00  00  6D  31  20  00  03  00  00  00  A1  62  00  00  8A  AB  FF  
FF  70  2D  01  00  37  D6  07  00  19  BF  06  00  6E  D0  70  FF  72  62  07  00  6D  32  24  00  
03  00  00  00  00  AE  0B  00  28  08  CD  7B  01  00  00  00  8C  11  1B  8D  05  00  00  00  FE  
FF  FF  FF  02  00  00  00  6D  33  10  00  03  00  00  00  E3  07  02  19  12  29  39  00  01  00  
12  00  6D  34  14  00  03  00  00  00  2D  57  03  00  D5  38  FF  FF  E4  6D  04  00  8C  0C  08  
00  6D  35  0C  00  03  00  00  00  26  8D  01  00  8C  12  07  00  41  53  51  56  47  4E  00  00  
5E  86  02  00  00  00  00  00  00  00  28  01  6D  15  14  00  02  01  00  00  03  04  03  00  00  
00  00  00  00  00  00  00  00  00  00  00  6D  16  10  00  03  00  00  00  E3  07  02  00  19  12  
29  39  00  47  01  00  00  6D  21  1C  00  03  00  00  00  10  00  00  00  78  FF  FF  FF  BF  FF  
FF  FF  07  00  00  00  F5  FF  FF  FF  30  00  00  00  6D  22  10  00  03  00  00  00  39  FE  FF  
FF  27  02  00  00  C4  06  00  00  6D  00  23  14  00  03  00  00  00  1E  1D  AE  76  15  AC  03  
FD  DA  A1  09  03  EE  38  61  0A  6D  24  24  00  02  00  00  00  00  00  00  00  00  00  00  00  
00  00  00  00  00  00  00  00  00  00  00  00  00  00  00  00  00  00  00  00  00  00  00  00  00  
6D  31  20  00  03  00  00  00  A4  6D  00  00  48  53  FF  FF  71  F9  00  00  B6  18  08  00  D1  
66  06  00  D1  1D  70  FF  5B  62  07  00  6D  32  24  00  03  00  00  00  00  AE  0B  00  28  08  
CD  7B  01  00  00  00  8C  11  1B  8D  05  00  00  00  00  FE  FF  FF  FF  02  00  00  00  04  00  
00  00  6D  33  10  00  03  00  00  00  E3  07  02  19  12  29  39  00  01  00  12  00  6D  34  14  
00  03  00  00  00  3A  29  03  00  47  38  FF  FF  D7  3E  04  00  E4  AA  07  00  6D  35  0C  00  
03  00  00  00  25  8D  01  37  47  4E  00  00  5F  86  02  00  00  00  00  00  00  00  28  01  6D  
15  14  00  02  01  00  00  03  04  03  00  00  00  00  00  00  00  00  00  00  00  00  00  6D  16  
10  00  03  00  00  00  E3  07  02  19  12  29  39  00  51  01  00  00  6D  21  1C  00  03  00  00  
00  47  FF  FF  FF  16  00  00  00  60  00  00  00  EB  FF  FF  FF  0B  00  00  00  28  00  00  00  
6D  22  10  00  03  00  00  00  39  FE  FF  FF  27  02  00  00  C4  06  00  00  6D  23  14  00  03  
00  00  00  05  18  AE  76  DB  5F  03  FD  99  A3  09  03  C6  5C  61  0A  6D  24  24  00  02  00  
00  00  00  00  00  00  00  00  00  00  00  00  00  00  00  00  00  00  00  00  00  00  00  00  00  
00  00  00  00  00  00  00  00  00  6D  31  20  00  03  00  00  00  02  1F  00  00  55  91  FF  FF  
5D  38  01  00  18  A9  07  00  29  BD  06  00  60  FF  6F  FF  4E  61  07  00  6D  32  24  00  03  
00  00  00  00  AE  0B  00  28  08  CD  7B  01  00  00  00  8C  11  1B  8D  05  00  00  00  FE  FF  
FF  FF  02  00  00  00  6D  33  10  00  03  00  00  00  E3  07  02  19  12  29  39  00  01  00  12  
00  6D  34  14  00  03  00  00  00  4A  40  03  00  20  2D  FF  FF  EC  3E  04  00  8A  B9  07  00  
6D  35  0C  00  03  00  00  00  25  8D  01  00  5A  12  07  00  41  53  34  57  47  4E  00  00  60  
86  02  00  14  00  00  00  00  00  28  01  6D  15  14  00  02  01  00  00  03  04  03  00  00  00  
00  00  00  00  00  00  00  00  00  00  6D  16  10  00  03  00  00  00  E3  07  02  00  19  12  29  
39  00  5B  01  00  00  6D  21  1C  00  03  00  00  00  1C  01  00  00  28  FF  FF  FF  F3  FF  FF  
FF  F4  FF  FF  FF  EE  FF  FF  FF  63  00  00  00  6D  22  10  00  03  00  00  00  39  FE  FF  FF  
27  02  00  00  C4  06  00  00  6D  00  23  14  00  03  00  00  00  A1  1D  AE  76  0A  D1  03  FD  
46  57  09  03  7E  53  61  0A  6D  24  24  00  02  00  00  00  00  00  00  00  00  00  00  00  00  
00  00  00  00  00  00  00  00  00  00  00  00  00  00  00  00  00  00  00  00  00  00  00  00  6D  
31  20  00  03  00  00  00  29  D6  00  00  61  34  FF  FF  F4  0D  01  00  02  CB  07  00  4F  48  
06  00  20  E3  70  FF  20  62  07  00  6D  32  24  00  03  00  00  00  00  AE  0B  00  28  08  CD  
7B  01  00  00  00  8C  11  1B  8D  05  00  00  00  00  FE  FF  FF  FF  02  00  00  00  04  00  00  
00  6D  33  10  00  03  00  00  00  E3  07  02  19  12  29  39  00  01  00  12  00  6D  34  14  00  
03  00  00  00  2E  50  03  00  82  47  FF  FF  5C  2F  04  00  C6  AF  07  00  6D  35  0C  00  03  
00  00  00  2A  8D  01  21  47  4E  00  00  61  86  02  00  3D  87  01  00  00  00  28  01  6D  15  
14  00  02  01  00  00  03  04  03  00  00  00  00  00  00  00  00  00  00  00  00  00  6D  16  10  
00  03  00  00  00  E3  07  02  19  12  29  39  00  65  01  00  00  6D  21  1C  00  03  00  00  00  
5F  01  00  00  25  00  00  00  F2  FF  FF  FF  EF  FF  FF  FF  06  00  00  00  43  00  00  00  6D  
22  10  00  03  00  00  00  39  FE  FF  FF  27  02  00  00  C4  06  00  00  6D  23  14  00  03  00  
00  00  66  21  AE  76  1B  54  04  FD  7D  6F  09  03  01  47  61  0A  6D  24  24  00  02  00  00  
00  00  00  00  00  00  00  00  00  00  00  00  00  00  00  00  00  00  00  00  00  00  00  00  00  
00  00  00  00  00  00  00  00  6D  31  20  00  03  00  00  00  2D  F0  00  00  02  97  FF  FF  84  
0D  01  00  75  B6  07  00  02  A8  06  00  E5  67  70  FF  BE  61  07  00  6D  32  24  00  03  00  
00  00  00  AE  0B  00  28  08  CD  7B  01  00  00  00  8C  11  1B  8D  05  00  00  00  FE  FF  FF  
FF  02  00  00  00  00  6D  33  10  00  03  00  00  00  E3  07  02  19  12  29  39  00  01  00  12  
00  6D  34  14  00  03  00  00  00  63  58  03  00  9C  65  FF  FF  C6  1F  04  00  20  A1  07  00  
6D  35  0C  00  03  00  00  00  24  8D  01  00  41  12  07  00  41  53  27  4D  47  4E  00  00  62  
86  02  00  01  16  01  60  00  00  28  01  6D  15  14  00  02  01  00  00  03  04  03  00  00  00  
00  00  00  00  00  00  00  00  00  00  6D  16  10  00  03  00  00  00  E3  07  00  02  19  12  29  
39  00  6F  01  00  00  6D  21  1C  00  03  00  00  00  86  01  00  00  4D  00  00  00  1A  00  00  
00  06  00  00  00  FE  FF  FF  FF  3B  00  00  00  6D  22  10  00  03  00  00  00  3A  FE  FF  FF  
27  02  00  00  C4  06  00  00  00  6D  23  14  00  03  00  00  00  D4  23  AE  76  9A  E5  04  FD  
E2  98  09  03  E9  48  61  0A  6D  24  24  00  02  00  00  00  00  00  00  00  00  00  00  00  00  
00  00  00  00  00  00  00  00  00  00  00  00  00  00  00  00  00  00  00  00  00  00  00  00  6D  
31  20  00  03  00  00  00  B6  FF  00  00  A0  A6  FF  FF  07  1D  01  00  A1  11  08  00  56  85  
06  00  CE  49  70  FF  D5  61  07  00  6D  32  24  00  03  00  00  00  70  AC  0B  00  28  08  CD  
7B  01  00  00  00  7B  11  1B  8D  00  05  00  00  00  01  00  00  00  FB  FF  FF  FF  04  00  00  
00  6D  33  10  00  03  00  00  00  E3  07  02  19  12  29  39  00  01  00  12  00  6D  34  14  00  
03  00  00  00  58  57  03  00  E7  47  FF  FF  E4  6D  04  00  B8  DB  07  00  6D  35  0C  00  03  
00  00  00  26  8D  9B  47  4E  00  00  63  86  02  00  2A  00  00  00  00  00  28  01  6D  15  14  
00  02  01  00  00  03  04  03  00  00  00  00  00  00  00  00  00  00  00  00  00  6D  16  10  00  
03  00  00  00  E3  07  02  19  12  29  39  00  79  01  00  00  6D  21  1C  00  03  00  00  00  6C  
01  00  00  5A  00  00  00  77  00  00  00  EF  FF  FF  FF  FE  FF  FF  FF  4D  00  00  00  6D  22  
10  00  03  00  00  00  3A  FE  FF  FF  27  02  00  00  C4  06  00  00  6D  23  14  00  03  00  00  
00  AE  22  AE  76  F8  6C  05  FD  78  C7  09  03  4B  6F  61  0A  6D  24  24  00  02  00  00  00  
00  00  00  00  00  00  00  00  00  00  00  00  00  00  00  00  00  00  00  00  00  00  00  00  00  
00  00  00  00  00  00  00  6D  31  20  00  03  00  00  00  4F  F5  00  00  B1  AB  FF  FF  B6  41  
01  00  E2  B6  07  00  28  83  06  00  4A  8F  70  FF  C0  60  07  00  6D  32  24  00  03  00  00  
00  70  AC  0B  00  28  08  CD  7B  01  00  00  00  7B  11  1B  8D  05  00  00  00  01  00  00  00  
FB  FF  FF  00  00  6D  33  10  00  03  00  00  00  E3  07  02  19  12  29  39  00  01  00  12  00  
6D  34  14  00  03  00  00  00  68  57  03  00  1B  31  FF  FF  B9  4A  04  00  BF  C5  07  00  6D  
35  0C  00  03  00  00  00  28  8D  01  00  41  12  07  00  41  53  5F  6E  47  4E  00  00  64  86  
02  00  10  05  00  00  00  00  28  01  6D  15  14  00  02  01  00  00  03  04  03  00  00  00  00  
00  00  00  00  00  00  00  00  00  6D  16  10  00  03  00  00  00  E3  07  00  02  19  12  29  39  
00  83  01  00  00  6D  21  1C  00  03  00  00  00  CE  FF  FF  FF  78  FF  FF  FF  B1  FF  FF  FF  
F4  FF  FF  FF  04  00  00  00  65  00  00  00  6D  22  10  00  03  00  00  00  3A  FE  FF  FF  27  
02  00  00  C4  06  00  00  00  6D  23  14  00  03  00  00  00  94  26  AE  76  6F  59  05  FD  04  
8D  09  03  2E  4E  61  0A  6D  24  24  00  02  00  00  00  00  00  00  00  00  00  00  00  00  00  
00  00  00  00  00  00  00  00  00  00  00  00  00  00  00  00  00  00  00  00  00  00  00  6D  31  
20  00  03  00  00  00  C1  53  00  00  2C  53  FF  FF  71  F4  00  00  29  CD  07  00  64  9C  06  
00  3E  EC  70  FF  C6  61  07  00  6D  32  24  00  03  00  00  00  70  AC  0B  00  28  08  CD  7B  
01  00  00  00  7B  11  1B  8D  00  05  00  00  00  01  00  00  00  FB  FF  FF  FF  04  00  00  00  
6D  33  10  00  03  00  00  00  E3  07  02  19  12  29  39  00  01  00  12  00  6D  34  14  00  03  
00  00  00  93  48  03  00  27  5E  FF  FF  F2  3E  04  00  6C  BE  07  00  6D  35  0C  00  03  00  
00  00  2A  8D  20  47  4E  00  00  65  86  02  00  00  00  00  00  00  00  28  01  6D  15  14  00  
02  01  00  00  03  04  03  00  00  00  00  00  00  00  00  00  00  00  00  00  6D  16  10  00  03  
00  00  00  E3  07  02  19  12  29  39  00  8D  01  00  00  6D  21  1C  00  03  00  00  00  2C  FF  
FF  FF  74  00  00  00  51  00  00  00  06  00  00  00  F1  FF  FF  FF  41  00  00  00  6D  22  10  
00  03  00  00  00  3A  FE  FF  FF  27  02  00  00  C4  06  00  00  6D  23  14  00  03  00  00  00  
E7  20  AE  76  8F  FF  04  FD  27  B1  09  03  B8  6A  61  0A  6D  24  24  00  02  00  00  00  00  
00  00  00  00  00  00  00  00  00  00  00  00  00  00  00  00  00  00  00  00  00  00  00  00  00  
00  00  00  00  00  00  6D  31  20  00  03  00  00  00  48  14  00  00  BE  B5  FF  FF  07  33  01  
00  94  11  08  00  EC  51  06  00  D1  5E  70  FF  20  62  07  00  6D  32  24  00  03  00  00  00  
70  AC  0B  00  28  08  CD  7B  01  00  00  00  7B  11  1B  8D  05  00  00  00  01  00  00  00  FB  
FF  FF  6D  33  10  00  03  00  00  00  E3  07  02  19  12  29  39  00  01  00  12  00  6D  34  14  
00  03  00  00  00  B9  39  03  00  CD  92  FF  FF  E3  3E  04  00  6C  BE  07  00  6D  35  0C  00  
03  00  00  00  28  8D  01  00  5A  12  07  00  41  53  28  51  47  4E  00  00  66  86  02  00  00  
00  00  00  00  00  28  01  6D  15  14  00  02  01  00  00  03  04  03  00  00  00  00  00  00  00  
00  00  00  00  00  00  6D  16  10  00  03  00  00  00  E3  07  02  19  00  12  29  39  00  97  01  
00  00  6D  21  1C  00  03  00  00  00  04  00  00  00  BA  FF  FF  FF  7B  FF  FF  FF  FC  FF  FF  
FF  00  00  00  00  61  00  00  00  6D  22  10  00  03  00  00  00  3A  FE  FF  FF  27  02  00  00  
C4  06  00  00  6D  23  00  14  00  03  00  00  00  75  26  AE  76  96  FE  04  FD  2F  92  09  03  
00  34  61  0A  6D  24  24  00  02  00  00  00  00  00  00  00  00  00  00  00  00  00  00  00  00  
00  00  00  00  00  00  00  00  00  00  00  00  00  00  00  00  00  00  00  00  6D  31  20  00  03  
00  00  00  CA  68  00  00  0C  6D  FF  FF  5A  DF  00  00  68  E9  07  00  A0  8E  06  00  FC  DB  
70  FF  82  61  07  00  6D  32  24  00  03  00  00  00  70  AC  0B  00  28  08  CD  7B  01  00  00  
00  7B  11  1B  8D  05  00  00  00  00  01  00  00  00  FB  FF  FF  FF  04  00  00  00  6D  33  10  
00  03  00  00  00  E3  07  02  19  12  29  39  00  01  00  12  00  6D  34  14  00  03  00  00  00  
51  57  03  00  BF  38  FF  FF  41  5E  04  00  B8  DB  07  00  6D  35  0C  00  03  00  00  00  2A  
8D  01  00  83  47  4E  00  00  67  86  02  00  00  00  00  00  00  00  28  01  6D  15  14  00  02  
01  00  00  03  04  03  00  00  00  00  00  00  00  00  00  00  00  00  00  6D  16  10  00  03  00  
00  00  E3  07  02  19  12  29  39  00  A1  01  00  00  6D  21  1C  00  03  00  00  00  5C  02  00  
00  E4  FF  FF  FF  25  00  00  00  00  00  00  00  04  00  00  00  43  00  00  00  6D  22  10  00  
03  00  00  00  3A  FE  FF  FF  27  02  00  00  C4  06  00  00  6D  23  14  00  03  00  00  00  A9  
2B  AE  76  A7  E6  05  FD  B7  99  09  03  E0  38  61  0A  6D  24  24  00  02  00  00  00  00  00  
00  00  00  00  00  00  00  00  00  00  00  00  00  00  00  00  00  00  00  00  00  00  00  00  00  
00  00  00  00  00  6D  31  20  00  03  00  00  00  40  53  01  00  5B  7D  FF  FF  F1  21  01  00  
28  FC  07  00  49  9C  06  00  06  68  70  FF  6A  62  07  00  6D  32  24  00  03  00  00  00  70  
AC  0B  00  28  08  CD  7B  01  00  00  00  7B  11  1B  8D  05  00  00  00  01  00  00  00  FB  FF  
FF  00  00  00  6D  33  10  00  03  00  00  00  E3  07  02  19  12  29  39  00  01  00  12  00  6D  
34  14  00  03  00  00  00  04  58  03  00  75  5A  FF  FF  19  3B  04  00  12  CD  07  00  6D  35  
0C  00  03  00  00  00  27  8D  01  00  D7  12  07  00  41  53  D6  0A  47  4E  00  00  68  86  02  
00  00  04  00  00  00  00  28  01  6D  15  14  00  02  01  00  00  03  04  03  00  00  00  00  00  
00  00  00  00  00  00  00  00  6D  16  10  00  03  00  00  00  E3  00  07  02  19  12  29  39  00  
AB  01  00  00  6D  21  1C  00  03  00  00  00  BF  FF  FF  FF  67  00  00  00  35  00  00  00  F4  
FF  FF  FF  FE  FF  FF  FF  51  00  00  00  6D  22  10  00  03  00  00  00  3A  FE  FF  FF  27  02  
00  00  C4  06  00  00  00  6D  23  14  00  03  00  00  00  7B  28  AE  76  A8  C5  05  FD  F4  BD  
09  03  31  49  61  0A  6D  24  24  00  02  00  00  00  00  00  00  00  00  00  00  00  00  00  00  
00  00  00  00  00  00  00  00  00  00  00  00  00  00  00  00  00  00  00  00  00  00  6D  31  20  
00  03  00  00  00  DA  4D  00  00  A7  B0  FF  FF  4F  28  01  00  79  CD  07  00  96  82  06  00  
69  9D  70  FF  2F  62  07  00  6D  32  24  00  03  00  00  00  70  AC  0B  00  28  08  CD  7B  01  
00  00  00  7B  11  1B  00  8D  05  00  00  00  01  00  00  00  FB  FF  FF  FF  04  00  00  00  6D  
33  10  00  03  00  00  00  E3  07  02  19  12  29  39  00  01  00  12  00  6D  34  14  00  03  00  
00  00  2B  58  03  00  F3  61  FF  FF  49  33  04  00  D6  D6  07  00  6D  35  0C  00  03  00  00  
00  26  B6  47  4E  00  00  69  86  02  00  D1  BF  21  00  00  00  28  01  6D  15  14  00  02  01  
00  00  03  04  03  00  00  00  00  00  00  00  00  00  00  00  00  00  6D  16  10  00  03  00  00  
00  E3  07  02  19  12  29  39  00  B5  01  00  00  6D  21  1C  00  03  00  00  00  6C  01  00  00  
78  FF  FF  FF  C9  FF  FF  FF  FC  FF  FF  FF  F9  FF  FF  FF  3B  00  00  00  6D  22  10  00  03  
00  00  00  3B  FE  FF  FF  27  02  00  00  C4  06  00  00  6D  23  14  00  03  00  00  00  87  2F  
AE  76  0E  53  06  FD  13  93  09  03  B7  2D  61  0A  6D  24  24  00  02  00  00  00  00  00  00  
00  00  00  00  00  00  00  00  00  00  00  00  00  00  00  00  00  00  00  00  00  00  00  00  00  
00  00  00  00  6D  31  20  00  03  00  00  00  AB  F5  00  00  80  53  FF  FF  11  FE  00  00  73  
EC  07  00  F1  6D  06  00  D3  49  70  FF  BE  61  07  00  6D  32  24  00  03  00  00  00  70  AC  
0B  00  28  08  CD  7B  01  00  00  00  7B  11  1B  8D  05  00  00  00  01  00  00  00  FB  FF  FF  
00  00  00  6D  33  10  00  03  00  00  00  E3  07  02  19  12  29  39  00  01  00  12  00  6D  34  
14  00  03  00  00  00  F0  57  03  00  B7  56  FF  FF  00  3F  04  00  C8  02  08  00  6D  35  0C  
00  03  00  00  00  26  8D  01  00  41  12  07  00  41  53  B2  0B  47  4E  00  00  6A  86  02  00  
CE  20  00  00  00  00  28  01  6D  15  14  00  02  01  00  00  03  04  03  00  00  00  00  00  00  
00  00  00  00  00  00  00  6D  16  10  00  03  00  00  00  E3  00  07  02  19  12  29  39  00  BF  
01  00  00  6D  21  1C  00  03  00  00  00  CE  FF  FF  FF  31  00  00  00  95  FF  FF  FF  F6  FF  
FF  FF  09  00  00  00  54  00  00  00  6D  22  10  00  03  00  00  00  3B  FE  FF  FF  27  02  00  
00  C4  06  00  00  00  6D  23  14  00  03  00  00  00  80  32  AE  76  B5  38  06  FD  17  A1  09  
03  0D  00  61  0A  6D  24  24  00  02  00  00  00  00  00  00  00  00  00  00  00  00  00  00  00  
00  00  00  00  00  00  00  00  00  00  00  00  00  00  00  00  00  00  00  00  00  6D  31  20  00  
03  00  00  00  D1  53  00  00  B6  9B  FF  FF  CC  E9  00  00  B8  D4  07  00  B5  AA  06  00  D5  
A8  70  FF  28  61  07  00  6D  32  24  00  03  00  00  00  70  AC  0B  00  28  08  CD  7B  01  00  
00  00  7B  11  1B  00  8D  05  00  00  00  01  00  00  00  FB  FF  FF  FF  04  00  00  00  6D  33  
10  00  03  00  00  00  E3  07  02  19  12  29  39  00  01  00  12  00  6D  34  14  00  03  00  00  
00  4F  38  03  00  15  0B  FF  FF  48  2F  04  00  78  3F  07  00  6D  35  0C  00  03  00  00  00  
2A  F9  47  4E  00  00  6B  86  02  00  00  00  00  00  00  00  28  01  6D  15  14  00  02  01  00  
00  03  04  03  00  00  00  00  00  00  00  00  00  00  00  00  00  6D  16  10  00  03  00  00  00  
E3  07  02  19  12  00  29  39  00  C9  01  00  00  6D  21  1C  00  03  00  00  00  12  FF  FF  FF  
85  FF  FF  FF  B1  FF  FF  FF  03  00  00  00  01  00  00  00  22  00  00  00  6D  22  10  00  03  
00  00  00  3A  FE  FF  FF  27  02  00  00  C4  06  00  00  6D  23  14  00  00  03  00  00  00  63  
34  AE  76  40  DB  05  FD  2F  66  09  03  EA  E0  60  0A  6D  24  24  00  02  00  00  00  00  00  
00  00  00  00  00  00  00  00  00  00  00  00  00  00  00  00  00  00  00  00  00  00  00  00  00  
00  00  00  00  00  6D  00  31  20  00  03  00  00  00  8B  0A  00  00  30  58  FF  FF  C3  F4  00  
00  1D  04  08  00  A9  8E  06  00  F9  E5  6F  FF  C6  61  07  00  6D  32  24  00  03  00  00  00  
70  AC  0B  00  28  08  CD  7B  01  00  00  00  7B  11  1B  8D  05  00  00  00  00  01  00  00  00  
FB  FF  FF  04  00  00  00  6D  33  10  00  03  00  00  00  E3  07  02  19  12  29  39  00  01  00  
12  00  6D  34  14  00  03  00  00  00  F4  43  03  00  E4  21  FF  FF  C0  46  04  00  A8  B4  07  
00  6D  35  0C  00  03  00  00  00  2B  8D  01  00  8C  12  99  47  4E  00  00  80  86  02  00  AA  
AA  AA  AA  00  00  28  01  6D  15  14  00  02  01  00  00  03  04  03  00  00  00  00  00  00  00  
00  00  00  00  00  00  6D  16  10  00  03  00  00  00  E3  07  02  19  12  29  39  00  9B  02  00  
00  6D  21  1C  00  03  00  00  00  C8  01  00  00  7D  FF  FF  FF  34  00  00  00  F5  FF  FF  FF  
01  00  00  00  37  00  00  00  6D  22  10  00  03  00  00  00  3B  FE  FF  FF  26  02  00  00  C3  
06  00  00  6D  23  14  00  03  00  00  00  2C  62  AE  76  8A  AC  06  FD  42  87  08  03  6A  52  
5F  0A  6D  24  24  00  02  00  00  00  00  00  00  00  00  00  00  00  00  00  00  00  00  00  00  
00  00  00  00  00  00  00  00  00  00  00  00  00  00  00  00  00  6D  31  20  00  03  00  00  00  
35  1A  01  00  8A  53  FF  FF  AF  27  01  00  25  CC  07  00  77  8C  06  00  1C  37  70  FF  F4  
60  07  00  6D  32  24  00  03  00  00  00  48  A7  0B  00  16  08  CD  7B  01  00  00  00  E4  11  
1B  8D  05  00  00  00  FE  FF  FF  FF  FD  FF  FF  FF  03  00  00  00  6D  33  10  00  03  00  00  
00  E3  07  02  19  12  29  39  00  01  00  12  00  6D  34  14  00  03  00  00  00  00  16  03  00  
7E  30  FF  FF  5C  27  04  00  20  A1  07  00  6D  35  0C  00  03  00  00  00  00  26  8D  01  00  
F6  11  07  00  41  53  17  5A  47  4E  00  00  81  86  02  00  02  03  90  01  00  00  28  01  6D  
15  14  00  02  01  00  00  03  04  03  00  00  00  00  00  00  00  00  00  00  00  00  00  6D  16  
10  00  03  00  00  00  00  E3  07  02  19  12  29  39  00  A5  02  00  00  6D  21  1C  00  03  00  
00  00  09  02  00  00  3C  FF  FF  FF  0B  01  00  00  F5  FF  FF  FF  F3  FF  FF  FF  34  00  00  
00  6D  22  10  00  03  00  00  00  3B  FE  FF  FF  26  02  00  00  C3  00  06  00  00  6D  23  14  
00  03  00  00  00  08  60  AE  76  CB  7C  07  FD  53  50  08  03  A5  B6  5F  0A  6D  24  24  00  
02  00  00  00  00  00  00  00  00  00  00  00  00  00  00  00  00  00  00  00  00  00  00  00  00  
00  00  00  00  00  00  00  00  00  00  00  00  6D  31  20  00  03  00  00  00  C7  33  01  00  D5  
39  FF  FF  2A  7B  01  00  4A  CC  07  00  6B  54  06  00  9D  2B  70  FF  37  61  07  00  6D  32  
24  00  03  00  00  00  48  A7  0B  00  16  08  CD  7B  01  00  00  00  E4  11  1B  8D  05  00  00  
00  FE  1D  47  4E  00  00  82  86  02  00  04  00  01  00  00  00  28  01  6D  15  14  00  02  01  
00  00  03  04  03  00  00  00  00  00  00  00  00  00  00  00  00  00  6D  16  10  00  03  00  00  
00  E3  07  02  19  12  29  39  00  AF  02  00  00  6D  21  1C  00  03  00  00  00  43  00  00  00  
13  FF  FF  FF  52  00  00  00  FF  FF  FF  FF  00  00  00  00  66  00  00  00  6D  22  10  00  03  
00  00  00  3B  FE  FF  FF  26  02  00  00  C3  06  00  00  6D  23  14  00  03  00  00  00  17  60  
AE  76  E4  9C  07  FD  7D  F8  07  03  DD  D8  5F  0A  6D  24  24  00  02  00  00  00  00  00  00  
00  00  00  00  00  00  00  00  00  00  00  00  00  00  00  00  00  00  00  00  00  00  00  00  00  
00  00  00  00  6D  31  20  00  03  00  00  00  76  82  00  00  D7  29  FF  FF  FC  32  01  00  9F  
F2  07  00  A0  87  06  00  94  EE  70  FF  99  61  07  00  6D  32  24  00  03  00  00  00  48  A7  
0B  00  16  08  CD  7B  01  00  00  00  E4  11  1B  8D  05  00  00  00  FE  FF  FF  FF  FD  FF  FF  
FF  03  00  00  00  6D  33  10  00  03  00  00  00  E3  07  02  19  12  29  39  00  01  00  12  00  
6D  34  14  00  03  00  00  00  62  67  03  00  D0  56  FF  FF  0D  3F  04  00  B8  DB  07  00  6D  
35  0C  00  03  00  00  00  00  2B  8D  01  00  8C  12  07  00  41  53  84  1A  47  4E  00  00  83  
86  02  00  C0  C6  2D  00  00  00  28  01  6D  15  14  00  02  01  00  00  03  04  03  00  00  00  
00  00  00  00  00  00  00  00  00  00  6D  16  10  00  03  00  00  00  E3  07  02  19  12  29  39  
00  B9  02  00  00  6D  21  1C  00  03  00  00  00  11  FE  FF  FF  44  00  00  00  46  00  00  00  
05  00  00  00  F1  FF  FF  FF  28  00  00  00  6D  22  10  00  03  00  00  00  3B  FE  FF  FF  26  
02  00  00  C3  06  00  00  6D  23  14  00  03  00  00  00  14  58  AE  76  3B  D7  06  FD  AB  03  
08  03  A0  F8  5F  0A  6D  24  24  00  02  00  00  00  00  00  00  00  00  00  00  00  00  00  00  
00  00  00  00  00  00  00  00  00  00  00  00  00  00  00  00  00  00  00  00  00  6D  31  20  00  
03  00  00  00  BC  A6  FF  FF  B1  A0  FF  FF  82  2E  01  00  3A  0B  08  00  C6  4F  06  00  97  
FF  6F  FF  B7  61  07  00  6D  32  24  00  03  00  00  00  48  A7  0B  00  16  08  CD  7B  01  00  
00  00  E4  11  1B  8D  05  00  00  00  FE  00  41  53  24  BF  47  4E  00  00  84  86  02  00  00  
10  0E  00  00  00  28  01  6D  15  14  00  02  01  00  00  03  04  03  00  00  00  00  00  00  00  
00  00  00  00  00  00  6D  16  10  00  03  00  00  00  E3  07  02  19  12  29  39  00  C3  02  00  
00  6D  21  1C  00  03  00  00  00  7A  FF  FF  FF  13  FF  FF  FF  60  00  00  00  07  00  00  00  
01  00  00  00  39  00  00  00  6D  22  10  00  03  00  00  00  3B  FE  FF  FF  26  02  00  00  C4  
06  00  00  6D  23  14  00  03  00  00  00  A9  55  AE  76  EE  A8  06  FD  61  A5  07  03  86  22  
60  0A  6D  24  24  00  02  00  00  00  00  00  00  00  00  00  00  00  00  00  00  00  00  00  00  
00  00  00  00  00  00  00  00  00  00  00  00  00  00  00  00  00  6D  31  20  00  03  00  00  00  
CE  33  00  00  C3  29  FF  FF  8E  38  01  00  5F  11  08  00  62  8E  06  00  45  3E  70  FF  72  
62  07  00  6D  32  24  00  03  00  00  00  48  A7  0B  00  16  08  CD  7B  01  00  00  00  E4  11  
1B  8D  05  00  00  00  FE  FF  FF  FF  FD  FF  FF  FF  03  00  00  00  6D  33  10  00  03  00  00  
00  E3  07  02  19  12  29  39  00  01  00  12  00  6D  34  14  00  03  00  00  00  68  3C  03  00  
59  16  FF  FF  97  23  04  00  91  A3  07  00  6D  00  35  0C  00  03  00  00  00  2B  8D  01  00  
8C  12  07  00  41  53  1A  45  47  4E  00  00  85  86  02  00  01  00  00  01  00  00  28  01  6D  
15  14  00  02  01  00  00  03  04  03  00  00  00  00  00  00  00  00  00  00  00  00  00  6D  16  
10  00  03  00  00  00  E3  07  02  19  12  29  39  00  CD  02  00  00  6D  21  1C  00  03  00  00  
00  CC  FE  FF  FF  0F  00  00  00  1D  00  00  00  03  00  00  00  11  00  00  00  61  00  00  00  
6D  22  10  00  03  00  00  00  3A  FE  FF  FF  26  02  00  00  C4  06  00  00  6D  23  14  00  03  
00  00  00  5D  51  AE  76  8C  2D  06  FD  3F  A2  07  03  3A  31  60  0A  6D  24  24  00  02  00  
00  00  00  00  00  00  00  00  00  00  00  00  00  00  00  00  00  00  00  00  00  00  00  00  00  
00  00  00  00  00  00  00  00  00  6D  31  20  00  03  00  00  00  1B  F0  FF  FF  0C  8C  FF  FF  
82  1E  01  00  79  00  08  00  A3  CD  06  00  34  DE  70  FF  8A  61  07  00  6D  32  24  00  03  
00  00  00  48  A7  0B  00  16  08  CD  7B  01  00  00  00  E4  11  1B  8D  05  00  00  00  49  48  
03  00  64  38  FF  FF  55  2F  04  00  7C  E5  07  00  6D  35  0C  00  03  00  00  00  27  8D  01  
00  28  12  07  00  41  53  FA  FF  47  4E  00  00  86  86  02  00  30  0F  1F  00  00  00  28  01  
6D  15  14  00  02  01  00  00  03  04  03  00  00  00  00  00  00  00  00  00  00  00  00  00  6D  
16  10  00  03  00  00  00  E3  07  02  19  12  29  39  00  D7  02  00  00  6D  21  1C  00  03  00  
00  00  03  FF  FF  FF  62  FF  FF  FF  11  FF  FF  FF  04  00  00  00  F4  FF  FF  FF  4C  00  00  
00  6D  22  10  00  03  00  00  00  3A  FE  FF  FF  26  02  00  00  C3  06  00  00  6D  23  14  00  
03  00  00  00  63  58  AE  76  3F  CA  05  FD  B2  5B  07  03  FC  D8  5F  0A  6D  24  24  00  02  
00  00  00  00  00  00  00  00  00  00  00  00  00  00  00  00  00  00  00  00  00  00  00  00  00  
00  00  00  00  00  00  00  00  00  00  6D  31  20  00  03  00  00  00  A3  05  00  00  9A  48  FF  
FF  24  B6  00  00  49  03  08  00  1A  5B  06  00  9F  88  70  FF  4C  62  07  00  6D  32  24  00  
03  00  00  00  48  A7  0B  00  16  08  CD  7B  01  00  00  00  E4  11  1B  8D  05  00  00  00  FE  
FF  FF  FF  FD  FF  FF  FF  03  00  00  00  6D  33  10  00  03  00  00  00  E3  07  02  00  19  12  
29  39  00  01  00  12  00  6D  34  14  00  03  00  00  00  25  48  03  00  7A  38  FF  FF  F3  3E  
04  00  7C  E5  07  00  6D  35  0C  00  03  00  00  00  29  8D  01  00  5A  12  07  00  41  53  F7  
B0  47  4E  00  00  87  86  02  00  00  00  00  00  00  00  28  01  6D  15  14  00  02  01  00  00  
03  04  03  00  00  00  00  00  00  00  00  00  00  00  00  00  6D  16  10  00  03  00  00  00  E3  
07  02  19  12  29  39  00  E1  02  00  00  6D  21  1C  00  03  00  00  00  42  00  00  00  98  FF  
FF  FF  50  00  00  00  FD  FF  FF  FF  01  00  00  00  50  00  00  00  6D  22  10  00  03  00  00  
00  3A  FE  FF  FF  26  02  00  00  C3  06  00  00  6D  23  14  00  03  00  00  00  19  57  AE  76  
7E  E4  05  FD  89  38  07  03  86  F9  5F  0A  6D  24  24  00  02  00  00  00  00  00  00  00  00  
00  00  00  00  00  00  00  00  00  00  00  00  00  00  00  00  00  00  00  00  00  00  00  00  00  
00  00  6D  31  20  00  03  00  00  00  34  82  00  00  C7  5D  FF  FF  C3  32  01  00  0D  E7  07  
00  A3  90  06  FF  FF  FF  FD  FF  FF  FF  03  00  00  00  6D  33  10  00  03  00  00  00  E3  07  
02  19  12  29  39  00  01  00  12  00  6D  34  14  00  03  00  00  00  B4  38  03  00  F5  3F  FF  
FF  B4  46  04  00  20  A1  07  00  6D  35  0C  00  03  00  00  00  27  8D  01  00  D7  12  07  00  
41  53  2C  E1  47  4E  00  00  88  86  02  00  03  00  00  00  00  00  28  01  6D  15  14  00  02  
01  00  00  03  04  03  00  00  00  00  00  00  00  00  00  00  00  00  00  6D  00  16  10  00  03  
00  00  00  E3  07  02  19  12  29  39  00  EB  02  00  00  6D  21  1C  00  03  00  00  00  C7  01  
00  00  99  FF  FF  FF  F1  FF  FF  FF  E9  FF  FF  FF  FF  FF  FF  FF  44  00  00  00  6D  22  10  
00  03  00  00  00  3B  FE  FF  00  FF  25  02  00  00  C3  06  00  00  6D  23  14  00  03  00  00  
00  E4  5C  AE  76  07  95  06  FD  8B  21  07  03  9E  F0  5F  0A  6D  24  24  00  02  00  00  00  
00  00  00  00  00  00  00  00  00  00  00  00  00  00  00  00  00  00  00  00  00  00  00  00  00  
00  00  00  00  00  00  00  00  6D  31  20  00  03  00  00  00  22  1A  01  00  04  5E  FF  FF  7F  
0D  01  00  90  9A  07  00  ED  84  06  00  98  6C  70  FF  C6  61  07  00  6D  32  24  00  03  00  
00  00  48  A7  0B  00  16  08  CD  00  7B  01  00  00  00  E4  11  1B  8D  05  00  00  00  FE  FF  
FF  FF  FD  FF  FF  FF  03  00  00  00  6D  33  10  00  03  00  00  00  E3  07  02  19  12  29  39  
00  01  00  12  00  6D  34  14  00  03  00  00  00  38  29  03  00  AB  43  FF  FF  76  4E  04  00  
B6  88  07  00  6D  B6  47  4E  00  00  89  86  02  00  00  00  12  00  00  00  28  01  6D  15  14  
00  02  01  00  00  03  04  03  00  00  00  00  00  00  00  00  00  00  00  00  00  6D  16  10  00  
03  00  00  00  E3  07  02  19  12  29  39  00  F5  02  00  00  6D  21  1C  00  03  00  00  00  CF  
FD  FF  FF  AD  00  00  00  C0  FF  FF  FF  02  00  00  00  F4  FF  FF  FF  36  00  00  00  6D  22  
10  00  03  00  00  00  3A  FE  FF  FF  26  02  00  00  C3  06  00  00  6D  23  14  00  03  00  00  
00  BE  57  AE  76  AA  B0  05  FD  7B  52  07  03  B4  DB  5F  0A  6D  24  24  00  02  00  00  00  
00  00  00  00  00  00  00  00  00  00  00  00  00  00  00  00  00  00  00  00  00  00  00  00  00  
00  00  00  00  00  00  00  6D  31  20  00  03  00  00  00  17  8D  FF  FF  F3  C9  FF  FF  50  FA  
00  00  FF  FA  07  00  0F  5E  06  00  87  32  70  FF  DE  60  07  00  6D  32  24  00  03  00  00  
00  48  A7  0B  00  16  08  CD  7B  01  00  00  00  E4  11  1B  8D  05  00  00  00  FE  FF  FF  FF  
FD  FF  FF  FF  03  00  00  00  6D  33  10  00  03  00  00  00  E3  07  02  19  12  29  39  00  01  
00  12  00  6D  34  14  00  03  00  00  00  17  29  03  00  5D  38  FF  FF  77  4E  04  00  8C  0C  
08  00  6D  35  0C  00  03  00  00  00  28  8D  01  00  28  12  07  00  41  53  1E  FE  47  4E  00  
00  8A  86  02  00  00  00  00  00  00  00  28  01  6D  15  14  00  02  01  00  00  03  04  03  00  
00  00  00  00  00  00  00  00  00  00  00  00  6D  16  10  00  03  00  00  00  00  E3  07  02  19  
12  29  39  00  FF  02  00  00  6D  21  1C  00  03  00  00  00  35  01  00  00  71  FF  FF  FF  BC  
FF  FF  FF  03  00  00  00  FD  FF  FF  FF  3B  00  00  00  6D  22  10  00  03  00  00  00  3A  FE  
FF  FF  25  02  00  00  C3  00  06  00  00  6D  23  14  00  03  00  00  00  4D  5E  AE  76  B2  29  
06  FD  03  26  07  03  66  C0  5F  0A  6D  24  24  00  02  00  00  00  00  00  00  00  00  00  00  
00  00  00  00  00  00  00  00  00  00  00  00  00  00  00  00  00  00  00  00  00  00  00  00  00  
00  6D  31  20  00  03  00  00  00  D0  E0  00  00  4A  4E  FF  FF  FA  F8  00  00  57  01  08  00  
48  7E  06  00  7D  47  70  FF  D5  61  07  00  6D  32  24  00  03  00  00  00  40  A5  0B  00  28  
08  CD  7B  01  00  00  00  F5  00  11  1B  8D  05  00  00  00  01  00  00  00  FB  FF  FF  FF  03  
00  00  00  6D  33  10  00  03  00  00  00  E3  07  02  19  12  29  39  00  01  00  12  00  6D  34  
14  00  03  00  00  00  31  2A  03  00  63  74  FF  FF  9D  1F  04  00  E4  AA  07  00  6D  35  0C  
00  03  00  00  53  47  4E  00  00  8B  86  02  00  00  00  00  00  00  00  28  01  6D  15  14  00  
02  01  00  00  03  04  03  00  00  00  00  00  00  00  00  00  00  00  00  00  6D  16  10  00  03  
00  00  00  E3  07  02  19  12  29  39  00  09  03  00  00  6D  21  1C  00  03  00  00  00  6D  FF  
FF  FF  0F  00  00  00  B0  FF  FF  FF  FE  FF  FF  FF  F8  FF  FF  FF  4F  00  00  00  6D  22  10  
00  03  00  00  00  3A  FE  FF  FF  25  02  00  00  C3  06  00  00  6D  23  14  00  03  00  00  00  
2C  5F  AE  76  AA  EC  05  FD  E2  27  07  03  5B  A4  5F  0A  6D  24  24  00  02  00  00  00  00  
00  00  00  00  00  00  00  00  00  00  00  00  00  00  00  00  00  00  00  00  00  00  00  00  00  
00  00  00  00  00  00  6D  31  20  00  03  00  00  00  C1  2E  00  00  44  8C  FF  FF  5F  F4  00  
00  02  EE  07  00  30  6B  06  00  8A  96  70  FF  A6  62  07  00  6D  32  24  00  03  00  00  00  
40  A5  0B  00  28  08  CD  7B  01  00  00  00  F5  11  1B  8D  05  00  00  00  01  00  00  00  FB  
FF  FF  FF  03  00  00  00  6D  33  10  00  03  00  00  00  E3  07  02  19  12  29  39  00  01  00  
12  00  6D  34  14  00  03  00  00  00  7A  31  03  00  8A  65  FF  FF  E1  3E  04  00  E4  AA  07  
00  6D  35  0C  00  03  00  00  00  2B  8D  01  00  D7  12  07  00  41  53  7F  81  47  4E  00  00  
8C  86  02  00  00  00  00  00  00  00  28  01  6D  15  14  00  02  01  00  00  03  04  03  00  00  
00  00  00  00  00  00  00  00  00  00  00  6D  16  10  00  03  00  00  00  00  E3  07  02  19  12  
29  39  00  13  03  00  00  6D  21  1C  00  03  00  00  00  7E  FD  FF  FF  0E  00  00  00  B3  FF  
FF  FF  E2  FF  FF  FF  0C  00  00  00  36  00  00  00  6D  22  10  00  03  00  00  00  39  FE  FF  
FF  26  02  00  00  C3  00  06  00  00  6D  23  14  00  03  00  00  00  3B  5B  AE  76  7D  EE  04  
FD  13  18  07  03  19  8D  5F  0A  6D  24  24  00  02  00  00  00  00  00  00  00  00  00  00  00  
00  00  00  00  00  00  00  00  00  00  00  00  00  00  00  00  00  00  00  00  00  00  00  00  00  
6D  31  20  00  03  00  00  00  5A  6D  FF  FF  DE  8B  FF  FF  4E  F5  00  00  35  7E  07  00  57  
BC  06  00  9D  32  70  FF  CC  62  07  00  6D  32  24  00  03  00  00  00  40  A5  0B  00  28  08  
CD  7B  01  00  00  00  F5  00  11  1B  8D  05  00  00  00  01  00  00  00  FB  FF  FF  FF  03  00  
00  00  6D  33  10  00  03  00  00  00  E3  07  02  19  12  29  39  00  01  00  12  00  6D  34  14  
00  03  00  00  00  D5  34  03  00  52  4B  FF  FF  51  56  04  00  FB  BB  07  00  6D  35  0C  00  
03  00  00  D0  47  4E  00  00  8D  86  02  00  00  00  00  00  00  00  28  01  6D  15  14  00  02  
01  00  00  03  04  03  00  00  00  00  00  00  00  00  00  00  00  00  00  6D  16  10  00  03  00  
00  00  E3  07  02  19  12  29  39  00  1D  03  00  00  6D  21  1C  00  03  00  00  00  5B  01  00  
00  C1  FF  FF  FF  E2  00  00  00  E9  FF  FF  FF  06  00  00  00  51  00  00  00  6D  22  10  00  
03  00  00  00  3A  FE  FF  FF  25  02  00  00  C3  06  00  00  6D  23  14  00  03  00  00  00  95  
57  AE  76  D2  75  05  FD  88  0D  07  03  C8  E0  5F  0A  6D  24  24  00  02  00  00  00  00  00  
00  00  00  00  00  00  00  00  00  00  00  00  00  00  00  00  00  00  00  00  00  00  00  00  00  
00  00  00  00  00  6D  31  20  00  03  00  00  00  9C  EF  00  00  A4  6D  FF  FF  A1  6B  01  00  
25  9A  07  00  7D  A5  06  00  52  9D  70  FF  F3  61  07  00  6D  32  24  00  03  00  00  00  40  
A5  0B  00  28  08  CD  7B  01  00  00  00  F5  11  1B  8D  05  00  00  00  01  00  00  00  FB  FF  
FF  FF  03  00  00  00  6D  33  10  00  03  00  00  00  E3  07  02  19  12  29  39  00  01  00  12  
00  6D  34  14  00  03  00  00  00  0D  29  03  00  35  29  FF  FF  D8  3E  04  00  40  EF  07  00  
6D  35  0C  00  03  00  00  00  26  8D  01  00  D7  12  07  00  41  53  22  2D  47  4E  00  00  8E  
86  02  00  00  00  00  00  00  00  28  01  6D  15  14  00  02  01  00  00  03  04  03  00  00  00  
00  00  00  00  00  00  00  00  00  00  6D  16  10  00  03  00  00  00  00  E3  07  02  19  12  29  
39  00  27  03  00  00  6D  21  1C  00  03  00  00  00  51  01  00  00  98  FF  FF  FF  94  FF  FF  
FF  F8  FF  FF  FF  0D  00  00  00  5B  00  00  00  6D  22  10  00  03  00  00  00  3A  FE  FF  FF  
25  02  00  00  C3  00  06  00  00  6D  23  14  00  03  00  00  00  A6  5F  AE  76  8F  F6  05  FD  
58  EF  06  03  41  B2  5F  0A  6D  24  24  00  02  00  00  00  00  00  00  00  00  00  00  00  00  
00  00  00  00  00  00  00  00  00  00  00  00  00  00  00  00  00  00  00  00  00  00  00  00  6D  
31  20  00  03  00  00  00  81  EB  00  00  BE  5D  FF  FF  37  E9  00  00  8C  D4  07  00  5A  BD  
06  00  A3  C4  70  FF  21  61  07  00  6D  32  24  00  03  00  00  00  40  A5  0B  00  28  08  CD  
7B  01  00  00  00  F5  00  11  1B  8D  05  00  00  00  01  00  00  00  FB  FF  FF  FF  03  00  00  
00  6D  33  10  00  03  00  00  00  E3  07  02  19  12  29  39  00  01  00  12  00  6D  34  14  00  
03  00  00  00  BF  29  03  00  7E  65  FF  FF  D6  3E  04  00  6C  BE  07  00  6D  35  0C  00  03  
00  00  2A  47  4E  00  00  8F  86  02  00  01  01  00  00  00  00  28  01  6D  15  14  00  02  01  
00  00  03  04  03  00  00  00  00  00  00  00  00  00  00  00  00  00  6D  16  10  00  03  00  00  
00  E3  07  02  19  12  29  39  00  31  03  00  00  6D  21  1C  00  03  00  00  00  01  00  00  00  
C0  FF  FF  FF  36  00  00  00  E8  FF  FF  FF  0D  00  00  00  3D  00  00  00  6D  22  10  00  03  
00  00  00  3A  FE  FF  FF  25  02  00  00  C3  06  00  00  6D  23  14  00  03  00  00  00  B4  5E  
AE  76  79  F4  05  FD  93  D5  06  03  05  C4  5F  0A  6D  24  24  00  02  00  00  00  00  00  00  
00  00  00  00  00  00  00  00  00  00  00  00  00  00  00  00  00  00  00  00  00  00  00  00  00  
00  00  00  00  6D  31  20  00  03  00  00  00  3C  68  00  00  34  6D  FF  FF  72  28  01  00  E5  
95  07  00  F1  BC  06  00  A3  50  70  FF  A0  61  07  00  6D  32  24  00  03  00  00  00  40  A5  
0B  00  28  08  CD  7B  01  00  00  00  F5  11  1B  8D  05  00  00  00  01  00  00  00  FB  FF  FF  
FF  03  00  00  00  6D  33  10  00  03  00  00  00  E3  07  02  19  12  29  39  00  01  00  12  00  
6D  34  14  00  03  00  00  00  A9  29  03  00  F5  5D  FF  FF  D6  3E  04  00  12  CD  07  00  6D  
35  0C  00  03  00  00  00  28  8D  01  00  8C  12  07  00  41  53  35  24  47  4E  00  00  90  86  
02  00  00  00  00  00  00  00  28  01  6D  15  14  00  02  01  00  00  03  04  03  00  00  00  00  
00  00  00  00  00  00  00  00  00  6D  16  10  00  03  00  00  00  00  E3  07  02  19  12  29  39  
00  3B  03  00  00  6D  21  1C  00  03  00  00  00  89  FF  FF  FF  2A  00  00  00  BE  FF  FF  FF  
18  00  00  00  0A  00  00  00  4E  00  00  00  6D  22  10  00  03  00  00  00  3A  FE  FF  FF  25  
02  00  00  C3  00  06  00  00  6D  23  14  00  03  00  00  00  92  5F  AE  76  40  BF  05  FD  0C  
E0  06  03  C2  A7  5F  0A  6D  24  24  00  02  00  00  00  00  00  00  00  00  00  00  00  00  00  
00  00  00  00  00  00  00  00  00  00  00  00  00  00  00  00  00  00  00  00  00  00  00  6D  31  
20  00  03  00  00  00  86  39  00  00  83  96  FF  FF  93  F9  00  00  9A  52  08  00  FF  B1  06  
00  A3  91  70  FF  73  61  07  00  6D  32  24  00  03  00  00  00  40  A5  0B  00  28  08  CD  7B  
01  00  00  00  F5  00  11  1B  8D  05  00  00  00  01  00  00  00  FB  FF  FF  FF  03  00  00  00  
6D  33  10  00  03  00  00  00  E3  07  02  19  12  29  39  00  01  00  12  00  6D  34  14  00  03  
00  00  00  D9  3C  03  00  91  56  FF  FF  D0  42  04  00  DD  C0  07  00  6D  35  0C  00  03  00  
00  89  47  4E  00  00  91  86  02  00  00  00  00  00  00  00  28  01  6D  15  14  00  02  01  00  
00  03  04  03  00  00  00  00  00  00  00  00  00  00  00  00  00  6D  16  10  00  03  00  00  00  
E3  07  02  19  12  29  39  00  45  03  00  00  6D  21  1C  00  03  00  00  00  11  FF  FF  FF  02  
00  00  00  54  FF  FF  FF  E0  FF  FF  FF  04  00  00  00  3E  00  00  00  6D  22  10  00  03  00  
00  00  3A  FE  FF  FF  25  02  00  00  C3  06  00  00  6D  23  14  00  03  00  00  00  42  63  AE  
76  F5  5A  05  FD  52  D6  06  03  96  63  5F  0A  6D  24  24  00  02  00  00  00  00  00  00  00  
00  00  00  00  00  00  00  00  00  00  00  00  00  00  00  00  00  00  00  00  00  00  00  00  00  
00  00  00  6D  31  20  00  03  00  00  00  89  0A  00  00  E6  86  FF  FF  09  D0  00  00  6E  77  
07  00  EF  9B  06  00  19  53  70  FF  36  62  07  00  6D  32  24  00  03  00  00  00  40  A5  0B  
00  28  08  CD  7B  01  00  00  00  F5  11  1B  8D  05  00  00  00  01  00  00  00  FB  FF  FF  FF  
03  00  00  00  6D  33  10  00  03  00  00  00  E3  07  02  19  12  29  39  00  01  00  12  00  6D  
34  14  00  03  00  00  00  AD  76  03  00  FF  56  FF  FF  BA  4E  04  00  4C  70  07  00  6D  35  
0C  00  03  00  00  00  24  8D  01  00  D7  12  07  00  41  53  A4  4E  47  4E  00  00  92  86  02  
00  00  00  00  00  00  00  28  01  6D  15  14  00  02  01  00  00  03  04  03  00  00  00  00  00  
00  00  00  00  00  00  00  00  6D  16  10  00  03  00  00  00  00  E3  07  02  19  12  29  39  00  
4F  03  00  00  6D  21  1C  00  03  00  00  00  F5  FF  FF  FF  C9  00  00  00  BD  FF  FF  FF  FC  
FF  FF  FF  04  00  00  00  38  00  00  00  6D  22  10  00  03  00  00  00  3A  FE  FF  FF  26  02  
00  00  C3  00  06  00  00  6D  23  14  00  03  00  00  00  A5  63  AE  76  24  49  05  FD  BA  22  
07  03  C3  43  5F  0A  6D  24  24  00  02  00  00  00  00  00  00  00  00  00  00  00  00  00  00  
00  00  00  00  00  00  00  00  00  00  00  00  00  00  00  00  00  00  00  00  00  00  6D  31  20  
00  03  00  00  00  23  63  00  00  EC  D4  FF  FF  23  F9  00  00  5D  E5  07  00  8F  9C  06  00  
24  3E  70  FF  AF  61  07  00  6D  32  24  00  03  00  00  00  40  A5  0B  00  28  08  CD  7B  01  
00  00  00  F5  00  11  1B  8D  05  00  00  00  01  00  00  00  FB  FF  FF  FF  03  00  00  00  6D  
33  10  00  03  00  00  00  E3  07  02  19  12  29  39  00  01  00  12  00  6D  34  14  00  03  00  
00  00  5D  60  03  00  39  8F  FF  FF  37  37  04  00  91  A3  07  00  6D  35  0C  00  03  00  00  
E6  47  4E  00  00  93  86  02  00  00  00  00  00  00  00  28  01  6D  15  14  00  02  01  00  00  
03  04  03  00  00  00  00  00  00  00  00  00  00  00  00  00  6D  16  10  00  03  00  00  00  E3  
07  02  19  12  29  39  00  59  03  00  00  6D  21  1C  00  03  00  00  00  B4  FE  FF  FF  1C  00  
00  00  E8  FF  FF  FF  F8  FF  FF  FF  FD  FF  FF  FF  44  00  00  00  6D  22  10  00  03  00  00  
00  39  FE  FF  FF  26  02  00  00  C3  06  00  00  6D  23  14  00  03  00  00  00  28  61  AE  76  
79  C1  04  FD  35  21  07  03  AF  39  5F  0A  6D  24  24  00  02  00  00  00  00  00  00  00  00  
00  00  00  00  00  00  00  00  00  00  00  00  00  00  00  00  00  00  00  00  00  00  00  00  00  
00  00  6D  31  20  00  03  00  00  00  DD  E5  FF  FF  1D  91  FF  FF  B0  09  01  00  30  D5  07  
00  19  83  06  00  36  6A  70  FF  21  61  07  00  6D  32  24  00  03  00  00  00  40  A5  0B  00  
28  08  CD  7B  01  00  00  00  F5  11  1B  8D  05  00  00  00  01  00  00  00  FB  FF  FF  FF  03  
00  00  00  6D  33  10  00  03  00  00  00  E3  07  02  19  12  29  39  00  01  00  12  00  6D  34  
14  00  03  00  00  00  9F  50  03  00  C2  74  FF  FF  29  37  04  00  A8  B4  07  00  6D  35  0C  
00  03  00  00  00  22  8D  01  00  41  12  07  00  41  53  CC  86  47  4E  00  00  94  86  02  00  
00  00  00  00  00  00  28  01  6D  15  14  00  02  01  00  00  03  04  03  00  00  00  00  00  00  
00  00  00  00  00  00  00  6D  16  10  00  03  00  00  00  00  E3  07  02  19  12  29  39  00  63  
03  00  00  6D  21  1C  00  03  00  00  00  E5  00  00  00  2C  00  00  00  50  00  00  00  0A  00  
00  00  EF  FF  FF  FF  45  00  00  00  6D  22  10  00  03  00  00  00  3A  FE  FF  FF  26  02  00  
00  C3  00  06  00  00  6D  23  14  00  03  00  00  00  6D  60  AE  76  52  14  05  FD  FD  39  07  
03  A2  52  5F  0A  6D  24  24  00  02  00  00  00  00  00  00  00  00  00  00  00  00  00  00  00  
00  00  00  00  00  00  00  00  00  00  00  00  00  00  00  00  00  00  00  00  00  6D  31  20  00  
03  00  00  00  BD  C0  00  00  0B  97  FF  FF  3F  32  01  00  C1  1A  08  00  D8  4A  06  00  1C  
6F  70  FF  5B  62  07  00  6D  32  24  00  03  00  00  00  D8  A3  0B  00  16  08  CD  7B  01  00  
00  00  29  00  12  1B  8D  05  00  00  00  FE  FF  FF  FF  FE  FF  FF  FF  03  00  00  00  6D  33  
10  00  03  00  00  00  E3  07  02  19  12  29  39  00  01  00  12  00  6D  34  14  00  03  00  00  
00  5C  48  03  00  50  4B  FF  FF  F2  3E  04  00  55  AD  07  00  6D  35  0C  00  03  00  00  E3  
47  4E  00  00  95  86  02  00  00  00  00  00  00  00  28  01  6D  15  14  00  02  01  00  00  03  
04  03  00  00  00  00  00  00  00  00  00  00  00  00  00  6D  16  10  00  03  00  00  00  E3  07  
02  19  12  29  39  00  6D  03  00  00  6D  21  1C  00  03  00  00  00  28  01  00  00  B1  00  00  
00  5D  00  00  00  EE  FF  FF  FF  F8  FF  FF  FF  3E  00  00  00  6D  22  10  00  03  00  00  00  
3A  FE  FF  FF  26  02  00  00  C3  06  00  00  6D  23  14  00  03  00  00  00  9F  5E  AE  76  58  
7D  05  FD  5D  88  07  03  8F  6E  5F  0A  6D  24  24  00  02  00  00  00  00  00  00  00  00  00  
00  00  00  00  00  00  00  00  00  00  00  00  00  00  00  00  00  00  00  00  00  00  00  00  00  
00  6D  31  20  00  03  00  00  00  E8  DA  00  00  DA  CA  FF  FF  38  37  01  00  BF  AF  07  00  
B3  6D  06  00  71  55  70  FF  C6  61  07  00  6D  32  24  00  03  00  00  00  D8  A3  0B  00  16  
08  CD  7B  01  00  00  00  29  12  1B  8D  05  00  00  00  FE  FF  FF  FF  FE  FF  FF  FF  03  00  
00  00  6D  33  10  00  03  00  00  00  E3  07  02  19  12  29  39  00  01  00  12  00  6D  34  14  
00  03  00  00  00  7D  48  03  00  9E  56  FF  FF  F2  3E  04  00  5C  97  07  00  6D  35  0C  00  
03  00  00  00  26  8D  01  00  BE  12  07  00  41  53  BD  5A  47  4E  00  00  96  86  02  00  02  
01  01  01  00  00  28  01  6D  15  14  00  02  01  00  00  03  04  03  00  00  00  00  00  00  00  
00  00  00  00  00  00  6D  16  10  00  03  00  00  00  00  E3  07  02  19  12  29  39  00  77  03  
00  00  6D  21  1C  00  03  00  00  00  43  01  00  00  89  00  00  00  78  00  00  00  FC  FF  FF  
FF  12  00  00  00  4A  00  00  00  6D  22  10  00  03  00  00  00  3A  FE  FF  FF  26  02  00  00  
C3  00  06  00  00  6D  23  14  00  03  00  00  00  89  5C  AE  76  DA  F2  05  FD  89  C8  07  03  
64  95  5F  0A  6D  24  24  00  02  00  00  00  00  00  00  00  00  00  00  00  00  00  00  00  00  
00  00  00  00  00  00  00  00  00  00  00  00  00  00  00  00  00  00  00  00  6D  31  20  00  03  
00  00  00  7F  E5  00  00  4A  BB  FF  FF  B5  41  01  00  6B  E7  07  00  69  D2  06  00  A4  83  
70  FF  28  61  07  00  6D  32  24  00  03  00  00  00  D8  A3  0B  00  16  08  CD  7B  01  00  00  
00  29  00  12  1B  8D  05  00  00  00  FE  FF  FF  FF  FE  FF  FF  FF  03  00  00  00  6D  33  10  
00  03  00  00  00  E3  07  02  19  12  29  39  00  01  00  12  00  6D  34  14  00  03  00  00  00  
14  48  03  00  58  29  FF  FF  3D  33  04  00  A1  CA  07  00  6D  35  0C  00  03  00  00  9D  47  
4E  00  00  97  86  02  00  00  00  00  00  00  00  28  01  6D  15  14  00  02  01  00  00  03  04  
03  00  00  00  00  00  00  00  00  00  00  00  00  00  6D  16  10  00  03  00  00  00  E3  07  02  
19  12  29  39  00  81  03  00  00  6D  21  1C  00  03  00  00  00  97  00  00  00  C1  FF  FF  FF  
96  FF  FF  FF  FD  FF  FF  FF  04  00  00  00  4D  00  00  00  6D  22  10  00  03  00  00  00  3A  
FE  FF  FF  26  02  00  00  C3  06  00  00  6D  23  14  00  03  00  00  00  81  62  AE  76  AD  28  
06  FD  D2  B2  07  03  E7  66  5F  0A  6D  24  24  00  02  00  00  00  00  00  00  00  00  00  00  
00  00  00  00  00  00  00  00  00  00  00  00  00  00  00  00  00  00  00  00  00  00  00  00  00  
6D  31  20  00  03  00  00  00  25  A2  00  00  41  6D  FF  FF  7B  E9  00  00  99  E9  07  00  2A  
9A  06  00  6A  8F  70  FF  CD  61  07  00  6D  32  24  00  03  00  00  00  D8  A3  0B  00  16  08  
CD  7B  01  00  00  00  29  12  1B  8D  05  00  00  00  FE  FF  FF  FF  FE  FF  FF  FF  03  00  00  
00  6D  33  10  00  03  00  00  00  E3  07  02  19  12  29  39  00  01  00  12  00  6D  34  14  00  
03  00  00  00  B3  4F  03  00  75  29  FF  FF  FB  3E  04  00  22  F4  07  00  6D  35  0C  00  03  
00  00  00  2B  8D  01  00  8C  12  07  00  41  53  9E  15  47  4E  00  00  98  86  02  00  00  00  
00  00  00  00  28  01  6D  15  14  00  02  01  00  00  03  04  03  00  00  00  00  00  00  00  00  
00  00  00  00  00  6D  16  10  00  03  00  00  00  00  E3  07  02  19  12  29  39  00  8B  03  00  
00  6D  21  1C  00  03  00  00  00  81  FD  FF  FF  A1  00  00  00  3C  FF  FF  FF  01  00  00  00  
01  00  00  00  51  00  00  00  6D  22  10  00  03  00  00  00  3A  FE  FF  FF  26  02  00  00  C3  
00  06  00  00  6D  23  14  00  03  00  00  00  90  61  AE  76  EC  22  05  FD  DF  D8  07  03  67  
1B  5F  0A  6D  24  24  00  02  00  00  00  00  00  00  00  00  00  00  00  00  00  00  00  00  00  
00  00  00  00  00  00  00  00  00  00  00  00  00  00  00  00  00  00  00  6D  31  20  00  03  00  
00  00  BF  6D  FF  FF  CA  C4  FF  FF  2F  C6  00  00  C3  F9  07  00  6C  8E  06  00  62  9D  70  
FF  18  62  07  00  6D  32  24  00  03  00  00  00  D8  A3  0B  00  16  08  CD  7B  01  00  00  00  
29  00  12  1B  8D  05  00  00  00  FE  FF  FF  FF  FE  FF  FF  FF  03  00  00  00  6D  33  10  00  
03  00  00  00  E3  07  02  19  12  29  39  00  01  00  12  00  6D  34  14  00  03  00  00  00  3C  
5B  03  00  26  31  FF  FF  A3  4E  04  00  8C  0C  08  00  6D  35  0C  00  03  00  00  0D  47  4E  
00  00  99  86  02  00  64  00  00  00  00  00  28  01  6D  15  14  00  02  01  00  00  03  04  03  
00  00  00  00  00  00  00  00  00  00  00  00  00  6D  16  10  00  03  00  00  00  E3  07  02  19  
12  29  39  00  95  03  00  00  6D  21  1C  00  03  00  00  00  36  00  00  00  B4  FF  FF  FF  AF  
00  00  00  F6  FF  FF  FF  13  00  00  00  47  00  00  00  6D  22  10  00  03  00  00  00  3A  FE  
FF  FF  26  02  00  00  C3  06  00  00  6D  23  14  00  03  00  00  00  2E  5D  AE  76  0D  36  05  
FD  8B  BD  07  03  0B  5B  5F  0A  6D  24  24  00  02  00  00  00  00  00  00  00  00  00  00  00  
00  00  00  00  00  00  00  00  00  00  00  00  00  00  00  00  00  00  00  00  00  00  00  00  6D  
31  20  00  03  00  00  00  7B  7C  00  00  54  68  FF  FF  4C  57  01  00  F1  CC  07  00  7B  D8  
06  00  45  78  70  FF  00  63  07  00  6D  32  24  00  03  00  00  00  D8  A3  0B  00  16  08  CD  
7B  01  00  00  00  29  12  1B  8D  05  00  00  00  FE  FF  FF  FF  FE  FF  FF  FF  03  00  00  00  
6D  33  10  00  03  00  00  00  E3  07  02  19  12  29  39  00  01  00  12  00  6D  34  14  00  03  
00  00  00  91  66  03  00  9F  1A  FF  FF  AE  4E  04  00  8C  0C  08  00  6D  35  0C  00  03  00  
00  00  28  8D  01  00  8C  12  07  00  41  53  65  4A  47  4E  00  00  9A  86  02  00  00  00  00  
00  00  00  28  01  6D  15  14  00  02  01  00  00  03  04  03  00  00  00  00  00  00  00  00  00  
00  00  00  00  6D  16  10  00  03  00  00  00  00  E3  07  02  19  12  29  39  00  9F  03  00  00  
6D  21  1C  00  03  00  00  00  E7  FF  FF  FF  1D  00  00  00  1D  00  00  00  ED  FF  FF  FF  F3  
FF  FF  FF  2B  00  00  00  6D  22  10  00  03  00  00  00  3A  FE  FF  FF  26  02  00  00  C3  00  
06  00  00  6D  23  14  00  03  00  00  00  F8  5B  AE  76  96  25  05  FD  15  C7  07  03  60  61  
5F  0A  6D  24  24  00  02  00  00  00  00  00  00  00  00  00  00  00  00  00  00  00  00  00  00  
00  00  00  00  00  00  00  00  00  00  00  00  00  00  00  00  00  00  6D  31  20  00  03  00  00  
00  B5  5D  00  00  8B  91  FF  FF  F0  1D  01  00  6E  AB  07  00  A0  58  06  00  38  0B  70  FF  
FA  61  07  00  6D  32  24  00  03  00  00  00  D8  A3  0B  00  16  08  CD  7B  01  00  00  00  29  
00  12  1B  8D  05  00  00  00  FE  FF  FF  FF  FE  FF  FF  FF  03  00  00  00  6D  33  10  00  03  
00  00  00  E3  07  02  19  12  29  39  00  01  00  12  00  6D  34  14  00  03  00  00  00  D2  66  
03  00  39  31  FF  FF  AE  4E  04  00  93  F6  07  00  6D  35  0C  00  03  00  00  43  47  4E  00  
00  9B  86  02  00  02  01  00  00  00  00  28  01  6D  15  14  00  02  01  00  00  03  04  03  00  
00  00  00  00  00  00  00  00  00  00  00  00  6D  16  10  00  03  00  00  00  E3  07  02  19  12  
29  39  00  A9  03  00  00  6D  21  1C  00  03  00  00  00  3C  FE  FF  FF  CD  FF  FF  FF  C1  FF  
FF  FF  00  00  00  00  05  00  00  00  69  00  00  00  6D  22  10  00  03  00  00  00  39  FE  FF  
FF  26  02  00  00  C3  06  00  00  6D  23  14  00  03  00  00  00  80  5A  AE  76  D8  70  04  FD  
AA  A1  07  03  2A  49  5F  0A  6D  24  24  00  02  00  00  00  00  00  00  00  00  00  00  00  00  
00  00  00  00  00  00  00  00  00  00  00  00  00  00  00  00  00  00  00  00  00  00  00  6D  31  
20  00  03  00  00  00  D3  B6  FF  FF  FA  71  FF  FF  55  FA  00  00  0D  F7  07  00  2C  A1  06  
00  2C  FA  70  FF  CD  61  07  00  6D  32  24  00  03  00  00  00  D8  A3  0B  00  16  08  CD  7B  
01  00  00  00  29  12  1B  8D  05  00  00  00  FE  FF  FF  FF  FE  FF  FF  FF  03  00  00  00  6D  
33  10  00  03  00  00  00  E3  07  02  19  12  29  39  00  01  00  12  00  6D  34  14  00  03  00  
00  00  3D  5F  03  00  17  31  FF  FF  08  3F  04  00  7C  E5  07  00  6D  35  0C  00  03  00  00  
00  2B  8D  01  00  8C  12  07  00  41  53  39  6D  47  4E  00  00  9C  86  02  00  03  04  03  00  
00  00  28  01  6D  15  14  00  02  01  00  00  03  04  03  00  00  00  00  00  00  00  00  00  00  
00  00  00  6D  16  10  00  03  00  00  00  00  E3  07  02  19  12  29  39  00  B3  03  00  00  6D  
21  1C  00  03  00  00  00  CB  00  00  00  10  00  00  00  D9  FF  FF  FF  00  00  00  00  F9  FF  
FF  FF  28  00  00  00  6D  22  10  00  03  00  00  00  39  FE  FF  FF  26  02  00  00  C3  00  06  
00  00  6D  23  14  00  03  00  00  00  FB  5D  AE  76  F0  B8  04  FD  F7  AC  07  03  C5  32  5F  
0A  6D  24  24  00  02  00  00  00  00  00  00  00  00  00  00  00  00  00  00  00  00  00  00  00  
00  00  00  00  00  00  00  00  00  00  00  00  00  00  00  00  00  6D  31  20  00  03  00  00  00  
9E  B6  00  00  87  8C  FF  FF  60  03  01  00  CA  F5  07  00  51  72  06  00  54  FD  6F  FF  79  
62  07  00  6D  32  24  00  03  00  00  00  D8  A3  0B  00  16  08  CD  7B  01  00  00  00  29  00  
12  1B  8D  05  00  00  00  FE  FF  FF  FF  FE  FF  FF  FF  03  00  00  00  6D  33  10  00  03  00  
00  00  E3  07  02  19  12  29  39  00  01  00  12  00  6D  34  14  00  03  00  00  00  5C  5B  03  
00  7D  29  FF  FF  36  37  04  00  B8  DB  07  00  6D  35  0C  00  03  00  00  34  47  4E  00  00  
9D  86  02  00  00  00  00  00  00  00  28  01  6D  15  14  00  02  01  00  00  03  04  03  00  00  
00  00  00  00  00  00  00  00  00  00  00  6D  16  10  00  03  00  00  00  E3  07  02  19  12  29  
39  00  BD  03  00  00  6D  21  1C  00  03  00  00  00  E8  FF  FF  FF  E8  FF  FF  FF  1D  00  00  
00  FD  FF  FF  FF  F7  FF  FF  FF  3F  00  00  00  6D  22  10  00  03  00  00  00  39  FE  FF  FF  
26  02  00  00  C3  06  00  00  6D  23  14  00  03  00  00  00  3D  5D  AE  76  68  AB  04  FD  E2  
A1  07  03  96  3A  5F  0A  6D  24  24  00  02  00  00  00  00  00  00  00  00  00  00  00  00  00  
00  00  00  00  00  00  00  00  00  00  00  00  00  00  00  00  00  00  00  00  00  00  6D  31  20  
00  03  00  00  00  DF  5D  00  00  B1  7C  FF  FF  04  1E  01  00  36  EA  07  00  65  69  06  00  
B8  57  70  FF  73  61  07  00  6D  32  24  00  03  00  00  00  D8  A3  0B  00  16  08  CD  7B  01  
00  00  00  29  12  1B  8D  05  00  00  00  FE  FF  FF  FF  FE  FF  FF  FF  03  00  00  00  6D  33  
10  00  03  00  00  00  E3  07  02  19  12  29  39  00  01  00  12  00  6D  34  14  00  03  00  00  
00  BC  66  03  00  B0  29  FF  FF  AE  4E  04  00  B8  DB  07  00  6D  35  0C  00  03  00  00  00  
24  8D  01  00  5A  12  07  00  41  53  3E  C1  47  4E  00  00  9E  86  02  00  00  00  00  00  00  
00  28  01  6D  15  14  00  02  01  00  00  03  04  03  00  00  00  00  00  00  00  00  00  00  00  
00  00  6D  16  10  00  03  00  00  00  00  E3  07  02  19  12  29  39  00  C7  03  00  00  6D  21  
1C  00  03  00  00  00  5F  01  00  00  3C  FF  FF  FF  A2  00  00  00  06  00  00  00  06  00  00  
00  3A  00  00  00  6D  22  10  00  03  00  00  00  3A  FE  FF  FF  26  02  00  00  C3  00  06  00  
00  6D  23  14  00  03  00  00  00  57  5D  AE  76  98  36  05  FD  47  62  07  03  01  74  5F  0A  
6D  24  24  00  02  00  00  00  00  00  00  00  00  00  00  00  00  00  00  00  00  00  00  00  00  
00  00  00  00  00  00  00  00  00  00  00  00  00  00  00  00  6D  31  20  00  03  00  00  00  1F  
F0  00  00  9D  39  FF  FF  C5  51  01  00  36  0D  08  00  F2  A3  06  00  B2  42  70  FF  21  61  
07  00  6D  32  24  00  03  00  00  00  AC  A2  0B  00  28  08  CD  7B  01  00  00  00  29  00  12  
1B  8D  05  00  00  00  03  00  00  00  FD  FF  FF  FF  03  00  00  00  6D  33  10  00  03  00  00  
00  E3  07  02  19  12  29  39  00  01  00  12  00  6D  34  14  00  03  00  00  00  94  67  03  00  
11  62  FF  FF  3F  37  04  00  50  16  08  00  6D  35  0C  00  03  00  00  4C  47  4E  00  00  9F  
86  02  00  00  00  00  00  00  00  28  01  6D  15  14  00  02  01  00  00  03  04  03  00  00  00  
00  00  00  00  00  00  00  00  00  00  6D  16  10  00  03  00  00  00  E3  07  02  19  12  29  39  
00  D1  03  00  00  6D  21  1C  00  03  00  00  00  F6  FF  FF  FF  CD  FF  FF  FF  52  00  00  00  
ED  FF  FF  FF  FE  FF  FF  FF  56  00  00  00  6D  22  10  00  03  00  00  00  3A  FE  FF  FF  26  
02  00  00  C3  06  00  00  6D  23  14  00  03  00  00  00  17  5B  AE  76  01  30  05  FD  9B  4E  
07  03  9B  91  5F  0A  6D  24  24  00  02  00  00  00  00  00  00  00  00  00  00  00  00  00  00  
00  00  00  00  00  00  00  00  00  00  00  00  00  00  00  00  00  00  00  00  00  6D  31  20  00  
03  00  00  00  EB  62  00  00  6C  72  FF  FF  E4  32  01  00  E7  AC  07  00  55  87  06  00  3C  
B2  70  FF  B7  61  07  00  6D  32  24  00  03  00  00  00  AC  A2  0B  00  28  08  CD  7B  01  00  
00  00  29  12  1B  8D  05  00  00  00  03  00  00  00  FD  FF  FF  FF  03  00  00  00  6D  33  10  
00  03  00  00  00  E3  07  02  19  12  29  39  00  01  00  12  00  6D  34  14  00  03  00  00  00  
95  50  03  00  9A  65  FF  FF  8D  27  04  00  B8  DB  07  00  6D  35  0C  00  03  00  00  00  24  
8D  01  00  41  12  07  00  41  53  4B  FE  47  4E  00  00  A0  86  02  00  14  00  00  00  00  00  
28  01  6D  15  14  00  02  01  00  00  03  04  03  00  00  00  00  00  00  00  00  00  00  00  00  
00  6D  16  10  00  03  00  00  00  00  E3  07  02  19  12  29  39  00  DB  03  00  00  6D  21  1C  
00  03  00  00  00  2C  00  00  00  CE  FF  FF  FF  1D  00  00  00  FC  FF  FF  FF  F9  FF  FF  FF  
36  00  00  00  6D  22  10  00  03  00  00  00  3A  FE  FF  FF  26  02  00  00  C3  00  06  00  00  
6D  23  14  00  03  00  00  00  4B  5B  AE  76  84  3D  05  FD  A5  3B  07  03  B1  98  5F  0A  6D  
24  24  00  02  00  00  00  00  00  00  00  00  00  00  00  00  00  00  00  00  00  00  00  00  00  
00  00  00  00  00  00  00  00  00  00  00  00  00  00  00  6D  31  20  00  03  00  00  00  F8  77  
00  00  73  72  FF  FF  EC  1D  01  00  87  E5  07  00  37  70  06  00  EE  34  70  FF  CD  61  07  
00  6D  32  24  00  03  00  00  00  AC  A2  0B  00  28  08  CD  7B  01  00  00  00  29  00  12  1B  
8D  05  00  00  00  03  00  00  00  FD  FF  FF  FF  03  00  00  00  6D  33  10  00  03  00  00  00  
E3  07  02  19  12  29  39  00  01  00  12  00  6D  34  14  00  03  00  00  00  D3  44  03  00  76  
56  FF  FF  84  27  04  00  98  8D  07  00  6D  35  0C  00  03  00  00  F1  47  4E  00  00  A1  86  
02  00  3D  87  01  00  00  00  28  01  6D  15  14  00  02  01  00  00  03  04  03  00  00  00  00  
00  00  00  00  00  00  00  00  00  6D  16  10  00  03  00  00  00  E3  07  02  19  12  29  39  00  
E5  03  00  00  6D  21  1C  00  03  00  00  00  83  FD  FF  FF  8A  FF  FF  FF  4A  FF  FF  FF  FF  
FF  FF  FF  F2  FF  FF  FF  31  00  00  00  6D  22  10  00  03  00  00  00  39  FE  FF  FF  25  02  
00  00  C3  06  00  00  6D  23  14  00  03  00  00  00  A2  5C  AE  76  54  43  04  FD  08  F5  06  
03  11  56  5F  0A  6D  24  24  00  02  00  00  00  00  00  00  00  00  00  00  00  00  00  00  00  
00  00  00  00  00  00  00  00  00  00  00  00  00  00  00  00  00  00  00  00  6D  31  20  00  03  
00  00  00  19  6E  FF  FF  C1  57  FF  FF  D4  CB  00  00  29  EF  07  00  BF  56  06  00  0A  20  
70  FF  8A  61  07  00  6D  32  24  00  03  00  00  00  AC  A2  0B  00  28  08  CD  7B  01  00  00  
00  29  12  1B  8D  05  00  00  00  03  00  00  00  FD  FF  FF  FF  03  00  00  00  6D  33  10  00  
03  00  00  00  E3  07  02  19  12  29  39  00  01  00  12  00  6D  34  14  00  03  00  00  00  62  
67  03  00  D0  56  FF  FF  0D  3F  04  00  98  8D  07  00  6D  35  0C  00  03  00  00  00  26  8D  
01  00  BE  12  07  00  41  53  D1  14  47  4E  00  00  A2  86  02  00  01  16  01  60  00  00  28  
01  6D  15  14  00  02  01  00  00  03  04  03  00  00  00  00  00  00  00  00  00  00  00  00  00  
6D  16  10  00  03  00  00  00  00  E3  07  02  19  12  29  3A  00  07  00  00  00  6D  21  1C  00  
03  00  00  00  80  FE  FF  FF  2A  00  00  00  39  00  00  00  0F  00  00  00  F2  FF  FF  FF  53  
00  00  00  6D  22  10  00  03  00  00  00  39  FE  FF  FF  25  02  00  00  C3  00  06  00  00  6D  
23  14  00  03  00  00  00  B9  56  AE  76  C9  A8  03  FD  A7  F7  06  03  76  6C  5F  0A  6D  24  
24  00  02  00  00  00  00  00  00  00  00  00  00  00  00  00  00  00  00  00  00  00  00  00  00  
00  00  00  00  00  00  00  00  00  00  00  00  00  00  6D  31  20  00  03  00  00  00  C1  D0  FF  
FF  53  96  FF  FF  1A  29  01  00  A4  2D  08  00  65  59  06  00  52  A4  70  FF  30  61  07  00  
6D  32  24  00  03  00  00  00  AC  A2  0B  00  28  08  CD  7B  01  00  00  00  29  00  12  1B  8D  
05  00  00  00  03  00  00  00  FD  FF  FF  FF  03  00  00  00  6D  33  10  00  03  00  01  00  E3  
07  02  19  12  29  39  00  01  00  12  00  6D  34  14  00  03  00  00  00  65  5B  03  00  77  29  
FF  FF  4E  33  04  00  3E  9C  07  00  6D  35  0C  00  03  00  00  3D  47  4E  00  00  A3  86  02  
00  2A  00  00  00  00  00  28  01  6D  15  14  00  02  01  00  00  03  04  03  00  00  00  00  00  
00  00  00  00  00  00  00  00  6D  16  10  00  03  00  00  00  E3  07  02  19  12  29  3A  00  11  
00  00  00  6D  21  1C  00  03  00  00  00  02  01  00  00  12  00  00  00  35  00  00  00  02  00  
00  00  14  00  00  00  24  00  00  00  6D  22  10  00  03  00  00  00  39  FE  FF  FF  26  02  00  
00  C3  06  00  00  6D  23  14  00  03  00  00  00  67  57  AE  76  C0  07  04  FD  45  07  07  03  
71  7B  5F  0A  6D  24  24  00  02  00  00  00  00  00  00  00  00  00  00  00  00  00  00  00  00  
00  00  00  00  00  00  00  00  00  00  00  00  00  00  00  00  00  00  00  6D  31  20  00  03  00  
00  00  66  CB  00  00  97  8C  FF  FF  D8  27  01  00  64  FA  07  00  21  E0  06  00  D7  EC  6F  
FF  F3  61  07  00  6D  32  24  00  03  00  00  00  AC  A2  0B  00  28  08  CD  7B  01  00  00  00  
29  12  1B  8D  05  00  00  00  03  00  00  00  FD  FF  FF  FF  03  00  00  00  6D  33  10  00  03  
00  00  00  E3  07  02  19  12  29  39  00  01  00  12  00  6D  34  14  00  03  00  00  00  12  40  
03  00  49  1A  FF  FF  ED  3E  04  00  20  A1  07  00  6D  35  0C  00  03  00  00  00  27  8D  01  
00  A5  12  07  00  41  53  1C  29  47  4E  00  00  A4  86  02  00  10  05  00  00  00  00  28  01  
6D  15  14  00  02  01  00  00  03  04  03  00  00  00  00  00  00  00  00  00  00  00  00  00  6D  
16  10  00  03  00  00  00  00  E3  07  02  19  12  29  3A  00  1B  00  00  00  6D  21  1C  00  03  
00  00  00  95  01  00  00  47  00  00  00  85  00  00  00  F8  FF  FF  FF  F7  FF  FF  FF  2A  00  
00  00  6D  22  10  00  03  00  00  00  39  FE  FF  FF  26  02  00  00  C3  00  06  00  00  6D  23  
14  00  03  00  00  00  53  56  AE  76  ED  9E  04  FD  41  31  07  03  03  A7  5F  0A  6D  24  24  
00  02  00  00  00  00  00  00  00  00  00  00  00  00  00  00  00  00  00  00  00  00  00  00  00  
00  00  00  00  00  00  00  00  00  00  00  00  00  6D  31  20  00  03  00  00  00  DF  04  01  00  
69  A1  FF  FF  D7  46  01  00  BC  D5  07  00  CB  6B  06  00  6D  06  70  FF  28  61  07  00  6D  
32  24  00  03  00  00  00  AC  A2  0B  00  28  08  CD  7B  01  00  00  00  29  00  12  1B  8D  05  
00  00  00  03  00  00  00  FD  FF  FF  FF  03  00  00  00  6D  33  10  00  03  00  00  00  E3  07  
02  19  12  29  39  00  01  00  12  00  6D  34  14  00  03  00  00  00  D1  2C  03  00  4C  29  FF  
FF  93  4A  04  00  20  A1  07  00  6D  35  0C  00  03  00  00  0B  47  4E  00  00  A5  86  02  00  
00  00  00  00  00  00  28  01  6D  15  14  00  02  01  00  00  03  04  03  00  00  00  00  00  00  
00  00  00  00  00  00  00  6D  16  10  00  03  00  00  00  E3  07  02  19  12  29  3A  00  25  00  
00  00  6D  21  1C  00  03  00  00  00  C5  FE  FF  FF  49  FF  FF  FF  DB  FF  FF  FF  05  00  00  
00  08  00  00  00  45  00  00  00  6D  22  10  00  03  00  00  00  39  FE  FF  FF  25  02  00  00  
C3  06  00  00  6D  23  14  00  03  00  00  00  72  56  AE  76  EB  24  04  FD  98  DE  06  03  AA  
9A  5F  0A  6D  24  24  00  02  00  00  00  00  00  00  00  00  00  00  00  00  00  00  00  00  00  
00  00  00  00  00  00  00  00  00  00  00  00  00  00  00  00  00  00  6D  31  20  00  03  00  00  
00  64  EB  FF  FF  11  3E  FF  FF  C1  04  01  00  70  08  08  00  AC  AF  06  00  BF  6E  70  FF  
DE  60  07  00  6D  32  24  00  03  00  00  00  AC  A2  0B  00  28  08  CD  7B  01  00  00  00  29  
12  1B  8D  05  00  00  00  03  00  00  00  FD  FF  FF  FF  03  00  00  00  6D  33  10  00  03  00  
00  00  E3  07  02  19  12  29  39  00  01  00  12  00  6D  34  14  00  03  00  00  00  08  39  03  
00  85  56  FF  FF  E4  3E  04  00  20  A1  07  00  6D  35  0C  00  03  00  00  00  29  8D  01  00  
A5  12  07  00  41  53  B8  F0  47  4E  00  00  A6  86  02  00  00  00  00  00  00  00  28  01  6D  
15  14  00  02  01  00  00  03  04  03  00  00  00  00  00  00  00  00  00  00  00  00  00  6D  16  
10  00  03  00  00  00  00  E3  07  02  19  12  29  3A  00  2F  00  00  00  6D  21  1C  00  03  00  
00  00  ED  FE  FF  FF  39  00  00  00  8A  FF  FF  FF  FB  FF  FF  FF  03  00  00  00  37  00  00  
00  6D  22  10  00  03  00  00  00  39  FE  FF  FF  25  02  00  00  C3  00  06  00  00  6D  23  14  
00  03  00  00  00  57  57  AE  76  48  B1  03  FD  E3  E9  06  03  D9  6B  5F  0A  6D  24  24  00  
02  00  00  00  00  00  00  00  00  00  00  00  00  00  00  00  00  00  00  00  00  00  00  00  00  
00  00  00  00  00  00  00  00  00  00  00  00  6D  31  20  00  03  00  00  00  DB  FA  FF  FF  93  
9B  FF  FF  02  E5  00  00  C2  E0  07  00  8E  9C  06  00  2A  37  70  FF  A0  61  07  00  6D  32  
24  00  03  00  00  00  AC  A2  0B  00  28  08  CD  7B  01  00  00  00  29  00  12  1B  8D  05  00  
00  00  03  00  00  00  FD  FF  FF  FF  03  00  00  00  6D  33  10  00  03  00  00  00  E3  07  02  
19  12  29  39  00  01  00  12  00  6D  34  14  00  03  00  00  00  58  44  03  00  9F  34  FF  FF  
39  33  04  00  B8  DB  07  00  6D  35  0C  00  03  00  00  A4  47  4E  00  00  A7  86  02  00  00  
00  00  00  00  00  28  01  6D  15  14  00  02  01  00  00  03  04  03  00  00  00  00  00  00  00  
00  00  00  00  00  00  6D  16  10  00  03  00  00  00  E3  07  02  19  12  29  3A  00  39  00  00  
00  6D  21  1C  00  03  00  00  00  0E  02  00  00  C4  FF  FF  FF  33  00  00  00  FF  FF  FF  FF  
08  00  00  00  42  00  00  00  6D  22  10  00  03  00  00  00  39  FE  FF  FF  25  02  00  00  C3  
06  00  00  6D  23  14  00  03  00  00  00  67  5B  AE  76  F6  7A  04  FD  1E  E5  06  03  CB  78  
5F  0A  6D  24  24  00  02  00  00  00  00  00  00  00  00  00  00  00  00  00  00  00  00  00  00  
00  00  00  00  00  00  00  00  00  00  00  00  00  00  00  00  00  6D  31  20  00  03  00  00  00  
BA  33  01  00  CF  6D  FF  FF  5B  27  01  00  3A  F0  07  00  B4  AE  06  00  69  63  70  FF  E2  
62  07  00  6D  32  24  00  03  00  00  00  AC  A2  0B  00  28  08  CD  7B  01  00  00  00  29  12  
1B  8D  05  00  00  00  03  00  00  00  FD  FF  FF  FF  03  00  00  00  6D  33  10  00  03  00  00  
00  E3  07  02  19  12  29  39  00  01  00  12  00  6D  34  14  00  03  00  00  00  32  50  03  00  
16  4F  FF  FF  2A  37  04  00  40  EF  07  00  6D  35  0C  00  03  00  00  00  23  8D  01  00  8C  
12  07  00  41  53  E1  5E  47  4E  00  00  A8  86  02  00  00  04  00  00  00  00  28  01  6D  15  
14  00  02  01  00  00  03  04  03  00  00  00  00  00  00  00  00  00  00  00  00  00  6D  16  10  
00  03  00  00  00  00  E3  07  02  19  12  29  3A  00  43  00  00  00  6D  21  1C  00  03  00  00  
00  2C  01  00  00  F8  FF  FF  FF  C9  FF  FF  FF  08  00  00  00  03  00  00  00  3B  00  00  00  
6D  22  10  00  03  00  00  00  39  FE  FF  FF  25  02  00  00  C3  00  06  00  00  6D  23  14  00  
03  00  00  00  62  60  AE  76  82  E9  04  FD  DB  EB  06  03  9E  5D  5F  0A  6D  24  24  00  02  
00  00  00  00  00  00  00  00  00  00  00  00  00  00  00  00  00  00  00  00  00  00  00  00  00  
00  00  00  00  00  00  00  00  00  00  00  6D  31  20  00  03  00  00  00  7E  DB  00  00  23  82  
FF  FF  06  FE  00  00  B0  11  08  00  67  9A  06  00  6F  47  70  FF  99  61  07  00  6D  32  24  
00  03  00  00  00  26  A1  0B  00  28  08  CD  7B  01  00  00  00  6F  00  12  1B  8D  05  00  00  
00  01  00  00  00  04  00  00  00  03  00  00  00  6D  33  10  00  03  00  00  00  E3  07  02  19  
12  29  3A  00  01  00  12  00  6D  34  14  00  03  00  00  00  01  5C  03  00  C9  65  FF  FF  1B  
3B  04  00  22  F4  07  00  6D  35  0C  00  03  00  00  08  47  4E  00  00  A9  86  02  00  D2  BF  
21  00  00  00  28  01  6D  15  14  00  02  01  00  00  03  04  03  00  00  00  00  00  00  00  00  
00  00  00  00  00  6D  16  10  00  03  00  00  00  E3  07  02  19  12  29  3A  00  4D  00  00  00  
6D  21  1C  00  03  00  00  00  13  00  00  00  47  00  00  00  7A  FF  FF  FF  05  00  00  00  F8  
FF  FF  FF  3E  00  00  00  6D  22  10  00  03  00  00  00  39  FE  FF  FF  25  02  00  00  C3  06  
00  00  6D  23  14  00  00  03  00  00  00  66  64  AE  76  CD  E7  04  FD  0A  08  07  03  F1  26  
5F  0A  6D  24  24  00  02  00  00  00  00  00  00  00  00  00  00  00  00  00  00  00  00  00  00  
00  00  00  00  00  00  00  00  00  00  00  00  00  00  00  00  00  6D  00  31  20  00  03  00  00  
00  E8  6D  00  00  FA  A0  FF  FF  25  DF  00  00  23  06  08  00  6D  70  06  00  15  53  70  FF  
91  61  07  00  6D  32  24  00  03  00  00  00  26  A1  0B  00  28  08  CD  7B  01  00  00  00  6F  
12  1B  8D  05  00  00  00  00  01  00  00  00  04  00  00  00  03  00  00  00  6D  33  10  00  03  
00  00  00  E3  07  02  19  12  29  3A  00  01  00  12  00  6D  34  14  00  03  00  00  00  30  67  
03  00  96  38  FF  FF  70  2F  04  00  C8  02  08  00  6D  35  0C  00  03  00  00  00  00  27  8D  
01  00  73  12  07  00  41  53  1E  8A  47  4E  00  00  AA  86  02  00  CE  20  00  00  00  00  28  
01  6D  15  14  00  02  01  00  00  03  04  03  00  00  00  00  00  00  00  00  00  00  00  00  00  
6D  16  10  00  03  00  00  00  E3  07  02  19  12  29  3A  D0  47  4E  00  00  BE  86  02  00  00  
00  00  00  00  00  28  01  6D  15  14  00  02  01  00  00  03  04  03  00  00  00  00  00  00  00  
00  00  00  00  00  00  6D  16  10  00  03  00  00  00  E3  07  02  19  12  29  3A  00  1F  01  00  
00  6D  21  1C  00  03  00  00  00  07  00  00  00  6B  FF  FF  FF  E7  FF  FF  FF  01  00  00  00  
FA  FF  FF  FF  41  00  00  00  6D  22  10  00  03  00  00  00  39  FE  FF  FF  25  02  00  00  C2  
06  00  00  6D  23  14  00  03  00  00  00  31  80  AE  76  75  D0  03  FD  33  09  06  03  D6  E2  
5D  0A  6D  24  24  00  02  00  00  00  00  00  00  00  00  00  00  00  00  00  00  00  00  00  00  
00  00  00  00  00  00  00  00  00  00  00  00  00  00  00  00  00  6D  31  20  00  03  00  00  00  
81  68  00  00  D8  48  FF  FF  39  09  01  00  98  F5  07  00  EA  7B  06  00  B6  5E  70  FF  CD  
61  07  00  6D  32  24  00  03  00  00  00  14  9F  0B  00  28  08  CD  7B  01  00  00  00  6F  12  
1B  8D  05  00  00  00  FF  FF  FF  FF  FA  FF  FF  FF  03  00  00  00  6D  33  10  00  03  00  00  
00  E3  07  02  19  12  29  3A  00  01  00  12  00  6D  34  14  00  03  00  00  00  73  47  03  00  
9F  F4  FE  FF  26  37  04  00  E6  FD  07  00  6D  35  0C  00  03  00  00  00  00  25  8D  01  00  
41  12  07  00  41  53  F3  E0  47  4E  00  00  BF  86  02  00  00  00  00  00  00  00  28  01  6D  
15  14  00  02  01  00  00  03  04  03  00  00  00  00  00  00  00  00  00  00  00  00  00  6D  16  
10  00  03  00  00  00  00  E3  07  02  19  12  29  3A  00  29  01  00  00  6D  21  1C  00  03  00  
00  00  3C  00  00  00  18  00  00  00  F3  FF  FF  FF  08  00  00  00  F8  FF  FF  FF  22  00  00  
00  6D  22  10  00  03  00  00  00  39  FE  FF  FF  25  02  00  00  C2  00  06  00  00  6D  23  14  
00  03  00  00  00  F4  80  AE  76  03  E2  03  FD  5D  15  06  03  9C  DB  5D  0A  6D  24  24  00  
02  00  00  00  00  00  00  00  00  00  00  00  00  00  00  00  00  00  00  00  00  00  00  00  00  
00  00  00  00  00  00  00  00  00  00  00  00  6D  31  20  00  03  00  00  00  42  7D  00  00  59  
8C  FF  FF  1B  0E  01  00  E8  0F  08  00  70  70  06  00  56  E8  6F  FF  B7  61  07  00  6D  32  
24  00  03  00  00  00  14  9F  0B  00  28  08  CD  7B  01  00  00  00  6F  12  1B  8D  05  00  00  
00  FF  0D  47  4E  00  00  C0  86  02  00  AA  AA  AA  AA  00  00  28  01  6D  15  14  00  02  01  
00  00  03  04  03  00  00  00  00  00  00  00  00  00  00  00  00  00  6D  16  10  00  03  00  00  
00  E3  07  02  19  12  29  3A  00  33  01  00  00  6D  21  1C  00  03  00  00  00  DD  00  00  00  
C9  FF  FF  FF  35  00  00  00  FD  FF  FF  FF  D3  FF  FF  FF  46  00  00  00  6D  22  10  00  03  
00  00  00  39  FE  FF  FF  25  02  00  00  C2  06  00  00  6D  23  14  00  03  00  00  00  C9  81  
AE  76  E4  35  04  FD  EF  08  06  03  E4  ED  5D  0A  6D  24  24  00  02  00  00  00  00  00  00  
00  00  00  00  00  00  00  00  00  00  00  00  00  00  00  00  00  00  00  00  00  00  00  00  00  
00  00  00  00  6D  31  20  00  03  00  00  00  D5  BB  00  00  69  6D  FF  FF  02  28  01  00  B6  
E5  07  00  FD  E1  05  00  D4  73  70  FF  D5  61  07  00  6D  32  24  00  03  00  00  00  14  9F  
0B  00  28  08  CD  7B  01  00  00  00  6F  12  1B  8D  05  00  00  00  FF  FF  FF  FF  FA  FF  FF  
FF  03  00  00  00  6D  33  10  00  03  00  00  00  E3  07  02  19  12  29  3A  00  01  00  12  00  
6D  34  14  00  03  00  00  00  6E  57  03  00  81  29  FF  FF  01  3F  04  00  F4  D1  07  00  6D  
35  0C  00  03  00  00  00  00  24  8D  01  00  8C  12  07  00  41  53  CB  51  47  4E  00  00  C1  
86  02  00  02  03  90  01  00  00  28  01  6D  15  14  00  02  01  00  00  03  04  03  00  00  00  
00  00  00  00  00  00  00  00  00  00  6D  16  10  00  03  00  00  00  E3  07  02  19  12  29  3A  
00  3D  01  00  00  6D  21  1C  00  03  00  00  00  DF  FF  FF  FF  B8  00  00  00  B0  FF  FF  FF  
E3  FF  FF  FF  FE  FF  FF  FF  34  00  00  00  6D  22  10  00  03  00  00  00  39  FE  FF  FF  25  
02  00  00  C2  06  00  00  6D  23  14  00  03  00  00  00  44  82  AE  76  A2  1E  04  FD  13  4F  
06  03  3A  CD  5D  0A  6D  24  24  00  02  00  00  00  00  00  00  00  00  00  00  00  00  00  00  
00  00  00  00  00  00  00  00  00  00  00  00  00  00  00  00  00  00  00  00  00  6D  31  20  00  
03  00  00  00  D3  58  00  00  72  CA  FF  FF  0B  F4  00  00  0C  7F  07  00  B2  89  06  00  8D  
2B  70  FF  64  61  07  00  6D  32  24  00  03  00  00  00  14  9F  0B  00  28  08  CD  7B  01  00  
00  00  6F  12  1B  8D  05  00  00  00  FF  6D  35  0C  00  03  00  00  00  26  8D  01  00  BE  12  
07  00  41  53  65  32  47  4E  00  00  C2  86  02  00  04  00  01  00  00  00  28  01  6D  15  14  
00  02  01  00  00  03  04  03  00  00  00  00  00  00  00  00  00  00  00  00  00  6D  16  10  00  
03  00  00  00  E3  07  02  19  12  29  3A  00  47  01  00  00  6D  21  1C  00  03  00  00  00  3D  
FF  FF  FF  FE  FF  FF  FF  37  00  00  00  FE  FF  FF  FF  E8  FF  FF  FF  53  00  00  00  6D  22  
10  00  03  00  00  00  39  FE  FF  FF  25  02  00  00  C2  06  00  00  6D  23  14  00  03  00  00  
00  79  7E  AE  76  66  D0  03  FD  34  48  06  03  1D  E4  5D  0A  6D  24  24  00  02  00  00  00  
00  00  00  00  00  00  00  00  00  00  00  00  00  00  00  00  00  00  00  00  00  00  00  00  00  
00  00  00  00  00  00  00  6D  31  20  00  03  00  00  00  89  19  00  00  EE  81  FF  FF  B9  28  
01  00  C9  EB  07  00  DB  30  06  00  90  A4  70  FF  B5  62  07  00  6D  32  24  00  03  00  00  
00  14  9F  0B  00  28  08  CD  7B  01  00  00  00  6F  12  1B  8D  05  00  00  00  FF  FF  FF  FF  
FA  FF  FF  FF  03  00  00  00  6D  33  10  00  03  00  00  00  E3  07  02  19  12  29  3A  00  01  
00  12  00  6D  34  14  00  03  00  00  00  DB  43  00  03  00  C7  12  FF  FF  F0  3E  04  00  ED  
E7  07  00  6D  35  0C  00  03  00  00  00  26  8D  01  00  5A  12  07  00  41  53  EA  56  47  4E  
00  00  C3  86  02  00  C0  C6  2D  00  00  00  28  01  6D  15  14  00  02  01  00  00  03  04  03  
00  00  00  00  00  00  00  00  00  00  00  00  00  6D  16  10  00  03  00  00  00  E3  07  02  19  
12  29  3A  00  51  01  00  00  6D  21  1C  00  03  00  00  00  4F  FE  FF  FF  93  FF  FF  FF  CE  
FF  FF  FF  F1  FF  FF  FF  FB  FF  FF  FF  41  00  00  00  6D  22  10  00  03  00  00  00  38  FE  
FF  FF  25  02  00  00  C2  06  00  00  6D  23  14  00  03  00  00  00  ED  7C  AE  76  FF  28  03  
FD  61  0E  06  03  7A  D6  5D  0A  6D  24  24  00  02  00  00  00  00  00  00  00  00  00  00  00  
00  00  00  00  00  00  00  00  00  00  00  00  00  00  00  00  00  00  00  00  00  00  00  00  6D  
31  20  00  03  00  00  00  59  BC  FF  FF  F2  57  FF  FF  B2  FF  00  00  63  B9  07  00  75  7E  
06  00  E3  60  70  FF  DE  60  07  00  6D  32  24  00  03  00  00  00  14  9F  07  02  19  12  29  
3A  00  01  00  12  00  6D  34  14  00  03  00  00  00  C9  43  03  00  D2  12  FF  FF  C0  46  04  
00  9A  E0  07  00  6D  35  0C  00  03  00  00  00  26  8D  01  00  8C  12  07  00  41  53  38  E7  
47  4E  00  00  C4  86  02  00  00  10  0E  00  00  00  28  01  6D  15  14  00  02  01  00  00  03  
04  03  00  00  00  00  00  00  00  00  00  00  00  00  00  6D  16  10  00  03  00  00  00  E3  07  
02  19  12  29  3A  00  5B  01  00  00  6D  21  1C  00  03  00  00  00  24  FF  FF  FF  26  00  00  
00  DA  FF  FF  FF  F6  FF  FF  FF  EF  FF  FF  FF  3A  00  00  00  6D  22  10  00  03  00  00  00  
38  FE  FF  FF  25  02  00  00  C2  06  00  00  6D  23  14  00  03  00  00  00  9A  7B  AE  76  E1  
CF  02  FD  E0  14  06  03  10  CA  5D  0A  6D  24  24  00  02  00  00  00  00  00  00  00  00  00  
00  00  00  00  00  00  00  00  00  00  00  00  00  00  00  00  00  00  00  00  00  00  00  00  00  
00  6D  31  20  00  03  00  00  00  76  0F  00  00  5B  91  FF  FF  3B  04  01  00  C5  CB  07  00  
56  4F  06  00  49  45  70  FF  20  62  07  00  6D  32  24  00  03  00  00  00  14  9F  0B  00  28  
08  CD  7B  01  00  00  00  6F  12  1B  8D  05  00  00  00  FF  FF  FF  FF  FA  FF  FF  FF  03  00  
00  00  6D  33  10  00  03  00  00  00  E3  07  02  19  12  29  3A  00  01  00  12  00  6D  34  14  
00  03  00  00  00  3E  38  03  00  7A  29  FF  FF  26  5E  04  00  A8  B4  07  00  6D  35  0C  00  
03  00  00  00  25  8D  01  00  73  12  07  00  41  53  91  D3  47  4E  00  00  C5  86  02  00  01  
00  00  01  00  00  28  01  6D  15  14  00  02  01  00  00  03  04  03  00  00  00  00  00  00  00  
00  00  00  00  00  00  6D  16  10  00  03  00  00  00  E3  07  02  19  12  29  3A  00  65  01  00  
00  6D  21  1C  00  03  00  00  00  77  FE  FF  FF  18  00  00  00  21  FF  FF  FF  EB  FF  FF  FF  
FB  FF  FF  FF  6E  00  00  00  6D  22  10  00  03  00  00  00  38  FE  FF  FF  25  02  00  00  C2  
06  00  00  6D  23  14  00  03  00  00  00  0E  7F  AE  76  75  32  02  FD  0B  0E  06  03  1E  77  
5D  0A  6D  24  24  00  02  00  00  00  00  00  00  00  00  00  00  00  00  00  00  00  00  00  00  
00  00  00  00  00  00  00  00  00  00  00  00  00  00  00  00  00  6D  31  20  00  03  00  00  00  
0B  CC  FF  FF  E0  8B  FF  FF  77  BB  00  00  5C  9E  07  00  23  80  06  00  71  11  71  FF  FA  
61  07  00  6D  32  24  00  03  00  00  00  14  9F  0B  00  28  08  CD  7B  01  00  00  00  6F  12  
1B  8D  05  00  00  00  FF  FF  FF  FF  FA  FF  FF  FF  03  07  02  19  12  29  3A  00  01  00  12  
00  6D  34  14  00  03  00  00  00  F0  57  03  00  B7  56  FF  FF  00  3F  04  00  B8  DB  07  00  
6D  35  0C  00  03  00  00  00  23  8D  01  00  28  12  07  00  41  53  BF  57  47  4E  00  00  C6  
86  02  00  30  0F  1F  00  00  00  28  01  6D  15  14  00  02  01  00  00  03  04  03  00  00  00  
00  00  00  00  00  00  00  00  00  00  6D  16  10  00  03  00  00  00  E3  07  02  19  12  29  3A  
00  6F  01  00  00  6D  21  1C  00  03  00  00  00  9A  00  00  00  84  00  00  00  E6  FF  FF  FF  
17  00  00  00  0A  00  00  00  2D  00  00  00  6D  22  10  00  03  00  00  00  38  FE  FF  FF  25  
02  00  00  C2  06  00  00  6D  23  14  00  03  00  00  00  10  80  AE  76  75  67  02  FD  32  46  
06  03  76  6A  5D  0A  6D  24  24  00  02  00  00  00  00  00  00  00  00  00  00  00  00  00  00  
00  00  00  00  00  00  00  00  00  00  00  00  00  00  00  00  00  00  00  00  00  6D  31  20  00  
03  00  00  00  84  A1  00  00  10  B6  FF  FF  88  08  01  00  98  4B  08  00  18  BD  06  00  D1  
0F  70  FF  BD  62  07  00  6D  32  24  00  03  00  00  00  5C  9D  0B  00  28  08  CD  7B  01  00  
00  00  92  12  1B  8D  05  00  00  00  FF  FF  FF  FF  F7  FF  FF  FF  04  00  00  00  6D  33  10  
00  03  00  00  00  E3  07  02  19  12  29  3A  00  01  00  12  00  6D  34  14  00  03  00  00  00  
E7  34  03  00  E3  3F  FF  FF  E1  3E  04  00  B8  DB  07  00  6D  35  0C  00  03  00  00  00  25  
8D  01  00  28  00  12  07  00  41  53  86  7C  47  4E  00  00  C7  86  02  00  00  00  00  00  00  
00  28  01  6D  15  14  00  02  01  00  00  03  04  03  00  00  00  00  00  00  00  00  00  00  00  
00  00  6D  16  10  00  03  00  00  00  E3  07  02  19  12  29  3A  00  79  01  00  00  6D  21  1C  
00  03  00  00  00  8C  00  00  00  27  00  00  00  01  00  00  00  0C  00  00  00  EA  FF  FF  FF  
35  00  00  00  6D  22  10  00  03  00  00  00  38  FE  FF  FF  25  02  00  00  C2  06  00  00  6D  
23  14  00  03  00  00  00  D2  80  AE  76  1C  9B  02  FD  02  5B  06  03  A4  6A  5D  0A  6D  24  
24  00  02  00  00  00  00  00  00  00  00  00  00  00  00  00  00  00  00  00  00  00  00  00  00  
00  00  00  00  00  00  00  00  00  00  00  00  00  6D  31  20  00  03  00  00  00  63  9C  00  00  
AF  91  FF  FF  26  13  01  00  12  22  08  00  38  3F  06  00  C3  32  70  FF  5B  62  07  00  6D  
32  24  00  03  00  00  00  5C  9D  0B  00  28  08  CD  7B  01  00  00  00  92  12  1B  8D  05  00  
00  00  FF  FF  FF  FF  F7  FF  FF  FF  04  19  12  29  3A  00  01  00  12  00  6D  34  14  00  03  
00  00  00  0A  2D  03  00  BF  30  FF  FF  F4  3A  04  00  0B  E3  07  00  6D  35  0C  00  03  00  
00  00  26  8D  01  00  41  12  07  00  41  53  4F  CB  47  4E  00  00  C8  86  02  00  03  00  00  
00  00  00  28  01  6D  15  14  00  02  01  00  00  03  04  03  00  00  00  00  00  00  00  00  00  
00  00  00  00  6D  16  10  00  03  00  00  00  E3  07  02  19  12  29  3A  00  83  01  00  00  6D  
21  1C  00  03  00  00  00  BD  02  00  00  36  00  00  00  AC  00  00  00  FE  FF  FF  FF  EF  FF  
FF  FF  51  00  00  00  6D  22  10  00  03  00  00  00  39  FE  FF  FF  25  02  00  00  C2  06  00  
00  6D  23  14  00  03  00  00  00  18  81  AE  76  49  AA  03  FD  4F  8A  06  03  D7  A7  5D  0A  
6D  24  24  00  02  00  00  00  00  00  00  00  00  00  00  00  00  00  00  00  00  00  00  00  00  
00  00  00  00  00  00  00  00  00  00  00  00  00  00  00  6D  31  20  00  03  00  00  00  78  77  
01  00  6E  97  FF  FF  E8  55  01  00  A9  E9  07  00  6F  4F  06  00  7B  9D  70  FF  20  62  07  
00  6D  32  24  00  03  00  00  00  5C  9D  0B  00  28  08  CD  7B  01  00  00  00  92  12  1B  8D  
05  00  00  00  FF  FF  FF  FF  F7  FF  FF  FF  04  00  00  00  6D  33  10  00  03  00  00  00  E3  
07  02  19  12  29  3A  00  01  00  12  00  6D  34  14  00  03  00  00  00  7B  38  03  00  27  1A  
FF  FF  48  2F  04  00  04  F9  07  00  6D  35  0C  00  03  00  00  00  25  8D  01  00  BE  12  07  
00  41  53  E0  37  47  4E  00  00  C9  86  02  00  00  00  12  00  00  00  28  01  6D  15  14  00  
02  01  00  00  03  04  03  00  00  00  00  00  00  00  00  00  00  00  00  00  6D  16  10  00  03  
00  00  00  E3  07  02  19  12  29  3A  00  8D  01  00  00  6D  21  1C  00  03  00  00  00  60  02  
00  00  00  00  00  00  D5  00  00  00  FB  FF  FF  FF  FE  FF  FF  FF  61  00  00  00  6D  22  10  
00  03  00  00  00  39  FE  FF  FF  25  02  00  00  C2  06  00  00  6D  23  14  00  03  00  00  00  
9C  7F  AE  76  15  97  04  FD  E0  A1  06  03  26  F6  5D  0A  6D  24  24  00  02  00  00  00  00  
00  00  00  00  00  00  00  00  00  00  00  00  00  00  00  00  00  00  00  00  00  00  00  00  00  
00  00  00  00  00  00  6D  31  20  00  03  00  00  00  D2  52  01  00  A2  82  FF  FF  CE  65  01  
00  CA  DF  07  00  4D  87  06  00  68  DE  70  FF  2F  62  07  00  6D  32  24  00  03  00  00  00  
5C  9D  0B  00  28  08  CD  7B  01  00  00  00  92  12  1B  8D  05  00  00  00  FF  FF  FF  FF  F7  
FF  FF  FF  04  00  00  E3  07  02  19  12  29  3A  00  01  00  12  00  6D  34  14  00  03  00  00  
00  92  28  03  00  26  0B  FF  FF  78  4E  04  00  60  3D  08  00  6D  35  0C  00  03  00  00  00  
28  8D  01  00  A5  12  07  00  41  53  68  72  47  4E  00  00  CA  86  02  00  00  00  00  00  00  
00  28  01  6D  15  14  00  02  01  00  00  03  04  03  00  00  00  00  00  00  00  00  00  00  00  
00  00  6D  16  10  00  03  00  00  00  E3  07  02  19  12  29  3A  00  97  01  00  00  6D  21  1C  
00  03  00  00  00  ED  FF  FF  FF  34  00  00  00  E8  FF  FF  FF  FD  FF  FF  FF  EC  FF  FF  FF  
35  00  00  00  6D  22  10  00  03  00  00  00  39  FE  FF  FF  25  02  00  00  C2  06  00  00  6D  
23  14  00  03  00  00  00  92  7F  AE  76  00  8C  04  FD  70  B5  06  03  AF  ED  5D  0A  6D  24  
24  00  02  00  00  00  00  00  00  00  00  00  00  00  00  00  00  00  00  00  00  00  00  00  00  
00  00  00  00  00  00  00  00  00  00  00  00  00  6D  31  20  00  03  00  00  00  E8  5D  00  00  
A4  96  FF  FF  07  09  01  00  C4  E5  07  00  A8  41  06  00  A7  32  70  FF  A0  61  07  00  6D  
32  24  00  03  00  00  00  5C  9D  0B  00  28  08  CD  7B  01  00  00  00  92  12  1B  8D  05  00  
00  00  FF  FF  FF  FF  F7  FF  FF  FF  04  00  00  00  6D  33  10  00  03  00  00  00  E3  07  02  
19  12  29  3A  00  01  00  12  00  6D  34  14  00  03  00  00  00  40  40  03  00  25  2D  FF  FF  
D4  42  04  00  CF  EC  07  00  6D  35  0C  00  03  00  00  00  27  8D  01  00  A5  12  07  00  41  
53  CA  C0  47  4E  00  00  CB  86  02  00  00  00  00  00  00  00  28  01  6D  15  14  00  02  01  
00  00  03  04  03  00  00  00  00  00  00  00  00  00  00  00  00  00  6D  16  10  00  03  00  00  
00  E3  07  02  19  12  29  3A  00  A1  01  00  00  6D  21  1C  00  03  00  00  00  E1  FE  FF  FF  
BC  FF  FF  FF  12  00  00  00  FC  FF  FF  FF  FA  FF  FF  FF  3D  00  00  00  6D  22  10  00  03  
00  00  00  39  FE  FF  FF  25  02  00  00  C2  06  00  00  6D  23  14  00  03  00  00  00  99  7C  
AE  76  1D  1E  04  FD  ED  91  06  03  73  FA  5D  0A  6D  24  24  00  02  00  00  00  00  00  00  
00  00  00  00  00  00  00  00  00  00  00  00  00  00  00  00  00  00  00  00  00  00  00  00  00  
00  00  00  00  6D  31  20  00  03  00  00  00  45  F5  FF  FF  D2  67  FF  FF  63  19  01  00  3F  
E5  07  00  14  77  06  00  7D  4E  70  FF  18  62  07  00  6D  32  24  00  03  00  00  00  5C  9D  
0B  00  28  08  CD  7B  01  00  00  00  92  12  1B  8D  05  00  00  00  FF  FF  FF  FF  F7  FF  FF  
FF  E3  07  02  19  12  29  3A  00  01  00  12  00  6D  34  14  00  03  00  00  00  ED  4B  03  00  
F7  30  FF  FF  F6  3E  04  00  47  D9  07  00  6D  35  0C  00  03  00  00  00  28  8D  01  00  BE  
12  07  00  41  53  54  3B  47  4E  00  00  CC  86  02  00  00  00  00  00  00  00  28  01  6D  15  
14  00  02  01  00  00  03  04  03  00  00  00  00  00  00  00  00  00  00  00  00  00  6D  16  10  
00  03  00  00  00  E3  07  02  19  12  29  3A  00  AB  01  00  00  6D  21  1C  00  03  00  00  00  
A7  00  00  00  D7  FF  FF  FF  DA  FF  FF  FF  F3  FF  FF  FF  03  00  00  00  40  00  00  00  6D  
22  10  00  03  00  00  00  39  FE  FF  FF  25  02  00  00  C2  06  00  00  6D  23  14  00  03  00  
00  00  C6  7F  AE  76  32  5F  04  FD  7C  87  06  03  DD  EB  5D  0A  6D  24  24  00  02  00  00  
00  00  00  00  00  00  00  00  00  00  00  00  00  00  00  00  00  00  00  00  00  00  00  00  00  
00  00  00  00  00  00  00  00  6D  31  20  00  03  00  00  00  F0  A6  00  00  96  72  FF  FF  79  
03  01  00  7F  BF  07  00  A6  99  06  00  71  5C  70  FF  9F  62  07  00  6D  32  24  00  03  00  
00  00  5C  9D  0B  00  28  08  CD  7B  01  00  00  00  92  12  1B  8D  05  00  00  00  FF  FF  FF  
FF  F7  FF  FF  FF  04  00  00  00  6D  33  10  00  03  00  00  00  E3  07  02  19  12  29  3A  00  
01  00  12  00  6D  34  14  00  03  00  00  00  42  57  03  00  70  1A  FF  FF  01  3F  04  00  40  
EF  07  00  6D  35  0C  00  03  00  00  00  28  8D  01  00  8C  12  07  00  41  53  EA  49  47  4E  
00  00  CD  86  02  00  00  00  00  00  00  00  28  01  6D  15  14  00  02  01  00  00  03  04  03  
00  00  00  00  00  00  00  00  00  00  00  00  00  6D  16  10  00  03  00  00  00  E3  07  02  19  
12  29  3A  00  B5  01  00  00  6D  21  1C  00  03  00  00  00  72  00  00  00  95  FF  FF  FF  DB  
FF  FF  FF  12  00  00  00  09  00  00  00  55  00  00  00  6D  22  10  00  03  00  00  00  39  FE  
FF  FF  25  02  00  00  C2  06  00  00  6D  23  14  00  03  00  00  00  07  83  AE  76  CD  8D  04  
FD  C4  61  06  03  0B  DF  5D  0A  6D  24  24  00  02  00  00  00  00  00  00  00  00  00  00  00  
00  00  00  00  00  00  00  00  00  00  00  00  00  00  00  00  00  00  00  00  00  00  00  00  6D  
31  20  00  03  00  00  00  49  92  00  00  8E  58  FF  FF  BF  03  01  00  9C  38  08  00  B3  B1  
06  00  91  AD  70  FF  EB  61  07  00  6D  32  24  00  03  00  00  00  5C  9D  0B  00  28  08  CD  
7B  01  00  00  00  92  12  1B  8D  05  00  00  00  FF  FF  FF  FF  F7  FF  FF  FF  00  00  E3  07  
02  19  12  29  3A  00  01  00  12  00  6D  34  14  00  03  00  00  00  3B  57  03  00  48  0B  FF  
FF  63  2F  04  00  8C  0C  08  00  6D  35  0C  00  03  00  00  00  28  8D  01  00  A5  12  07  00  
41  53  2C  36  47  4E  00  00  CE  86  02  00  00  00  00  00  00  00  28  01  6D  15  14  00  02  
01  00  00  03  04  03  00  00  00  00  00  00  00  00  00  00  00  00  00  6D  16  10  00  03  00  
00  00  E3  07  02  19  12  29  3A  00  BF  01  00  00  00  6D  21  1C  00  03  00  00  00  D4  FD  
FF  FF  DF  00  00  00  D0  FF  FF  FF  F9  FF  FF  FF  02  00  00  00  1F  00  00  00  6D  22  10  
00  03  00  00  00  39  FE  FF  FF  25  02  00  00  C2  06  00  00  6D  23  14  00  03  00  00  00  
00  C9  7C  AE  76  0E  AC  03  FD  61  A6  06  03  7A  D1  5D  0A  6D  24  24  00  02  00  00  00  
00  00  00  00  00  00  00  00  00  00  00  00  00  00  00  00  00  00  00  00  00  00  00  00  00  
00  00  00  00  00  00  00  6D  31  20  00  03  00  00  00  00  AF  8C  FF  FF  B2  D9  FF  FF  62  
FF  00  00  AD  D7  07  00  0B  9A  06  00  B6  DC  6F  FF  11  62  07  00  6D  32  24  00  03  00  
00  00  5C  9D  0B  00  28  08  CD  7B  01  00  00  00  92  12  1B  8D  05  00  00  00  FF  FF  FF  
FF  00  F7  FF  FF  FF  04  00  00  00  6D  33  10  00  03  00  00  00  E3  07  02  19  12  29  3A  
00  01  00  12  00  6D  34  14  00  03  00  00  00  46  40  03  00  E8  43  FF  FF  2E  5E  04  00  
8C  0C  08  00  6D  35  0C  00  03  00  00  00  26  8D  01  00  BE  12  07  00  41  53  1B  47  4E  
00  00  CF  86  02  00  01  01  00  00  00  00  28  01  6D  15  14  00  02  01  00  00  03  04  03  
00  00  00  00  00  00  00  00  00  00  00  00  00  6D  16  10  00  03  00  00  00  E3  07  02  19  
12  29  3A  00  C9  01  00  00  6D  21  1C  00  03  00  00  00  64  00  00  00  D7  FF  FF  FF  DB  
FF  FF  FF  0B  00  00  00  0F  00  00  00  2A  00  00  00  6D  22  10  00  03  00  00  00  39  FE  
FF  FF  25  02  00  00  C2  06  00  00  6D  23  14  00  03  00  00  00  36  7F  AE  76  16  D2  03  
FD  C3  9A  06  03  12  C4  5D  0A  6D  24  24  00  02  00  00  00  00  00  00  00  00  00  00  00  
00  00  00  00  00  00  00  00  00  00  00  00  00  00  00  00  00  00  00  00  00  00  00  00  6D  
31  20  00  03  00  00  00  FD  8C  00  00  70  72  FF  FF  AF  03  01  00  AC  1F  08  00  4C  CB  
06  00  67  06  70  FF  EB  61  07  00  6D  32  24  00  03  00  00  00  5C  9D  0B  00  28  08  CD  
7B  01  00  00  00  92  12  1B  8D  05  00  00  00  FF  FF  FF  FF  F7  FF  FF  00  00  E3  07  02  
19  12  29  3A  00  01  00  12  00  6D  34  14  00  03  00  00  00  54  40  03  00  40  4F  FF  FF  
FD  65  04  00  E6  FD  07  00  6D  35  0C  00  03  00  00  00  28  8D  01  00  8C  12  07  00  41  
53  30  86  47  4E  00  00  D0  86  02  00  00  00  00  00  00  00  28  01  6D  15  14  00  02  01  
00  00  03  04  03  00  00  00  00  00  00  00  00  00  00  00  00  00  6D  16  10  00  03  00  00  
00  E3  07  02  19  12  29  3A  00  D3  01  00  00  00  6D  21  1C  00  03  00  00  00  AB  FE  FF  
FF  18  00  00  00  EA  FF  FF  FF  F4  FF  FF  FF  03  00  00  00  40  00  00  00  6D  22  10  00  
03  00  00  00  38  FE  FF  FF  25  02  00  00  C2  06  00  00  6D  23  14  00  03  00  00  00  00  
1F  7C  AE  76  F0  49  03  FD  04  9A  06  03  74  C0  5D  0A  6D  24  24  00  02  00  00  00  00  
00  00  00  00  00  00  00  00  00  00  00  00  00  00  00  00  00  00  00  00  00  00  00  00  00  
00  00  00  00  00  00  6D  31  20  00  03  00  00  00  00  73  E0  FF  FF  07  8C  FF  FF  AD  09  
01  00  80  C4  07  00  58  9C  06  00  05  5A  70  FF  E4  61  07  00  6D  32  24  00  03  00  00  
00  58  9C  0B  00  39  08  CD  7B  01  00  00  00  A4  12  1B  8D  05  00  00  00  03  00  00  00  
00  FB  FF  FF  FF  04  00  00  00  6D  33  10  00  03  00  00  00  E3  07  02  19  12  29  3A  00  
01  00  12  00  6D  34  14  00  03  00  00  00  75  57  03  00  A9  38  FF  FF  A0  4E  04  00  F4  
D1  07  00  6D  35  0C  00  03  00  00  00  25  8D  01  00  73  12  07  00  41  53  66  47  4E  00  
00  D1  86  02  00  00  00  00  00  00  00  28  01  6D  15  14  00  02  01  00  00  03  04  03  00  
00  00  00  00  00  00  00  00  00  00  00  00  6D  16  10  00  03  00  00  00  E3  07  02  19  12  
29  3A  00  DD  01  00  00  6D  21  1C  00  03  00  00  00  7B  02  00  00  4F  00  00  00  E6  FF  
FF  FF  01  00  00  00  F3  FF  FF  FF  49  00  00  00  6D  22  10  00  03  00  00  00  39  FE  FF  
FF  25  02  00  00  C2  06  00  00  6D  23  14  00  03  00  00  00  4D  82  AE  76  FA  3B  04  FD  
C6  CE  06  03  00  B0  5D  0A  6D  24  24  00  02  00  00  00  00  00  00  00  00  00  00  00  00  
00  00  00  00  00  00  00  00  00  00  00  00  00  00  00  00  00  00  00  00  00  00  00  6D  31  
20  00  03  00  00  00  F8  5D  01  00  94  A1  FF  FF  B9  07  01  00  E9  F7  07  00  FB  5F  06  
00  3A  7F  70  FF  B7  61  07  00  6D  32  24  00  03  00  00  00  58  9C  0B  00  39  08  CD  7B  
01  00  00  00  A4  12  1B  8D  05  00  00  00  03  00  00  00  FB  FF  FF  00  E3  07  02  19  12  
29  3A  00  01  00  12  00  6D  34  14  00  03  00  00  00  41  48  03  00  3D  29  FF  FF  B9  1F  
04  00  F4  D1  07  00  6D  35  0C  00  03  00  00  00  27  8D  01  00  8C  12  07  00  41  53  9C  
99  47  4E  00  00  D2  86  02  00  00  00  00  00  00  00  28  01  6D  15  14  00  02  01  00  00  
03  04  03  00  00  00  00  00  00  00  00  00  00  00  00  00  6D  16  10  00  03  00  00  00  E3  
07  02  19  12  29  3A  00  E7  01  00  00  6D  21  1C  00  03  00  00  00  81  FF  FF  FF  33  00  
00  00  2E  FF  FF  FF  13  00  00  00  0B  00  00  00  44  00  00  00  6D  22  10  00  03  00  00  
00  39  FE  FF  FF  25  02  00  00  C2  06  00  00  6D  23  14  00  03  00  00  00  7A  87  AE  76  
66  04  04  FD  89  DD  06  03  6C  60  5D  0A  6D  24  24  00  02  00  00  00  00  00  00  00  00  
00  00  00  00  00  00  00  00  00  00  00  00  00  00  00  00  00  00  00  00  00  00  00  00  00  
00  00  6D  31  20  00  03  00  00  00  51  34  00  00  93  96  FF  FF  0F  C0  00  00  34  3D  08  
00  B6  BA  06  00  57  6A  70  FF  AE  62  07  00  6D  32  24  00  03  00  00  00  58  9C  0B  00  
39  08  CD  7B  01  00  00  00  A4  12  1B  8D  05  00  00  00  03  00  00  00  FB  FF  FF  FF  04  
00  00  00  6D  33  10  00  03  00  00  00  E3  07  02  19  12  29  3A  00  01  00  12  00  6D  34  
14  00  03  00  00  00  F1  47  03  00  6D  29  FF  FF  DC  42  04  00  F4  D1  07  00  6D  35  0C  
00  03  00  00  00  2A  8D  01  00  A5  12  07  00  41  53  2E  4A  47  4E  00  00  D3  86  02  00  
00  00  00  00  00  00  28  01  6D  15  14  00  02  01  00  00  03  04  03  00  00  00  00  00  00  
00  00  00  00  00  00  00  6D  16  10  00  03  00  00  00  E3  07  02  19  12  29  3A  00  F1  01  
00  00  6D  21  1C  00  03  00  00  00  2B  01  00  00  FF  FF  FF  FF  B1  00  00  00  F4  FF  FF  
FF  16  00  00  00  3D  00  00  00  6D  22  10  00  03  00  00  00  39  FE  FF  FF  25  02  00  00  
C2  06  00  00  6D  23  14  00  03  00  00  00  3D  84  AE  76  38  77  04  FD  7D  EA  06  03  C3  
A2  5D  0A  6D  24  24  00  02  00  00  00  00  00  00  00  00  00  00  00  00  00  00  00  00  00  
00  00  00  00  00  00  00  00  00  00  00  00  00  00  00  00  00  00  6D  31  20  00  03  00  00  
00  D5  DA  00  00  4A  82  FF  FF  CC  56  01  00  5F  C4  07  00  B4  E4  06  00  9C  50  70  FF  
B7  61  07  00  6D  32  24  00  03  00  00  00  58  9C  0B  00  39  08  CD  7B  01  00  00  00  A4  
12  1B  8D  05  00  00  00  03  00  00  00  FB  FF  FF  00  00  00  E3  07  02  19  12  29  3A  00  
01  00  12  00  6D  34  14  00  03  00  00  00  D3  4B  03  00  D1  34  FF  FF  96  4E  04  00  F4  
D1  07  00  6D  35  0C  00  03  00  00  00  28  8D  01  00  73  12  07  00  41  53  7A  B2  47  4E  
00  00  D4  86  02  00  00  00  00  00  00  00  28  01  6D  15  14  00  02  01  00  00  03  04  03  
00  00  00  00  00  00  00  00  00  00  00  00  00  6D  16  10  00  03  00  00  00  E3  07  02  19  
12  29  3A  00  FB  00  01  00  00  6D  21  1C  00  03  00  00  00  5C  FD  FF  FF  05  01  00  00  
B7  FF  FF  FF  0A  00  00  00  03  00  00  00  5B  00  00  00  6D  22  10  00  03  00  00  00  38  
FE  FF  FF  26  02  00  00  C2  06  00  00  6D  23  14  00  03  00  00  00  00  59  7D  AE  76  B7  
62  03  FD  33  3A  07  03  C7  8A  5D  0A  6D  24  24  00  02  00  00  00  00  00  00  00  00  00  
00  00  00  00  00  00  00  00  00  00  00  00  00  00  00  00  00  00  00  00  00  00  00  00  00  
00  6D  31  20  00  03  00  00  00  00  ED  5D  FF  FF  02  E9  FF  FF  38  F5  00  00  9A  1A  08  
00  F2  9C  06  00  B3  C4  70  FF  28  61  07  00  6D  32  24  00  03  00  00  00  58  9C  0B  00  
39  08  CD  7B  01  00  00  00  A4  12  1B  8D  05  00  00  00  03  00  00  00  00  FB  FF  FF  FF  
04  00  00  00  6D  33  10  00  03  00  00  00  E3  07  02  19  12  29  3A  00  01  00  12  00  6D  
34  14  00  03  00  00  00  CC  57  03  00  CD  56  FF  FF  9F  4E  04  00  F4  D1  07  00  6D  35  
0C  00  03  00  00  00  29  8D  01  00  8C  12  07  00  41  15  47  4E  00  00  D5  86  02  00  00  
00  00  00  00  00  28  01  6D  15  14  00  02  01  00  00  03  04  03  00  00  00  00  00  00  00  
00  00  00  00  00  00  6D  16  10  00  03  00  00  00  E3  07  02  19  12  29  3A  00  05  02  00  
00  6D  21  1C  00  03  00  00  00  62  01  00  00  37  FF  FF  FF  2C  00  00  00  0A  00  00  00  
FC  FF  FF  FF  5D  00  00  00  6D  22  10  00  03  00  00  00  39  FE  FF  FF  25  02  00  00  C2  
06  00  00  6D  23  14  00  03  00  00  00  1E  81  AE  76  5C  EF  03  FD  89  FA  06  03  B1  9A  
5D  0A  6D  24  24  00  02  00  00  00  00  00  00  00  00  00  00  00  00  00  00  00  00  00  00  
00  00  00  00  00  00  00  00  00  00  00  00  00  00  00  00  00  6D  31  20  00  03  00  00  00  
2D  F0  00  00  77  34  FF  FF  B5  22  01  00  8E  1C  08  00  E4  82  06  00  28  CE  70  FF  18  
62  07  00  6D  32  24  00  03  00  00  00  58  9C  0B  00  39  08  CD  7B  01  00  00  00  A4  12  
1B  8D  05  00  00  00  03  00  00  00  FB  FF  FF  00  00  00  E3  07  02  19  12  29  3A  00  01  
00  12  00  6D  34  14  00  03  00  00  00  26  57  03  00  AD  29  FF  FF  42  5E  04  00  C8  02  
08  00  6D  35  0C  00  03  00  00  00  2B  8D  01  00  A5  12  07  00  41  53  61  03  47  4E  00  
00  D6  86  02  00  02  01  01  01  00  00  28  01  6D  15  14  00  02  01  00  00  03  04  03  00  
00  00  00  00  00  00  00  00  00  00  00  00  6D  16  10  00  03  00  00  00  E3  07  02  19  12  
29  3A  00  0F  00  02  00  00  6D  21  1C  00  03  00  00  00  65  FF  FF  FF  FC  FF  FF  FF  06  
00  00  00  F7  FF  FF  FF  ED  FF  FF  FF  3B  00  00  00  6D  22  10  00  03  00  00  00  39  FE  
FF  FF  25  02  00  00  C2  06  00  00  6D  23  14  00  03  00  00  00  00  3B  7F  AE  76  6B  AF  
03  FD  19  F6  06  03  34  9F  5D  0A  6D  24  24  00  02  00  00  00  00  00  00  00  00  00  00  
00  00  00  00  00  00  00  00  00  00  00  00  00  00  00  00  00  00  00  00  00  00  00  00  00  
6D  31  20  00  03  00  00  00  00  A7  29  00  00  C1  81  FF  FF  D6  13  01  00  B0  D0  07  00  
45  46  06  00  E0  49  70  FF  99  61  07  00  6D  32  24  00  03  00  00  00  58  9C  0B  00  39  
08  CD  7B  01  00  00  00  A4  12  1B  8D  05  00  00  00  03  00  00  00  00  FB  FF  FF  FF  04  
00  00  00  6D  33  10  00  03  00  00  00  E3  07  02  19  12  29  3A  00  01  00  12  00  6D  34  
14  00  03  00  00  00  19  35  03  00  8A  56  FF  FF  B1  46  04  00  30  C8  07  00  6D  35  0C  
00  03  00  00  00  2D  8D  01  00  A5  12  07  00  41  33  47  4E  00  00  D7  86  02  00  00  00  
00  00  00  00  28  01  6D  15  14  00  02  01  00  00  03  04  03  00  00  00  00  00  00  00  00  
00  00  00  00  00  6D  16  10  00  03  00  00  00  E3  07  02  19  12  29  3A  00  19  02  00  00  
6D  21  1C  00  03  00  00  00  57  00  00  00  0A  00  00  00  48  00  00  00  0A  00  00  00  01  
00  00  00  32  00  00  00  6D  22  10  00  03  00  00  00  39  FE  FF  FF  25  02  00  00  C2  06  
00  00  6D  23  14  00  03  00  00  00  43  7D  AE  76  12  CE  03  FD  FA  FF  06  03  AB  BB  5D  
0A  6D  24  24  00  02  00  00  00  00  00  00  00  00  00  00  00  00  00  00  00  00  00  00  00  
00  00  00  00  00  00  00  00  00  00  00  00  00  00  00  00  6D  31  20  00  03  00  00  00  D5  
87  00  00  11  87  FF  FF  83  2D  01  00  A9  1B  08  00  EB  93  06  00  CF  26  70  FF  93  60  
07  00  6D  32  24  00  03  00  00  00  58  9C  0B  00  39  08  CD  7B  01  00  00  00  A4  12  1B  
8D  05  00  00  00  03  00  00  00  FB  FF  FF  00  00  00  E3  07  02  19  12  29  3A  00  01  00  
12  00  6D  34  14  00  03  00  00  00  12  39  03  00  4A  5A  FF  FF  E4  3E  04  00  4E  C3  07  
00  6D  35  0C  00  03  00  00  00  29  8D  01  00  28  12  07  00  41  53  C2  67  47  4E  00  00  
D8  86  02  00  00  00  00  00  00  00  28  01  6D  15  14  00  02  01  00  00  03  04  03  00  00  
00  00  00  00  00  00  00  00  00  00  00  6D  16  10  00  03  00  00  00  E3  07  02  19  12  29  
3A  00  23  00  02  00  00  6D  21  1C  00  03  00  00  00  64  00  00  00  4C  00  00  00  2F  FF  
FF  FF  FB  FF  FF  FF  0A  00  00  00  40  00  00  00  6D  22  10  00  03  00  00  00  39  FE  FF  
FF  26  02  00  00  C2  06  00  00  6D  23  14  00  03  00  00  00  00  52  84  AE  76  01  EC  03  
FD  F3  21  07  03  8A  69  5D  0A  6D  24  24  00  02  00  00  00  00  00  00  00  00  00  00  00  
00  00  00  00  00  00  00  00  00  00  00  00  00  00  00  00  00  00  00  00  00  00  00  00  6D  
31  20  00  03  00  00  00  00  38  8D  00  00  1E  A1  FF  FF  9F  BF  00  00  70  E2  07  00  2C  
B8  06  00  13  5A  70  FF  79  62  07  00  6D  32  24  00  03  00  00  00  58  9C  0B  00  39  08  
CD  7B  01  00  00  00  A4  12  1B  8D  05  00  00  00  03  00  00  00  00  FB  FF  FF  FF  04  00  
00  00  6D  33  10  00  03  00  00  00  E3  07  02  19  12  29  3A  00  01  00  12  00  6D  34  14  
00  03  00  00  00  0C  67  03  00  AC  38  FF  FF  0E  3F  04  00  40  EF  07  00  6D  35  0C  00  
03  00  00  00  2B  8D  01  00  41  12  07  00  41  66  47  4E  00  00  D9  86  02  00  64  00  00  
00  00  00  28  01  6D  15  14  00  02  01  00  00  03  04  03  00  00  00  00  00  00  00  00  00  
00  00  00  00  6D  16  10  00  03  00  00  00  E3  07  02  19  12  29  3A  00  2D  02  00  00  6D  
21  1C  00  03  00  00  00  CB  02  00  00  0B  00  00  00  CD  FF  FF  FF  03  00  00  00  FF  FF  
FF  FF  4D  00  00  00  6D  22  10  00  03  00  00  00  39  FE  FF  FF  26  02  00  00  C2  06  00  
00  6D  23  14  00  03  00  00  00  B6  8C  AE  76  16  FD  04  FD  6F  40  07  03  28  4F  5D  0A  
6D  24  24  00  02  00  00  00  00  00  00  00  00  00  00  00  00  00  00  00  00  00  00  00  00  
00  00  00  00  00  00  00  00  00  00  00  00  00  00  00  6D  31  20  00  03  00  00  00  65  7D  
01  00  BB  87  FF  FF  32  FD  00  00  9B  FE  07  00  E2  89  06  00  22  8D  70  FF  EB  61  07  
00  6D  32  24  00  03  00  00  00  58  9C  0B  00  39  08  CD  7B  01  00  00  00  A4  12  1B  8D  
05  00  00  00  03  00  00  00  FB  FF  FF  00  03  00  00  00  E3  07  02  19  12  29  3A  00  01  
00  12  00  6D  34  14  00  03  00  00  00  99  57  03  00  93  38  FF  FF  00  3F  04  00  40  EF  
07  00  6D  35  0C  00  03  00  00  00  1F  8D  01  00  28  12  07  00  41  53  A0  A5  47  4E  00  
00  DA  86  02  00  00  00  00  00  00  00  28  01  6D  15  14  00  02  01  00  00  03  04  03  00  
00  00  00  00  00  00  00  00  00  00  00  00  6D  16  10  00  03  00  00  00  E3  07  02  19  12  
29  3A  00  00  37  02  00  00  6D  21  1C  00  03  00  00  00  9A  00  00  00  24  00  00  00  EB  
FF  FF  FF  00  00  00  00  00  00  00  00  3B  00  00  00  6D  22  10  00  03  00  00  00  3A  FE  
FF  FF  26  02  00  00  C2  06  00  00  6D  23  14  00  03  00  00  00  00  42  8E  AE  76  60  33  
05  FD  94  56  07  03  93  46  5D  0A  6D  24  24  00  02  00  00  00  00  00  00  00  00  00  00  
00  00  00  00  00  00  00  00  00  00  00  00  00  00  00  00  00  00  00  00  00  00  00  00  00  
6D  31  20  00  00  03  00  00  00  19  A2  00  00  7E  91  FF  FF  C0  08  01  00  B4  F3  07  00  
A1  8C  06  00  5B  47  70  FF  F4  60  07  00  6D  32  24  00  03  00  00  00  22  9B  0B  00  39  
08  CD  7B  01  00  00  00  D8  12  1B  8D  05  00  00  00  00  00  00  00  00  F7  FF  FF  FF  03  
00  00  00  6D  33  10  00  03  00  00  00  E3  07  02  19  12  29  3A  00  01  00  12  00  6D  34  
14  00  03  00  00  00  71  57  03  00  15  31  FF  FF  D0  46  04  00  B8  DB  07  00  6D  35  0C  
00  03  00  00  00  27  8D  01  00  5A  12  07  88  47  4E  00  00  DB  86  02  00  02  01  00  00  
00  00  28  01  6D  15  14  00  02  01  00  00  03  04  03  00  00  00  00  00  00  00  00  00  00  
00  00  00  6D  16  10  00  03  00  00  00  E3  07  02  19  12  29  3A  00  41  02  00  00  6D  21  
1C  00  03  00  00  00  81  FF  FF  FF  4B  00  00  00  31  FF  FF  FF  FE  FF  FF  FF  ED  FF  FF  
FF  2C  00  00  00  6D  22  10  00  03  00  00  00  39  FE  FF  FF  26  02  00  00  C1  06  00  00  
6D  23  14  00  03  00  00  00  02  93  AE  76  7B  F9  04  FD  46  70  07  03  03  F8  5C  0A  6D  
24  24  00  02  00  00  00  00  00  00  00  00  00  00  00  00  00  00  00  00  00  00  00  00  00  
00  00  00  00  00  00  00  00  00  00  00  00  00  00  6D  31  20  00  03  00  00  00  7E  34  00  
00  E0  A0  FF  FF  19  C0  00  00  BA  EC  07  00  D7  43  06  00  95  0D  70  FF  18  62  07  00  
6D  32  24  00  03  00  00  00  22  9B  0B  00  39  08  CD  7B  01  00  00  00  D8  12  1B  8D  05  
00  00  00  00  00  00  00  F7  FF  FF  00  03  00  00  00  E3  07  02  19  12  29  3A  00  01  00  
12  00  6D  34  14  00  03  00  00  00  B9  4F  03  00  D3  34  FF  FF  B1  4A  04  00  6C  BE  07  
00  6D  35  0C  00  03  00  00  00  2D  8D  01  00  41  12  07  00  41  53  24  97  47  4E  00  00  
DC  86  02  00  03  04  03  00  00  00  28  01  6D  15  14  00  02  01  00  00  03  04  03  00  00  
00  00  00  00  00  00  00  00  00  00  00  6D  16  10  00  03  00  00  00  E3  07  02  19  12  29  
3A  00  00  4B  02  00  00  6D  21  1C  00  03  00  00  00  EA  00  00  00  5C  FF  FF  FF  06  00  
00  00  FC  FF  FF  FF  09  00  00  00  2E  00  00  00  6D  22  10  00  03  00  00  00  3A  FE  FF  
FF  26  02  00  00  C1  06  00  00  6D  23  14  00  03  00  00  00  00  65  96  AE  76  8E  56  05  
FD  72  3B  07  03  6E  FB  5C  0A  6D  24  24  00  02  00  00  00  00  00  00  00  00  00  00  00  
00  00  00  00  00  00  00  00  00  00  00  00  00  00  00  00  00  00  00  00  00  00  00  00  6D  
31  20  00  00  03  00  00  00  78  C1  00  00  C3  43  FF  FF  50  13  01  00  6B  E3  07  00  73  
AF  06  00  3F  14  70  FF  21  61  07  00  6D  32  24  00  03  00  00  00  22  9B  0B  00  39  08  
CD  7B  01  00  00  00  D8  12  1B  8D  05  00  00  00  00  00  00  00  00  F7  FF  FF  FF  03  00  
00  00  6D  33  10  00  03  00  00  00  E3  07  02  19  12  29  3A  00  01  00  12  00  6D  34  14  
00  03  00  00  00  08  39  03  00  85  56  FF  FF  E4  3E  04  00  20  A1  07  00  6D  35  0C  00  
03  00  00  00  26  8D  01  00  8C  12  07  0C  47  4E  00  00  DD  86  02  00  00  00  00  00  00  
00  28  01  6D  15  14  00  02  01  00  00  03  04  03  00  00  00  00  00  00  00  00  00  00  00  
00  00  6D  16  10  00  03  00  00  00  E3  07  02  19  12  29  3A  00  55  02  00  00  6D  21  1C  
00  03  00  00  00  91  FD  FF  FF  8C  00  00  00  0A  00  00  00  DE  FF  FF  FF  F1  FF  FF  FF  
28  00  00  00  6D  22  10  00  03  00  00  00  39  FE  FF  FF  26  02  00  00  C1  06  00  00  6D  
23  14  00  03  00  00  00  5C  8E  AE  76  55  5C  04  FD  B2  5E  07  03  2C  05  5D  0A  6D  24  
24  00  02  00  00  00  00  00  00  00  00  00  00  00  00  00  00  00  00  00  00  00  00  00  00  
00  00  00  00  00  00  00  00  00  00  00  00  00  6D  31  20  00  03  00  00  00  A1  72  FF  FF  
6F  BA  FF  FF  94  14  01  00  1C  6F  07  00  FD  53  06  00  89  FF  6F  FF  7B  61  07  00  6D  
32  24  00  03  00  00  00  22  9B  0B  00  39  08  CD  7B  01  00  00  00  D8  12  1B  8D  05  00  
00  00  00  00  00  00  F7  FF  FF  10  00  03  00  00  00  E3  07  02  19  12  29  3A  00  01  00  
12  00  6D  34  14  00  03  00  00  00  B0  48  03  00  D8  74  FF  FF  90  4E  04  00  B8  DB  07  
00  6D  35  0C  00  03  00  00  00  29  8D  01  00  BE  12  07  00  41  53  8A  D8  47  4E  00  00  
DE  86  02  00  00  00  00  00  00  00  28  01  6D  15  14  00  02  01  00  00  03  04  03  00  00  
00  00  00  00  00  00  00  00  00  00  00  6D  16  10  00  03  00  00  00  E3  07  02  19  12  29  
00  3A  00  5F  02  00  00  6D  21  1C  00  03  00  00  00  32  FE  FF  FF  07  00  00  00  91  FF  
FF  FF  F4  FF  FF  FF  02  00  00  00  64  00  00  00  6D  22  10  00  03  00  00  00  39  FE  FF  
FF  26  02  00  00  C1  06  00  00  6D  23  14  00  00  03  00  00  00  65  8D  AE  76  35  A4  03  
FD  B2  51  07  03  00  DF  5C  0A  6D  24  24  00  02  00  00  00  00  00  00  00  00  00  00  00  
00  00  00  00  00  00  00  00  00  00  00  00  00  00  00  00  00  00  00  00  00  00  00  00  6D  
31  00  20  00  03  00  00  00  93  B1  FF  FF  BF  86  FF  FF  66  E5  00  00  FA  C5  07  00  D3  
99  06  00  AA  E7  70  FF  45  62  07  00  6D  32  24  00  03  00  00  00  22  9B  0B  00  39  08  
CD  7B  01  00  00  00  D8  12  1B  8D  05  00  00  00  00  00  00  00  00  F7  FF  FF  FF  03  00  
00  00  6D  33  10  00  03  00  00  00  E3  07  02  19  12  29  3A  00  01  00  12  00  6D  34  14  
00  03  00  00  00  79  48  03  00  0A  4F  FF  FF  25  37  04  00  40  EF  07  00  6D  35  0C  00  
03  00  00  00  2B  8D  01  00  A5  12  59  47  4E  00  00  DF  86  02  00  00  00  00  00  00  00  
28  01  6D  15  14  00  02  01  00  00  03  04  03  00  00  00  00  00  00  00  00  00  00  00  00  
00  6D  16  10  00  03  00  00  00  E3  07  02  19  12  29  3A  00  69  02  00  00  6D  21  1C  00  
03  00  00  00  4F  FD  FF  FF  98  00  00  00  4F  FF  FF  FF  0A  00  00  00  07  00  00  00  55  
00  00  00  6D  22  10  00  03  00  00  00  38  FE  FF  FF  26  02  00  00  C1  06  00  00  6D  23  
14  00  03  00  00  00  05  8B  AE  76  D4  8D  02  FD  E6  74  07  03  A5  9F  5C  0A  6D  24  24  
00  02  00  00  00  00  00  00  00  00  00  00  00  00  00  00  00  00  00  00  00  00  00  00  00  
00  00  00  00  00  00  00  00  00  00  00  00  6D  31  20  00  03  00  00  00  F9  58  FF  FF  7A  
BF  FF  FF  96  CB  00  00  79  1A  08  00  19  AD  06  00  D7  AF  70  FF  8A  61  07  00  6D  32  
24  00  03  00  00  00  22  9B  0B  00  39  08  CD  7B  01  00  00  00  D8  12  1B  8D  05  00  00  
00  00  00  00  00  F7  FF  FF  00  03  00  00  00  E3  07  02  19  12  29  3A  00  01  00  12  00  
6D  34  14  00  03  00  00  00  41  48  03  00  3D  29  FF  FF  B9  1F  04  00  CF  EC  07  00  6D  
35  0C  00  03  00  00  00  2A  8D  01  00  8C  12  07  00  41  53  1E  EB  47  4E  00  00  E0  86  
02  00  14  00  00  00  00  00  28  01  6D  15  14  00  02  01  00  00  03  04  03  00  00  00  00  
00  00  00  00  00  00  00  00  00  6D  16  10  00  03  00  00  00  E3  07  02  19  12  29  3A  00  
00  73  02  00  00  6D  21  1C  00  03  00  00  00  3D  FF  FF  FF  3C  00  00  00  82  FF  FF  FF  
FC  FF  FF  FF  00  00  00  00  31  00  00  00  6D  22  10  00  03  00  00  00  38  FE  FF  FF  26  
02  00  00  C1  06  00  00  6D  23  14  00  03  00  00  00  00  B2  8C  AE  76  12  3A  02  FD  E4  
85  07  03  4D  6F  5C  0A  6D  24  24  00  02  00  00  00  00  00  00  00  00  00  00  00  00  00  
00  00  00  00  00  00  00  00  00  00  00  00  00  00  00  00  00  00  00  00  00  00  6D  31  20  
00  00  03  00  00  00  F9  19  00  00  BB  9B  FF  FF  8A  DF  00  00  78  E7  07  00  2E  95  06  
00  1C  20  70  FF  97  62  07  00  6D  32  24  00  03  00  00  00  22  9B  0B  00  39  08  CD  7B  
01  00  00  00  D8  12  1B  8D  05  00  00  00  00  00  00  00  00  F7  FF  FF  FF  03  00  00  00  
6D  33  10  00  03  00  00  00  E3  07  02  19  12  29  3A  00  01  00  12  00  6D  34  14  00  03  
00  00  00  41  48  03  00  3D  29  FF  FF  B9  1F  04  00  E4  AA  07  00  6D  35  0C  00  03  00  
00  00  26  8D  01  00  8C  12  07  12  47  4E  00  00  E1  86  02  00  3D  87  01  00  00  00  28  
01  6D  15  14  00  02  01  00  00  03  04  03  00  00  00  00  00  00  00  00  00  00  00  00  00  
6D  16  10  00  03  00  00  00  E3  07  02  19  12  29  3A  00  7D  02  00  00  6D  21  1C  00  03  
00  00  00  77  FD  FF  FF  13  00  00  00  C8  FF  FF  FF  EF  FF  FF  FF  FC  FF  FF  FF  4E  00  
00  00  6D  22  10  00  03  00  00  00  37  FE  FF  FF  26  02  00  00  C1  06  00  00  6D  23  14  
00  03  00  00  00  EF  87  AE  76  DB  38  01  FD  C9  77  07  03  B1  5F  5C  0A  6D  24  24  00  
02  00  00  00  00  00  00  00  00  00  00  00  00  00  00  00  00  00  00  00  00  00  00  00  00  
00  00  00  00  00  00  00  00  00  00  00  6D  31  20  00  03  00  00  00  92  68  FF  FF  A2  8B  
FF  FF  B2  FA  00  00  0F  B2  07  00  57  85  06  00  A6  91  70  FF  0B  61  07  00  6D  32  24  
00  03  00  00  00  22  9B  0B  00  39  08  CD  7B  01  00  00  00  D8  12  1B  8D  05  00  00  00  
00  00  00  00  F7  FF  FF  10  00  03  00  00  00  E3  07  02  19  12  29  3A  00  01  00  12  00  
6D  34  14  00  03  00  00  00  0A  48  03  00  B8  47  FF  FF  33  5E  04  00  F4  D1  07  00  6D  
35  0C  00  03  00  00  00  2A  8D  01  00  8C  12  07  00  41  53  02  8F  47  4E  00  00  E2  86  
02  00  01  16  01  60  00  00  28  01  6D  15  14  00  02  01  00  00  03  04  03  00  00  00  00  
00  00  00  00  00  00  00  00  00  6D  16  10  00  03  00  00  00  E3  07  02  19  12  29  00  3A  
00  87  02  00  00  6D  21  1C  00  03  00  00  00  A0  FD  FF  FF  12  00  00  00  4F  FF  FF  FF  
04  00  00  00  0C  00  00  00  37  00  00  00  6D  22  10  00  03  00  00  00  36  FE  FF  FF  26  
02  00  00  C1  06  00  00  6D  23  14  00  00  03  00  00  00  BA  87  AE  76  B6  45  00  FD  5D  
69  07  03  E9  1F  5C  0A  6D  24  24  00  02  00  00  00  00  00  00  00  00  00  00  00  00  00  
00  00  00  00  00  00  00  00  00  00  00  00  00  00  00  00  00  00  00  00  00  00  6D  31  00  
20  00  03  00  00  00  88  78  FF  FF  9E  8B  FF  FF  98  CB  00  00  C6  03  08  00  2B  C9  06  
00  5F  39  70  FF  37  61  07  00  6D  32  24  00  03  00  00  00  22  9B  0B  00  39  08  CD  7B  
01  00  00  00  D8  12  1B  8D  05  00  00  00  00  00  00  00  00  F7  FF  FF  FF  03  00  00  00  
6D  33  10  00  03  00  00  00  E3  07  02  19  12  29  3A  00  01  00  12  00  6D  34  14  00  03  
00  00  00  80  40  03  00  F6  3F  FF  FF  EF  3E  04  00  4E  C3  07  00  6D  35  0C  00  03  00  
00  00  26  8D  01  00  8C  12  77  47  4E  00  00  E3  86  02  00  2A  00  00  00  00  00  28  01  
6D  15  14  00  02  01  00  00  03  04  03  00  00  00  00  00  00  00  00  00  00  00  00  00  6D  
16  10  00  03  00  00  00  E3  07  02  19  12  29  3A  00  91  02  00  00  6D  21  1C  00  03  00  
00  00  04  01  00  00  64  00  00  00  3B  00  00  00  FC  FF  FF  FF  F9  FF  FF  FF  5A  00  00  
00  6D  22  10  00  03  00  00  00  37  FE  FF  FF  26  02  00  00  C1  06  00  00  6D  23  14  00  
03  00  00  00  30  87  AE  76  A5  A3  00  FD  D2  9A  07  03  D1  32  5C  0A  6D  24  24  00  02  
00  00  00  00  00  00  00  00  00  00  00  00  00  00  00  00  00  00  00  00  00  00  00  00  00  
00  00  00  00  00  00  00  00  00  00  6D  31  20  00  03  00  00  00  87  CB  00  00  A4  AB  FF  
FF  C8  27  01  00  56  E7  07  00  0D  7C  06  00  23  C0  70  FF  5D  61  07  00  6D  32  24  00  
03  00  00  00  22  9B  0B  00  39  08  CD  7B  01  00  00  00  D8  12  1B  8D  05  00  00  00  00  
00  00  00  F7  FF  FF  33  10  00  03  00  00  00  E3  07  02  19  12  29  3A  00  01  00  12  00  
6D  34  14  00  03  00  00  00  27  31  03  00  69  34  FF  FF  8C  23  04  00  C6  AF  07  00  6D  
35  0C  00  03  00  00  00  28  8D  01  00  8C  12  07  00  41  53  79  61  47  4E  00  00  E4  86  
02  00  10  05  00  00  00  00  28  01  6D  15  14  00  02  01  00  00  03  04  03  00  00  00  00  
00  00  00  00  00  00  00  00  00  6D  16  10  00  03  00  00  00  E3  07  02  19  12  00  29  3A  
00  9B  02  00  00  6D  21  1C  00  03  00  00  00  23  FF  FF  FF  13  00  00  00  90  FF  FF  FF  
F8  FF  FF  FF  01  00  00  00  46  00  00  00  6D  22  10  00  03  00  00  00  36  FE  FF  FF  26  
02  00  00  C1  06  00  00  6D  23  14  00  00  03  00  00  00  93  88  AE  76  C3  47  00  FD  75  
9A  07  03  73  08  5C  0A  6D  24  24  00  02  00  00  00  00  00  00  00  00  00  00  00  00  00  
00  00  00  00  00  00  00  00  00  00  00  00  00  00  00  00  00  00  00  00  00  00  6D  00  31  
20  00  03  00  00  00  CF  0F  00  00  08  8C  FF  FF  ED  E4  00  00  2D  D7  07  00  8C  9C  06  
00  D5  75  70  FF  91  61  07  00  6D  32  24  00  03  00  00  00  BE  9A  0B  00  28  08  CD  7B  
01  00  00  00  E9  12  1B  8D  05  00  00  00  00  FF  FF  FF  FF  F4  FF  FF  FF  02  00  00  00  
6D  33  10  00  03  00  00  00  E3  07  02  19  12  29  3A  00  01  00  12  00  6D  34  14  00  03  
00  00  00  B8  19  03  00  06  29  FF  FF  2D  2F  04  00  20  A1  07  00  6D  35  0C  00  03  00  
00  00  2B  8D  01  00  8C  50  47  4E  00  00  E5  86  02  00  00  00  00  00  00  00  28  01  6D  
15  14  00  02  01  00  00  03  04  03  00  00  00  00  00  00  00  00  00  00  00  00  00  6D  16  
10  00  03  00  00  00  E3  07  02  19  12  29  3A  00  A5  02  00  00  6D  21  1C  00  03  00  00  
00  B4  FF  FF  FF  2E  00  00  00  57  00  00  00  F0  FF  FF  FF  06  00  00  00  38  00  00  00  
6D  22  10  00  03  00  00  00  36  FE  FF  FF  26  02  00  00  C1  06  00  00  6D  23  14  00  03  
00  00  00  5F  84  AE  76  68  25  00  FD  3F  AB  07  03  B9  29  5C  0A  6D  24  24  00  02  00  
00  00  00  00  00  00  00  00  00  00  00  00  00  00  00  00  00  00  00  00  00  00  00  00  00  
00  00  00  00  00  00  00  00  00  6D  31  20  00  03  00  00  00  4E  48  00  00  DE  96  FF  FF  
D2  32  01  00  50  B8  07  00  B5  B0  06  00  FC  3B  70  FF  35  63  07  00  6D  32  24  00  03  
00  00  00  BE  9A  0B  00  28  08  CD  7B  01  00  00  00  E9  12  1B  8D  05  00  00  00  FF  FF  
FF  FF  F4  FF  FF  33  10  00  03  00  00  00  E3  07  02  19  12  29  3A  00  01  00  12  00  6D  
34  14  00  03  00  00  00  4A  57  03  00  97  29  FF  FF  A0  4E  04  00  04  F9  07  00  6D  35  
0C  00  03  00  00  00  2B  8D  01  00  73  12  07  00  41  53  D3  AD  47  4E  00  00  E6  86  02  
00  00  00  00  00  00  00  28  01  6D  15  14  00  02  01  00  00  03  04  03  00  00  00  00  00  
00  00  00  00  00  00  00  00  6D  16  10  00  03  00  00  00  E3  07  02  19  12  00  29  3A  00  
AF  02  00  00  6D  21  1C  00  03  00  00  00  8C  00  00  00  B6  FF  FF  FF  57  00  00  00  FE  
FF  FF  FF  E9  FF  FF  FF  45  00  00  00  6D  22  10  00  03  00  00  00  36  FE  FF  FF  26  02  
00  00  C1  06  00  00  6D  23  14  00  00  03  00  00  00  80  83  AE  76  54  5B  00  FD  81  94  
07  03  00  4A  5C  0A  6D  24  24  00  02  00  00  00  00  00  00  00  00  00  00  00  00  00  00  
00  00  00  00  00  00  00  00  00  00  00  00  00  00  00  00  00  00  00  00  00  6D  00  31  20  
00  03  00  00  00  A9  9C  00  00  12  68  FF  FF  B0  32  01  00  22  EF  07  00  A8  3F  06  00  
3F  71  70  FF  F4  60  07  00  6D  32  24  00  03  00  00  00  BE  9A  0B  00  28  08  CD  7B  01  
00  00  00  E9  12  1B  8D  05  00  00  00  00  FF  FF  FF  FF  F4  FF  FF  FF  02  00  00  00  6D  
33  10  00  03  00  00  00  E3  07  02  19  12  29  3A  00  01  00  12  00  6D  34  14  00  03  00  
00  00  B2  57  03  00  B0  47  FF  FF  D0  46  04  00  4E  C3  07  00  6D  35  0C  00  03  00  00  
00  2A  8D  01  00  5A  F4  47  4E  00  00  E7  86  02  00  00  00  00  00  00  00  28  01  6D  15  
14  00  02  01  00  00  03  04  03  00  00  00  00  00  00  00  00  00  00  00  00  00  6D  16  10  
00  03  00  00  00  E3  07  02  19  12  00  29  3A  00  B9  02  00  00  6D  21  1C  00  03  00  00  
00  A5  01  00  00  5A  FF  FF  FF  8B  00  00  00  05  00  00  00  04  00  00  00  39  00  00  00  
6D  22  10  00  03  00  00  00  37  FE  FF  FF  26  02  00  00  C1  06  00  00  6D  23  14  00  00  
03  00  00  00  7C  84  AE  76  16  02  01  FD  1F  64  07  03  1B  7D  5C  0A  6D  24  24  00  02  
00  00  00  00  00  00  00  00  00  00  00  00  00  00  00  00  00  00  00  00  00  00  00  00  00  
00  00  00  00  00  00  00  00  00  00  6D  00  31  20  00  03  00  00  00  47  0A  01  00  0C  44  
FF  FF  26  47  01  00  D1  0A  08  00  31  A6  06  00  B6  42  70  FF  46  61  07  00  6D  32  24  
00  03  00  00  00  BE  9A  0B  00  28  08  CD  7B  01  00  00  00  E9  12  1B  8D  05  00  00  00  
00  FF  FF  FF  FF  F4  FF  FF  6D  33  10  00  03  00  00  00  E3  07  02  19  12  29  3A  00  01  
00  12  00  6D  34  14  00  03  00  00  00  34  54  03  00  FE  61  FF  FF  FC  3E  04  00  7A  92  
07  00  6D  35  0C  00  03  00  00  00  2D  8D  01  00  D7  12  07  00  41  53  5E  47  4E  00  00  
FC  86  02  00  00  00  00  00  00  00  28  01  6D  15  14  00  02  01  00  00  03  04  03  00  00  
00  00  00  00  00  00  00  00  00  00  00  6D  16  10  00  03  00  00  00  E3  07  02  19  12  29  
3A  00  8B  03  00  00  6D  21  1C  00  03  00  00  00  E6  01  00  00  98  FF  FF  FF  8D  00  00  
00  08  00  00  00  FF  FF  FF  FF  5A  00  00  00  6D  22  10  00  03  00  00  00  37  FE  FF  FF  
26  02  00  00  C1  06  00  00  6D  23  14  00  03  00  00  00  DC  82  AE  76  57  80  01  FD  C1  
55  07  03  6D  B8  5C  0A  6D  24  24  00  02  00  00  00  00  00  00  00  00  00  00  00  00  00  
00  00  00  00  00  00  00  00  00  00  00  00  00  00  00  00  00  00  00  00  00  00  6D  31  20  
00  03  00  00  00  1C  24  01  00  23  5E  FF  FF  DF  46  01  00  37  13  08  00  2E  93  06  00  
87  C2  70  FF  18  62  07  00  6D  32  24  00  03  00  00  00  6A  99  0B  00  4B  08  CD  7B  01  
00  00  00  63  13  1B  8D  05  00  00  00  04  00  00  00  03  00  00  00  02  00  00  00  6D  33  
10  00  03  00  00  00  E3  07  02  19  12  29  3A  00  01  00  12  00  6D  34  14  00  03  00  00  
00  D6  47  03  00  7E  29  FF  FF  92  4E  04  00  F4  D1  07  00  6D  35  0C  00  03  00  00  00  
2A  8D  01  00  A5  12  07  00  41  53  81  43  47  4E  00  00  FD  86  02  00  00  00  00  00  00  
00  28  01  6D  15  14  00  02  01  00  00  03  04  03  00  00  00  00  00  00  00  00  00  00  00  
00  00  6D  16  10  00  03  00  00  00  00  E3  07  02  19  12  29  3A  00  95  03  00  00  6D  21  
1C  00  03  00  00  00  B4  FF  FF  FF  B2  FF  FF  FF  DF  00  00  00  F2  FF  FF  FF  FA  FF  FF  
FF  26  00  00  00  6D  22  10  00  03  00  00  00  37  FE  FF  FF  26  02  00  00  C1  00  06  00  
00  6D  23  14  00  03  00  00  00  33  7B  AE  76  1E  66  01  FD  EF  36  07  03  90  11  5D  0A  
6D  24  24  00  02  00  00  00  00  00  00  00  00  00  00  00  00  00  00  00  00  00  00  00  00  
00  00  00  00  00  00  00  00  00  00  00  00  00  00  00  00  6D  31  20  00  03  00  00  00  53  
48  00  00  24  68  FF  FF  3C  67  01  00  3C  C0  07  00  3D  80  06  00  4C  F6  6F  FF  3E  62  
07  00  6D  32  24  00  03  00  00  00  6A  99  0B  00  4B  08  CD  7B  01  00  00  00  63  00  13  
1B  8D  05  00  00  00  04  00  00  00  03  00  00  00  02  00  00  00  6D  33  10  00  03  00  00  
00  E3  07  02  19  12  29  3A  00  01  00  12  00  6D  34  14  00  03  00  00  00  18  48  03  00  
19  40  FF  FF  92  4E  04  00  4E  C3  07  00  6D  35  0C  00  03  00  00  12  47  4E  00  00  FE  
86  02  00  00  00  00  00  00  00  28  01  6D  15  14  00  02  01  00  00  03  04  03  00  00  00  
00  00  00  00  00  00  00  00  00  00  6D  16  10  00  03  00  00  00  E3  07  02  19  12  29  3A  
00  9F  03  00  00  6D  21  1C  00  03  00  00  00  EB  FF  FF  FF  2D  FF  FF  FF  17  00  00  00  
0E  00  00  00  03  00  00  00  46  00  00  00  6D  22  10  00  03  00  00  00  37  FE  FF  FF  26  
02  00  00  C1  06  00  00  6D  23  14  00  03  00  00  00  2C  7C  AE  76  97  63  01  FD  D4  E4  
06  03  AA  1D  5D  0A  6D  24  24  00  02  00  00  00  00  00  00  00  00  00  00  00  00  00  00  
00  00  00  00  00  00  00  00  00  00  00  00  00  00  00  00  00  00  00  00  00  6D  31  20  00  
03  00  00  00  F2  5D  00  00  25  34  FF  FF  0C  19  01  00  40  2D  08  00  AD  A3  06  00  8F  
73  70  FF  F3  61  07  00  6D  32  24  00  03  00  00  00  6A  99  0B  00  4B  08  CD  7B  01  00  
00  00  63  13  1B  8D  05  00  00  00  04  00  00  00  03  00  00  00  00  00  6D  33  10  00  03  
00  00  00  E3  07  02  19  12  29  3A  00  01  00  12  00  6D  34  14  00  03  00  00  00  3F  48  
03  00  97  47  FF  FF  C2  46  04  00  B8  DB  07  00  6D  35  0C  00  03  00  00  00  27  8D  01  
00  8C  12  07  00  41  53  1A  DB  47  4E  00  00  FF  86  02  00  00  00  00  00  00  00  28  01  
6D  15  14  00  02  01  00  00  03  04  03  00  00  00  00  00  00  00  00  00  00  00  00  00  6D  
16  10  00  03  00  00  00  E3  00  07  02  19  12  29  3A  00  A9  03  00  00  6D  21  1C  00  03  
00  00  00  33  FE  FF  FF  0E  00  00  00  35  FF  FF  FF  FD  FF  FF  FF  03  00  00  00  30  00  
00  00  6D  22  10  00  03  00  00  00  37  FE  FF  FF  26  02  00  00  C1  06  00  00  00  6D  23  
14  00  03  00  00  00  31  7E  AE  76  17  AC  00  FD  A6  D9  06  03  C4  D4  5C  0A  6D  24  24  
00  02  00  00  00  00  00  00  00  00  00  00  00  00  00  00  00  00  00  00  00  00  00  00  00  
00  00  00  00  00  00  00  00  00  00  00  00  00  6D  31  20  00  03  00  00  00  F5  B1  FF  FF  
CC  8B  FF  FF  DA  C0  00  00  CB  E7  07  00  DE  A5  06  00  A3  1D  70  FF  BE  61  07  00  6D  
32  24  00  03  00  00  00  6A  99  0B  00  4B  08  CD  7B  01  00  00  00  63  13  1B  00  8D  05  
00  00  00  04  00  00  00  03  00  00  00  02  00  00  00  6D  33  10  00  03  00  00  00  E3  07  
02  19  12  29  3A  00  01  00  12  00  6D  34  14  00  03  00  00  00  06  4C  03  00  14  40  FF  
FF  C6  46  04  00  E6  FD  07  00  6D  35  0C  00  03  00  00  00  26  64  47  4E  00  00  00  87  
02  00  AA  AA  AA  AA  00  00  28  01  6D  15  14  00  02  01  00  00  03  04  03  00  00  00  00  
00  00  00  00  00  00  00  00  00  6D  16  10  00  03  00  00  00  E3  07  02  19  12  29  3A  00  
B3  03  00  00  6D  21  1C  00  03  00  00  00  8E  FF  FF  FF  D1  FE  FF  FF  E2  FF  FF  FF  00  
00  00  00  12  00  00  00  2E  00  00  00  6D  22  10  00  03  00  00  00  37  FE  FF  FF  25  02  
00  00  C1  06  00  00  6D  23  14  00  03  00  00  00  EE  80  AE  76  BB  87  00  FD  7C  60  06  
03  45  CE  5C  0A  6D  24  24  00  02  00  00  00  00  00  00  00  00  00  00  00  00  00  00  00  
00  00  00  00  00  00  00  00  00  00  00  00  00  00  00  00  00  00  00  00  6D  31  20  00  03  
00  00  00  80  39  00  00  BE  0F  FF  FF  69  04  01  00  0A  F3  07  00  F3  DF  06  00  A6  16  
70  FF  45  62  07  00  6D  32  24  00  03  00  00  00  6A  99  0B  00  4B  08  CD  7B  01  00  00  
00  63  13  1B  8D  05  00  00  00  04  00  00  00  03  00  00  02  00  00  00  6D  33  10  00  03  
00  00  00  E3  07  02  19  12  29  3A  00  01  00  12  00  6D  34  14  00  03  00  00  00  26  57  
03  00  AD  29  FF  FF  42  5E  04  00  8C  0C  08  00  6D  35  0C  00  03  00  00  00  28  8D  01  
00  F0  12  07  00  41  53  A5  81  47  4E  00  00  01  87  02  00  02  03  90  01  00  00  28  01  
6D  15  14  00  02  01  00  00  03  04  03  00  00  00  00  00  00  00  00  00  00  00  00  00  6D  
16  10  00  03  00  00  00  00  E3  07  02  19  12  29  3A  00  BD  03  00  00  6D  21  1C  00  03  
00  00  00  B4  00  00  00  F6  FF  FF  FF  D2  FF  FF  FF  EB  FF  FF  FF  F0  FF  FF  FF  39  00  
00  00  6D  22  10  00  03  00  00  00  37  FE  FF  FF  25  02  00  00  C1  06  00  00  00  6D  23  
14  00  03  00  00  00  3B  84  AE  76  E5  CB  00  FD  9A  62  06  03  8C  BB  5C  0A  6D  24  24  
00  02  00  00  00  00  00  00  00  00  00  00  00  00  00  00  00  00  00  00  00  00  00  00  00  
00  00  00  00  00  00  00  00  00  00  00  00  00  6D  31  20  00  03  00  00  00  52  AC  00  00  
13  82  FF  FF  39  FE  00  00  C3  A1  07  00  D8  5A  06  00  9E  40  70  FF  20  62  07  00  6D  
32  24  00  03  00  00  00  6A  99  0B  00  4B  08  CD  7B  01  00  00  00  63  13  00  1B  8D  05  
00  00  00  04  00  00  00  03  00  00  00  02  00  00  00  6D  33  10  00  03  00  00  00  E3  07  
02  19  12  29  3A  00  01  00  12  00  6D  34  14  00  03  00  00  00  F8  3F  03  00  87  29  FF  
FF  2D  5E  04  00  8C  0C  08  00  6D  35  0C  00  03  00  00  00  E6  47  4E  00  00  02  87  02  
00  04  00  01  00  00  00  28  01  6D  15  14  00  02  01  00  00  03  04  03  00  00  00  00  00  
00  00  00  00  00  00  00  00  6D  16  10  00  03  00  00  00  E3  07  02  19  12  29  3A  00  C7  
03  00  00  6D  21  1C  00  03  00  00  00  2F  00  00  00  A6  FF  FF  FF  ED  FF  FF  FF  0B  00  
00  00  F3  FF  FF  FF  27  00  00  00  6D  22  10  00  03  00  00  00  37  FE  FF  FF  25  02  00  
00  C1  06  00  00  6D  23  14  00  03  00  00  00  0A  86  AE  76  7F  DF  00  FD  86  41  06  03  
2C  B6  5C  0A  6D  24  24  00  02  00  00  00  00  00  00  00  00  00  00  00  00  00  00  00  00  
00  00  00  00  00  00  00  00  00  00  00  00  00  00  00  00  00  00  00  6D  31  20  00  03  00  
00  00  01  78  00  00  E3  62  FF  FF  0F  09  01  00  F2  1F  08  00  F2  66  06  00  FC  FA  6F  
FF  2F  62  07  00  6D  32  24  00  03  00  00  00  2A  98  0B  00  4B  08  CD  7B  01  00  00  00  
98  13  1B  8D  05  00  00  00  01  00  00  00  01  00  00  00  02  00  00  00  6D  33  10  00  03  
00  00  00  E3  07  02  19  12  29  3A  00  01  00  12  00  6D  34  14  00  03  00  00  00  59  40  
03  00  78  38  FF  FF  BD  46  04  00  8C  0C  08  00  6D  35  0C  00  03  00  00  00  23  8D  01  
00  8C  12  07  00  41  53  CB  24  47  4E  00  00  03  87  02  00  C0  C6  2D  00  00  00  28  01  
6D  15  14  00  02  01  00  00  03  04  03  00  00  00  00  00  00  00  00  00  00  00  00  00  6D  
16  10  00  03  00  00  00  00  E3  07  02  19  12  29  3A  00  D1  03  00  00  6D  21  1C  00  03  
00  00  00  66  FF  FF  FF  BC  00  00  00  FB  FF  FF  FF  F9  FF  FF  FF  15  00  00  00  25  00  
00  00  6D  22  10  00  03  00  00  00  37  FE  FF  FF  25  02  00  00  C1  00  06  00  00  6D  23  
14  00  03  00  00  00  A2  82  AE  76  3E  9B  00  FD  69  86  06  03  52  B5  5C  0A  6D  24  24  
00  02  00  00  00  00  00  00  00  00  00  00  00  00  00  00  00  00  00  00  00  00  00  00  00  
00  00  00  00  00  00  00  00  00  00  00  00  00  6D  31  20  00  03  00  00  00  87  29  00  00  
96  CF  FF  FF  4F  0E  01  00  D5  D9  07  00  82  E9  06  00  B8  F3  6F  FF  99  61  07  00  6D  
32  24  00  03  00  00  00  2A  98  0B  00  4B  08  CD  7B  01  00  00  00  98  00  13  1B  8D  05  
00  00  00  01  00  00  00  01  00  00  00  02  00  00  00  6D  33  10  00  03  00  00  00  E3  07  
02  19  12  29  3A  00  01  00  12  00  6D  34  14  00  03  00  00  00  8A  48  03  00  FF  4E  FF  
FF  55  2F  04  00  8C  0C  08  00  6D  35  0C  00  03  00  00  BF  47  4E  00  00  04  87  02  00  
00  10  0E  00  00  00  28  01  6D  15  14  00  02  01  00  00  03  04  03  00  00  00  00  00  00  
00  00  00  00  00  00  00  6D  16  10  00  03  00  00  00  E3  07  02  19  12  29  3A  00  DB  03  
00  00  6D  21  1C  00  03  00  00  00  8D  00  00  00  BD  00  00  00  66  FF  FF  FF  0A  00  00  
00  F7  FF  FF  FF  59  00  00  00  6D  22  10  00  03  00  00  00  37  FE  FF  FF  26  02  00  00  
C1  06  00  00  6D  23  14  00  03  00  00  00  2F  87  AE  76  6D  C7  00  FD  49  D4  06  03  3B  
77  5C  0A  6D  24  24  00  02  00  00  00  00  00  00  00  00  00  00  00  00  00  00  00  00  00  
00  00  00  00  00  00  00  00  00  00  00  00  00  00  00  00  00  00  6D  31  20  00  03  00  00  
00  88  9C  00  00  EE  CF  FF  FF  39  D4  00  00  08  1A  08  00  EE  76  06  00  03  BE  70  FF  
C4  62  07  00  6D  32  24  00  03  00  00  00  2A  98  0B  00  4B  08  CD  7B  01  00  00  00  98  
13  1B  8D  05  00  00  00  01  00  00  00  01  00  00  00  02  00  00  00  6D  33  10  00  03  00  
00  00  E3  07  02  19  12  29  3A  00  01  00  12  00  6D  34  14  00  03  00  00  00  CC  48  03  
00  99  65  FF  FF  54  2F  04  00  8C  0C  08  00  6D  35  0C  00  03  00  00  00  25  8D  01  00  
5A  12  07  00  41  53  E0  27  47  4E  00  00  05  87  02  00  01  00  00  01  00  00  28  01  6D  
15  14  00  02  01  00  00  03  04  03  00  00  00  00  00  00  00  00  00  00  00  00  00  6D  16  
10  00  03  00  00  00  00  E3  07  02  19  12  29  3A  00  E5  03  00  00  6D  21  1C  00  03  00  
00  00  5B  FE  FF  FF  BC  00  00  00  BA  FF  FF  FF  FD  FF  FF  FF  F6  FF  FF  FF  45  00  00  
00  6D  22  10  00  03  00  00  00  36  FE  FF  FF  26  02  00  00  C1  00  06  00  00  6D  23  14  
00  03  00  00  00  77  83  AE  76  F6  19  00  FD  F3  0E  07  03  87  5E  5C  0A  6D  24  24  00  
02  00  00  00  00  00  00  00  00  00  00  00  00  00  00  00  00  00  00  00  00  00  00  00  00  
00  00  00  00  00  00  00  00  00  00  00  00  6D  31  20  00  03  00  00  00  06  C1  FF  FF  6C  
CF  FF  FF  B5  F4  00  00  66  E7  07  00  65  72  06  00  53  71  70  FF  20  62  07  00  6D  32  
24  00  03  00  00  00  2A  98  0B  00  4B  08  CD  7B  01  00  00  00  98  00  13  1B  8D  05  00  
00  00  01  00  00  00  01  00  00  00  02  00  00  00  6D  33  10  00  03  00  00  00  E3  07  02  
19  12  29  3A  00  01  00  12  00  6D  34  14  00  03  00  00  00  2E  48  03  00  74  38  FF  FF  
0B  3B  04  00  8C  0C  08  00  6D  35  0C  00  03  00  00  EA  47  4E  00  00  06  87  02  00  30  
0F  1F  00  00  00  28  01  6D  15  14  00  02  01  00  00  03  04  03  00  00  00  00  00  00  00  
00  00  00  00  00  00  6D  16  10  00  03  00  00  00  E3  07  02  19  12  29  3B  00  07  00  00  
00  6D  21  1C  00  03  00  00  00  46  02  00  00  2C  00  00  00  99  00  00  00  FA  FF  FF  FF  
EF  FF  FF  FF  10  00  00  00  6D  22  10  00  03  00  00  00  37  FE  FF  FF  26  02  00  00  C1  
06  00  00  6D  23  14  00  03  00  00  00  66  83  AE  76  11  FA  00  FD  3F  36  07  03  A5  94  
5C  0A  6D  24  24  00  02  00  00  00  00  00  00  00  00  00  00  00  00  00  00  00  00  00  00  
00  00  00  00  00  00  00  00  00  00  00  00  00  00  00  00  00  6D  31  20  00  03  00  00  00  
9F  48  01  00  4F  97  FF  FF  B8  4B  01  00  4D  DF  07  00  91  56  06  00  6B  A0  6F  FF  DC  
61  07  00  6D  32  24  00  03  00  00  00  2A  98  0B  00  4B  08  CD  7B  01  00  00  00  98  13  
1B  8D  05  00  00  00  01  00  00  00  01  00  00  00  02  00  00  00  6D  33  10  00  03  00  01  
00  E3  07  02  19  12  29  3A  00  01  00  12  00  6D  34  14  00  03  00  00  00  B1  57  03  00  
B0  47  FF  FF  D0  46  04  00  8C  0C  08  00  6D  35  0C  00  03  00  00  00  27  8D  01  00  BE  
12  07  00  41  53  00  09  47  4E  00  00  07  87  02  00  00  00  00  00  00  00  28  01  6D  15  
14  00  02  01  00  00  03  04  03  00  00  00  00  00  00  00  00  00  00  00  00  00  6D  16  10  
00  03  00  00  00  00  E3  07  02  19  12  29  3B  00  11  00  00  00  6D  21  1C  00  03  00  00  
00  5B  FE  FF  FF  D7  00  00  00  84  FF  FF  FF  F0  FF  FF  FF  EB  FF  FF  FF  32  00  00  00  
6D  22  10  00  03  00  00  00  36  FE  FF  FF  26  02  00  00  C1  00  06  00  00  6D  23  14  00  
03  00  00  00  2B  81  AE  76  B0  4C  00  FD  AC  7A  07  03  06  68  5C  0A  6D  24  24  00  02  
00  00  00  00  00  00  00  00  00  00  00  00  00  00  00  00  00  00  00  00  00  00  00  00  00  
00  00  00  00  00  00  00  00  00  00  00  6D  31  20  00  03  00  00  00  05  C1  FF  FF  D3  D9  
FF  FF  C8  DF  00  00  BE  B6  07  00  17  48  06  00  29  27  70  FF  90  62  07  00  6D  32  24  
00  03  00  00  00  2A  98  0B  00  4B  08  CD  7B  01  00  00  00  98  00  13  1B  8D  05  00  00  
00  01  00  00  00  01  00  00  00  02  00  00  00  6D  33  10  00  03  00  00  00  E3  07  02  19  
12  29  3A  00  01  00  12  00  6D  34  14  00  03  00  00  00  68  67  03  00  F7  65  FF  FF  AC  
4E  04  00  8C  0C  08  00  6D  35  0C  00  03  00  00  9D  47  4E  00  00  08  87  02  00  03  00  
00  00  00  00  28  01  6D  15  14  00  02  01  00  00  03  04  03  00  00  00  00  00  00  00  00  
00  00  00  00  00  6D  16  10  00  03  00  00  00  E3  07  02  19  12  29  3B  00  1B  00  00  00  
6D  21  1C  00  03  00  00  00  09  00  00  00  2A  00  00  00  B9  FF  FF  FF  F4  FF  FF  FF  03  
00  00  00  41  00  00  00  6D  22  10  00  03  00  00  00  36  FE  FF  FF  26  02  00  00  C1  06  
00  00  6D  23  14  00  03  00  00  00  22  83  AE  76  EE  4C  00  FD  A8  8A  07  03  E8  4C  5C  
0A  6D  24  24  00  02  00  00  00  00  00  00  00  00  00  00  00  00  00  00  00  00  00  00  00  
00  00  00  00  00  00  00  00  00  00  00  00  00  00  00  00  6D  31  20  00  03  00  00  00  94  
68  00  00  A3  96  FF  FF  22  F4  00  00  FB  C6  07  00  89  A3  06  00  EC  60  70  FF  73  61  
07  00  6D  32  24  00  03  00  00  00  2A  98  0B  00  4B  08  CD  7B  01  00  00  00  98  13  1B  
8D  05  00  00  00  01  00  00  00  01  00  00  00  02  00  00  00  6D  33  10  00  03  00  00  00  
E3  07  02  19  12  29  3A  00  01  00  12  00  6D  34  14  00  03  00  00  00  B0  38  03  00  61  
38  FF  FF  E5  3E  04  00  40  EF  07  00  6D  35  0C  00  03  00  00  00  28  8D  01  00  F0  12  
07  00  41  53  4D  01  47  4E  00  00  09  87  02  00  00  00  12  00  00  00  28  01  6D  15  14  
00  02  01  00  00  03  04  03  00  00  00  00  00  00  00  00  00  00  00  00  00  6D  16  10  00  
03  00  00  00  00  E3  07  02  19  12  29  3B  00  25  00  00  00  6D  21  1C  00  03  00  00  00  
4E  FE  FF  FF  CD  FF  FF  FF  19  00  00  00  03  00  00  00  04  00  00  00  51  00  00  00  6D  
22  10  00  03  00  00  00  36  FE  FF  FF  26  02  00  00  C1  00  06  00  00  6D  23  14  00  03  
00  00  00  6B  7E  AE  76  D8  A4  FF  FC  44  68  07  03  4B  5C  5C  0A  6D  24  24  00  02  00  
00  00  00  00  00  00  00  00  00  00  00  00  00  00  00  00  00  00  00  00  00  00  00  00  00  
00  00  00  00  00  00  00  00  00  00  6D  31  20  00  03  00  00  00  B9  BB  FF  FF  11  72  FF  
FF  9A  19  01  00  95  00  08  00  05  A8  06  00  62  9D  70  FF  45  62  07  00  6D  32  24  00  
03  00  00  00  2A  98  0B  00  4B  08  CD  7B  01  00  00  00  98  00  13  1B  8D  05  00  00  00  
01  00  00  00  01  00  00  00  02  00  00  00  6D  33  10  00  03  00  00  00  E3  07  02  19  12  
29  3A  00  01  00  12  00  6D  34  14  00  03  00  00  00  5A  2D  03  00  E9  4E  FF  FF  DA  3E  
04  00  55  AD  07  00  6D  35  0C  00  03  00  00  FF  47  4E  00  00  0A  87  02  00  00  00  00  
00  00  00  28  01  6D  15  14  00  02  01  00  00  03  04  03  00  00  00  00  00  00  00  00  00  
00  00  00  00  6D  16  10  00  03  00  00  00  E3  07  02  19  12  29  3B  00  2F  00  00  00  6D  
21  1C  00  03  00  00  00  BB  FE  FF  FF  5E  00  00  00  6A  FF  FF  FF  FF  FF  FF  FF  EA  FF  
FF  FF  55  00  00  00  6D  22  10  00  03  00  00  00  36  FE  FF  FF  26  02  00  00  C1  06  00  
00  6D  23  14  00  03  00  00  00  37  7F  AE  76  5C  20  FF  FC  AA  80  07  03  A7  25  5C  0A  
6D  24  24  00  02  00  00  00  00  00  00  00  00  00  00  00  00  00  00  00  00  00  00  00  00  
00  00  00  00  00  00  00  00  00  00  00  00  00  00  00  6D  31  20  00  03  00  00  00  F4  E5  
FF  FF  1A  AB  FF  FF  5B  D5  00  00  A8  F0  07  00  30  46  06  00  BA  AD  70  FF  FA  61  07  
00  6D  32  24  00  03  00  00  00  2A  98  0B  00  4B  08  CD  7B  01  00  00  00  98  13  1B  8D  
05  00  00  00  01  00  00  00  01  00  00  00  02  00  00  00  6D  33  10  00  03  00  00  00  E3  
07  02  19  12  29  3A  00  01  00  12  00  6D  34  14  00  03  00  00  00  7D  48  03  00  32  5E  
FF  FF  C1  46  04  00  C6  AF  07  00  6D  35  0C  00  03  00  00  00  2A  8D  01  00  5A  12  07  
00  41  53  9C  2F  47  4E  00  00  0B  87  02  00  00  00  00  00  00  00  28  01  6D  15  14  00  
02  01  00  00  03  04  03  00  00  00  00  00  00  00  00  00  00  00  00  00  6D  16  10  00  03  
00  00  00  00  E3  07  02  19  12  29  3B  00  39  00  00  00  6D  21  1C  00  03  00  00  00  92  
FE  FF  FF  43  00  00  00  C9  FF  FF  FF  F1  FF  FF  FF  08  00  00  00  30  00  00  00  6D  22  
10  00  03  00  00  00  35  FE  FF  FF  26  02  00  00  C1  00  06  00  00  6D  23  14  00  03  00  
00  00  AC  7C  AE  76  61  8E  FE  FC  FD  8D  07  03  85  14  5C  0A  6D  24  24  00  02  00  00  
00  00  00  00  00  00  00  00  00  00  00  00  00  00  00  00  00  00  00  00  00  00  00  00  00  
00  00  00  00  00  00  00  00  00  6D  31  20  00  03  00  00  00  1A  D6  FF  FF  B7  A0  FF  FF  
05  FA  00  00  65  BB  07  00  08  BD  06  00  EB  1F  70  FF  BE  61  07  00  6D  32  24  00  03  
00  00  00  2A  98  0B  00  4B  08  CD  7B  01  00  00  00  98  00  13  1B  8D  05  00  00  00  01  
00  00  00  01  00  00  00  02  00  00  00  6D  33  10  00  03  00  00  00  E3  07  02  19  12  29  
3A  00  01  00  12  00  6D  34  14  00  03  00  00  00  68  67  03  00  F7  65  FF  FF  AC  4E  04  
00  30  C8  07  00  6D  35  0C  00  03  00  00  F3  47  4E  00  00  0C  87  02  00  00  00  00  00  
00  00  28  01  6D  15  14  00  02  01  00  00  03  04  03  00  00  00  00  00  00  00  00  00  00  
00  00  00  6D  16  10  00  03  00  00  00  E3  07  02  19  12  29  3B  00  43  00  00  00  6D  21  
1C  00  03  00  00  00  C3  00  00  00  C0  FF  FF  FF  4C  00  00  00  12  00  00  00  FA  FF  FF  
FF  51  00  00  00  6D  22  10  00  03  00  00  00  35  FE  FF  FF  26  02  00  00  C1  06  00  00  
6D  23  14  00  03  00  00  00  74  7C  AE  76  F7  DB  FE  FC  FB  7C  07  03  83  32  5C  0A  6D  
24  24  00  02  00  00  00  00  00  00  00  00  00  00  00  00  00  00  00  00  00  00  00  00  00  
00  00  00  00  00  00  00  00  00  00  00  00  00  00  6D  31  20  00  03  00  00  00  34  B1  00  
00  76  6D  FF  FF  43  2D  01  00  F4  3A  08  00  8E  87  06  00  C1  9F  70  FF  54  62  07  00  
6D  32  24  00  03  00  00  00  E4  97  0B  00  4B  08  CD  7B  01  00  00  00  A9  13  1B  8D  05  
00  00  00  03  00  00  00  05  00  00  00  01  00  00  00  6D  33  10  00  03  00  00  00  E3  07  
02  19  12  29  3B  00  01  00  12  00  6D  34  14  00  03  00  00  00  42  57  03  00  70  1A  FF  
FF  01  3F  04  00  20  A1  07  00  6D  35  0C  00  03  00  00  00  25  8D  01  00  28  12  07  00  
41  53  DE  C3  47  4E  00  00  0D  87  02  00  00  00  00  00  00  00  28  01  6D  15  14  00  02  
01  00  00  03  04  03  00  00  00  00  00  00  00  00  00  00  00  00  00  6D  16  10  00  03  00  
00  00  00  E3  07  02  19  12  29  3B  00  4D  00  00  00  6D  21  1C  00  03  00  00  00  4D  FF  
FF  FF  1B  00  00  00  C8  FF  FF  FF  07  00  00  00  FD  FF  FF  FF  42  00  00  00  6D  22  10  
00  03  00  00  00  35  FE  FF  FF  26  02  00  00  C1  00  06  00  00  6D  23  14  00  03  00  00  
00  19  7C  AE  76  A1  93  FE  FC  D7  81  07  03  34  20  5C  0A  6D  24  24  00  02  00  00  00  
00  00  00  00  00  00  00  00  00  00  00  00  00  00  00  00  00  00  00  00  00  00  00  00  00  
00  00  00  00  00  00  00  00  6D  31  20  00  03  00  00  00  27  1F  00  00  5D  91  FF  FF  A3  
F9  00  00  97  13  08  00  C7  90  06  00  B3  65  70  FF  45  62  07  00  6D  32  24  00  03  00  
00  00  E4  97  0B  00  4B  08  CD  7B  01  00  00  00  A9  00  13  1B  8D  05  00  00  00  03  00  
00  00  05  00  00  00  01  00  00  00  6D  33  10  00  03  00  00  00  E3  07  02  19  12  29  3B  
00  01  00  12  00  6D  34  14  00  03  00  00  00  34  4C  03  00  F0  52  FF  FF  AD  4A  04  00  
0B  E3  07  00  6D  35  0C  00  03  00  00  A5  47  4E  00  00  0E  87  02  00  00  00  00  00  00  
00  28  01  6D  15  14  00  02  01  00  00  03  04  03  00  00  00  00  00  00  00  00  00  00  00  
00  00  6D  16  10  00  03  00  00  00  E3  07  02  19  12  29  3B  00  57  00  00  00  6D  21  1C  
00  03  00  00  00  F8  00  00  00  AE  00  00  00  3E  00  00  00  F5  FF  FF  FF  ED  FF  FF  FF  
5F  00  00  00  6D  22  10  00  03  00  00  00  36  FE  FF  FF  26  02  00  00  C1  06  00  00  6D  
23  14  00  03  00  00  00  70  7A  AE  76  E7  ED  FE  FC  B5  CF  07  03  9F  36  5C  0A  6D  24  
24  00  02  00  00  00  00  00  00  00  00  00  00  00  00  00  00  00  00  00  00  00  00  00  00  
00  00  00  00  00  00  00  00  00  00  00  00  00  6D  31  20  00  03  00  00  00  F1  C5  00  00  
E4  CA  FF  FF  9A  27  01  00  F0  CA  07  00  DC  53  06  00  36  D5  70  FF  5B  62  07  00  6D  
32  24  00  03  00  00  00  E4  97  0B  00  4B  08  CD  7B  01  00  00  00  A9  13  1B  8D  05  00  
00  00  03  00  00  00  05  00  00  00  01  00  00  00  6D  33  10  00  03  00  00  00  E3  07  02  
19  12  29  3B  00  01  00  12  00  6D  34  14  00  03  00  00  00  85  48  03  00  C6  65  FF  FF  
91  4E  04  00  C6  AF  07  00  6D  35  0C  00  03  00  00  00  20  8D  01  00  0F  12  07  00  41  
53  35  D1  47  4E  00  00  0F  87  02  00  01  01  00  00  00  00  28  01  6D  15  14  00  02  01  
00  00  03  04  03  00  00  00  00  00  00  00  00  00  00  00  00  00  6D  16  10  00  03  00  00  
00  00  E3  07  02  19  12  29  3B  00  61  00  00  00  6D  21  1C  00  03  00  00  00  73  00  00  
00  E2  00  00  00  C7  FF  FF  FF  16  00  00  00  ED  FF  FF  FF  39  00  00  00  6D  22  10  00  
03  00  00  00  36  FE  FF  FF  26  02  00  00  C1  00  06  00  00  6D  23  14  00  03  00  00  00  
F6  7A  AE  76  F6  11  FF  FC  6C  2C  08  03  F9  1F  5C  0A  6D  24  24  00  02  00  00  00  00  
00  00  00  00  00  00  00  00  00  00  00  00  00  00  00  00  00  00  00  00  00  00  00  00  00  
00  00  00  00  00  00  00  6D  31  20  00  03  00  00  00  12  92  00  00  67  DF  FF  FF  D2  F8  
00  00  20  4C  08  00  36  52  06  00  9B  40  70  FF  EB  61  07  00  6D  32  24  00  03  00  00  
00  E4  97  0B  00  4B  08  CD  7B  01  00  00  00  A9  00  13  1B  8D  05  00  00  00  03  00  00  
00  05  00  00  00  01  00  00  00  6D  33  10  00  03  00  00  00  E3  07  02  19  12  29  3B  00  
01  00  12  00  6D  34  14  00  03  00  00  00  85  48  03  00  C6  65  FF  FF  91  4E  04  00  88  
66  07  00  6D  35  0C  00  03  00  00  77  47  4E  00  00  10  87  02  00  00  00  00  00  00  00  
28  01  6D  15  14  00  02  01  00  00  03  04  03  00  00  00  00  00  00  00  00  00  00  00  00  
00  6D  16  10  00  03  00  00  00  E3  07  02  19  12  29  3B  00  6B  00  00  00  6D  21  1C  00  
03  00  00  00  E0  00  00  00  89  FF  FF  FF  93  FF  FF  FF  FD  FF  FF  FF  FE  FF  FF  FF  6C  
00  00  00  6D  22  10  00  03  00  00  00  36  FE  FF  FF  26  02  00  00  C1  06  00  00  6D  23  
14  00  03  00  00  00  C0  81  AE  76  7C  6B  FF  FC  F8  05  08  03  61  F7  5B  0A  6D  24  24  
00  02  00  00  00  00  00  00  00  00  00  00  00  00  00  00  00  00  00  00  00  00  00  00  00  
00  00  00  00  00  00  00  00  00  00  00  00  6D  31  20  00  03  00  00  00  61  BC  00  00  88  
58  FF  FF  39  E4  00  00  6E  EB  07  00  35  93  06  00  19  08  71  FF  A8  61  07  00  6D  32  
24  00  03  00  00  00  E4  97  0B  00  4B  08  CD  7B  01  00  00  00  A9  13  1B  8D  05  00  00  
00  03  00  00  00  05  00  00  00  01  00  00  00  6D  33  10  00  03  00  00  00  E3  07  02  19  
12  29  3B  00  01  00  12  00  6D  34  14  00  03  00  00  00  FA  47  03  00  68  29  FF  FF  F3  
3E  04  00  6C  BE  07  00  6D  35  0C  00  03  00  00  00  2A  8D  01  00  8C  12  07  00  41  53  
DC  85  47  4E  00  00  11  87  02  00  00  00  00  00  00  00  28  01  6D  15  14  00  02  01  00  
00  03  04  03  00  00  00  00  00  00  00  00  00  00  00  00  00  6D  16  10  00  03  00  00  00  
00  E3  07  02  19  12  29  3B  00  75  00  00  00  6D  21  1C  00  03  00  00  00  9A  00  00  00  
18  01  00  00  17  00  00  00  01  00  00  00  FA  FF  FF  FF  61  00  00  00  6D  22  10  00  03  
00  00  00  36  FE  FF  FF  27  02  00  00  C1  00  06  00  00  6D  23  14  00  03  00  00  00  4C  
7F  AE  76  D7  9D  FF  FC  60  7A  08  03  00  00  5C  0A  6D  24  24  00  02  00  00  00  00  00  
00  00  00  00  00  00  00  00  00  00  00  00  00  00  00  00  00  00  00  00  00  00  00  00  00  
00  00  00  00  00  00  6D  31  20  00  03  00  00  00  3B  A1  00  00  66  F4  FF  FF  F5  17  01  
00  C8  FD  07  00  6A  82  06  00  30  DC  70  FF  EA  62  07  00  6D  32  24  00  03  00  00  00  
E4  97  0B  00  4B  08  CD  7B  01  00  00  00  A9  00  13  1B  8D  05  00  00  00  03  00  00  00  
05  00  00  00  01  00  00  00  6D  33  10  00  03  00  00  00  E3  07  02  19  12  29  3B  00  01  
00  12  00  6D  34  14  00  03  00  00  00  91  53  03  00  7B  29  FF  FF  FD  3E  04  00  65  D4  
07  00  6D  35  0C  00  03  00  00  E7  47  4E  00  00  12  87  02  00  00  00  00  00  00  00  28  
01  6D  15  14  00  02  01  00  00  03  04  03  00  00  00  00  00  00  00  00  00  00  00  00  00  
6D  16  10  00  03  00  00  00  E3  07  02  19  12  29  3B  00  7F  00  00  00  6D  21  1C  00  03  
00  00  00  B9  FF  FF  FF  95  FF  FF  FF  78  00  00  00  F1  FF  FF  FF  F9  FF  FF  FF  2C  00  
00  00  6D  22  10  00  03  00  00  00  36  FE  FF  FF  27  02  00  00  C1  06  00  00  6D  23  14  
00  03  00  00  00  40  7B  AE  76  3E  86  FF  FC  5D  51  08  03  89  33  5C  0A  6D  24  24  00  
02  00  00  00  00  00  00  00  00  00  00  00  00  00  00  00  00  00  00  00  00  00  00  00  00  
00  00  00  00  00  00  00  00  00  00  00  6D  31  20  00  03  00  00  00  01  49  00  00  8A  5D  
FF  FF  96  3D  01  00  5B  BE  07  00  C3  80  06  00  AE  0F  70  FF  03  61  07  00  6D  32  24  
00  03  00  00  00  E4  97  0B  00  4B  08  CD  7B  01  00  00  00  A9  13  1B  8D  05  00  00  00  
03  00  00  00  05  00  00  00  01  00  00  00  6D  33  10  00  03  00  00  00  E3  07  02  19  12  
29  3B  00  01  00  12  00  6D  34  14  00  03  00  00  00  DF  4F  03  00  87  38  FF  FF  F9  3E  
04  00  B8  DB  07  00  6D  35  0C  00  03  00  00  00  2A  8D  01  00  28  12  07  00  41  53  93  
21  47  4E  00  00  13  87  02  00  00  00  00  00  00  00  28  01  6D  15  14  00  02  01  00  00  
03  04  03  00  00  00  00  00  00  00  00  00  00  00  00  00  6D  16  10  00  03  00  00  00  00  
E3  07  02  19  12  29  3B  00  89  00  00  00  6D  21  1C  00  03  00  00  00  AB  00  00  00  D8  
FF  FF  FF  6B  FF  FF  FF  14  00  00  00  EA  FF  FF  FF  2B  00  00  00  6D  22  10  00  03  00  
00  00  36  FE  FF  FF  27  02  00  00  C1  00  06  00  00  6D  23  14  00  03  00  00  00  15  82  
AE  76  8F  C8  FF  FC  3E  47  08  03  70  FB  5B  0A  6D  24  24  00  02  00  00  00  00  00  00  
00  00  00  00  00  00  00  00  00  00  00  00  00  00  00  00  00  00  00  00  00  00  00  00  00  
00  00  00  00  00  6D  31  20  00  03  00  00  00  7D  A7  00  00  9A  77  FF  FF  8A  D4  00  00  
80  45  08  00  A1  46  06  00  37  0B  70  FF  BE  61  07  00  6D  32  24  00  03  00  00  00  E4  
97  0B  00  4B  08  CD  7B  01  00  00  00  A9  00  13  1B  8D  05  00  00  00  03  00  00  00  05  
00  00  00  01  00  00  00  6D  33  10  00  03  00  00  00  E3  07  02  19  12  29  3B  00  01  00  
12  00  6D  34  14  00  03  00  00  00  51  48  03  00  8C  47  FF  FF  F2  3E  04  00  B8  DB  07  
00  6D  35  0C  00  03  00  00  F5  47  4E  00  00  14  87  02  00  00  00  00  00  00  00  28  01  
6D  15  14  00  02  01  00  00  03  04  03  00  00  00  00  00  00  00  00  00  00  00  00  00  6D  
16  10  00  03  00  00  00  E3  07  02  19  12  29  3B  00  93  00  00  00  6D  21  1C  00  03  00  
00  00  06  01  00  00  96  FF  FF  FF  9F  00  00  00  08  00  00  00  EB  FF  FF  FF  51  00  00  
00  6D  22  10  00  03  00  00  00  36  FE  FF  FF  26  02  00  00  C1  06  00  00  6D  23  14  00  
03  00  00  00  D2  7F  AE  76  61  34  00  FD  3C  2B  08  03  C1  3C  5C  0A  6D  24  24  00  02  
00  00  00  00  00  00  00  00  00  00  00  00  00  00  00  00  00  00  00  00  00  00  00  00  00  
00  00  00  00  00  00  00  00  00  00  6D  31  20  00  03  00  00  00  1C  CB  00  00  00  5E  FF  
FF  80  4C  01  00  D4  15  08  00  72  48  06  00  8E  9D  70  FF  72  62  07  00  6D  32  24  00  
03  00  00  00  E4  97  0B  00  4B  08  CD  7B  01  00  00  00  A9  13  1B  8D  05  00  00  00  03  
00  00  00  05  00  00  00  01  00  00  00  6D  33  10  00  03  00  00  00  E3  07  02  19  12  29  
3B  00  01  00  12  00  6D  34  14  00  03  00  00  00  00  49  03  00  D3  83  FF  FF  F1  3E  04  
00  B8  DB  07  00  6D  35  0C  00  03  00  00  00  28  8D  01  00  73  12  07  00  41  53  B9  E7  
47  4E  00  00  15  87  02  00  00  00  00  00  00  00  28  01  6D  15  14  00  02  01  00  00  03  
04  03  00  00  00  00  00  00  00  00  00  00  00  00  00  6D  16  10  00  03  00  00  00  00  E3  
07  02  19  12  29  3B  00  9D  00  00  00  6D  21  1C  00  03  00  00  00  AC  FE  FF  FF  C6  00  
00  00  29  00  00  00  EA  FF  FF  FF  0B  00  00  00  2D  00  00  00  6D  22  10  00  03  00  00  
00  36  FE  FF  FF  27  02  00  00  C1  00  06  00  00  6D  23  14  00  03  00  00  00  AC  78  AE  
76  3B  AA  FF  FC  85  6F  08  03  AF  52  5C  0A  6D  24  24  00  02  00  00  00  00  00  00  00  
00  00  00  00  00  00  00  00  00  00  00  00  00  00  00  00  00  00  00  00  00  00  00  00  00  
00  00  00  00  6D  31  20  00  03  00  00  00  1D  E0  FF  FF  BB  D4  FF  FF  55  1E  01  00  95  
A1  07  00  11  C6  06  00  5B  14  70  FF  27  62  07  00  6D  32  24  00  03  00  00  00  E4  97  
0B  00  4B  08  CD  7B  01  00  00  00  A9  00  13  1B  8D  05  00  00  00  03  00  00  00  05  00  
00  00  01  00  00  00  6D  33  10  00  03  00  00  00  E3  07  02  19  12  29  3B  00  01  00  12  
00  6D  34  14  00  03  00  00  00  3D  6B  03  00  D6  56  FF  FF  11  3F  04  00  6C  BE  07  00  
6D  35  0C  00  03  00  00  5B  47  4E  00  00  16  87  02  00  02  01  01  01  00  00  28  01  6D  
15  14  00  02  01  00  00  03  04  03  00  00  00  00  00  00  00  00  00  00  00  00  00  6D  16  
10  00  03  00  00  00  E3  07  02  19  12  29  3B  00  A7  00  00  00  6D  21  1C  00  03  00  00  
00  D4  FF  FF  FF  D7  FF  FF  FF  F3  FF  FF  FF  F6  FF  FF  FF  ED  FF  FF  FF  25  00  00  00  
6D  22  10  00  03  00  00  00  36  FE  FF  FF  27  02  00  00  C1  06  00  00  6D  23  14  00  03  
00  00  00  AC  78  AE  76  39  9B  FF  FC  BA  5F  08  03  ED  52  5C  0A  6D  24  24  00  02  00  
00  00  00  00  00  00  00  00  00  00  00  00  00  00  00  00  00  00  00  00  00  00  00  00  00  
00  00  00  00  00  00  00  00  00  6D  31  20  00  03  00  00  00  9B  53  00  00  76  77  FF  FF  
3B  09  01  00  27  D1  07  00  07  52  06  00  9A  F1  6F  FF  6C  61  07  00  6D  32  24  00  03  
00  00  00  90  96  0B  00  4B  08  CD  7B  01  00  00  00  DE  13  1B  8D  05  00  00  00  FD  FF  
FF  FF  00  00  00  00  01  00  00  00  6D  33  10  00  03  00  00  00  E3  07  02  19  12  29  3B  
00  01  00  12  00  6D  34  14  00  03  00  00  00  0B  67  03  00  AC  38  FF  FF  0E  3F  04  00  
F4  D1  07  00  6D  35  0C  00  03  00  00  00  2A  8D  01  00  5A  12  07  00  41  53  75  0B  47  
4E  00  00  17  87  02  00  00  00  00  00  00  00  28  01  6D  15  14  00  02  01  00  00  03  04  
03  00  00  00  00  00  00  00  00  00  00  00  00  00  6D  16  10  00  03  00  00  00  00  E3  07  
02  19  12  29  3B  00  B1  00  00  00  6D  21  1C  00  03  00  00  00  09  00  00  00  41  00  00  
00  00  00  00  00  01  00  00  00  01  00  00  00  2D  00  00  00  6D  22  10  00  03  00  00  00  
36  FE  FF  FF  27  02  00  00  C1  00  06  00  00  6D  23  14  00  03  00  00  00  B2  77  AE  76  
76  9D  FF  FC  35  7B  08  03  B8  56  5C  0A  6D  24  24  00  02  00  00  00  00  00  00  00  00  
00  00  00  00  00  00  00  00  00  00  00  00  00  00  00  00  00  00  00  00  00  00  00  00  00  
00  00  00  6D  31  20  00  03  00  00  00  46  68  00  00  1A  A1  FF  FF  29  0E  01  00  D4  FC  
07  00  EB  9E  06  00  0F  12  70  FF  D5  61  07  00  6D  32  24  00  03  00  00  00  90  96  0B  
00  4B  08  CD  7B  01  00  00  00  DE  00  13  1B  8D  05  00  00  00  FD  FF  FF  FF  00  00  00  
00  01  00  00  00  6D  33  10  00  03  00  00  00  E3  07  02  19  12  29  3B  00  01  00  12  00  
6D  34  14  00  03  00  00  00  6E  57  03  00  81  29  FF  FF  01  3F  04  00  40  EF  07  00  6D  
35  0C  00  03  00  00  4A  47  4E  00  00  18  87  02  00  00  00  00  00  00  00  28  01  6D  15  
14  00  02  01  00  00  03  04  03  00  00  00  00  00  00  00  00  00  00  00  00  00  6D  16  10  
00  03  00  00  00  E3  07  02  19  12  29  3B  00  BB  00  00  00  6D  21  1C  00  03  00  00  00  
80  01  00  00  AF  FF  FF  FF  41  00  00  00  FE  FF  FF  FF  EC  FF  FF  FF  49  00  00  00  6D  
22  10  00  03  00  00  00  36  FE  FF  FF  27  02  00  00  C1  06  00  00  6D  23  14  00  03  00  
00  00  9D  79  AE  76  7F  37  00  FD  4F  6B  08  03  08  72  5C  0A  6D  24  24  00  02  00  00  
00  00  00  00  00  00  00  00  00  00  00  00  00  00  00  00  00  00  00  00  00  00  00  00  00  
00  00  00  00  00  00  00  00  6D  31  20  00  03  00  00  00  AF  FA  00  00  50  68  FF  FF  C5  
27  01  00  21  F1  07  00  1D  4B  06  00  37  7F  70  FF  64  61  07  00  6D  32  24  00  03  00  
00  00  90  96  0B  00  4B  08  CD  7B  01  00  00  00  DE  13  1B  8D  05  00  00  00  FD  FF  FF  
FF  00  00  00  00  01  00  00  00  6D  33  10  00  03  00  00  00  E3  07  02  19  12  29  3B  00  
01  00  12  00  6D  34  14  00  03  00  00  00  B0  38  03  00  61  38  FF  FF  E5  3E  04  00  E4  
AA  07  00  6D  35  0C  00  03  00  00  00  24  8D  01  00  D7  12  07  00  41  53  A1  90  47  4E  
00  00  19  87  02  00  64  00  00  00  00  00  28  01  6D  15  14  00  02  01  00  00  03  04  03  
00  00  00  00  00  00  00  00  00  00  00  00  00  6D  16  10  00  03  00  00  00  00  E3  07  02  
19  12  29  3B  00  C5  00  00  00  6D  21  1C  00  03  00  00  00  0A  00  00  00  5E  FF  FF  FF  
1B  00  00  00  E9  FF  FF  FF  E0  FF  FF  FF  3B  00  00  00  6D  22  10  00  03  00  00  00  36  
FE  FF  FF  26  02  00  00  C1  00  06  00  00  6D  23  14  00  03  00  00  00  F8  79  AE  76  D6  
42  00  FD  64  2E  08  03  0F  83  5C  0A  6D  24  24  00  02  00  00  00  00  00  00  00  00  00  
00  00  00  00  00  00  00  00  00  00  00  00  00  00  00  00  00  00  00  00  00  00  00  00  00  
00  00  6D  31  20  00  03  00  00  00  7B  68  00  00  D5  48  FF  FF  E5  18  01  00  8A  9D  07  
00  2C  1C  06  00  E9  49  70  FF  82  61  07  00  6D  32  24  00  03  00  00  00  90  96  0B  00  
4B  08  CD  7B  01  00  00  00  DE  00  13  1B  8D  05  00  00  00  FD  FF  FF  FF  00  00  00  00  
01  00  00  00  6D  33  10  00  03  00  00  00  E3  07  02  19  12  29  3B  00  01  00  12  00  6D  
34  14  00  03  00  00  00  F6  2C  03  00  00  2D  FF  FF  DB  3E  04  00  83  CF  07  00  6D  35  
0C  00  03  00  00  68  47  4E  00  00  1A  87  02  00  00  00  00  00  00  00  28  01  6D  15  14  
00  02  01  00  00  03  04  03  00  00  00  00  00  00  00  00  00  00  00  00  00  6D  16  10  00  
03  00  00  00  E3  07  02  19  12  29  3B  00  CF  00  00  00  6D  21  1C  00  03  00  00  00  81  
00  00  00  82  00  00  00  D7  FF  FF  FF  F1  FF  FF  FF  F4  FF  FF  FF  3D  00  00  00  6D  22  
10  00  03  00  00  00  37  FE  FF  FF  27  02  00  00  C1  06  00  00  6D  23  14  00  03  00  00  
00  FA  7A  AE  76  0D  72  00  FD  01  66  08  03  E2  74  5C  0A  6D  24  24  00  02  00  00  00  
00  00  00  00  00  00  00  00  00  00  00  00  00  00  00  00  00  00  00  00  00  00  00  00  00  
00  00  00  00  00  00  00  6D  31  20  00  03  00  00  00  2F  97  00  00  2F  BB  FF  FF  25  FE  
00  00  7D  BD  07  00  20  6B  06  00  DE  50  70  FF  6A  62  07  00  6D  32  24  00  03  00  00  
00  90  96  0B  00  4B  08  CD  7B  01  00  00  00  DE  13  1B  8D  05  00  00  00  FD  FF  FF  FF  
00  00  00  00  01  00  00  00  6D  33  10  00  03  00  00  00  E3  07  02  19  12  29  3B  00  01  
00  12  00  6D  34  14  00  03  00  00  00  B0  34  03  00  0D  2D  FF  FF  E2  3E  04  00  65  D4  
07  00  6D  35  0C  00  03  00  00  00  25  8D  01  00  F6  11  07  00  41  53  B2  04  47  4E  00  
00  1B  87  02  00  02  01  00  00  00  00  28  01  6D  15  14  00  02  01  00  00  03  04  03  00  
00  00  00  00  00  00  00  00  00  00  00  00  6D  16  10  00  03  00  00  00  00  E3  07  02  19  
12  29  3B  00  D9  00  00  00  6D  21  1C  00  03  00  00  00  DE  00  00  00  25  00  00  00  27  
00  00  00  18  00  00  00  F6  FF  FF  FF  49  00  00  00  6D  22  10  00  03  00  00  00  37  FE  
FF  FF  27  02  00  00  C1  00  06  00  00  6D  23  14  00  03  00  00  00  12  7B  AE  76  F0  C9  
00  FD  8A  7D  08  03  5C  86  5C  0A  6D  24  24  00  02  00  00  00  00  00  00  00  00  00  00  
00  00  00  00  00  00  00  00  00  00  00  00  00  00  00  00  00  00  00  00  00  00  00  00  00  
00  6D  31  20  00  03  00  00  00  B9  BB  00  00  F1  96  FF  FF  6F  1D  01  00  3E  57  08  00  
6F  70  06  00  98  81  70  FF  27  62  07  00  6D  32  24  00  03  00  00  00  90  96  0B  00  4B  
08  CD  7B  01  00  00  00  DE  00  13  1B  8D  05  00  00  00  FD  FF  FF  FF  00  00  00  00  01  
00  00  00  6D  33  10  00  03  00  00  00  E3  07  02  19  12  29  3B  00  01  00  12  00  6D  34  
14  00  03  00  00  00  99  57  03  00  93  38  FF  FF  00  3F  04  00  6C  BE  07  00  6D  35  0C  
00  03  00  00  41  47  4E  00  00  1C  87  02  00  03  04  03  00  00  00  28  01  6D  15  14  00  
02  01  00  00  03  04  03  00  00  00  00  00  00  00  00  00  00  00  00  00  6D  16  10  00  03  
00  00  00  E3  07  02  19  12  29  3B  00  E3  00  00  00  6D  21  1C  00  03  00  00  00  25  FF  
FF  FF  16  00  00  00  E6  FF  FF  FF  FB  FF  FF  FF  0F  00  00  00  38  00  00  00  6D  22  10  
00  03  00  00  00  37  FE  FF  FF  27  02  00  00  C1  06  00  00  6D  23  14  00  03  00  00  00  
1D  79  AE  76  66  75  00  FD  6C  80  08  03  76  83  5C  0A  6D  24  24  00  02  00  00  00  00  
00  00  00  00  00  00  00  00  00  00  00  00  00  00  00  00  00  00  00  00  00  00  00  00  00  
00  00  00  00  00  00  6D  31  20  00  03  00  00  00  96  0F  00  00  44  91  FF  FF  3B  04  01  
00  31  E5  07  00  2B  D2  06  00  10  3E  70  FF  AF  61  07  00  6D  32  24  00  03  00  00  00  
90  96  0B  00  4B  08  CD  7B  01  00  00  00  DE  13  1B  8D  05  00  00  00  FD  FF  FF  FF  00  
00  00  00  01  00  00  00  6D  33  10  00  03  00  00  00  E3  07  02  19  12  29  3B  00  01  00  
12  00  6D  34  14  00  03  00  00  00  B0  38  03  00  61  38  FF  FF  E5  3E  04  00  6C  BE  07  
00  6D  35  0C  00  03  00  00  00  24  8D  01  00  28  12  07  00  41  53  84  6D  47  4E  00  00  
1D  87  02  00  00  00  00  00  00  00  28  01  6D  15  14  00  02  01  00  00  03  04  03  00  00  
00  00  00  00  00  00  00  00  00  00  00  6D  16  10  00  03  00  00  00  00  E3  07  02  19  12  
29  3B  00  ED  00  00  00  6D  21  1C  00  03  00  00  00  99  00  00  00  E2  FF  FF  FF  A0  00  
00  00  F2  FF  FF  FF  F1  FF  FF  FF  32  00  00  00  6D  22  10  00  03  00  00  00  37  FE  FF  
FF  27  02  00  00  C1  00  06  00  00  6D  23  14  00  03  00  00  00  26  75  AE  76  24  B5  00  
FD  B0  7C  08  03  68  C4  5C  0A  6D  24  24  00  02  00  00  00  00  00  00  00  00  00  00  00  
00  00  00  00  00  00  00  00  00  00  00  00  00  00  00  00  00  00  00  00  00  00  00  00  00  
6D  31  20  00  03  00  00  00  29  A1  00  00  13  7D  FF  FF  97  4C  01  00  42  C2  07  00  0D  
5D  06  00  26  27  70  FF  B5  62  07  00  6D  32  24  00  03  00  00  00  90  96  0B  00  4B  08  
CD  7B  01  00  00  00  DE  00  13  1B  8D  05  00  00  00  FD  FF  FF  FF  00  00  00  00  01  00  
00  00  6D  33  10  00  03  00  00  00  E3  07  02  19  12  29  3B  00  01  00  12  00  6D  34  14  
00  03  00  00  00  62  4F  03  00  AF  16  FF  FF  B2  4A  04  00  E2  57  07  00  6D  35  0C  00  
03  00  00  AD  47  4E  00  00  1E  87  02  00  00  00  00  00  00  00  28  01  6D  15  14  00  02  
01  00  00  03  04  03  00  00  00  00  00  00  00  00  00  00  00  00  00  6D  16  10  00  03  00  
00  00  E3  07  02  19  12  29  3B  00  F7  00  00  00  6D  21  1C  00  03  00  00  00  DF  FF  FF  
FF  9F  FF  FF  FF  0E  00  00  00  F6  FF  FF  FF  FD  FF  FF  FF  50  00  00  00  6D  22  10  00  
03  00  00  00  37  FE  FF  FF  27  02  00  00  C1  06  00  00  6D  23  14  00  03  00  00  00  EF  
74  AE  76  09  AE  00  FD  13  57  08  03  D2  CF  5C  0A  6D  24  24  00  02  00  00  00  00  00  
00  00  00  00  00  00  00  00  00  00  00  00  00  00  00  00  00  00  00  00  00  00  00  00  00  
00  00  00  00  00  6D  31  20  00  03  00  00  00  B7  58  00  00  C5  62  FF  FF  B3  13  01  00  
55  D2  07  00  29  8C  06  00  05  9B  70  FF  AF  61  07  00  6D  32  24  00  03  00  00  00  90  
96  0B  00  4B  08  CD  7B  01  00  00  00  DE  13  1B  8D  05  00  00  00  FD  FF  FF  FF  00  00  
00  00  01  00  00  00  6D  33  10  00  03  00  00  00  E3  07  02  19  12  29  3B  00  01  00  12  
00  6D  34  14  00  03  00  00  00  81  4F  03  00  32  1E  FF  FF  CB  46  04  00  00  53  07  00  
6D  35  0C  00  03  00  00  00  29  8D  01  00  D7  12  07  00  41  53  9B  A6  47  4E  00  00  1F  
87  02  00  00  00  00  00  00  00  28  01  6D  15  14  00  02  01  00  00  03  04  03  00  00  00  
00  00  00  00  00  00  00  00  00  00  6D  16  10  00  03  00  00  00  00  E3  07  02  19  12  29  
3B  00  01  01  00  00  6D  21  1C  00  03  00  00  00  07  00  00  00  B6  00  00  00  CA  FF  FF  
FF  F9  FF  FF  FF  F5  FF  FF  FF  45  00  00  00  6D  22  10  00  03  00  00  00  37  FE  FF  FF  
27  02  00  00  C1  00  06  00  00  6D  23  14  00  03  00  00  00  B1  74  AE  76  CE  AB  00  FD  
66  9E  08  03  15  BD  5C  0A  6D  24  24  00  02  00  00  00  00  00  00  00  00  00  00  00  00  
00  00  00  00  00  00  00  00  00  00  00  00  00  00  00  00  00  00  00  00  00  00  00  00  6D  
31  20  00  03  00  00  00  53  68  00  00  BF  CF  FF  FF  1F  F9  00  00  3E  DE  07  00  DB  6D  
06  00  49  71  70  FF  CD  61  07  00  6D  32  24  00  03  00  00  00  90  96  0B  00  4B  08  CD  
7B  01  00  00  00  DE  00  13  1B  8D  05  00  00  00  FD  FF  FF  FF  00  00  00  00  01  00  00  
00  6D  33  10  00  03  00  00  00  E3  07  02  19  12  29  3B  00  01  00  12  00  6D  34  14  00  
03  00  00  00  2C  39  03  00  6F  56  FF  FF  47  2F  04  00  E4  AA  07  00  6D  35  0C  00  03  
00  00  95  47  4E  00  00  20  87  02  00  14  00  00  00  00  00  28  01  6D  15  14  00  02  01  
00  00  03  04  03  00  00  00  00  00  00  00  00  00  00  00  00  00  6D  16  10  00  03  00  00  
00  E3  07  02  19  12  29  3B  00  0B  01  00  00  6D  21  1C  00  03  00  00  00  E1  FE  FF  FF  
C5  FF  FF  FF  0F  00  00  00  FF  FF  FF  FF  FA  FF  FF  FF  3E  00  00  00  6D  22  10  00  03  
00  00  00  36  FE  FF  FF  27  02  00  00  C1  06  00  00  6D  23  14  00  03  00  00  00  9A  71  
AE  76  3A  40  00  FD  EA  7E  08  03  8F  CA  5C  0A  6D  24  24  00  02  00  00  00  00  00  00  
00  00  00  00  00  00  00  00  00  00  00  00  00  00  00  00  00  00  00  00  00  00  00  00  00  
00  00  00  00  6D  31  20  00  03  00  00  00  90  F5  FF  FF  07  72  FF  FF  28  14  01  00  A0  
F3  07  00  E0  80  06  00  51  55  70  FF  19  61  07  00  6D  32  24  00  03  00  00  00  40  96  
0B  00  4B  08  CD  7B  01  00  00  00  12  14  1B  8D  05  00  00  00  FE  FF  FF  FF  01  00  00  
00  00  00  00  00  6D  33  10  00  03  00  00  00  E3  07  02  19  12  29  3B  00  01  00  12  00  
6D  34  14  00  03  00  00  00  D2  76  03  00  E8  56  FF  FF  1B  3F  04  00  7C  E5  07  00  6D  
35  0C  00  03  00  00  00  1E  8D  01  00  41  12  07  00  41  53  CD  70  47  4E  00  00  21  87  
02  00  3D  87  01  00  00  00  28  01  6D  15  14  00  02  01  00  00  03  04  03  00  00  00  00  
00  00  00  00  00  00  00  00  00  6D  16  10  00  03  00  00  00  00  E3  07  02  19  12  29  3B  
00  15  01  00  00  6D  21  1C  00  03  00  00  00  56  00  00  00  69  FF  FF  FF  BB  00  00  00  
F3  FF  FF  FF  01  00  00  00  2D  00  00  00  6D  22  10  00  03  00  00  00  37  FE  FF  FF  27  
02  00  00  C1  00  06  00  00  6D  23  14  00  03  00  00  00  41  6D  AE  76  4B  6A  00  FD  17  
4A  08  03  02  18  5D  0A  6D  24  24  00  02  00  00  00  00  00  00  00  00  00  00  00  00  00  
00  00  00  00  00  00  00  00  00  00  00  00  00  00  00  00  00  00  00  00  00  00  00  6D  31  
20  00  03  00  00  00  62  87  00  00  36  4E  FF  FF  67  57  01  00  F9  C4  07  00  D4  9E  06  
00  05  12  70  FF  99  61  07  00  6D  32  24  00  03  00  00  00  40  96  0B  00  4B  08  CD  7B  
01  00  00  00  12  00  14  1B  8D  05  00  00  00  FE  FF  FF  FF  01  00  00  00  00  00  00  00  
6D  33  10  00  03  00  00  00  E3  07  02  19  12  29  3B  00  01  00  12  00  6D  34  14  00  03  
00  00  00  1E  48  03  00  13  40  FF  FF  AA  4A  04  00  7C  E5  07  00  6D  35  0C  00  03  00  
00  27  47  4E  00  00  22  87  02  00  01  16  01  60  00  00  28  01  6D  15  14  00  02  01  00  
00  03  04  03  00  00  00  00  00  00  00  00  00  00  00  00  00  6D  16  10  00  03  00  00  00  
E3  07  02  19  12  29  3B  00  1F  01  00  00  6D  21  1C  00  03  00  00  00  2C  01  00  00  09  
00  00  00  83  00  00  00  12  00  00  00  FD  FF  FF  FF  3E  00  00  00  6D  22  10  00  03  00  
00  00  37  FE  FF  FF  27  02  00  00  C2  06  00  00  6D  23  14  00  03  00  00  00  53  6B  AE  
76  51  E1  00  FD  F1  59  08  03  E1  4B  5D  0A  6D  24  24  00  02  00  00  00  00  00  00  00  
00  00  00  00  00  00  00  00  00  00  00  00  00  00  00  00  00  00  00  00  00  00  00  00  00  
00  00  00  6D  31  20  00  03  00  00  00  F5  DA  00  00  A5  8C  FF  FF  DF  41  01  00  34  40  
08  00  7F  8C  06  00  6A  55  70  FF  CD  61  07  00  6D  32  24  00  03  00  00  00  40  96  0B  
00  4B  08  CD  7B  01  00  00  00  12  14  1B  8D  05  00  00  00  FE  FF  FF  FF  01  00  00  00  
00  00  00  00  6D  33  10  00  03  00  00  00  E3  07  02  19  12  29  3B  00  01  00  12  00  6D  
34  14  00  03  00  00  00  96  38  03  00  71  38  FF  FF  9D  4A  04  00  F4  D1  07  00  6D  35  
0C  00  03  00  00  00  26  8D  01  00  5A  12  07  00  41  53  F1  C0  47  4E  00  00  23  87  02  
00  2A  00  00  00  00  00  28  01  6D  15  14  00  02  01  00  00  03  04  03  00  00  00  00  00  
00  00  00  00  00  00  00  00  6D  16  10  00  03  00  00  00  00  E3  07  02  19  12  29  3B  00  
29  01  00  00  6D  21  1C  00  03  00  00  00  A7  FF  FF  FF  EE  FF  FF  FF  85  00  00  00  F4  
FF  FF  FF  12  00  00  00  33  00  00  00  6D  22  10  00  03  00  00  00  37  FE  FF  FF  27  02  
00  00  C2  06  00  00  6D  23  14  00  03  00  00  00  D1  65  AE  76  5A  C1  00  FD  1A  52  08  
03  FA  83  5D  0A  6D  24  24  00  02  00  00  00  00  00  00  00  00  00  00  00  00  00  00  00  
00  00  00  00  00  00  00  00  00  00  00  00  00  00  00  00  00  00  00  00  6D  31  20  00  03  
00  00  00  47  43  00  00  03  82  FF  FF  A1  42  01  00  49  CB  07  00  CC  DF  06  00  41  29  
70  FF  54  62  07  00  6D  32  24  00  03  00  00  00  40  96  0B  00  4B  08  CD  7B  01  00  00  
00  12  14  1B  8D  05  00  00  00  FE  FF  FF  FF  01  00  00  00  00  00  00  00  6D  33  10  00  
03  00  00  00  E3  07  02  19  12  29  3B  00  01  00  12  00  6D  34  14  00  03  00  00  00  B0  
38  03  00  61  38  FF  FF  E5  3E  04  00  5C  97  07  00  6D  35  0C  00  03  00  00  8D  01  00  
28  12  07  00  41  53  B1  C2  47  4E  00  00  38  87  02  00  00  00  00  00  00  00  28  01  6D  
15  14  00  02  01  00  00  03  04  03  00  00  00  00  00  00  00  00  00  00  00  00  00  6D  16  
10  00  03  00  00  00  E3  07  02  19  12  29  3B  00  FB  01  00  00  6D  21  1C  00  03  00  00  
00  06  FF  FF  FF  D1  00  00  00  B5  FF  FF  FF  02  00  00  00  F7  FF  FF  FF  34  00  00  00  
6D  22  10  00  03  00  00  00  37  FE  FF  FF  26  02  00  00  C2  06  00  00  6D  23  14  00  03  
00  00  00  02  5C  AE  76  E7  48  01  FD  EE  B6  07  03  D4  48  5E  0A  6D  24  24  00  02  00  
00  00  00  00  00  00  00  00  00  00  00  00  00  00  00  00  00  00  00  00  00  00  00  00  00  
00  00  00  00  00  00  00  00  00  6D  31  20  00  03  00  00  00  E8  04  00  00  ED  D9  FF  FF  
52  F4  00  00  00  FF  07  00  C7  74  06  00  B4  2B  70  FF  36  62  07  00  6D  32  24  00  03  
00  00  00  92  94  0B  00  5C  08  CD  7B  01  00  00  00  69  14  1B  8D  05  00  00  00  FE  FF  
FF  FF  04  00  00  00  00  00  00  00  6D  33  10  00  03  00  00  00  E3  07  02  19  12  29  3B  
00  01  00  12  00  6D  34  14  00  03  00  00  00  D3  57  03  00  F5  65  FF  FF  40  5E  04  00  
00  40  EF  07  00  6D  35  0C  00  03  00  00  00  24  8D  01  00  73  12  07  00  41  53  A2  95  
47  4E  00  00  39  87  02  00  00  00  00  00  00  00  28  01  6D  15  14  00  02  01  00  00  03  
04  03  00  00  00  00  00  00  00  00  00  00  00  00  00  6D  16  10  00  03  00  00  00  E3  07  
02  19  12  29  3B  00  05  02  00  00  6D  21  1C  00  03  00  00  00  BC  01  00  00  84  00  00  
00  60  00  00  00  13  00  00  00  FF  FF  FF  FF  51  00  00  00  6D  22  10  00  03  00  00  00  
38  FE  FF  FF  26  02  00  00  C2  06  00  00  6D  23  14  00  03  00  00  00  76  5B  AE  76  03  
F4  01  FD  37  FB  07  03  89  6C  5E  0A  6D  24  24  00  02  00  00  00  00  00  00  00  00  00  
00  00  00  00  00  00  00  00  00  00  00  00  00  00  00  00  00  00  00  00  00  00  00  00  00  
00  6D  31  20  00  03  00  00  00  61  14  01  00  75  BB  FF  FF  EF  36  01  00  15  42  08  00  
0C  91  06  00  60  9D  70  FF  02  62  07  00  6D  32  24  00  03  00  00  00  92  94  0B  00  5C  
08  CD  7B  01  00  00  00  01  00  12  00  6D  34  14  00  03  00  00  00  E2  4F  03  00  1B  40  
FF  FF  CB  46  04  00  40  EF  07  00  6D  35  0C  00  03  00  00  00  2A  8D  01  00  41  12  07  
00  41  53  90  31  47  4E  00  00  3A  87  02  00  00  00  00  00  00  00  28  01  6D  15  14  00  
02  01  00  00  03  04  03  00  00  00  00  00  00  00  00  00  00  00  00  00  6D  16  10  00  03  
00  00  00  E3  07  02  19  12  29  3B  00  0F  02  00  00  6D  21  1C  00  03  00  00  00  48  00  
00  00  79  FF  FF  FF  DD  FF  FF  FF  0F  00  00  00  E8  FF  FF  FF  31  00  00  00  6D  22  10  
00  03  00  00  00  38  FE  FF  FF  26  02  00  00  C2  06  00  00  6D  23  14  00  03  00  00  00  
35  5E  AE  76  3E  16  02  FD  D6  CA  07  03  1C  65  5E  0A  6D  24  24  00  02  00  00  00  00  
00  00  00  00  00  00  00  00  00  00  00  00  00  00  00  00  00  00  00  00  00  00  00  00  00  
00  00  00  00  00  00  6D  31  20  00  03  00  00  00  FB  82  00  00  23  53  FF  FF  F0  03  01  
00  56  33  08  00  C4  36  06  00  FB  1F  70  FF  93  60  07  00  6D  32  24  00  03  00  00  00  
92  94  0B  00  5C  08  CD  7B  01  00  00  00  69  14  1B  8D  05  00  00  00  FE  FF  FF  FF  04  
00  00  00  00  00  00  00  6D  33  10  00  03  00  00  00  E3  07  02  19  12  29  3B  00  01  00  
12  00  6D  34  14  00  03  00  00  00  2A  48  03  00  E1  30  FF  FF  3C  33  04  00  B8  DB  07  
00  6D  35  0C  00  03  00  00  00  2B  8D  01  00  5A  12  07  00  41  53  A7  57  47  4E  00  00  
3B  87  02  00  00  00  00  00  00  00  28  01  6D  15  14  00  02  01  00  00  03  04  03  00  00  
00  00  00  00  00  00  00  00  00  00  00  6D  16  10  00  03  00  00  00  E3  07  02  19  12  29  
3B  00  19  02  00  00  6D  21  1C  00  03  00  00  00  62  00  00  00  6C  FF  FF  FF  11  00  00  
00  FA  FF  FF  FF  10  00  00  00  58  00  00  00  6D  22  10  00  03  00  00  00  38  FE  FF  FF  
26  02  00  00  C2  06  00  00  6D  23  14  00  03  00  00  00  88  5F  AE  76  24  43  02  FD  12  
97  07  03  0B  72  5E  0A  6D  24  24  00  02  00  00  00  00  00  00  00  00  00  00  00  00  00  
00  00  00  00  00  00  00  00  00  00  00  00  00  00  00  00  00  00  00  00  00  00  6D  31  20  
00  03  00  00  00  0C  8D  00  00  20  4E  FF  FF  B7  18  01  00  9D  DD  07  00  7C  D4  06  00  
14  B9  70  FF  99  61  07  00  6D  32  24  00  03  00  00  00  92  94  0B  00  5C  08  CD  7B  01  
00  00  00  69  14  1B  8D  05  00  00  00  FE  FF  FF  FF  04  00  00  00  00  00  00  00  6D  33  
10  3B  00  01  00  12  00  6D  34  14  00  03  00  00  00  D4  48  03  00  C1  74  FF  FF  F1  3E  
04  00  20  A1  07  00  6D  35  0C  00  03  00  00  00  2A  8D  01  00  28  12  07  00  41  53  6D  
B0  47  4E  00  00  3C  87  02  00  00  00  00  00  00  00  28  01  6D  15  14  00  02  01  00  00  
03  04  03  00  00  00  00  00  00  00  00  00  00  00  00  00  6D  16  10  00  03  00  00  00  E3  
07  02  19  12  29  3B  00  23  02  00  00  6D  21  1C  00  03  00  00  00  B1  00  00  00  19  00  
00  00  7B  00  00  00  F6  FF  FF  FF  FE  FF  FF  FF  4D  00  00  00  6D  22  10  00  03  00  00  
00  38  FE  FF  FF  26  02  00  00  C3  06  00  00  6D  23  14  00  03  00  00  00  57  5C  AE  76  
B2  89  02  FD  63  AA  07  03  49  A5  5E  0A  6D  24  24  00  02  00  00  00  00  00  00  00  00  
00  00  00  00  00  00  00  00  00  00  00  00  00  00  00  00  00  00  00  00  00  00  00  00  00  
00  00  6D  31  20  00  03  00  00  00  0B  AC  00  00  A5  91  FF  FF  21  42  01  00  3A  D0  07  
00  54  8C  06  00  59  8F  70  FF  46  61  07  00  6D  32  24  00  03  00  00  00  92  94  0B  00  
5C  08  CD  7B  01  00  00  00  69  14  1B  8D  05  00  00  00  FE  FF  FF  FF  04  00  00  00  00  
00  00  00  6D  33  10  00  03  00  00  00  E3  07  02  19  12  29  3B  00  01  00  12  00  6D  34  
14  00  03  00  00  00  49  48  03  00  64  38  FF  FF  55  2F  04  00  20  A1  07  00  6D  35  0C  
00  03  00  00  00  26  8D  01  00  41  12  07  00  41  53  B0  1D  47  4E  00  00  3D  87  02  00  
00  00  00  00  00  00  28  01  6D  15  14  00  02  01  00  00  03  04  03  00  00  00  00  00  00  
00  00  00  00  00  00  00  6D  16  10  00  03  00  00  00  E3  07  02  19  12  29  3B  00  2D  02  
00  00  6D  21  1C  00  03  00  00  00  89  00  00  00  0C  00  00  00  A4  FF  FF  FF  EF  FF  FF  
FF  EF  FF  FF  FF  50  00  00  00  6D  22  10  00  03  00  00  00  38  FE  FF  FF  26  02  00  00  
C2  06  00  00  6D  23  14  00  03  00  00  00  31  60  AE  76  28  BF  02  FD  17  B5  07  03  7E  
85  5E  0A  6D  24  24  00  02  00  00  00  00  00  00  00  00  00  00  00  00  00  00  00  00  00  
00  00  00  00  00  00  00  00  00  00  00  00  00  00  00  00  00  00  6D  31  20  00  03  00  00  
00  7F  9C  00  00  86  8C  FF  FF  90  EE  00  00  AF  B3  07  00  3A  51  06  00  F1  98  70  FF  
E2  62  07  00  6D  32  24  00  03  00  00  00  92  94  0B  00  5C  08  CD  7B  01  00  00  00  69  
14  1B  8D  05  00  00  00  FE  FF  FF  FF  04  00  00  00  00  00  00  00  6D  33  3B  00  01  00  
12  00  6D  34  14  00  03  00  00  00  36  50  03  00  AA  56  FF  FF  F9  3E  04  00  20  A1  07  
00  6D  35  0C  00  03  00  00  00  26  8D  01  00  5A  12  07  00  41  53  A3  8A  47  4E  00  00  
3E  87  02  00  00  00  00  00  00  00  28  01  6D  15  14  00  02  01  00  00  03  04  03  00  00  
00  00  00  00  00  00  00  00  00  00  00  6D  16  10  00  03  00  00  00  E3  07  02  19  12  29  
3B  00  37  02  00  00  6D  21  1C  00  03  00  00  00  AD  FC  FF  FF  4D  00  00  00  23  FF  FF  
FF  FB  FF  FF  FF  F5  FF  FF  FF  64  00  00  00  6D  22  10  00  03  00  00  00  37  FE  FF  FF  
26  02  00  00  C2  06  00  00  6D  23  14  00  03  00  00  00  25  5E  AE  76  F8  70  01  FD  72  
B5  07  03  65  3C  5E  0A  6D  24  24  00  02  00  00  00  00  00  00  00  00  00  00  00  00  00  
00  00  00  00  00  00  00  00  00  00  00  00  00  00  00  00  00  00  00  00  00  00  6D  31  20  
00  03  00  00  00  40  1A  FF  FF  78  A5  FF  FF  4C  BC  00  00  32  E2  07  00  07  69  06  00  
BD  E7  70  FF  20  62  07  00  6D  32  24  00  03  00  00  00  34  93  0B  00  5C  08  CD  7B  01  
00  00  00  8C  14  1B  8D  05  00  00  00  FF  FF  FF  FF  07  00  00  00  01  00  00  00  6D  33  
10  00  03  00  00  00  E3  07  02  19  12  29  3B  00  01  00  12  00  6D  34  14  00  03  00  00  
00  E7  5B  03  00  A4  69  FF  FF  BA  4A  04  00  73  A8  07  00  6D  35  0C  00  03  00  00  00  
28  8D  01  00  28  12  07  00  41  53  5D  95  47  4E  00  00  3F  87  02  00  00  00  00  00  00  
00  28  01  6D  15  14  00  02  01  00  00  03  04  03  00  00  00  00  00  00  00  00  00  00  00  
00  00  6D  16  10  00  03  00  00  00  E3  07  02  19  12  29  3B  00  41  02  00  00  6D  21  1C  
00  03  00  00  00  02  00  00  00  0D  00  00  00  BD  00  00  00  0D  00  00  00  0C  00  00  00  
64  00  00  00  6D  22  10  00  03  00  00  00  37  FE  FF  FF  26  02  00  00  C2  06  00  00  6D  
23  14  00  03  00  00  00  1C  57  AE  76  BD  74  01  FD  77  BE  07  03  5F  8B  5E  0A  6D  24  
24  00  02  00  00  00  00  00  00  00  00  00  00  00  00  00  00  00  00  00  00  00  00  00  00  
00  00  00  00  00  00  00  00  00  00  00  00  00  6D  31  20  00  03  00  00  00  9A  67  00  00  
88  8C  FF  FF  7E  5C  01  00  F9  29  08  00  58  C6  06  00  F7  E9  70  FF  81  62  07  00  6D  
32  24  00  03  00  00  00  34  93  0B  00  5C  08  CD  7B  01  00  00  00  8C  14  1B  8D  05  00  
00  00  FF  FF  FF  FF  07  00  00  00  01  00  00  00  6D  33  3B  00  01  00  12  00  6D  34  14  
00  03  00  00  00  37  67  03  00  BE  47  FF  FF  0E  3F  04  00  6C  BE  07  00  6D  35  0C  00  
03  00  00  00  2A  8D  01  00  41  12  07  00  41  53  CB  07  47  4E  00  00  40  87  02  00  AA  
AA  AA  AA  00  00  28  01  6D  15  14  00  02  01  00  00  03  04  03  00  00  00  00  00  00  00  
00  00  00  00  00  00  6D  16  10  00  03  00  00  00  E3  07  02  19  12  29  3B  00  4B  02  00  
00  6D  21  1C  00  03  00  00  00  C3  FF  FF  FF  83  00  00  00  3A  FF  FF  FF  08  00  00  00  
01  00  00  00  58  00  00  00  6D  22  10  00  03  00  00  00  37  FE  FF  FF  26  02  00  00  C2  
06  00  00  6D  23  14  00  03  00  00  00  6B  5B  AE  76  1C  57  01  FD  00  F0  07  03  07  43  
5E  0A  6D  24  24  00  02  00  00  00  00  00  00  00  00  00  00  00  00  00  00  00  00  00  00  
00  00  00  00  00  00  00  00  00  00  00  00  00  00  00  00  00  6D  31  20  00  03  00  00  00  
CF  4E  00  00  C3  BA  FF  FF  29  C5  00  00  59  18  08  00  A2  9A  06  00  69  BB  70  FF  12  
61  07  00  6D  32  24  00  03  00  00  00  34  93  0B  00  5C  08  CD  7B  01  00  00  00  8C  14  
1B  8D  05  00  00  00  FF  FF  FF  FF  07  00  00  00  01  00  00  00  6D  33  10  00  03  00  00  
00  E3  07  02  19  12  29  3B  00  01  00  12  00  6D  34  14  00  03  00  00  00  E8  57  03  00  
8F  47  FF  FF  62  2F  04  00  6C  BE  07  00  6D  35  0C  00  03  00  00  00  2C  8D  01  00  8C  
12  07  00  41  53  08  09  47  4E  00  00  41  87  02  00  02  03  90  01  00  00  28  01  6D  15  
14  00  02  01  00  00  03  04  03  00  00  00  00  00  00  00  00  00  00  00  00  00  6D  16  10  
00  03  00  00  00  E3  07  02  19  12  29  3B  00  55  02  00  00  6D  21  1C  00  03  00  00  00  
87  01  00  00  0E  00  00  00  6B  00  00  00  0C  00  00  00  DE  FF  FF  FF  55  00  00  00  6D  
22  10  00  03  00  00  00  38  FE  FF  FF  26  02  00  00  C2  06  00  00  6D  23  14  00  03  00  
00  00  D4  5A  AE  76  15  F1  01  FD  E6  06  08  03  84  6F  5E  0A  6D  24  24  00  02  00  00  
00  00  00  00  00  00  00  00  00  00  00  00  00  00  00  00  00  00  00  00  00  00  00  00  00  
00  00  00  00  00  00  00  00  6D  31  20  00  03  00  00  00  6C  FF  00  00  D3  8C  FF  FF  67  
3C  01  00  47  26  08  00  E6  12  06  00  DE  AD  70  FF  6A  62  07  00  6D  32  24  00  03  00  
00  00  34  93  0B  00  5C  08  CD  7B  01  00  00  00  8C  14  1B  8D  05  00  00  00  FF  FF  FF  
FF  07  00  00  00  01  00  00  00  6D  33  29  3B  00  01  00  12  00  6D  34  14  00  03  00  00  
00  0F  48  03  00  F1  30  FF  FF  F4  3E  04  00  5E  EA  07  00  6D  35  0C  00  03  00  00  00  
26  8D  01  00  41  12  07  00  41  53  36  BD  47  4E  00  00  42  87  02  00  04  00  01  00  00  
00  28  01  6D  15  14  00  02  01  00  00  03  04  03  00  00  00  00  00  00  00  00  00  00  00  
00  00  6D  16  10  00  03  00  00  00  E3  07  02  19  12  29  3B  00  5F  02  00  00  6D  21  1C  
00  03  00  00  00  7D  00  00  00  4F  00  00  00  D9  FF  FF  FF  F1  FF  FF  FF  EA  FF  FF  FF  
21  00  00  00  6D  22  10  00  03  00  00  00  38  FE  FF  FF  26  02  00  00  C2  06  00  00  6D  
23  14  00  03  00  00  00  FA  5B  AE  76  44  20  02  FD  4D  2C  08  03  09  65  5E  0A  6D  24  
24  00  02  00  00  00  00  00  00  00  00  00  00  00  00  00  00  00  00  00  00  00  00  00  00  
00  00  00  00  00  00  00  00  00  00  00  00  00  6D  31  20  00  03  00  00  00  63  97  00  00  
5D  A6  FF  FF  6F  03  01  00  1D  BC  07  00  1F  3F  06  00  72  E1  6F  FF  D5  61  07  00  6D  
32  24  00  03  00  00  00  34  93  0B  00  5C  08  CD  7B  01  00  00  00  8C  14  1B  8D  05  00  
00  00  FF  FF  FF  FF  07  00  00  00  01  00  00  00  6D  33  10  00  03  00  00  00  E3  07  02  
19  12  29  3B  00  01  00  12  00  6D  34  14  00  03  00  00  00  26  3C  03  00  18  1E  FF  FF  
A1  4A  04  00  57  00  08  00  6D  35  0C  00  03  00  00  00  27  8D  01  00  8C  12  07  00  41  
53  10  34  47  4E  00  00  43  87  02  00  C0  C6  2D  00  00  00  28  01  6D  15  14  00  02  01  
00  00  03  04  03  00  00  00  00  00  00  00  00  00  00  00  00  00  6D  16  10  00  03  00  00  
00  E3  07  02  19  12  29  3B  00  69  02  00  00  6D  21  1C  00  03  00  00  00  5E  02  00  00  
E6  FF  FF  FF  F2  FF  FF  FF  FC  FF  FF  FF  F6  FF  FF  FF  19  00  00  00  6D  22  10  00  03  
00  00  00  38  FE  FF  FF  26  02  00  00  C2  06  00  00  6D  23  14  00  03  00  00  00  07  62  
AE  76  4A  0F  03  FD  41  39  08  03  EC  60  5E  0A  6D  24  24  00  02  00  00  00  00  00  00  
00  00  00  00  00  00  00  00  00  00  00  00  00  00  00  00  00  00  00  00  00  00  00  00  00  
00  00  00  00  6D  31  20  00  03  00  00  00  88  53  01  00  3E  7D  FF  FF  21  0D  01  00  66  
E8  07  00  E8  6D  06  00  36  C3  6F  FF  CD  61  07  00  6D  32  24  00  03  00  00  00  34  93  
0B  00  5C  08  CD  7B  01  00  00  00  8C  14  1B  8D  05  00  00  00  FF  FF  FF  FF  07  00  00  
00  01  00  00  00  6D  29  3B  00  01  00  12  00  6D  34  14  00  03  00  00  00  FA  47  03  00  
68  29  FF  FF  F3  3E  04  00  6C  BE  07  00  6D  35  0C  00  03  00  00  00  27  8D  01  00  5A  
12  07  00  41  53  08  58  47  4E  00  00  44  87  02  00  00  10  0E  00  00  00  28  01  6D  15  
14  00  02  01  00  00  03  04  03  00  00  00  00  00  00  00  00  00  00  00  00  00  6D  16  10  
00  03  00  00  00  E3  07  02  19  12  29  3B  00  73  02  00  00  6D  21  1C  00  03  00  00  00  
72  FF  FF  FF  AF  FF  FF  FF  3A  FF  FF  FF  F1  FF  FF  FF  F2  FF  FF  FF  3A  00  00  00  6D  
22  10  00  03  00  00  00  38  FE  FF  FF  26  02  00  00  C2  06  00  00  6D  23  14  00  03  00  
00  00  95  67  AE  76  CF  DA  02  FD  63  15  08  03  BA  1C  5E  0A  6D  24  24  00  02  00  00  
00  00  00  00  00  00  00  00  00  00  00  00  00  00  00  00  00  00  00  00  00  00  00  00  00  
00  00  00  00  00  00  00  00  6D  31  20  00  03  00  00  00  60  2F  00  00  CC  67  FF  FF  88  
C5  00  00  CE  BD  07  00  5E  5D  06  00  E7  42  70  FF  F3  61  07  00  6D  32  24  00  03  00  
00  00  34  93  0B  00  5C  08  CD  7B  01  00  00  00  8C  14  1B  8D  05  00  00  00  FF  FF  FF  
FF  07  00  00  00  01  00  00  00  6D  33  10  00  03  00  00  00  E3  07  02  19  12  29  3B  00  
01  00  12  00  6D  34  14  00  03  00  00  00  E5  38  03  00  9B  56  FF  FF  83  4E  04  00  8C  
0C  08  00  6D  35  0C  00  03  00  00  00  24  8D  01  00  28  12  07  00  41  53  AD  A0  47  4E  
00  00  45  87  02  00  01  00  00  01  00  00  28  01  6D  15  14  00  02  01  00  00  03  04  03  
00  00  00  00  00  00  00  00  00  00  00  00  00  6D  16  10  00  03  00  00  00  E3  07  02  19  
12  29  3B  00  7D  02  00  00  6D  21  1C  00  03  00  00  00  7C  00  00  00  5C  00  00  00  B1  
FF  FF  FF  F6  FF  FF  FF  F6  FF  FF  FF  21  00  00  00  6D  22  10  00  03  00  00  00  38  FE  
FF  FF  26  02  00  00  C2  06  00  00  6D  23  14  00  03  00  00  00  0F  6A  AE  76  71  0A  03  
FD  65  3E  08  03  14  02  5E  0A  6D  24  24  00  02  00  00  00  00  00  00  00  00  00  00  00  
00  00  00  00  00  00  00  00  00  00  00  00  00  00  00  00  00  00  00  00  00  00  00  00  6D  
31  20  00  03  00  00  00  6D  97  00  00  86  AB  FF  FF  CA  F3  00  00  E3  D0  07  00  72  6B  
06  00  B7  E3  6F  FF  EB  61  07  00  6D  32  24  00  03  00  00  00  34  93  0B  00  5C  08  CD  
7B  01  00  00  00  8C  14  1B  8D  05  00  00  00  FF  FF  FF  FF  07  00  00  00  01  00  00  00  
6D  29  3B  00  01  00  12  00  6D  34  14  00  03  00  00  00  CB  38  03  00  7E  47  FF  FF  B4  
46  04  00  12  CD  07  00  6D  35  0C  00  03  00  00  00  28  8D  01  00  F0  12  07  00  41  53  
4D  64  47  4E  00  00  46  87  02  00  30  0F  1F  00  00  00  28  01  6D  15  14  00  02  01  00  
00  03  04  03  00  00  00  00  00  00  00  00  00  00  00  00  00  6D  16  10  00  03  00  00  00  
E3  07  02  19  12  29  3B  00  87  02  00  00  6D  21  1C  00  03  00  00  00  E7  00  00  00  4F  
00  00  00  B0  FF  FF  FF  01  00  00  00  01  00  00  00  36  00  00  00  6D  22  10  00  03  00  
00  00  39  FE  FF  FF  26  02  00  00  C2  06  00  00  6D  23  14  00  03  00  00  00  AE  6D  AE  
76  44  63  03  FD  7B  66  08  03  85  E6  5D  0A  6D  24  24  00  02  00  00  00  00  00  00  00  
00  00  00  00  00  00  00  00  00  00  00  00  00  00  00  00  00  00  00  00  00  00  00  00  00  
00  00  00  6D  31  20  00  03  00  00  00  FC  C0  00  00  88  A6  FF  FF  80  F3  00  00  3A  FC  
07  00  21  95  06  00  08  35  70  FF  DB  62  07  00  6D  32  24  00  03  00  00  00  34  93  0B  
00  5C  08  CD  7B  01  00  00  00  8C  14  1B  8D  05  00  00  00  FF  FF  FF  FF  07  00  00  00  
01  00  00  00  6D  33  10  00  03  00  00  00  E3  07  02  19  12  29  3B  00  01  00  12  00  6D  
34  14  00  03  00  00  00  8F  38  03  00  13  2D  FF  FF  E5  3E  04  00  63  81  07  00  6D  35  
0C  00  03  00  00  00  27  8D  01  00  BE  12  07  00  41  53  DB  C0  47  4E  00  00  47  87  02  
00  00  00  00  00  00  00  28  01  6D  15  14  00  02  01  00  00  03  04  03  00  00  00  00  00  
00  00  00  00  00  00  00  00  6D  16  10  00  03  00  00  00  E3  07  02  19  12  29  3B  00  91  
02  00  00  6D  21  1C  00  03  00  00  00  2D  FF  FF  FF  5F  FF  FF  FF  47  00  00  00  07  00  
00  00  FE  FF  FF  FF  27  00  00  00  6D  22  10  00  03  00  00  00  38  FE  FF  FF  26  02  00  
00  C2  06  00  00  6D  23  14  00  03  00  00  00  52  6A  AE  76  DE  19  03  FD  33  23  08  03  
83  0B  5E  0A  6D  24  24  00  02  00  00  00  00  00  00  00  00  00  00  00  00  00  00  00  00  
00  00  00  00  00  00  00  00  00  00  00  00  00  00  00  00  00  00  00  6D  31  20  00  03  00  
00  00  9A  14  00  00  BD  48  FF  FF  34  2E  01  00  F3  11  08  00  F9  89  06  00  93  F8  6F  
FF  EB  61  07  00  6D  32  24  00  03  00  00  00  34  93  0B  00  5C  08  CD  7B  01  00  00  00  
8C  14  1B  8D  05  00  00  00  FF  FF  FF  FF  07  00  00  00  01  00  00  00  6D  12  29  3B  00  
01  00  12  00  6D  34  14  00  03  00  00  00  2C  38  03  00  2A  0B  FF  FF  E6  3E  04  00  C4  
5C  07  00  6D  35  0C  00  03  00  00  00  26  8D  01  00  8C  12  07  00  41  53  BE  6F  47  4E  
00  00  48  87  02  00  03  00  00  00  00  00  28  01  6D  15  14  00  02  01  00  00  03  04  03  
00  00  00  00  00  00  00  00  00  00  00  00  00  6D  16  10  00  03  00  00  00  E3  07  02  19  
12  29  3B  00  9B  02  00  00  6D  21  1C  00  03  00  00  00  43  01  00  00  0D  00  00  00  6C  
00  00  00  F2  FF  FF  FF  FD  FF  FF  FF  35  00  00  00  6D  22  10  00  03  00  00  00  39  FE  
FF  FF  26  02  00  00  C2  06  00  00  6D  23  14  00  03  00  00  00  20  69  AE  76  FB  9A  03  
FD  92  36  08  03  B5  38  5E  0A  6D  24  24  00  02  00  00  00  00  00  00  00  00  00  00  00  
00  00  00  00  00  00  00  00  00  00  00  00  00  00  00  00  00  00  00  00  00  00  00  00  6D  
31  20  00  03  00  00  00  3F  E5  00  00  C8  8C  FF  FF  8F  3C  01  00  D3  BF  07  00  C5  84  
06  00  AA  32  70  FF  81  62  07  00  6D  32  24  00  03  00  00  00  30  92  0B  00  7F  08  CD  
7B  01  00  00  00  9E  14  1B  8D  05  00  00  00  08  00  00  00  07  00  00  00  02  00  00  00  
6D  33  10  00  03  00  00  00  E3  07  02  19  12  29  3B  00  01  00  12  00  6D  34  14  00  03  
00  00  00  62  4F  03  00  AE  16  FF  FF  B2  4A  04  00  55  AD  07  00  6D  35  0C  00  03  00  
00  00  25  8D  01  00  DD  11  07  00  41  53  67  27  47  4E  00  00  49  87  02  00  00  00  12  
00  00  00  28  01  6D  15  14  00  02  01  00  00  03  04  03  00  00  00  00  00  00  00  00  00  
00  00  00  00  6D  16  10  00  03  00  00  00  E3  07  02  19  12  29  3B  00  A5  02  00  00  6D  
21  1C  00  03  00  00  00  2F  FE  FF  FF  07  01  00  00  64  FF  FF  FF  03  00  00  00  02  00  
00  00  31  00  00  00  6D  22  10  00  03  00  00  00  38  FE  FF  FF  27  02  00  00  C2  06  00  
00  6D  23  14  00  03  00  00  00  C2  66  AE  76  C3  DD  02  FD  A6  8D  08  03  D5  03  5E  0A  
6D  24  24  00  02  00  00  00  00  00  00  00  00  00  00  00  00  00  00  00  00  00  00  00  00  
00  00  00  00  00  00  00  00  00  00  00  00  00  00  00  6D  31  20  00  03  00  00  00  51  B1  
FF  FF  83  EE  FF  FF  57  D5  00  00  5E  03  08  00  E4  99  06  00  6E  22  70  FF  AE  62  07  
00  6D  32  24  00  03  00  00  00  30  92  0B  00  7F  08  CD  7B  01  00  00  00  9E  14  1B  8D  
05  00  00  00  08  00  00  00  07  00  00  00  02  00  00  00  19  12  29  3B  00  01  00  12  00  
6D  34  14  00  03  00  00  00  B8  4F  03  00  09  31  FF  FF  C9  46  04  00  5E  EA  07  00  6D  
35  0C  00  03  00  00  00  24  8D  01  00  28  12  07  00  41  53  77  3F  47  4E  00  00  4A  87  
02  00  00  00  00  00  00  00  28  01  6D  15  14  00  02  01  00  00  03  04  03  00  00  00  00  
00  00  00  00  00  00  00  00  00  6D  16  10  00  03  00  00  00  E3  07  02  19  12  29  3B  00  
AF  02  00  00  6D  21  1C  00  03  00  00  00  F7  FF  FF  FF  E0  00  00  00  54  FF  FF  FF  F8  
FF  FF  FF  00  00  00  00  2C  00  00  00  6D  22  10  00  03  00  00  00  38  FE  FF  FF  27  02  
00  00  C2  06  00  00  6D  23  14  00  03  00  00  00  D0  69  AE  76  B2  D2  02  FD  71  E4  08  
03  41  C4  5D  0A  6D  24  24  00  02  00  00  00  00  00  00  00  00  00  00  00  00  00  00  00  
00  00  00  00  00  00  00  00  00  00  00  00  00  00  00  00  00  00  00  00  6D  31  20  00  03  
00  00  00  4C  63  00  00  40  DF  FF  FF  4E  CF  00  00  D3  D9  07  00  BC  90  06  00  C7  0F  
70  FF  09  62  07  00  6D  32  24  00  03  00  00  00  30  92  0B  00  7F  08  CD  7B  01  00  00  
00  9E  14  1B  8D  05  00  00  00  08  00  00  00  07  00  00  00  02  00  00  00  6D  33  10  00  
03  00  00  00  E3  07  02  19  12  29  3B  00  01  00  12  00  6D  34  14  00  03  00  00  00  0F  
4C  03  00  0F  40  FF  FF  DE  42  04  00  C8  02  08  00  6D  35  0C  00  03  00  00  00  2C  8D  
01  00  73  12  07  00  41  53  52  12  47  4E  00  00  4B  87  02  00  00  00  00  00  00  00  28  
01  6D  15  14  00  02  01  00  00  03  04  03  00  00  00  00  00  00  00  00  00  00  00  00  00  
6D  16  10  00  03  00  00  00  E3  07  02  19  12  29  3B  00  B9  02  00  00  6D  21  1C  00  03  
00  00  00  8E  FE  FF  FF  D5  FF  FF  FF  4A  FF  FF  FF  0A  00  00  00  FE  FF  FF  FF  51  00  
00  00  6D  22  10  00  03  00  00  00  38  FE  FF  FF  27  02  00  00  C2  06  00  00  6D  23  14  
00  03  00  00  00  59  6C  AE  76  0A  44  02  FD  1D  C7  08  03  A6  86  5D  0A  6D  24  24  00  
02  00  00  00  00  00  00  00  00  00  00  00  00  00  00  00  00  00  00  00  00  00  00  00  00  
00  00  00  00  00  00  00  00  00  00  00  6D  31  20  00  03  00  00  00  47  D6  FF  FF  3E  77  
FF  FF  18  CB  00  00  DD  1E  08  00  05  8C  06  00  C9  9F  70  FF  88  62  07  00  6D  32  24  
00  03  00  00  00  30  92  0B  00  7F  08  CD  7B  01  00  00  00  9E  14  1B  8D  05  00  00  00  
08  00  00  00  07  00  00  00  02  00  00  19  12  29  3B  00  01  00  12  00  6D  34  14  00  03  
00  00  00  4A  57  03  00  97  29  FF  FF  A0  4E  04  00  7C  E5  07  00  6D  35  0C  00  03  00  
00  00  26  8D  01  00  28  12  07  00  41  53  EF  71  47  4E  00  00  4C  87  02  00  00  00  00  
00  00  00  28  01  6D  15  14  00  02  01  00  00  03  04  03  00  00  00  00  00  00  00  00  00  
00  00  00  00  6D  16  10  00  03  00  00  00  E3  07  02  19  12  29  3B  00  C3  02  00  00  6D  
21  1C  00  03  00  00  00  E6  00  00  00  94  FF  FF  FF  7B  00  00  00  F6  FF  FF  FF  F9  FF  
FF  FF  41  00  00  00  6D  22  10  00  03  00  00  00  38  FE  FF  FF  27  02  00  00  C2  06  00  
00  6D  23  14  00  03  00  00  00  0B  6B  AE  76  8B  A3  02  FD  06  A8  08  03  45  BA  5D  0A  
6D  24  24  00  02  00  00  00  00  00  00  00  00  00  00  00  00  00  00  00  00  00  00  00  00  
00  00  00  00  00  00  00  00  00  00  00  00  00  00  00  6D  31  20  00  03  00  00  00  F0  C0  
00  00  E8  5D  FF  FF  28  42  01  00  A2  D2  07  00  79  79  06  00  B2  5E  70  FF  CD  61  07  
00  6D  32  24  00  03  00  00  00  30  92  0B  00  7F  08  CD  7B  01  00  00  00  9E  14  1B  8D  
05  00  00  00  08  00  00  00  07  00  00  00  02  00  00  00  6D  33  10  00  03  00  00  00  E3  
07  02  19  12  29  3B  00  01  00  12  00  6D  34  14  00  03  00  00  00  9B  57  03  00  66  29  
FF  FF  7D  2B  04  00  E4  AA  07  00  6D  35  0C  00  03  00  00  00  25  8D  01  00  28  12  07  
00  41  53  58  47  47  4E  00  00  4D  87  02  00  00  00  00  00  00  00  28  01  6D  15  14  00  
02  01  00  00  03  04  03  00  00  00  00  00  00  00  00  00  00  00  00  00  6D  16  10  00  03  
00  00  00  E3  07  02  19  12  29  3B  00  CD  02  00  00  6D  21  1C  00  03  00  00  00  61  00  
00  00  BB  FF  FF  FF  47  00  00  00  FE  FF  FF  FF  EB  FF  FF  FF  4A  00  00  00  6D  22  10  
00  03  00  00  00  38  FE  FF  FF  27  02  00  00  C2  06  00  00  6D  23  14  00  03  00  00  00  
D5  69  AE  76  32  CE  02  FD  CB  92  08  03  A3  DA  5D  0A  6D  24  24  00  02  00  00  00  00  
00  00  00  00  00  00  00  00  00  00  00  00  00  00  00  00  00  00  00  00  00  00  00  00  00  
00  00  00  00  00  00  6D  31  20  00  03  00  00  00  15  8D  00  00  30  6D  FF  FF  91  2D  01  
00  2E  EF  07  00  21  42  06  00  70  81  70  FF  A2  60  07  00  6D  32  24  00  03  00  00  00  
30  92  0B  00  7F  08  CD  7B  01  00  00  00  9E  14  1B  8D  05  00  00  00  08  00  00  00  07  
00  00  00  02  00  00  02  19  12  29  3B  00  01  00  12  00  6D  34  14  00  03  00  00  00  FF  
4F  03  00  DD  30  FF  FF  8E  27  04  00  4E  C3  07  00  6D  35  0C  00  03  00  00  00  23  8D  
01  00  28  12  07  00  41  53  96  27  47  4E  00  00  4E  87  02  00  00  00  00  00  00  00  28  
01  6D  15  14  00  02  01  00  00  03  04  03  00  00  00  00  00  00  00  00  00  00  00  00  00  
6D  16  10  00  03  00  00  00  E3  07  02  19  12  29  3B  00  D7  02  00  00  6D  21  1C  00  03  
00  00  00  8C  FE  FF  FF  92  FF  FF  FF  14  00  00  00  F0  FF  FF  FF  0A  00  00  00  41  00  
00  00  6D  22  10  00  03  00  00  00  38  FE  FF  FF  26  02  00  00  C2  06  00  00  6D  23  14  
00  03  00  00  00  30  66  AE  76  06  43  02  FD  2A  5D  08  03  EA  EB  5D  0A  6D  24  24  00  
02  00  00  00  00  00  00  00  00  00  00  00  00  00  00  00  00  00  00  00  00  00  00  00  00  
00  00  00  00  00  00  00  00  00  00  00  6D  31  20  00  03  00  00  00  0C  D6  FF  FF  53  5D  
FF  FF  95  19  01  00  1C  BB  07  00  0E  BD  06  00  E7  60  70  FF  AF  61  07  00  6D  32  24  
00  03  00  00  00  30  92  0B  00  7F  08  CD  7B  01  00  00  00  9E  14  1B  8D  05  00  00  00  
08  00  00  00  07  00  00  00  02  00  00  00  6D  33  10  00  03  00  00  00  E3  07  02  19  12  
29  3B  00  01  00  12  00  6D  34  14  00  03  00  00  00  90  40  03  00  21  3C  FF  FF  35  33  
04  00  B8  DB  07  00  6D  35  0C  00  03  00  00  00  24  8D  01  00  41  12  07  00  41  53  DC  
4E  47  4E  00  00  4F  87  02  00  01  01  00  00  00  00  28  01  6D  15  14  00  02  01  00  00  
03  04  03  00  00  00  00  00  00  00  00  00  00  00  00  00  6D  16  10  00  03  00  00  00  E3  
07  02  19  12  29  3B  00  E1  02  00  00  6D  21  1C  00  03  00  00  00  B1  00  00  00  0A  00  
00  00  B3  FF  FF  FF  04  00  00  00  0B  00  00  00  38  00  00  00  6D  22  10  00  03  00  00  
00  38  FE  FF  FF  26  02  00  00  C2  06  00  00  6D  23  14  00  03  00  00  00  07  6A  AE  76  
A4  87  02  FD  0C  68  08  03  8F  D0  5D  0A  6D  24  24  00  02  00  00  00  00  00  00  00  00  
00  00  00  00  00  00  00  00  00  00  00  00  00  00  00  00  00  00  00  00  00  00  00  00  00  
00  00  6D  31  20  00  03  00  00  00  72  AC  00  00  6E  8C  FF  FF  C3  F3  00  00  28  08  08  
00  93  BF  06  00  CB  3B  70  FF  DC  61  07  00  6D  32  24  00  03  00  00  00  30  92  0B  00  
7F  08  CD  7B  01  00  00  00  9E  14  1B  8D  05  00  00  00  08  00  00  00  07  00  00  00  02  
00  19  12  29  3B  00  01  00  12  00  6D  34  14  00  03  00  00  00  66  29  03  00  5A  47  FF  
FF  D7  3E  04  00  20  A1  07  00  6D  35  0C  00  03  00  00  00  26  8D  01  00  BE  12  07  00  
41  53  C6  68  47  4E  00  00  50  87  02  00  00  00  00  00  00  00  28  01  6D  15  14  00  02  
01  00  00  03  04  03  00  00  00  00  00  00  00  00  00  00  00  00  00  6D  16  10  00  03  00  
00  00  E3  07  02  19  12  29  3B  00  EB  02  00  00  6D  21  1C  00  03  00  00  00  57  FE  FF  
FF  5C  FF  FF  FF  AA  FF  FF  FF  FC  FF  FF  FF  FD  FF  FF  FF  59  00  00  00  6D  22  10  00  
03  00  00  00  38  FE  FF  FF  26  02  00  00  C2  06  00  00  6D  23  14  00  03  00  00  00  0F  
6A  AE  76  D1  E7  01  FD  8C  1A  08  03  C3  B8  5D  0A  6D  24  24  00  02  00  00  00  00  00  
00  00  00  00  00  00  00  00  00  00  00  00  00  00  00  00  00  00  00  00  00  00  00  00  00  
00  00  00  00  00  6D  31  20  00  03  00  00  00  79  C1  FF  FF  75  48  FF  FF  F4  EF  00  00  
2A  E7  07  00  E4  89  06  00  D5  BD  70  FF  A8  61  07  00  6D  32  24  00  03  00  00  00  30  
92  0B  00  7F  08  CD  7B  01  00  00  00  9E  14  1B  8D  05  00  00  00  08  00  00  00  07  00  
00  00  02  00  00  00  6D  33  10  00  03  00  00  00  E3  07  02  19  12  29  3B  00  01  00  12  
00  6D  34  14  00  03  00  00  00  A2  34  03  00  E2  30  FF  FF  99  4A  04  00  0B  E3  07  00  
6D  35  0C  00  03  00  00  00  28  8D  01  00  A5  12  07  00  41  53  46  16  47  4E  00  00  51  
87  02  00  00  00  00  00  00  00  28  01  6D  15  14  00  02  01  00  00  03  04  03  00  00  00  
00  00  00  00  00  00  00  00  00  00  6D  16  10  00  03  00  00  00  E3  07  02  19  12  29  3B  
00  F5  02  00  00  6D  21  1C  00  03  00  00  00  8B  FE  FF  FF  31  00  00  00  22  00  00  00  
03  00  00  00  F8  FF  FF  FF  54  00  00  00  6D  22  10  00  03  00  00  00  37  FE  FF  FF  26  
02  00  00  C2  06  00  00  6D  23  14  00  03  00  00  00  6D  64  AE  76  0B  56  01  FD  BD  22  
08  03  BD  CC  5D  0A  6D  24  24  00  02  00  00  00  00  00  00  00  00  00  00  00  00  00  00  
00  00  00  00  00  00  00  00  00  00  00  00  00  00  00  00  00  00  00  00  00  6D  31  20  00  
03  00  00  00  C0  D5  FF  FF  9F  9B  FF  FF  93  1E  01  00  6A  05  08  00  CB  74  06  00  5F  
AB  70  FF  27  62  07  00  6D  32  24  00  03  00  00  00  30  92  0B  00  7F  08  CD  7B  01  00  
00  00  9E  14  1B  8D  05  00  00  00  08  00  00  00  07  00  00  00  02  00  00  E3  02  19  12  
29  3B  00  01  00  12  00  6D  34  14  00  03  00  00  00  95  48  03  00  B9  65  FF  FF  C1  46  
04  00  B8  DB  07  00  6D  35  0C  00  03  00  00  00  2A  8D  01  00  8C  12  07  00  41  53  CD  
30  47  4E  00  00  52  87  02  00  00  00  00  00  00  00  28  01  6D  15  14  00  02  01  00  00  
03  04  03  00  00  00  00  00  00  00  00  00  00  00  00  00  6D  16  10  00  03  00  00  00  E3  
07  02  19  12  29  3B  00  FF  02  00  00  6D  21  1C  00  03  00  00  00  C0  FF  FF  FF  81  00  
00  00  DD  FF  FF  FF  05  00  00  00  F0  FF  FF  FF  4A  00  00  00  6D  22  10  00  03  00  00  
00  37  FE  FF  FF  26  02  00  00  C2  06  00  00  6D  23  14  00  03  00  00  00  39  63  AE  76  
EB  38  01  FD  AB  54  08  03  86  C3  5D  0A  6D  24  24  00  02  00  00  00  00  00  00  00  00  
00  00  00  00  00  00  00  00  00  00  00  00  00  00  00  00  00  00  00  00  00  00  00  00  00  
00  00  6D  31  20  00  03  00  00  00  36  4E  00  00  E5  BA  FF  FF  C8  03  01  00  A6  0A  08  
00  C7  56  06  00  E3  83  70  FF  99  61  07  00  6D  32  24  00  03  00  00  00  E6  90  0B  00  
7F  08  CD  7B  01  00  00  00  C1  14  1B  8D  05  00  00  00  00  00  00  00  03  00  00  00  02  
00  00  00  6D  33  10  00  03  00  00  00  E3  07  02  19  12  29  3B  00  01  00  12  00  6D  34  
14  00  03  00  00  00  6D  5C  03  00  75  8B  FF  FF  1A  3B  04  00  37  B2  07  00  6D  35  0C  
00  03  00  00  00  26  8D  01  00  8C  12  07  00  41  53  97  CA  47  4E  00  00  53  87  02  00  
00  00  00  00  00  00  28  01  6D  15  14  00  02  01  00  00  03  04  03  00  00  00  00  00  00  
00  00  00  00  00  00  00  6D  16  10  00  03  00  00  00  E3  07  02  19  12  29  3B  00  09  03  
00  00  6D  21  1C  00  03  00  00  00  03  00  00  00  FD  FF  FF  FF  06  00  00  00  FB  FF  FF  
FF  FD  FF  FF  FF  42  00  00  00  6D  22  10  00  03  00  00  00  37  FE  FF  FF  27  02  00  00  
C2  06  00  00  6D  23  14  00  03  00  00  00  A0  62  AE  76  C7  3A  01  FD  A1  55  08  03  97  
CA  5D  0A  6D  24  24  00  02  00  00  00  00  00  00  00  00  00  00  00  00  00  00  00  00  00  
00  00  00  00  00  00  00  00  00  00  00  00  00  00  00  00  00  00  6D  31  20  00  03  00  00  
00  41  68  00  00  2D  87  FF  FF  72  13  01  00  CC  E2  07  00  C1  89  06  00  54  63  70  FF  
FA  61  07  00  6D  32  24  00  03  00  00  00  E6  90  0B  00  7F  08  CD  7B  01  00  00  00  C1  
14  1B  8D  05  00  00  00  00  00  00  00  03  00  00  00  02  00  E3  07  02  19  12  29  3B  00  
01  00  12  00  6D  34  14  00  03  00  00  00  5B  67  03  00  A8  47  FF  FF  70  2F  04  00  98  
8D  07  00  6D  35  0C  00  03  00  00  00  26  8D  01  00  41  12  07  00  41  53  8A  99  47  4E  
00  00  54  87  02  00  00  00  00  00  00  00  28  01  6D  15  14  00  02  01  00  00  03  04  03  
00  00  00  00  00  00  00  00  00  00  00  00  00  6D  16  10  00  03  00  00  00  E3  07  02  19  
12  29  3B  00  13  03  00  00  6D  21  1C  00  03  00  00  00  03  00  00  00  D5  FF  FF  FF  D1  
FF  FF  FF  FE  FF  FF  FF  ED  FF  FF  FF  38  00  00  00  6D  22  10  00  03  00  00  00  37  FE  
FF  FF  26  02  00  00  C2  06  00  00  6D  23  14  00  03  00  00  00  39  64  AE  76  1E  3E  01  
FD  82  46  08  03  B3  BD  5D  0A  6D  24  24  00  02  00  00  00  00  00  00  00  00  00  00  00  
00  00  00  00  00  00  00  00  00  00  00  00  00  00  00  00  00  00  00  00  00  00  00  00  6D  
31  20  00  03  00  00  00  6E  68  00  00  93  77  FF  FF  9B  FE  00  00  24  F1  07  00  2D  4D  
06  00  50  3E  70  FF  11  62  07  00  6D  32  24  00  03  00  00  00  E6  90  0B  00  7F  08  CD  
7B  01  00  00  00  C1  14  1B  8D  05  00  00  00  00  00  00  00  03  00  00  00  02  00  00  00  
6D  33  10  00  03  00  00  00  E3  07  02  19  12  29  3B  00  01  00  12  00  6D  34  14  00  03  
00  00  00  9A  38  03  00  74  25  FF  FF  48  2F  04  00  8A  B9  07  00  6D  35  0C  00  03  00  
00  00  27  8D  01  00  00  F0  12  07  00  41  53  5B  02  47  4E  00  00  55  87  02  00  00  00  
00  00  00  00  28  01  6D  15  14  00  02  01  00  00  03  04  03  00  00  00  00  00  00  00  00  
00  00  00  00  00  6D  16  10  00  03  00  00  00  E3  07  02  19  12  29  3B  00  1D  03  00  00  
6D  21  1C  00  03  00  00  00  F5  FF  FF  FF  F0  FF  FF  FF  06  00  00  00  F9  FF  FF  FF  F3  
FF  FF  FF  6B  00  00  00  6D  22  10  00  03  00  00  00  37  FE  FF  FF  26  02  00  00  C2  06  
00  00  6D  23  14  00  03  00  00  00  91  63  AE  76  E9  3B  01  FD  E9  41  08  03  E8  C5  5D  
0A  6D  24  24  00  02  00  00  00  00  00  00  00  00  00  00  00  00  00  00  00  00  00  00  00  
00  00  00  00  00  00  00  00  00  00  00  00  00  00  00  00  6D  31  20  00  03  00  00  00  09  
63  00  00  F8  81  FF  FF  7C  13  01  00  74  DD  07  00  5D  64  06  00  96  03  71  FF  09  62  
07  00  6D  32  24  00  03  00  00  00  E6  90  0B  00  7F  08  CD  7B  01  00  00  00  C1  14  1B  
8D  05  00  00  00  00  00  00  00  03  00  00  07  02  19  12  29  3B  00  01  00  12  00  6D  34  
14  00  03  00  00  00  3D  38  03  00  20  0B  FF  FF  17  37  04  00  40  EF  07  00  6D  35  0C  
00  03  00  00  00  26  8D  01  00  BE  12  07  00  41  53  9D  F4  47  4E  00  00  56  87  02  00  
02  01  01  01  00  00  28  01  6D  15  14  00  02  01  00  00  03  04  03  00  00  00  00  00  00  
00  00  00  00  00  00  00  6D  16  10  00  03  00  00  00  E3  07  02  19  12  29  3B  00  27  03  
00  00  6D  21  1C  00  03  00  00  00  80  FE  FF  FF  16  00  00  00  9E  FF  FF  FF  08  00  00  
00  E0  FF  FF  FF  4D  00  00  00  6D  22  10  00  03  00  00  00  37  FE  FF  FF  26  02  00  00  
C2  06  00  00  6D  23  14  00  03  00  00  00  60  62  AE  76  97  A6  00  FD  CA  3E  08  03  54  
A9  5D  0A  6D  24  24  00  02  00  00  00  00  00  00  00  00  00  00  00  00  00  00  00  00  00  
00  00  00  00  00  00  00  00  00  00  00  00  00  00  00  00  00  00  6D  31  20  00  03  00  00  
00  10  D1  FF  FF  19  91  FF  FF  78  EA  00  00  7B  16  08  00  90  1C  06  00  91  8F  70  FF  
82  61  07  00  6D  32  24  00  03  00  00  00  E6  90  0B  00  7F  08  CD  7B  01  00  00  00  C1  
14  1B  8D  05  00  00  00  00  00  00  00  03  00  00  00  02  00  00  00  6D  33  10  00  03  00  
00  00  E3  07  02  19  12  29  3B  00  01  00  12  00  6D  34  14  00  03  00  00  00  8E  47  03  
00  85  07  FF  FF  DC  42  04  00  B1  F1  07  00  6D  35  0C  00  03  00  00  00  25  8D  01  00  
D7  12  07  00  41  53  73  4C  47  4E  00  00  57  87  02  00  00  00  00  00  00  00  28  01  6D  
15  14  00  02  01  00  00  03  04  03  00  00  00  00  00  00  00  00  00  00  00  00  00  6D  16  
10  00  03  00  00  00  E3  07  02  19  12  29  3B  00  31  03  00  00  6D  21  1C  00  03  00  00  
00  F5  FF  FF  FF  D5  FF  FF  FF  65  00  00  00  FC  FF  FF  FF  FA  FF  FF  FF  3E  00  00  00  
6D  22  10  00  03  00  00  00  37  FE  FF  FF  26  02  00  00  C2  06  00  00  6D  23  14  00  03  
00  00  00  BD  5E  AE  76  E0  A6  00  FD  D1  30  08  03  23  D7  5D  0A  6D  24  24  00  02  00  
00  00  00  00  00  00  00  00  00  00  00  00  00  00  00  00  00  00  00  00  00  00  00  00  00  
00  00  00  00  00  00  00  00  00  6D  31  20  00  03  00  00  00  D9  62  00  00  9E  77  FF  FF  
1A  38  01  00  F7  E9  07  00  8B  80  06  00  15  53  70  FF  CD  61  07  00  6D  32  24  00  03  
00  00  00  E6  90  0B  00  7F  08  CD  7B  01  00  00  00  C1  14  1B  8D  05  00  00  00  00  00  
00  00  03  00  00  00  02  00  E3  07  02  19  12  29  3B  00  01  00  12  00  6D  34  14  00  03  
00  00  00  D6  47  03  00  7E  29  FF  FF  92  4E  04  00  D4  83  07  00  6D  35  0C  00  03  00  
00  00  28  8D  01  00  73  12  07  00  41  53  67  E5  47  4E  00  00  58  87  02  00  00  00  00  
00  00  00  28  01  6D  15  14  00  02  01  00  00  03  04  03  00  00  00  00  00  00  00  00  00  
00  00  00  00  6D  16  10  00  03  00  00  00  E3  07  02  19  12  29  3B  00  3B  03  00  00  6D  
21  1C  00  03  00  00  00  9C  FD  FF  FF  16  00  00  00  5D  FF  FF  FF  FE  FF  FF  FF  EF  FF  
FF  FF  4A  00  00  00  6D  22  10  00  03  00  00  00  36  FE  FF  FF  26  02  00  00  C2  06  00  
00  6D  23  14  00  03  00  00  00  7A  5D  AE  76  68  B9  FF  FC  45  25  08  03  3F  A4  5D  0A  
6D  24  24  00  02  00  00  00  00  00  00  00  00  00  00  00  00  00  00  00  00  00  00  00  00  
00  00  00  00  00  00  00  00  00  00  00  00  00  00  00  6D  31  20  00  03  00  00  00  19  78  
FF  FF  03  91  FF  FF  BE  D0  00  00  89  F0  07  00  8F  58  06  00  A9  81  70  FF  97  62  07  
00  6D  32  24  00  03  00  00  00  E6  90  0B  00  7F  08  CD  7B  01  00  00  00  C1  14  1B  8D  
05  00  00  00  00  00  00  00  03  00  00  00  02  00  00  00  6D  33  10  00  03  00  00  00  E3  
07  02  19  12  29  3B  00  01  00  12  00  6D  34  14  00  03  00  00  00  AF  47  03  00  D3  12  
FF  FF  DB  42  04  00  6C  BE  07  00  6D  35  0C  00  03  00  00  00  26  8D  01  00  28  12  07  
00  41  53  43  53  47  4E  00  00  59  87  02  00  64  00  00  00  00  00  28  01  6D  15  14  00  
02  01  00  00  03  04  03  00  00  00  00  00  00  00  00  00  00  00  00  00  6D  16  10  00  03  
00  00  00  E3  07  02  19  12  29  3B  00  45  03  00  00  6D  21  1C  00  03  00  00  00  57  FE  
FF  FF  B9  FF  FF  FF  C8  FF  FF  FF  FA  FF  FF  FF  00  00  00  00  32  00  00  00  6D  22  10  
00  03  00  00  00  36  FE  FF  FF  26  02  00  00  C2  06  00  00  6D  23  14  00  03  00  00  00  
6A  5B  AE  76  4C  18  FF  FC  C6  FC  07  03  02  99  5D  0A  6D  24  24  00  02  00  00  00  00  
00  00  00  00  00  00  00  00  00  00  00  00  00  00  00  00  00  00  00  00  00  00  00  00  00  
00  00  00  00  00  00  6D  31  20  00  03  00  00  00  43  C1  FF  FF  CB  6C  FF  FF  54  FA  00  
00  C7  E0  07  00  82  9C  06  00  A0  24  70  FF  C6  61  07  00  6D  32  24  00  03  00  00  00  
E6  90  0B  00  7F  08  CD  7B  01  00  00  00  C1  14  1B  8D  05  00  00  00  00  00  00  00  03  
00  00  00  E3  07  02  19  12  29  3B  00  01  00  12  00  6D  34  14  00  03  00  00  00  4C  40  
03  00  BD  21  FF  FF  50  2F  04  00  F4  D1  07  00  6D  35  0C  00  03  00  00  00  28  8D  01  
00  BE  12  07  00  41  53  2D  34  47  4E  00  00  5A  87  02  00  00  00  00  00  00  00  28  01  
6D  15  14  00  02  01  00  00  03  04  03  00  00  00  00  00  00  00  00  00  00  00  00  00  6D  
16  10  00  03  00  00  00  E3  07  02  19  12  29  3B  00  4F  03  00  00  6D  21  1C  00  03  00  
00  00  F2  00  00  00  68  00  00  00  21  00  00  00  FA  FF  FF  FF  F3  FF  FF  FF  50  00  00  
00  6D  22  10  00  03  00  00  00  36  FE  FF  FF  27  02  00  00  C2  06  00  00  6D  23  14  00  
03  00  00  00  07  5B  AE  76  3E  75  FF  FC  73  30  08  03  3F  A9  5D  0A  6D  24  24  00  02  
00  00  00  00  00  00  00  00  00  00  00  00  00  00  00  00  00  00  00  00  00  00  00  00  00  
00  00  00  00  00  00  00  00  00  00  6D  31  20  00  03  00  00  00  E4  C5  00  00  08  B1  FF  
FF  3C  1D  01  00  2E  E2  07  00  FD  6A  06  00  3E  9B  70  FF  F9  62  07  00  6D  32  24  00  
03  00  00  00  E6  90  0B  00  7F  08  CD  7B  01  00  00  00  C1  14  1B  8D  05  00  00  00  00  
00  00  00  03  00  00  00  02  00  00  00  6D  33  10  00  03  00  00  00  E3  07  02  19  12  29  
3B  00  01  00  12  00  6D  34  14  00  03  00  00  00  DA  38  03  00  7B  34  FF  FF  7A  27  04  
00  BF  C5  07  00  6D  35  0C  00  03  00  00  00  2A  8D  01  00  28  12  07  00  41  53  0E  7B  
47  4E  00  00  5B  87  02  00  02  01  00  00  00  00  28  01  6D  15  14  00  02  01  00  00  03  
04  03  00  00  00  00  00  00  00  00  00  00  00  00  00  6D  16  10  00  03  00  00  00  E3  07  
02  19  12  29  3B  00  59  03  00  00  6D  21  1C  00  03  00  00  00  6D  00  00  00  F0  FF  FF  
FF  23  00  00  00  DE  FF  FF  FF  00  00  00  00  31  00  00  00  6D  22  10  00  03  00  00  00  
36  FE  FF  FF  26  02  00  00  C2  06  00  00  6D  23  14  00  03  00  00  00  AD  5A  AE  76  18  
A3  FF  FC  98  2F  08  03  CC  BA  5D  0A  6D  24  24  00  02  00  00  00  00  00  00  00  00  00  
00  00  00  00  00  00  00  00  00  00  00  00  00  00  00  00  00  00  00  00  00  00  00  00  00  
00  6D  31  20  00  03  00  00  00  EC  91  00  00  1E  82  FF  FF  B4  1D  01  00  4F  75  07  00  
94  99  06  00  58  22  70  FF  45  62  07  00  6D  32  24  00  03  00  00  00  E6  90  0B  00  7F  
08  CD  7B  01  00  00  00  C1  14  1B  8D  05  00  00  00  00  00  00  00  03  00  00  00  E3  07  
02  19  12  29  3B  00  01  00  12  00  6D  34  14  00  03  00  00  00  84  38  03  00  4F  29  FF  
FF  E5  3E  04  00  20  A1  07  00  6D  35  0C  00  03  00  00  00  2B  8D  01  00  BE  12  07  00  
41  53  1C  52  47  4E  00  00  5C  87  02  00  03  04  03  00  00  00  28  01  6D  15  14  00  02  
01  00  00  03  04  03  00  00  00  00  00  00  00  00  00  00  00  00  00  6D  16  10  00  03  00  
00  00  E3  07  02  19  12  29  3B  00  63  03  00  00  6D  21  1C  00  03  00  00  00  2B  00  00  
00  4C  00  00  00  D3  FF  FF  FF  F9  FF  FF  FF  FA  FF  FF  FF  60  00  00  00  6D  22  10  00  
03  00  00  00  36  FE  FF  FF  27  02  00  00  C2  06  00  00  6D  23  14  00  03  00  00  00  90  
5B  AE  76  30  B3  FF  FC  20  4F  08  03  19  AC  5D  0A  6D  24  24  00  02  00  00  00  00  00  
00  00  00  00  00  00  00  00  00  00  00  00  00  00  00  00  00  00  00  00  00  00  00  00  00  
00  00  00  00  00  6D  31  20  00  03  00  00  00  04  78  00  00  47  A6  FF  FF  5F  FE  00  00  
90  DD  07  00  0A  85  06  00  BD  D9  70  FF  02  62  07  00  6D  32  24  00  03  00  00  00  96  
90  0B  00  7F  08  CD  7B  01  00  00  00  E3  14  1B  8D  05  00  00  00  01  00  00  00  02  00  
00  00  01  00  00  00  6D  33  10  00  03  00  00  00  E3  07  02  19  12  29  3B  00  01  00  12  
00  6D  34  14  00  03  00  00  00  F6  44  03  00  C3  61  FF  FF  83  27  04  00  19  B7  07  00  
6D  35  0C  00  03  00  00  00  27  8D  01  00  BE  12  07  00  41  53  8E  F2  47  4E  00  00  5D  
87  02  00  00  00  00  00  00  00  28  01  6D  15  14  00  02  01  00  00  03  04  03  00  00  00  
00  00  00  00  00  00  00  00  00  00  6D  16  10  00  03  00  00  00  E3  07  02  19  12  29  3B  
00  6D  03  00  00  6D  21  1C  00  03  00  00  00  8E  FE  FF  FF  84  FF  FF  FF  79  FF  FF  FF  
FC  FF  FF  FF  F5  FF  FF  FF  2E  00  00  00  6D  22  10  00  03  00  00  00  36  FE  FF  FF  26  
02  00  00  C2  06  00  00  6D  23  14  00  03  00  00  00  5E  5D  AE  76  AC  28  FF  FC  2D  12  
08  03  25  81  5D  0A  6D  24  24  00  02  00  00  00  00  00  00  00  00  00  00  00  00  00  00  
00  00  00  00  00  00  00  00  00  00  00  00  00  00  00  00  00  00  00  00  00  6D  31  20  00  
03  00  00  00  87  D6  FF  FF  04  58  FF  FF  EA  DA  00  00  16  E8  07  00  4F  70  06  00  BF  
16  70  FF  A0  61  07  00  6D  32  24  00  03  00  00  00  96  90  0B  00  7F  08  CD  7B  01  00  
00  00  E3  14  1B  8D  05  00  00  00  01  00  00  00  02  00  00  00  00  00  E3  07  02  19  12  
29  3B  00  01  00  12  00  6D  34  14  00  03  00  00  00  C4  57  03  00  A4  47  FF  FF  04  3F  
04  00  AA  07  08  00  6D  35  0C  00  03  00  00  00  29  8D  01  00  8C  12  07  00  41  53  5D  
32  47  4E  00  00  5E  87  02  00  00  00  00  00  00  00  28  01  6D  15  14  00  02  01  00  00  
03  04  03  00  00  00  00  00  00  00  00  00  00  00  00  00  6D  16  10  00  03  00  00  00  E3  
07  02  19  12  29  3B  00  77  00  03  00  00  6D  21  1C  00  03  00  00  00  D7  01  00  00  4D  
00  00  00  65  00  00  00  F0  FF  FF  FF  E7  FF  FF  FF  3B  00  00  00  6D  22  10  00  03  00  
00  00  36  FE  FF  FF  27  02  00  00  C2  06  00  00  6D  23  14  00  03  00  00  00  00  84  5D  
AE  76  38  E1  FF  FC  BD  41  08  03  00  A7  5D  0A  6D  24  24  00  02  00  00  00  00  00  00  
00  00  00  00  00  00  00  00  00  00  00  00  00  00  00  00  00  00  00  00  00  00  00  00  00  
00  00  00  00  6D  31  20  00  03  00  00  00  00  18  1F  01  00  9C  A6  FF  FF  0C  37  01  00  
9C  B9  07  00  66  38  06  00  D1  49  70  FF  21  61  07  00  6D  32  24  00  03  00  00  00  96  
90  0B  00  7F  08  CD  7B  01  00  00  00  E3  14  1B  8D  05  00  00  00  01  00  00  00  00  02  
00  00  00  01  00  00  00  6D  33  10  00  03  00  00  00  E3  07  02  19  12  29  3B  00  01  00  
12  00  6D  34  14  00  03  00  00  00  6D  66  03  00  B4  1A  FF  FF  50  5E  04  00  E8  50  08  
00  6D  35  0C  00  03  00  00  00  2A  8D  01  00  BE  12  07  00  41  2C  47  4E  00  00  5F  87  
02  00  00  00  00  00  00  00  28  01  6D  15  14  00  02  01  00  00  03  04  03  00  00  00  00  
00  00  00  00  00  00  00  00  00  6D  16  10  00  03  00  00  00  E3  07  02  19  12  00  29  3B  
00  81  03  00  00  6D  21  1C  00  03  00  00  00  A3  00  00  00  67  00  00  00  3F  00  00  00  
F2  FF  FF  FF  EB  FF  FF  FF  47  00  00  00  6D  22  10  00  03  00  00  00  36  FE  FF  FF  27  
02  00  00  C2  06  00  00  6D  23  14  00  00  03  00  00  00  C9  5B  AE  76  4E  21  00  FD  DC  
6F  08  03  D7  BF  5D  0A  6D  24  24  00  02  00  00  00  00  00  00  00  00  00  00  00  00  00  
00  00  00  00  00  00  00  00  00  00  00  00  00  00  00  00  00  00  00  00  00  00  6D  00  31  
20  00  03  00  00  00  F2  A6  00  00  BC  B0  FF  FF  F3  27  01  00  3F  C0  07  00  52  46  06  
00  42  78  70  FF  5D  61  07  00  6D  32  24  00  03  00  00  00  96  90  0B  00  7F  08  CD  7B  
01  00  00  00  E3  14  1B  8D  05  00  00  00  00  01  00  00  00  02  00  00  00  00  00  E3  07  
02  19  12  29  3B  00  01  00  12  00  6D  34  14  00  03  00  00  00  1D  48  03  00  52  29  FF  
FF  55  2F  04  00  7C  E5  07  00  6D  35  0C  00  03  00  00  00  2A  8D  01  00  5A  12  07  00  
00  41  53  72  B1  47  4E  00  2B  47  4E  00  00  73  87  02  00  00  00  00  00  00  00  28  01  
6D  15  14  00  02  01  00  00  03  04  03  00  00  00  00  00  00  00  00  00  00  00  00  00  6D  
16  10  00  03  00  00  00  E3  07  02  19  12  2A  00  00  61  00  00  00  6D  21  1C  00  03  00  
00  00  A4  00  00  00  FF  FF  FF  FF  26  00  00  00  E6  FF  FF  FF  ED  FF  FF  FF  4E  00  00  
00  6D  22  10  00  03  00  00  00  36  FE  FF  FF  26  02  00  00  C2  06  00  00  6D  23  14  00  
03  00  00  00  5B  4D  AE  76  1A  89  FF  FC  01  04  08  03  88  58  5E  0A  6D  24  24  00  02  
00  00  00  00  00  00  00  00  00  00  00  00  00  00  00  00  00  00  00  00  00  00  00  00  00  
00  00  00  00  00  00  00  00  00  00  6D  31  20  00  03  00  00  00  B6  A6  00  00  62  87  FF  
FF  86  1D  01  00  D7  90  07  00  36  51  06  00  3F  94  70  FF  A6  62  07  00  6D  32  24  00  
03  00  00  00  02  8E  0B  00  7F  08  CD  7B  01  00  00  00  5E  15  1B  8D  05  00  00  00  FE  
FF  FF  FF  04  00  00  FF  F2  3E  04  00  10  7A  07  00  6D  35  0C  00  03  00  00  00  25  8D  
01  00  28  12  07  00  41  53  C6  90  47  4E  00  00  74  87  02  00  00  00  00  00  00  00  28  
01  6D  15  14  00  02  01  00  00  03  04  03  00  00  00  00  00  00  00  00  00  00  00  00  00  
6D  16  10  00  03  00  00  00  E3  07  02  19  12  2A  00  00  6B  00  00  00  6D  21  1C  00  03  
00  00  00  EE  FE  FF  FF  32  00  00  00  1D  FF  FF  FF  F1  FF  FF  FF  F9  FF  FF  FF  45  00  
00  00  6D  22  10  00  03  00  00  00  36  FE  FF  FF  26  02  00  00  C2  06  00  00  6D  23  14  
00  03  00  00  00  6E  51  AE  76  C6  1B  FF  FC  B6  0D  08  03  68  07  5E  0A  6D  24  24  00  
02  00  00  00  00  00  00  00  00  00  00  00  00  00  00  00  00  00  00  00  00  00  00  00  00  
00  00  00  00  00  00  00  00  00  00  00  6D  31  20  00  03  00  00  00  51  FB  FF  FF  6A  9B  
FF  FF  FF  B5  00  00  78  BB  07  00  9F  80  06  00  DF  6E  70  FF  37  61  07  00  6D  32  24  
00  03  00  00  00  02  8E  0B  00  7F  08  CD  7B  01  00  00  00  5E  15  1B  8D  05  00  00  00  
FE  FF  FF  FF  04  00  00  00  02  00  00  00  6D  33  10  00  03  00  00  00  E3  07  02  19  12  
2A  00  00  01  00  12  00  6D  00  34  14  00  03  00  00  00  E1  3C  03  00  25  5E  FF  FF  9F  
4A  04  00  A8  B4  07  00  6D  35  0C  00  03  00  00  00  29  8D  01  00  73  12  07  00  41  53  
19  F6  47  4E  00  00  75  87  02  00  00  00  00  00  00  00  28  01  6D  15  14  00  02  01  00  
00  03  04  03  00  00  00  00  00  00  00  00  00  00  00  00  00  6D  16  10  00  03  00  00  00  
E3  07  02  19  12  2A  00  00  75  00  00  00  6D  21  1C  00  03  00  00  00  39  01  00  00  19  
00  00  00  C8  FF  FF  FF  18  00  00  00  F4  FF  FF  FF  51  00  00  00  6D  22  10  00  03  00  
00  00  36  FE  FF  FF  26  02  00  00  C2  06  00  00  6D  23  14  00  03  00  00  00  8C  55  AE  
76  47  95  FF  FC  59  24  08  03  D6  F4  5D  0A  6D  24  24  00  02  00  00  00  00  00  00  00  
00  00  00  00  00  00  00  00  00  00  00  00  00  00  00  00  00  00  00  00  00  00  00  00  00  
00  00  00  6D  31  20  00  03  00  00  00  99  E0  00  00  C9  91  FF  FF  B4  F8  00  00  28  57  
08  00  CD  6B  06  00  C5  9F  70  FF  18  62  07  00  6D  10  00  03  00  00  00  E3  07  02  19  
12  2A  00  00  01  00  12  00  6D  34  14  00  03  00  00  00  7A  44  03  00  E4  52  FF  FF  A6  
4A  04  00  12  CD  07  00  6D  35  0C  00  03  00  00  00  28  8D  01  00  5A  12  07  00  41  53  
C5  BB  47  4E  00  00  76  87  02  00  00  00  00  00  00  00  28  01  6D  15  14  00  02  01  00  
00  03  04  03  00  00  00  00  00  00  00  00  00  00  00  00  00  6D  16  10  00  03  00  00  00  
E3  07  02  19  12  2A  00  00  00  7F  00  00  00  6D  21  1C  00  03  00  00  00  1D  02  00  00  
69  00  00  00  E1  FF  FF  FF  DD  FF  FF  FF  F2  FF  FF  FF  45  00  00  00  6D  22  10  00  03  
00  00  00  37  FE  FF  FF  27  02  00  00  C2  06  00  00  6D  23  14  00  00  03  00  00  00  59  
5A  AE  76  01  65  00  FD  74  61  08  03  1B  E8  5D  0A  6D  24  24  00  02  00  00  00  00  00  
00  00  00  00  00  00  00  00  00  00  00  00  00  00  00  00  00  00  00  00  00  00  00  00  00  
00  00  00  00  00  6D  31  00  20  00  03  00  00  00  80  39  01  00  FE  B0  FF  FF  A5  02  01  
00  8E  6E  07  00  FB  61  06  00  40  71  70  FF  5D  61  07  00  6D  32  24  00  03  00  00  00  
02  8E  0B  00  7F  08  CD  7B  01  00  00  00  5E  15  1B  8D  05  00  00  00  00  FE  FF  FF  FF  
04  00  00  00  02  00  00  00  6D  33  10  00  03  00  00  00  E3  07  02  19  12  2A  00  00  01  
00  12  00  6D  34  14  00  03  00  00  00  B6  66  03  00  89  1A  FF  FF  0F  3F  04  00  B8  DB  
07  00  6D  35  0C  00  03  00  00  00  26  8D  01  00  BE  12  8D  47  4E  00  00  77  87  02  00  
00  00  00  00  00  00  28  01  6D  15  14  00  02  01  00  00  03  04  03  00  00  00  00  00  00  
00  00  00  00  00  00  00  6D  16  10  00  03  00  00  00  E3  07  02  19  12  2A  00  00  89  00  
00  00  6D  21  1C  00  03  00  00  00  2B  02  00  00  87  FF  FF  FF  D5  FF  FF  FF  F3  FF  FF  
FF  DC  FF  FF  FF  4E  00  00  00  6D  22  10  00  03  00  00  00  37  FE  FF  FF  26  02  00  00  
C2  06  00  00  6D  23  14  00  03  00  00  00  FE  61  AE  76  2F  42  01  FD  C7  46  08  03  56  
D8  5D  0A  6D  24  24  00  02  00  00  00  00  00  00  00  00  00  00  00  00  00  00  00  00  00  
00  00  00  00  00  00  00  00  00  00  00  00  00  00  00  00  00  00  6D  31  20  00  03  00  00  
00  EC  3E  01  00  CD  58  FF  FF  AB  FD  00  00  E8  C4  07  00  F5  0B  06  00  3B  94  70  FF  
82  61  07  00  6D  32  24  00  03  00  00  00  02  8E  0B  00  7F  08  CD  7B  01  00  00  00  5E  
15  1B  8D  05  00  00  00  FE  FF  FF  FF  04  00  00  00  6D  33  10  00  03  00  00  00  E3  07  
02  19  12  2A  00  00  01  00  12  00  6D  34  14  00  03  00  00  00  E1  66  03  00  9B  29  FF  
FF  0E  3F  04  00  B8  DB  07  00  6D  35  0C  00  03  00  00  00  2A  8D  01  00  8C  12  07  00  
41  53  34  FE  47  4E  00  00  78  87  02  00  00  00  00  00  00  00  28  01  6D  15  14  00  02  
01  00  00  03  04  03  00  00  00  00  00  00  00  00  00  00  00  00  00  6D  16  10  00  03  00  
00  00  E3  07  02  00  19  12  2A  00  00  93  00  00  00  6D  21  1C  00  03  00  00  00  39  01  
00  00  6D  FF  FF  FF  C9  FF  FF  FF  EA  FF  FF  FF  E9  FF  FF  FF  45  00  00  00  6D  22  10  
00  03  00  00  00  37  FE  FF  FF  26  02  00  00  C2  06  00  00  6D  00  23  14  00  03  00  00  
00  0D  68  AE  76  43  C3  01  FD  A6  18  08  03  B8  C5  5D  0A  6D  24  24  00  02  00  00  00  
00  00  00  00  00  00  00  00  00  00  00  00  00  00  00  00  00  00  00  00  00  00  00  00  00  
00  00  00  00  00  00  00  00  6D  31  20  00  03  00  00  00  A3  E0  00  00  5E  4E  FF  FF  E7  
F8  00  00  7A  A1  07  00  BB  3E  06  00  73  71  70  FF  72  62  07  00  6D  32  24  00  03  00  
00  00  02  8E  0B  00  7F  08  CD  7B  01  00  00  00  5E  15  1B  8D  05  00  00  00  00  FE  FF  
FF  FF  04  00  00  00  02  00  00  00  6D  33  10  00  03  00  00  00  E3  07  02  19  12  2A  00  
00  01  00  12  00  6D  34  14  00  03  00  00  00  FA  43  03  00  14  1E  FF  FF  F0  3E  04  00  
C6  AF  07  00  6D  35  0C  00  03  00  00  00  26  8D  01  1A  47  4E  00  00  79  87  02  00  00  
00  00  00  00  00  28  01  6D  15  14  00  02  01  00  00  03  04  03  00  00  00  00  00  00  00  
00  00  00  00  00  00  6D  16  10  00  03  00  00  00  E3  07  02  19  12  2A  00  00  9D  00  00  
00  6D  21  1C  00  03  00  00  00  20  00  00  00  40  00  00  00  BD  FF  FF  FF  04  00  00  00  
09  00  00  00  44  00  00  00  6D  22  10  00  03  00  00  00  37  FE  FF  FF  26  02  00  00  C2  
06  00  00  6D  23  14  00  03  00  00  00  A2  69  AE  76  E9  CF  01  FD  66  33  08  03  72  AF  
5D  0A  6D  24  24  00  02  00  00  00  00  00  00  00  00  00  00  00  00  00  00  00  00  00  00  
00  00  00  00  00  00  00  00  00  00  00  00  00  00  00  00  00  6D  31  20  00  03  00  00  00  
DF  72  00  00  12  A1  FF  FF  FA  F3  00  00  90  05  08  00  D9  BA  06  00  90  6C  70  FF  F3  
61  07  00  6D  32  24  00  03  00  00  00  02  8E  0B  00  7F  08  CD  7B  01  00  00  00  5E  15  
1B  8D  05  00  00  00  FE  FF  FF  FF  04  00  00  00  6D  33  10  00  03  00  00  00  E3  07  02  
19  12  2A  00  00  01  00  12  00  6D  34  14  00  03  00  00  00  8E  34  03  00  F5  1D  FF  FF  
FB  3A  04  00  C6  AF  07  00  6D  35  0C  00  03  00  00  00  26  8D  01  00  8C  12  07  00  41  
53  AF  50  47  4E  00  00  7A  87  02  00  00  00  00  00  00  00  28  01  6D  15  14  00  02  01  
00  00  03  04  03  00  00  00  00  00  00  00  00  00  00  00  00  00  6D  16  10  00  03  00  00  
00  E3  07  02  00  19  12  2A  00  00  A7  00  00  00  6D  21  1C  00  03  00  00  00  7C  01  00  
00  38  FF  FF  FF  28  00  00  00  11  00  00  00  E7  FF  FF  FF  33  00  00  00  6D  22  10  00  
03  00  00  00  38  FE  FF  FF  26  02  00  00  C2  06  00  00  6D  00  23  14  00  03  00  00  00  
8F  6D  AE  76  07  6E  02  FD  7A  F4  07  03  90  C2  5D  0A  6D  24  24  00  02  00  00  00  00  
00  00  00  00  00  00  00  00  00  00  00  00  00  00  00  00  00  00  00  00  00  00  00  00  00  
00  00  00  00  00  00  00  6D  31  20  00  03  00  00  00  A7  FA  00  00  AE  39  FF  FF  6F  1D  
01  00  97  39  08  00  C8  33  06  00  7B  29  70  FF  18  62  07  00  6D  32  24  00  03  00  00  
00  1C  8D  0B  00  90  08  CD  7B  01  00  00  00  6F  15  1B  8D  05  00  00  00  00  01  00  00  
00  01  00  00  00  02  00  00  00  6D  33  10  00  03  00  00  00  E3  07  02  19  12  2A  00  00  
01  00  12  00  6D  34  14  00  03  00  00  00  30  29  03  00  20  29  FF  FF  3A  2F  04  00  B8  
DB  07  00  6D  35  0C  00  03  00  00  00  2A  8D  01  49  47  4E  00  00  7B  87  02  00  00  00  
00  00  00  00  28  01  6D  15  14  00  02  01  00  00  03  04  03  00  00  00  00  00  00  00  00  
00  00  00  00  00  6D  16  10  00  03  00  00  00  E3  07  02  19  12  2A  00  00  B1  00  00  00  
6D  21  1C  00  03  00  00  00  BD  02  00  00  00  00  00  00  5B  00  00  00  F4  FF  FF  FF  06  
00  00  00  41  00  00  00  6D  22  10  00  03  00  00  00  39  FE  FF  FF  26  02  00  00  C2  06  
00  00  6D  23  14  00  03  00  00  00  F0  70  AE  76  8E  82  03  FD  77  0E  08  03  F7  E3  5D  
0A  6D  24  24  00  02  00  00  00  00  00  00  00  00  00  00  00  00  00  00  00  00  00  00  00  
00  00  00  00  00  00  00  00  00  00  00  00  00  00  00  00  6D  31  20  00  03  00  00  00  E2  
77  01  00  BF  87  FF  FF  6B  31  01  00  27  C9  07  00  69  AA  06  00  F4  60  70  FF  BE  61  
07  00  6D  32  24  00  03  00  00  00  1C  8D  0B  00  90  08  CD  7B  01  00  00  00  6F  15  1B  
8D  05  00  00  00  01  00  00  00  01  00  00  6D  33  10  00  03  00  00  00  E3  07  02  19  12  
2A  00  00  01  00  12  00  6D  34  14  00  03  00  00  00  3F  58  03  00  B2  65  FF  FF  62  2F  
04  00  E8  50  08  00  6D  35  0C  00  03  00  00  00  27  8D  01  00  8C  12  07  00  41  53  A6  
A9  47  4E  00  00  7C  87  02  00  00  00  00  00  00  00  28  01  6D  15  14  00  02  01  00  00  
03  04  03  00  00  00  00  00  00  00  00  00  00  00  00  00  6D  16  10  00  03  00  00  00  E3  
07  02  19  00  12  2A  00  00  BB  00  00  00  6D  21  1C  00  03  00  00  00  B6  FF  FF  FF  BC  
FF  FF  FF  F5  FF  FF  FF  0C  00  00  00  FE  FF  FF  FF  62  00  00  00  6D  22  10  00  03  00  
00  00  39  FE  FF  FF  26  02  00  00  C2  06  00  00  6D  23  00  14  00  03  00  00  00  D9  70  
AE  76  80  6A  03  FD  E8  F2  07  03  23  E6  5D  0A  6D  24  24  00  02  00  00  00  00  00  00  
00  00  00  00  00  00  00  00  00  00  00  00  00  00  00  00  00  00  00  00  00  00  00  00  00  
00  00  00  00  00  6D  31  20  00  03  00  00  00  37  49  00  00  0B  6D  FF  FF  54  09  01  00  
D0  23  08  00  EE  87  06  00  A1  E0  70  FF  46  61  07  00  6D  32  24  00  03  00  00  00  1C  
8D  0B  00  90  08  CD  7B  01  00  00  00  6F  15  1B  8D  05  00  00  00  00  01  00  00  00  01  
00  00  00  02  00  00  00  6D  33  10  00  03  00  00  00  E3  07  02  19  12  2A  00  00  01  00  
12  00  6D  34  14  00  03  00  00  00  18  63  03  00  53  2D  FF  FF  23  3B  04  00  57  00  08  
00  6D  35  0C  00  03  00  00  00  29  8D  01  00  15  47  4E  00  00  7D  87  02  00  00  00  00  
00  00  00  28  01  6D  15  14  00  02  01  00  00  03  04  03  00  00  00  00  00  00  00  00  00  
00  00  00  00  6D  16  10  00  03  00  00  00  E3  07  02  19  12  2A  00  00  C5  00  00  00  6D  
21  1C  00  03  00  00  00  3C  FF  FF  FF  C6  00  00  00  F5  FF  FF  FF  07  00  00  00  03  00  
00  00  5F  00  00  00  6D  22  10  00  03  00  00  00  38  FE  FF  FF  26  02  00  00  C2  06  00  
00  6D  23  14  00  03  00  00  00  CA  6C  AE  76  9D  19  03  FD  77  3B  08  03  17  E8  5D  0A  
6D  24  24  00  02  00  00  00  00  00  00  00  00  00  00  00  00  00  00  00  00  00  00  00  00  
00  00  00  00  00  00  00  00  00  00  00  00  00  00  00  6D  31  20  00  03  00  00  00  C5  19  
00  00  D5  D4  FF  FF  22  09  01  00  D0  10  08  00  87  9C  06  00  10  D5  70  FF  02  62  07  
00  6D  32  24  00  03  00  00  00  1C  8D  0B  00  90  08  CD  7B  01  00  00  00  6F  15  1B  8D  
05  00  00  00  01  00  00  00  01  00  00  00  00  6D  33  10  00  03  00  00  00  E3  07  02  19  
12  2A  00  00  01  00  12  00  6D  34  14  00  03  00  00  00  04  63  03  00  94  29  FF  FF  0B  
3F  04  00  7C  E5  07  00  6D  35  0C  00  03  00  00  00  27  8D  01  00  8C  12  07  00  41  53  
6B  06  47  4E  00  00  7E  87  02  00  00  00  00  00  00  00  28  01  6D  15  14  00  02  01  00  
00  03  04  03  00  00  00  00  00  00  00  00  00  00  00  00  00  6D  16  10  00  03  00  00  00  
E3  07  00  02  19  12  2A  00  00  CF  00  00  00  6D  21  1C  00  03  00  00  00  23  FF  FF  FF  
D7  FF  FF  FF  F6  FF  FF  FF  FC  FF  FF  FF  F4  FF  FF  FF  34  00  00  00  6D  22  10  00  03  
00  00  00  38  FE  FF  FF  26  02  00  00  C2  06  00  00  00  6D  23  14  00  03  00  00  00  C6  
6A  AE  76  F4  C6  02  FD  40  26  08  03  83  ED  5D  0A  6D  24  24  00  02  00  00  00  00  00  
00  00  00  00  00  00  00  00  00  00  00  00  00  00  00  00  00  00  00  00  00  00  00  00  00  
00  00  00  00  00  00  6D  31  20  00  03  00  00  00  C8  0F  00  00  40  77  FF  FF  93  09  01  
00  00  E6  07  00  F2  64  06  00  92  2B  70  FF  F4  60  07  00  6D  32  24  00  03  00  00  00  
1C  8D  0B  00  90  08  CD  7B  01  00  00  00  6F  15  1B  8D  00  05  00  00  00  01  00  00  00  
01  00  00  00  02  00  00  00  6D  33  10  00  03  00  00  00  E3  07  02  19  12  2A  00  00  01  
00  12  00  6D  34  14  00  03  00  00  00  F0  57  03  00  B7  56  FF  FF  00  3F  04  00  7C  E5  
07  00  6D  35  0C  00  03  00  00  00  27  8D  5A  47  4E  00  00  7F  87  02  00  00  00  00  00  
00  00  28  01  6D  15  14  00  02  01  00  00  03  04  03  00  00  00  00  00  00  00  00  00  00  
00  00  00  6D  16  10  00  03  00  00  00  E3  07  02  19  12  2A  00  00  D9  00  00  00  6D  21  
1C  00  03  00  00  00  A7  FF  FF  FF  84  00  00  00  10  00  00  00  FF  FF  FF  FF  FB  FF  FF  
FF  4B  00  00  00  6D  22  10  00  03  00  00  00  38  FE  FF  FF  26  02  00  00  C2  06  00  00  
6D  23  14  00  03  00  00  00  83  67  AE  76  23  A2  02  FD  03  59  08  03  65  F9  5D  0A  6D  
24  24  00  02  00  00  00  00  00  00  00  00  00  00  00  00  00  00  00  00  00  00  00  00  00  
00  00  00  00  00  00  00  00  00  00  00  00  00  00  6D  31  20  00  03  00  00  00  89  43  00  
00  F4  BA  FF  FF  7C  13  01  00  4E  F5  07  00  21  7E  06  00  30  86  70  FF  02  62  07  00  
6D  32  24  00  03  00  00  00  1C  8D  0B  00  90  08  CD  7B  01  00  00  00  6F  15  1B  8D  05  
00  00  00  01  00  00  00  01  00  00  00  00  00  6D  33  10  00  03  00  00  00  E3  07  02  19  
12  2A  00  00  01  00  12  00  6D  34  14  00  03  00  00  00  BD  57  03  00  7D  38  FF  FF  63  
2F  04  00  7C  E5  07  00  6D  35  0C  00  03  00  00  00  27  8D  01  00  5A  12  07  00  41  53  
D7  48  47  4E  00  00  80  87  02  00  AA  AA  AA  AA  00  00  28  01  6D  15  14  00  02  01  00  
00  03  04  03  00  00  00  00  00  00  00  00  00  00  00  00  00  6D  16  10  00  03  00  00  00  
E3  00  07  02  19  12  2A  00  00  E3  00  00  00  6D  21  1C  00  03  00  00  00  55  00  00  00  
BE  FF  FF  FF  CB  00  00  00  FA  FF  FF  FF  07  00  00  00  49  00  00  00  6D  22  10  00  03  
00  00  00  38  FE  FF  FF  26  02  00  00  C2  06  00  00  00  6D  23  14  00  03  00  00  00  87  
61  AE  76  DD  C8  02  FD  7C  46  08  03  78  4E  5E  0A  6D  24  24  00  02  00  00  00  00  00  
00  00  00  00  00  00  00  00  00  00  00  00  00  00  00  00  00  00  00  00  00  00  00  00  00  
00  00  00  00  00  00  6D  31  20  00  03  00  00  00  3C  87  00  00  5F  6D  FF  FF  7E  5C  01  
00  51  E0  07  00  CA  AC  06  00  1A  7F  70  FF  C6  61  07  00  6D  32  24  00  03  00  00  00  
1C  8D  0B  00  90  08  CD  7B  01  00  00  00  6F  15  1B  00  8D  05  00  00  00  01  00  00  00  
01  00  00  00  02  00  00  00  6D  33  10  00  03  00  00  00  E3  07  02  19  12  2A  00  00  01  
00  12  00  6D  34  14  00  03  00  00  00  61  57  03  00  F3  21  FF  FF  19  3B  04  00  7C  E5  
07  00  6D  35  0C  00  03  00  00  00  2E  BC  47  4E  00  00  81  87  02  00  02  03  90  01  00  
00  28  01  6D  15  14  00  02  01  00  00  03  04  03  00  00  00  00  00  00  00  00  00  00  00  
00  00  6D  16  10  00  03  00  00  00  E3  07  02  19  12  2A  00  00  ED  00  00  00  6D  21  1C  
00  03  00  00  00  58  FF  FF  FF  BD  FF  FF  FF  04  00  00  00  04  00  00  00  02  00  00  00  
41  00  00  00  6D  22  10  00  03  00  00  00  38  FE  FF  FF  26  02  00  00  C2  06  00  00  6D  
23  14  00  03  00  00  00  C2  5F  AE  76  2F  8B  02  FD  78  29  08  03  6E  59  5E  0A  6D  24  
24  00  02  00  00  00  00  00  00  00  00  00  00  00  00  00  00  00  00  00  00  00  00  00  00  
00  00  00  00  00  00  00  00  00  00  00  00  00  6D  31  20  00  03  00  00  00  90  24  00  00  
F7  6C  FF  FF  B5  0E  01  00  F9  05  08  00  6F  9A  06  00  9F  5E  70  FF  73  61  07  00  6D  
32  24  00  03  00  00  00  1C  8D  0B  00  90  08  CD  7B  01  00  00  00  6F  15  1B  8D  05  00  
00  00  01  00  00  00  01  00  00  00  00  6D  33  10  00  03  00  00  00  E3  07  02  19  12  2A  
00  00  01  00  12  00  6D  34  14  00  03  00  00  00  AD  4B  03  00  26  1E  FF  FF  DF  42  04  
00  29  DE  07  00  6D  35  0C  00  03  00  00  00  2A  8D  01  00  BE  12  07  00  41  53  4B  E8  
47  4E  00  00  82  87  02  00  04  00  01  00  00  00  28  01  6D  15  14  00  02  01  00  00  03  
04  03  00  00  00  00  00  00  00  00  00  00  00  00  00  6D  16  10  00  03  00  00  00  E3  07  
00  02  19  12  2A  00  00  F7  00  00  00  6D  21  1C  00  03  00  00  00  71  00  00  00  A3  FF  
FF  FF  0F  00  00  00  F0  FF  FF  FF  03  00  00  00  33  00  00  00  6D  22  10  00  03  00  00  
00  38  FE  FF  FF  26  02  00  00  C2  06  00  00  00  6D  23  14  00  03  00  00  00  B9  60  AE  
76  7B  BB  02  FD  78  0B  08  03  14  65  5E  0A  6D  24  24  00  02  00  00  00  00  00  00  00  
00  00  00  00  00  00  00  00  00  00  00  00  00  00  00  00  00  00  00  00  00  00  00  00  00  
00  00  00  00  6D  31  20  00  03  00  00  00  4A  92  00  00  DD  62  FF  FF  65  13  01  00  F1  
B6  07  00  2C  A1  06  00  34  29  70  FF  73  61  07  00  6D  32  24  00  03  00  00  00  1C  8D  
0B  00  90  08  CD  7B  01  00  00  00  6F  15  1B  8D  00  05  00  00  00  01  00  00  00  01  00  
00  00  02  00  00  00  6D  33  10  00  03  00  00  00  E3  07  02  19  12  2A  00  00  01  00  12  
00  6D  34  14  00  03  00  00  00  EB  28  03  00  4B  29  FF  FF  77  4E  04  00  30  C8  07  00  
6D  35  0C  00  03  00  00  00  26  8D  39  47  4E  00  00  83  87  02  00  C0  C6  2D  00  00  00  
28  01  6D  15  14  00  02  01  00  00  03  04  03  00  00  00  00  00  00  00  00  00  00  00  00  
00  6D  16  10  00  03  00  00  00  E3  07  02  19  12  2A  00  00  01  01  00  00  6D  21  1C  00  
03  00  00  00  B8  FE  FF  FF  69  00  00  00  F8  FE  FF  FF  F7  FF  FF  FF  EE  FF  FF  FF  3B  
00  00  00  6D  22  10  00  03  00  00  00  38  FE  FF  FF  26  02  00  00  C2  06  00  00  6D  23  
14  00  03  00  00  00  F5  64  AE  76  48  37  02  FD  8B  28  08  03  FB  05  5E  0A  6D  24  24  
00  02  00  00  00  00  00  00  00  00  00  00  00  00  00  00  00  00  00  00  00  00  00  00  00  
00  00  00  00  00  00  00  00  00  00  00  00  6D  31  20  00  03  00  00  00  26  E6  FF  FF  48  
B0  FF  FF  4D  A6  00  00  A7  D2  07  00  42  4F  06  00  A0  47  70  FF  5B  62  07  00  6D  32  
24  00  03  00  00  00  1C  8D  0B  00  90  08  CD  7B  01  00  00  00  6F  15  1B  8D  05  00  00  
00  01  00  00  00  01  00  00  00  00  00  6D  33  10  00  03  00  00  00  E3  07  02  19  12  2A  
00  00  01  00  12  00  6D  34  14  00  03  00  00  00  84  39  03  00  92  74  FF  FF  46  2F  04  
00  A8  B4  07  00  6D  35  0C  00  03  00  00  00  26  8D  01  00  D7  12  07  00  41  53  45  22  
47  4E  00  00  84  87  02  00  00  10  0E  00  00  00  28  01  6D  15  14  00  02  01  00  00  03  
04  03  00  00  00  00  00  00  00  00  00  00  00  00  00  6D  16  10  00  03  00  00  00  E3  00  
07  02  19  12  2A  00  00  0B  01  00  00  6D  21  1C  00  03  00  00  00  32  FF  FF  FF  E4  FF  
FF  FF  21  FF  FF  FF  04  00  00  00  FE  FF  FF  FF  3E  00  00  00  6D  22  10  00  03  00  00  
00  38  FE  FF  FF  26  02  00  00  C2  06  00  00  00  6D  23  14  00  03  00  00  00  5E  6A  AE  
76  CF  E6  01  FD  46  16  08  03  30  B6  5D  0A  6D  24  24  00  02  00  00  00  00  00  00  00  
00  00  00  00  00  00  00  00  00  00  00  00  00  00  00  00  00  00  00  00  00  00  00  00  00  
00  00  00  00  6D  31  20  00  03  00  00  00  96  15  00  00  4D  7C  FF  FF  FE  B5  00  00  51  
06  08  00  09  8F  06  00  48  55  70  FF  E5  60  07  00  6D  32  24  00  03  00  00  00  96  8B  
0B  00  90  08  CD  7B  01  00  00  00  D8  15  1B  00  8D  05  00  00  00  00  00  00  00  04  00  
00  00  02  00  00  00  6D  33  10  00  03  00  00  00  E3  07  02  19  12  2A  00  00  01  00  12  
00  6D  34  14  00  03  00  00  00  B3  21  03  00  47  47  FF  FF  E9  3A  04  00  47  D9  07  00  
6D  35  0C  00  03  00  00  00  29  DA  47  4E  00  00  85  87  02  00  01  00  00  01  00  00  28  
01  6D  15  14  00  02  01  00  00  03  04  03  00  00  00  00  00  00  00  00  00  00  00  00  00  
6D  16  10  00  03  00  00  00  E3  07  02  19  12  2A  00  00  15  01  00  00  6D  21  1C  00  03  
00  00  00  2D  00  00  00  0D  00  00  00  10  00  00  00  03  00  00  00  02  00  00  00  37  00  
00  00  6D  22  10  00  03  00  00  00  38  FE  FF  FF  26  02  00  00  C2  06  00  00  6D  23  14  
00  03  00  00  00  A6  69  AE  76  9B  F8  01  FD  34  1F  08  03  F4  C0  5D  0A  6D  24  24  00  
02  00  00  00  00  00  00  00  00  00  00  00  00  00  00  00  00  00  00  00  00  00  00  00  00  
00  00  00  00  00  00  00  00  00  00  00  6D  31  20  00  03  00  00  00  F2  77  00  00  59  8C  
FF  FF  5A  13  01  00  93  03  08  00  E1  9E  06  00  88  39  70  FF  F3  61  07  00  6D  32  24  
00  03  00  00  00  96  8B  0B  00  90  08  CD  7B  01  00  00  00  D8  15  1B  8D  05  00  00  00  
00  00  00  00  04  00  00  02  00  00  00  6D  33  10  00  03  00  00  00  E3  07  02  19  12  2A  
00  00  01  00  12  00  6D  34  14  00  03  00  00  00  42  25  03  00  1C  3C  FF  FF  76  4E  04  
00  CF  EC  07  00  6D  35  0C  00  03  00  00  00  2A  8D  01  00  8C  12  07  00  41  53  7D  FA  
47  4E  00  00  86  87  02  00  30  0F  1F  00  00  00  28  01  6D  15  14  00  02  01  00  00  03  
04  03  00  00  00  00  00  00  00  00  00  00  00  00  00  6D  16  10  00  03  00  00  00  00  E3  
07  02  19  12  2A  00  00  1F  01  00  00  6D  21  1C  00  03  00  00  00  17  FF  FF  FF  41  00  
00  00  DE  FE  FF  FF  00  00  00  00  01  00  00  00  42  00  00  00  6D  22  10  00  03  00  00  
00  37  FE  FF  FF  26  02  00  00  C2  06  00  00  00  6D  23  14  00  03  00  00  00  09  70  AE  
76  FE  98  01  FD  FF  2F  08  03  4B  57  5D  0A  6D  24  24  00  02  00  00  00  00  00  00  00  
00  00  00  00  00  00  00  00  00  00  00  00  00  00  00  00  00  00  00  00  00  00  00  00  00  
00  00  00  00  6D  31  20  00  03  00  00  00  40  0B  00  00  90  A0  FF  FF  D6  9B  00  00  40  
F8  07  00  54  98  06  00  2C  63  70  FF  D6  60  07  00  6D  32  24  00  03  00  00  00  96  8B  
0B  00  90  08  CD  7B  01  00  00  00  D8  15  00  1B  8D  05  00  00  00  00  00  00  00  04  00  
00  00  02  00  00  00  6D  33  10  00  03  00  00  00  E3  07  02  19  12  2A  00  00  01  00  12  
00  6D  34  14  00  03  00  00  00  C2  47  03  00  E4  47  FF  FF  7B  7D  04  00  C8  02  08  00  
6D  35  0C  00  03  00  00  00  BE  47  4E  00  00  87  87  02  00  00  00  00  00  00  00  28  01  
6D  15  14  00  02  01  00  00  03  04  03  00  00  00  00  00  00  00  00  00  00  00  00  00  6D  
16  10  00  03  00  00  00  E3  07  02  19  12  2A  00  00  29  01  00  00  6D  21  1C  00  03  00  
00  00  2C  00  00  00  36  00  00  00  89  00  00  00  07  00  00  00  0B  00  00  00  5D  00  00  
00  6D  22  10  00  03  00  00  00  37  FE  FF  FF  26  02  00  00  C2  06  00  00  6D  23  14  00  
03  00  00  00  BE  6A  AE  76  DD  A9  01  FD  0A  4A  08  03  29  91  5D  0A  6D  24  24  00  02  
00  00  00  00  00  00  00  00  00  00  00  00  00  00  00  00  00  00  00  00  00  00  00  00  00  
00  00  00  00  00  00  00  00  00  00  6D  31  20  00  03  00  00  00  80  77  00  00  0C  9C  FF  
FF  48  42  01  00  EC  12  08  00  61  BF  06  00  C8  CB  70  FF  4C  62  07  00  6D  32  24  00  
03  00  00  00  96  8B  0B  00  90  08  CD  7B  01  00  00  00  D8  15  1B  8D  05  00  00  00  00  
00  00  00  04  00  00  02  00  00  6D  33  10  00  03  00  00  00  E3  07  02  19  12  2A  00  00  
01  00  12  00  6D  34  14  00  03  00  00  00  73  19  03  00  32  29  FF  FF  69  4E  04  00  88  
66  07  00  6D  35  0C  00  03  00  00  00  25  8D  01  00  A5  12  07  00  41  53  A3  77  47  4E  
00  00  88  87  02  00  03  00  00  00  00  00  28  01  6D  15  14  00  02  01  00  00  03  04  03  
00  00  00  00  00  00  00  00  00  00  00  00  00  6D  16  10  00  03  00  00  00  E3  00  07  02  
19  12  2A  00  00  33  01  00  00  6D  21  1C  00  03  00  00  00  9F  FD  FF  FF  34  00  00  00  
8F  FF  FF  FF  00  00  00  00  04  00  00  00  39  00  00  00  6D  22  10  00  03  00  00  00  37  
FE  FF  FF  26  02  00  00  C2  06  00  00  00  6D  23  14  00  03  00  00  00  87  67  AE  76  87  
B9  00  FD  BE  4A  08  03  4B  70  5D  0A  6D  24  24  00  02  00  00  00  00  00  00  00  00  00  
00  00  00  00  00  00  00  00  00  00  00  00  00  00  00  00  00  00  00  00  00  00  00  00  00  
00  00  6D  31  20  00  03  00  00  00  6F  78  FF  FF  2A  9B  FF  FF  7A  E0  00  00  4F  F8  07  
00  9A  A8  06  00  57  40  70  FF  F4  60  07  00  6D  32  24  00  03  00  00  00  96  8B  0B  00  
90  08  CD  7B  01  00  00  00  D8  15  1B  00  8D  05  00  00  00  00  00  00  00  04  00  00  00  
02  00  00  00  6D  33  10  00  03  00  00  00  E3  07  02  19  12  2A  00  00  01  00  12  00  6D  
34  14  00  03  00  00  00  79  31  03  00  5C  56  FF  FF  5B  2B  04  00  7A  92  07  00  6D  35  
0C  00  03  00  00  00  28  40  47  4E  00  00  89  87  02  00  00  00  12  00  00  00  28  01  6D  
15  14  00  02  01  00  00  03  04  03  00  00  00  00  00  00  00  00  00  00  00  00  00  6D  16  
10  00  03  00  00  00  E3  07  02  19  12  2A  00  00  3D  01  00  00  6D  21  1C  00  03  00  00  
00  61  01  00  00  97  FF  FF  FF  2B  00  00  00  F9  FF  FF  FF  F9  FF  FF  FF  44  00  00  00  
6D  22  10  00  03  00  00  00  37  FE  FF  FF  26  02  00  00  C2  06  00  00  6D  23  14  00  03  
00  00  00  1C  6A  AE  76  ED  45  01  FD  49  30  08  03  10  83  5D  0A  6D  24  24  00  02  00  
00  00  00  00  00  00  00  00  00  00  00  00  00  00  00  00  00  00  00  00  00  00  00  00  00  
00  00  00  00  00  00  00  00  00  6D  31  20  00  03  00  00  00  22  F0  00  00  FD  5D  FF  FF  
56  1D  01  00  C4  DB  07  00  09  7E  06  00  A6  6C  70  FF  11  62  07  00  6D  32  24  00  03  
00  00  00  96  8B  0B  00  90  08  CD  7B  01  00  00  00  D8  15  1B  8D  05  00  00  00  00  00  
00  00  04  00  00  00  02  00  00  00  6D  33  10  00  03  00  00  00  E3  07  02  19  12  2A  00  
00  01  00  12  00  6D  34  14  00  03  00  00  00  34  39  03  00  69  56  FF  FF  61  2B  04  00  
FB  BB  07  00  6D  35  0C  00  03  00  00  00  26  8D  01  00  5A  12  07  00  41  53  09  7E  47  
4E  00  00  8A  87  02  00  00  00  00  00  00  00  28  01  6D  15  14  00  02  01  00  00  03  04  
03  00  00  00  00  00  00  00  00  00  00  00  00  00  6D  16  10  00  03  00  00  00  00  E3  07  
02  19  12  2A  00  00  47  01  00  00  6D  21  1C  00  03  00  00  00  70  00  00  00  6B  00  00  
00  CE  FF  FF  FF  06  00  00  00  F9  FF  FF  FF  48  00  00  00  6D  22  10  00  03  00  00  00  
37  FE  FF  FF  27  02  00  00  C2  00  06  00  00  6D  23  14  00  03  00  00  00  53  6B  AE  76  
BA  6C  01  FD  57  5F  08  03  9C  72  5D  0A  6D  24  24  00  02  00  00  00  00  00  00  00  00  
00  00  00  00  00  00  00  00  00  00  00  00  00  00  00  00  00  00  00  00  00  00  00  00  00  
00  00  00  6D  31  20  00  03  00  00  00  23  92  00  00  B9  B0  FF  FF  02  F9  00  00  61  11  
08  00  F3  7B  06  00  E7  7C  70  FF  EB  61  07  00  6D  32  24  00  03  00  00  00  96  8B  0B  
00  90  08  CD  7B  01  00  00  00  D8  00  15  1B  8D  05  00  00  00  00  00  00  00  04  00  00  
00  02  00  00  00  6D  33  10  00  03  00  00  00  E3  07  02  19  12  2A  00  00  01  00  12  00  
6D  34  14  00  03  00  00  00  61  38  03  00  64  29  FF  FF  85  4E  04  00  8C  0C  08  00  6D  
35  0C  00  03  00  00  67  47  4E  00  00  8B  87  02  00  00  00  00  00  00  00  28  01  6D  15  
14  00  02  01  00  00  03  04  03  00  00  00  00  00  00  00  00  00  00  00  00  00  6D  16  10  
00  03  00  00  00  E3  07  02  19  12  2A  00  00  51  01  00  00  6D  21  1C  00  03  00  00  00  
4A  FF  FF  FF  B0  FF  FF  FF  49  00  00  00  F9  FF  FF  FF  F6  FF  FF  FF  35  00  00  00  6D  
22  10  00  03  00  00  00  37  FE  FF  FF  26  02  00  00  C2  06  00  00  6D  23  14  00  03  00  
00  00  46  67  AE  76  BF  28  01  FD  4B  3D  08  03  4F  97  5D  0A  6D  24  24  00  02  00  00  
00  00  00  00  00  00  00  00  00  00  00  00  00  00  00  00  00  00  00  00  00  00  00  00  00  
00  00  00  00  00  00  00  00  6D  31  20  00  03  00  00  00  26  1F  00  00  DB  67  FF  FF  D7  
28  01  00  5C  DC  07  00  51  70  06  00  41  30  70  FF  7B  61  07  00  6D  32  24  00  03  00  
00  00  96  8B  0B  00  90  08  CD  7B  01  00  00  00  D8  15  1B  8D  05  00  00  00  00  00  00  
00  04  00  00  00  00  00  6D  33  10  00  03  00  00  00  E3  07  02  19  12  2A  00  00  01  00  
12  00  6D  34  14  00  03  00  00  00  61  38  03  00  64  29  FF  FF  85  4E  04  00  70  64  08  
00  6D  35  0C  00  03  00  00  00  2A  8D  01  00  8C  12  07  00  41  53  5D  54  47  4E  00  00  
8C  87  02  00  00  00  00  00  00  00  28  01  6D  15  14  00  02  01  00  00  03  04  03  00  00  
00  00  00  00  00  00  00  00  00  00  00  6D  16  10  00  03  00  00  00  E3  00  07  02  19  12  
2A  00  00  5B  01  00  00  6D  21  1C  00  03  00  00  00  3A  00  00  00  78  00  00  00  1F  00  
00  00  F9  FF  FF  FF  F1  FF  FF  FF  37  00  00  00  6D  22  10  00  03  00  00  00  37  FE  FF  
FF  27  02  00  00  C2  06  00  00  00  6D  23  14  00  03  00  00  00  0A  65  AE  76  66  3B  01  
FD  85  70  08  03  4A  A7  5D  0A  6D  24  24  00  02  00  00  00  00  00  00  00  00  00  00  00  
00  00  00  00  00  00  00  00  00  00  00  00  00  00  00  00  00  00  00  00  00  00  00  00  00  
6D  31  20  00  03  00  00  00  12  7D  00  00  E7  B5  FF  FF  70  18  01  00  46  DC  07  00  91  
5D  06  00  98  39  70  FF  B7  61  07  00  6D  32  24  00  03  00  00  00  96  8B  0B  00  90  08  
CD  7B  01  00  00  00  D8  15  1B  00  8D  05  00  00  00  00  00  00  00  04  00  00  00  02  00  
00  00  6D  33  10  00  03  00  00  00  E3  07  02  19  12  2A  00  00  01  00  12  00  6D  34  14  
00  03  00  00  00  5D  38  03  00  D0  21  FF  FF  B5  46  04  00  50  16  08  00  6D  35  0C  00  
03  00  00  00  26  50  47  4E  00  00  8D  87  02  00  00  00  00  00  00  00  28  01  6D  15  14  
00  02  01  00  00  03  04  03  00  00  00  00  00  00  00  00  00  00  00  00  00  6D  16  10  00  
03  00  00  00  E3  07  02  19  12  2A  00  00  65  01  00  00  6D  21  1C  00  03  00  00  00  18  
FE  FF  FF  91  00  00  00  90  FF  FF  FF  F2  FF  FF  FF  FA  FF  FF  FF  47  00  00  00  6D  22  
10  00  03  00  00  00  37  FE  FF  FF  27  02  00  00  C2  06  00  00  6D  23  14  00  03  00  00  
00  19  62  AE  76  7C  77  00  FD  3D  99  08  03  66  84  5D  0A  6D  24  24  00  02  00  00  00  
00  00  00  00  00  00  00  00  00  00  00  00  00  00  00  00  00  00  00  00  00  00  00  00  00  
00  00  00  00  00  00  00  6D  31  20  00  03  00  00  00  61  A7  FF  FF  9D  BF  FF  FF  1C  E0  
00  00  7B  C2  07  00  B9  80  06  00  21  78  70  FF  12  61  07  00  6D  32  24  00  03  00  00  
00  96  8B  0B  00  90  08  CD  7B  01  00  00  00  D8  15  1B  8D  05  00  00  00  00  00  00  00  
04  00  00  00  02  00  00  00  6D  33  10  00  03  00  00  00  E3  07  02  19  12  2A  00  00  01  
00  12  00  6D  34  14  00  03  00  00  00  7D  34  03  00  00  1E  FF  FF  CA  42  04  00  12  CD  
07  00  6D  35  0C  00  03  00  00  00  27  8D  01  00  8C  12  07  00  41  53  68  5A  47  4E  00  
00  8E  87  02  00  00  00  00  00  00  00  28  01  6D  15  14  00  02  01  00  00  03  04  03  00  
00  00  00  00  00  00  00  00  00  00  00  00  6D  16  10  00  03  00  00  00  00  E3  07  02  19  
12  2A  00  00  6F  01  00  00  6D  21  1C  00  03  00  00  00  DF  FE  FF  FF  1A  00  00  00  4A  
00  00  00  F4  FF  FF  FF  F9  FF  FF  FF  3F  00  00  00  6D  22  10  00  03  00  00  00  36  FE  
FF  FF  27  02  00  00  C2  00  06  00  00  6D  23  14  00  03  00  00  00  0F  5C  AE  76  67  07  
00  FD  CD  9B  08  03  5F  A8  5D  0A  6D  24  24  00  02  00  00  00  00  00  00  00  00  00  00  
00  00  00  00  00  00  00  00  00  00  00  00  00  00  00  00  00  00  00  00  00  00  00  00  00  
00  6D  31  20  00  03  00  00  00  1E  F5  FF  FF  4D  91  FF  FF  E1  28  01  00  3E  C9  07  00  
B2  7B  06  00  14  5A  70  FF  F3  61  07  00  6D  32  24  00  03  00  00  00  96  8B  0B  00  90  
08  CD  7B  01  00  00  00  FB  00  15  1B  8D  05  00  00  00  FF  FF  FF  FF  FE  FF  FF  FF  01  
00  00  00  6D  33  10  00  03  00  00  00  E3  07  02  19  12  2A  00  00  01  00  12  00  6D  34  
14  00  03  00  00  00  EB  28  03  00  4B  29  FF  FF  77  4E  04  00  B8  DB  07  00  6D  35  0C  
00  03  00  00  0A  47  4E  00  00  8F  87  02  00  01  01  00  00  00  00  28  01  6D  15  14  00  
02  01  00  00  03  04  03  00  00  00  00  00  00  00  00  00  00  00  00  00  6D  16  10  00  03  
00  00  00  E3  07  02  19  12  2A  00  00  79  01  00  00  6D  21  1C  00  03  00  00  00  FA  FE  
FF  FF  4F  00  00  00  3D  00  00  00  FE  FF  FF  FF  F9  FF  FF  FF  5E  00  00  00  6D  22  10  
00  03  00  00  00  36  FE  FF  FF  27  02  00  00  C2  06  00  00  6D  23  14  00  03  00  00  00  
41  56  AE  76  A0  9F  FF  FC  79  B3  08  03  DB  C5  5D  0A  6D  24  24  00  02  00  00  00  00  
00  00  00  00  00  00  00  00  00  00  00  00  00  00  00  00  00  00  00  00  00  00  00  00  00  
00  00  00  00  00  00  6D  31  20  00  03  00  00  00  90  FF  FF  FF  12  A6  FF  FF  8D  23  01  
00  4E  F0  07  00  1F  7E  06  00  76  D0  70  FF  F3  61  07  00  6D  32  24  00  03  00  00  00  
96  8B  0B  00  90  08  CD  7B  01  00  00  00  FB  15  1B  8D  05  00  00  00  FF  FF  FF  FF  FE  
FF  FF  FF  01  00  00  00  6D  33  10  00  03  00  00  00  E3  07  02  19  12  2A  00  00  01  00  
12  00  6D  34  14  00  03  00  00  00  C4  57  03  00  A5  47  FF  FF  00  3F  04  00  B8  DB  07  
00  6D  35  0C  00  03  00  00  00  2A  8D  01  00  8C  12  07  00  41  53  3B  71  47  4E  00  00  
90  87  02  00  00  00  00  00  00  00  28  01  6D  15  14  00  02  01  00  00  03  04  03  00  00  
00  00  00  00  00  00  00  00  00  00  00  6D  16  10  00  03  00  00  00  00  E3  07  02  19  12  
2A  00  00  83  01  00  00  6D  21  1C  00  03  00  00  00  E2  FD  FF  FF  AE  FF  FF  FF  84  FF  
FF  FF  0D  00  00  00  06  00  00  00  36  00  00  00  6D  22  10  00  03  00  00  00  36  FE  FF  
FF  27  02  00  00  C2  00  06  00  00  6D  23  14  00  03  00  00  00  8D  55  AE  76  9A  CE  FE  
FC  77  81  08  03  FD  9F  5D  0A  6D  24  24  00  02  00  00  00  00  00  00  00  00  00  00  00  
00  00  00  00  00  00  00  00  00  00  00  00  00  00  00  00  00  00  00  00  00  00  00  00  00  
6D  31  20  00  03  00  00  00  7A  92  FF  FF  6E  67  FF  FF  32  DB  00  00  9E  2D  08  00  1B  
B4  06  00  D7  34  70  FF  B7  61  07  00  6D  32  24  00  03  00  00  00  96  8B  0B  00  90  08  
CD  7B  01  00  00  00  FB  00  15  1B  8D  05  00  00  00  FF  FF  FF  FF  FE  FF  FF  FF  01  00  
00  00  6D  33  10  00  03  00  00  00  E3  07  02  19  12  2A  00  00  01  00  12  00  6D  34  14  
00  03  00  00  00  80  57  03  00  77  29  FF  FF  32  37  04  00  B8  DB  07  00  6D  35  0C  00  
03  00  00  B5  47  4E  00  00  91  87  02  00  00  00  00  00  00  00  28  01  6D  15  14  00  02  
01  00  00  03  04  03  00  00  00  00  00  00  00  00  00  00  00  00  00  6D  16  10  00  03  00  
00  00  E3  07  02  19  12  2A  00  00  8D  01  00  00  6D  21  1C  00  03  00  00  00  AA  FF  FF  
FF  94  FF  FF  FF  25  FF  FF  FF  FD  FF  FF  FF  F5  FF  FF  FF  3F  00  00  00  6D  22  10  00  
03  00  00  00  35  FE  FF  FF  27  02  00  00  C2  06  00  00  6D  23  14  00  03  00  00  00  B7  
5C  AE  76  59  AE  FE  FC  63  54  08  03  C9  51  5D  0A  6D  24  24  00  02  00  00  00  00  00  
00  00  00  00  00  00  00  00  00  00  00  00  00  00  00  00  00  00  00  00  00  00  00  00  00  
00  00  00  00  00  6D  31  20  00  03  00  00  00  7C  44  00  00  60  5D  FF  FF  D5  B5  00  00  
B3  EE  07  00  A0  72  06  00  0F  5A  70  FF  AF  61  07  00  6D  32  24  00  03  00  00  00  96  
8B  0B  00  90  08  CD  7B  01  00  00  00  FB  15  1B  8D  05  00  00  00  FF  FF  FF  FF  FE  FF  
FF  FF  01  00  00  00  6D  33  10  00  03  00  00  00  E3  07  02  19  12  2A  00  00  01  00  12  
00  6D  34  14  00  03  00  00  00  4C  53  03  00  4D  0B  FF  FF  2F  37  04  00  0B  E3  07  00  
6D  35  0C  00  03  00  00  00  25  8D  01  00  8C  12  07  00  41  53  A4  BC  47  4E  00  00  92  
87  02  00  00  00  00  00  00  00  28  01  6D  15  14  00  02  01  00  00  03  04  03  00  00  00  
00  00  00  00  00  00  00  00  00  00  6D  16  10  00  03  00  00  00  00  E3  07  02  19  12  2A  
00  00  97  01  00  00  6D  21  1C  00  03  00  00  00  3E  FF  FF  FF  FA  00  00  00  75  FF  FF  
FF  F8  FF  FF  FF  FF  FF  FF  FF  54  00  00  00  6D  22  10  00  03  00  00  00  35  FE  FF  FF  
27  02  00  00  C1  00  06  00  00  6D  23  14  00  03  00  00  00  7F  5C  AE  76  56  58  FE  FC  
F5  AF  08  03  8A  20  5D  0A  6D  24  24  00  02  00  00  00  00  00  00  00  00  00  00  00  00  
00  00  00  00  00  00  00  00  00  00  00  00  00  00  00  00  00  00  00  00  00  00  00  00  6D  
31  20  00  03  00  00  00  31  1A  00  00  6C  E9  FF  FF  E9  D4  00  00  3B  D9  07  00  32  9A  
06  00  39  AB  70  FF  99  61  07  00  6D  32  24  00  03  00  00  00  96  8B  0B  00  90  08  CD  
7B  01  00  00  00  FB  00  15  1B  8D  05  00  00  00  FF  FF  FF  FF  FE  FF  FF  FF  01  00  00  
00  6D  33  10  00  03  00  00  00  E3  07  02  19  12  2A  00  00  01  00  12  00  6D  34  14  00  
03  00  00  00  7F  47  03  00  5A  0B  FF  FF  93  4E  04  00  04  F9  07  00  6D  35  0C  00  03  
00  00  D2  47  4E  00  00  93  87  02  00  00  00  00  00  00  00  28  01  6D  15  14  00  02  01  
00  00  03  04  03  00  00  00  00  00  00  00  00  00  00  00  00  00  6D  16  10  00  03  00  00  
00  E3  07  02  19  12  2A  00  00  A1  01  00  00  6D  21  1C  00  03  00  00  00  F2  02  00  00  
F6  FE  FF  FF  8B  00  00  00  10  00  00  00  05  00  00  00  40  00  00  00  6D  22  10  00  03  
00  00  00  36  FE  FF  FF  27  02  00  00  C2  06  00  00  6D  23  14  00  03  00  00  00  6C  61  
AE  76  C1  87  FF  FC  7A  65  08  03  E5  55  5D  0A  6D  24  24  00  02  00  00  00  00  00  00  
00  00  00  00  00  00  00  00  00  00  00  00  00  00  00  00  00  00  00  00  00  00  00  00  00  
00  00  00  00  6D  31  20  00  03  00  00  00  CB  8C  01  00  21  20  FF  FF  58  41  01  00  E9  
38  08  00  48  AF  06  00  5C  5C  70  FF  20  62  07  00  6D  32  24  00  03  00  00  00  96  8B  
0B  00  90  08  CD  7B  01  00  00  00  FB  15  1B  8D  05  00  00  00  FF  FF  FF  FF  FE  FF  FF  
FF  01  00  00  00  6D  33  10  00  03  00  00  00  E3  07  02  19  12  2A  00  00  01  00  12  00  
6D  34  14  00  03  00  00  00  A8  57  03  00  E3  56  FF  FF  40  5E  04  00  50  16  08  00  6D  
35  0C  00  03  00  00  00  28  8D  01  00  D7  12  07  00  41  53  BB  17  47  4E  00  00  94  87  
02  00  00  00  00  00  00  00  28  01  6D  15  14  00  02  01  00  00  03  04  03  00  00  00  00  
00  00  00  00  00  00  00  00  00  6D  16  10  00  03  00  00  00  00  E3  07  02  19  12  2A  00  
00  AB  01  00  00  6D  21  1C  00  03  00  00  00  DA  01  00  00  60  FF  FF  FF  3C  00  00  00  
07  00  00  00  EB  FF  FF  FF  39  00  00  00  6D  22  10  00  03  00  00  00  36  FE  FF  FF  26  
02  00  00  C2  00  06  00  00  6D  23  14  00  03  00  00  00  1F  65  AE  76  5D  45  00  FD  05  
3A  08  03  20  6F  5D  0A  6D  24  24  00  02  00  00  00  00  00  00  00  00  00  00  00  00  00  
00  00  00  00  00  00  00  00  00  00  00  00  00  00  00  00  00  00  00  00  00  00  00  6D  31  
20  00  03  00  00  00  49  1F  01  00  41  49  FF  FF  6F  22  01  00  52  14  08  00  D0  48  06  
00  EA  42  70  FF  A0  61  07  00  6D  32  24  00  03  00  00  00  96  8B  0B  00  90  08  CD  7B  
01  00  00  00  FB  00  15  1B  8D  05  00  00  00  FF  FF  FF  FF  FE  FF  FF  FF  01  00  00  00  
6D  33  10  00  03  00  00  00  E3  07  02  19  12  2A  00  00  01  00  12  00  6D  34  14  00  03  
00  00  00  39  48  03  00  03  40  FF  FF  F6  3E  04  00  9A  E0  07  00  6D  35  0C  00  03  00  
00  EA  47  4E  00  00  95  87  02  00  00  00  00  00  00  00  28  01  6D  15  14  00  02  01  00  
00  03  04  03  00  00  00  00  00  00  00  00  00  00  00  00  00  6D  16  10  00  03  00  00  00  
E3  07  02  19  12  2A  00  00  B5  01  00  00  6D  21  1C  00  03  00  00  00  64  00  00  00  52  
FF  FF  FF  59  00  00  00  03  00  00  00  F3  FF  FF  FF  36  00  00  00  6D  22  10  00  03  00  
00  00  37  FE  FF  FF  26  02  00  00  C2  06  00  00  6D  23  14  00  03  00  00  00  37  64  AE  
76  22  73  00  FD  FF  FC  07  03  99  98  5D  0A  6D  24  24  00  02  00  00  00  00  00  00  00  
00  00  00  00  00  00  00  00  00  00  00  00  00  00  00  00  00  00  00  00  00  00  00  00  00  
00  00  00  6D  31  20  00  03  00  00  00  EF  8C  00  00  C7  43  FF  FF  A4  2D  01  00  F8  03  
08  00  18  67  06  00  EB  34  70  FF  91  61  07  00  6D  32  24  00  03  00  00  00  96  8B  0B  
00  90  08  CD  7B  01  00  00  00  FB  15  1B  8D  05  00  00  00  FF  FF  FF  FF  FE  FF  FF  FF  
01  00  00  00  6D  33  10  00  03  00  00  00  E3  07  02  19  12  2A  00  00  01  00  12  00  6D  
34  14  00  03  00  00  00  CF  38  03  00  B7  30  FF  FF  7A  27  04  00  FB  BB  07  00  6D  35  
0C  00  03  00  00  00  2C  8D  01  00  8C  12  07  00  41  53  A2  16  47  4E  00  00  96  87  02  
00  02  01  01  01  00  00  28  01  6D  15  14  00  02  01  00  00  03  04  03  00  00  00  00  00  
00  00  00  00  00  00  00  00  6D  16  10  00  03  00  00  00  00  E3  07  02  19  12  2A  00  00  
BF  01  00  00  6D  21  1C  00  03  00  00  00  8E  FF  FF  FF  E0  00  00  00  31  00  00  00  05  
00  00  00  03  00  00  00  4F  00  00  00  6D  22  10  00  03  00  00  00  36  FE  FF  FF  27  02  
00  00  C2  00  06  00  00  6D  23  14  00  03  00  00  00  79  5E  AE  76  7D  3F  00  FD  BA  53  
08  03  0B  B2  5D  0A  6D  24  24  00  02  00  00  00  00  00  00  00  00  00  00  00  00  00  00  
00  00  00  00  00  00  00  00  00  00  00  00  00  00  00  00  00  00  00  00  00  00  6D  31  20  
00  03  00  00  00  39  39  00  00  29  DF  FF  FF  E5  1D  01  00  7C  0A  08  00  3F  A6  06  00  
93  98  70  FF  19  61  07  00  6D  32  24  00  03  00  00  00  96  8B  0B  00  90  08  CD  7B  01  
00  00  00  FB  00  15  1B  8D  05  00  00  00  FF  FF  FF  FF  FE  FF  FF  FF  01  00  00  00  6D  
33  10  00  03  00  00  00  E3  07  02  19  12  2A  00  00  01  00  12  00  6D  34  14  00  03  00  
00  00  DC  38  03  00  73  47  FF  FF  E5  3E  04  00  40  EF  07  00  6D  35  0C  00  03  00  00  
DB  47  4E  00  00  97  87  02  00  00  00  00  00  00  00  28  01  6D  15  14  00  02  01  00  00  
03  04  03  00  00  00  00  00  00  00  00  00  00  00  00  00  6D  16  10  00  03  00  00  00  E3  
07  02  19  12  2A  00  00  C9  01  00  00  6D  21  1C  00  03  00  00  00  C6  FE  FF  FF  C5  00  
00  00  84  FF  FF  FF  07  00  00  00  FE  FF  FF  FF  5C  00  00  00  6D  22  10  00  03  00  00  
00  36  FE  FF  FF  27  02  00  00  C2  06  00  00  6D  23  14  00  03  00  00  00  D0  5C  AE  76  
B6  BC  FF  FC  ED  97  08  03  3E  8B  5D  0A  6D  24  24  00  02  00  00  00  00  00  00  00  00  
00  00  00  00  00  00  00  00  00  00  00  00  00  00  00  00  00  00  00  00  00  00  00  00  00  
00  00  6D  31  20  00  03  00  00  00  FA  EA  FF  FF  A8  D4  FF  FF  59  DA  00  00  1D  13  08  
00  CB  90  06  00  D4  CB  70  FF  36  62  07  00  6D  32  24  00  03  00  00  00  96  8B  0B  00  
90  08  CD  7B  01  00  00  00  FB  15  1B  8D  05  00  00  00  FF  FF  FF  FF  FE  FF  FF  FF  01  
00  00  00  6D  33  10  00  03  00  00  00  E3  07  02  19  12  2A  00  00  01  00  12  00  6D  34  
14  00  03  00  00  00  A0  48  03  00  88  56  FF  FF  54  2F  04  00  40  EF  07  00  6D  35  0C  
00  03  00  00  00  26  8D  01  00  5A  12  07  00  41  53  06  FB  47  4E  00  00  98  87  02  00  
00  00  00  00  00  00  28  01  6D  15  14  00  02  01  00  00  03  04  03  00  00  00  00  00  00  
00  00  00  00  00  00  00  6D  16  10  00  03  00  00  00  00  E3  07  02  19  12  2A  00  00  D3  
01  00  00  6D  21  1C  00  03  00  00  00  70  01  00  00  95  FF  FF  FF  FB  FF  FF  FF  0A  00  
00  00  F6  FF  FF  FF  4C  00  00  00  6D  22  10  00  03  00  00  00  37  FE  FF  FF  27  02  00  
00  C2  00  06  00  00  6D  23  14  00  03  00  00  00  CB  60  AE  76  C4  4E  00  FD  8F  7E  08  
03  5C  8F  5D  0A  6D  24  24  00  02  00  00  00  00  00  00  00  00  00  00  00  00  00  00  00  
00  00  00  00  00  00  00  00  00  00  00  00  00  00  00  00  00  00  00  00  00  6D  31  20  00  
03  00  00  00  79  F5  00  00  F5  5D  FF  FF  69  08  01  00  34  1F  08  00  88  72  06  00  32  
8D  70  FF  36  62  07  00  6D  32  24  00  03  00  00  00  4C  8A  0B  00  90  08  CD  7B  01  00  
00  00  1E  00  16  1B  8D  05  00  00  00  FE  FF  FF  FF  04  00  00  00  02  00  00  00  6D  33  
10  00  03  00  00  00  E3  07  02  19  12  2A  00  00  01  00  12  00  6D  34  14  00  03  00  00  
00  F4  66  03  00  24  31  FF  FF  0F  3F  04  00  04  F9  07  00  6D  35  0C  00  03  00  00  28  
47  4E  00  00  99  87  02  00  64  00  00  00  00  00  28  01  6D  15  14  00  02  01  00  00  03  
04  03  00  00  00  00  00  00  00  00  00  00  00  00  00  6D  16  10  00  03  00  00  00  E3  07  
02  19  12  2A  00  00  DD  01  00  00  6D  21  1C  00  03  00  00  00  97  01  00  00  FF  FF  FF  
FF  8E  00  00  00  02  00  00  00  F2  FF  FF  FF  62  00  00  00  6D  22  10  00  03  00  00  00  
37  FE  FF  FF  27  02  00  00  C2  06  00  00  6D  23  14  00  03  00  00  00  0A  5F  AE  76  35  
EE  00  FD  A5  91  08  03  F2  CB  5D  0A  6D  24  24  00  02  00  00  00  00  00  00  00  00  00  
00  00  00  00  00  00  00  00  00  00  00  00  00  00  00  00  00  00  00  00  00  00  00  00  00  
00  6D  31  20  00  03  00  00  00  CC  04  01  00  8D  87  FF  FF  AE  41  01  00  C2  00  08  00  
F9  5F  06  00  0F  E3  70  FF  BE  61  07  00  6D  32  24  00  03  00  00  00  4C  8A  0B  00  90  
08  CD  7B  01  00  00  00  1E  16  1B  8D  05  00  00  00  FE  FF  FF  FF  04  00  00  00  02  00  
00  00  6D  33  10  00  03  00  00  00  E3  07  02  19  12  2A  00  00  01  00  12  00  6D  34  14  
00  03  00  00  00  EA  75  03  00  66  0F  FF  FF  D4  4A  04  00  7C  E5  07  00  6D  35  0C  00  
03  00  00  00  29  8D  01  00  73  12  07  00  41  53  93  C4  47  4E  00  00  9A  87  02  00  00  
00  00  00  00  00  28  01  6D  15  14  00  02  01  00  00  03  04  03  00  00  00  00  00  00  00  
00  00  00  00  00  00  6D  16  10  00  03  00  00  00  00  E3  07  02  19  12  2A  00  00  E7  01  
00  00  6D  21  1C  00  03  00  00  00  2E  00  00  00  69  00  00  00  32  00  00  00  F8  FF  FF  
FF  FF  FF  FF  FF  47  00  00  00  6D  22  10  00  03  00  00  00  37  FE  FF  FF  27  02  00  00  
C2  00  06  00  00  6D  23  14  00  03  00  00  00  D0  5B  AE  76  DD  FC  00  FD  8B  C0  08  03  
6C  E7  5D  0A  6D  24  24  00  02  00  00  00  00  00  00  00  00  00  00  00  00  00  00  00  00  
00  00  00  00  00  00  00  00  00  00  00  00  00  00  00  00  00  00  00  00  6D  31  20  00  03  
00  00  00  CA  77  00  00  BB  B0  FF  FF  AB  1D  01  00  AC  DB  07  00  0F  93  06  00  E7  75  
70  FF  FA  61  07  00  6D  32  24  00  03  00  00  00  4C  8A  0B  00  90  08  CD  7B  01  00  00  
00  1E  00  16  1B  8D  05  00  00  00  FE  FF  FF  FF  04  00  00  00  02  00  00  00  6D  33  10  
00  03  00  00  00  E3  07  02  19  12  2A  00  00  01  00  12  00  6D  34  14  00  03  00  00  00  
CE  47  03  00  56  1A  FF  FF  F3  3E  04  00  98  8D  07  00  00  6D  35  0C  00  03  00  00  65  
47  4E  00  00  9B  87  02  00  02  01  00  00  00  00  28  01  6D  15  14  00  02  01  00  00  03  
04  03  00  00  00  00  00  00  00  00  00  00  00  00  00  6D  16  10  00  03  00  00  00  E3  07  
02  19  12  00  2A  00  00  F1  01  00  00  6D  D2  47  4E  00  00  AF  87  02  00  00  00  00  00  
00  00  28  01  6D  15  14  00  02  01  00  00  03  04  03  00  00  00  00  00  00  00  00  00  00  
00  00  00  6D  16  10  00  03  00  00  00  E3  07  02  19  12  2A  00  00  B9  02  00  00  6D  21  
1C  00  03  00  00  00  E9  00  00  00  BA  FF  FF  FF  63  00  00  00  F7  FF  FF  FF  F6  FF  FF  
FF  2F  00  00  00  6D  22  10  00  03  00  00  00  37  FE  FF  FF  27  02  00  00  C4  06  00  00  
6D  23  14  00  03  00  00  00  60  2B  AE  76  C6  A1  01  FD  F2  74  08  03  68  57  60  0A  6D  
24  24  00  02  00  00  00  00  00  00  00  00  00  00  00  00  00  00  00  00  00  00  00  00  00  
00  00  00  00  00  00  00  00  00  00  00  00  00  00  6D  31  20  00  03  00  00  00  1A  C1  00  
00  64  6D  FF  FF  7B  32  01  00  78  D5  07  00  4F  70  06  00  5B  1B  70  FF  7B  61  07  00  
6D  32  24  00  03  00  00  00  C6  88  0B  00  A2  08  CD  7B  01  00  00  00  98  16  1B  8D  05  
00  00  00  03  00  00  00  03  00  00  00  8C  12  07  00  41  53  63  22  47  4E  00  00  B0  87  
02  00  00  00  00  00  00  00  28  01  6D  15  14  00  02  01  00  00  03  04  03  00  00  00  00  
00  00  00  00  00  00  00  00  00  6D  16  10  00  03  00  00  00  E3  07  02  19  12  2A  00  00  
C3  02  00  00  6D  21  1C  00  03  00  00  00  91  FE  FF  FF  91  FF  FF  FF  5B  FF  FF  FF  FF  
FF  FF  FF  0C  00  00  00  2F  00  00  00  6D  22  10  00  03  00  00  00  37  FE  FF  FF  26  02  
00  00  C3  06  00  00  6D  23  14  00  03  00  00  00  28  2E  AE  76  7A  14  01  FD  1C  3D  08  
03  24  1F  60  0A  6D  24  24  00  02  00  00  00  00  00  00  00  00  00  00  00  00  00  00  00  
00  00  00  00  00  00  00  00  00  00  00  00  00  00  00  00  00  00  00  00  6D  31  20  00  03  
00  00  00  8A  D6  FF  FF  38  5D  FF  FF  43  CB  00  00  A8  F5  07  00  87  C6  06  00  49  1B  
70  FF  CD  61  07  00  6D  32  24  00  03  00  00  00  C6  88  0B  00  A2  08  CD  7B  01  00  00  
00  98  16  1B  8D  05  00  00  00  03  00  00  00  03  00  00  00  01  00  00  00  6D  33  10  00  
03  00  00  00  E3  07  02  19  12  2A  00  00  01  00  12  00  6D  34  14  00  03  00  00  00  DE  
3F  03  00  6A  1A  FF  FF  5E  56  04  00  04  00  F9  07  00  6D  35  0C  00  03  00  00  00  26  
8D  01  00  A5  12  07  00  41  53  AA  C3  47  4E  00  00  B1  87  02  00  00  00  00  00  00  00  
28  01  6D  15  14  00  02  01  00  00  03  04  03  00  00  00  00  00  00  00  00  00  00  00  00  
00  6D  16  10  00  03  00  00  00  E3  07  02  19  12  2A  00  00  CD  02  00  00  6D  21  1C  00  
03  00  00  00  63  00  00  00  5A  00  00  00  64  00  00  00  02  00  00  00  F4  FF  FF  FF  49  
00  00  00  6D  22  10  00  03  00  00  00  37  FE  FF  FF  27  02  00  00  C4  06  00  00  6D  23  
14  00  03  00  00  00  93  2A  AE  76  7C  38  01  FD  84  65  08  03  B2  46  60  0A  6D  24  24  
00  02  00  00  00  00  00  00  00  00  00  00  00  00  00  00  00  00  00  00  00  00  00  00  00  
00  00  00  00  00  00  00  00  00  00  00  00  6D  31  20  00  03  00  00  00  EB  8C  00  00  65  
AB  FF  FF  99  32  01  00  B5  01  08  00  80  67  06  00  66  81  70  FF  A2  60  07  00  6D  32  
24  00  03  00  00  00  C6  88  0B  00  A2  08  CD  7B  01  00  00  00  98  00  6D  34  14  00  03  
00  00  00  9C  4F  03  00  22  1E  FF  FF  13  3B  04  00  8C  0C  08  00  6D  35  0C  00  03  00  
00  00  22  8D  01  00  73  12  07  00  41  53  05  BF  47  4E  00  00  B2  87  02  00  00  00  00  
00  00  00  28  01  6D  15  14  00  02  01  00  00  03  04  03  00  00  00  00  00  00  00  00  00  
00  00  00  00  6D  16  10  00  03  00  00  00  E3  07  02  19  12  2A  00  00  D7  02  00  00  6D  
21  1C  00  03  00  00  00  92  FD  FF  FF  73  00  00  00  9F  FF  FF  FF  EF  FF  FF  FF  FA  FF  
FF  FF  35  00  00  00  6D  22  10  00  03  00  00  00  37  FE  FF  FF  27  02  00  00  C3  06  00  
00  6D  23  14  00  03  00  00  00  60  26  AE  76  C4  40  00  FD  25  7D  08  03  3F  28  60  0A  
6D  24  24  00  02  00  00  00  00  00  00  00  00  00  00  00  00  00  00  00  00  00  00  00  00  
00  00  00  00  00  00  00  00  00  00  00  00  00  00  00  6D  31  20  00  03  00  00  00  07  73  
FF  FF  2B  B5  FF  FF  A0  E5  00  00  0E  B7  07  00  95  80  06  00  88  32  70  FF  55  61  07  
00  6D  32  24  00  03  00  00  00  C6  88  0B  00  A2  08  CD  7B  01  00  00  00  98  16  1B  8D  
05  00  00  00  03  00  00  00  03  00  00  00  01  00  00  00  6D  33  10  00  03  00  00  00  00  
E3  07  02  19  12  2A  00  00  01  00  12  00  6D  34  14  00  03  00  00  00  2C  39  03  00  6F  
56  FF  FF  47  2F  04  00  F4  D1  07  00  6D  35  0C  00  03  00  00  00  25  8D  01  00  5A  12  
07  00  41  53  84  14  47  4E  00  00  B3  87  02  00  00  00  00  00  00  00  28  01  6D  15  14  
00  02  01  00  00  03  04  03  00  00  00  00  00  00  00  00  00  00  00  00  00  6D  16  10  00  
03  00  00  00  E3  07  02  19  12  2A  00  00  E1  02  00  00  6D  21  1C  00  03  00  00  00  7F  
00  00  00  93  FF  FF  FF  D1  FF  FF  FF  F6  FF  FF  FF  FF  FF  FF  FF  4D  00  00  00  6D  22  
10  00  03  00  00  00  37  FE  FF  FF  27  02  00  00  C3  06  00  00  6D  23  14  00  03  00  00  
00  12  2A  AE  76  53  74  00  FD  B1  57  08  03  D7  17  60  0A  6D  24  24  00  02  00  00  00  
00  00  00  00  00  00  00  00  00  00  00  00  00  00  00  00  00  00  00  00  00  00  00  00  00  
00  00  00  00  00  00  00  6D  31  20  00  03  00  00  00  8E  97  00  00  B1  5D  FF  FF  42  F9  
00  00  EC  05  00  00  00  03  00  00  00  03  00  00  00  01  00  00  00  6D  33  10  00  03  00  
00  00  E3  07  02  19  12  2A  00  00  01  00  12  00  6D  34  14  00  03  00  00  00  94  5B  03  
00  1D  40  FF  FF  1C  3B  04  00  E6  FD  07  00  6D  35  0C  00  03  00  00  00  25  8D  01  00  
41  12  07  00  41  53  68  52  47  4E  00  00  B4  87  02  00  00  00  00  00  00  00  28  01  6D  
15  14  00  02  01  00  00  03  04  03  00  00  00  00  00  00  00  00  00  00  00  00  00  00  6D  
16  10  00  03  00  00  00  E3  07  02  19  12  2A  00  00  EB  02  00  00  6D  21  1C  00  03  00  
00  00  65  FF  FF  FF  82  00  00  00  3C  00  00  00  FD  FF  FF  FF  F4  FF  FF  FF  4F  00  00  
00  6D  22  10  00  03  00  00  00  00  36  FE  FF  FF  27  02  00  00  C3  06  00  00  6D  23  14  
00  03  00  00  00  08  25  AE  76  E1  33  00  FD  6F  86  08  03  32  31  60  0A  6D  24  24  00  
02  00  00  00  00  00  00  00  00  00  00  00  00  00  00  00  00  00  00  00  00  00  00  00  00  
00  00  00  00  00  00  00  00  00  00  00  00  6D  31  20  00  03  00  00  00  50  29  00  00  EB  
BA  FF  FF  44  23  01  00  4B  EE  07  00  76  6B  06  00  C7  98  70  FF  02  62  07  00  6D  32  
24  00  03  00  00  00  C6  88  00  0B  00  A2  08  CD  7B  01  00  00  00  98  16  1B  8D  05  00  
00  00  03  00  00  00  03  00  00  00  01  00  00  00  6D  33  10  00  03  00  00  00  E3  07  02  
19  12  2A  00  00  01  00  12  00  6D  34  14  00  03  00  00  00  06  58  03  00  40  5E  FF  FF  
FF  3E  04  00  9D  47  4E  00  00  B5  87  02  00  00  00  00  00  00  00  28  01  6D  15  14  00  
02  01  00  00  03  04  03  00  00  00  00  00  00  00  00  00  00  00  00  00  6D  16  10  00  03  
00  00  00  E3  07  02  19  12  2A  00  00  F5  02  00  00  6D  21  1C  00  03  00  00  00  80  FF  
FF  FF  6C  FF  FF  FF  9A  00  00  00  01  00  00  00  0C  00  00  00  51  00  00  00  6D  22  10  
00  03  00  00  00  36  FE  FF  FF  27  02  00  00  C4  06  00  00  6D  23  14  00  03  00  00  00  
D1  1F  AE  76  5D  08  00  FD  CD  4A  08  03  AC  71  60  0A  6D  24  24  00  02  00  00  00  00  
00  00  00  00  00  00  00  00  00  00  00  00  00  00  00  00  00  00  00  00  00  00  00  00  00  
00  00  00  00  00  00  6D  31  20  00  03  00  00  00  A6  33  00  00  1B  4E  FF  FF  1E  48  01  
00  C8  FB  07  00  41  C6  06  00  56  9D  70  FF  5B  62  07  00  6D  32  24  00  03  00  00  00  
C6  88  0B  00  A2  08  CD  7B  01  00  00  00  98  16  1B  8D  05  00  00  00  03  00  00  00  03  
00  00  00  01  00  00  00  6D  33  10  00  03  00  00  00  E3  07  02  19  12  2A  00  00  01  00  
12  00  6D  34  14  00  03  00  00  00  43  41  03  00  FD  7F  FF  FF  03  3B  04  00  B6  88  07  
00  6D  35  0C  00  03  00  00  00  26  8D  01  00  8C  12  07  00  41  53  6E  4C  47  4E  00  00  
B6  87  02  00  00  00  00  00  00  00  28  01  6D  15  14  00  02  01  00  00  03  04  03  00  00  
00  00  00  00  00  00  00  00  00  00  00  6D  16  10  00  03  00  00  00  00  E3  07  02  19  12  
2A  00  00  FF  02  00  00  6D  21  1C  00  03  00  00  00  81  FF  FF  FF  C9  FF  FF  FF  D1  FF  
FF  FF  F7  FF  FF  FF  EF  FF  FF  FF  46  00  00  00  6D  22  10  00  03  00  00  00  36  FE  FF  
FF  27  02  00  00  C4  00  06  00  00  6D  23  14  00  03  00  00  00  7D  20  AE  76  D9  D7  FF  
FC  88  31  08  03  61  63  60  0A  6D  24  24  00  02  00  00  00  00  00  00  00  00  00  00  00  
00  00  00  00  00  00  00  00  00  00  00  00  00  00  00  00  00  00  00  00  00  00  00  00  00  
6D  31  20  00  03  00  00  00  28  34  00  00  43  72  FF  FF  A4  F9  00  00  25  D7  07  00  B3  
58  06  00  03  76  70  FF  27  62  07  00  6D  32  24  00  03  00  00  00  A4  87  0B  00  A2  08  
CD  7B  01  00  00  00  DE  00  16  1B  8D  05  00  00  00  02  00  00  00  06  00  00  00  02  00  
00  00  6D  33  10  00  03  00  00  00  E3  07  02  19  12  2A  00  00  01  00  12  00  6D  34  14  
00  03  00  00  00  0E  2A  03  00  7A  74  FF  FF  39  2F  04  00  F4  D1  07  00  6D  35  0C  00  
03  00  00  7D  47  4E  00  00  B7  87  02  00  00  00  00  00  00  00  28  01  6D  15  14  00  02  
01  00  00  03  04  03  00  00  00  00  00  00  00  00  00  00  00  00  00  6D  16  10  00  03  00  
00  00  E3  07  02  19  12  2A  00  00  09  03  00  00  6D  21  1C  00  03  00  00  00  56  00  00  
00  5C  00  00  00  A5  00  00  00  05  00  00  00  F3  FF  FF  FF  4F  00  00  00  6D  22  10  00  
03  00  00  00  36  FE  FF  FF  27  02  00  00  C4  06  00  00  6D  23  14  00  03  00  00  00  91  
1A  AE  76  80  F7  FF  FC  C3  5A  08  03  33  A4  60  0A  6D  24  24  00  02  00  00  00  00  00  
00  00  00  00  00  00  00  00  00  00  00  00  00  00  00  00  00  00  00  00  00  00  00  00  00  
00  00  00  00  00  6D  31  20  00  03  00  00  00  3E  87  00  00  97  AB  FF  FF  A4  4C  01  00  
77  0A  08  00  11  67  06  00  C1  98  70  FF  A8  61  07  00  6D  32  24  00  03  00  00  00  A4  
87  0B  00  A2  08  CD  7B  01  00  00  00  DE  16  1B  8D  05  00  00  00  02  00  00  00  06  00  
00  00  02  00  00  00  6D  33  10  00  03  00  00  00  E3  07  02  19  12  2A  00  00  01  00  12  
00  6D  34  14  00  03  00  00  00  FC  40  03  00  04  5E  FF  FF  4D  2F  04  00  40  EF  07  00  
6D  35  0C  00  03  00  00  00  23  8D  01  00  F6  11  07  00  41  53  11  BA  47  4E  00  00  B8  
87  02  00  00  00  00  00  00  00  28  01  6D  15  14  00  02  01  00  00  03  04  03  00  00  00  
00  00  00  00  00  00  00  00  00  00  6D  16  10  00  03  00  00  00  00  E3  07  02  19  12  2A  
00  00  13  03  00  00  6D  21  1C  00  03  00  00  00  33  FE  FF  FF  22  01  00  00  59  FF  FF  
FF  F3  FF  FF  FF  05  00  00  00  46  00  00  00  6D  22  10  00  03  00  00  00  36  FE  FF  FF  
27  02  00  00  C4  00  06  00  00  6D  23  14  00  03  00  00  00  A3  18  AE  76  88  38  FF  FC  
E4  BA  08  03  EB  66  60  0A  6D  24  24  00  02  00  00  00  00  00  00  00  00  00  00  00  00  
00  00  00  00  00  00  00  00  00  00  00  00  00  00  00  00  00  00  00  00  00  00  00  00  6D  
31  20  00  03  00  00  00  AC  B1  FF  FF  C3  F8  FF  FF  E9  CA  00  00  C4  C6  07  00  21  AF  
06  00  7C  73  70  FF  99  61  07  00  6D  32  24  00  03  00  00  00  A4  87  0B  00  A2  08  CD  
7B  01  00  00  00  DE  00  16  1B  8D  05  00  00  00  02  00  00  00  06  00  00  00  02  00  00  
00  6D  33  10  00  03  00  00  00  E3  07  02  19  12  2A  00  00  01  00  12  00  6D  34  14  00  
03  00  00  00  3F  48  03  00  97  47  FF  FF  C4  46  04  00  04  F9  07  00  6D  35  0C  00  03  
00  00  77  47  4E  00  00  B9  87  02  00  00  00  00  00  00  00  28  01  6D  15  14  00  02  01  
00  00  03  04  03  00  00  00  00  00  00  00  00  00  00  00  00  00  6D  16  10  00  03  00  00  
00  E3  07  02  19  12  2A  00  00  1D  03  00  00  6D  21  1C  00  03  00  00  00  5A  FF  FF  FF  
26  00  00  00  A8  FF  FF  FF  05  00  00  00  F1  FF  FF  FF  43  00  00  00  6D  22  10  00  03  
00  00  00  36  FE  FF  FF  27  02  00  00  C4  06  00  00  6D  23  14  00  03  00  00  00  6E  19  
AE  76  37  F5  FE  FC  DB  C3  08  03  C1  47  60  0A  6D  24  24  00  02  00  00  00  00  00  00  
00  00  00  00  00  00  00  00  00  00  00  00  00  00  00  00  00  00  00  00  00  00  00  00  00  
00  00  00  00  6D  31  20  00  03  00  00  00  B2  24  00  00  75  96  FF  FF  FF  E9  00  00  66  
0F  08  00  7B  62  06  00  51  6A  70  FF  8A  61  07  00  6D  32  24  00  03  00  00  00  A4  87  
0B  00  A2  08  CD  7B  01  00  00  00  DE  16  1B  8D  05  00  00  00  02  00  00  00  06  00  00  
00  02  00  00  00  6D  33  10  00  03  00  00  00  E3  07  02  19  12  2A  00  00  01  00  12  00  
6D  34  14  00  03  00  00  00  DE  47  03  00  A6  38  FF  FF  33  5E  04  00  04  F9  07  00  6D  
35  0C  00  03  00  00  00  2A  8D  01  00  41  12  07  00  41  53  F9  DA  47  4E  00  00  BA  87  
02  00  00  00  00  00  00  00  28  01  6D  15  14  00  02  01  00  00  03  04  03  00  00  00  00  
00  00  00  00  00  00  00  00  00  6D  16  10  00  03  00  00  00  00  E3  07  02  19  12  2A  00  
00  27  03  00  00  6D  21  1C  00  03  00  00  00  33  FF  FF  FF  CC  FE  FF  FF  81  FF  FF  FF  
F9  FF  FF  FF  03  00  00  00  4D  00  00  00  6D  22  10  00  03  00  00  00  35  FE  FF  FF  27  
02  00  00  C3  00  06  00  00  6D  23  14  00  03  00  00  00  9B  1E  AE  76  17  AE  FE  FC  B2  
44  08  03  1E  1D  60  0A  6D  24  24  00  02  00  00  00  00  00  00  00  00  00  00  00  00  00  
00  00  00  00  00  00  00  00  00  00  00  00  00  00  00  00  00  00  00  00  00  00  00  6D  31  
20  00  03  00  00  00  61  15  00  00  8A  0F  FF  FF  D8  DA  00  00  FC  DD  07  00  37  A8  06  
00  59  8F  70  FF  91  61  07  00  6D  32  24  00  03  00  00  00  A4  87  0B  00  A2  08  CD  7B  
01  00  00  00  DE  00  16  1B  8D  05  00  00  00  02  00  00  00  06  00  00  00  02  00  00  00  
6D  33  10  00  03  00  00  00  E3  07  02  19  12  2A  00  00  01  00  12  00  6D  34  14  00  03  
00  00  00  7B  38  03  00  27  1A  FF  FF  48  2F  04  00  B8  DB  07  00  6D  35  0C  00  03  00  
00  84  47  4E  00  00  BB  87  02  00  00  00  00  00  00  00  28  01  6D  15  14  00  02  01  00  
00  03  04  03  00  00  00  00  00  00  00  00  00  00  00  00  00  6D  16  10  00  03  00  00  00  
E3  07  02  19  12  2A  00  00  31  03  00  00  6D  21  1C  00  03  00  00  00  12  01  00  00  E5  
FF  FF  FF  6F  00  00  00  FD  FF  FF  FF  04  00  00  00  5F  00  00  00  6D  22  10  00  03  00  
00  00  36  FE  FF  FF  27  02  00  00  C4  06  00  00  6D  23  14  00  03  00  00  00  9D  1D  AE  
76  40  19  FF  FC  4E  45  08  03  57  47  60  0A  6D  24  24  00  02  00  00  00  00  00  00  00  
00  00  00  00  00  00  00  00  00  00  00  00  00  00  00  00  00  00  00  00  00  00  00  00  00  
00  00  00  6D  31  20  00  03  00  00  00  B8  D0  00  00  F6  7C  FF  FF  91  37  01  00  BE  EB  
07  00  B3  AA  06  00  44  D7  70  FF  4E  61  07  00  6D  32  24  00  03  00  00  00  A4  87  0B  
00  A2  08  CD  7B  01  00  00  00  DE  16  1B  8D  05  00  00  00  02  00  00  00  06  00  00  00  
02  00  00  00  6D  33  10  00  03  00  00  00  E3  07  02  19  12  2A  00  00  01  00  12  00  6D  
34  14  00  03  00  00  00  D2  4F  03  00  F8  30  FF  FF  12  3B  04  00  B8  DB  07  00  6D  35  
0C  00  03  00  00  00  26  8D  01  00  BE  12  07  00  41  53  9B  DF  47  4E  00  00  BC  87  02  
00  00  00  00  00  00  00  28  01  6D  15  14  00  02  01  00  00  03  04  03  00  00  00  00  00  
00  00  00  00  00  00  00  00  6D  16  10  00  03  00  00  00  00  E3  07  02  19  12  2A  00  00  
3B  03  00  00  6D  21  1C  00  03  00  00  00  71  00  00  00  9F  00  00  00  A4  00  00  00  F7  
FF  FF  FF  FA  FF  FF  FF  4C  00  00  00  6D  22  10  00  03  00  00  00  36  FE  FF  FF  27  02  
00  00  C4  00  06  00  00  6D  23  14  00  03  00  00  00  4F  17  AE  76  29  40  FF  FC  95  89  
08  03  C3  86  60  0A  6D  24  24  00  02  00  00  00  00  00  00  00  00  00  00  00  00  00  00  
00  00  00  00  00  00  00  00  00  00  00  00  00  00  00  00  00  00  00  00  00  00  6D  31  20  
00  03  00  00  00  9D  91  00  00  99  C5  FF  FF  84  4C  01  00  A9  D4  07  00  18  85  06  00  
20  8D  70  FF  DC  61  07  00  6D  32  24  00  03  00  00  00  A4  87  0B  00  A2  08  CD  7B  01  
00  00  00  DE  00  16  1B  8D  05  00  00  00  02  00  00  00  06  00  00  00  02  00  00  00  6D  
33  10  00  03  00  00  00  E3  07  02  19  12  2A  00  00  01  00  12  00  6D  34  14  00  03  00  
00  00  35  40  03  00  8E  38  FF  FF  5D  56  04  00  B8  DB  07  00  6D  35  0C  00  03  00  00  
87  47  4E  00  00  BD  87  02  00  00  00  00  00  00  00  28  01  6D  15  14  00  02  01  00  00  
03  04  03  00  00  00  00  00  00  00  00  00  00  00  00  00  6D  16  10  00  03  00  00  00  E3  
07  02  19  12  2A  00  00  45  03  00  00  6D  21  1C  00  03  00  00  00  D1  FF  FF  FF  AF  FF  
FF  FF  12  00  00  00  FC  FF  FF  FF  F3  FF  FF  FF  40  00  00  00  6D  22  10  00  03  00  00  
00  36  FE  FF  FF  27  02  00  00  C4  06  00  00  6D  23  14  00  03  00  00  00  EE  16  AE  76  
F4  2F  FF  FC  41  69  08  03  D2  8F  60  0A  6D  24  24  00  02  00  00  00  00  00  00  00  00  
00  00  00  00  00  00  00  00  00  00  00  00  00  00  00  00  00  00  00  00  00  00  00  00  00  
00  00  6D  31  20  00  03  00  00  00  4A  53  00  00  07  68  FF  FF  A7  13  01  00  BC  E9  07  
00  F2  68  06  00  7F  5C  70  FF  6A  62  07  00  6D  32  24  00  03  00  00  00  A4  87  0B  00  
A2  08  CD  7B  01  00  00  00  DE  16  1B  8D  05  00  00  00  02  00  00  00  06  00  00  00  02  
00  00  00  6D  33  10  00  03  00  00  00  E3  07  02  19  12  2A  00  00  01  00  12  00  6D  34  
14  00  03  00  00  00  D1  28  03  00  89  38  FF  FF  BB  6D  04  00  B8  DB  07  00  6D  35  0C  
00  03  00  00  00  2B  8D  01  00  8C  12  07  00  41  53  4F  0A  47  4E  00  00  BE  87  02  00  
00  00  00  00  00  00  28  01  6D  15  14  00  02  01  00  00  03  04  03  00  00  00  00  00  00  
00  00  00  00  00  00  00  6D  16  10  00  03  00  00  00  00  E3  07  02  19  12  2A  00  00  4F  
03  00  00  6D  21  1C  00  03  00  00  00  07  00  00  00  0C  00  00  00  C1  FF  FF  FF  F2  FF  
FF  FF  FC  FF  FF  FF  3F  00  00  00  6D  22  10  00  03  00  00  00  36  FE  FF  FF  27  02  00  
00  C4  00  06  00  00  6D  23  14  00  03  00  00  00  DF  18  AE  76  84  30  FF  FC  54  6E  08  
03  4C  78  60  0A  6D  24  24  00  02  00  00  00  00  00  00  00  00  00  00  00  00  00  00  00  
00  00  00  00  00  00  00  00  00  00  00  00  00  00  00  00  00  00  00  00  00  6D  31  20  00  
03  00  00  00  65  68  00  00  54  8C  FF  FF  15  F4  00  00  17  C2  07  00  E6  8B  06  00  12  
5A  70  FF  2F  62  07  00  6D  32  24  00  03  00  00  00  A4  87  0B  00  A2  08  CD  7B  01  00  
00  00  DE  00  16  1B  8D  05  00  00  00  02  00  00  00  06  00  00  00  02  00  00  00  6D  33  
10  00  03  00  00  00  E3  07  02  19  12  2A  00  00  01  00  12  00  6D  34  14  00  03  00  00  
00  30  29  03  00  20  29  FF  FF  3A  2F  04  00  30  C8  07  00  6D  35  0C  00  03  00  00  C1  
47  4E  00  00  BF  87  02  00  00  00  00  00  00  00  28  01  6D  15  14  00  02  01  00  00  03  
04  03  00  00  00  00  00  00  00  00  00  00  00  00  00  6D  16  10  00  03  00  00  00  E3  07  
02  19  12  2A  00  00  59  03  00  00  6D  21  1C  00  03  00  00  00  8C  00  00  00  B0  FF  FF  
FF  6E  00  00  00  F2  FF  FF  FF  F0  FF  FF  FF  36  00  00  00  6D  22  10  00  03  00  00  00  
36  FE  FF  FF  27  02  00  00  C4  06  00  00  6D  23  14  00  03  00  00  00  5E  17  AE  76  8E  
6A  FF  FC  D0  54  08  03  C1  A1  60  0A  6D  24  24  00  02  00  00  00  00  00  00  00  00  00  
00  00  00  00  00  00  00  00  00  00  00  00  00  00  00  00  00  00  00  00  00  00  00  00  00  
00  6D  31  20  00  03  00  00  00  61  9C  00  00  2A  68  FF  FF  DD  37  01  00  91  C2  07  00  
6D  5D  06  00  48  37  70  FF  D5  61  07  00  6D  32  24  00  03  00  00  00  A4  87  0B  00  A2  
08  CD  7B  01  00  00  00  DE  16  1B  8D  05  00  00  00  02  00  00  00  06  00  00  00  02  00  
00  00  6D  33  10  00  03  00  00  00  E3  07  02  19  12  2A  00  00  01  00  12  00  6D  34  14  
00  03  00  00  00  47  40  03  00  56  29  FF  FF  05  3B  04  00  D6  D6  07  00  6D  35  0C  00  
03  00  00  00  22  8D  01  00  41  12  07  00  41  53  DD  F5  47  4E  00  00  C0  87  02  00  AA  
AA  AA  AA  00  00  28  01  6D  15  14  00  02  01  00  00  03  04  03  00  00  00  00  00  00  00  
00  00  00  00  00  00  6D  16  10  00  03  00  00  00  00  E3  07  02  19  12  2A  00  00  63  03  
00  00  6D  21  1C  00  03  00  00  00  4A  00  00  00  A2  FF  FF  FF  39  00  00  00  F7  FF  FF  
FF  FF  FF  FF  FF  52  00  00  00  6D  22  10  00  03  00  00  00  36  FE  FF  FF  27  02  00  00  
C4  00  06  00  00  6D  23  14  00  03  00  00  00  23  17  AE  76  BB  8A  FF  FC  65  33  08  03  
77  B7  60  0A  6D  24  24  00  02  00  00  00  00  00  00  00  00  00  00  00  00  00  00  00  00  
00  00  00  00  00  00  00  00  00  00  00  00  00  00  00  00  00  00  00  00  6D  31  20  00  03  
00  00  00  70  82  00  00  DC  62  FF  FF  22  23  01  00  8D  D4  07  00  CB  97  06  00  F7  A1  
70  FF  BE  61  07  00  6D  32  24  00  03  00  00  00  F0  86  0B  00  A2  08  CD  7B  01  00  00  
00  12  00  17  1B  8D  05  00  00  00  FE  FF  FF  FF  05  00  00  00  01  00  00  00  6D  33  10  
00  03  00  00  00  E3  07  02  19  12  2A  00  00  01  00  12  00  6D  34  14  00  03  00  00  00  
DB  4F  03  00  F3  30  FF  FF  2B  37  04  00  4E  C3  07  00  6D  35  0C  00  03  00  00  7C  47  
4E  00  00  C1  87  02  00  02  03  90  01  00  00  28  01  6D  15  14  00  02  01  00  00  03  04  
03  00  00  00  00  00  00  00  00  00  00  00  00  00  6D  16  10  00  03  00  00  00  E3  07  02  
19  12  2A  00  00  6D  03  00  00  6D  21  1C  00  03  00  00  00  14  01  00  00  96  FF  FF  FF  
DA  FF  FF  FF  04  00  00  00  F8  FF  FF  FF  49  00  00  00  6D  22  10  00  03  00  00  00  36  
FE  FF  FF  26  02  00  00  C4  06  00  00  6D  23  14  00  03  00  00  00  3B  1C  AE  76  E0  F8  
FF  FC  06  13  08  03  85  A6  60  0A  6D  24  24  00  02  00  00  00  00  00  00  00  00  00  00  
00  00  00  00  00  00  00  00  00  00  00  00  00  00  00  00  00  00  00  00  00  00  00  00  00  
6D  31  20  00  03  00  00  00  1C  D1  00  00  CC  5D  FF  FF  34  FE  00  00  38  08  08  00  1A  
7C  06  00  29  7F  70  FF  82  61  07  00  6D  32  24  00  03  00  00  00  F0  86  0B  00  A2  08  
CD  7B  01  00  00  00  12  17  1B  8D  05  00  00  00  FE  FF  FF  FF  05  00  00  00  01  00  00  
00  6D  33  10  00  03  00  00  00  E3  07  02  19  12  2A  00  00  01  00  12  00  6D  34  14  00  
03  00  00  00  BD  57  03  00  7D  38  FF  FF  63  2F  04  00  E4  AA  07  00  6D  35  0C  00  03  
00  00  00  23  8D  01  00  28  12  07  00  41  53  8F  4D  47  4E  00  00  C2  87  02  00  04  00  
01  00  00  00  28  01  6D  15  14  00  02  01  00  00  03  04  03  00  00  00  00  00  00  00  00  
00  00  00  00  00  6D  16  10  00  03  00  00  00  00  E3  07  02  19  12  2A  00  00  77  03  00  
00  6D  21  1C  00  03  00  00  00  ED  FF  FF  FF  42  00  00  00  B2  FF  FF  FF  F2  FF  FF  FF  
F5  FF  FF  FF  31  00  00  00  6D  22  10  00  03  00  00  00  36  FE  FF  FF  27  02  00  00  C4  
00  06  00  00  6D  23  14  00  03  00  00  00  1B  1E  AE  76  39  EE  FF  FC  18  2B  08  03  FA  
86  60  0A  6D  24  24  00  02  00  00  00  00  00  00  00  00  00  00  00  00  00  00  00  00  00  
00  00  00  00  00  00  00  00  00  00  00  00  00  00  00  00  00  00  00  6D  31  20  00  03  00  
00  00  0A  5E  00  00  00  A1  FF  FF  E3  EE  00  00  4C  C0  07  00  17  70  06  00  5E  22  70  
FF  CD  61  07  00  6D  32  24  00  03  00  00  00  F0  86  0B  00  A2  08  CD  7B  01  00  00  00  
12  00  17  1B  8D  05  00  00  00  FE  FF  FF  FF  05  00  00  00  01  00  00  00  6D  33  10  00  
03  00  00  00  E3  07  02  19  12  2A  00  00  01  00  12  00  6D  34  14  00  03  00  00  00  6E  
57  03  00  81  29  FF  FF  01  3F  04  00  F4  D1  07  00  6D  35  0C  00  03  00  00  EB  47  4E  
00  00  C3  87  02  00  C0  C6  2D  00  00  00  28  01  6D  15  14  00  02  01  00  00  03  04  03  
00  00  00  00  00  00  00  00  00  00  00  00  00  6D  16  10  00  03  00  00  00  E3  07  02  19  
12  2A  00  00  81  03  00  00  6D  21  1C  00  03  00  00  00  17  FF  FF  FF  B0  FF  FF  FF  B3  
FF  FF  FF  FD  FF  FF  FF  F9  FF  FF  FF  4C  00  00  00  6D  22  10  00  03  00  00  00  36  FE  
FF  FF  26  02  00  00  C4  06  00  00  6D  23  14  00  03  00  00  00  56  1F  AE  76  C4  95  FF  
FC  EB  02  08  03  0D  6B  60  0A  6D  24  24  00  02  00  00  00  00  00  00  00  00  00  00  00  
00  00  00  00  00  00  00  00  00  00  00  00  00  00  00  00  00  00  00  00  00  00  00  00  6D  
31  20  00  03  00  00  00  5F  0A  00  00  D7  67  FF  FF  6D  EF  00  00  C8  EB  07  00  46  80  
06  00  31  8D  70  FF  63  62  07  00  6D  32  24  00  03  00  00  00  F0  86  0B  00  A2  08  CD  
7B  01  00  00  00  12  17  1B  8D  05  00  00  00  FE  FF  FF  FF  05  00  00  00  01  00  00  00  
6D  33  10  00  03  00  00  00  E3  07  02  19  12  2A  00  00  01  00  12  00  6D  34  14  00  03  
00  00  00  24  35  03  00  21  4B  FF  FF  2B  33  04  00  63  81  07  00  6D  35  0C  00  03  00  
00  00  26  8D  01  00  73  12  07  00  41  53  E5  F7  47  4E  00  00  C4  87  02  00  00  10  0E  
00  00  00  28  01  6D  15  14  00  02  01  00  00  03  04  03  00  00  00  00  00  00  00  00  00  
00  00  00  00  6D  16  10  00  03  00  00  00  00  E3  07  02  19  12  2A  00  00  8B  03  00  00  
6D  21  1C  00  03  00  00  00  DF  FF  FF  FF  6B  00  00  00  0F  00  00  00  FB  FF  FF  FF  F1  
FF  FF  FF  26  00  00  00  6D  22  10  00  03  00  00  00  36  FE  FF  FF  27  02  00  00  C4  00  
06  00  00  6D  23  14  00  03  00  00  00  81  1D  AE  76  51  85  FF  FC  40  2B  08  03  70  6F  
60  0A  6D  24  24  00  02  00  00  00  00  00  00  00  00  00  00  00  00  00  00  00  00  00  00  
00  00  00  00  00  00  00  00  00  00  00  00  00  00  00  00  00  00  6D  31  20  00  03  00  00  
00  77  58  00  00  A7  B0  FF  FF  62  13  01  00  70  E3  07  00  25  62  06  00  A4  F8  6F  FF  
02  62  07  00  6D  32  24  00  03  00  00  00  F0  86  0B  00  A2  08  CD  7B  01  00  00  00  12  
00  17  1B  8D  05  00  00  00  FE  FF  FF  FF  05  00  00  00  01  00  00  00  6D  33  10  00  03  
00  00  00  E3  07  02  19  12  2A  00  00  01  00  12  00  6D  34  14  00  03  00  00  00  33  31  
03  00  5B  47  FF  FF  0F  37  04  00  3E  9C  07  00  6D  35  0C  00  03  00  00  F6  47  4E  00  
00  C5  87  02  00  01  00  00  01  00  00  28  01  6D  15  14  00  02  01  00  00  03  04  03  00  
00  00  00  00  00  00  00  00  00  00  00  00  6D  16  10  00  03  00  00  00  E3  07  02  19  12  
2A  00  00  95  03  00  00  6D  21  1C  00  03  00  00  00  FC  FE  FF  FF  BA  00  00  00  A5  FF  
FF  FF  1A  00  00  00  EF  FF  FF  FF  4C  00  00  00  6D  22  10  00  03  00  00  00  36  FE  FF  
FF  27  02  00  00  C4  06  00  00  6D  23  14  00  03  00  00  00  3E  1C  AE  76  37  19  FF  FC  
D4  69  08  03  51  4C  60  0A  6D  24  24  00  02  00  00  00  00  00  00  00  00  00  00  00  00  
00  00  00  00  00  00  00  00  00  00  00  00  00  00  00  00  00  00  00  00  00  00  00  6D  31  
20  00  03  00  00  00  91  FF  FF  FF  9C  CF  FF  FF  EC  E9  00  00  48  60  08  00  D1  58  06  
00  02  8B  70  FF  E2  62  07  00  6D  32  24  00  03  00  00  00  F0  86  0B  00  A2  08  CD  7B  
01  00  00  00  12  17  1B  8D  05  00  00  00  FE  FF  FF  FF  05  00  00  00  01  00  00  00  6D  
33  10  00  03  00  00  00  E3  07  02  19  12  2A  00  00  01  00  12  00  6D  34  14  00  03  00  
00  00  B0  38  03  00  61  38  FF  FF  E5  3E  04  00  F4  D1  07  00  6D  35  0C  00  03  00  00  
00  26  8D  01  00  73  12  07  00  41  53  57  45  47  4E  00  00  C6  87  02  00  30  0F  1F  00  
00  00  28  01  6D  15  14  00  02  01  00  00  03  04  03  00  00  00  00  00  00  00  00  00  00  
00  00  00  6D  16  10  00  03  00  00  00  00  E3  07  02  19  12  2A  00  00  9F  03  00  00  6D  
21  1C  00  03  00  00  00  DE  00  00  00  BF  FF  FF  FF  1C  00  00  00  F8  FF  FF  FF  FF  FF  
FF  FF  4E  00  00  00  6D  22  10  00  03  00  00  00  36  FE  FF  FF  27  02  00  00  C4  00  06  
00  00  6D  23  14  00  03  00  00  00  F8  1D  AE  76  E4  72  FF  FC  19  59  08  03  6E  57  60  
0A  6D  24  24  00  02  00  00  00  00  00  00  00  00  00  00  00  00  00  00  00  00  00  00  00  
00  00  00  00  00  00  00  00  00  00  00  00  00  00  00  00  00  6D  31  20  00  03  00  00  00  
EB  BB  00  00  5D  6D  FF  FF  52  18  01  00  8C  DB  07  00  6C  95  06  00  10  94  70  FF  E4  
61  07  00  6D  32  24  00  03  00  00  00  F0  86  0B  00  A2  08  CD  7B  01  00  00  00  12  00  
17  1B  8D  05  00  00  00  FE  FF  FF  FF  05  00  00  00  01  00  00  00  6D  33  10  00  03  00  
00  00  E3  07  02  19  12  2A  00  00  01  00  12  00  6D  34  14  00  03  00  00  00  E5  38  03  
00  9B  56  FF  FF  83  4E  04  00  40  EF  07  00  6D  35  0C  00  03  00  00  53  47  4E  00  00  
C7  87  02  00  00  00  00  00  00  00  28  01  6D  15  14  00  02  01  00  00  03  04  03  00  00  
00  00  00  00  00  00  00  00  00  00  00  6D  16  10  00  03  00  00  00  E3  07  02  19  12  2A  
00  00  A9  03  00  00  6D  21  1C  00  03  00  00  00  9B  00  00  00  97  FF  FF  FF  7A  00  00  
00  07  00  00  00  05  00  00  00  47  00  00  00  6D  22  10  00  03  00  00  00  36  FE  FF  FF  
27  02  00  00  C4  06  00  00  6D  23  14  00  03  00  00  00  30  1C  AE  76  0F  B4  FF  FC  A8  
37  08  03  66  88  60  0A  6D  24  24  00  02  00  00  00  00  00  00  00  00  00  00  00  00  00  
00  00  00  00  00  00  00  00  00  00  00  00  00  00  00  00  00  00  00  00  00  00  6D  31  20  
00  03  00  00  00  91  A1  00  00  D3  5D  FF  FF  19  3D  01  00  89  13  08  00  E4  AC  06  00  
31  78  70  FF  FA  61  07  00  6D  32  24  00  03  00  00  00  F0  86  0B  00  A2  08  CD  7B  01  
00  00  00  12  17  1B  8D  05  00  00  00  FE  FF  FF  FF  05  00  00  00  01  00  00  00  6D  33  
10  00  03  00  00  00  E3  07  02  19  12  2A  00  00  01  00  12  00  6D  34  14  00  03  00  00  
00  E2  2C  03  00  41  29  FF  FF  C3  42  04  00  8C  0C  08  00  6D  35  0C  00  03  00  00  00  
26  8D  01  00  28  12  07  00  41  53  3F  89  47  4E  00  00  C8  87  02  00  03  00  00  00  00  
00  28  01  6D  15  14  00  02  01  00  00  03  04  03  00  00  00  00  00  00  00  00  00  00  00  
00  00  6D  16  10  00  03  00  00  00  00  E3  07  02  19  12  2A  00  00  B3  03  00  00  6D  21  
1C  00  03  00  00  00  92  FE  FF  FF  35  00  00  00  8B  FF  FF  FF  00  00  00  00  04  00  00  
00  43  00  00  00  6D  22  10  00  03  00  00  00  36  FE  FF  FF  27  02  00  00  C4  00  06  00  
00  6D  23  14  00  03  00  00  00  CB  1B  AE  76  BA  22  FF  FC  E1  3F  08  03  78  60  60  0A  
6D  24  24  00  02  00  00  00  00  00  00  00  00  00  00  00  00  00  00  00  00  00  00  00  00  
00  00  00  00  00  00  00  00  00  00  00  00  00  00  00  00  6D  31  20  00  03  00  00  00  FF  
D5  FF  FF  9B  9B  FF  FF  D7  DF  00  00  9D  F9  07  00  1E  AA  06  00  0D  68  70  FF  C4  62  
07  00  6D  32  24  00  03  00  00  00  F0  86  0B  00  A2  08  CD  7B  01  00  00  00  12  00  17  
1B  8D  05  00  00  00  FE  FF  FF  FF  05  00  00  00  01  00  00  00  6D  33  10  00  03  00  00  
00  E3  07  02  19  12  2A  00  00  01  00  12  00  6D  34  14  00  03  00  00  00  79  30  03  00  
45  1A  FF  FF  7F  4E  04  00  E6  FD  07  00  6D  35  0C  00  03  00  00  8A  47  4E  00  00  C9  
87  02  00  00  00  12  00  00  00  28  01  6D  15  14  00  02  01  00  00  03  04  03  00  00  00  
00  00  00  00  00  00  00  00  00  00  6D  16  10  00  03  00  00  00  E3  07  02  19  12  2A  00  
00  BD  03  00  00  6D  21  1C  00  03  00  00  00  A0  FF  FF  FF  AD  00  00  00  04  FF  FF  FF  
F7  FF  FF  FF  E8  FF  FF  FF  41  00  00  00  6D  22  10  00  03  00  00  00  36  FE  FF  FF  27  
02  00  00  C3  06  00  00  6D  23  14  00  03  00  00  00  76  21  AE  76  3C  F5  FE  FC  6D  7E  
08  03  33  00  60  0A  6D  24  24  00  02  00  00  00  00  00  00  00  00  00  00  00  00  00  00  
00  00  00  00  00  00  00  00  00  00  00  00  00  00  00  00  00  00  00  00  00  6D  31  20  00  
03  00  00  00  31  3F  00  00  44  CA  FF  FF  0C  AB  00  00  B8  D7  07  00  1A  3D  06  00  0C  
61  70  FF  4E  61  07  00  6D  32  24  00  03  00  00  00  F0  86  0B  00  A2  08  CD  7B  01  00  
00  00  12  17  1B  8D  05  00  00  00  FE  FF  FF  FF  05  00  00  00  01  00  00  00  6D  33  10  
00  03  00  00  00  E3  07  02  19  12  2A  00  00  01  00  12  00  6D  34  14  00  03  00  00  00  
12  38  03  00  68  1A  FF  FF  26  5E  04  00  7C  E5  07  00  6D  35  0C  00  03  00  00  00  23  
8D  01  00  A5  12  07  00  41  53  EC  1E  47  4E  00  00  CA  87  02  00  00  00  00  00  00  00  
28  01  6D  15  14  00  02  01  00  00  03  04  03  00  00  00  00  00  00  00  00  00  00  00  00  
00  6D  16  10  00  03  00  00  00  00  E3  07  02  19  12  2A  00  00  C7  03  00  00  6D  21  1C  
00  03  00  00  00  36  FE  FF  FF  96  FF  FF  FF  C2  FF  FF  FF  E9  FF  FF  FF  F7  FF  FF  FF  
3E  00  00  00  6D  22  10  00  03  00  00  00  35  FE  FF  FF  27  02  00  00  C3  00  06  00  00  
6D  23  14  00  03  00  00  00  E0  1F  AE  76  A0  46  FE  FC  F9  45  08  03  41  F0  5F  0A  6D  
24  24  00  02  00  00  00  00  00  00  00  00  00  00  00  00  00  00  00  00  00  00  00  00  00  
00  00  00  00  00  00  00  00  00  00  00  00  00  00  00  6D  31  20  00  03  00  00  00  9D  B1  
FF  FF  3D  5D  FF  FF  2C  F5  00  00  41  9F  07  00  7F  7B  06  00  71  55  70  FF  11  62  07  
00  6D  32  24  00  03  00  00  00  7E  85  0B  00  90  08  CD  7B  01  00  00  00  35  00  17  1B  
8D  05  00  00  00  FD  FF  FF  FF  00  00  00  00  02  00  00  00  6D  33  10  00  03  00  00  00  
E3  07  02  19  12  2A  00  00  01  00  12  00  6D  34  14  00  03  00  00  00  E8  57  03  00  8F  
47  FF  FF  62  2F  04  00  98  8D  07  00  6D  35  0C  00  03  00  00  53  47  4E  00  00  CB  87  
02  00  00  00  00  00  00  00  28  01  6D  15  14  00  02  01  00  00  03  04  03  00  00  00  00  
00  00  00  00  00  00  00  00  00  6D  16  10  00  03  00  00  00  E3  07  02  19  12  2A  00  00  
D1  03  00  00  6D  21  1C  00  03  00  00  00  9D  00  00  00  B1  FF  FF  FF  0F  00  00  00  EA  
FF  FF  FF  F3  FF  FF  FF  42  00  00  00  6D  22  10  00  03  00  00  00  35  FE  FF  FF  27  02  
00  00  C3  06  00  00  6D  23  14  00  03  00  00  00  A8  21  AE  76  5D  87  FE  FC  1D  2D  08  
03  E8  F5  5F  0A  6D  24  24  00  02  00  00  00  00  00  00  00  00  00  00  00  00  00  00  00  
00  00  00  00  00  00  00  00  00  00  00  00  00  00  00  00  00  00  00  00  6D  31  20  00  03  
00  00  00  06  A2  00  00  0C  68  FF  FF  57  13  01  00  45  A4  07  00  36  69  06  00  9A  65  
70  FF  46  61  07  00  6D  32  24  00  03  00  00  00  7E  85  0B  00  90  08  CD  7B  01  00  00  
00  35  17  1B  8D  05  00  00  00  FD  FF  FF  FF  00  00  00  00  02  00  00  00  6D  33  10  00  
03  00  00  00  E3  07  02  19  12  2A  00  00  01  00  12  00  6D  34  14  00  03  00  00  00  42  
35  03  00  A4  52  FF  FF  44  2F  04  00  DD  C0  07  00  6D  35  0C  00  03  00  00  00  24  8D  
01  00  8C  12  07  00  41  53  5F  BC  47  4E  00  00  CC  87  02  00  00  00  00  00  00  00  28  
01  6D  15  14  00  02  01  00  00  03  04  03  00  00  00  00  00  00  00  00  00  00  00  00  00  
6D  16  10  00  03  00  00  00  00  E3  07  02  19  12  2A  00  00  DB  03  00  00  6D  21  1C  00  
03  00  00  00  77  FE  FF  FF  36  00  00  00  62  00  00  00  02  00  00  00  E7  FF  FF  FF  37  
00  00  00  6D  22  10  00  03  00  00  00  35  FE  FF  FF  27  02  00  00  C3  00  06  00  00  6D  
23  14  00  03  00  00  00  F0  19  AE  76  F0  EE  FD  FC  AF  35  08  03  80  1F  60  0A  6D  24  
24  00  02  00  00  00  00  00  00  00  00  00  00  00  00  00  00  00  00  00  00  00  00  00  00  
00  00  00  00  00  00  00  00  00  00  00  00  00  00  6D  31  20  00  03  00  00  00  06  CB  FF  
FF  B9  9B  FF  FF  73  33  01  00  4C  01  08  00  51  3A  06  00  C5  39  70  FF  9F  62  07  00  
6D  32  24  00  03  00  00  00  7E  85  0B  00  90  08  CD  7B  01  00  00  00  35  00  17  1B  8D  
05  00  00  00  FD  FF  FF  FF  00  00  00  00  02  00  00  00  6D  33  10  00  03  00  00  00  E3  
07  02  19  12  2A  00  00  01  00  12  00  6D  34  14  00  03  00  00  00  2B  39  03  00  6F  56  
FF  FF  47  2F  04  00  F4  D1  07  00  6D  35  0C  00  03  00  00  60  47  4E  00  00  CD  87  02  
00  00  00  00  00  00  00  28  01  6D  15  14  00  02  01  00  00  03  04  03  00  00  00  00  00  
00  00  00  00  00  00  00  00  6D  16  10  00  03  00  00  00  E3  07  02  19  12  2A  00  00  E5  
03  00  00  6D  21  1C  00  03  00  00  00  65  00  00  00  F1  00  00  00  BC  00  00  00  FC  FF  
FF  FF  F6  FF  FF  FF  36  00  00  00  6D  22  10  00  03  00  00  00  35  FE  FF  FF  27  02  00  
00  C4  06  00  00  6D  23  14  00  03  00  00  00  33  12  AE  76  A2  11  FE  FC  80  98  08  03  
2F  65  60  0A  6D  24  24  00  02  00  00  00  00  00  00  00  00  00  00  00  00  00  00  00  00  
00  00  00  00  00  00  00  00  00  00  00  00  00  00  00  00  00  00  00  6D  31  20  00  03  00  
00  00  04  8C  00  00  CA  E4  FF  FF  CE  56  01  00  D3  E9  07  00  E7  76  06  00  5B  37  70  
FF  88  62  07  00  6D  32  24  00  03  00  00  00  7E  85  0B  00  90  08  CD  7B  01  00  00  00  
35  17  1B  8D  05  00  00  00  FD  FF  FF  FF  00  00  00  00  02  00  00  00  6D  33  10  00  03  
00  00  00  E3  07  02  19  12  2A  00  00  01  00  12  00  6D  34  14  00  03  00  00  00  A0  48  
03  00  88  56  FF  FF  54  2F  04  00  F4  D1  07  00  6D  35  0C  00  03  00  00  00  00  25  8D  
01  00  F0  12  07  00  41  53  F5  F5  47  4E  00  00  CE  87  02  00  00  00  00  00  00  00  28  
01  6D  15  14  00  02  01  00  00  03  04  03  00  00  00  00  00  00  00  00  00  00  00  00  00  
6D  16  10  00  03  00  00  00  00  E3  07  02  19  12  2A  01  00  07  00  00  00  6D  21  1C  00  
03  00  00  00  E4  FE  FF  FF  35  00  00  00  04  00  00  00  F2  FF  FF  FF  F9  FF  FF  FF  5D  
00  00  00  6D  22  10  00  03  00  00  00  35  FE  FF  FF  27  02  00  00  C4  00  06  00  00  6D  
23  14  00  03  00  00  00  C6  0E  AE  76  A9  A3  FD  FC  92  A3  08  03  41  69  60  0A  6D  24  
24  00  02  00  00  00  00  00  00  00  00  00  00  00  00  00  00  00  00  00  00  00  00  00  00  
00  00  00  00  00  00  00  00  00  00  00  00  00  00  6D  31  20  00  03  00  00  00  78  F5  FF  
FF  93  9B  FF  FF  CD  0E  01  00  FD  C1  07  00  4A  85  06  00  08  CE  70  FF  3F  61  07  00  
6D  32  24  00  03  00  00  00  7E  85  0B  00  90  08  CD  7B  01  00  00  00  35  17  1B  8D  05  
00  00  00  FD  4B  47  4E  00  00  CF  87  02  00  01  01  00  00  00  00  28  01  6D  15  14  00  
02  01  00  00  03  04  03  00  00  00  00  00  00  00  00  00  00  00  00  00  6D  16  10  00  03  
00  00  00  E3  07  02  19  12  2A  01  00  11  00  00  00  6D  21  1C  00  03  00  00  00  5D  FF  
FF  FF  D4  00  00  00  48  FF  FF  FF  02  00  00  00  FF  FF  FF  FF  40  00  00  00  6D  22  10  
00  03  00  00  00  35  FE  FF  FF  27  02  00  00  C3  06  00  00  6D  23  14  00  03  00  00  00  
68  11  AE  76  ED  5C  FD  FC  9B  EE  08  03  B0  20  60  0A  6D  24  24  00  02  00  00  00  00  
00  00  00  00  00  00  00  00  00  00  00  00  00  00  00  00  00  00  00  00  00  00  00  00  00  
00  00  00  00  00  00  6D  31  20  00  03  00  00  00  D1  24  00  00  DB  D9  FF  FF  44  C5  00  
00  A2  03  08  00  BB  9C  06  00  9B  5E  70  FF  7B  61  07  00  6D  32  24  00  03  00  00  00  
7E  85  0B  00  90  08  CD  7B  01  00  00  00  35  17  1B  8D  05  00  00  00  FD  FF  FF  FF  00  
00  00  00  02  00  00  00  6D  33  10  00  03  00  00  00  E3  07  02  19  12  2A  00  00  01  00  
12  00  6D  34  14  00  03  00  00  00  0F  39  03  00  B5  52  FF  FF  16  37  04  00  57  00  08  
00  6D  35  0C  00  03  00  00  00  00  22  8D  01  00  41  12  07  00  41  53  E3  AA  47  4E  00  
00  D0  87  02  00  00  00  00  00  00  00  28  01  6D  15  14  00  02  01  00  00  03  04  03  00  
00  00  00  00  00  00  00  00  00  00  00  00  6D  16  10  00  03  00  00  00  00  E3  07  02  19  
12  2A  01  00  1B  00  00  00  6D  21  1C  00  03  00  00  00  4C  00  00  00  FD  00  00  00  89  
FF  FF  FF  06  00  00  00  12  00  00  00  48  00  00  00  6D  22  10  00  03  00  00  00  35  FE  
FF  FF  27  02  00  00  C3  00  06  00  00  6D  23  14  00  03  00  00  00  AC  13  AE  76  34  71  
FD  FC  8C  52  09  03  6A  EF  5F  0A  6D  24  24  00  02  00  00  00  00  00  00  00  00  00  00  
00  00  00  00  00  00  00  00  00  00  00  00  00  00  00  00  00  00  00  00  00  00  00  00  00  
00  6D  31  20  00  03  00  00  00  50  82  00  00  D2  E9  FF  FF  B5  DE  00  00  99  10  08  00  
CB  E6  06  00  DC  7C  70  FF  CC  62  07  00  6D  32  24  00  03  00  00  00  7E  85  0B  00  90  
08  CD  7B  01  00  00  00  35  17  1B  8D  05  00  00  00  FD  1C  47  4E  00  00  D1  87  02  00  
00  00  00  00  00  00  28  01  6D  15  14  00  02  01  00  00  03  04  03  00  00  00  00  00  00  
00  00  00  00  00  00  00  6D  16  10  00  03  00  00  00  E3  07  02  19  12  2A  01  00  25  00  
00  00  6D  21  1C  00  03  00  00  00  6D  FD  FF  FF  A2  FF  FF  FF  D1  FF  FF  FF  FA  FF  FF  
FF  02  00  00  00  44  00  00  00  6D  22  10  00  03  00  00  00  34  FE  FF  FF  27  02  00  00  
C3  06  00  00  6D  23  14  00  03  00  00  00  D4  0F  AE  76  12  74  FC  FC  9C  16  09  03  6C  
E3  5F  0A  6D  24  24  00  02  00  00  00  00  00  00  00  00  00  00  00  00  00  00  00  00  00  
00  00  00  00  00  00  00  00  00  00  00  00  00  00  00  00  00  00  6D  31  20  00  03  00  00  
00  25  63  FF  FF  3E  62  FF  FF  CA  FA  00  00  F5  E4  07  00  63  AA  06  00  97  6C  70  FF  
02  62  07  00  6D  32  24  00  03  00  00  00  7E  85  0B  00  90  08  CD  7B  01  00  00  00  35  
17  1B  8D  05  00  00  00  FD  FF  FF  FF  00  00  00  00  02  00  00  00  6D  33  10  00  03  00  
00  00  E3  07  02  19  12  2A  00  00  01  00  12  00  6D  34  14  00  03  00  00  00  30  29  03  
00  20  29  FF  FF  3A  2F  04  00  6C  BE  07  00  6D  35  0C  00  03  00  00  00  00  22  8D  01  
00  8C  12  07  00  41  53  77  1F  47  4E  00  00  D2  87  02  00  00  00  00  00  00  00  28  01  
6D  15  14  00  02  01  00  00  03  04  03  00  00  00  00  00  00  00  00  00  00  00  00  00  6D  
16  10  00  03  00  00  00  00  E3  07  02  19  12  2A  01  00  2F  00  00  00  6D  21  1C  00  03  
00  00  00  05  02  00  00  86  00  00  00  D6  00  00  00  00  00  00  00  F2  FF  FF  FF  4A  00  
00  00  6D  22  10  00  03  00  00  00  35  FE  FF  FF  27  02  00  00  C3  00  06  00  00  6D  23  
14  00  03  00  00  00  3E  0C  AE  76  DE  3A  FD  FC  EC  5E  09  03  04  31  60  0A  6D  24  24  
00  02  00  00  00  00  00  00  00  00  00  00  00  00  00  00  00  00  00  00  00  00  00  00  00  
00  00  00  00  00  00  00  00  00  00  00  00  00  6D  31  20  00  03  00  00  00  50  2E  01  00  
90  BB  FF  FF  A1  60  01  00  3B  FA  07  00  59  69  06  00  DA  83  70  FF  A8  61  07  00  6D  
32  24  00  03  00  00  00  7E  85  0B  00  90  08  CD  7B  01  00  00  00  35  17  1B  8D  05  00  
00  00  FD  FE  47  4E  00  00  D3  87  02  00  00  00  00  00  00  00  28  01  6D  15  14  00  02  
01  00  00  03  04  03  00  00  00  00  00  00  00  00  00  00  00  00  00  6D  16  10  00  03  00  
00  00  E3  07  02  19  12  2A  01  00  39  00  00  00  6D  21  1C  00  03  00  00  00  4E  00  00  
00  0D  00  00  00  8B  FF  FF  FF  FF  FF  FF  FF  F9  FF  FF  FF  39  00  00  00  6D  22  10  00  
03  00  00  00  35  FE  FF  FF  27  02  00  00  C3  06  00  00  6D  23  14  00  03  00  00  00  DA  
10  AE  76  72  58  FD  FC  AD  65  09  03  E9  02  60  0A  6D  24  24  00  02  00  00  00  00  00  
00  00  00  00  00  00  00  00  00  00  00  00  00  00  00  00  00  00  00  00  00  00  00  00  00  
00  00  00  00  00  6D  31  20  00  03  00  00  00  01  83  00  00  2B  8C  FF  FF  2E  DF  00  00  
61  F8  07  00  9B  85  06  00  BE  42  70  FF  0B  61  07  00  6D  32  24  00  03  00  00  00  7E  
85  0B  00  90  08  CD  7B  01  00  00  00  35  17  1B  8D  05  00  00  00  FD  FF  FF  FF  00  00  
00  00  02  00  00  00  6D  33  10  00  03  00  00  00  E3  07  02  19  12  2A  00  00  01  00  12  
00  6D  34  14  00  03  00  00  00  60  34  03  00  46  1A  FF  FF  9A  4A  04  00  83  CF  07  00  
6D  35  0C  00  03  00  00  00  00  29  8D  01  00  8C  12  07  00  41  53  F4  A1  47  4E  00  00  
D4  87  02  00  00  00  00  00  00  00  28  01  6D  15  14  00  02  01  00  00  03  04  03  00  00  
00  00  00  00  00  00  00  00  00  00  00  6D  16  10  00  03  00  00  00  E3  07  02  19  12  2A  
01  00  43  00  00  00  6D  21  1C  00  03  00  00  00  B8  00  00  00  BE  FF  FF  FF  60  00  00  
00  F7  FF  FF  FF  FB  FF  FF  FF  75  00  00  00  6D  22  10  00  03  00  00  00  35  FE  FF  FF  
27  02  00  00  C3  06  00  00  6D  23  14  00  03  00  00  00  E7  0F  AE  76  E2  A3  FD  FC  E4  
53  09  03  D6  28  60  0A  6D  24  24  00  02  00  00  00  00  00  00  00  00  00  00  00  00  00  
00  00  00  00  00  00  00  00  00  00  00  00  00  00  00  00  00  00  00  00  00  00  6D  31  20  
00  03  00  00  00  39  AC  00  00  52  6D  FF  FF  92  32  01  00  D1  D8  07  00  51  8C  06  00  
DE  2A  71  FF  46  61  07  00  6D  32  24  00  03  00  00  00  AC  84  0B  00  A2  08  CD  7B  01  
00  00  00  7B  17  1B  8D  05  00  00  00  03  35  0C  00  03  00  00  00  29  8D  01  00  73  12  
07  00  41  53  9F  1A  47  4E  00  00  D5  87  02  00  00  00  00  00  00  00  28  01  6D  15  14  
00  02  01  00  00  03  04  03  00  00  00  00  00  00  00  00  00  00  00  00  00  6D  16  10  00  
03  00  00  00  E3  07  02  19  12  2A  01  00  4D  00  00  00  6D  21  1C  00  03  00  00  00  5B  
00  00  00  46  FF  FF  FF  E9  FF  FF  FF  06  00  00  00  F1  FF  FF  FF  5F  00  00  00  6D  22  
10  00  03  00  00  00  35  FE  FF  FF  27  02  00  00  C3  06  00  00  6D  23  14  00  03  00  00  
00  44  13  AE  76  6D  CE  FD  FC  33  0F  09  03  CF  22  60  0A  6D  24  24  00  02  00  00  00  
00  00  00  00  00  00  00  00  00  00  00  00  00  00  00  00  00  00  00  00  00  00  00  00  00  
00  00  00  00  00  00  00  6D  31  20  00  03  00  00  00  11  88  00  00  75  3E  FF  FF  EE  03  
01  00  52  11  08  00  E9  64  06  00  63  D7  70  FF  46  61  07  00  6D  32  24  00  03  00  00  
00  AC  84  0B  00  A2  08  CD  7B  01  00  00  00  7B  17  1B  8D  05  00  00  00  03  00  00  00  
0A  00  00  00  02  00  00  00  6D  33  10  00  03  00  00  00  E3  07  02  19  12  2A  01  00  01  
00  12  00  6D  34  14  00  03  00  00  00  B6  66  03  00  00  89  1A  FF  FF  0F  3F  04  00  C8  
02  08  00  6D  35  0C  00  03  00  00  00  24  8D  01  00  D7  12  07  00  41  53  A6  A3  47  4E  
00  00  D6  87  02  00  02  01  01  01  00  00  28  01  6D  15  14  00  02  01  00  00  03  04  03  
00  00  00  00  00  00  00  00  00  00  00  00  00  6D  16  10  00  03  00  00  00  E3  07  02  19  
12  2A  01  00  57  00  00  00  6D  21  1C  00  03  00  00  00  C6  00  00  00  77  00  00  00  02  
00  00  00  FD  FF  FF  FF  F1  FF  FF  FF  55  00  00  00  6D  22  10  00  03  00  00  00  35  FE  
FF  FF  27  02  00  00  C3  06  00  00  6D  23  14  00  03  00  00  00  D4  13  AE  76  4A  18  FE  
FC  06  45  09  03  0D  22  60  0A  6D  24  24  00  02  00  00  00  00  00  00  00  00  00  00  00  
00  00  00  00  00  00  00  00  00  00  00  00  00  00  00  00  00  00  00  00  00  00  00  00  6D  
31  20  00  03  00  00  00  80  B1  00  00  F4  B5  FF  FF  BE  0D  01  00  B6  F0  07  00  A9  64  
06  00  F1  AF  70  FF  99  61  07  00  6D  32  24  00  03  00  00  00  AC  84  0B  02  19  12  2A  
01  00  01  00  12  00  6D  34  14  00  03  00  00  00  D6  47  03  00  7E  29  FF  FF  92  4E  04  
00  C8  02  08  00  6D  35  0C  00  03  00  00  00  26  8D  01  00  BE  12  07  00  41  53  73  84  
47  4E  00  00  D7  87  02  00  00  00  00  00  00  00  28  01  6D  15  14  00  02  01  00  00  03  
04  03  00  00  00  00  00  00  00  00  00  00  00  00  00  6D  16  10  00  03  00  00  00  E3  07  
02  19  12  2A  01  00  61  00  00  00  6D  21  1C  00  03  00  00  00  F2  FE  FF  FF  34  00  00  
00  DD  FF  FF  FF  05  00  00  00  FC  FF  FF  FF  1E  00  00  00  6D  22  10  00  03  00  00  00  
35  FE  FF  FF  27  02  00  00  C3  06  00  00  6D  23  14  00  03  00  00  00  93  11  AE  76  1E  
AE  FD  FC  E1  50  09  03  91  19  60  0A  6D  24  24  00  02  00  00  00  00  00  00  00  00  00  
00  00  00  00  00  00  00  00  00  00  00  00  00  00  00  00  00  00  00  00  00  00  00  00  00  
00  6D  31  20  00  03  00  00  00  87  FA  FF  FF  B3  9B  FF  FF  0D  FF  00  00  49  0D  08  00  
CE  90  06  00  6B  DA  6F  FF  45  62  07  00  6D  32  24  00  03  00  00  00  AC  84  0B  00  A2  
08  CD  7B  01  00  00  00  7B  17  1B  8D  05  00  00  00  03  00  00  00  0A  00  00  00  02  00  
00  00  6D  33  10  00  03  00  00  00  E3  07  02  19  12  2A  01  00  01  00  12  00  6D  34  14  
00  03  00  00  00  52  53  03  00  A1  29  FF  FF  56  5A  04  00  29  DE  07  00  6D  35  0C  00  
03  00  00  00  26  8D  01  00  F0  12  07  00  41  53  18  FF  47  4E  00  00  D8  87  02  00  00  
00  00  00  00  00  28  01  6D  15  14  00  02  01  00  00  03  04  03  00  00  00  00  00  00  00  
00  00  00  00  00  00  6D  16  10  00  03  00  00  00  E3  07  02  19  12  2A  01  00  6B  00  00  
00  6D  21  1C  00  03  00  00  00  53  FE  FF  FF  18  00  00  00  66  FF  FF  FF  00  00  00  00  
EF  FF  FF  FF  49  00  00  00  6D  22  10  00  03  00  00  00  34  FE  FF  FF  27  02  00  00  C3  
06  00  00  6D  23  14  00  03  00  00  00  32  12  AE  76  84  05  FD  FC  E7  4A  09  03  4B  E3  
5F  0A  6D  24  24  00  02  00  00  00  00  00  00  00  00  00  00  00  00  00  00  00  00  00  00  
00  00  00  00  00  00  00  00  00  00  00  00  00  00  00  00  00  6D  31  20  00  03  00  00  00  
54  BC  FF  FF  08  91  FF  FF  71  D0  00  00  9B  FC  07  00  09  60  06  00  3B  7F  70  FF  A0  
61  07  00  6D  32  24  00  03  00  00  00  AC  84  0B  00  A2  08  CD  7B  01  00  00  00  7B  17  
1B  8D  05  00  00  00  03  00  00  00  0A  00  00  00  02  00  02  19  12  2A  01  00  01  00  12  
00  6D  34  14  00  03  00  00  00  96  4F  03  00  E8  34  FF  FF  52  5A  04  00  B8  DB  07  00  
6D  35  0C  00  03  00  00  00  26  8D  01  00  A5  12  07  00  41  53  31  40  00  47  4E  00  00  
D9  87  02  00  64  00  00  00  00  00  28  01  6D  15  14  00  02  01  00  00  03  04  03  00  00  
00  00  00  00  00  00  00  00  00  00  00  6D  16  10  00  03  00  00  00  E3  07  02  19  12  2A  
01  00  75  00  00  00  6D  21  00  1C  00  03  00  00  00  92  FF  FF  FF  98  FE  FF  FF  56  00  
00  00  0A  00  00  00  00  00  00  00  47  00  00  00  6D  22  10  00  03  00  00  00  34  FE  FF  
FF  27  02  00  00  C3  06  00  00  6D  23  14  00  03  00  00  00  87  11  AE  76  00  4A  E9  FC  
FC  2E  BD  08  03  34  0C  60  0A  6D  24  24  00  02  00  00  00  00  00  00  00  00  00  00  00  
00  00  00  00  00  00  00  00  00  00  00  00  00  00  00  00  00  00  00  00  00  00  00  00  6D  
31  20  00  03  00  00  00  1E  39  00  00  00  20  FB  FE  FF  37  2E  01  00  31  21  08  00  EF  
A0  06  00  4E  78  70  FF  CC  62  07  00  6D  32  24  00  03  00  00  00  AC  84  0B  00  A2  08  
CD  7B  01  00  00  00  7B  17  1B  8D  05  00  00  00  03  00  00  00  0A  00  00  00  00  02  00  
00  00  6D  33  10  00  E1  47  4E  00  00  ED  87  02  00  00  00  00  00  00  00  28  01  6D  15  
14  00  02  01  00  00  03  04  03  00  00  00  00  00  00  00  00  00  00  00  00  00  6D  16  10  
00  03  00  00  00  E3  07  02  19  12  00  2A  01  00  3D  01  00  00  6D  21  1C  00  03  00  00  
00  80  00  00  00  F2  FF  FF  FF  50  00  00  00  F5  FF  FF  FF  FA  FF  FF  FF  4C  00  00  00  
6D  22  10  00  03  00  00  00  37  FE  FF  FF  27  02  00  00  C4  06  00  00  6D  23  14  00  00  
03  00  00  00  95  10  AE  76  22  62  00  FD  3E  FA  08  03  97  06  61  0A  6D  24  24  00  02  
00  00  00  00  00  00  00  00  00  00  00  00  00  00  00  00  00  00  00  00  00  00  00  00  00  
00  00  00  00  00  00  00  00  00  00  6D  00  31  20  00  03  00  00  00  6B  97  00  00  F8  81  
FF  FF  6D  2D  01  00  75  D0  07  00  2E  83  06  00  FD  8C  70  FF  E5  60  07  00  6D  32  24  
00  03  00  00  00  26  83  0B  00  A2  08  CD  7B  01  00  00  00  E3  17  1B  8D  05  00  00  00  
FE  FF  FF  FF  04  00  00  75  47  4E  00  00  EE  87  02  00  00  00  00  00  00  00  28  01  6D  
15  14  00  02  01  00  00  03  04  03  00  00  00  00  00  00  00  00  00  00  00  00  00  6D  16  
10  00  03  00  00  00  E3  07  02  19  12  2A  01  00  47  01  00  00  6D  21  1C  00  03  00  00  
00  EF  FE  FF  FF  3D  01  00  00  CB  FF  FF  FF  FB  FF  FF  FF  E4  FF  FF  FF  33  00  00  00  
6D  22  10  00  03  00  00  00  36  FE  FF  FF  27  02  00  00  C4  06  00  00  6D  23  14  00  03  
00  00  00  C3  0C  AE  76  7D  EE  FF  FC  F6  6A  09  03  E0  EF  60  0A  6D  24  24  00  02  00  
00  00  00  00  00  00  00  00  00  00  00  00  00  00  00  00  00  00  00  00  00  00  00  00  00  
00  00  00  00  00  00  00  00  00  6D  31  20  00  03  00  00  00  7A  FA  FF  FF  5D  03  00  00  
79  F9  00  00  CF  E5  07  00  9F  2C  06  00  BD  2B  70  FF  CD  61  07  00  6D  32  24  00  03  
00  00  00  26  83  0B  00  A2  08  CD  7B  01  00  00  00  E3  17  1B  8D  05  00  00  00  FE  FF  
FF  FF  04  00  00  00  02  00  00  00  6D  33  10  00  03  00  00  00  E3  07  02  19  12  2A  01  
00  01  00  12  00  6D  34  14  00  03  00  00  00  34  39  03  00  97  65  FF  FF  E4  3E  04  00  
A8  B4  07  00  6D  35  0C  00  03  00  00  00  00  27  8D  01  00  5A  12  07  00  41  53  51  0D  
47  4E  00  00  EF  87  02  00  00  00  00  00  00  00  28  01  6D  15  14  00  02  01  00  00  03  
04  03  00  00  00  00  00  00  00  00  00  00  00  00  00  6D  16  10  00  03  00  00  00  00  E3  
07  02  19  12  2A  01  00  51  01  00  00  6D  21  1C  00  03  00  00  00  8C  00  00  00  FF  FF  
FF  FF  27  00  00  00  F4  FF  FF  FF  E8  FF  FF  FF  49  00  00  00  6D  22  10  00  03  00  00  
00  37  FE  FF  FF  27  02  00  00  C4  00  06  00  00  6D  23  14  00  03  00  00  00  17  0D  AE  
76  11  28  00  FD  F7  6E  09  03  94  FB  60  0A  6D  24  24  00  02  00  00  00  00  00  00  00  
00  00  00  00  00  00  00  00  00  00  00  00  00  00  00  00  00  00  00  00  00  00  00  00  00  
00  00  00  00  6D  31  20  00  03  00  00  00  3E  9C  00  00  66  87  FF  FF  9A  1D  01  00  46  
CB  07  00  68  3C  06  00  6C  7F  70  FF  B5  62  07  00  6D  32  24  00  03  00  00  00  26  83  
0B  00  A2  08  CD  7B  01  00  00  00  E3  17  1B  8D  05  00  00  00  FE  F7  47  4E  00  00  F0  
87  02  00  00  00  00  00  00  00  28  01  6D  15  14  00  02  01  00  00  03  04  03  00  00  00  
00  00  00  00  00  00  00  00  00  00  6D  16  10  00  03  00  00  00  E3  07  02  19  12  2A  01  
00  5B  01  00  00  6D  21  1C  00  03  00  00  00  07  00  00  00  AF  FF  FF  FF  00  00  00  00  
F1  FF  FF  FF  F3  FF  FF  FF  4A  00  00  00  6D  22  10  00  03  00  00  00  37  FE  FF  FF  27  
02  00  00  C4  06  00  00  6D  23  14  00  03  00  00  00  48  0E  AE  76  86  30  00  FD  A5  4E  
09  03  DB  F9  60  0A  6D  24  24  00  02  00  00  00  00  00  00  00  00  00  00  00  00  00  00  
00  00  00  00  00  00  00  00  00  00  00  00  00  00  00  00  00  00  00  00  00  6D  31  20  00  
03  00  00  00  29  68  00  00  1C  68  FF  FF  49  0E  01  00  65  BF  07  00  4F  66  06  00  56  
86  70  FF  C4  62  07  00  6D  32  24  00  03  00  00  00  26  83  0B  00  A2  08  CD  7B  01  00  
00  00  E3  17  1B  8D  05  00  00  00  FE  FF  FF  FF  04  00  00  00  02  00  00  00  6D  33  10  
00  03  00  00  00  E3  07  02  19  12  2A  01  00  01  00  12  00  6D  34  14  00  03  00  00  00  
37  5B  03  00  D2  12  FF  FF  80  2B  04  00  D8  29  08  00  6D  35  0C  00  03  00  00  00  00  
26  8D  01  00  D7  12  07  00  41  53  0D  E5  47  4E  00  00  F1  87  02  00  00  00  00  00  00  
00  28  01  6D  15  14  00  02  01  00  00  03  04  03  00  00  00  00  00  00  00  00  00  00  00  
00  00  6D  16  10  00  03  00  00  00  00  E3  07  02  19  12  2A  01  00  65  01  00  00  6D  21  
1C  00  03  00  00  00  6E  02  00  00  E8  FE  FF  FF  83  00  00  00  00  00  00  00  FE  FF  FF  
FF  49  00  00  00  6D  22  10  00  03  00  00  00  37  FE  FF  FF  27  02  00  00  C4  00  06  00  
00  6D  23  14  00  03  00  00  00  02  13  AE  76  EA  30  01  FD  91  F7  08  03  51  27  61  0A  
6D  24  24  00  02  00  00  00  00  00  00  00  00  00  00  00  00  00  00  00  00  00  00  00  00  
00  00  00  00  00  00  00  00  00  00  00  00  00  00  00  00  6D  31  20  00  03  00  00  00  97  
58  01  00  CA  1A  FF  FF  9C  41  01  00  49  FC  07  00  DA  90  06  00  2F  7F  70  FF  F3  61  
07  00  6D  32  24  00  03  00  00  00  FA  81  0B  00  A2  08  CD  7B  01  00  00  00  06  18  1B  
8D  05  00  00  00  00  60  47  4E  00  00  F2  87  02  00  00  00  00  00  00  00  28  01  6D  15  
14  00  02  01  00  00  03  04  03  00  00  00  00  00  00  00  00  00  00  00  00  00  6D  16  10  
00  03  00  00  00  E3  07  02  19  12  2A  01  00  6F  01  00  00  6D  21  1C  00  03  00  00  00  
BF  01  00  00  FF  FF  FF  FF  82  00  00  00  F6  FF  FF  FF  FE  FF  FF  FF  4D  00  00  00  6D  
22  10  00  03  00  00  00  38  FE  FF  FF  27  02  00  00  C4  06  00  00  6D  23  14  00  03  00  
00  00  37  13  AE  76  5B  E3  01  FD  0C  07  09  03  E2  53  61  0A  6D  24  24  00  02  00  00  
00  00  00  00  00  00  00  00  00  00  00  00  00  00  00  00  00  00  00  00  00  00  00  00  00  
00  00  00  00  00  00  00  00  6D  31  20  00  03  00  00  00  43  14  01  00  A6  87  FF  FF  8D  
41  01  00  01  D2  07  00  24  8E  06  00  D6  91  70  FF  72  62  07  00  6D  32  24  00  03  00  
00  00  FA  81  0B  00  A2  08  CD  7B  01  00  00  00  06  18  1B  8D  05  00  00  00  00  00  00  
00  00  00  00  00  02  00  00  00  6D  33  10  00  03  00  00  00  E3  07  02  19  12  2A  01  00  
01  00  12  00  6D  34  14  00  03  00  00  00  EE  66  03  00  EA  47  FF  FF  4E  5E  04  00  60  
3D  08  00  6D  35  0C  00  03  00  00  00  00  29  8D  01  00  0F  12  07  00  41  53  C2  2C  47  
4E  00  00  F3  87  02  00  00  00  00  00  00  00  28  01  6D  15  14  00  02  01  00  00  03  04  
03  00  00  00  00  00  00  00  00  00  00  00  00  00  6D  16  10  00  03  00  00  00  E3  07  02  
19  12  2A  01  00  79  01  00  00  6D  21  1C  00  03  00  00  00  B5  00  00  00  D2  00  00  00  
E2  FF  FF  FF  F7  FF  FF  FF  E6  FF  FF  FF  39  00  00  00  6D  22  10  00  03  00  00  00  38  
FE  FF  FF  27  02  00  00  C4  06  00  00  6D  23  14  00  03  00  00  00  37  14  AE  76  EE  25  
02  FD  DC  5D  09  03  3F  42  61  0A  6D  24  24  00  02  00  00  00  00  00  00  00  00  00  00  
00  00  00  00  00  00  00  00  00  00  00  00  00  00  00  00  00  00  00  00  00  00  00  00  00  
6D  31  20  00  03  00  00  00  5E  AC  00  00  2C  DA  FF  FF  3B  03  01  00  A3  D5  07  00  84  
31  06  00  E2  42  70  FF  30  61  07  00  6D  32  24  00  03  00  00  00  FA  81  0B  00  A2  08  
CD  7B  01  00  00  00  06  18  1B  8D  05  00  00  00  00  37  04  00  D6  D6  07  00  6D  35  0C  
00  03  00  00  00  21  8D  01  00  73  12  07  00  41  53  82  A8  47  4E  00  00  F4  87  02  00  
00  00  00  00  00  00  28  01  6D  15  14  00  02  01  00  00  03  04  03  00  00  00  00  00  00  
00  00  00  00  00  00  00  6D  16  10  00  03  00  00  00  E3  07  02  19  12  2A  01  00  83  01  
00  00  6D  21  1C  00  03  00  00  00  2B  02  00  00  E8  FE  FF  FF  C5  00  00  00  0B  00  00  
00  FD  FF  FF  FF  42  00  00  00  6D  22  10  00  03  00  00  00  38  FE  FF  FF  27  02  00  00  
C4  06  00  00  6D  23  14  00  03  00  00  00  05  16  AE  76  28  0D  03  FD  16  05  09  03  2B  
8A  61  0A  6D  24  24  00  02  00  00  00  00  00  00  00  00  00  00  00  00  00  00  00  00  00  
00  00  00  00  00  00  00  00  00  00  00  00  00  00  00  00  00  00  6D  31  20  00  03  00  00  
00  75  3E  01  00  B0  1A  FF  FF  E2  5B  01  00  6A  24  08  00  FB  87  06  00  46  63  70  FF  
46  61  07  00  6D  32  24  00  03  00  00  00  FA  81  0B  00  A2  08  CD  7B  01  00  00  00  06  
18  1B  8D  05  00  00  00  00  00  00  00  00  00  00  00  02  00  00  00  6D  33  10  00  03  00  
00  00  E3  07  02  19  12  2A  01  00  01  00  12  00  6D  34  14  00  00  03  00  00  00  0C  60  
03  00  86  56  FF  FF  19  14  04  00  F2  7E  07  00  6D  35  0C  00  03  00  00  00  26  8D  01  
00  5A  12  07  00  41  53  FD  7C  47  4E  00  00  F5  87  02  00  00  00  00  00  00  00  28  01  
6D  15  14  00  02  01  00  00  03  04  03  00  00  00  00  00  00  00  00  00  00  00  00  00  6D  
16  10  00  03  00  00  00  E3  07  02  19  12  2A  01  00  8D  01  00  00  6D  21  1C  00  03  00  
00  00  DC  01  00  00  19  00  00  00  D4  FF  FF  FF  0C  00  00  00  01  00  00  00  3A  00  00  
00  6D  22  10  00  03  00  00  00  39  FE  FF  FF  27  02  00  00  C4  06  00  00  6D  23  14  00  
03  00  00  00  30  1C  AE  76  D4  C7  03  FD  E6  1D  09  03  23  72  61  0A  6D  24  24  00  02  
00  00  00  00  00  00  00  00  00  00  00  00  00  00  00  00  00  00  00  00  00  00  00  00  00  
00  00  00  00  00  00  00  00  00  00  6D  31  20  00  03  00  00  00  A8  1F  01  00  C0  91  FF  
FF  B8  FD  00  00  6A  29  08  00  E5  93  06  00  FF  44  70  FF  C0  60  07  00  6D  32  24  03  
00  00  00  E3  07  02  19  12  2A  01  00  01  00  12  00  6D  34  14  00  03  00  00  00  C4  48  
03  00  72  56  FF  FF  B9  1F  04  00  E4  AA  07  00  6D  35  0C  00  03  00  00  00  22  8D  01  
00  8C  12  07  00  41  53  3A  20  47  4E  00  00  F6  87  02  00  00  00  00  00  00  00  28  01  
6D  15  14  00  02  01  00  00  03  04  03  00  00  00  00  00  00  00  00  00  00  00  00  00  6D  
16  10  00  03  00  00  00  E3  07  02  19  12  2A  01  00  00  97  01  00  00  6D  21  1C  00  03  
00  00  00  DC  00  00  00  5C  00  00  00  17  00  00  00  F1  FF  FF  FF  F7  FF  FF  FF  2A  00  
00  00  6D  22  10  00  03  00  00  00  39  FE  FF  FF  27  02  00  00  C4  06  00  00  6D  23  14  
00  03  00  00  00  00  E7  1C  AE  76  DF  1D  04  FD  7C  48  09  03  3B  76  61  0A  6D  24  24  
00  02  00  00  00  00  00  00  00  00  00  00  00  00  00  00  00  00  00  00  00  00  00  00  00  
00  00  00  00  00  00  00  00  00  00  00  00  6D  31  20  00  00  03  00  00  00  CF  BB  00  00  
A5  AB  FF  FF  26  18  01  00  6A  C0  07  00  C4  6D  06  00  D9  08  70  FF  D5  61  07  00  6D  
32  24  00  03  00  00  00  FA  81  0B  00  A2  08  CD  7B  01  00  00  00  06  18  1B  8D  05  00  
00  00  00  00  00  00  00  00  00  00  00  02  00  00  00  6D  33  10  00  03  00  00  00  E3  07  
02  19  12  2A  01  00  01  00  12  00  6D  34  14  00  03  00  00  00  46  39  03  00  E8  83  FF  
FF  23  5E  04  00  04  F9  07  00  6D  35  0C  00  03  00  00  00  26  8D  01  00  A5  12  07  00  
6E  47  4E  00  00  F7  87  02  00  00  00  00  00  00  00  28  01  6D  15  14  00  02  01  00  00  
03  04  03  00  00  00  00  00  00  00  00  00  00  00  00  00  6D  16  10  00  03  00  00  00  E3  
07  02  19  12  2A  01  00  A1  01  00  00  6D  21  1C  00  03  00  00  00  38  02  00  00  6E  FF  
FF  FF  3E  00  00  00  F2  FF  FF  FF  FA  FF  FF  FF  2F  00  00  00  6D  22  10  00  03  00  00  
00  3A  FE  FF  FF  27  02  00  00  C4  06  00  00  6D  23  14  00  03  00  00  00  E9  21  AE  76  
95  03  05  FD  49  23  09  03  D9  89  61  0A  6D  24  24  00  02  00  00  00  00  00  00  00  00  
00  00  00  00  00  00  00  00  00  00  00  00  00  00  00  00  00  00  00  00  00  00  00  00  00  
00  00  6D  31  20  00  03  00  00  00  90  43  01  00  AD  4E  FF  FF  66  27  01  00  98  C4  07  
00  BE  76  06  00  30  19  70  FF  9F  62  07  00  6D  32  24  00  03  00  00  00  FA  81  0B  00  
A2  08  CD  7B  01  00  00  00  06  18  1B  8D  05  00  00  00  00  00  00  00  00  00  00  00  03  
00  00  00  E3  07  02  19  12  2A  01  00  01  00  12  00  6D  34  14  00  03  00  00  00  F2  38  
03  00  58  6D  FF  FF  F5  65  04  00  04  F9  07  00  6D  35  0C  00  03  00  00  00  28  8D  01  
00  BE  12  07  00  41  53  78  43  47  4E  00  00  F8  87  02  00  00  00  00  00  00  00  28  01  
6D  15  14  00  02  01  00  00  03  04  03  00  00  00  00  00  00  00  00  00  00  00  00  00  6D  
16  10  00  03  00  00  00  E3  07  02  19  12  2A  01  00  00  AB  01  00  00  6D  21  1C  00  03  
00  00  00  3D  FF  FF  FF  FA  00  00  00  41  00  00  00  FD  FF  FF  FF  0B  00  00  00  52  00  
00  00  6D  22  10  00  03  00  00  00  3A  FE  FF  FF  27  02  00  00  C4  06  00  00  6D  23  14  
00  03  00  00  00  00  87  1B  AE  76  6E  B2  04  FD  03  7E  09  03  FD  A0  61  0A  6D  24  24  
00  02  00  00  00  00  00  00  00  00  00  00  00  00  00  00  00  00  00  00  00  00  00  00  00  
00  00  00  00  00  00  00  00  00  00  00  00  6D  31  20  00  00  03  00  00  00  98  19  00  00  
8E  E9  FF  FF  74  28  01  00  78  F0  07  00  95  B8  06  00  E8  A1  70  FF  A0  61  07  00  6D  
32  24  00  03  00  00  00  FA  81  0B  00  A2  08  CD  7B  01  00  00  00  06  18  1B  8D  05  00  
00  00  00  00  00  00  00  00  00  00  00  02  00  00  00  6D  33  10  00  03  00  00  00  E3  07  
02  19  12  2A  01  00  01  00  12  00  6D  34  14  00  03  00  00  00  48  40  03  00  B1  47  FF  
FF  16  62  04  00  04  F9  07  00  6D  35  0C  00  03  00  00  00  27  8D  01  00  8C  12  07  2B  
47  4E  00  00  F9  87  02  00  00  00  00  00  00  00  28  01  6D  15  14  00  02  01  00  00  03  
04  03  00  00  00  00  00  00  00  00  00  00  00  00  00  6D  16  10  00  03  00  00  00  E3  07  
02  19  12  2A  01  00  B5  01  00  00  6D  21  1C  00  03  00  00  00  04  01  00  00  69  00  00  
00  67  00  00  00  F9  FF  FF  FF  0D  00  00  00  4B  00  00  00  6D  22  10  00  03  00  00  00  
3A  FE  FF  FF  27  02  00  00  C5  06  00  00  6D  23  14  00  03  00  00  00  D3  19  AE  76  FE  
16  05  FD  C4  AF  09  03  C5  C2  61  0A  6D  24  24  00  02  00  00  00  00  00  00  00  00  00  
00  00  00  00  00  00  00  00  00  00  00  00  00  00  00  00  00  00  00  00  00  00  00  00  00  
00  6D  31  20  00  03  00  00  00  48  CB  00  00  E2  B0  FF  FF  6C  37  01  00  3B  E0  07  00  
7B  BF  06  00  0D  86  70  FF  B7  61  07  00  6D  32  24  00  03  00  00  00  FA  81  0B  00  A2  
08  CD  7B  01  00  00  00  06  18  1B  8D  05  00  00  00  00  00  00  00  00  00  00  10  00  03  
00  00  00  E3  07  02  19  12  2A  01  00  01  00  12  00  6D  34  14  00  03  00  00  00  42  57  
03  00  70  1A  FF  FF  01  3F  04  00  04  F9  07  00  6D  35  0C  00  03  00  00  00  22  8D  01  
00  8C  12  07  00  41  53  29  2A  47  4E  00  00  FA  87  02  00  00  00  00  00  00  00  28  01  
6D  15  14  00  02  01  00  00  03  04  03  00  00  00  00  00  00  00  00  00  00  00  00  00  6D  
16  10  00  03  00  00  00  E3  07  02  19  12  2A  00  01  00  BF  01  00  00  6D  21  1C  00  03  
00  00  00  6F  01  00  00  B0  FF  FF  FF  67  00  00  00  F4  FF  FF  FF  08  00  00  00  1A  00  
00  00  6D  22  10  00  03  00  00  00  3A  FE  FF  FF  27  02  00  00  C5  06  00  00  6D  23  14  
00  00  03  00  00  00  F2  1A  AE  76  BC  AA  05  FD  3D  9D  09  03  C4  E5  61  0A  6D  24  24  
00  02  00  00  00  00  00  00  00  00  00  00  00  00  00  00  00  00  00  00  00  00  00  00  00  
00  00  00  00  00  00  00  00  00  00  00  00  6D  31  00  20  00  03  00  00  00  E7  F4  00  00  
83  68  FF  FF  5C  37  01  00  9B  CB  07  00  E5  A9  06  00  3D  CA  6F  FF  08  63  07  00  6D  
32  24  00  03  00  00  00  FA  81  0B  00  A2  08  CD  7B  01  00  00  00  06  18  1B  8D  05  00  
00  00  00  00  00  00  00  00  00  00  00  02  00  00  00  6D  33  10  00  03  00  00  00  E3  07  
02  19  12  2A  01  00  01  00  12  00  6D  34  14  00  03  00  00  00  05  67  03  00  85  29  FF  
FF  70  2F  04  00  98  8D  07  00  6D  35  0C  00  03  00  00  00  2A  8D  01  00  8C  12  8E  47  
4E  00  00  FB  87  02  00  00  00  00  00  00  00  28  01  6D  15  14  00  02  01  00  00  03  04  
03  00  00  00  00  00  00  00  00  00  00  00  00  00  6D  16  10  00  03  00  00  00  E3  07  02  
19  12  2A  01  00  C9  01  00  00  6D  21  1C  00  03  00  00  00  3C  00  00  00  A1  FF  FF  FF  
76  00  00  00  F3  FF  FF  FF  F2  FF  FF  FF  38  00  00  00  6D  22  10  00  03  00  00  00  3A  
FE  FF  FF  27  02  00  00  C5  06  00  00  6D  23  14  00  03  00  00  00  D0  18  AE  76  F2  C7  
05  FD  62  7A  09  03  B4  10  62  0A  6D  24  24  00  02  00  00  00  00  00  00  00  00  00  00  
00  00  00  00  00  00  00  00  00  00  00  00  00  00  00  00  00  00  00  00  00  00  00  00  00  
6D  31  20  00  03  00  00  00  F4  7C  00  00  EC  62  FF  FF  3C  3D  01  00  87  C9  07  00  0D  
54  06  00  F3  3B  70  FF  FA  61  07  00  6D  32  24  00  03  00  00  00  EC  80  0B  00  B3  08  
CD  7B  01  00  00  00  4C  18  1B  8D  05  00  00  00  01  00  00  00  08  00  00  33  10  00  03  
00  00  00  E3  07  02  19  12  2A  01  00  01  00  12  00  6D  34  14  00  03  00  00  00  51  76  
03  00  B4  29  FF  FF  1D  3F  04  00  12  CD  07  00  6D  35  0C  00  03  00  00  00  2B  8D  01  
00  D7  12  07  00  41  53  EA  0A  47  4E  00  00  FC  87  02  00  00  00  00  00  00  00  28  01  
6D  15  14  00  02  01  00  00  03  04  03  00  00  00  00  00  00  00  00  00  00  00  00  00  6D  
16  10  00  03  00  00  00  E3  07  02  19  12  00  2A  01  00  D3  01  00  00  6D  21  1C  00  03  
00  00  00  05  01  00  00  68  00  00  00  0A  00  00  00  00  00  00  00  E8  FF  FF  FF  2C  00  
00  00  6D  22  10  00  03  00  00  00  3A  FE  FF  FF  27  02  00  00  C5  06  00  00  6D  23  14  
00  00  03  00  00  00  5B  1A  AE  76  A5  2B  06  FD  D3  AA  09  03  81  0D  62  0A  6D  24  24  
00  02  00  00  00  00  00  00  00  00  00  00  00  00  00  00  00  00  00  00  00  00  00  00  00  
00  00  00  00  00  00  00  00  00  00  00  00  6D  00  31  20  00  03  00  00  00  9C  CB  00  00  
CA  B0  FF  FF  D8  12  01  00  1B  FB  07  00  DC  2C  06  00  87  0D  70  FF  6C  61  07  00  6D  
32  24  00  03  00  00  00  EC  80  0B  00  B3  08  CD  7B  01  00  00  00  4C  18  1B  8D  05  00  
00  00  00  01  00  00  00  08  00  00  00  02  00  00  00  6D  33  10  00  03  00  00  00  E3  07  
02  19  12  2A  01  00  01  00  12  00  6D  34  14  00  03  00  00  00  22  7E  03  00  DD  38  FF  
FF  F3  46  04  00  C8  02  08  00  6D  35  0C  00  03  00  00  00  21  8D  01  00  28  71  47  4E  
00  00  FD  87  02  00  00  00  00  00  00  00  28  01  6D  15  14  00  02  01  00  00  03  04  03  
00  00  00  00  00  00  00  00  00  00  00  00  00  6D  16  10  00  03  00  00  00  E3  07  02  19  
12  2A  01  00  DD  01  00  00  6D  21  1C  00  03  00  00  00  9F  FE  FF  FF  BA  FF  FF  FF  95  
FF  FF  FF  04  00  00  00  EC  FF  FF  FF  55  00  00  00  6D  22  10  00  03  00  00  00  3A  FE  
FF  FF  27  02  00  00  C5  06  00  00  6D  23  14  00  03  00  00  00  88  1B  AE  76  21  A6  05  
FD  BE  81  09  03  CF  E5  61  0A  6D  24  24  00  02  00  00  00  00  00  00  00  00  00  00  00  
00  00  00  00  00  00  00  00  00  00  00  00  00  00  00  00  00  00  00  00  00  00  00  00  6D  
31  20  00  03  00  00  00  BE  DB  FF  FF  BA  6C  FF  FF  54  E5  00  00  BE  0A  08  00  5A  3D  
06  00  F3  AF  70  FF  19  61  07  00  6D  32  24  00  03  00  00  00  EC  80  0B  00  B3  08  CD  
7B  01  00  00  00  4C  18  1B  8D  05  00  00  00  01  00  00  00  08  00  00  33  10  00  03  00  
00  00  E3  07  02  19  12  2A  01  00  01  00  12  00  6D  34  14  00  03  00  00  00  B1  67  03  
00  CB  65  FF  FF  6F  2F  04  00  7C  E5  07  00  6D  35  0C  00  03  00  00  00  26  8D  01  00  
28  12  07  00  41  53  67  4F  47  4E  00  00  FE  87  02  00  00  00  00  00  00  00  28  01  6D  
15  14  00  02  01  00  00  03  04  03  00  00  00  00  00  00  00  00  00  00  00  00  00  6D  16  
10  00  03  00  00  00  E3  07  02  19  12  00  2A  01  00  E7  01  00  00  6D  21  1C  00  03  00  
00  00  07  00  00  00  FE  FF  FF  FF  BB  FF  FF  FF  0B  00  00  00  F5  FF  FF  FF  35  00  00  
00  6D  22  10  00  03  00  00  00  3A  FE  FF  FF  27  02  00  00  C5  06  00  00  6D  23  14  00  
00  03  00  00  00  1C  1E  AE  76  0A  AB  05  FD  14  80  09  03  39  CA  61  0A  6D  24  24  00  
02  00  00  00  00  00  00  00  00  00  00  00  00  00  00  00  00  00  00  00  00  00  00  00  00  
00  00  00  00  00  00  00  00  00  00  00  6D  00  31  20  00  03  00  00  00  7D  68  00  00  1D  
87  FF  FF  27  F4  00  00  D7  26  08  00  16  60  06  00  AA  32  70  FF  E4  61  07  00  6D  32  
24  00  03  00  00  00  EC  80  0B  00  B3  08  CD  7B  01  00  00  00  4C  18  1B  8D  05  00  00  
00  00  01  00  00  00  08  00  00  00  02  00  00  00  6D  33  10  00  03  00  00  00  E3  07  02  
19  12  2A  01  00  01  00  12  00  6D  34  14  00  03  00  00  00  70  44  03  00  BB  43  FF  FF  
08  3B  04  00  83  CF  07  00  6D  35  0C  00  03  00  00  00  25  8D  01  00  28  C9  47  4E  00  
00  FF  87  02  00  00  00  00  00  00  00  28  01  6D  15  14  00  02  01  00  00  03  04  03  00  
00  00  00  00  00  00  00  00  00  00  00  00  6D  16  10  00  03  00  00  00  E3  07  02  19  12  
2A  01  00  F1  01  00  00  6D  21  1C  00  03  00  00  00  9B  FF  FF  FF  F0  FF  FF  FF  F0  FF  
FF  FF  F1  FF  FF  FF  FD  FF  FF  FF  32  00  00  00  6D  22  10  00  03  00  00  00  3A  FE  FF  
FF  27  02  00  00  C5  06  00  00  6D  23  14  00  03  00  00  00  0B  1E  AE  76  05  87  05  FD  
BB  75  09  03  B1  C3  61  0A  6D  24  24  00  02  00  00  00  00  00  00  00  00  00  00  00  00  
00  00  00  00  00  00  00  00  00  00  00  00  00  00  00  00  00  00  00  00  00  00  00  6D  31  
20  00  03  00  00  00  64  3E  00  00  E9  81  FF  FF  34  09  01  00  FC  BF  07  00  D3  7D  06  
00  10  27  70  FF  54  62  07  00  6D  32  24  00  03  00  00  00  EC  80  0B  00  B3  08  CD  7B  
01  00  00  00  4C  18  1B  8D  05  00  00  00  01  00  00  00  08  00  00  6D  33  10  00  03  00  
00  00  E3  07  02  19  12  2A  01  00  01  00  12  00  6D  34  14  00  03  00  00  00  D8  40  03  
00  1A  5E  FF  FF  EB  3E  04  00  30  C8  07  00  6D  35  0C  00  03  00  00  00  27  8D  01  00  
8C  12  07  00  41  53  EB  D3  47  4E  00  00  00  88  02  00  AA  AA  AA  AA  00  00  28  01  6D  
15  14  00  02  01  00  00  03  04  03  00  00  00  00  00  00  00  00  00  00  00  00  00  6D  16  
10  00  03  00  00  00  E3  07  02  19  00  12  2A  01  00  FB  01  00  00  6D  21  1C  00  03  00  
00  00  15  FF  FF  FF  EC  00  00  00  E2  FF  FF  FF  FC  FF  FF  FF  0A  00  00  00  30  00  00  
00  6D  22  10  00  03  00  00  00  3A  FE  FF  FF  27  02  00  00  C5  06  00  00  6D  23  00  14  
00  03  00  00  00  A7  1A  AE  76  95  25  05  FD  96  C8  09  03  3C  B6  61  0A  6D  24  24  00  
02  00  00  00  00  00  00  00  00  00  00  00  00  00  00  00  00  00  00  00  00  00  00  00  00  
00  00  00  00  00  00  00  00  00  00  00  00  6D  31  20  00  03  00  00  00  01  0A  00  00  58  
E4  FF  FF  E8  03  01  00  DD  E9  07  00  4B  B1  06  00  AD  1D  70  FF  45  62  07  00  6D  32  
24  00  03  00  00  00  EC  80  0B  00  B3  08  CD  7B  01  00  00  00  4C  18  1B  8D  05  00  00  
00  00  01  00  00  00  08  00  00  00  02  00  00  00  6D  33  10  00  03  00  00  00  E3  07  02  
19  12  2A  01  00  01  00  12  00  6D  34  14  00  03  00  00  00  A2  48  03  00  7F  69  FF  FF  
C2  46  04  00  FB  BB  07  00  6D  35  0C  00  03  00  00  00  2A  8D  01  00  8A  47  4E  00  00  
01  88  02  00  02  03  90  01  00  00  28  01  6D  15  14  00  02  01  00  00  03  04  03  00  00  
00  00  00  00  00  00  00  00  00  00  00  6D  16  10  00  03  00  00  00  E3  07  02  19  12  2A  
01  00  05  02  00  00  6D  21  1C  00  03  00  00  00  CD  01  00  00  AF  FF  FF  FF  65  00  00  
00  F0  FF  FF  FF  FC  FF  FF  FF  50  00  00  00  6D  22  10  00  03  00  00  00  3A  FE  FF  FF  
27  02  00  00  C5  06  00  00  6D  23  14  00  03  00  00  00  CB  1C  AE  76  94  DE  05  FD  D1  
B8  09  03  6E  D7  61  0A  6D  24  24  00  02  00  00  00  00  00  00  00  00  00  00  00  00  00  
00  00  00  00  00  00  00  00  00  00  00  00  00  00  00  00  00  00  00  00  00  00  6D  31  20  
00  03  00  00  00  E1  19  01  00  6F  68  FF  FF  3F  37  01  00  1A  BB  07  00  CD  7B  06  00  
01  9B  70  FF  99  61  07  00  6D  32  24  00  03  00  00  00  EC  80  0B  00  B3  08  CD  7B  01  
00  00  00  4C  18  1B  8D  05  00  00  00  01  00  00  00  08  00  00  33  10  00  03  00  00  00  
E3  07  02  19  12  2A  01  00  01  00  12  00  6D  34  14  00  03  00  00  00  87  47  03  00  81  
1A  FF  FF  34  5E  04  00  5C  97  07  00  6D  35  0C  00  03  00  00  00  27  8D  01  00  8C  12  
07  00  41  53  76  98  47  4E  00  00  02  88  02  00  04  00  01  00  00  00  28  01  6D  15  14  
00  02  01  00  00  03  04  03  00  00  00  00  00  00  00  00  00  00  00  00  00  6D  16  10  00  
03  00  00  00  E3  07  02  19  12  00  2A  01  00  0F  02  00  00  6D  21  1C  00  03  00  00  00  
3F  FF  FF  FF  74  00  00  00  6A  FF  FF  FF  06  00  00  00  12  00  00  00  19  00  00  00  6D  
22  10  00  03  00  00  00  3A  FE  FF  FF  27  02  00  00  C4  06  00  00  6D  23  14  00  00  03  
00  00  00  24  1F  AE  76  38  8F  05  FD  10  DD  09  03  39  9B  61  0A  6D  24  24  00  02  00  
00  00  00  00  00  00  00  00  00  00  00  00  00  00  00  00  00  00  00  00  00  00  00  00  00  
00  00  00  00  00  00  00  00  00  6D  00  31  20  00  03  00  00  00  29  1A  00  00  9B  B5  FF  
FF  0C  D5  00  00  34  14  08  00  D8  CF  06  00  67  C5  6F  FF  18  62  07  00  6D  32  24  00  
03  00  00  00  EC  80  0B  00  B3  08  CD  7B  01  00  00  00  4C  18  1B  8D  05  00  00  00  00  
01  00  00  00  08  00  00  00  02  00  00  00  6D  33  10  00  03  00  00  00  E3  07  02  19  12  
2A  01  00  01  00  12  00  6D  34  14  00  03  00  00  00  EB  53  03  00  3B  3C  FF  FF  62  2F  
04  00  5C  97  07  00  6D  35  0C  00  03  00  00  00  25  8D  01  00  28  70  47  4E  00  00  03  
88  02  00  C0  C6  2D  00  00  00  28  01  6D  15  14  00  02  01  00  00  03  04  03  00  00  00  
00  00  00  00  00  00  00  00  00  00  6D  16  10  00  03  00  00  00  E3  07  02  19  12  2A  01  
00  19  02  00  00  6D  21  1C  00  03  00  00  00  9B  FF  FF  FF  67  00  00  00  31  00  00  00  
E9  FF  FF  FF  F5  FF  FF  FF  60  00  00  00  6D  22  10  00  03  00  00  00  3A  FE  FF  FF  27  
02  00  00  C5  06  00  00  6D  23  14  00  03  00  00  00  C2  1B  AE  76  C6  65  05  FD  39  01  
0A  03  75  AB  61  0A  6D  24  24  00  02  00  00  00  00  00  00  00  00  00  00  00  00  00  00  
00  00  00  00  00  00  00  00  00  00  00  00  00  00  00  00  00  00  00  00  00  6D  31  20  00  
03  00  00  00  1C  3E  00  00  A6  B0  FF  FF  29  23  01  00  2F  A3  07  00  56  5F  06  00  DA  
D9  70  FF  79  62  07  00  6D  32  24  00  03  00  00  00  EC  80  0B  00  B3  08  CD  7B  01  00  
00  00  4C  18  1B  8D  05  00  00  00  01  00  00  00  08  00  00  00  6D  33  10  00  03  00  00  
00  E3  07  02  19  12  2A  01  00  01  00  12  00  6D  34  14  00  03  00  00  00  6C  50  03  00  
89  56  FF  FF  8D  27  04  00  B6  88  07  00  6D  35  0C  00  03  00  00  00  22  8D  01  00  28  
12  07  00  41  53  CB  9E  47  4E  00  00  04  88  02  00  00  10  0E  00  00  00  28  01  6D  15  
14  00  02  01  00  00  03  04  03  00  00  00  00  00  00  00  00  00  00  00  00  00  6D  16  10  
00  03  00  00  00  E3  07  02  00  19  12  2A  01  00  23  02  00  00  6D  21  1C  00  03  00  00  
00  99  00  00  00  F0  FF  FF  FF  3E  00  00  00  ED  FF  FF  FF  E1  FF  FF  FF  41  00  00  00  
6D  22  10  00  03  00  00  00  3A  FE  FF  FF  27  02  00  00  C5  06  00  00  6D  00  23  14  00  
03  00  00  00  C8  1B  AE  76  5A  A4  05  FD  30  FF  09  03  BA  BD  61  0A  6D  24  24  00  02  
00  00  00  00  00  00  00  00  00  00  00  00  00  00  00  00  00  00  00  00  00  00  00  00  00  
00  00  00  00  00  00  00  00  00  00  00  6D  31  20  00  03  00  00  00  9D  A1  00  00  22  82  
FF  FF  16  28  01  00  E7  AF  07  00  AD  12  06  00  E4  5E  70  FF  09  62  07  00  6D  32  24  
00  03  00  00  00  EC  80  0B  00  B3  08  CD  7B  01  00  00  00  4C  18  1B  8D  05  00  00  00  
00  01  00  00  00  08  00  00  00  02  00  00  00  6D  33  10  00  03  00  00  00  E3  07  02  19  
12  2A  01  00  01  00  12  00  6D  34  14  00  03  00  00  00  DC  40  03  00  80  56  FF  FF  35  
33  04  00  10  7A  07  00  6D  35  0C  00  03  00  00  00  24  8D  01  13  47  4E  00  00  05  88  
02  00  01  00  00  01  00  00  28  01  6D  15  14  00  02  01  00  00  03  04  03  00  00  00  00  
00  00  00  00  00  00  00  00  00  6D  16  10  00  03  00  00  00  E3  07  02  19  12  2A  01  00  
2D  02  00  00  6D  21  1C  00  03  00  00  00  48  01  00  00  17  00  00  00  14  00  00  00  EA  
FF  FF  FF  FE  FF  FF  FF  24  00  00  00  6D  22  10  00  03  00  00  00  3A  FE  FF  FF  27  02  
00  00  C5  06  00  00  6D  23  14  00  03  00  00  00  A5  1E  AE  76  E9  25  06  FD  A1  11  0A  
03  C3  BC  61  0A  6D  24  24  00  02  00  00  00  00  00  00  00  00  00  00  00  00  00  00  00  
00  00  00  00  00  00  00  00  00  00  00  00  00  00  00  00  00  00  00  00  6D  31  20  00  03  
00  00  00  DF  E5  00  00  AF  91  FF  FF  13  18  01  00  CD  A4  07  00  F3  82  06  00  2D  EF  
6F  FF  21  61  07  00  6D  32  24  00  03  00  00  00  EC  80  0B  00  B3  08  CD  7B  01  00  00  
00  4C  18  1B  8D  05  00  00  00  01  00  00  00  08  00  00  00  6D  33  10  00  03  00  00  00  
E3  07  02  19  12  2A  01  00  01  00  12  00  6D  34  14  00  03  00  00  00  0D  29  03  00  35  
29  FF  FF  D8  3E  04  00  10  7A  07  00  6D  35  0C  00  03  00  00  00  2A  8D  01  00  8C  12  
07  00  41  53  F2  D2  47  4E  00  00  06  88  02  00  30  0F  1F  00  00  00  28  01  6D  15  14  
00  02  01  00  00  03  04  03  00  00  00  00  00  00  00  00  00  00  00  00  00  6D  16  10  00  
03  00  00  00  E3  07  02  00  19  12  2A  01  00  37  02  00  00  6D  21  1C  00  03  00  00  00  
59  FF  FF  FF  80  00  00  00  9E  FF  FF  FF  02  00  00  00  00  00  00  00  48  00  00  00  6D  
22  10  00  03  00  00  00  3A  FE  FF  FF  28  02  00  00  C4  06  00  00  6D  00  23  14  00  03  
00  00  00  BC  1F  AE  76  05  E2  05  FD  A9  3A  0A  03  CD  90  61  0A  6D  24  24  00  02  00  
00  00  00  00  00  00  00  00  00  00  00  00  00  00  00  00  00  00  00  00  00  00  00  00  00  
00  00  00  00  00  00  00  00  00  00  6D  31  20  00  03  00  00  00  68  24  00  00  DC  BA  FF  
FF  D1  E9  00  00  26  03  08  00  B7  89  06  00  EF  7C  70  FF  4C  62  07  00  6D  32  24  00  
03  00  00  00  AC  7F  0B  00  B3  08  CD  7B  01  00  00  00  80  18  1B  8D  05  00  00  00  00  
00  00  00  00  02  00  00  00  03  00  00  00  6D  33  10  00  03  00  00  00  E3  07  02  19  12  
2A  01  00  01  00  12  00  6D  34  14  00  03  00  00  00  FF  28  03  00  7A  12  FF  FF  6D  27  
04  00  02  A6  07  00  6D  35  0C  00  03  00  00  00  29  8D  01  5A  47  4E  00  00  07  88  02  
00  00  00  00  00  00  00  28  01  6D  15  14  00  02  01  00  00  03  04  03  00  00  00  00  00  
00  00  00  00  00  00  00  00  6D  16  10  00  03  00  00  00  E3  07  02  19  12  2A  01  00  41  
02  00  00  6D  21  1C  00  03  00  00  00  DD  00  00  00  4F  FF  FF  FF  07  00  00  00  D5  FF  
FF  FF  FC  FF  FF  FF  2B  00  00  00  6D  22  10  00  03  00  00  00  3B  FE  FF  FF  27  02  00  
00  C4  06  00  00  6D  23  14  00  03  00  00  00  48  24  AE  76  44  40  06  FD  75  FA  09  03  
A5  8A  61  0A  6D  24  24  00  02  00  00  00  00  00  00  00  00  00  00  00  00  00  00  00  00  
00  00  00  00  00  00  00  00  00  00  00  00  00  00  00  00  00  00  00  6D  31  20  00  03  00  
00  00  06  BC  00  00  DB  43  FF  FF  48  13  01  00  B7  52  07  00  4D  7B  06  00  D4  08  70  
FF  F3  61  07  00  6D  32  24  00  03  00  00  00  AC  7F  0B  00  B3  08  CD  7B  01  00  00  00  
80  18  1B  8D  05  00  00  00  00  00  00  00  02  00  00  00  6D  33  10  00  03  00  00  00  E3  
07  02  19  12  2A  01  00  01  00  12  00  6D  34  14  00  03  00  00  00  04  29  03  00  0E  1A  
FF  FF  3B  2F  04  00  6C  BE  07  00  6D  35  0C  00  03  00  00  00  25  8D  01  00  D7  12  07  
00  41  53  19  6E  47  4E  00  00  08  88  02  00  03  00  00  00  00  00  28  01  6D  15  14  00  
02  01  00  00  03  04  03  00  00  00  00  00  00  00  00  00  00  00  00  00  6D  16  10  00  03  
00  00  00  E3  07  02  00  19  12  2A  01  00  4B  02  00  00  6D  21  1C  00  03  00  00  00  64  
00  00  00  3E  00  00  00  FA  FF  FF  FF  00  00  00  00  F8  FF  FF  FF  4C  00  00  00  6D  22  
10  00  03  00  00  00  3B  FE  FF  FF  27  02  00  00  C4  06  00  00  6D  00  23  14  00  03  00  
00  00  F2  25  AE  76  74  67  06  FD  10  12  0A  03  EB  7B  61  0A  6D  24  24  00  02  00  00  
00  00  00  00  00  00  00  00  00  00  00  00  00  00  00  00  00  00  00  00  00  00  00  00  00  
00  00  00  00  00  00  00  00  00  6D  31  20  00  03  00  00  00  D5  8C  00  00  2C  A1  FF  FF  
FF  0D  01  00  5F  FC  07  00  35  69  06  00  DE  8A  70  FF  FA  61  07  00  6D  32  24  00  03  
00  00  00  AC  7F  0B  00  B3  08  CD  7B  01  00  00  00  80  18  1B  8D  05  00  00  00  00  00  
00  00  00  02  00  00  00  03  00  00  00  6D  33  10  00  03  00  00  00  E3  07  02  19  12  2A  
01  00  01  00  12  00  6D  34  14  00  03  00  00  00  24  25  03  00  6A  25  FF  FF  D4  3E  04  
00  30  C8  07  00  6D  35  0C  00  03  00  00  00  28  8D  01  57  47  4E  00  00  09  88  02  00  
00  00  12  00  00  00  28  01  6D  15  14  00  02  01  00  00  03  04  03  00  00  00  00  00  00  
00  00  00  00  00  00  00  6D  16  10  00  03  00  00  00  E3  07  02  19  12  2A  01  00  55  02  
00  00  6D  21  1C  00  03  00  00  00  8D  00  00  00  D3  FF  FF  FF  EC  FF  FF  FF  F8  FF  FF  
FF  0B  00  00  00  36  00  00  00  6D  22  10  00  03  00  00  00  3B  FE  FF  FF  27  02  00  00  
C4  06  00  00  6D  23  14  00  03  00  00  00  70  29  AE  76  90  A1  06  FD  BA  01  0A  03  72  
69  61  0A  6D  24  24  00  02  00  00  00  00  00  00  00  00  00  00  00  00  00  00  00  00  00  
00  00  00  00  00  00  00  00  00  00  00  00  00  00  00  00  00  00  6D  31  20  00  03  00  00  
00  CD  9C  00  00  93  77  FF  FF  DE  08  01  00  27  DC  07  00  FD  B3  06  00  1B  37  70  FF  
55  61  07  00  6D  32  24  00  03  00  00  00  AC  7F  0B  00  B3  08  CD  7B  01  00  00  00  80  
18  1B  8D  05  00  00  00  00  00  00  00  02  00  00  00  6D  33  10  00  03  00  00  00  E3  07  
02  19  12  2A  01  00  01  00  12  00  6D  34  14  00  03  00  00  00  69  19  03  00  09  1A  FF  
FF  CA  3E  04  00  30  C8  07  00  6D  35  0C  00  03  00  00  00  27  8D  01  00  8C  12  07  00  
41  53  1B  38  47  4E  00  00  0A  88  02  00  00  00  00  00  00  00  28  01  6D  15  14  00  02  
01  00  00  03  04  03  00  00  00  00  00  00  00  00  00  00  00  00  00  6D  16  10  00  03  00  
00  00  E3  07  02  00  19  12  2A  01  00  5F  02  00  00  6D  21  1C  00  03  00  00  00  49  00  
00  00  ED  FF  FF  FF  57  00  00  00  03  00  00  00  F1  FF  FF  FF  2B  00  00  00  6D  22  10  
00  03  00  00  00  3B  FE  FF  FF  27  02  00  00  C4  06  00  00  6D  00  23  14  00  03  00  00  
00  59  28  AE  76  F4  C0  06  FD  75  FA  09  03  06  81  61  0A  6D  24  24  00  02  00  00  00  
00  00  00  00  00  00  00  00  00  00  00  00  00  00  00  00  00  00  00  00  00  00  00  00  00  
00  00  00  00  00  00  00  00  6D  31  20  00  03  00  00  00  45  82  00  00  04  82  FF  FF  B5  
32  01  00  85  06  08  00  BA  4F  06  00  32  0B  70  FF  BE  61  07  00  6D  32  24  00  03  00  
00  00  AC  7F  0B  00  B3  08  CD  7B  01  00  00  00  80  18  1B  8D  05  00  00  00  00  00  00  
00  00  02  00  00  00  03  00  00  00  6D  33  10  00  03  00  00  00  E3  07  02  19  12  2A  01  
00  01  00  12  00  6D  34  14  00  03  00  00  00  D7  47  03  00  11  31  FF  FF  63  56  04  00  
67  27  08  00  6D  35  0C  00  03  00  00  00  27  8D  01  42  47  4E  00  00  0B  88  02  00  00  
00  00  00  00  00  28  01  6D  15  14  00  02  01  00  00  03  04  03  00  00  00  00  00  00  00  
00  00  00  00  00  00  6D  16  10  00  03  00  00  00  E3  07  02  19  12  2A  01  00  69  02  00  
00  6D  21  1C  00  03  00  00  00  70  00  00  00  08  00  00  00  F7  00  00  00  E3  FF  FF  FF  
FB  FF  FF  FF  4D  00  00  00  6D  22  10  00  03  00  00  00  3B  FE  FF  FF  27  02  00  00  C5  
06  00  00  6D  23  14  00  03  00  00  00  09  22  AE  76  4F  F0  06  FD  38  00  0A  03  13  D5  
61  0A  6D  24  24  00  02  00  00  00  00  00  00  00  00  00  00  00  00  00  00  00  00  00  00  
00  00  00  00  00  00  00  00  00  00  00  00  00  00  00  00  00  6D  31  20  00  03  00  00  00  
44  91  00  00  A8  8C  FF  FF  2A  71  01  00  C5  89  07  00  88  76  06  00  86  8F  70  FF  88  
62  07  00  6D  32  24  00  03  00  00  00  AC  7F  0B  00  B3  08  CD  7B  01  00  00  00  80  18  
1B  8D  05  00  00  00  00  00  00  00  02  00  00  00  6D  33  10  00  03  00  00  00  E3  07  02  
19  12  2A  01  00  01  00  12  00  6D  34  14  00  03  00  00  00  03  5F  03  00  A4  29  FF  FF  
A8  4E  04  00  04  F9  07  00  6D  35  0C  00  03  00  00  00  26  8D  01  00  BE  12  07  00  41  
53  4A  DD  47  4E  00  00  0C  88  02  00  00  00  00  00  00  00  28  01  6D  15  14  00  02  01  
00  00  03  04  03  00  00  00  00  00  00  00  00  00  00  00  00  00  6D  16  10  00  03  00  00  
00  E3  07  02  00  19  12  2A  01  00  73  02  00  00  6D  21  1C  00  03  00  00  00  CD  01  00  
00  B9  FF  FF  FF  8A  00  00  00  F0  FF  FF  FF  0C  00  00  00  25  00  00  00  6D  22  10  00  
03  00  00  00  3B  FE  FF  FF  27  02  00  00  C5  06  00  00  6D  00  23  14  00  03  00  00  00  
D3  23  AE  76  26  A8  07  FD  11  F1  09  03  AB  F9  61  0A  6D  24  24  00  02  00  00  00  00  
00  00  00  00  00  00  00  00  00  00  00  00  00  00  00  00  00  00  00  00  00  00  00  00  00  
00  00  00  00  00  00  00  6D  31  20  00  03  00  00  00  D0  19  01  00  9B  6D  FF  FF  EC  46  
01  00  23  BE  07  00  36  B6  06  00  76  F1  6F  FF  6C  61  07  00  6D  32  24  00  03  00  00  
00  AC  7F  0B  00  B3  08  CD  7B  01  00  00  00  80  18  1B  8D  05  00  00  00  00  00  00  00  
00  02  00  00  00  03  00  00  00  6D  33  10  00  03  00  00  00  E3  07  02  19  12  2A  01  00  
01  00  12  00  6D  34  14  00  03  00  00  00  1F  5F  03  00  94  29  FF  FF  EF  42  04  00  E4  
AA  07  00  6D  35  0C  00  03  00  00  00  29  8D  01  48  47  4E  00  00  0D  88  02  00  00  00  
00  00  00  00  28  01  6D  15  14  00  02  01  00  00  03  04  03  00  00  00  00  00  00  00  00  
00  00  00  00  00  6D  16  10  00  03  00  00  00  E3  07  02  19  12  2A  01  00  7D  02  00  00  
6D  21  1C  00  03  00  00  00  3C  00  00  00  ED  FF  FF  FF  F9  FF  FF  FF  F3  FF  FF  FF  FF  
FF  FF  FF  58  00  00  00  6D  22  10  00  03  00  00  00  3C  FE  FF  FF  27  02  00  00  C5  06  
00  00  6D  23  14  00  03  00  00  00  33  26  AE  76  37  C1  07  FD  00  E7  09  03  9C  E8  61  
0A  6D  24  24  00  02  00  00  00  00  00  00  00  00  00  00  00  00  00  00  00  00  00  00  00  
00  00  00  00  00  00  00  00  00  00  00  00  00  00  00  00  6D  31  20  00  03  00  00  00  0A  
7D  00  00  16  82  FF  FF  1C  0E  01  00  7F  C8  07  00  65  82  06  00  50  B9  70  FF  90  62  
07  00  6D  32  24  00  03  00  00  00  AC  7F  0B  00  B3  08  CD  7B  01  00  00  00  80  18  1B  
8D  05  00  00  00  00  00  00  00  02  00  00  00  00  00  6D  33  10  00  03  00  00  00  E3  07  
02  19  12  2A  01  00  01  00  12  00  6D  34  14  00  03  00  00  00  59  48  03  00  B4  56  FF  
FF  91  4E  04  00  E4  AA  07  00  6D  35  0C  00  03  00  00  00  2B  8D  01  00  41  12  07  00  
41  53  5D  A1  47  4E  00  00  0E  88  02  00  00  00  00  00  00  00  28  01  6D  15  14  00  02  
01  00  00  03  04  03  00  00  00  00  00  00  00  00  00  00  00  00  00  6D  16  10  00  03  00  
00  00  E3  00  07  02  19  12  2A  01  00  87  02  00  00  6D  21  1C  00  03  00  00  00  62  01  
00  00  76  FF  FF  FF  20  00  00  00  05  00  00  00  05  00  00  00  4F  00  00  00  6D  22  10  
00  03  00  00  00  3C  FE  FF  FF  27  02  00  00  C5  06  00  00  00  6D  23  14  00  03  00  00  
00  28  2B  AE  76  80  50  08  FD  9E  B9  09  03  37  E6  61  0A  6D  24  24  00  02  00  00  00  
00  00  00  00  00  00  00  00  00  00  00  00  00  00  00  00  00  00  00  00  00  00  00  00  00  
00  00  00  00  00  00  00  00  6D  31  20  00  03  00  00  00  F5  EF  00  00  B4  53  FF  FF  59  
1D  01  00  1D  0C  08  00  85  97  06  00  81  96  70  FF  C4  62  07  00  6D  32  24  00  03  00  
00  00  AC  7F  0B  00  B3  08  CD  7B  01  00  00  00  80  18  1B  00  8D  05  00  00  00  00  00  
00  00  02  00  00  00  03  00  00  00  6D  33  10  00  03  00  00  00  E3  07  02  19  12  2A  01  
00  01  00  12  00  6D  34  14  00  03  00  00  00  1A  54  03  00  EA  3F  FF  FF  C6  1F  04  00  
30  C8  07  00  6D  35  0C  00  03  00  00  00  20  B2  47  4E  00  00  0F  88  02  00  01  01  00  
00  00  00  28  01  6D  15  14  00  02  01  00  00  03  04  03  00  00  00  00  00  00  00  00  00  
00  00  00  00  6D  16  10  00  03  00  00  00  E3  07  02  19  12  2A  01  00  91  02  00  00  6D  
21  1C  00  03  00  00  00  05  01  00  00  E0  FF  FF  FF  48  00  00  00  F8  FF  FF  FF  0B  00  
00  00  34  00  00  00  6D  22  10  00  03  00  00  00  3C  FE  FF  FF  27  02  00  00  C5  06  00  
00  6D  23  14  00  03  00  00  00  9C  2C  AE  76  6C  B7  08  FD  3C  B3  09  03  E3  F4  61  0A  
6D  24  24  00  02  00  00  00  00  00  00  00  00  00  00  00  00  00  00  00  00  00  00  00  00  
00  00  00  00  00  00  00  00  00  00  00  00  00  00  00  6D  31  20  00  03  00  00  00  6F  CB  
00  00  0B  7D  FF  FF  1B  2D  01  00  F2  DB  07  00  10  AF  06  00  E5  2D  70  FF  EB  61  07  
00  6D  32  24  00  03  00  00  00  AC  7F  0B  00  B3  08  CD  7B  01  00  00  00  80  18  1B  8D  
05  00  00  00  00  00  00  00  02  00  00  00  00  00  6D  33  10  00  03  00  00  00  E3  07  02  
19  12  2A  01  00  01  00  12  00  6D  34  14  00  03  00  00  00  3C  48  03  00  A9  21  FF  FF  
EC  17  04  00  6C  BE  07  00  6D  35  0C  00  03  00  00  00  25  8D  01  00  8C  12  07  00  41  
53  4D  F6  47  4E  00  00  10  88  02  00  00  00  00  00  00  00  28  01  6D  15  14  00  02  01  
00  00  03  04  03  00  00  00  00  00  00  00  00  00  00  00  00  00  6D  16  10  00  03  00  00  
00  E3  00  07  02  19  12  2A  01  00  9B  02  00  00  6D  21  1C  00  03  00  00  00  8C  00  00  
00  76  FF  FF  FF  56  00  00  00  F1  FF  FF  FF  14  00  00  00  3C  00  00  00  6D  22  10  00  
03  00  00  00  3C  FE  FF  FF  27  02  00  00  C5  06  00  00  00  6D  23  14  00  03  00  00  00  
B6  2D  AE  76  E1  F2  08  FD  AA  7E  09  03  A3  08  62  0A  6D  24  24  00  02  00  00  00  00  
00  00  00  00  00  00  00  00  00  00  00  00  00  00  00  00  00  00  00  00  00  00  00  00  00  
00  00  00  00  00  00  00  6D  31  20  00  03  00  00  00  5E  9C  00  00  72  53  FF  FF  B4  32  
01  00  96  BF  07  00  81  CF  06  00  5C  4E  70  FF  27  62  07  00  6D  32  24  00  03  00  00  
00  F8  7E  0B  00  A2  08  CD  7B  01  00  00  00  B5  18  1B  00  8D  05  00  00  00  FF  FF  FF  
FF  01  00  00  00  03  00  00  00  6D  33  10  00  03  00  00  00  E3  07  02  19  12  2A  01  00  
01  00  12  00  6D  34  14  00  03  00  00  00  72  34  03  00  0F  0B  FF  FF  48  2F  04  00  DD  
C0  07  00  6D  35  0C  00  03  00  00  00  27  16  47  4E  00  00  11  88  02  00  00  00  00  00  
00  00  28  01  6D  15  14  00  02  01  00  00  03  04  03  00  00  00  00  00  00  00  00  00  00  
00  00  00  6D  16  10  00  03  00  00  00  E3  07  02  19  12  2A  01  00  A5  02  00  00  6D  21  
1C  00  03  00  00  00  90  FE  FF  FF  75  FF  FF  FF  08  00  00  00  E7  FF  FF  FF  04  00  00  
00  46  00  00  00  6D  22  10  00  03  00  00  00  3C  FE  FF  FF  27  02  00  00  C5  06  00  00  
6D  23  14  00  03  00  00  00  87  2C  AE  76  A4  67  08  FD  B6  37  09  03  2C  03  62  0A  6D  
24  24  00  02  00  00  00  00  00  00  00  00  00  00  00  00  00  00  00  00  00  00  00  00  00  
00  00  00  00  00  00  00  00  00  00  00  00  00  00  6D  31  20  00  03  00  00  00  EE  D5  FF  
FF  FD  52  FF  FF  5D  14  01  00  E8  97  07  00  03  95  06  00  9C  73  70  FF  4C  62  07  00  
6D  32  24  00  03  00  00  00  F8  7E  0B  00  A2  08  CD  7B  01  00  00  00  B5  18  1B  8D  05  
00  00  00  FF  FF  FF  FF  01  00  00  03  00  00  00  6D  33  10  00  03  00  00  00  E3  07  02  
19  12  2A  01  00  01  00  12  00  6D  34  14  00  03  00  00  00  6F  28  03  00  3C  0B  FF  FF  
19  5E  04  00  C8  02  08  00  6D  35  0C  00  03  00  00  00  24  8D  01  00  8C  12  07  00  41  
53  AE  BC  47  4E  00  00  12  88  02  00  00  00  00  00  00  00  28  01  6D  15  14  00  02  01  
00  00  03  04  03  00  00  00  00  00  00  00  00  00  00  00  00  00  6D  16  10  00  03  00  00  
00  00  E3  07  02  19  12  2A  01  00  AF  02  00  00  6D  21  1C  00  03  00  00  00  47  01  00  
00  66  00  00  00  46  00  00  00  0D  00  00  00  06  00  00  00  4B  00  00  00  6D  22  10  00  
03  00  00  00  3C  FE  FF  FF  27  02  00  00  C5  06  00  00  00  6D  23  14  00  03  00  00  00  
B8  2D  AE  76  B4  E2  08  FD  41  66  09  03  19  0B  62  0A  6D  24  24  00  02  00  00  00  00  
00  00  00  00  00  00  00  00  00  00  00  00  00  00  00  00  00  00  00  00  00  00  00  00  00  
00  00  00  00  00  00  00  6D  31  20  00  03  00  00  00  45  E5  00  00  08  B1  FF  FF  C1  2C  
01  00  EB  2C  08  00  13  9A  06  00  8C  88  70  FF  88  62  07  00  6D  32  24  00  03  00  00  
00  F8  7E  0B  00  A2  08  CD  7B  01  00  00  00  B5  18  00  1B  8D  05  00  00  00  FF  FF  FF  
FF  01  00  00  00  03  00  00  00  6D  33  10  00  03  00  00  00  E3  07  02  19  12  2A  01  00  
01  00  12  00  6D  34  14  00  03  00  00  00  B6  57  03  00  1F  2D  FF  FF  B2  23  04  00  C8  
02  08  00  6D  35  0C  00  03  00  00  00  9B  47  4E  00  00  13  88  02  00  00  00  00  00  00  
00  28  01  6D  15  14  00  02  01  00  00  03  04  03  00  00  00  00  00  00  00  00  00  00  00  
00  00  6D  16  10  00  03  00  00  00  E3  07  02  19  12  2A  01  00  B9  02  00  00  6D  21  1C  
00  03  00  00  00  D2  FE  FF  FF  B8  FF  FF  FF  58  00  00  00  EC  FF  FF  FF  04  00  00  00  
57  00  00  00  6D  22  10  00  03  00  00  00  3C  FE  FF  FF  27  02  00  00  C5  06  00  00  6D  
23  14  00  03  00  00  00  F3  29  AE  76  C1  6E  08  FD  03  3C  09  03  67  21  62  0A  6D  24  
24  00  02  00  00  00  00  00  00  00  00  00  00  00  00  00  00  00  00  00  00  00  00  00  00  
00  00  00  00  00  00  00  00  00  00  00  00  00  6D  31  20  00  03  00  00  00  C4  EF  FF  FF  
0F  6D  FF  FF  71  33  01  00  34  AA  07  00  05  95  06  00  EE  B6  70  FF  5B  62  07  00  6D  
32  24  00  03  00  00  00  F8  7E  0B  00  A2  08  CD  7B  01  00  00  00  B5  18  1B  8D  05  00  
00  00  FF  FF  FF  FF  01  00  00  03  00  00  00  6D  33  10  00  03  00  00  00  E3  07  02  19  
12  2A  01  00  01  00  12  00  6D  34  14  00  03  00  00  00  8E  57  03  00  D8  21  FF  FF  97  
27  04  00  F4  D1  07  00  6D  35  0C  00  03  00  00  00  26  8D  01  00  8C  12  07  00  41  53  
EF  0B  47  4E  00  00  14  88  02  00  00  00  00  00  00  00  28  01  6D  15  14  00  02  01  00  
00  03  04  03  00  00  00  00  00  00  00  00  00  00  00  00  00  6D  16  10  00  03  00  00  00  
00  E3  07  02  19  12  2A  01  00  C3  02  00  00  6D  21  1C  00  03  00  00  00  CD  01  00  00  
0A  00  00  00  6E  00  00  00  E5  FF  FF  FF  E3  FF  FF  FF  3A  00  00  00  6D  22  10  00  03  
00  00  00  3C  FE  FF  FF  27  02  00  00  C5  06  00  00  00  6D  23  14  00  03  00  00  00  F4  
2B  AE  76  16  21  09  FD  CA  4B  09  03  D3  38  62  0A  6D  24  24  00  02  00  00  00  00  00  
00  00  00  00  00  00  00  00  00  00  00  00  00  00  00  00  00  00  00  00  00  00  00  00  00  
00  00  00  00  00  00  6D  31  20  00  03  00  00  00  DC  19  01  00  AF  8C  FF  FF  5D  3C  01  
00  CC  8F  07  00  9E  10  06  00  E8  42  70  FF  28  61  07  00  6D  32  24  00  03  00  00  00  
F8  7E  0B  00  A2  08  CD  7B  01  00  00  00  B5  18  00  1B  8D  05  00  00  00  FF  FF  FF  FF  
01  00  00  00  03  00  00  00  6D  33  10  00  03  00  00  00  E3  07  02  19  12  2A  01  00  01  
00  12  00  6D  34  14  00  03  00  00  00  A2  47  03  00  44  0B  FF  FF  F4  3E  04  00  20  A1  
07  00  6D  35  0C  00  03  00  00  00  94  47  4E  00  00  15  88  02  00  00  00  00  00  00  00  
28  01  6D  15  14  00  02  01  00  00  03  04  03  00  00  00  00  00  00  00  00  00  00  00  00  
00  6D  16  10  00  03  00  00  00  E3  07  02  19  12  2A  01  00  CD  02  00  00  6D  21  1C  00  
03  00  00  00  D3  FE  FF  FF  16  00  00  00  07  00  00  00  F0  FF  FF  FF  F9  FF  FF  FF  39  
00  00  00  6D  22  10  00  03  00  00  00  3C  FE  FF  FF  27  02  00  00  C5  06  00  00  6D  23  
14  00  03  00  00  00  47  2A  AE  76  2D  AA  08  FD  3D  44  09  03  37  2C  62  0A  6D  24  24  
00  02  00  00  00  00  00  00  00  00  00  00  00  00  00  00  00  00  00  00  00  00  00  00  00  
00  00  00  00  00  00  00  00  00  00  00  00  6D  31  20  00  03  00  00  00  E0  EF  FF  FF  5B  
91  FF  FF  FC  13  01  00  E5  B8  07  00  C8  68  06  00  A0  40  70  FF  72  62  07  00  6D  32  
24  00  03  00  00  00  F8  7E  0B  00  A2  08  CD  7B  01  00  00  00  B5  18  1B  8D  05  00  00  
00  FF  FF  FF  FF  01  00  00  03  00  00  00  6D  33  10  00  03  00  00  00  E3  07  02  19  12  
2A  01  00  01  00  12  00  6D  34  14  00  03  00  00  00  49  48  03  00  64  38  FF  FF  55  2F  
04  00  7C  E5  07  00  6D  35  0C  00  03  00  00  00  27  8D  01  00  BE  12  07  00  41  53  A9  
10  47  4E  00  00  16  88  02  00  02  01  01  01  00  00  28  01  6D  15  14  00  02  01  00  00  
03  04  03  00  00  00  00  00  00  00  00  00  00  00  00  00  6D  16  10  00  03  00  00  00  00  
E3  07  02  19  12  2A  01  00  D7  02  00  00  6D  21  1C  00  03  00  00  00  07  00  00  00  A9  
00  00  00  8D  FF  FF  FF  17  00  00  00  09  00  00  00  34  00  00  00  6D  22  10  00  03  00  
00  00  3C  FE  FF  FF  27  02  00  00  C5  06  00  00  00  6D  23  14  00  03  00  00  00  1A  2E  
AE  76  9C  A4  08  FD  BC  7F  09  03  87  ED  61  0A  6D  24  24  00  02  00  00  00  00  00  00  
00  00  00  00  00  00  00  00  00  00  00  00  00  00  00  00  00  00  00  00  00  00  00  00  00  
00  00  00  00  00  6D  31  20  00  03  00  00  00  67  68  00  00  8C  CA  FF  FF  3C  E4  00  00  
D5  52  08  00  71  A8  06  00  F0  2D  70  FF  11  62  07  00  6D  32  24  00  03  00  00  00  F8  
7E  0B  00  A2  08  CD  7B  01  00  00  00  B5  18  00  1B  8D  05  00  00  00  FF  FF  FF  FF  01  
00  00  00  03  00  00  00  6D  33  10  00  03  00  00  00  E3  07  02  19  12  2A  01  00  01  00  
12  00  6D  34  14  00  03  00  00  00  FE  30  03  00  4F  38  FF  FF  F7  3A  04  00  7C  E5  07  
00  00  6D  35  0C  00  03  00  00  00  8E  47  4E  00  00  17  88  02  00  00  00  00  00  00  00  
28  01  6D  15  14  00  02  01  00  00  03  04  03  00  00  00  00  00  00  00  00  00  00  00  00  
00  6D  16  10  00  03  00  00  00  E3  07  02  19  12  00  2A  01  00  E1  02  00  00  6D  21  1C  
00  03  00  00  00  B8  FF  FF  FF  66  00  00  00  73  FF  FF  FF  0A  00  00  00  0C  00  00  00  
2C  00  00  00  6D  22  10  00  03  00  00  00  3C  FE  FF  FF  27  02  00  00  C5  06  00  00  6D  
23  14  00  03  00  00  00  80  32  AE  3A  47  4E  00  00  2B  88  02  00  00  00  00  00  00  00  
28  01  6D  15  14  00  02  01  00  00  03  04  03  00  00  00  00  00  00  00  00  00  00  00  00  
00  6D  16  10  00  03  00  00  00  E3  07  02  19  12  2A  01  00  A9  03  00  00  6D  21  1C  00  
03  00  00  00  29  02  00  00  45  FF  FF  FF  3A  00  00  00  F7  FF  FF  FF  FF  FF  FF  FF  3D  
00  00  00  6D  22  10  00  03  00  00  00  3C  FE  FF  FF  26  02  00  00  C4  06  00  00  6D  23  
14  00  03  00  00  00  DC  53  AE  76  2F  47  08  FD  A4  66  08  03  4C  75  60  0A  6D  24  24  
00  02  00  00  00  00  00  00  00  00  00  00  00  00  00  00  00  00  00  00  00  00  00  00  00  
00  00  00  00  00  00  00  00  00  00  00  00  6D  31  20  00  03  00  00  00  AC  3E  01  00  FB  
3E  FF  FF  85  27  01  00  1B  D5  07  00  E6  82  06  00  6B  4E  70  FF  99  61  07  00  6D  32  
24  00  03  00  00  00  1C  7E  0B  00  B3  08  CD  7B  01  00  00  00  52  19  1B  8D  05  00  00  
00  01  00  00  00  02  00  00  00  01  00  00  00  6D  33  10  00  03  00  00  00  E3  07  02  19  
12  2A  01  00  01  00  12  00  6D  34  14  00  03  00  00  00  3E  40  03  00  5B  29  FF  FF  EC  
3E  04  00  7C  E5  07  00  6D  35  0C  00  03  00  00  00  00  28  8D  01  00  5A  12  07  00  41  
53  1F  8A  47  4E  00  00  2C  88  02  00  00  00  00  00  00  00  28  01  6D  15  14  00  02  01  
00  00  03  04  03  00  00  00  00  00  00  00  00  00  00  00  00  00  6D  16  10  00  03  00  00  
00  E3  07  02  19  12  2A  01  00  B3  03  00  00  6D  21  1C  00  03  00  00  00  EC  FD  FF  FF  
25  00  00  00  EE  FF  FF  FF  E9  FF  FF  FF  03  00  00  00  33  00  00  00  6D  22  10  00  03  
00  00  00  3B  FE  FF  FF  26  02  00  00  C4  06  00  00  6D  23  14  00  03  00  00  00  C1  4F  
AE  76  12  72  07  FD  F9  5F  08  03  36  69  60  0A  6D  24  24  00  02  00  00  00  00  00  00  
00  00  00  00  00  00  00  00  00  00  00  00  00  00  00  00  00  00  00  00  00  00  00  00  00  
00  00  00  00  6D  31  20  00  03  00  00  00  2B  97  FF  FF  42  96  FF  FF  FD  09  01  00  53  
9F  07  00  6A  90  06  00  53  29  70  FF  36  62  07  00  6D  32  24  00  03  00  00  00  1C  7E  
0B  00  B3  08  CD  7B  01  00  00  00  52  19  1B  8D  05  00  00  00  01  00  00  00  7D  48  03  
00  9E  56  FF  FF  F2  3E  04  00  C8  02  08  00  6D  35  0C  00  03  00  00  00  2A  8D  01  00  
28  12  07  00  41  53  16  16  47  4E  00  00  2D  88  02  00  00  00  00  00  00  00  28  01  6D  
15  14  00  02  01  00  00  03  04  03  00  00  00  00  00  00  00  00  00  00  00  00  00  6D  16  
10  00  03  00  00  00  E3  07  02  19  12  2A  01  00  BD  03  00  00  6D  21  1C  00  03  00  00  
00  B1  00  00  00  E8  FE  FF  FF  7E  00  00  00  F8  FF  FF  FF  10  00  00  00  33  00  00  00  
6D  22  10  00  03  00  00  00  3B  FE  FF  FF  26  02  00  00  C4  06  00  00  6D  23  14  00  03  
00  00  00  03  51  AE  76  2F  BD  07  FD  EB  F6  07  03  04  8F  60  0A  6D  24  24  00  02  00  
00  00  00  00  00  00  00  00  00  00  00  00  00  00  00  00  00  00  00  00  00  00  00  00  00  
00  00  00  00  00  00  00  00  00  6D  31  20  00  03  00  00  00  24  AC  00  00  72  1A  FF  FF  
73  42  01  00  3E  D7  07  00  0C  C4  06  00  3B  29  70  FF  EB  61  07  00  6D  32  24  00  03  
00  00  00  1C  7E  0B  00  B3  08  CD  7B  01  00  00  00  52  19  1B  8D  05  00  00  00  01  00  
00  00  02  00  00  00  01  00  00  00  6D  33  10  00  03  00  00  00  E3  07  02  00  19  12  2A  
01  00  01  00  12  00  6D  34  14  00  03  00  00  00  AA  47  03  00  6C  1A  FF  FF  93  4E  04  
00  C8  02  08  00  6D  35  0C  00  03  00  00  00  25  8D  01  00  F6  11  07  00  41  53  94  86  
47  4E  00  00  2E  88  02  00  00  00  00  00  00  00  28  01  6D  15  14  00  02  01  00  00  03  
04  03  00  00  00  00  00  00  00  00  00  00  00  00  00  6D  16  10  00  03  00  00  00  E3  07  
02  19  12  2A  01  00  C7  03  00  00  6D  21  1C  00  03  00  00  00  48  00  00  00  A1  FF  FF  
FF  D0  FF  FF  FF  01  00  00  00  0B  00  00  00  28  00  00  00  6D  22  10  00  03  00  00  00  
3B  FE  FF  FF  26  02  00  00  C4  06  00  00  6D  23  14  00  03  00  00  00  51  55  AE  76  80  
D6  07  FD  A4  D0  07  03  36  70  60  0A  6D  24  24  00  02  00  00  00  00  00  00  00  00  00  
00  00  00  00  00  00  00  00  00  00  00  00  00  00  00  00  00  00  00  00  00  00  00  00  00  
00  6D  31  20  00  03  00  00  00  D1  82  00  00  CA  62  FF  FF  A3  FE  00  00  DC  FA  07  00  
8A  AF  06  00  00  00  03  00  00  00  01  00  00  00  6D  33  10  00  03  00  00  00  E3  07  02  
19  12  2A  01  00  01  00  12  00  6D  34  14  00  03  00  00  00  B7  3C  03  00  DD  52  FF  FF  
87  4E  04  00  C8  02  08  00  6D  35  0C  00  03  00  00  00  29  8D  01  00  0F  12  07  00  41  
53  1A  4E  47  4E  00  00  2F  88  02  00  00  00  00  00  00  00  28  01  6D  15  14  00  02  01  
00  00  03  04  03  00  00  00  00  00  00  00  00  00  00  00  00  00  6D  00  16  10  00  03  00  
00  00  E3  07  02  19  12  2A  01  00  D1  03  00  00  6D  21  1C  00  03  00  00  00  98  FF  FF  
FF  ED  00  00  00  20  00  00  00  F8  FF  FF  FF  0D  00  00  00  28  00  00  00  6D  22  10  00  
03  00  00  00  3B  FE  FF  00  FF  26  02  00  00  C4  06  00  00  6D  23  14  00  03  00  00  00  
E8  51  AE  76  0E  A1  07  FD  40  26  08  03  EB  6E  60  0A  6D  24  24  00  02  00  00  00  00  
00  00  00  00  00  00  00  00  00  00  00  00  00  00  00  00  00  00  00  00  00  00  00  00  00  
00  00  00  00  00  00  00  6D  31  20  00  03  00  00  00  36  3E  00  00  71  E4  FF  FF  D3  1D  
01  00  83  D7  07  00  67  B8  06  00  72  FF  6F  FF  DC  61  07  00  6D  32  24  00  03  00  00  
00  9A  7D  0B  00  B3  08  CD  00  7B  01  00  00  00  98  19  1B  8D  05  00  00  00  04  00  00  
00  03  00  00  00  01  00  00  00  6D  33  10  00  03  00  00  00  E3  07  02  19  12  2A  01  00  
01  00  12  00  6D  34  14  00  03  00  00  00  DF  3C  03  00  5B  5A  FF  FF  B8  46  04  00  CF  
EC  07  00  6D  AF  47  4E  00  00  30  88  02  00  00  00  00  00  00  00  28  01  6D  15  14  00  
02  01  00  00  03  04  03  00  00  00  00  00  00  00  00  00  00  00  00  00  6D  16  10  00  03  
00  00  00  E3  07  02  19  12  2A  01  00  DB  03  00  00  6D  21  1C  00  03  00  00  00  63  FF  
FF  FF  AB  00  00  00  72  FF  FF  FF  00  00  00  00  F0  FF  FF  FF  43  00  00  00  6D  22  10  
00  03  00  00  00  3B  FE  FF  FF  26  02  00  00  C4  06  00  00  6D  23  14  00  03  00  00  00  
6E  54  AE  76  13  57  07  FD  16  5F  08  03  41  2C  60  0A  6D  24  24  00  02  00  00  00  00  
00  00  00  00  00  00  00  00  00  00  00  00  00  00  00  00  00  00  00  00  00  00  00  00  00  
00  00  00  00  00  00  6D  31  20  00  03  00  00  00  95  29  00  00  7A  CA  FF  FF  08  DA  00  
00  A7  F7  07  00  91  4A  06  00  DB  65  70  FF  AE  62  07  00  6D  32  24  00  03  00  00  00  
9A  7D  0B  00  B3  08  CD  7B  01  00  00  00  98  19  1B  8D  05  00  00  00  04  00  00  00  03  
00  00  00  01  00  00  00  6D  33  10  00  03  00  00  00  E3  07  02  19  12  2A  01  00  01  00  
12  00  6D  34  14  00  03  00  00  00  49  48  03  00  64  38  FF  FF  55  2F  04  00  E4  AA  07  
00  6D  35  0C  00  03  00  00  00  24  8D  01  00  8C  12  07  00  41  53  5B  B9  47  4E  00  00  
31  88  02  00  00  00  00  00  00  00  28  01  6D  15  14  00  02  01  00  00  03  04  03  00  00  
00  00  00  00  00  00  00  00  00  00  00  6D  16  10  00  03  00  00  00  00  E3  07  02  19  12  
2A  02  00  00  00  00  00  6D  21  1C  00  03  00  00  00  F8  FE  FF  FF  91  00  00  00  06  00  
00  00  F6  FF  FF  FF  00  00  00  00  4B  00  00  00  6D  22  10  00  03  00  00  00  3B  FE  FF  
FF  26  02  00  00  C4  00  06  00  00  6D  23  14  00  03  00  00  00  45  51  AE  76  95  E6  06  
FD  F8  8A  08  03  5E  23  60  0A  6D  24  24  00  02  00  00  00  00  00  00  00  00  00  00  00  
00  00  00  00  00  00  00  00  00  00  00  00  00  00  00  00  00  00  00  00  00  00  00  00  00  
6D  31  20  00  03  00  00  00  AE  FF  FF  FF  F8  BF  FF  FF  CD  13  01  00  15  D0  07  00  D0  
89  06  00  74  88  70  FF  B7  61  07  00  6D  32  24  00  03  00  00  00  9A  7D  0B  00  B3  08  
CD  7B  01  00  00  00  98  00  19  1B  8D  05  00  00  00  04  00  00  00  03  00  00  00  01  00  
00  00  6D  33  10  00  03  00  01  00  E3  07  02  19  12  2A  01  00  01  00  12  00  6D  34  14  
00  03  00  00  00  CA  39  03  00  66  74  FF  FF  11  10  04  00  78  3F  07  00  6D  35  0C  00  
03  00  00  07  47  4E  00  00  32  88  02  00  00  00  00  00  00  00  28  01  6D  15  14  00  02  
01  00  00  03  04  03  00  00  00  00  00  00  00  00  00  00  00  00  00  6D  16  10  00  03  00  
00  00  E3  07  02  19  12  2A  02  00  0A  00  00  00  6D  21  1C  00  03  00  00  00  5A  FE  FF  
FF  33  00  00  00  E1  FE  FF  FF  FF  FF  FF  FF  0B  00  00  00  4A  00  00  00  6D  22  10  00  
03  00  00  00  3A  FE  FF  FF  26  02  00  00  C3  06  00  00  6D  23  14  00  03  00  00  00  83  
57  AE  76  2D  38  06  FD  16  8A  08  03  33  AA  5F  0A  6D  24  24  00  02  00  00  00  00  00  
00  00  00  00  00  00  00  00  00  00  00  00  00  00  00  00  00  00  00  00  00  00  00  00  00  
00  00  00  00  00  6D  31  20  00  03  00  00  00  AB  C1  FF  FF  6C  9B  FF  FF  5C  A1  00  00  
B3  F2  07  00  FD  B5  06  00  7D  81  70  FF  36  62  07  00  6D  32  24  00  03  00  00  00  9A  
7D  0B  00  B3  08  CD  7B  01  00  00  00  98  19  1B  8D  05  00  00  00  04  00  00  00  03  00  
00  00  01  00  00  00  6D  33  10  00  03  00  00  00  E3  07  02  19  12  2A  01  00  01  00  12  
00  6D  34  14  00  03  00  00  00  94  67  03  00  A5  69  FF  FF  10  3F  04  00  09  90  07  00  
6D  35  0C  00  03  00  00  00  2B  8D  01  00  8C  12  07  00  41  53  6A  E5  47  4E  00  00  33  
88  02  00  00  00  00  00  00  00  28  01  6D  15  14  00  02  01  00  00  03  04  03  00  00  00  
00  00  00  00  00  00  00  00  00  00  6D  16  10  00  03  00  00  00  00  E3  07  02  19  12  2A  
02  00  14  00  00  00  6D  21  1C  00  03  00  00  00  7E  FF  FF  FF  D7  FF  FF  FF  14  00  00  
00  09  00  00  00  0D  00  00  00  2D  00  00  00  6D  22  10  00  03  00  00  00  3A  FE  FF  FF  
26  02  00  00  C3  00  06  00  00  6D  23  14  00  03  00  00  00  F8  56  AE  76  20  01  06  FD  
E6  72  08  03  62  A7  5F  0A  6D  24  24  00  02  00  00  00  00  00  00  00  00  00  00  00  00  
00  00  00  00  00  00  00  00  00  00  00  00  00  00  00  00  00  00  00  00  00  00  00  00  6D  
31  20  00  03  00  00  00  D8  33  00  00  8E  77  FF  FF  F6  18  01  00  BC  1A  08  00  5C  BF  
06  00  19  12  70  FF  79  62  07  00  6D  32  24  00  03  00  00  00  9A  7D  0B  00  B3  08  CD  
7B  01  00  00  00  98  00  19  1B  8D  05  00  00  00  04  00  00  00  03  00  00  00  01  00  00  
00  6D  33  10  00  03  00  00  00  E3  07  02  19  12  2A  01  00  01  00  12  00  6D  34  14  00  
03  00  00  00  E0  6E  03  00  33  53  FF  FF  9C  52  04  00  6C  BE  07  00  6D  35  0C  00  03  
00  00  A6  47  4E  00  00  34  88  02  00  00  00  00  00  00  00  28  01  6D  15  14  00  02  01  
00  00  03  04  03  00  00  00  00  00  00  00  00  00  00  00  00  00  6D  16  10  00  03  00  00  
00  E3  07  02  19  12  2A  02  00  1E  00  00  00  6D  21  1C  00  03  00  00  00  0F  01  00  00  
F3  FF  FF  FF  55  00  00  00  01  00  00  00  08  00  00  00  43  00  00  00  6D  22  10  00  03  
00  00  00  3B  FE  FF  FF  26  02  00  00  C3  06  00  00  6D  23  14  00  03  00  00  00  9F  57  
AE  76  36  65  06  FD  7A  75  08  03  E4  BB  5F  0A  6D  24  24  00  02  00  00  00  00  00  00  
00  00  00  00  00  00  00  00  00  00  00  00  00  00  00  00  00  00  00  00  00  00  00  00  00  
00  00  00  00  6D  31  20  00  03  00  00  00  62  D0  00  00  4E  82  FF  FF  3E  32  01  00  A9  
F9  07  00  D3  A7  06  00  0A  68  70  FF  AE  62  07  00  6D  32  24  00  03  00  00  00  9A  7D  
0B  00  B3  08  CD  7B  01  00  00  00  98  19  1B  8D  05  00  00  00  04  00  00  00  03  00  00  
00  01  00  00  00  6D  33  10  00  03  00  00  00  E3  07  02  19  12  2A  01  00  01  00  12  00  
6D  34  14  00  03  00  00  00  FA  56  03  00  9B  1A  FF  FF  42  5E  04  00  04  F9  07  00  6D  
35  0C  00  03  00  00  00  24  8D  01  00  41  12  07  00  41  53  34  53  47  4E  00  00  35  88  
02  00  00  00  00  00  00  00  28  01  6D  15  14  00  02  01  00  00  03  04  03  00  00  00  00  
00  00  00  00  00  00  00  00  00  6D  16  10  00  03  00  00  00  00  E3  07  02  19  12  2A  02  
00  28  00  00  00  6D  21  1C  00  03  00  00  00  66  FE  FF  FF  90  00  00  00  5A  FF  FF  FF  
FE  FF  FF  FF  F6  FF  FF  FF  4B  00  00  00  6D  22  10  00  03  00  00  00  3A  FE  FF  FF  26  
02  00  00  C3  00  06  00  00  6D  23  14  00  03  00  00  00  87  58  AE  76  63  B8  05  FD  F2  
9B  08  03  B0  74  5F  0A  6D  24  24  00  02  00  00  00  00  00  00  00  00  00  00  00  00  00  
00  00  00  00  00  00  00  00  00  00  00  00  00  00  00  00  00  00  00  00  00  00  00  6D  31  
20  00  03  00  00  00  79  C6  FF  FF  D1  BF  FF  FF  37  D0  00  00  9E  F0  07  00  09  62  06  
00  93  88  70  FF  45  62  07  00  6D  32  24  00  03  00  00  00  9A  7D  0B  00  B3  08  CD  7B  
01  00  00  00  98  00  19  1B  8D  05  00  00  00  04  00  00  00  03  00  00  00  01  00  00  00  
6D  33  10  00  03  00  00  00  E3  07  02  19  12  2A  01  00  01  00  12  00  6D  34  14  00  03  
00  00  00  4D  0B  03  00  5B  83  FF  FF  1D  2F  04  00  88  66  07  00  6D  35  0C  00  03  00  
00  D5  47  4E  00  00  36  88  02  00  00  00  00  00  00  00  28  01  6D  15  14  00  02  01  00  
00  03  04  03  00  00  00  00  00  00  00  00  00  00  00  00  00  6D  16  10  00  03  00  00  00  
E3  07  02  19  12  2A  02  00  32  00  00  00  6D  21  1C  00  03  00  00  00  97  00  00  00  A3  
FF  FF  FF  20  00  00  00  F7  FF  FF  FF  EF  FF  FF  FF  31  00  00  00  6D  22  10  00  03  00  
00  00  3A  FE  FF  FF  26  02  00  00  C3  06  00  00  6D  23  14  00  03  00  00  00  7F  5A  AE  
76  6C  F0  05  FD  23  7B  08  03  DA  77  5F  0A  6D  24  24  00  02  00  00  00  00  00  00  00  
00  00  00  00  00  00  00  00  00  00  00  00  00  00  00  00  00  00  00  00  00  00  00  00  00  
00  00  00  6D  31  20  00  03  00  00  00  7A  A1  00  00  1E  63  FF  FF  A5  1D  01  00  E4  D4  
07  00  00  48  06  00  40  20  70  FF  00  63  07  00  6D  32  24  00  03  00  00  00  9A  7D  0B  
00  B3  08  CD  7B  01  00  00  00  98  19  1B  8D  05  00  00  00  04  00  00  00  03  00  00  00  
01  00  00  00  6D  33  10  00  03  00  00  00  E3  07  02  19  12  2A  01  00  01  00  12  00  6D  
34  14  00  03  00  00  00  52  39  03  00  1A  6D  FF  FF  FC  3A  04  00  27  8B  07  00  6D  35  
0C  00  03  00  00  00  28  8D  01  00  5A  12  07  00  41  53  D1  98  47  4E  00  00  37  88  02  
00  00  00  00  00  00  00  28  01  6D  15  14  00  02  01  00  00  03  04  03  00  00  00  00  00  
00  00  00  00  00  00  00  00  6D  16  10  00  03  00  00  00  00  E3  07  02  19  12  2A  02  00  
3C  00  00  00  6D  21  1C  00  03  00  00  00  E9  FF  FF  FF  27  00  00  00  64  00  00  00  EA  
FF  FF  FF  FD  FF  FF  FF  5F  00  00  00  6D  22  10  00  03  00  00  00  3A  FE  FF  FF  26  02  
00  00  C3  00  06  00  00  6D  23  14  00  03  00  00  00  18  57  AE  76  39  E1  05  FD  AB  88  
08  03  6D  96  5F  0A  6D  24  24  00  02  00  00  00  00  00  00  00  00  00  00  00  00  00  00  
00  00  00  00  00  00  00  00  00  00  00  00  00  00  00  00  00  00  00  00  00  00  6D  31  20  
00  03  00  00  00  62  5D  00  00  D3  96  FF  FF  FA  37  01  00  C1  A0  07  00  F4  7F  06  00  
28  D5  70  FF  79  62  07  00  6D  32  24  00  03  00  00  00  9A  7D  0B  00  B3  08  CD  7B  01  
00  00  00  98  00  19  1B  8D  05  00  00  00  04  00  00  00  03  00  00  00  01  00  00  00  6D  
33  10  00  03  00  00  00  E3  07  02  19  12  2A  01  00  01  00  12  00  6D  34  14  00  03  00  
00  00  86  48  03  00  98  56  FF  FF  0A  3B  04  00  C6  AF  07  00  6D  35  0C  00  03  00  00  
36  47  4E  00  00  38  88  02  00  00  00  00  00  00  00  28  01  6D  15  14  00  02  01  00  00  
03  04  03  00  00  00  00  00  00  00  00  00  00  00  00  00  6D  16  10  00  03  00  00  00  E3  
07  02  19  12  2A  02  00  46  00  00  00  6D  21  1C  00  03  00  00  00  C1  00  00  00  CA  FF  
FF  FF  DE  FF  FF  FF  02  00  00  00  FB  FF  FF  FF  3D  00  00  00  6D  22  10  00  03  00  00  
00  3A  FE  FF  FF  26  02  00  00  C3  06  00  00  6D  23  14  00  03  00  00  00  5A  5B  AE  76  
B4  28  06  FD  B8  77  08  03  2E  7F  5F  0A  6D  24  24  00  02  00  00  00  00  00  00  00  00  
00  00  00  00  00  00  00  00  00  00  00  00  00  00  00  00  00  00  00  00  00  00  00  00  00  
00  00  6D  31  20  00  03  00  00  00  EB  B1  00  00  64  72  FF  FF  8E  03  01  00  88  FF  07  
00  70  75  06  00  55  4E  70  FF  C0  60  07  00  6D  32  24  00  03  00  00  00  BE  7C  0B  00  
B3  08  CD  7B  01  00  00  00  DE  19  1B  8D  05  00  00  00  00  00  00  00  08  00  00  00  01  
00  00  00  6D  33  10  00  03  00  00  00  E3  07  02  19  12  2A  02  00  01  00  12  00  6D  34  
14  00  03  00  00  00  1D  48  03  00  52  29  FF  FF  55  2F  04  00  04  F9  07  00  6D  35  0C  
00  03  00  00  00  24  8D  01  00  28  12  07  00  41  53  7B  41  47  4E  00  00  39  88  02  00  
00  00  00  00  00  00  28  01  6D  15  14  00  02  01  00  00  03  04  03  00  00  00  00  00  00  
00  00  00  00  00  00  00  6D  16  10  00  03  00  00  00  00  E3  07  02  19  12  2A  02  00  50  
00  00  00  6D  21  1C  00  03  00  00  00  2B  01  00  00  00  00  00  00  DD  FF  FF  FF  F2  FF  
FF  FF  0B  00  00  00  49  00  00  00  6D  22  10  00  03  00  00  00  3B  FE  FF  FF  26  02  00  
00  C3  00  06  00  00  6D  23  14  00  03  00  00  00  29  60  AE  76  F7  96  06  FD  47  7F  08  
03  96  65  5F  0A  6D  24  24  00  02  00  00  00  00  00  00  00  00  00  00  00  00  00  00  00  
00  00  00  00  00  00  00  00  00  00  00  00  00  00  00  00  00  00  00  00  00  6D  31  20  00  
03  00  00  00  31  DB  00  00  78  87  FF  FF  35  03  01  00  9E  C1  07  00  B4  B5  06  00  36  
7F  70  FF  81  62  07  00  6D  32  24  00  03  00  00  00  BE  7C  0B  00  B3  08  CD  7B  01  00  
00  00  DE  00  19  1B  8D  05  00  00  00  00  00  00  00  08  00  00  00  01  00  00  00  6D  33  
10  00  03  00  00  00  E3  07  02  19  12  2A  02  00  01  00  12  00  6D  34  14  00  03  00  00  
00  B0  38  03  00  61  38  FF  FF  E5  3E  04  00  30  C8  07  00  6D  35  0C  00  03  00  00  34  
47  4E  00  00  3A  88  02  00  00  00  00  00  00  00  28  01  6D  15  14  00  02  01  00  00  03  
04  03  00  00  00  00  00  00  00  00  00  00  00  00  00  6D  16  10  00  03  00  00  00  E3  07  
02  19  12  2A  02  00  5A  00  00  00  6D  21  1C  00  03  00  00  00  FB  FD  FF  FF  C5  00  00  
00  9E  FF  FF  FF  02  00  00  00  EB  FF  FF  FF  3F  00  00  00  6D  22  10  00  03  00  00  00  
3A  FE  FF  FF  27  02  00  00  C3  06  00  00  6D  23  14  00  03  00  00  00  43  5D  AE  76  09  
C1  05  FD  F7  B6  08  03  15  39  5F  0A  6D  24  24  00  02  00  00  00  00  00  00  00  00  00  
00  00  00  00  00  00  00  00  00  00  00  00  00  00  00  00  00  00  00  00  00  00  00  00  00  
00  6D  31  20  00  03  00  00  00  92  9C  FF  FF  79  D4  FF  FF  72  EA  00  00  20  FF  07  00  
A2  3A  06  00  D7  57  70  FF  EB  61  07  00  6D  32  24  00  03  00  00  00  BE  7C  0B  00  B3  
08  CD  7B  01  00  00  00  DE  19  1B  8D  05  00  00  00  00  00  00  00  08  00  00  00  01  00  
00  00  6D  33  10  00  03  00  00  00  E3  07  02  19  12  2A  02  00  01  00  12  00  6D  34  14  
00  03  00  00  00  8A  44  03  00  0E  4F  FF  FF  EF  3E  04  00  30  C8  07  00  6D  35  0C  00  
03  00  00  00  26  8D  01  00  8C  12  07  00  41  53  63  F6  47  4E  00  00  3B  88  02  00  00  
00  00  00  00  00  28  01  6D  15  14  00  02  01  00  00  03  04  03  00  00  00  00  00  00  00  
00  00  00  00  00  00  6D  16  10  00  03  00  00  00  00  E3  07  02  19  12  2A  02  00  64  00  
00  00  6D  21  1C  00  03  00  00  00  B5  FF  FF  FF  19  00  00  00  D2  FF  FF  FF  FD  FF  FF  
FF  FB  FF  FF  FF  37  00  00  00  6D  22  10  00  03  00  00  00  3A  FE  FF  FF  27  02  00  00  
C3  00  06  00  00  6D  23  14  00  03  00  00  00  76  5E  AE  76  51  9E  05  FD  C5  BB  08  03  
FC  1F  5F  0A  6D  24  24  00  02  00  00  00  00  00  00  00  00  00  00  00  00  00  00  00  00  
00  00  00  00  00  00  00  00  00  00  00  00  00  00  00  00  00  00  00  00  6D  31  20  00  03  
00  00  00  10  49  00  00  66  91  FF  FF  B2  FE  00  00  74  EC  07  00  8F  79  06  00  3E  37  
70  FF  CD  61  07  00  6D  32  24  00  03  00  00  00  BE  7C  0B  00  B3  08  CD  7B  01  00  00  
00  DE  00  19  1B  8D  05  00  00  00  00  00  00  00  08  00  00  00  01  00  00  00  6D  33  10  
00  03  00  00  00  E3  07  02  19  12  2A  02  00  01  00  12  00  6D  34  14  00  03  00  00  00  
27  4C  03  00  62  4B  FF  FF  C6  46  04  00  12  CD  07  00  6D  35  0C  00  03  00  00  82  47  
4E  00  00  3C  88  02  00  00  00  00  00  00  00  28  01  6D  15  14  00  02  01  00  00  03  04  
03  00  00  00  00  00  00  00  00  00  00  00  00  00  6D  16  10  00  03  00  00  00  E3  07  02  
19  12  2A  02  00  6E  00  00  00  6D  21  1C  00  03  00  00  00  30  FF  FF  FF  87  FF  FF  FF  
B9  FF  FF  FF  E8  FF  FF  FF  FF  FF  FF  FF  45  00  00  00  6D  22  10  00  03  00  00  00  3A  
FE  FF  FF  26  02  00  00  C3  06  00  00  6D  23  14  00  03  00  00  00  F1  60  AE  76  0C  4C  
05  FD  E0  81  08  03  E8  FC  5E  0A  6D  24  24  00  02  00  00  00  00  00  00  00  00  00  00  
00  00  00  00  00  00  00  00  00  00  00  00  00  00  00  00  00  00  00  00  00  00  00  00  00  
6D  31  20  00  03  00  00  00  FB  14  00  00  30  58  FF  FF  BC  F4  00  00  82  9A  07  00  94  
89  06  00  3E  71  70  FF  D5  61  07  00  6D  32  24  00  03  00  00  00  BE  7C  0B  00  B3  08  
CD  7B  01  00  00  00  DE  19  1B  8D  05  00  00  00  00  00  00  00  08  00  00  00  01  00  00  
00  6D  33  10  00  03  00  00  00  E3  07  02  19  12  2A  02  00  01  00  12  00  6D  34  14  00  
03  00  00  00  26  57  03  00  AD  29  FF  FF  42  5E  04  00  B8  DB  07  00  6D  35  0C  00  03  
00  00  00  28  8D  01  00  8C  12  07  00  41  53  9C  06  47  4E  00  00  3D  88  02  00  00  00  
00  00  00  00  28  01  6D  15  14  00  02  01  00  00  03  04  03  00  00  00  00  00  00  00  00  
00  00  00  00  00  6D  16  10  00  03  00  00  00  00  E3  07  02  19  12  2A  02  00  78  00  00  
00  6D  21  1C  00  03  00  00  00  48  00  00  00  D7  FF  FF  FF  ED  FF  FF  FF  02  00  00  00  
FD  FF  FF  FF  4B  00  00  00  6D  22  10  00  03  00  00  00  3A  FE  FF  FF  26  02  00  00  C3  
00  06  00  00  6D  23  14  00  03  00  00  00  90  63  AE  76  33  64  05  FD  60  71  08  03  AC  
EA  5E  0A  6D  24  24  00  02  00  00  00  00  00  00  00  00  00  00  00  00  00  00  00  00  00  
00  00  00  00  00  00  00  00  00  00  00  00  00  00  00  00  00  00  00  6D  31  20  00  03  00  
00  00  90  82  00  00  9B  77  FF  FF  F8  08  01  00  BF  FE  07  00  F3  82  06  00  2B  86  70  
FF  C6  61  07  00  6D  32  24  00  03  00  00  00  BE  7C  0B  00  B3  08  CD  7B  01  00  00  00  
DE  00  19  1B  8D  05  00  00  00  00  00  00  00  08  00  00  00  01  00  00  00  6D  33  10  00  
03  00  00  00  E3  07  02  19  12  2A  02  00  01  00  12  00  6D  34  14  00  03  00  00  00  8D  
1A  03  00  39  65  FF  FF  90  1F  04  00  98  8D  07  00  6D  35  0C  00  03  00  00  DD  47  4E  
00  00  3E  88  02  00  00  00  00  00  00  00  28  01  6D  15  14  00  02  01  00  00  03  04  03  
00  00  00  00  00  00  00  00  00  00  00  00  00  6D  16  10  00  03  00  00  00  E3  07  02  19  
12  2A  02  00  82  00  00  00  6D  21  1C  00  03  00  00  00  4C  FE  FF  FF  B7  00  00  00  9F  
FF  FF  FF  F4  FF  FF  FF  13  00  00  00  5D  00  00  00  6D  22  10  00  03  00  00  00  39  FE  
FF  FF  27  02  00  00  C3  06  00  00  6D  23  14  00  03  00  00  00  B8  61  AE  76  37  AE  04  
FD  D9  A5  08  03  27  BC  5E  0A  6D  24  24  00  02  00  00  00  00  00  00  00  00  00  00  00  
00  00  00  00  00  00  00  00  00  00  00  00  00  00  00  00  00  00  00  00  00  00  00  00  6D  
31  20  00  03  00  00  00  0A  BC  FF  FF  4A  CF  FF  FF  5C  EA  00  00  DC  CA  07  00  C2  D6  
06  00  F4  CD  70  FF  91  61  07  00  6D  32  24  00  03  00  00  00  BE  7C  0B  00  B3  08  CD  
7B  01  00  00  00  DE  19  1B  8D  05  00  00  00  00  00  00  00  08  00  00  00  01  00  00  00  
6D  33  10  00  03  00  00  00  E3  07  02  19  12  2A  02  00  01  00  12  00  6D  34  14  00  03  
00  00  00  82  48  03  00  C6  65  FF  FF  94  4E  04  00  6E  11  08  00  6D  35  0C  00  03  00  
00  00  2B  8D  01  00  8C  12  07  00  41  53  FF  FB  47  4E  00  00  3F  88  02  00  00  00  00  
00  00  00  28  01  6D  15  14  00  02  01  00  00  03  04  03  00  00  00  00  00  00  00  00  00  
00  00  00  00  6D  16  10  00  03  00  00  00  00  E3  07  02  19  12  2A  02  00  8C  00  00  00  
6D  21  1C  00  03  00  00  00  65  FF  FF  FF  18  00  00  00  EF  FF  FF  FF  01  00  00  00  E6  
FF  FF  FF  2E  00  00  00  6D  22  10  00  03  00  00  00  39  FE  FF  FF  27  02  00  00  C3  00  
06  00  00  6D  23  14  00  03  00  00  00  5F  61  AE  76  79  6B  04  FD  3B  A7  08  03  82  AC  
5E  0A  6D  24  24  00  02  00  00  00  00  00  00  00  00  00  00  00  00  00  00  00  00  00  00  
00  00  00  00  00  00  00  00  00  00  00  00  00  00  00  00  00  00  6D  31  20  00  03  00  00  
00  D2  29  00  00  46  91  FF  FF  56  09  01  00  7F  FD  07  00  A0  2A  06  00  77  14  70  FF  
3F  61  07  00  6D  32  24  00  03  00  00  00  BE  7C  0B  00  B3  08  CD  7B  01  00  00  00  DE  
00  19  1B  8D  05  00  00  00  00  00  00  00  08  00  00  00  01  00  00  00  6D  33  10  00  03  
00  00  00  E3  07  02  19  12  2A  02  00  01  00  12  00  6D  34  14  00  03  00  00  00  A6  57  
03  00  19  53  FF  FF  58  5A  04  00  9C  33  08  00  6D  35  0C  00  03  00  00  47  47  4E  00  
00  40  88  02  00  AA  AA  AA  AA  00  00  28  01  6D  15  14  00  02  01  00  00  03  04  03  00  
00  00  00  00  00  00  00  00  00  00  00  00  6D  16  10  00  03  00  00  00  E3  07  02  19  12  
2A  02  00  96  00  00  00  6D  21  1C  00  03  00  00  00  AA  FE  FF  FF  74  00  00  00  6A  FF  
FF  FF  0C  00  00  00  E7  FF  FF  FF  37  00  00  00  6D  22  10  00  03  00  00  00  39  FE  FF  
FF  27  02  00  00  C2  06  00  00  6D  23  14  00  03  00  00  00  9B  62  AE  76  18  DD  03  FD  
55  C5  08  03  9B  6C  5E  0A  6D  24  24  00  02  00  00  00  00  00  00  00  00  00  00  00  00  
00  00  00  00  00  00  00  00  00  00  00  00  00  00  00  00  00  00  00  00  00  00  00  6D  31  
20  00  03  00  00  00  DE  E0  FF  FF  65  B5  FF  FF  62  D5  00  00  33  27  08  00  FD  2C  06  
00  55  37  70  FF  73  61  07  00  6D  32  24  00  03  00  00  00  BE  7C  0B  00  B3  08  CD  7B  
01  00  00  00  DE  19  1B  8D  05  00  00  00  00  00  00  00  08  00  00  00  01  00  00  00  6D  
33  10  00  03  00  00  00  E3  07  02  19  12  2A  02  00  01  00  12  00  6D  34  14  00  03  00  
00  00  1E  57  03  00  85  1A  FF  FF  A1  4E  04  00  50  16  08  00  6D  35  0C  00  03  00  00  
00  2B  8D  01  00  A5  12  07  00  41  53  0D  C0  47  4E  00  00  41  88  02  00  02  03  90  01  
00  00  28  01  6D  15  14  00  02  01  00  00  03  04  03  00  00  00  00  00  00  00  00  00  00  
00  00  00  6D  16  10  00  03  00  00  00  00  E3  07  02  19  12  2A  02  00  A0  00  00  00  6D  
21  1C  00  03  00  00  00  04  00  00  00  26  00  00  00  74  00  00  00  F9  FF  FF  FF  FA  FF  
FF  FF  26  00  00  00  6D  22  10  00  03  00  00  00  39  FE  FF  FF  27  02  00  00  C2  00  06  
00  00  6D  23  14  00  03  00  00  00  D9  5E  AE  76  C7  DA  03  FD  96  D3  08  03  C5  92  5E  
0A  6D  24  24  00  02  00  00  00  00  00  00  00  00  00  00  00  00  00  00  00  00  00  00  00  
00  00  00  00  00  00  00  00  00  00  00  00  00  00  00  00  00  6D  31  20  00  03  00  00  00  
FB  67  00  00  CD  96  FF  FF  2D  3D  01  00  C7  DE  07  00  83  79  06  00  42  F6  6F  FF  D5  
61  07  00  6D  32  24  00  03  00  00  00  BE  7C  0B  00  B3  08  CD  7B  01  00  00  00  DE  00  
19  1B  8D  05  00  00  00  00  00  00  00  08  00  00  00  01  00  00  00  6D  33  10  00  03  00  
00  00  E3  07  02  19  12  2A  02  00  01  00  12  00  6D  34  14  00  03  00  00  00  15  48  03  
00  2B  1A  FF  FF  BA  1F  04  00  7C  E5  07  00  6D  35  0C  00  03  00  00  32  47  4E  00  00  
42  88  02  00  04  00  01  00  00  00  28  01  6D  15  14  00  02  01  00  00  03  04  03  00  00  
00  00  00  00  00  00  00  00  00  00  00  6D  16  10  00  03  00  00  00  E3  07  02  19  12  2A  
02  00  AA  00  00  00  6D  21  1C  00  03  00  00  00  58  FF  FF  FF  32  00  00  00  FD  FF  FF  
FF  FC  FF  FF  FF  EB  FF  FF  FF  47  00  00  00  6D  22  10  00  03  00  00  00  39  FE  FF  FF  
27  02  00  00  C2  06  00  00  6D  23  14  00  03  00  00  00  3C  5D  AE  76  9F  94  03  FD  B3  
DF  08  03  85  8D  5E  0A  6D  24  24  00  02  00  00  00  00  00  00  00  00  00  00  00  00  00  
00  00  00  00  00  00  00  00  00  00  00  00  00  00  00  00  00  00  00  00  00  00  6D  31  20  
00  03  00  00  00  90  24  00  00  A0  9B  FF  FF  9B  0E  01  00  07  E8  07  00  94  3F  06  00  
EA  75  70  FF  19  61  07  00  6D  32  24  00  03  00  00  00  78  7C  0B  00  C5  08  CD  7B  01  
00  00  00  00  1A  1B  8D  05  00  00  00  06  00  00  00  01  00  00  00  01  00  00  00  6D  33  
10  00  03  00  00  00  E3  07  02  19  12  2A  02  00  01  00  12  00  6D  34  14  00  03  00  00  
00  C5  3C  03  00  10  3C  FF  FF  64  2B  04  00  7C  E5  07  00  6D  35  0C  00  03  00  00  00  
29  8D  01  00  8C  12  07  00  41  53  1A  DC  47  4E  00  00  43  88  02  00  C0  C6  2D  00  00  
00  28  01  6D  15  14  00  02  01  00  00  03  04  03  00  00  00  00  00  00  00  00  00  00  00  
00  00  6D  16  10  00  03  00  00  00  00  E3  07  02  19  12  2A  02  00  B4  00  00  00  6D  21  
1C  00  03  00  00  00  CF  00  00  00  74  00  00  00  4E  FF  FF  FF  F9  FF  FF  FF  0A  00  00  
00  1F  00  00  00  6D  22  10  00  03  00  00  00  39  FE  FF  FF  27  02  00  00  C2  00  06  00  
00  6D  23  14  00  03  00  00  00  AB  64  AE  76  72  DC  03  FD  85  10  09  03  CB  3E  5E  0A  
6D  24  24  00  02  00  00  00  00  00  00  00  00  00  00  00  00  00  00  00  00  00  00  00  00  
00  00  00  00  00  00  00  00  00  00  00  00  00  00  00  00  6D  31  20  00  03  00  00  00  35  
B7  00  00  D3  B5  FF  FF  DE  C9  00  00  E8  DE  07  00  B4  B8  06  00  91  DC  6F  FF  55  61  
07  00  6D  32  24  00  03  00  00  00  78  7C  0B  00  C5  08  CD  7B  01  00  00  00  00  00  1A  
1B  8D  05  00  00  00  06  00  00  00  01  00  00  00  01  00  00  00  6D  33  10  00  03  00  00  
00  E3  07  02  19  12  2A  02  00  01  00  12  00  6D  34  14  00  03  00  00  00  DD  3C  03  00  
63  47  FF  FF  4B  2F  04  00  D6  D6  07  00  6D  35  0C  00  03  00  00  3E  47  4E  00  00  44  
88  02  00  00  10  0E  00  00  00  28  01  6D  15  14  00  02  01  00  00  03  04  03  00  00  00  
00  00  00  00  00  00  00  00  00  00  6D  16  10  00  03  00  00  00  E3  07  02  19  12  2A  02  
00  BE  00  00  00  6D  21  1C  00  03  00  00  00  2D  00  00  00  C8  FF  FF  FF  5B  00  00  00  
F4  FF  FF  FF  F3  FF  FF  FF  41  00  00  00  6D  22  10  00  03  00  00  00  39  FE  FF  FF  27  
02  00  00  C2  06  00  00  6D  23  14  00  03  00  00  00  20  63  AE  76  A6  ED  03  FD  2E  FB  
08  03  A7  5B  5E  0A  6D  24  24  00  02  00  00  00  00  00  00  00  00  00  00  00  00  00  00  
00  00  00  00  00  00  00  00  00  00  00  00  00  00  00  00  00  00  00  00  00  6D  31  20  00  
03  00  00  00  B5  77  00  00  7E  72  FF  FF  C1  32  01  00  92  CB  07  00  51  5D  06  00  17  
61  70  FF  20  62  07  00  6D  32  24  00  03  00  00  00  78  7C  0B  00  C5  08  CD  7B  01  00  
00  00  00  1A  1B  8D  05  00  00  00  06  00  00  00  01  00  00  00  01  00  00  00  6D  33  10  
00  03  00  00  00  E3  07  02  19  12  2A  02  00  01  00  12  00  6D  34  14  00  03  00  00  00  
75  48  03  00  76  47  FF  FF  55  2F  04  00  E4  AA  07  00  6D  35  0C  00  03  00  00  00  22  
8D  01  00  A5  12  07  00  41  53  4B  04  47  4E  00  00  45  88  02  00  01  00  00  01  00  00  
28  01  6D  15  14  00  02  01  00  00  03  04  03  00  00  00  00  00  00  00  00  00  00  00  00  
00  6D  16  10  00  03  00  00  00  00  E3  07  02  19  12  2A  02  00  C8  00  00  00  6D  21  1C  
00  03  00  00  00  61  01  00  00  51  FF  FF  FF  3F  00  00  00  F6  FF  FF  FF  FC  FF  FF  FF  
4E  00  00  00  6D  22  10  00  03  00  00  00  39  FE  FF  FF  27  02  00  00  C2  00  06  00  00  
6D  23  14  00  03  00  00  00  D3  66  AE  76  8A  7A  04  FD  51  C1  08  03  D5  6A  5E  0A  6D  
24  24  00  02  00  00  00  00  00  00  00  00  00  00  00  00  00  00  00  00  00  00  00  00  00  
00  00  00  00  00  00  00  00  00  00  00  00  00  00  00  6D  31  20  00  03  00  00  00  0D  F0  
00  00  14  44  FF  FF  E1  27  01  00  20  D2  07  00  35  80  06  00  22  94  70  FF  4C  62  07  
00  6D  32  24  00  03  00  00  00  78  7C  0B  00  C5  08  CD  7B  01  00  00  00  00  00  1A  1B  
8D  05  00  00  00  06  00  00  00  01  00  00  00  01  00  00  00  6D  33  10  00  03  00  00  00  
E3  07  02  19  12  2A  02  00  01  00  12  00  6D  34  14  00  03  00  00  00  84  38  03  00  4F  
29  FF  FF  E5  3E  04  00  04  F9  07  00  6D  35  0C  00  03  00  00  83  47  4E  00  00  46  88  
02  00  30  0F  1F  00  00  00  28  01  6D  15  14  00  02  01  00  00  03  04  03  00  00  00  00  
00  00  00  00  00  00  00  00  00  6D  16  10  00  03  00  00  00  E3  07  02  19  12  2A  02  00  
D2  00  00  00  6D  21  1C  00  03  00  00  00  2F  FF  FF  FF  3E  00  00  00  F1  FF  FF  FF  FF  
FF  FF  FF  0A  00  00  00  32  00  00  00  6D  22  10  00  03  00  00  00  39  FE  FF  FF  27  02  
00  00  C2  06  00  00  6D  23  14  00  03  00  00  00  48  65  AE  76  DE  23  04  FD  1B  D0  08  
03  34  5F  5E  0A  6D  24  24  00  02  00  00  00  00  00  00  00  00  00  00  00  00  00  00  00  
00  00  00  00  00  00  00  00  00  00  00  00  00  00  00  00  00  00  00  00  6D  31  20  00  03  
00  00  00  85  14  00  00  FB  A0  FF  FF  54  09  01  00  FD  F2  07  00  E2  B5  06  00  03  27  
70  FF  88  62  07  00  6D  32  24  00  03  00  00  00  78  7C  0B  00  C5  08  CD  7B  01  00  00  
00  00  1A  1B  8D  05  00  00  00  06  00  00  00  01  00  00  00  01  00  00  00  6D  33  10  00  
03  00  00  00  E3  07  02  19  12  2A  02  00  01  00  12  00  6D  34  14  00  03  00  00  00  E7  
38  03  00  37  4B  FF  FF  E5  3E  04  00  04  F9  07  00  6D  35  0C  00  03  00  00  00  24  8D  
01  00  5A  12  07  00  41  53  3F  9D  47  4E  00  00  47  88  02  00  00  00  00  00  00  00  28  
01  6D  15  14  00  02  01  00  00  03  04  03  00  00  00  00  00  00  00  00  00  00  00  00  00  
6D  16  10  00  03  00  00  00  00  E3  07  02  19  12  2A  02  00  DC  00  00  00  6D  21  1C  00  
03  00  00  00  6E  01  00  00  C8  FF  FF  FF  25  00  00  00  0A  00  00  00  E4  FF  FF  FF  3B  
00  00  00  6D  22  10  00  03  00  00  00  39  FE  FF  FF  27  02  00  00  C2  00  06  00  00  6D  
23  14  00  03  00  00  00  B2  68  AE  76  EB  B1  04  FD  33  C5  08  03  34  64  5E  0A  6D  24  
24  00  02  00  00  00  00  00  00  00  00  00  00  00  00  00  00  00  00  00  00  00  00  00  00  
00  00  00  00  00  00  00  00  00  00  00  00  00  00  6D  31  20  00  03  00  00  00  59  F5  00  
00  BF  72  FF  FF  3E  1D  01  00  EB  1F  08  00  12  21  06  00  AC  47  70  FF  02  62  07  00  
6D  32  24  00  03  00  00  00  78  7C  0B  00  C5  08  CD  7B  01  00  00  00  00  00  1A  1B  8D  
05  00  00  00  06  00  00  00  01  00  00  00  01  00  00  00  6D  33  10  00  03  00  00  00  E3  
07  02  19  12  2A  02  00  01  00  12  00  6D  34  14  00  03  00  00  00  55  4C  03  00  DA  52  
FF  FF  0E  3B  04  00  04  F9  07  00  6D  35  0C  00  03  00  00  73  47  4E  00  00  48  88  02  
00  03  00  00  00  00  00  28  01  6D  15  14  00  02  01  00  00  03  04  03  00  00  00  00  00  
00  00  00  00  00  00  00  00  6D  16  10  00  03  00  00  00  E3  07  02  19  12  2A  02  00  E6  
00  00  00  6D  21  1C  00  03  00  00  00  E0  FD  FF  FF  23  00  00  00  44  00  00  00  FA  FF  
FF  FF  03  00  00  00  5D  00  00  00  6D  22  10  00  03  00  00  00  39  FE  FF  FF  27  02  00  
00  C2  06  00  00  6D  23  14  00  03  00  00  00  4C  61  AE  76  9F  DB  03  FD  D1  BE  08  03  
10  7D  5E  0A  6D  24  24  00  02  00  00  00  00  00  00  00  00  00  00  00  00  00  00  00  00  
00  00  00  00  00  00  00  00  00  00  00  00  00  00  00  00  00  00  00  6D  31  20  00  03  00  
00  00  DF  91  FF  FF  4D  96  FF  FF  60  29  01  00  55  E2  07  00  23  9A  06  00  C0  CB  70  
FF  C6  61  07  00  6D  32  24  00  03  00  00  00  78  7C  0B  00  C5  08  CD  7B  01  00  00  00  
00  1A  1B  8D  05  00  00  00  06  00  00  00  01  00  00  00  01  00  00  00  6D  33  10  00  03  
00  00  00  E3  07  02  19  12  2A  02  00  01  00  12  00  6D  34  14  00  03  00  00  00  3C  86  
03  00  DA  47  FF  FF  8B  2F  04  00  04  F9  07  00  6D  35  0C  00  03  00  00  00  26  8D  01  
00  BE  12  07  00  41  53  60  12  47  4E  00  00  49  88  02  00  00  00  12  00  00  00  28  01  
6D  15  14  00  02  01  00  00  03  04  03  00  00  00  00  00  00  00  00  00  00  00  00  00  6D  
16  10  00  03  00  00  00  00  E3  07  02  19  12  2A  02  00  F0  00  00  00  6D  21  1C  00  03  
00  00  00  ED  FD  FF  FF  8D  00  00  00  36  00  00  00  FB  FF  FF  FF  F9  FF  FF  FF  47  00  
00  00  6D  22  10  00  03  00  00  00  38  FE  FF  FF  27  02  00  00  C2  00  06  00  00  6D  23  
14  00  03  00  00  00  3D  59  AE  76  21  06  03  FD  C4  E2  08  03  52  91  5E  0A  6D  24  24  
00  02  00  00  00  00  00  00  00  00  00  00  00  00  00  00  00  00  00  00  00  00  00  00  00  
00  00  00  00  00  00  00  00  00  00  00  00  00  6D  31  20  00  03  00  00  00  E5  96  FF  FF  
D7  BF  FF  FF  F8  23  01  00  F9  E4  07  00  FC  76  06  00  FE  75  70  FF  3E  62  07  00  6D  
32  24  00  03  00  00  00  78  7C  0B  00  C5  08  CD  7B  01  00  00  00  00  00  1A  1B  8D  05  
00  00  00  06  00  00  00  01  00  00  00  01  00  00  00  6D  33  10  00  03  00  00  00  E3  07  
02  19  12  2A  02  00  01  00  12  00  6D  34  14  00  03  00  00  00  26  57  03  00  AD  29  FF  
FF  42  5E  04  00  04  F9  07  00  6D  35  0C  00  03  00  00  3D  47  4E  00  00  4A  88  02  00  
00  00  00  00  00  00  28  01  6D  15  14  00  02  01  00  00  03  04  03  00  00  00  00  00  00  
00  00  00  00  00  00  00  6D  16  10  00  03  00  00  00  E3  07  02  19  12  2A  02  00  FA  00  
00  00  6D  21  1C  00  03  00  00  00  EC  FE  FF  FF  69  FF  FF  FF  5E  00  00  00  E7  FF  FF  
FF  FA  FF  FF  FF  31  00  00  00  6D  22  10  00  03  00  00  00  38  FE  FF  FF  27  02  00  00  
C3  06  00  00  6D  23  14  00  03  00  00  00  5A  55  AE  76  53  9E  02  FD  B0  9D  08  03  16  
B4  5E  0A  6D  24  24  00  02  00  00  00  00  00  00  00  00  00  00  00  00  00  00  00  00  00  
00  00  00  00  00  00  00  00  00  00  00  00  00  00  00  00  00  00  6D  31  20  00  03  00  00  
00  71  FA  FF  FF  E1  4D  FF  FF  88  33  01  00  44  96  07  00  99  7B  06  00  59  22  70  FF  
CD  61  07  00  6D  32  24  00  03  00  00  00  78  7C  0B  00  C5  08  CD  7B  01  00  00  00  00  
1A  1B  8D  05  00  00  00  06  00  00  00  01  00  00  00  01  00  00  00  6D  33  10  00  03  00  
00  00  E3  07  02  19  12  2A  02  00  01  00  12  00  6D  34  14  00  03  00  00  00  B7  4F  03  
00  08  31  FF  FF  CB  46  04  00  12  CD  07  00  6D  35  0C  00  03  00  00  00  25  8D  01  00  
73  12  07  00  41  53  AC  E5  47  4E  00  00  4B  88  02  00  00  00  00  00  00  00  28  01  6D  
15  14  00  02  01  00  00  03  04  03  00  00  00  00  00  00  00  00  00  00  00  00  00  6D  16  
10  00  03  00  00  00  00  E3  07  02  19  12  2A  02  00  04  01  00  00  6D  21  1C  00  03  00  
00  00  A3  01  00  00  D4  FF  FF  FF  FB  00  00  00  EA  FF  FF  FF  03  00  00  00  15  00  00  
00  6D  22  10  00  03  00  00  00  38  FE  FF  FF  27  02  00  00  C3  00  06  00  00  6D  23  14  
00  03  00  00  00  2A  52  AE  76  AA  42  03  FD  9E  9A  08  03  CD  08  5F  0A  6D  24  24  00  
02  00  00  00  00  00  00  00  00  00  00  00  00  00  00  00  00  00  00  00  00  00  00  00  00  
00  00  00  00  00  00  00  00  00  00  00  00  6D  31  20  00  03  00  00  00  AD  09  01  00  14  
78  FF  FF  B4  70  01  00  4C  A2  07  00  96  9E  06  00  E2  B2  6F  FF  EB  61  07  00  6D  32  
24  00  03  00  00  00  78  7C  0B  00  C5  08  CD  7B  01  00  00  00  00  00  1A  1B  8D  05  00  
00  00  06  00  00  00  01  00  00  00  01  00  00  00  6D  33  10  00  03  00  00  00  E3  07  02  
19  12  2A  02  00  01  00  12  00  6D  34  14  00  03  00  00  00  2E  48  03  00  74  38  FF  FF  
0D  3B  04  00  D6  D6  07  00  6D  35  0C  00  03  00  00  FF  47  4E  00  00  4C  88  02  00  00  
00  00  00  00  00  28  01  6D  15  14  00  02  01  00  00  03  04  03  00  00  00  00  00  00  00  
00  00  00  00  00  00  6D  16  10  00  03  00  00  00  E3  07  02  19  12  2A  02  00  0E  01  00  
00  6D  21  1C  00  03  00  00  00  65  FF  FF  FF  AB  FF  FF  FF  1A  00  00  00  06  00  00  00  
02  00  00  00  43  00  00  00  6D  22  10  00  03  00  00  00  38  FE  FF  FF  26  02  00  00  C3  
06  00  00  6D  23  14  00  03  00  00  00  4E  51  AE  76  15  07  03  FD  11  72  08  03  5C  0D  
5F  0A  6D  24  24  00  02  00  00  00  00  00  00  00  00  00  00  00  00  00  00  00  00  00  00  
00  00  00  00  00  00  00  00  00  00  00  00  00  00  00  00  00  6D  31  20  00  03  00  00  00  
88  29  00  00  EF  67  FF  FF  20  19  01  00  4E  11  08  00  2B  9A  06  00  FC  67  70  FF  18  
62  07  00  6D  32  24  00  03  00  00  00  9C  7B  0B  00  B3  08  CD  7B  01  00  00  00  46  1A  
1B  8D  05  00  00  00  FE  FF  FF  FF  08  00  00  00  01  00  00  00  6D  33  10  00  03  00  00  
00  E3  07  02  19  12  2A  02  00  01  00  12  00  6D  34  14  00  03  00  00  00  DE  47  03  00  
A6  38  FF  FF  33  5E  04  00  F8  77  08  00  6D  35  0C  00  03  00  00  00  29  8D  01  00  8C  
12  07  00  41  53  30  27  47  4E  00  00  4D  88  02  00  00  00  00  00  00  00  28  01  6D  15  
14  00  02  01  00  00  03  04  03  00  00  00  00  00  00  00  00  00  00  00  00  00  6D  16  10  
00  03  00  00  00  00  E3  07  02  19  12  2A  02  00  18  01  00  00  6D  21  1C  00  03  00  00  
00  39  01  00  00  73  00  00  00  4C  00  00  00  F6  FF  FF  FF  FA  FF  FF  FF  43  00  00  00  
6D  22  10  00  03  00  00  00  39  FE  FF  FF  27  02  00  00  C3  00  06  00  00  6D  23  14  00  
03  00  00  00  55  51  AE  76  57  7B  03  FD  A7  A7  08  03  DB  1E  5F  0A  6D  24  24  00  02  
00  00  00  00  00  00  00  00  00  00  00  00  00  00  00  00  00  00  00  00  00  00  00  00  00  
00  00  00  00  00  00  00  00  00  00  00  6D  31  20  00  03  00  00  00  7C  E0  00  00  05  B6  
FF  FF  E0  2C  01  00  F5  D2  07  00  2C  7C  06  00  E4  67  70  FF  FC  60  07  00  6D  32  24  
00  03  00  00  00  9C  7B  0B  00  B3  08  CD  7B  01  00  00  00  46  00  1A  1B  8D  05  00  00  
00  FE  FF  FF  FF  08  00  00  00  01  00  00  00  6D  33  10  00  03  00  00  00  E3  07  02  19  
12  2A  02  00  01  00  12  00  6D  34  14  00  03  00  00  00  22  58  03  00  F0  74  FF  FF  9E  
4E  04  00  7C  E5  07  00  6D  35  0C  00  03  00  00  3A  47  4E  00  00  4E  88  02  00  00  00  
00  00  00  00  28  01  6D  15  14  00  02  01  00  00  03  04  03  00  00  00  00  00  00  00  00  
00  00  00  00  00  6D  16  10  00  03  00  00  00  E3  07  02  19  12  2A  02  00  22  01  00  00  
6D  21  1C  00  03  00  00  00  D1  FF  FF  FF  08  00  00  00  78  FF  FF  FF  F2  FF  FF  FF  08  
00  00  00  35  00  00  00  6D  22  10  00  03  00  00  00  39  FE  FF  FF  27  02  00  00  C3  06  
00  00  6D  23  14  00  03  00  00  00  59  56  AE  76  B5  64  03  FD  6C  A4  08  03  E2  DF  5E  
0A  6D  24  24  00  02  00  00  00  00  00  00  00  00  00  00  00  00  00  00  00  00  00  00  00  
00  00  00  00  00  00  00  00  00  00  00  00  00  00  00  00  6D  31  20  00  03  00  00  00  C5  
53  00  00  29  8C  FF  FF  27  DA  00  00  51  C2  07  00  0A  AF  06  00  82  32  70  FF  CD  61  
07  00  6D  32  24  00  03  00  00  00  9C  7B  0B  00  B3  08  CD  7B  01  00  00  00  46  1A  1B  
8D  05  00  00  00  FE  FF  FF  FF  08  00  00  00  01  00  00  00  6D  33  10  00  03  00  00  00  
E3  07  02  19  12  2A  02  00  01  00  12  00  6D  34  14  00  03  00  00  00  99  57  03  00  94  
38  FF  FF  01  3F  04  00  F4  D1  07  00  6D  35  0C  00  03  00  00  00  2C  8D  01  00  BE  12  
07  00  41  53  D0  7B  47  4E  00  00  4F  88  02  00  01  01  00  00  00  00  28  01  6D  15  14  
00  02  01  00  00  03  04  03  00  00  00  00  00  00  00  00  00  00  00  00  00  6D  16  10  00  
03  00  00  00  00  E3  07  02  19  12  2A  02  00  2C  01  00  00  6D  21  1C  00  03  00  00  00  
FD  FD  FF  FF  56  00  00  00  1C  FF  FF  FF  03  00  00  00  19  00  00  00  4D  00  00  00  6D  
22  10  00  03  00  00  00  38  FE  FF  FF  27  02  00  00  C2  00  06  00  00  6D  23  14  00  03  
00  00  00  E2  58  AE  76  ED  93  02  FD  E5  AF  08  03  54  83  5E  0A  6D  24  24  00  02  00  
00  00  00  00  00  00  00  00  00  00  00  00  00  00  00  00  00  00  00  00  00  00  00  00  00  
00  00  00  00  00  00  00  00  00  00  6D  31  20  00  03  00  00  00  E1  9C  FF  FF  EF  AA  FF  
FF  58  B6  00  00  BB  02  08  00  A1  F2  06  00  02  8D  70  FF  45  62  07  00  6D  32  24  00  
03  00  00  00  9C  7B  0B  00  B3  08  CD  7B  01  00  00  00  46  00  1A  1B  8D  05  00  00  00  
FE  FF  FF  FF  08  00  00  00  01  00  00  00  6D  33  10  00  03  00  00  00  E3  07  02  19  12  
2A  02  00  01  00  12  00  6D  34  14  00  03  00  00  00  96  4B  03  00  A7  03  FF  FF  72  2B  
04  00  6C  BE  07  00  6D  35  0C  00  03  00  00  11  47  4E  00  00  50  88  02  00  00  00  00  
00  00  00  28  01  6D  15  14  00  02  01  00  00  03  04  03  00  00  00  00  00  00  00  00  00  
00  00  00  00  6D  16  10  00  03  00  00  00  E3  07  02  19  12  2A  02  00  36  01  00  00  6D  
21  1C  00  03  00  00  00  C4  FF  FF  FF  33  FF  FF  FF  6B  FF  FF  FF  F2  FF  FF  FF  F6  FF  
FF  FF  5B  00  00  00  6D  22  10  00  03  00  00  00  38  FE  FF  FF  26  02  00  00  C2  06  00  
00  6D  23  14  00  03  00  00  00  2D  60  AE  76  7E  7E  02  FD  FB  59  08  03  D4  42  5E  0A  
6D  24  24  00  02  00  00  00  00  00  00  00  00  00  00  00  00  00  00  00  00  00  00  00  00  
00  00  00  00  00  00  00  00  00  00  00  00  00  00  00  6D  31  20  00  03  00  00  00  C5  4E  
00  00  1D  39  FF  FF  3B  D5  00  00  EC  C1  07  00  6D  6B  06  00  D2  C4  70  FF  AF  61  07  
00  6D  32  24  00  03  00  00  00  9C  7B  0B  00  B3  08  CD  7B  01  00  00  00  46  1A  1B  8D  
05  00  00  00  FE  FF  FF  FF  08  00  00  00  01  00  00  00  6D  33  10  00  03  00  00  00  E3  
07  02  19  12  2A  02  00  01  00  12  00  6D  34  14  00  03  00  00  00  27  29  03  00  F8  19  
FF  FF  9F  1F  04  00  6C  BE  07  00  6D  35  0C  00  03  00  00  00  24  8D  01  00  41  12  07  
00  41  53  4A  56  47  4E  00  00  51  88  02  00  00  00  00  00  00  00  28  01  6D  15  14  00  
02  01  00  00  03  04  03  00  00  00  00  00  00  00  00  00  00  00  00  00  6D  16  10  00  03  
00  00  00  00  E3  07  02  19  12  2A  02  00  40  01  00  00  6D  21  1C  00  03  00  00  00  8B  
00  00  00  F7  00  00  00  17  00  00  00  FD  FF  FF  FF  FD  FF  FF  FF  53  00  00  00  6D  22  
10  00  03  00  00  00  38  FE  FF  FF  27  02  00  00  C2  00  06  00  00  6D  23  14  00  03  00  
00  00  34  5F  AE  76  AC  A8  02  FD  01  BC  08  03  6B  3D  5E  0A  6D  24  24  00  02  00  00  
00  00  00  00  00  00  00  00  00  00  00  00  00  00  00  00  00  00  00  00  00  00  00  00  00  
00  00  00  00  00  00  00  00  00  6D  31  20  00  03  00  00  00  42  9C  00  00  D9  E9  FF  FF  
13  18  01  00  13  EE  07  00  61  87  06  00  B2  A6  70  FF  27  62  07  00  6D  32  24  00  03  
00  00  00  9C  7B  0B  00  B3  08  CD  7B  01  00  00  00  46  00  1A  1B  8D  05  00  00  00  FE  
FF  FF  FF  08  00  00  00  01  00  00  00  6D  33  10  00  03  00  00  00  E3  07  02  19  12  2A  
02  00  01  00  12  00  6D  34  14  00  03  00  00  00  B8  19  03  00  06  29  FF  FF  2D  2F  04  
00  D4  83  07  00  6D  35  0C  00  03  00  00  B7  47  4E  00  00  52  88  02  00  00  00  00  00  
00  00  28  01  6D  15  14  00  02  01  00  00  03  04  03  00  00  00  00  00  00  00  00  00  00  
00  00  00  6D  16  10  00  03  00  00  00  E3  07  02  19  12  2A  02  00  4A  01  00  00  6D  21  
1C  00  03  00  00  00  3F  FE  FF  FF  8B  00  00  00  CA  FF  FF  FF  EE  FF  FF  FF  FD  FF  FF  
FF  76  00  00  00  6D  22  10  00  03  00  00  00  38  FE  FF  FF  27  02  00  00  C2  06  00  00  
6D  23  14  00  03  00  00  00  2D  5C  AE  76  D7  F0  01  FD  4D  DF  08  03  B5  20  5E  0A  6D  
24  24  00  02  00  00  00  00  00  00  00  00  00  00  00  00  00  00  00  00  00  00  00  00  00  
00  00  00  00  00  00  00  00  00  00  00  00  00  00  6D  31  20  00  03  00  00  00  AD  B6  FF  
FF  C7  BF  FF  FF  13  FA  00  00  4E  B3  07  00  53  87  06  00  42  2D  71  FF  BE  61  07  00  
6D  32  24  00  03  00  00  00  9C  7B  0B  00  B3  08  CD  7B  01  00  00  00  46  1A  1B  8D  05  
00  00  00  FE  FF  FF  FF  08  00  00  00  01  00  00  00  6D  33  10  00  03  00  00  00  E3  07  
02  19  12  2A  02  00  01  00  12  00  6D  34  14  00  03  00  00  00  00  31  03  00  B5  30  FF  
FF  41  2F  04  00  12  CD  07  00  6D  35  0C  00  03  00  00  00  2A  8D  01  00  8C  12  07  00  
41  53  AF  8C  47  4E  00  00  53  88  02  00  00  00  00  00  00  00  28  01  6D  15  14  00  02  
01  00  00  03  04  03  00  00  00  00  00  00  00  00  00  00  00  00  00  6D  16  10  00  03  00  
00  00  00  E3  07  02  19  12  2A  02  00  54  01  00  00  6D  21  1C  00  03  00  00  00  2E  00  
00  00  22  00  00  00  E3  FF  FF  FF  02  00  00  00  10  00  00  00  42  00  00  00  6D  22  10  
00  03  00  00  00  38  FE  FF  FF  27  02  00  00  C2  00  06  00  00  6D  23  14  00  03  00  00  
00  32  5E  AE  76  CB  FC  01  FD  B6  EA  08  03  B8  09  5E  0A  6D  24  24  00  02  00  00  00  
00  00  00  00  00  00  00  00  00  00  00  00  00  00  00  00  00  00  00  00  00  00  00  00  00  
00  00  00  00  00  00  00  00  6D  31  20  00  03  00  00  00  25  78  00  00  A9  96  FF  FF  B4  
03  01  00  17  01  08  00  B9  D4  06  00  2D  63  70  FF  6C  61  07  00  6D  32  24  00  03  00  
00  00  9C  7B  0B  00  B3  08  CD  7B  01  00  00  00  46  00  1A  1B  8D  05  00  00  00  FE  FF  
FF  FF  08  00  00  00  01  00  00  00  6D  33  10  00  03  00  00  00  E3  07  02  19  12  2A  02  
00  01  00  12  00  6D  34  14  00  03  00  00  00  61  44  03  00  99  34  FF  FF  52  2F  04  00  
40  EF  07  00  00  6D  35  0C  00  03  00  00  59  47  4E  00  00  54  88  02  00  00  00  00  00  
00  00  28  01  6D  15  14  00  02  01  00  00  03  04  03  00  00  00  00  00  00  00  00  00  00  
00  00  00  6D  16  10  00  03  00  00  00  E3  07  02  19  12  00  2A  02  00  5E  01  00  00  6D  
21  1C  00  03  00  00  00  63  00  00  00  90  FF  FF  FF  FE  FF  FF  FF  F0  FF  FF  FF  DC  FF  
FF  FF  3B  00  00  00  6D  22  10  00  03  00  00  00  38  FE  FF  FF  27  02  00  00  C2  06  00  
00  6D  23  14  00  00  03  00  00  00  30  61  AE  76  61  23  02  FD  92  BF  08  03  3E  FF  5D  
0A  6D  24  24  00  02  00  00  00  00  00  00  00  00  00  00  00  00  00  00  00  00  00  00  00  
00  00  00  00  00  00  00  00  00  00  00  00  00  00  00  00  6D  00  31  20  00  03  00  00  00  
F0  8C  00  00  BE  5D  FF  FF  31  0E  01  00  B6  BB  07  00  11  07  06  00  B0  47  70  FF  02  
62  07  00  6D  32  24  00  03  00  00  00  9C  7B  0B  00  B3  08  CD  7B  01  00  00  00  46  1A  
1B  8D  05  00  00  00  FE  FF  FF  FF  08  00  00  DD  47  4E  00  00  69  88  02  00  D6  BF  21  
00  00  00  28  01  6D  15  14  00  02  01  00  00  03  04  03  00  00  00  00  00  00  00  00  00  
00  00  00  00  6D  16  10  00  03  00  00  00  E3  07  02  19  12  2A  02  00  30  02  00  00  6D  
21  1C  00  03  00  00  00  10  02  00  00  9A  00  00  00  07  01  00  00  EF  FF  FF  FF  02  00  
00  00  3D  00  00  00  6D  22  10  00  03  00  00  00  39  FE  FF  FF  26  02  00  00  C2  06  00  
00  6D  23  14  00  03  00  00  00  39  76  AE  76  B4  92  03  FD  61  75  08  03  06  8E  5D  0A  
6D  24  24  00  02  00  00  00  00  00  00  00  00  00  00  00  00  00  00  00  00  00  00  00  00  
00  00  00  00  00  00  00  00  00  00  00  00  00  00  00  6D  31  20  00  03  00  00  00  50  33  
01  00  05  C6  FF  FF  6F  75  01  00  8B  B6  07  00  9B  97  06  00  6E  4E  70  FF  F3  61  07  
00  6D  32  24  00  03  00  00  00  6C  79  0B  00  B3  08  CD  7B  01  00  00  00  8C  1A  1B  8D  
05  00  00  00  FB  FF  FF  FF  00  00  00  00  02  00  00  00  6D  33  10  00  03  00  00  00  E3  
07  02  19  12  2A  02  00  01  00  12  00  6D  34  14  00  03  00  00  00  B9  53  03  00  F0  43  
FF  FF  9C  4E  04  00  C8  02  08  00  6D  35  0C  00  03  00  00  00  00  26  8D  01  00  BE  12  
07  00  41  53  3C  5C  47  4E  00  00  6A  88  02  00  CE  20  00  00  00  00  28  01  6D  15  14  
00  02  01  00  00  03  04  03  00  00  00  00  00  00  00  00  00  00  00  00  00  6D  16  10  00  
03  00  00  00  00  E3  07  02  19  12  2A  02  00  3A  02  00  00  6D  21  1C  00  03  00  00  00  
B2  02  00  00  D3  FF  FF  FF  8F  00  00  00  F1  FF  FF  FF  15  00  00  00  4C  00  00  00  6D  
22  10  00  03  00  00  00  39  FE  FF  FF  26  02  00  00  C2  00  06  00  00  6D  23  14  00  03  
00  00  00  B0  79  AE  76  22  9E  04  FD  B5  78  08  03  5C  B2  5D  0A  6D  24  24  00  02  00  
00  00  00  00  00  00  00  00  00  00  00  00  00  00  00  00  00  00  00  00  00  00  00  00  00  
00  00  00  00  00  00  00  00  00  00  6D  31  20  00  03  00  00  00  90  72  01  00  3F  78  FF  
FF  6A  46  01  00  16  BD  07  00  4D  E2  06  00  A2  8A  70  FF  BE  61  07  00  6D  32  24  00  
03  00  00  00  62  79  0B  00  B3  08  CD  7B  01  00  00  00  E3  1A  1B  8D  05  00  00  00  FF  
56  47  4E  00  00  6B  88  02  00  00  00  00  00  00  00  28  01  6D  15  14  00  02  01  00  00  
03  04  03  00  00  00  00  00  00  00  00  00  00  00  00  00  6D  16  10  00  03  00  00  00  E3  
07  02  19  12  2A  02  00  44  02  00  00  6D  21  1C  00  03  00  00  00  C1  01  00  00  18  FF  
FF  FF  AB  00  00  00  F7  FF  FF  FF  FB  FF  FF  FF  53  00  00  00  6D  22  10  00  03  00  00  
00  3A  FE  FF  FF  26  02  00  00  C2  06  00  00  6D  23  14  00  03  00  00  00  AD  7B  AE  76  
07  52  05  FD  B8  2B  08  03  D2  E5  5D  0A  6D  24  24  00  02  00  00  00  00  00  00  00  00  
00  00  00  00  00  00  00  00  00  00  00  00  00  00  00  00  00  00  00  00  00  00  00  00  00  
00  00  6D  31  20  00  03  00  00  00  82  14  01  00  69  2F  FF  FF  8A  51  01  00  43  D2  07  
00  6A  79  06  00  AD  A6  70  FF  DC  61  07  00  6D  32  24  00  03  00  00  00  62  79  0B  00  
B3  08  CD  7B  01  00  00  00  E3  1A  1B  8D  05  00  00  00  FF  FF  FF  FF  04  00  00  00  02  
00  00  00  6D  33  10  00  03  00  00  00  E3  07  02  19  12  2A  02  00  01  00  12  00  6D  34  
14  00  03  00  00  00  79  5F  03  00  54  3C  FF  FF  51  33  04  00  30  C8  07  00  6D  35  0C  
00  03  00  00  00  00  24  8D  01  00  8C  12  07  00  41  53  41  BB  47  4E  00  00  6C  88  02  
00  00  00  00  00  00  00  28  01  6D  15  14  00  02  01  00  00  03  04  03  00  00  00  00  00  
00  00  00  00  00  00  00  00  6D  16  10  00  03  00  00  00  E3  07  02  19  12  2A  02  00  4E  
02  00  00  6D  21  1C  00  03  00  00  00  0C  FE  FF  FF  55  00  00  00  CB  FF  FF  FF  F4  FF  
FF  FF  FD  FF  FF  FF  47  00  00  00  6D  22  10  00  03  00  00  00  39  FE  FF  FF  26  02  00  
00  C2  06  00  00  6D  23  14  00  03  00  00  00  FA  78  AE  76  F3  87  04  FD  EF  36  08  03  
59  C7  5D  0A  6D  24  24  00  02  00  00  00  00  00  00  00  00  00  00  00  00  00  00  00  00  
00  00  00  00  00  00  00  00  00  00  00  00  00  00  00  00  00  00  00  6D  31  20  00  03  00  
00  00  D7  A1  FF  FF  F8  AA  FF  FF  42  FA  00  00  3B  C9  07  00  7C  80  06  00  35  78  70  
FF  A8  61  07  00  6D  32  24  00  03  00  00  00  62  79  0B  00  B3  08  CD  7B  01  00  00  00  
E3  1A  1B  8D  05  00  00  00  FF  6D  35  0C  00  03  00  00  00  27  8D  01  00  BE  12  07  00  
41  53  29  6F  47  4E  00  00  6D  88  02  00  00  00  00  00  00  00  28  01  6D  15  14  00  02  
01  00  00  03  04  03  00  00  00  00  00  00  00  00  00  00  00  00  00  6D  16  10  00  03  00  
00  00  E3  07  02  19  12  2A  02  00  58  02  00  00  6D  21  1C  00  03  00  00  00  31  FF  FF  
FF  A5  00  00  00  42  00  00  00  FD  FF  FF  FF  06  00  00  00  3C  00  00  00  6D  22  10  00  
03  00  00  00  39  FE  FF  FF  26  02  00  00  C2  06  00  00  6D  23  14  00  03  00  00  00  68  
74  AE  76  01  2E  04  FD  68  6C  08  03  29  D2  5D  0A  6D  24  24  00  02  00  00  00  00  00  
00  00  00  00  00  00  00  00  00  00  00  00  00  00  00  00  00  00  00  00  00  00  00  00  00  
00  00  00  00  00  6D  31  20  00  03  00  00  00  6A  14  00  00  6E  CA  FF  FF  93  28  01  00  
E8  E9  07  00  DD  A5  06  00  10  4C  70  FF  BE  61  07  00  6D  32  24  00  03  00  00  00  62  
79  0B  00  B3  08  CD  7B  01  00  00  00  E3  1A  1B  8D  05  00  00  00  FF  FF  FF  FF  04  00  
00  00  02  00  00  00  6D  33  10  00  03  00  00  00  E3  07  02  19  12  2A  02  00  01  00  12  
00  6D  34  14  00  03  00  00  00  02  3D  00  03  00  EA  3B  FF  FF  17  10  04  00  29  DE  07  
00  6D  35  0C  00  03  00  00  00  2A  8D  01  00  A5  12  07  00  41  53  4A  A5  47  4E  00  00  
6E  88  02  00  00  00  00  00  00  00  28  01  6D  15  14  00  02  01  00  00  03  04  03  00  00  
00  00  00  00  00  00  00  00  00  00  00  6D  16  10  00  03  00  00  00  E3  07  02  19  12  2A  
02  00  62  02  00  00  6D  21  1C  00  03  00  00  00  E4  FD  FF  FF  20  00  00  00  BE  FF  FF  
FF  F4  FF  FF  FF  EF  FF  FF  FF  3B  00  00  00  6D  22  10  00  03  00  00  00  38  FE  FF  FF  
26  02  00  00  C2  06  00  00  6D  23  14  00  03  00  00  00  5E  72  AE  76  FE  55  03  FD  3C  
61  08  03  8F  AE  5D  0A  6D  24  24  00  02  00  00  00  00  00  00  00  00  00  00  00  00  00  
00  00  00  00  00  00  00  00  00  00  00  00  00  00  00  00  00  00  00  00  00  00  6D  31  20  
00  03  00  00  00  36  92  FF  FF  31  96  FF  FF  28  F5  00  00  8E  C9  07  00  7D  4F  06  00  
90  47  70  FF  CD  61  07  00  6D  32  24  00  03  00  00  00  62  79  07  02  19  12  2A  02  00  
01  00  12  00  6D  34  14  00  03  00  00  00  0E  50  03  00  D2  30  FF  FF  C4  1F  04  00  9A  
E0  07  00  6D  35  0C  00  03  00  00  00  29  8D  01  00  8C  12  07  00  41  53  3D  6A  47  4E  
00  00  6F  88  02  00  00  00  00  00  00  00  28  01  6D  15  14  00  02  01  00  00  03  04  03  
00  00  00  00  00  00  00  00  00  00  00  00  00  6D  16  10  00  03  00  00  00  E3  07  02  19  
12  2A  02  00  6C  02  00  00  6D  21  1C  00  03  00  00  00  82  FF  FF  FF  EB  FF  FF  FF  E3  
FF  FF  FF  FF  FF  FF  FF  03  00  00  00  2D  00  00  00  6D  22  10  00  03  00  00  00  38  FE  
FF  FF  26  02  00  00  C2  06  00  00  6D  23  14  00  03  00  00  00  A6  73  AE  76  27  21  03  
FD  0E  50  08  03  B3  95  5D  0A  6D  24  24  00  02  00  00  00  00  00  00  00  00  00  00  00  
00  00  00  00  00  00  00  00  00  00  00  00  00  00  00  00  00  00  00  00  00  00  00  00  6D  
31  20  00  03  00  00  00  0A  34  00  00  D6  81  FF  FF  0F  04  01  00  AA  F5  07  00  B9  9E  
06  00  CC  0F  70  FF  36  62  07  00  6D  32  24  00  03  00  00  00  62  79  0B  00  B3  08  CD  
7B  01  00  00  00  E3  1A  1B  8D  05  00  00  00  FF  FF  FF  FF  04  00  00  00  02  00  00  00  
6D  33  10  00  03  00  00  00  E3  07  02  19  12  2A  02  00  01  00  12  00  6D  34  14  00  03  
00  00  00  5B  5F  03  00  9A  38  FF  FF  20  3B  04  00  65  D4  07  00  6D  35  0C  00  03  00  
00  00  24  8D  01  00  BE  12  07  00  41  53  85  A0  47  4E  00  00  70  88  02  00  00  00  00  
00  00  00  28  01  6D  15  14  00  02  01  00  00  03  04  03  00  00  00  00  00  00  00  00  00  
00  00  00  00  6D  16  10  00  03  00  00  00  E3  07  02  19  12  2A  02  00  76  02  00  00  6D  
21  1C  00  03  00  00  00  F7  01  00  00  C5  FF  FF  FF  4B  00  00  00  F0  FF  FF  FF  0A  00  
00  00  45  00  00  00  6D  22  10  00  03  00  00  00  39  FE  FF  FF  26  02  00  00  C2  06  00  
00  6D  23  14  00  03  00  00  00  E9  77  AE  76  14  E3  03  FD  61  46  08  03  98  9F  5D  0A  
6D  24  24  00  02  00  00  00  00  00  00  00  00  00  00  00  00  00  00  00  00  00  00  00  00  
00  00  00  00  00  00  00  00  00  00  00  00  00  00  00  6D  31  20  00  03  00  00  00  84  29  
01  00  D9  72  FF  FF  A1  2C  01  00  ED  BA  07  00  3D  B8  06  00  E3  6E  70  FF  FA  61  07  
00  6D  32  24  00  03  00  00  00  62  79  0B  00  B3  08  CD  7B  01  00  00  00  E3  1A  1B  8D  
05  00  00  00  FF  FF  FF  FF  04  00  00  00  02  E3  07  02  19  12  2A  02  00  01  00  12  00  
6D  34  14  00  03  00  00  00  49  48  03  00  64  38  FF  FF  55  2F  04  00  04  F9  07  00  6D  
35  0C  00  03  00  00  00  28  8D  01  00  3B  13  07  00  41  53  02  AA  47  4E  00  00  71  88  
02  00  00  00  00  00  00  00  28  01  6D  15  14  00  02  01  00  00  03  04  03  00  00  00  00  
00  00  00  00  00  00  00  00  00  6D  16  10  00  03  00  00  00  E3  07  02  19  12  2A  02  00  
80  02  00  00  6D  21  1C  00  03  00  00  00  FE  FD  FF  FF  D0  FF  FF  FF  AF  FF  FF  FF  01  
00  00  00  06  00  00  00  34  00  00  00  6D  22  10  00  03  00  00  00  38  FE  FF  FF  26  02  
00  00  C2  06  00  00  6D  23  14  00  03  00  00  00  64  77  AE  76  63  17  03  FD  07  1D  08  
03  F6  76  5D  0A  6D  24  24  00  02  00  00  00  00  00  00  00  00  00  00  00  00  00  00  00  
00  00  00  00  00  00  00  00  00  00  00  00  00  00  00  00  00  00  00  00  6D  31  20  00  03  
00  00  00  8D  9C  FF  FF  2A  77  FF  FF  F5  EF  00  00  5F  FC  07  00  49  AA  06  00  FE  2D  
70  FF  72  62  07  00  6D  32  24  00  03  00  00  00  62  79  0B  00  B3  08  CD  7B  01  00  00  
00  E3  1A  1B  8D  05  00  00  00  FF  FF  FF  FF  04  00  00  00  02  00  00  00  6D  33  10  00  
03  00  00  00  E3  07  02  19  12  2A  02  00  01  00  12  00  6D  34  14  00  03  00  00  00  CC  
24  03  00  72  16  FF  FF  5E  52  04  00  04  F9  07  00  6D  35  0C  00  03  00  00  00  2D  8D  
01  00  8C  12  07  00  41  53  E6  60  47  4E  00  00  72  88  02  00  00  00  00  00  00  00  28  
01  6D  15  14  00  02  01  00  00  03  04  03  00  00  00  00  00  00  00  00  00  00  00  00  00  
6D  16  10  00  03  00  00  00  E3  07  02  19  12  2A  02  00  8A  02  00  00  6D  21  1C  00  03  
00  00  00  25  FF  FF  FF  98  00  00  00  BB  FF  FF  FF  F8  FF  FF  FF  F9  FF  FF  FF  5D  00  
00  00  6D  22  10  00  03  00  00  00  38  FE  FF  FF  26  02  00  00  C2  06  00  00  6D  23  14  
00  03  00  00  00  50  77  AE  76  32  B7  02  FD  BE  4B  08  03  77  4E  5D  0A  6D  24  24  00  
02  00  00  00  00  00  00  00  00  00  00  00  00  00  00  00  00  00  00  00  00  00  00  00  00  
00  00  00  00  00  00  00  00  00  00  00  6D  31  20  00  03  00  00  00  A3  0F  00  00  19  C5  
FF  FF  6C  F4  00  00  41  D9  07  00  44  77  06  00  BF  CB  70  FF  7B  61  07  00  6D  32  24  
00  03  00  00  00  62  79  0B  00  B3  08  CD  7B  01  00  00  00  E3  1A  1B  8D  05  00  00  00  
FF  FF  FF  FF  04  00  00  00  E3  07  02  19  12  2A  02  00  01  00  12  00  6D  34  14  00  03  
00  00  00  04  29  03  00  68  38  FF  FF  47  56  04  00  40  EF  07  00  6D  35  0C  00  03  00  
00  00  2A  8D  01  00  BE  12  07  00  41  53  DE  CA  47  4E  00  00  73  88  02  00  00  00  00  
00  00  00  28  01  6D  15  14  00  02  01  00  00  03  04  03  00  00  00  00  00  00  00  00  00  
00  00  00  00  6D  16  10  00  03  00  00  00  E3  07  02  19  12  2A  02  00  94  02  00  00  6D  
21  1C  00  03  00  00  00  14  00  00  00  14  00  00  00  5A  00  00  00  F4  FF  FF  FF  02  00  
00  00  5C  00  00  00  6D  22  10  00  03  00  00  00  38  FE  FF  FF  26  02  00  00  C2  06  00  
00  6D  23  14  00  03  00  00  00  71  75  AE  76  E5  BA  02  FD  E7  50  08  03  69  63  5D  0A  
6D  24  24  00  02  00  00  00  00  00  00  00  00  00  00  00  00  00  00  00  00  00  00  00  00  
00  00  00  00  00  00  00  00  00  00  00  00  00  00  00  6D  31  20  00  03  00  00  00  2A  6D  
00  00  A4  91  FF  FF  BA  32  01  00  7F  C8  07  00  DA  99  06  00  7F  C9  70  FF  36  62  07  
00  6D  32  24  00  03  00  00  00  62  79  0B  00  B3  08  CD  7B  01  00  00  00  E3  1A  1B  8D  
05  00  00  00  FF  FF  FF  FF  04  00  00  00  02  00  00  00  6D  33  10  00  03  00  00  00  E3  
07  02  19  12  2A  02  00  01  00  12  00  6D  34  14  00  03  00  00  00  11  39  03  00  AD  65  
FF  FF  83  4E  04  00  7C  E5  07  00  6D  35  0C  00  03  00  00  00  2D  8D  01  00  F0  12  07  
00  41  53  50  3F  47  4E  00  00  74  88  02  00  00  00  00  00  00  00  28  01  6D  15  14  00  
02  01  00  00  03  04  03  00  00  00  00  00  00  00  00  00  00  00  00  00  6D  16  10  00  03  
00  00  00  E3  07  02  19  12  2A  02  00  9E  02  00  00  6D  21  1C  00  03  00  00  00  C6  FF  
FF  FF  48  00  00  00  D5  FF  FF  FF  F2  FF  FF  FF  F2  FF  FF  FF  41  00  00  00  6D  22  10  
00  03  00  00  00  38  FE  FF  FF  26  02  00  00  C2  06  00  00  6D  23  14  00  03  00  00  00  
E2  76  AE  76  0A  9D  02  FD  22  66  08  03  1D  44  5D  0A  6D  24  24  00  02  00  00  00  00  
00  00  00  00  00  00  00  00  00  00  00  00  00  00  00  00  00  00  00  00  00  00  00  00  00  
00  00  00  00  00  00  6D  31  20  00  03  00  00  00  86  4E  00  00  0A  A6  FF  FF  AB  FE  00  
00  D8  C2  07  00  88  5B  06  00  A1  5E  70  FF  DE  60  07  00  6D  32  24  00  03  00  00  00  
90  78  0B  00  C5  08  CD  7B  01  00  00  00  F5  1A  1B  8D  05  00  00  00  04  00  00  00  FF  
FF  FF  FF  00  E3  07  02  19  12  2A  02  00  01  00  12  00  6D  34  14  00  03  00  00  00  F8  
66  03  00  37  0B  FF  FF  3A  10  04  00  E4  AA  07  00  6D  35  0C  00  03  00  00  00  2E  8D  
01  00  8C  12  07  00  41  53  53  6B  47  4E  00  00  75  88  02  00  00  00  00  00  00  00  28  
01  6D  15  14  00  02  01  00  00  03  04  03  00  00  00  00  00  00  00  00  00  00  00  00  00  
6D  16  10  00  03  00  00  00  E3  07  02  19  12  2A  02  00  A8  02  00  00  6D  21  1C  00  03  
00  00  00  80  00  00  00  DB  00  00  00  08  00  00  00  05  00  00  00  F9  FF  FF  FF  39  00  
00  00  6D  22  10  00  03  00  00  00  38  FE  FF  FF  27  02  00  00  C2  06  00  00  6D  23  14  
00  03  00  00  00  D5  76  AE  76  62  C3  02  FD  91  BB  08  03  BB  36  5D  0A  6D  24  24  00  
02  00  00  00  00  00  00  00  00  00  00  00  00  00  00  00  00  00  00  00  00  00  00  00  00  
00  00  00  00  00  00  00  00  00  00  00  6D  31  20  00  03  00  00  00  FE  96  00  00  82  DF  
FF  FF  E3  12  01  00  82  0A  08  00  17  77  06  00  9C  40  70  FF  54  62  07  00  6D  32  24  
00  03  00  00  00  90  78  0B  00  C5  08  CD  7B  01  00  00  00  F5  1A  1B  8D  05  00  00  00  
04  00  00  00  FF  FF  FF  FF  02  00  00  00  6D  33  10  00  03  00  00  00  E3  07  02  19  12  
2A  02  00  01  00  12  00  6D  34  14  00  03  00  00  00  5D  44  03  00  06  2D  FF  FF  84  27  
04  00  30  C8  07  00  6D  35  0C  00  03  00  00  00  2A  8D  01  00  8C  12  07  00  41  53  0A  
B0  47  4E  00  00  76  88  02  00  00  00  00  00  00  00  28  01  6D  15  14  00  02  01  00  00  
03  04  03  00  00  00  00  00  00  00  00  00  00  00  00  00  6D  16  10  00  03  00  00  00  E3  
07  02  19  12  2A  02  00  B2  02  00  00  6D  21  1C  00  03  00  00  00  9E  FE  FF  FF  DD  FF  
FF  FF  76  00  00  00  F7  FF  FF  FF  F6  FF  FF  FF  46  00  00  00  6D  22  10  00  03  00  00  
00  38  FE  FF  FF  27  02  00  00  C2  06  00  00  6D  23  14  00  03  00  00  00  BC  70  AE  76  
8B  38  02  FD  73  9F  08  03  BA  5C  5D  0A  6D  24  24  00  02  00  00  00  00  00  00  00  00  
00  00  00  00  00  00  00  00  00  00  00  00  00  00  00  00  00  00  00  00  00  00  00  00  00  
00  00  6D  31  20  00  03  00  00  00  B9  DA  FF  FF  A4  7C  FF  FF  EB  3D  01  00  E4  D6  07  
00  76  6D  06  00  64  71  70  FF  97  62  07  00  6D  32  24  00  03  00  00  00  90  78  0B  00  
C5  08  CD  7B  01  00  00  00  F5  1A  1B  8D  05  00  00  00  04  00  00  00  FF  FF  FF  00  00  
00  E3  07  02  19  12  2A  02  00  01  00  12  00  6D  34  14  00  03  00  00  00  5E  50  03  00  
BB  65  FF  FF  F9  3E  04  00  5E  EA  07  00  6D  35  0C  00  03  00  00  00  26  8D  01  00  8C  
12  07  00  41  53  BE  FD  47  4E  00  00  77  88  02  00  00  00  00  00  00  00  28  01  6D  15  
14  00  02  01  00  00  03  04  03  00  00  00  00  00  00  00  00  00  00  00  00  00  6D  16  10  
00  03  00  00  00  E3  07  02  19  12  2A  02  00  BC  00  02  00  00  6D  21  1C  00  03  00  00  
00  11  03  00  00  AA  FF  FF  FF  49  00  00  00  0F  00  00  00  0C  00  00  00  32  00  00  00  
6D  22  10  00  03  00  00  00  39  FE  FF  FF  27  02  00  00  C2  06  00  00  6D  23  14  00  03  
00  00  00  00  CE  77  AE  76  A1  69  03  FD  C4  95  08  03  98  66  5D  0A  6D  24  24  00  02  
00  00  00  00  00  00  00  00  00  00  00  00  00  00  00  00  00  00  00  00  00  00  00  00  00  
00  00  00  00  00  00  00  00  00  00  6D  31  20  00  03  00  00  00  00  38  97  01  00  C3  68  
FF  FF  21  2C  01  00  6A  34  08  00  97  BF  06  00  F5  26  70  FF  2F  62  07  00  6D  32  24  
00  03  00  00  00  90  78  0B  00  C5  08  CD  7B  01  00  00  00  F5  1A  1B  8D  05  00  00  00  
04  00  00  00  00  FF  FF  FF  FF  02  00  00  00  6D  33  10  00  03  00  00  00  E3  07  02  19  
12  2A  02  00  01  00  12  00  6D  34  14  00  03  00  00  00  E9  67  03  00  2C  93  FF  FF  AB  
4E  04  00  C8  02  08  00  6D  35  0C  00  03  00  00  00  2A  8D  01  00  73  12  07  00  41  92  
47  4E  00  00  78  88  02  00  00  00  00  00  00  00  28  01  6D  15  14  00  02  01  00  00  03  
04  03  00  00  00  00  00  00  00  00  00  00  00  00  00  6D  16  10  00  03  00  00  00  E3  07  
02  19  12  2A  02  00  C6  02  00  00  6D  21  1C  00  03  00  00  00  AB  FF  FF  FF  3A  00  00  
00  24  00  00  00  07  00  00  00  FD  FF  FF  FF  34  00  00  00  6D  22  10  00  03  00  00  00  
38  FE  FF  FF  27  02  00  00  C2  06  00  00  6D  23  14  00  03  00  00  00  0D  76  AE  76  8B  
42  03  FD  AA  A6  08  03  75  6A  5D  0A  6D  24  24  00  02  00  00  00  00  00  00  00  00  00  
00  00  00  00  00  00  00  00  00  00  00  00  00  00  00  00  00  00  00  00  00  00  00  00  00  
00  6D  31  20  00  03  00  00  00  9A  43  00  00  01  A1  FF  FF  01  1E  01  00  D1  11  08  00  
66  85  06  00  F0  2D  70  FF  B7  61  07  00  6D  32  24  00  03  00  00  00  90  78  0B  00  C5  
08  CD  7B  01  00  00  00  F5  1A  1B  8D  05  00  00  00  04  00  00  00  FF  FF  FF  00  00  00  
E3  07  02  19  12  2A  02  00  01  00  12  00  6D  34  14  00  03  00  00  00  D2  75  03  00  80  
FC  FE  FF  1D  3F  04  00  50  16  08  00  6D  35  0C  00  03  00  00  00  2A  8D  01  00  5A  12  
07  00  41  53  CB  19  47  4E  00  00  79  88  02  00  00  00  00  00  00  00  28  01  6D  15  14  
00  02  01  00  00  03  04  03  00  00  00  00  00  00  00  00  00  00  00  00  00  6D  16  10  00  
03  00  00  00  E3  07  02  19  12  2A  02  00  D0  00  02  00  00  6D  21  1C  00  03  00  00  00  
AE  FD  FF  FF  42  01  00  00  A0  FF  FF  FF  05  00  00  00  0A  00  00  00  27  00  00  00  6D  
22  10  00  03  00  00  00  38  FE  FF  FF  27  02  00  00  C2  06  00  00  6D  23  14  00  03  00  
00  00  00  18  71  AE  76  5C  4B  02  FD  17  0C  09  03  3B  3E  5D  0A  6D  24  24  00  02  00  
00  00  00  00  00  00  00  00  00  00  00  00  00  00  00  00  00  00  00  00  00  00  00  00  00  
00  00  00  00  00  00  00  00  00  6D  31  20  00  03  00  00  00  00  EB  7C  FF  FF  64  08  00  
00  6B  EA  00  00  E6  0C  08  00  AA  BA  06  00  92  F8  6F  FF  79  62  07  00  6D  32  24  00  
03  00  00  00  90  78  0B  00  C5  08  CD  7B  01  00  00  00  F5  1A  1B  8D  05  00  00  00  04  
00  00  00  00  FF  FF  FF  FF  02  00  00  00  6D  33  10  00  03  00  00  00  E3  07  02  19  12  
2A  02  00  01  00  12  00  6D  34  14  00  03  00  00  00  0D  48  03  00  FA  1D  FF  FF  88  27  
04  00  12  CD  07  00  6D  35  0C  00  03  00  00  00  2A  8D  01  00  D7  12  07  00  41  5F  47  
4E  00  00  7A  88  02  00  00  00  00  00  00  00  28  01  6D  15  14  00  02  01  00  00  03  04  
03  00  00  00  00  00  00  00  00  00  00  00  00  00  6D  16  10  00  03  00  00  00  E3  07  02  
19  12  2A  02  00  DA  02  00  00  6D  21  1C  00  03  00  00  00  E1  FF  FF  FF  11  00  00  00  
9E  FF  FF  FF  0D  00  00  00  F7  FF  FF  FF  40  00  00  00  6D  22  10  00  03  00  00  00  38  
FE  FF  FF  27  02  00  00  C1  06  00  00  6D  23  14  00  03  00  00  00  A8  74  AE  76  44  39  
02  FD  7D  0E  09  03  7F  0F  5D  0A  6D  24  24  00  02  00  00  00  00  00  00  00  00  00  00  
00  00  00  00  00  00  00  00  00  00  00  00  00  00  00  00  00  00  00  00  00  00  00  00  00  
6D  31  20  00  03  00  00  00  E6  58  00  00  66  91  FF  FF  BB  E9  00  00  A0  2D  08  00  75  
70  06  00  65  5C  70  FF  CD  61  07  00  6D  32  24  00  03  00  00  00  90  78  0B  00  C5  08  
CD  7B  01  00  00  00  F5  1A  1B  8D  05  00  00  00  04  00  00  00  FF  FF  FF  00  E3  07  02  
19  12  2A  02  00  01  00  12  00  6D  34  14  00  03  00  00  00  9A  40  03  00  14  4F  FF  FF  
C0  46  04  00  F4  D1  07  00  6D  35  0C  00  03  00  00  00  2A  8D  01  00  A5  12  07  00  41  
53  90  40  47  4E  00  00  7B  88  02  00  00  00  00  00  00  00  28  01  6D  15  14  00  02  01  
00  00  03  04  03  00  00  00  00  00  00  00  00  00  00  00  00  00  6D  16  10  00  03  00  00  
00  E3  07  02  19  12  2A  02  00  E4  02  00  00  6D  21  1C  00  03  00  00  00  15  01  00  00  
D0  FF  FF  FF  C4  FF  FF  FF  03  00  00  00  ED  FF  FF  FF  29  00  00  00  6D  22  10  00  03  
00  00  00  38  FE  FF  FF  27  02  00  00  C1  06  00  00  6D  23  14  00  03  00  00  00  47  7A  
AE  76  EE  A1  02  FD  40  03  09  03  A4  F0  5C  0A  6D  24  24  00  02  00  00  00  00  00  00  
00  00  00  00  00  00  00  00  00  00  00  00  00  00  00  00  00  00  00  00  00  00  00  00  00  
00  00  00  00  6D  31  20  00  03  00  00  00  C2  D0  00  00  E3  77  FF  FF  D1  F8  00  00  19  
06  08  00  9B  4A  06  00  10  02  70  FF  CC  62  07  00  6D  32  24  00  03  00  00  00  90  78  
0B  00  C5  08  CD  7B  01  00  00  00  F5  1A  1B  8D  05  00  00  00  04  00  00  00  FF  FF  FF  
FF  02  00  00  00  6D  33  10  00  03  00  00  00  E3  07  02  19  12  2A  02  00  01  00  12  00  
6D  34  14  00  03  00  00  00  69  48  03  00  05  75  FF  FF  D4  6D  04  00  40  EF  07  00  6D  
35  0C  00  03  00  00  00  26  8D  01  00  BE  12  07  00  41  53  D4  D2  47  4E  00  00  7C  88  
02  00  00  00  00  00  00  00  28  01  6D  15  14  00  02  01  00  00  03  04  03  00  00  00  00  
00  00  00  00  00  00  00  00  00  6D  16  10  00  03  00  00  00  E3  07  02  19  12  2A  02  00  
EE  02  00  00  6D  21  1C  00  03  00  00  00  B1  FD  FF  FF  7A  00  00  00  50  FF  FF  FF  F5  
FF  FF  FF  01  00  00  00  4A  00  00  00  6D  22  10  00  03  00  00  00  37  FE  FF  FF  27  02  
00  00  C1  06  00  00  6D  23  14  00  03  00  00  00  B0  79  AE  76  D4  B1  01  FD  72  1B  09  
03  F9  AA  5C  0A  6D  24  24  00  02  00  00  00  00  00  00  00  00  00  00  00  00  00  00  00  
00  00  00  00  00  00  00  00  00  00  00  00  00  00  00  00  00  00  00  00  6D  31  20  00  03  
00  00  00  96  7D  FF  FF  62  BA  FF  FF  63  CB  00  00  CE  CD  07  00  30  9A  06  00  C2  83  
70  FF  8A  61  07  00  6D  32  24  00  03  00  00  00  90  78  0B  00  C5  08  CD  7B  01  00  00  
00  F5  1A  1B  8D  05  00  00  00  04  00  00  00  FF  FF  FF  00  00  00  E3  07  02  19  12  2A  
02  00  01  00  12  00  6D  34  14  00  03  00  00  00  0C  67  03  00  AC  38  FF  FF  0E  3F  04  
00  40  EF  07  00  6D  35  0C  00  03  00  00  00  24  8D  01  00  8C  12  07  00  41  53  BF  EF  
47  4E  00  00  7D  88  02  00  00  00  00  00  00  00  28  01  6D  15  14  00  02  01  00  00  03  
04  03  00  00  00  00  00  00  00  00  00  00  00  00  00  6D  16  10  00  03  00  00  00  E3  07  
02  19  12  2A  02  00  F8  00  02  00  00  6D  21  1C  00  03  00  00  00  10  FD  FF  FF  1D  00  
00  00  1B  FF  FF  FF  05  00  00  00  F5  FF  FF  FF  3C  00  00  00  6D  22  10  00  03  00  00  
00  37  FE  FF  FF  27  02  00  00  C1  06  00  00  6D  23  14  00  03  00  00  00  00  45  7A  AE  
76  CC  85  00  FD  3C  09  09  03  E7  52  5C  0A  6D  24  24  00  02  00  00  00  00  00  00  00  
00  00  00  00  00  00  00  00  00  00  00  00  00  00  00  00  00  00  00  00  00  00  00  00  00  
00  00  00  6D  31  20  00  03  00  00  00  00  B4  3E  FF  FF  0B  96  FF  FF  DA  B6  00  00  F2  
0E  08  00  45  6B  06  00  4B  4C  70  FF  C4  62  07  00  6D  32  24  00  03  00  00  00  4A  78  
0B  00  B3  08  CD  7B  01  00  00  00  29  1B  1B  8D  05  00  00  00  FD  FF  FF  00  FF  FF  FF  
FF  FF  02  00  00  00  6D  33  10  00  03  00  00  00  E3  07  02  19  12  2A  02  00  01  00  12  
00  6D  34  14  00  03  00  00  00  EB  66  03  00  5F  2D  FF  FF  0E  3F  04  00  47  D9  07  00  
6D  35  0C  00  03  00  00  00  2B  8D  01  00  8C  12  07  00  41  C5  47  4E  00  00  7E  88  02  
00  00  00  00  00  00  00  28  01  6D  15  14  00  02  01  00  00  03  04  03  00  00  00  00  00  
00  00  00  00  00  00  00  00  6D  16  10  00  03  00  00  00  E3  07  02  19  12  2A  02  00  02  
03  00  00  6D  21  1C  00  03  00  00  00  4A  01  00  00  05  00  00  00  57  00  00  00  F1  FF  
FF  FF  EF  FF  FF  FF  40  00  00  00  6D  22  10  00  03  00  00  00  37  FE  FF  FF  27  02  00  
00  C1  06  00  00  6D  23  14  00  03  00  00  00  EE  7A  AE  76  7A  03  01  FD  90  15  09  03  
1A  6C  5C  0A  6D  24  24  00  02  00  00  00  00  00  00  00  00  00  00  00  00  00  00  00  00  
00  00  00  00  00  00  00  00  00  00  00  00  00  00  00  00  00  00  00  6D  31  20  00  03  00  
00  00  69  E5  00  00  B1  8C  FF  FF  24  32  01  00  F2  BF  07  00  40  56  06  00  26  5A  70  
FF  2F  62  07  00  6D  32  24  00  03  00  00  00  4A  78  0B  00  B3  08  CD  7B  01  00  00  00  
29  1B  1B  8D  05  00  00  00  FD  FF  FF  FF  FF  FF  FF  03  00  00  00  E3  07  02  19  12  2A  
02  00  01  00  12  00  6D  34  14  00  03  00  00  00  7E  40  03  00  F7  3F  FF  FF  EC  3E  04  
00  20  A1  07  00  6D  35  0C  00  03  00  00  00  28  8D  01  00  8C  12  07  00  41  53  91  14  
47  4E  00  00  7F  88  02  00  00  00  00  00  00  00  28  01  6D  15  14  00  02  01  00  00  03  
04  03  00  00  00  00  00  00  00  00  00  00  00  00  00  6D  16  10  00  03  00  00  00  E3  07  
02  19  12  2A  02  00  00  0C  03  00  00  6D  21  1C  00  03  00  00  00  DE  00  00  00  EA  FF  
FF  FF  D1  00  00  00  0D  00  00  00  E9  FF  FF  FF  53  00  00  00  6D  22  10  00  03  00  00  
00  37  FE  FF  FF  27  02  00  00  C1  06  00  00  6D  23  14  00  03  00  00  00  00  66  76  AE  
76  22  5A  01  FD  F4  15  09  03  EC  B8  5C  0A  6D  24  24  00  02  00  00  00  00  00  00  00  
00  00  00  00  00  00  00  00  00  00  00  00  00  00  00  00  00  00  00  00  00  00  00  00  00  
00  00  00  6D  31  20  00  00  03  00  00  00  4E  BB  00  00  54  82  FF  FF  5D  61  01  00  F3  
2A  08  00  FB  3C  06  00  80  A4  70  FF  2F  62  07  00  6D  32  24  00  03  00  00  00  4A  78  
0B  00  B3  08  CD  7B  01  00  00  00  29  1B  1B  8D  05  00  00  00  FD  FF  00  FF  FF  FF  FF  
FF  FF  02  00  00  00  6D  33  10  00  03  00  00  00  E3  07  02  19  12  2A  02  00  01  00  12  
00  6D  34  14  00  03  00  00  00  1C  1A  03  00  53  56  FF  FF  C9  3E  04  00  4C  70  07  00  
6D  35  0C  00  03  00  00  00  26  8D  01  00  D7  12  07  00  7A  47  4E  00  00  80  88  02  00  
AA  AA  AA  AA  00  00  28  01  6D  15  14  00  02  01  00  00  03  04  03  00  00  00  00  00  00  
00  00  00  00  00  00  00  6D  16  10  00  03  00  00  00  E3  07  02  19  12  2A  02  00  16  03  
00  00  6D  21  1C  00  03  00  00  00  3F  00  00  00  A3  00  00  00  E1  FF  FF  FF  FC  FF  FF  
FF  03  00  00  00  68  00  00  00  6D  22  10  00  03  00  00  00  37  FE  FF  FF  27  02  00  00  
C1  06  00  00  6D  23  14  00  03  00  00  00  9C  76  AE  76  74  6A  01  FD  6D  56  09  03  59  
A8  5C  0A  6D  24  24  00  02  00  00  00  00  00  00  00  00  00  00  00  00  00  00  00  00  00  
00  00  00  00  00  00  00  00  00  00  00  00  00  00  00  00  00  00  6D  31  20  00  03  00  00  
00  24  7D  00  00  97  CA  FF  FF  78  03  01  00  58  EB  07  00  6A  A3  06  00  D8  F7  70  FF  
EB  61  07  00  6D  32  24  00  03  00  00  00  4A  78  0B  00  B3  08  CD  7B  01  00  00  00  29  
1B  1B  8D  05  00  00  00  FD  FF  FF  FF  FF  FF  FF  03  00  00  00  E3  07  02  19  12  2A  02  
00  01  00  12  00  6D  34  14  00  03  00  00  00  DC  38  03  00  73  47  FF  FF  E5  3E  04  00  
D4  83  07  00  6D  35  0C  00  03  00  00  00  26  8D  01  00  A5  12  07  00  41  53  5C  49  47  
4E  00  00  81  88  02  00  02  03  90  01  00  00  28  01  6D  15  14  00  02  01  00  00  03  04  
03  00  00  00  00  00  00  00  00  00  00  00  00  00  6D  16  10  00  03  00  00  00  E3  07  02  
19  12  2A  02  00  00  20  03  00  00  6D  21  1C  00  03  00  00  00  E2  FE  FF  FF  6E  00  00  
00  25  00  00  00  EA  FF  FF  FF  E9  FF  FF  FF  6A  00  00  00  6D  22  10  00  03  00  00  00  
37  FE  FF  FF  27  02  00  00  C1  06  00  00  6D  23  14  00  03  00  00  00  00  A1  71  AE  76  
D8  F5  00  FD  CC  76  09  03  35  B6  5C  0A  6D  24  24  00  02  00  00  00  00  00  00  00  00  
00  00  00  00  00  00  00  00  00  00  00  00  00  00  00  00  00  00  00  00  00  00  00  00  00  
00  00  6D  31  20  00  00  03  00  00  00  B1  F4  FF  FF  D5  B5  FF  FF  37  1E  01  00  13  A5  
07  00  FB  3B  06  00  26  FF  70  FF  53  63  07  00  6D  32  24  00  03  00  00  00  4A  78  0B  
00  B3  08  CD  7B  01  00  00  00  29  1B  1B  8D  05  00  00  00  FD  FF  00  FF  FF  FF  FF  FF  
FF  02  00  00  00  6D  33  10  00  03  00  00  00  E3  07  02  19  12  2A  02  00  01  00  12  00  
6D  34  14  00  03  00  00  00  10  50  03  00  F6  52  FF  FF  B0  4A  04  00  6C  BE  07  00  6D  
35  0C  00  03  00  00  00  27  8D  01  00  BE  12  07  00  2A  47  4E  00  00  82  88  02  00  04  
00  01  00  00  00  28  01  6D  15  14  00  02  01  00  00  03  04  03  00  00  00  00  00  00  00  
00  00  00  00  00  00  6D  16  10  00  03  00  00  00  E3  07  02  19  12  2A  02  00  2A  03  00  
00  6D  21  1C  00  03  00  00  00  3F  00  00  00  15  FF  FF  FF  17  00  00  00  02  00  00  00  
E5  FF  FF  FF  53  00  00  00  6D  22  10  00  03  00  00  00  37  FE  FF  FF  27  02  00  00  C1  
06  00  00  6D  23  14  00  03  00  00  00  20  74  AE  76  52  15  01  FD  0A  1C  09  03  4B  BD  
5C  0A  6D  24  24  00  02  00  00  00  00  00  00  00  00  00  00  00  00  00  00  00  00  00  00  
00  00  00  00  00  00  00  00  00  00  00  00  00  00  00  00  00  6D  31  20  00  03  00  00  00  
1C  7D  00  00  23  2F  FF  FF  D2  18  01  00  CD  00  08  00  A0  2E  06  00  90  A4  70  FF  AE  
62  07  00  6D  32  24  00  03  00  00  00  4A  78  0B  00  B3  08  CD  7B  01  00  00  00  29  1B  
1B  8D  05  00  00  00  FD  FF  FF  FF  FF  FF  FF  33  10  00  03  00  00  00  E3  07  02  19  12  
2A  02  00  01  00  12  00  6D  34  14  00  03  00  00  00  D7  40  03  00  1A  5E  FF  FF  EC  3E  
04  00  6C  BE  07  00  6D  35  0C  00  03  00  00  00  2A  8D  01  00  D7  12  07  00  41  53  E0  
FA  47  4E  00  00  83  88  02  00  C0  C6  2D  00  00  00  28  01  6D  15  14  00  02  01  00  00  
03  04  03  00  00  00  00  00  00  00  00  00  00  00  00  00  6D  16  10  00  03  00  00  00  E3  
07  02  19  12  00  2A  02  00  34  03  00  00  6D  21  1C  00  03  00  00  00  1D  FD  FF  FF  44  
00  00  00  A2  FF  FF  FF  12  00  00  00  00  00  00  00  3D  00  00  00  6D  22  10  00  03  00  
00  00  36  FE  FF  FF  27  02  00  00  C1  06  00  00  6D  23  14  00 
